/Users/martinho/Library/Python/3.9/lib/python/site-packages/urllib3/__init__.py:35: NotOpenSSLWarning: urllib3 v2 only supports OpenSSL 1.1.1+, currently the 'ssl' module is compiled with 'LibreSSL 2.8.3'. See: https://github.com/urllib3/urllib3/issues/3020
  warnings.warn(
[2026-05-05 16:39:14,043] MacBook-Air-de-Nuno/WARNING/locust.main: Python 3.9 support is deprecated and will be removed soon
Type     Name                                                                          # reqs      # fails |    Avg     Min     Max    Med |   req/s  failures/s
--------|----------------------------------------------------------------------------|-------|-------------|-------|-------|-------|-------|--------|-----------
--------|----------------------------------------------------------------------------|-------|-------------|-------|-------|-------|-------|--------|-----------
         Aggregated                                                                         0     0(0.00%) |      0       0       0      0 |    0.00        0.00

Type     Name                                                                          # reqs      # fails |    Avg     Min     Max    Med |   req/s  failures/s
--------|----------------------------------------------------------------------------|-------|-------------|-------|-------|-------|-------|--------|-----------
GET      /cart                                                                              8     0(0.00%) |     22      15      28     17 |    0.00        0.00
POST     /cart [add]                                                                        4     0(0.00%) |     24      17      36     20 |    0.00        0.00
POST     /cart/checkout                                                                     2     0(0.00%) |     21      17      25     17 |    0.00        0.00
GET      /product/[id]                                                                     11     0(0.00%) |     19      11      31     18 |    0.00        0.00
POST     /setCurrency                                                                       1     0(0.00%) |     47      47      47     47 |    0.00        0.00
--------|----------------------------------------------------------------------------|-------|-------------|-------|-------|-------|-------|--------|-----------
         Aggregated                                                                        26     0(0.00%) |     22      11      47     18 |    0.00        0.00

Type     Name                                                                          # reqs      # fails |    Avg     Min     Max    Med |   req/s  failures/s
--------|----------------------------------------------------------------------------|-------|-------------|-------|-------|-------|-------|--------|-----------
GET      /                                                                                  1     0(0.00%) |     20      20      20     20 |    0.00        0.00
GET      /cart                                                                             14     0(0.00%) |     17       9      28     16 |    4.00        0.00
POST     /cart [add]                                                                       10     0(0.00%) |     21      14      36     20 |    0.00        0.00
POST     /cart/checkout                                                                     5     0(0.00%) |     18      13      25     17 |    0.00        0.00
GET      /product/[id]                                                                     44     0(0.00%) |     15       9      31     14 |    4.00        0.00
POST     /setCurrency                                                                       2     0(0.00%) |     37      26      47     26 |    0.00        0.00
--------|----------------------------------------------------------------------------|-------|-------------|-------|-------|-------|-------|--------|-----------
         Aggregated                                                                        76     0(0.00%) |     17       9      47     15 |    8.00        0.00

Type     Name                                                                          # reqs      # fails |    Avg     Min     Max    Med |   req/s  failures/s
--------|----------------------------------------------------------------------------|-------|-------------|-------|-------|-------|-------|--------|-----------
GET      /                                                                                  3     0(0.00%) |     19      16      22     20 |    0.25        0.00
GET      /cart                                                                             29     0(0.00%) |     14       8      28     12 |    3.50        0.00
POST     /cart [add]                                                                       27     0(0.00%) |     17      12      36     16 |    2.50        0.00
POST     /cart/checkout                                                                    12     0(0.00%) |     16      13      25     16 |    1.25        0.00
GET      /product/[id]                                                                     82     0(0.00%) |     13       8      31     12 |   11.00        0.00
POST     /setCurrency                                                                       9     0(0.00%) |     22      15      47     18 |    0.50        0.00
--------|----------------------------------------------------------------------------|-------|-------------|-------|-------|-------|-------|--------|-----------
         Aggregated                                                                       162     0(0.00%) |     14       8      47     14 |   19.00        0.00

Type     Name                                                                          # reqs      # fails |    Avg     Min     Max    Med |   req/s  failures/s
--------|----------------------------------------------------------------------------|-------|-------------|-------|-------|-------|-------|--------|-----------
GET      /                                                                                  5     0(0.00%) |     18      15      22     20 |    0.50        0.00
GET      /cart                                                                             37     0(0.00%) |     13       7      28     12 |    4.67        0.00
POST     /cart [add]                                                                       44     0(0.00%) |     16      11      36     15 |    4.33        0.00
POST     /cart/checkout                                                                    22     0(0.00%) |     15      12      25     15 |    2.00        0.00
GET      /product/[id]                                                                    148     0(0.00%) |     11       7      31     11 |   13.50        0.00
POST     /setCurrency                                                                      19     0(0.00%) |     19      14      47     18 |    1.50        0.00
--------|----------------------------------------------------------------------------|-------|-------------|-------|-------|-------|-------|--------|-----------
         Aggregated                                                                       275     0(0.00%) |     13       7      47     13 |   26.50        0.00

Type     Name                                                                          # reqs      # fails |    Avg     Min     Max    Med |   req/s  failures/s
--------|----------------------------------------------------------------------------|-------|-------------|-------|-------|-------|-------|--------|-----------
GET      /                                                                                 11     0(0.00%) |     18      13      22     19 |    0.62        0.00
GET      /cart                                                                             50     0(0.00%) |     12       7      28     12 |    4.62        0.00
POST     /cart [add]                                                                       71     0(0.00%) |     16      11      36     15 |    5.38        0.00
POST     /cart/checkout                                                                    34     0(0.00%) |     15      11      25     15 |    2.75        0.00
GET      /product/[id]                                                                    221     0(0.00%) |     11       7      31     10 |   18.12        0.00
POST     /setCurrency                                                                      28     0(0.00%) |     19      14      47     18 |    2.38        0.00
--------|----------------------------------------------------------------------------|-------|-------------|-------|-------|-------|-------|--------|-----------
         Aggregated                                                                       415     0(0.00%) |     13       7      47     13 |   33.88        0.00

Type     Name                                                                          # reqs      # fails |    Avg     Min     Max    Med |   req/s  failures/s
--------|----------------------------------------------------------------------------|-------|-------------|-------|-------|-------|-------|--------|-----------
GET      /                                                                                 13     0(0.00%) |     18      13      22     19 |    1.10        0.00
GET      /cart                                                                             66     0(0.00%) |     12       7      28     10 |    5.00        0.00
POST     /cart [add]                                                                       95     0(0.00%) |     15      10      36     14 |    7.10        0.00
POST     /cart/checkout                                                                    44     0(0.00%) |     15      11      25     15 |    3.40        0.00
GET      /product/[id]                                                                    326     0(0.00%) |     10       7      31     10 |   21.90        0.00
POST     /setCurrency                                                                      41     0(0.00%) |     18      14      47     18 |    2.80        0.00
--------|----------------------------------------------------------------------------|-------|-------------|-------|-------|-------|-------|--------|-----------
         Aggregated                                                                       585     0(0.00%) |     12       7      47     12 |   41.30        0.00

Type     Name                                                                          # reqs      # fails |    Avg     Min     Max    Med |   req/s  failures/s
--------|----------------------------------------------------------------------------|-------|-------------|-------|-------|-------|-------|--------|-----------
GET      /                                                                                 19     0(0.00%) |     17      13      22     17 |    1.30        0.00
GET      /cart                                                                             82     0(0.00%) |     11       7      28     10 |    5.90        0.00
POST     /cart [add]                                                                      129     0(0.00%) |     15      10     104     14 |    9.00        0.00
POST     /cart/checkout                                                                    56     0(0.00%) |     15      11      25     15 |    4.20        0.00
GET      /product/[id]                                                                    437     0(0.00%) |     10       7      36     10 |   31.50        0.00
POST     /setCurrency                                                                      62     0(0.00%) |     18      14      47     18 |    4.00        0.00
--------|----------------------------------------------------------------------------|-------|-------------|-------|-------|-------|-------|--------|-----------
         Aggregated                                                                       785     0(0.00%) |     12       7     104     11 |   55.90        0.00

Type     Name                                                                          # reqs      # fails |    Avg     Min     Max    Med |   req/s  failures/s
--------|----------------------------------------------------------------------------|-------|-------------|-------|-------|-------|-------|--------|-----------
GET      /                                                                                 24     0(0.00%) |     17      13      23     17 |    1.80        0.00
GET      /cart                                                                            120     0(0.00%) |     11       7      40     10 |    6.80        0.00
POST     /cart [add]                                                                      172     0(0.00%) |     15      10     104     15 |   11.80        0.00
POST     /cart/checkout                                                                    69     0(0.00%) |     15      11      28     15 |    5.10        0.00
GET      /product/[id]                                                                    547     0(0.00%) |     10       6      37     10 |   38.50        0.00
POST     /setCurrency                                                                      85     0(0.00%) |     18      13      47     18 |    6.00        0.00
--------|----------------------------------------------------------------------------|-------|-------------|-------|-------|-------|-------|--------|-----------
         Aggregated                                                                      1017     0(0.00%) |     12       6     104     12 |   70.00        0.00

Type     Name                                                                          # reqs      # fails |    Avg     Min     Max    Med |   req/s  failures/s
--------|----------------------------------------------------------------------------|-------|-------------|-------|-------|-------|-------|--------|-----------
GET      /                                                                                 31     0(0.00%) |     17      13      23     16 |    2.10        0.00
GET      /cart                                                                            154     0(0.00%) |     11       7      40     10 |    9.20        0.00
POST     /cart [add]                                                                      215     0(0.00%) |     16      10     104     15 |   14.50        0.00
POST     /cart/checkout                                                                    89     0(0.00%) |     15      11      28     15 |    5.70        0.00
GET      /product/[id]                                                                    674     0(0.00%) |     10       6      37     10 |   46.20        0.00
POST     /setCurrency                                                                     112     0(0.00%) |     18      13      47     18 |    7.40        0.00
--------|----------------------------------------------------------------------------|-------|-------------|-------|-------|-------|-------|--------|-----------
         Aggregated                                                                      1275     0(0.00%) |     12       6     104     12 |   85.10        0.00

Type     Name                                                                          # reqs      # fails |    Avg     Min     Max    Med |   req/s  failures/s
--------|----------------------------------------------------------------------------|-------|-------------|-------|-------|-------|-------|--------|-----------
GET      /                                                                                 42     0(0.00%) |     17      13      27     16 |    2.50        0.00
GET      /cart                                                                            194     0(0.00%) |     12       7      77     11 |   11.70        0.00
POST     /cart [add]                                                                      257     0(0.00%) |     16      10     104     15 |   17.00        0.00
POST     /cart/checkout                                                                   104     0(0.00%) |     16      11      61     15 |    6.70        0.00
GET      /product/[id]                                                                    816     0(0.00%) |     11       6      68     10 |   52.70        0.00
POST     /setCurrency                                                                     141     0(0.00%) |     21      13     132     18 |    9.30        0.00
--------|----------------------------------------------------------------------------|-------|-------------|-------|-------|-------|-------|--------|-----------
         Aggregated                                                                      1554     0(0.00%) |     13       6     132     12 |   99.90        0.00

Type     Name                                                                          # reqs      # fails |    Avg     Min     Max    Med |   req/s  failures/s
--------|----------------------------------------------------------------------------|-------|-------------|-------|-------|-------|-------|--------|-----------
GET      /                                                                                 49     0(0.00%) |     17      13      27     16 |    3.00        0.00
GET      /cart                                                                            240     0(0.00%) |     12       7      77     11 |   14.40        0.00
POST     /cart [add]                                                                      307     0(0.00%) |     17      10     104     15 |   18.40        0.00
POST     /cart/checkout                                                                   127     0(0.00%) |     17      11      67     16 |    6.90        0.00
GET      /product/[id]                                                                    975     0(0.00%) |     11       6      68     10 |   59.50        0.00
POST     /setCurrency                                                                     175     0(0.00%) |     21      13     132     18 |   11.20        0.00
--------|----------------------------------------------------------------------------|-------|-------------|-------|-------|-------|-------|--------|-----------
         Aggregated                                                                      1873     0(0.00%) |     14       6     132     12 |  113.40        0.00

Type     Name                                                                          # reqs      # fails |    Avg     Min     Max    Med |   req/s  failures/s
--------|----------------------------------------------------------------------------|-------|-------------|-------|-------|-------|-------|--------|-----------
GET      /                                                                                 55     0(0.00%) |     18      13      51     17 |    3.60        0.00
GET      /cart                                                                            277     0(0.00%) |     12       7      77     11 |   17.20        0.00
POST     /cart [add]                                                                      374     0(0.00%) |     19      10     155     15 |   21.30        0.00
POST     /cart/checkout                                                                   147     0(0.00%) |     19      11      90     16 |    8.30        0.00
GET      /product/[id]                                                                   1133     0(0.00%) |     12       6      88     10 |   64.20        0.00
POST     /setCurrency                                                                     213     0(0.00%) |     24      13     132     19 |   13.30        0.00
--------|----------------------------------------------------------------------------|-------|-------------|-------|-------|-------|-------|--------|-----------
         Aggregated                                                                      2199     0(0.00%) |     15       6     155     12 |  127.90        0.00

Type     Name                                                                          # reqs      # fails |    Avg     Min     Max    Med |   req/s  failures/s
--------|----------------------------------------------------------------------------|-------|-------------|-------|-------|-------|-------|--------|-----------
GET      /                                                                                 68     0(0.00%) |     23      13     150     17 |    3.60        0.00
GET      /cart                                                                            315     0(0.00%) |     14       7     148     11 |   19.50        0.00
POST     /cart [add]                                                                      451     0(0.00%) |     22      10     259     16 |   24.10        0.00
POST     /cart/checkout                                                                   177     0(0.00%) |     21      11     121     16 |    8.90        0.00
GET      /product/[id]                                                                   1294     0(0.00%) |     13       6     185     10 |   69.90        0.00
POST     /setCurrency                                                                     248     0(0.00%) |     29      13     206     20 |   15.10        0.00
--------|----------------------------------------------------------------------------|-------|-------------|-------|-------|-------|-------|--------|-----------
         Aggregated                                                                      2553     0(0.00%) |     17       6     259     13 |  141.10        0.00

Type     Name                                                                          # reqs      # fails |    Avg     Min     Max    Med |   req/s  failures/s
--------|----------------------------------------------------------------------------|-------|-------------|-------|-------|-------|-------|--------|-----------
GET      /                                                                                 77     0(0.00%) |     30      13     165     18 |    4.30        0.00
GET      /cart                                                                            359     0(0.00%) |     16       7     148     12 |   19.50        0.00
POST     /cart [add]                                                                      513     0(0.00%) |     26      10     259     17 |   27.90        0.00
POST     /cart/checkout                                                                   202     0(0.00%) |     25      11     121     17 |   10.70        0.00
GET      /product/[id]                                                                   1479     0(0.00%) |     15       6     185     11 |   74.40        0.00
POST     /setCurrency                                                                     290     0(0.00%) |     34      13     206     20 |   16.40        0.00
--------|----------------------------------------------------------------------------|-------|-------------|-------|-------|-------|-------|--------|-----------
         Aggregated                                                                      2920     0(0.00%) |     20       6     259     14 |  153.20        0.00

Type     Name                                                                          # reqs      # fails |    Avg     Min     Max    Med |   req/s  failures/s
--------|----------------------------------------------------------------------------|-------|-------------|-------|-------|-------|-------|--------|-----------
GET      /                                                                                 86     0(0.00%) |     38      13     189     19 |    2.88        0.00
GET      /cart                                                                            407     0(0.00%) |     19       7     159     12 |   13.61        0.00
POST     /cart [add]                                                                      581     0(0.00%) |     30      10     259     17 |   19.42        0.00
POST     /cart/checkout                                                                   232     0(0.00%) |     29      11     150     18 |    7.76        0.00
GET      /product/[id]                                                                   1644     0(0.00%) |     17       6     185     11 |   54.96        0.00
POST     /setCurrency                                                                     326     0(0.00%) |     39      13     206     22 |   10.90        0.00
--------|----------------------------------------------------------------------------|-------|-------------|-------|-------|-------|-------|--------|-----------
         Aggregated                                                                      3276     0(0.00%) |     23       6     259     14 |  109.52        0.00

Response time percentiles (approximated)
Type     Name                                                                                  50%    66%    75%    80%    90%    95%    98%    99%  99.9% 99.99%   100% # reqs
--------|--------------------------------------------------------------------------------|--------|------|------|------|------|------|------|------|------|------|------|------
GET      /                                                                                      19     24     34     51    110    120    170    190    190    190    190     86
GET      /cart                                                                                  12     14     16     22     48     62     94    110    160    160    160    407
POST     /cart [add]                                                                            17     23     33     39     68     99    140    170    260    260    260    581
POST     /cart/checkout                                                                         18     23     32     38     65     90    100    120    150    150    150    232
GET      /product/[id]                                                                          11     13     15     18     39     53     77     91    120    190    190   1644
POST     /setCurrency                                                                           22     33     49     60     94    120    150    160    210    210    210    326
--------|--------------------------------------------------------------------------------|--------|------|------|------|------|------|------|------|------|------|------|------
         Aggregated                                                                             14     18     23     29     51     80    110    140    200    260    260   3276

