/Users/edias/Library/Python/3.9/lib/python/site-packages/urllib3/__init__.py:35: NotOpenSSLWarning: urllib3 v2 only supports OpenSSL 1.1.1+, currently the 'ssl' module is compiled with 'LibreSSL 2.8.3'. See: https://github.com/urllib3/urllib3/issues/3020
  warnings.warn(
[2026-05-20 22:36:10,884] Mac/WARNING/locust.main: Python 3.9 support is deprecated and will be removed soon
Type     Name                                                                          # reqs      # fails |    Avg     Min     Max    Med |   req/s  failures/s
--------|----------------------------------------------------------------------------|-------|-------------|-------|-------|-------|-------|--------|-----------
--------|----------------------------------------------------------------------------|-------|-------------|-------|-------|-------|-------|--------|-----------
         Aggregated                                                                         0     0(0.00%) |      0       0       0      0 |    0.00        0.00

Type     Name                                                                          # reqs      # fails |    Avg     Min     Max    Med |   req/s  failures/s
--------|----------------------------------------------------------------------------|-------|-------------|-------|-------|-------|-------|--------|-----------
GET      /cart                                                                              3     0(0.00%) |     27      14      37     32 |    0.00        0.00
POST     /cart [add]                                                                        5     0(0.00%) |     28      12      42     29 |    0.00        0.00
GET      /product/[id]                                                                     13     0(0.00%) |     17       6      51     13 |    0.00        0.00
POST     /setCurrency                                                                       1     0(0.00%) |     28      28      28     28 |    0.00        0.00
--------|----------------------------------------------------------------------------|-------|-------------|-------|-------|-------|-------|--------|-----------
         Aggregated                                                                        22     0(0.00%) |     22       6      51     15 |    0.00        0.00

Type     Name                                                                          # reqs      # fails |    Avg     Min     Max    Med |   req/s  failures/s
--------|----------------------------------------------------------------------------|-------|-------------|-------|-------|-------|-------|--------|-----------
GET      /                                                                                  1     0(0.00%) |     15      15      15     15 |    0.00        0.00
GET      /cart                                                                              9     0(0.00%) |     17       7      37     14 |    1.50        0.00
POST     /cart [add]                                                                       16     0(0.00%) |     20      10      42     19 |    1.00        0.00
POST     /cart/checkout                                                                     4     0(0.00%) |     13      10      15     14 |    0.00        0.00
GET      /product/[id]                                                                     34     0(0.00%) |     14       6      51     12 |    3.50        0.00
POST     /setCurrency                                                                       7     0(0.00%) |     20      14      29     18 |    0.00        0.00
--------|----------------------------------------------------------------------------|-------|-------------|-------|-------|-------|-------|--------|-----------
         Aggregated                                                                        71     0(0.00%) |     16       6      51     14 |    6.00        0.00

Type     Name                                                                          # reqs      # fails |    Avg     Min     Max    Med |   req/s  failures/s
--------|----------------------------------------------------------------------------|-------|-------------|-------|-------|-------|-------|--------|-----------
GET      /                                                                                  2     0(0.00%) |     19      15      23     16 |    0.00        0.00
GET      /cart                                                                             23     0(0.00%) |     13       7      37     11 |    1.75        0.00
POST     /cart [add]                                                                       32     0(0.00%) |     16       9      42     14 |    3.00        0.00
POST     /cart/checkout                                                                     9     0(0.00%) |     14      10      20     14 |    1.00        0.00
GET      /product/[id]                                                                     72     0(0.00%) |     12       6      51     11 |    5.75        0.00
POST     /setCurrency                                                                      19     0(0.00%) |     18      12      29     16 |    1.25        0.00
--------|----------------------------------------------------------------------------|-------|-------------|-------|-------|-------|-------|--------|-----------
         Aggregated                                                                       157     0(0.00%) |     14       6      51     13 |   12.75        0.00

Type     Name                                                                          # reqs      # fails |    Avg     Min     Max    Med |   req/s  failures/s
--------|----------------------------------------------------------------------------|-------|-------------|-------|-------|-------|-------|--------|-----------
GET      /                                                                                  3     0(0.00%) |     17      14      23     16 |    0.33        0.00
GET      /cart                                                                             43     0(0.00%) |     11       6      37     10 |    3.50        0.00
POST     /cart [add]                                                                       55     0(0.00%) |     15       9      42     13 |    3.33        0.00
POST     /cart/checkout                                                                    16     0(0.00%) |     13      10      20     13 |    0.83        0.00
GET      /product/[id]                                                                    116     0(0.00%) |     11       6      51     10 |    9.17        0.00
POST     /setCurrency                                                                      33     0(0.00%) |     16      11      29     15 |    1.83        0.00
--------|----------------------------------------------------------------------------|-------|-------------|-------|-------|-------|-------|--------|-----------
         Aggregated                                                                       266     0(0.00%) |     12       6      51     12 |   19.00        0.00

Type     Name                                                                          # reqs      # fails |    Avg     Min     Max    Med |   req/s  failures/s
--------|----------------------------------------------------------------------------|-------|-------------|-------|-------|-------|-------|--------|-----------
GET      /                                                                                  5     0(0.00%) |     16      13      23     15 |    0.25        0.00
GET      /cart                                                                             57     0(0.00%) |     11       5      37     10 |    4.12        0.00
POST     /cart [add]                                                                       82     0(0.00%) |     14       7      66     13 |    5.62        0.00
POST     /cart/checkout                                                                    30     0(0.00%) |     12      10      20     12 |    2.00        0.00
GET      /product/[id]                                                                    189     0(0.00%) |     10       5      51      9 |   11.88        0.00
POST     /setCurrency                                                                      48     0(0.00%) |     15       9      29     15 |    3.38        0.00
--------|----------------------------------------------------------------------------|-------|-------------|-------|-------|-------|-------|--------|-----------
         Aggregated                                                                       411     0(0.00%) |     12       5      66     11 |   27.25        0.00

Type     Name                                                                          # reqs      # fails |    Avg     Min     Max    Med |   req/s  failures/s
--------|----------------------------------------------------------------------------|-------|-------------|-------|-------|-------|-------|--------|-----------
GET      /                                                                                 11     0(0.00%) |     61       9     540     13 |    0.50        0.00
GET      /cart                                                                             66     0(0.00%) |     43       5     724     10 |    5.20        0.00
POST     /cart [add]                                                                      109     0(0.00%) |     46       7     901     13 |    6.80        0.00
POST     /cart/checkout                                                                    39     0(0.00%) |     16      10      89     12 |    2.20        0.00
GET      /product/[id]                                                                    239     0(0.00%) |     48       4     810      9 |   15.40        0.00
POST     /setCurrency                                                                      58     0(0.00%) |     30       9     766     15 |    4.00        0.00
--------|----------------------------------------------------------------------------|-------|-------------|-------|-------|-------|-------|--------|-----------
         Aggregated                                                                       522     0(0.00%) |     43       4     901     11 |   34.10        0.00

Type     Name                                                                          # reqs      # fails |    Avg     Min     Max    Med |   req/s  failures/s
--------|----------------------------------------------------------------------------|-------|-------------|-------|-------|-------|-------|--------|-----------
GET      /                                                                                 16     0(0.00%) |     45       9     540     11 |    0.70        0.00
GET      /cart                                                                             93     0(0.00%) |     32       5     724      9 |    5.90        0.00
POST     /cart [add]                                                                      144     0(0.00%) |     37       7     901     12 |    9.80        0.00
POST     /cart/checkout                                                                    47     0(0.00%) |     15       8      89     12 |    3.70        0.00
GET      /product/[id]                                                                    339     0(0.00%) |     36       4     810      9 |   21.10        0.00
POST     /setCurrency                                                                      79     0(0.00%) |     25       8     766     14 |    5.30        0.00
--------|----------------------------------------------------------------------------|-------|-------------|-------|-------|-------|-------|--------|-----------
         Aggregated                                                                       718     0(0.00%) |     33       4     901     10 |   46.50        0.00

Type     Name                                                                          # reqs      # fails |    Avg     Min     Max    Med |   req/s  failures/s
--------|----------------------------------------------------------------------------|-------|-------------|-------|-------|-------|-------|--------|-----------
GET      /                                                                                 21     0(0.00%) |    114       9     583     13 |    1.40        0.00
GET      /cart                                                                            112     0(0.00%) |     58       5     962      9 |    7.10        0.00
POST     /cart [add]                                                                      165     0(0.00%) |     62       7    1194     12 |   11.40        0.00
POST     /cart/checkout                                                                    54     0(0.00%) |     16       8      94     12 |    3.80        0.00
GET      /product/[id]                                                                    391     0(0.00%) |     72       4    1105      9 |   27.30        0.00
POST     /setCurrency                                                                      96     0(0.00%) |     37       8     846     14 |    6.60        0.00
--------|----------------------------------------------------------------------------|-------|-------------|-------|-------|-------|-------|--------|-----------
         Aggregated                                                                       839     0(0.00%) |     62       4    1194     11 |   57.60        0.00

Type     Name                                                                          # reqs      # fails |    Avg     Min     Max    Med |   req/s  failures/s
--------|----------------------------------------------------------------------------|-------|-------------|-------|-------|-------|-------|--------|-----------
GET      /                                                                                 28     0(0.00%) |     93       9     583     13 |    1.50        0.00
GET      /cart                                                                            134     0(0.00%) |     54       5     962      9 |    7.70        0.00
POST     /cart [add]                                                                      210     0(0.00%) |     59       7    1194     12 |   13.20        0.00
POST     /cart/checkout                                                                    68     0(0.00%) |     22       8     210     12 |    4.60        0.00
GET      /product/[id]                                                                    516     0(0.00%) |     62       4    1105      9 |   29.50        0.00
POST     /setCurrency                                                                     119     0(0.00%) |     34       8     846     14 |    7.20        0.00
--------|----------------------------------------------------------------------------|-------|-------------|-------|-------|-------|-------|--------|-----------
         Aggregated                                                                      1075     0(0.00%) |     56       4    1194     11 |   63.70        0.00

Type     Name                                                                          # reqs      # fails |    Avg     Min     Max    Med |   req/s  failures/s
--------|----------------------------------------------------------------------------|-------|-------------|-------|-------|-------|-------|--------|-----------
GET      /                                                                                 34     0(0.00%) |     79       8     583     13 |    2.30        0.00
GET      /cart                                                                            162     0(0.00%) |     51       5     962     10 |    9.30        0.00
POST     /cart [add]                                                                      253     0(0.00%) |     59       7    1194     13 |   14.30        0.00
POST     /cart/checkout                                                                    84     0(0.00%) |     29       8     210     13 |    4.70        0.00
GET      /product/[id]                                                                    646     0(0.00%) |     59       4    1105     10 |   36.50        0.00
POST     /setCurrency                                                                     143     0(0.00%) |     31       8     846     14 |    8.40        0.00
--------|----------------------------------------------------------------------------|-------|-------------|-------|-------|-------|-------|--------|-----------
         Aggregated                                                                      1322     0(0.00%) |     54       4    1194     12 |   75.50        0.00

Type     Name                                                                          # reqs      # fails |    Avg     Min     Max    Med |   req/s  failures/s
--------|----------------------------------------------------------------------------|-------|-------------|-------|-------|-------|-------|--------|-----------
GET      /                                                                                 46     0(0.00%) |     61       8     583     11 |    2.60        0.00
GET      /cart                                                                            197     0(0.00%) |     53       5     962     11 |    9.90        0.00
POST     /cart [add]                                                                      301     0(0.00%) |     59       7    1194     15 |   16.50        0.00
POST     /cart/checkout                                                                   104     0(0.00%) |     34       8     210     13 |    5.80        0.00
GET      /product/[id]                                                                    786     0(0.00%) |     59       4    1105     11 |   42.90        0.00
POST     /setCurrency                                                                     162     0(0.00%) |     29       8     846     13 |    9.20        0.00
--------|----------------------------------------------------------------------------|-------|-------------|-------|-------|-------|-------|--------|-----------
         Aggregated                                                                      1596     0(0.00%) |     53       4    1194     13 |   86.90        0.00

Type     Name                                                                          # reqs      # fails |    Avg     Min     Max    Med |   req/s  failures/s
--------|----------------------------------------------------------------------------|-------|-------------|-------|-------|-------|-------|--------|-----------
GET      /                                                                                 56     0(0.00%) |     52       7     583     11 |    3.30        0.00
GET      /cart                                                                            234     0(0.00%) |     51       5     962     11 |   11.20        0.00
POST     /cart [add]                                                                      360     0(0.00%) |     58       7    1194     17 |   17.90        0.00
POST     /cart/checkout                                                                   125     0(0.00%) |     40       8     210     15 |    5.60        0.00
GET      /product/[id]                                                                    928     0(0.00%) |     59       4    1105     14 |   50.40        0.00
POST     /setCurrency                                                                     195     0(0.00%) |     26       8     846     13 |   10.20        0.00
--------|----------------------------------------------------------------------------|-------|-------------|-------|-------|-------|-------|--------|-----------
         Aggregated                                                                      1898     0(0.00%) |     53       4    1194     14 |   98.60        0.00

Type     Name                                                                          # reqs      # fails |    Avg     Min     Max    Med |   req/s  failures/s
--------|----------------------------------------------------------------------------|-------|-------------|-------|-------|-------|-------|--------|-----------
GET      /                                                                                 67     0(0.00%) |     45       7     583     11 |    3.80        0.00
GET      /cart                                                                            266     0(0.00%) |     54       5     962     14 |   13.80        0.00
POST     /cart [add]                                                                      414     0(0.00%) |     62       7    1194     24 |   20.80        0.00
POST     /cart/checkout                                                                   142     0(0.00%) |     46       8     210     20 |    7.00        0.00
GET      /product/[id]                                                                   1073     0(0.00%) |     61       4    1105     25 |   56.50        0.00
POST     /setCurrency                                                                     230     0(0.00%) |     24       8     846     13 |   10.50        0.00
--------|----------------------------------------------------------------------------|-------|-------------|-------|-------|-------|-------|--------|-----------
         Aggregated                                                                      2192     0(0.00%) |     55       4    1194     16 |  112.40        0.00

Type     Name                                                                          # reqs      # fails |    Avg     Min     Max    Med |   req/s  failures/s
--------|----------------------------------------------------------------------------|-------|-------------|-------|-------|-------|-------|--------|-----------
GET      /                                                                                 74     0(0.00%) |     49       7     583     11 |    4.50        0.00
GET      /cart                                                                            302     0(0.00%) |     64       5     962     23 |   15.50        0.00
POST     /cart [add]                                                                      455     0(0.00%) |     70       7    1194     31 |   23.40        0.00
POST     /cart/checkout                                                                   161     0(0.00%) |     56       8     265     25 |    8.10        0.00
GET      /product/[id]                                                                   1216     0(0.00%) |     70       4    1105     34 |   65.80        0.00
POST     /setCurrency                                                                     255     0(0.00%) |     24       8     846     13 |   13.50        0.00
--------|----------------------------------------------------------------------------|-------|-------------|-------|-------|-------|-------|--------|-----------
         Aggregated                                                                      2463     0(0.00%) |     63       4    1194     21 |  130.80        0.00

Type     Name                                                                          # reqs      # fails |    Avg     Min     Max    Med |   req/s  failures/s
--------|----------------------------------------------------------------------------|-------|-------------|-------|-------|-------|-------|--------|-----------
GET      /                                                                                 79     0(0.00%) |     61       7     793     11 |    2.64        0.00
GET      /cart                                                                            323     0(0.00%) |     82       5     962     31 |   10.81        0.00
POST     /cart [add]                                                                      485     0(0.00%) |     85       7    1194     37 |   16.24        0.00
POST     /cart/checkout                                                                   171     0(0.00%) |     66       8    1119     52 |    5.73        0.00
GET      /product/[id]                                                                   1296     0(0.00%) |     90       4    1105     39 |   43.39        0.00
POST     /setCurrency                                                                     278     0(0.00%) |     36       8     846     13 |    9.31        0.00
--------|----------------------------------------------------------------------------|-------|-------------|-------|-------|-------|-------|--------|-----------
         Aggregated                                                                      2632     0(0.00%) |     80       4    1194     26 |   88.12        0.00

Response time percentiles (approximated)
Type     Name                                                                                  50%    66%    75%    80%    90%    95%    98%    99%  99.9% 99.99%   100% # reqs
--------|--------------------------------------------------------------------------------|--------|------|------|------|------|------|------|------|------|------|------|------
GET      /                                                                                      11     13     14     15    240    540    580    790    790    790    790     79
GET      /cart                                                                                  31     67     96    110    160    360    740    790    960    960    960    323
POST     /cart [add]                                                                            37     75    100    110    150    240    870    960   1200   1200   1200    485
POST     /cart/checkout                                                                         52     94     99    100    120    180    200    270   1100   1100   1100    171
GET      /product/[id]                                                                          39     75     99    110    160    310    880    960   1100   1100   1100   1296
POST     /setCurrency                                                                           13     15     16     17     26     72    560    770    850    850    850    278
--------|--------------------------------------------------------------------------------|--------|------|------|------|------|------|------|------|------|------|------|------
         Aggregated                                                                             26     66     90    100    150    240    780    930   1100   1200   1200   2632

