/Users/edias/Library/Python/3.9/lib/python/site-packages/urllib3/__init__.py:35: NotOpenSSLWarning: urllib3 v2 only supports OpenSSL 1.1.1+, currently the 'ssl' module is compiled with 'LibreSSL 2.8.3'. See: https://github.com/urllib3/urllib3/issues/3020
  warnings.warn(
[2026-05-21 10:03:36,071] MacBook-Air-de-Eduardo/WARNING/locust.main: Python 3.9 support is deprecated and will be removed soon
Type     Name                                                                          # reqs      # fails |    Avg     Min     Max    Med |   req/s  failures/s
--------|----------------------------------------------------------------------------|-------|-------------|-------|-------|-------|-------|--------|-----------
--------|----------------------------------------------------------------------------|-------|-------------|-------|-------|-------|-------|--------|-----------
         Aggregated                                                                         0     0(0.00%) |      0       0       0      0 |    0.00        0.00

Type     Name                                                                          # reqs      # fails |    Avg     Min     Max    Med |   req/s  failures/s
--------|----------------------------------------------------------------------------|-------|-------------|-------|-------|-------|-------|--------|-----------
GET      /product/[id]                                                                     10     0(0.00%) |    288      38    1104    160 |    0.00        0.00
POST     /setCurrency                                                                       1     0(0.00%) |     45      45      45     45 |    0.00        0.00
--------|----------------------------------------------------------------------------|-------|-------------|-------|-------|-------|-------|--------|-----------
         Aggregated                                                                        11     0(0.00%) |    266      38    1104    160 |    0.00        0.00

Type     Name                                                                          # reqs      # fails |    Avg     Min     Max    Med |   req/s  failures/s
--------|----------------------------------------------------------------------------|-------|-------------|-------|-------|-------|-------|--------|-----------
GET      /cart                                                                              6     0(0.00%) |     33      15      84     25 |    0.00        0.00
POST     /cart [add]                                                                        8     0(0.00%) |    103      23     459     29 |    0.00        0.00
POST     /cart/checkout                                                                     3     0(0.00%) |    303     134     459    320 |    0.00        0.00
GET      /product/[id]                                                                     35     0(0.00%) |    120      15    1104     29 |    5.00        0.00
POST     /setCurrency                                                                       4     0(0.00%) |     38      30      45     39 |    0.50        0.00
--------|----------------------------------------------------------------------------|-------|-------------|-------|-------|-------|-------|--------|-----------
         Aggregated                                                                        56     0(0.00%) |    113      15    1104     30 |    5.50        0.00

Type     Name                                                                          # reqs      # fails |    Avg     Min     Max    Med |   req/s  failures/s
--------|----------------------------------------------------------------------------|-------|-------------|-------|-------|-------|-------|--------|-----------
GET      /                                                                                  6     0(0.00%) |     42      20     106     27 |    0.00        0.00
GET      /cart                                                                             12     0(0.00%) |     24      13      84     15 |    1.50        0.00
POST     /cart [add]                                                                       19     0(0.00%) |     74      18     459     29 |    1.75        0.00
POST     /cart/checkout                                                                     6     0(0.00%) |    205      67     459    130 |    0.75        0.00
GET      /product/[id]                                                                     72     0(0.00%) |     76      13    1104     23 |    8.75        0.00
POST     /setCurrency                                                                      13     0(0.00%) |     60      24     246     39 |    1.00        0.00
--------|----------------------------------------------------------------------------|-------|-------------|-------|-------|-------|-------|--------|-----------
         Aggregated                                                                       128     0(0.00%) |     74      13    1104     26 |   13.75        0.00

Type     Name                                                                          # reqs      # fails |    Avg     Min     Max    Med |   req/s  failures/s
--------|----------------------------------------------------------------------------|-------|-------------|-------|-------|-------|-------|--------|-----------
GET      /                                                                                  7     0(0.00%) |     39      20     106     27 |    1.00        0.00
GET      /cart                                                                             29     0(0.00%) |     20      13      84     16 |    2.00        0.00
POST     /cart [add]                                                                       34     0(0.00%) |     55      18     459     25 |    2.67        0.00
POST     /cart/checkout                                                                    14     0(0.00%) |    127      21     459     67 |    1.00        0.00
GET      /product/[id]                                                                    131     0(0.00%) |     53      13    1104     21 |   11.67        0.00
POST     /setCurrency                                                                      18     0(0.00%) |     53      24     246     36 |    2.00        0.00
--------|----------------------------------------------------------------------------|-------|-------------|-------|-------|-------|-------|--------|-----------
         Aggregated                                                                       233     0(0.00%) |     53      13    1104     23 |   20.33        0.00

Type     Name                                                                          # reqs      # fails |    Avg     Min     Max    Med |   req/s  failures/s
--------|----------------------------------------------------------------------------|-------|-------------|-------|-------|-------|-------|--------|-----------
GET      /                                                                                 10     0(0.00%) |     43      20     106     29 |    0.88        0.00
GET      /cart                                                                             48     0(0.00%) |     19      11      84     16 |    3.62        0.00
POST     /cart [add]                                                                       54     0(0.00%) |     46      18     459     24 |    4.12        0.00
POST     /cart/checkout                                                                    24     0(0.00%) |     88      20     459     29 |    1.75        0.00
GET      /product/[id]                                                                    198     0(0.00%) |     47      13    1104     21 |   15.88        0.00
POST     /setCurrency                                                                      30     0(0.00%) |     52      21     246     31 |    2.25        0.00
--------|----------------------------------------------------------------------------|-------|-------------|-------|-------|-------|-------|--------|-----------
         Aggregated                                                                       364     0(0.00%) |     46      11    1104     23 |   28.50        0.00

Type     Name                                                                          # reqs      # fails |    Avg     Min     Max    Med |   req/s  failures/s
--------|----------------------------------------------------------------------------|-------|-------------|-------|-------|-------|-------|--------|-----------
GET      /                                                                                 12     0(0.00%) |     43      19     106     29 |    1.00        0.00
GET      /cart                                                                             71     0(0.00%) |     21      11     114     16 |    4.80        0.00
POST     /cart [add]                                                                       70     0(0.00%) |     57      18     459     25 |    5.20        0.00
POST     /cart/checkout                                                                    33     0(0.00%) |     77      20     459     33 |    2.40        0.00
GET      /product/[id]                                                                    281     0(0.00%) |     42      12    1104     21 |   19.40        0.00
POST     /setCurrency                                                                      49     0(0.00%) |     58      21     328     36 |    2.90        0.00
--------|----------------------------------------------------------------------------|-------|-------------|-------|-------|-------|-------|--------|-----------
         Aggregated                                                                       516     0(0.00%) |     45      11    1104     22 |   35.70        0.00

Type     Name                                                                          # reqs      # fails |    Avg     Min     Max    Med |   req/s  failures/s
--------|----------------------------------------------------------------------------|-------|-------------|-------|-------|-------|-------|--------|-----------
GET      /                                                                                 19     0(0.00%) |     70      19     295     35 |    1.20        0.00
GET      /cart                                                                             86     0(0.00%) |     22      11     114     16 |    6.80        0.00
POST     /cart [add]                                                                      107     0(0.00%) |     48      16     459     25 |    7.00        0.00
POST     /cart/checkout                                                                    48     0(0.00%) |     66      19     459     31 |    3.30        0.00
GET      /product/[id]                                                                    370     0(0.00%) |     43      12    1104     20 |   26.60        0.00
POST     /setCurrency                                                                      67     0(0.00%) |     56      21     328     33 |    4.80        0.00
--------|----------------------------------------------------------------------------|-------|-------------|-------|-------|-------|-------|--------|-----------
         Aggregated                                                                       697     0(0.00%) |     45      11    1104     23 |   49.70        0.00

Type     Name                                                                          # reqs      # fails |    Avg     Min     Max    Med |   req/s  failures/s
--------|----------------------------------------------------------------------------|-------|-------------|-------|-------|-------|-------|--------|-----------
GET      /                                                                                 25     0(0.00%) |     67      19     295     45 |    1.90        0.00
GET      /cart                                                                            114     0(0.00%) |     22      11     114     17 |    7.80        0.00
POST     /cart [add]                                                                      151     0(0.00%) |     43      16     459     25 |   10.00        0.00
POST     /cart/checkout                                                                    68     0(0.00%) |     58      19     459     33 |    4.50        0.00
GET      /product/[id]                                                                    468     0(0.00%) |     42      12    1104     21 |   33.10        0.00
POST     /setCurrency                                                                      87     0(0.00%) |     54      21     328     33 |    6.30        0.00
--------|----------------------------------------------------------------------------|-------|-------------|-------|-------|-------|-------|--------|-----------
         Aggregated                                                                       913     0(0.00%) |     43      11    1104     23 |   63.60        0.00

Type     Name                                                                          # reqs      # fails |    Avg     Min     Max    Med |   req/s  failures/s
--------|----------------------------------------------------------------------------|-------|-------------|-------|-------|-------|-------|--------|-----------
GET      /                                                                                 29     0(0.00%) |     66      19     295     45 |    1.80        0.00
GET      /cart                                                                            142     0(0.00%) |     23      11     114     18 |   10.20        0.00
POST     /cart [add]                                                                      195     0(0.00%) |     44      16     459     26 |   13.10        0.00
POST     /cart/checkout                                                                    83     0(0.00%) |     59      18     459     34 |    6.00        0.00
GET      /product/[id]                                                                    581     0(0.00%) |     41      12    1104     21 |   39.40        0.00
POST     /setCurrency                                                                     106     0(0.00%) |     60      21     404     34 |    7.50        0.00
--------|----------------------------------------------------------------------------|-------|-------------|-------|-------|-------|-------|--------|-----------
         Aggregated                                                                      1136     0(0.00%) |     43      11    1104     24 |   78.00        0.00

Type     Name                                                                          # reqs      # fails |    Avg     Min     Max    Med |   req/s  failures/s
--------|----------------------------------------------------------------------------|-------|-------------|-------|-------|-------|-------|--------|-----------
GET      /                                                                                 39     0(0.00%) |     85      19     515     63 |    2.10        0.00
GET      /cart                                                                            175     0(0.00%) |     27      11     366     18 |   11.20        0.00
POST     /cart [add]                                                                      232     0(0.00%) |     49      16     459     27 |   16.00        0.00
POST     /cart/checkout                                                                    97     0(0.00%) |     58      18     459     34 |    6.80        0.00
GET      /product/[id]                                                                    691     0(0.00%) |     42      12    1104     22 |   44.80        0.00
POST     /setCurrency                                                                     135     0(0.00%) |     64      21     405     37 |    8.80        0.00
--------|----------------------------------------------------------------------------|-------|-------------|-------|-------|-------|-------|--------|-----------
         Aggregated                                                                      1369     0(0.00%) |     46      11    1104     25 |   89.70        0.00

Type     Name                                                                          # reqs      # fails |    Avg     Min     Max    Med |   req/s  failures/s
--------|----------------------------------------------------------------------------|-------|-------------|-------|-------|-------|-------|--------|-----------
GET      /                                                                                 45     0(0.00%) |     84      19     515     63 |    2.80        0.00
GET      /cart                                                                            205     0(0.00%) |     29      11     366     19 |   12.60        0.00
POST     /cart [add]                                                                      281     0(0.00%) |     50      16     459     29 |   17.80        0.00
POST     /cart/checkout                                                                   115     0(0.00%) |     58      18     459     37 |    7.30        0.00
GET      /product/[id]                                                                    832     0(0.00%) |     43      12    1104     23 |   49.00        0.00
POST     /setCurrency                                                                     162     0(0.00%) |     65      21     405     39 |   10.60        0.00
--------|----------------------------------------------------------------------------|-------|-------------|-------|-------|-------|-------|--------|-----------
         Aggregated                                                                      1640     0(0.00%) |     47      11    1104     27 |  100.10        0.00

Type     Name                                                                          # reqs      # fails |    Avg     Min     Max    Med |   req/s  failures/s
--------|----------------------------------------------------------------------------|-------|-------------|-------|-------|-------|-------|--------|-----------
GET      /                                                                                 55     0(0.00%) |     93      19     515     67 |    3.30        0.00
GET      /cart                                                                            241     0(0.00%) |     33      11     366     20 |   13.60        0.00
POST     /cart [add]                                                                      332     0(0.00%) |     55      16     459     32 |   21.00        0.00
POST     /cart/checkout                                                                   137     0(0.00%) |     62      18     459     47 |    8.20        0.00
GET      /product/[id]                                                                    960     0(0.00%) |     45      12    1104     25 |   54.30        0.00
POST     /setCurrency                                                                     194     0(0.00%) |     74      21     405     49 |   11.20        0.00
--------|----------------------------------------------------------------------------|-------|-------------|-------|-------|-------|-------|--------|-----------
         Aggregated                                                                      1919     0(0.00%) |     51      11    1104     30 |  111.60        0.00

Type     Name                                                                          # reqs      # fails |    Avg     Min     Max    Med |   req/s  failures/s
--------|----------------------------------------------------------------------------|-------|-------------|-------|-------|-------|-------|--------|-----------
GET      /                                                                                 65     0(0.00%) |     91      19     515     65 |    3.50        0.00
GET      /cart                                                                            276     0(0.00%) |     36      11     366     23 |   15.60        0.00
POST     /cart [add]                                                                      376     0(0.00%) |     57      16     459     37 |   22.20        0.00
POST     /cart/checkout                                                                   155     0(0.00%) |     64      18     459     51 |    8.80        0.00
GET      /product/[id]                                                                   1114     0(0.00%) |     48      12    1104     27 |   58.90        0.00
POST     /setCurrency                                                                     226     0(0.00%) |     78      21     405     58 |   12.50        0.00
--------|----------------------------------------------------------------------------|-------|-------------|-------|-------|-------|-------|--------|-----------
         Aggregated                                                                      2212     0(0.00%) |     53      11    1104     33 |  121.50        0.00

Type     Name                                                                          # reqs      # fails |    Avg     Min     Max    Med |   req/s  failures/s
--------|----------------------------------------------------------------------------|-------|-------------|-------|-------|-------|-------|--------|-----------
GET      /                                                                                 73     0(0.00%) |     92      19     515     68 |    4.10        0.00
GET      /cart                                                                            306     0(0.00%) |     39      11     366     24 |   16.10        0.00
POST     /cart [add]                                                                      426     0(0.00%) |     64      16     459     46 |   22.70        0.00
POST     /cart/checkout                                                                   175     0(0.00%) |     69      18     459     58 |    8.80        0.00
GET      /product/[id]                                                                   1271     0(0.00%) |     51      12    1104     33 |   64.40        0.00
POST     /setCurrency                                                                     261     0(0.00%) |     83      21     405     65 |   13.80        0.00
--------|----------------------------------------------------------------------------|-------|-------------|-------|-------|-------|-------|--------|-----------
         Aggregated                                                                      2512     0(0.00%) |     58      11    1104     39 |  129.90        0.00

Type     Name                                                                          # reqs      # fails |    Avg     Min     Max    Med |   req/s  failures/s
--------|----------------------------------------------------------------------------|-------|-------------|-------|-------|-------|-------|--------|-----------
GET      /                                                                                 82     0(0.00%) |     97      19     515     69 |    2.77        0.00
GET      /cart                                                                            330     0(0.00%) |     45      11     366     27 |   11.13        0.00
POST     /cart [add]                                                                      467     0(0.00%) |     71      16     459     53 |   15.75        0.00
POST     /cart/checkout                                                                   194     0(0.00%) |     76      18     459     63 |    6.54        0.00
GET      /product/[id]                                                                   1390     0(0.00%) |     56      12    1104     37 |   46.87        0.00
POST     /setCurrency                                                                     284     0(0.00%) |     90      21     405     71 |    9.58        0.00
--------|----------------------------------------------------------------------------|-------|-------------|-------|-------|-------|-------|--------|-----------
         Aggregated                                                                      2747     0(0.00%) |     64      11    1104     44 |   92.63        0.00

Response time percentiles (approximated)
Type     Name                                                                                  50%    66%    75%    80%    90%    95%    98%    99%  99.9% 99.99%   100% # reqs
--------|--------------------------------------------------------------------------------|--------|------|------|------|------|------|------|------|------|------|------|------
GET      /                                                                                      74    100    120    140    190    220    300    520    520    520    520     82
GET      /cart                                                                                  27     45     57     66     97    130    160    240    370    370    370    330
POST     /cart [add]                                                                            53     79     98    110    140    190    270    320    460    460    460    467
POST     /cart/checkout                                                                         64     90     99    100    140    180    310    350    460    460    460    194
GET      /product/[id]                                                                          37     61     80     90    120    150    180    210    790   1100   1100   1390
POST     /setCurrency                                                                           71    100    120    130    180    220    310    400    410    410    410    284
--------|--------------------------------------------------------------------------------|--------|------|------|------|------|------|------|------|------|------|------|------
         Aggregated                                                                             44     69     89     99    130    170    220    290    690   1100   1100   2747

