10:36:53 RESTART pod=currencyservice-7c8fc8fc9c-9dtdc restarts=4
10:36:53 RESTART pod=currencyservice-7c8fc8fc9c-fknl8 restarts=1
10:36:53 RESTART pod=emailservice-66944ff59-8jhrl restarts=4
10:36:53 RESTART pod=emailservice-66944ff59-xd6ch restarts=1
10:36:53 RESTART pod=emailservice-66944ff59-xhss4 restarts=2
10:36:53 RESTART pod=recommendationservice-7444754ff5-fthxq restarts=1
10:37:03 RESTART pod=currencyservice-7c8fc8fc9c-9dtdc restarts=4
10:37:03 RESTART pod=currencyservice-7c8fc8fc9c-fknl8 restarts=1
10:37:03 RESTART pod=emailservice-66944ff59-8jhrl restarts=4
10:37:03 RESTART pod=emailservice-66944ff59-xd6ch restarts=1
10:37:03 RESTART pod=emailservice-66944ff59-xhss4 restarts=2
10:37:03 RESTART pod=recommendationservice-7444754ff5-fthxq restarts=1
10:37:13 RESTART pod=currencyservice-7c8fc8fc9c-9dtdc restarts=4
10:37:13 RESTART pod=currencyservice-7c8fc8fc9c-fknl8 restarts=1
10:37:13 RESTART pod=emailservice-66944ff59-8jhrl restarts=4
10:37:13 RESTART pod=emailservice-66944ff59-xd6ch restarts=1
10:37:13 RESTART pod=emailservice-66944ff59-xhss4 restarts=2
10:37:13 RESTART pod=recommendationservice-7444754ff5-fthxq restarts=1
10:37:24 RESTART pod=currencyservice-7c8fc8fc9c-9dtdc restarts=4
10:37:24 RESTART pod=currencyservice-7c8fc8fc9c-fknl8 restarts=1
10:37:24 RESTART pod=emailservice-66944ff59-8jhrl restarts=4
10:37:24 RESTART pod=emailservice-66944ff59-xd6ch restarts=1
10:37:24 RESTART pod=emailservice-66944ff59-xhss4 restarts=2
10:37:24 RESTART pod=recommendationservice-7444754ff5-fthxq restarts=1
10:37:34 RESTART pod=currencyservice-7c8fc8fc9c-9dtdc restarts=4
10:37:34 RESTART pod=currencyservice-7c8fc8fc9c-fknl8 restarts=1
10:37:34 RESTART pod=emailservice-66944ff59-8jhrl restarts=4
10:37:34 RESTART pod=emailservice-66944ff59-xd6ch restarts=1
10:37:34 RESTART pod=emailservice-66944ff59-xhss4 restarts=2
10:37:34 RESTART pod=recommendationservice-7444754ff5-fthxq restarts=1
10:37:44 RESTART pod=currencyservice-7c8fc8fc9c-9dtdc restarts=4
10:37:44 RESTART pod=currencyservice-7c8fc8fc9c-fknl8 restarts=1
10:37:44 RESTART pod=emailservice-66944ff59-8jhrl restarts=4
10:37:44 RESTART pod=emailservice-66944ff59-xd6ch restarts=1
10:37:44 RESTART pod=emailservice-66944ff59-xhss4 restarts=2
10:37:44 RESTART pod=recommendationservice-7444754ff5-fthxq restarts=1
10:37:55 RESTART pod=currencyservice-7c8fc8fc9c-9dtdc restarts=4
10:37:55 RESTART pod=currencyservice-7c8fc8fc9c-fknl8 restarts=1
10:37:55 RESTART pod=emailservice-66944ff59-8jhrl restarts=4
10:37:55 RESTART pod=emailservice-66944ff59-xd6ch restarts=1
10:37:55 RESTART pod=emailservice-66944ff59-xhss4 restarts=2
10:37:55 RESTART pod=recommendationservice-7444754ff5-fthxq restarts=1
10:38:05 RESTART pod=currencyservice-7c8fc8fc9c-9dtdc restarts=4
10:38:05 RESTART pod=currencyservice-7c8fc8fc9c-fknl8 restarts=1
10:38:05 RESTART pod=emailservice-66944ff59-8jhrl restarts=4
10:38:05 RESTART pod=emailservice-66944ff59-xd6ch restarts=1
10:38:05 RESTART pod=emailservice-66944ff59-xhss4 restarts=2
10:38:05 RESTART pod=recommendationservice-7444754ff5-fthxq restarts=1
10:38:15 RESTART pod=currencyservice-7c8fc8fc9c-9dtdc restarts=4
10:38:15 RESTART pod=currencyservice-7c8fc8fc9c-fknl8 restarts=1
10:38:15 RESTART pod=emailservice-66944ff59-8jhrl restarts=4
10:38:15 RESTART pod=emailservice-66944ff59-xd6ch restarts=1
10:38:15 RESTART pod=emailservice-66944ff59-xhss4 restarts=2
10:38:15 RESTART pod=recommendationservice-7444754ff5-fthxq restarts=1
10:38:26 RESTART pod=currencyservice-7c8fc8fc9c-9dtdc restarts=4
10:38:26 RESTART pod=currencyservice-7c8fc8fc9c-fknl8 restarts=1
10:38:26 RESTART pod=emailservice-66944ff59-8jhrl restarts=4
10:38:26 RESTART pod=emailservice-66944ff59-xd6ch restarts=1
10:38:26 RESTART pod=emailservice-66944ff59-xhss4 restarts=2
10:38:26 RESTART pod=recommendationservice-7444754ff5-fthxq restarts=1
10:38:36 RESTART pod=currencyservice-7c8fc8fc9c-9dtdc restarts=4
10:38:36 RESTART pod=currencyservice-7c8fc8fc9c-fknl8 restarts=1
10:38:36 RESTART pod=emailservice-66944ff59-8jhrl restarts=4
10:38:36 RESTART pod=emailservice-66944ff59-xd6ch restarts=1
10:38:36 RESTART pod=emailservice-66944ff59-xhss4 restarts=2
10:38:36 RESTART pod=recommendationservice-7444754ff5-fthxq restarts=1
10:38:46 RESTART pod=currencyservice-7c8fc8fc9c-9dtdc restarts=4
10:38:46 RESTART pod=currencyservice-7c8fc8fc9c-fknl8 restarts=1
10:38:46 RESTART pod=emailservice-66944ff59-8jhrl restarts=4
10:38:46 RESTART pod=emailservice-66944ff59-xd6ch restarts=1
10:38:46 RESTART pod=emailservice-66944ff59-xhss4 restarts=2
10:38:46 RESTART pod=recommendationservice-7444754ff5-fthxq restarts=1
10:38:57 RESTART pod=currencyservice-7c8fc8fc9c-9dtdc restarts=4
10:38:57 RESTART pod=currencyservice-7c8fc8fc9c-fknl8 restarts=1
10:38:57 RESTART pod=emailservice-66944ff59-8jhrl restarts=4
10:38:57 RESTART pod=emailservice-66944ff59-xd6ch restarts=1
10:38:57 RESTART pod=emailservice-66944ff59-xhss4 restarts=2
10:38:57 RESTART pod=recommendationservice-7444754ff5-fthxq restarts=1
10:38:57 RESTART pod=recommendationservice-7444754ff5-sg55v restarts=1
10:39:07 RESTART pod=currencyservice-7c8fc8fc9c-9dtdc restarts=4
10:39:07 RESTART pod=currencyservice-7c8fc8fc9c-fknl8 restarts=1
10:39:07 RESTART pod=emailservice-66944ff59-8jhrl restarts=4
10:39:07 RESTART pod=emailservice-66944ff59-xd6ch restarts=1
10:39:07 RESTART pod=emailservice-66944ff59-xhss4 restarts=2
10:39:07 RESTART pod=recommendationservice-7444754ff5-fthxq restarts=1
10:39:07 RESTART pod=recommendationservice-7444754ff5-sg55v restarts=2
10:39:17 RESTART pod=currencyservice-7c8fc8fc9c-9dtdc restarts=4
10:39:17 RESTART pod=currencyservice-7c8fc8fc9c-fknl8 restarts=1
10:39:17 RESTART pod=emailservice-66944ff59-8jhrl restarts=4
10:39:17 RESTART pod=emailservice-66944ff59-xd6ch restarts=1
10:39:17 RESTART pod=emailservice-66944ff59-xhss4 restarts=2
10:39:17 RESTART pod=recommendationservice-7444754ff5-fthxq restarts=1
10:39:17 RESTART pod=recommendationservice-7444754ff5-sg55v restarts=2
