/Users/edias/Library/Python/3.9/lib/python/site-packages/urllib3/__init__.py:35: NotOpenSSLWarning: urllib3 v2 only supports OpenSSL 1.1.1+, currently the 'ssl' module is compiled with 'LibreSSL 2.8.3'. See: https://github.com/urllib3/urllib3/issues/3020
  warnings.warn(
[2026-05-21 09:36:28,996] MacBook-Air-de-Eduardo/WARNING/locust.main: Python 3.9 support is deprecated and will be removed soon
Type     Name                                                                          # reqs      # fails |    Avg     Min     Max    Med |   req/s  failures/s
--------|----------------------------------------------------------------------------|-------|-------------|-------|-------|-------|-------|--------|-----------
--------|----------------------------------------------------------------------------|-------|-------------|-------|-------|-------|-------|--------|-----------
         Aggregated                                                                         0     0(0.00%) |      0       0       0      0 |    0.00        0.00

Type     Name                                                                          # reqs      # fails |    Avg     Min     Max    Med |   req/s  failures/s
--------|----------------------------------------------------------------------------|-------|-------------|-------|-------|-------|-------|--------|-----------
GET      /cart                                                                              2     0(0.00%) |     11      11      12     11 |    0.00        0.00
POST     /cart [add]                                                                        3     0(0.00%) |     18      14      25     16 |    0.00        0.00
GET      /product/[id]                                                                     15     0(0.00%) |     16      11      22     15 |    0.00        0.00
POST     /setCurrency                                                                       3     0(0.00%) |     19      17      22     19 |    0.00        0.00
--------|----------------------------------------------------------------------------|-------|-------------|-------|-------|-------|-------|--------|-----------
         Aggregated                                                                        23     0(0.00%) |     16      11      25     16 |    0.00        0.00

Type     Name                                                                          # reqs      # fails |    Avg     Min     Max    Med |   req/s  failures/s
--------|----------------------------------------------------------------------------|-------|-------------|-------|-------|-------|-------|--------|-----------
GET      /cart                                                                             10     0(0.00%) |     12       9      14     12 |    0.00        0.00
POST     /cart [add]                                                                       18     0(0.00%) |     15       9      25     15 |    2.00        0.00
POST     /cart/checkout                                                                     7     0(0.00%) |     13      11      15     14 |    0.00        0.00
GET      /product/[id]                                                                     35     0(0.00%) |     13       7      22     14 |    7.00        0.00
POST     /setCurrency                                                                      10     0(0.00%) |     17      14      22     17 |    1.00        0.00
--------|----------------------------------------------------------------------------|-------|-------------|-------|-------|-------|-------|--------|-----------
         Aggregated                                                                        80     0(0.00%) |     14       7      25     14 |   10.00        0.00

Type     Name                                                                          # reqs      # fails |    Avg     Min     Max    Med |   req/s  failures/s
--------|----------------------------------------------------------------------------|-------|-------------|-------|-------|-------|-------|--------|-----------
GET      /                                                                                  1     0(0.00%) |     14      14      14     14 |    0.00        0.00
GET      /cart                                                                             19     0(0.00%) |     11       9      14     11 |    2.33        0.00
POST     /cart [add]                                                                       30     0(0.00%) |     15       9      25     15 |    3.33        0.00
POST     /cart/checkout                                                                    10     0(0.00%) |     14      11      18     15 |    1.67        0.00
GET      /product/[id]                                                                     68     0(0.00%) |     12       7      22     12 |    8.00        0.00
POST     /setCurrency                                                                      16     0(0.00%) |     16      12      22     16 |    1.67        0.00
--------|----------------------------------------------------------------------------|-------|-------------|-------|-------|-------|-------|--------|-----------
         Aggregated                                                                       144     0(0.00%) |     13       7      25     13 |   17.00        0.00

Type     Name                                                                          # reqs      # fails |    Avg     Min     Max    Med |   req/s  failures/s
--------|----------------------------------------------------------------------------|-------|-------------|-------|-------|-------|-------|--------|-----------
GET      /                                                                                  3     0(0.00%) |     14      13      14     14 |    0.17        0.00
GET      /cart                                                                             29     0(0.00%) |     10       8      14     11 |    3.17        0.00
POST     /cart [add]                                                                       40     0(0.00%) |     26       9     465     15 |    5.00        0.00
POST     /cart/checkout                                                                    14     0(0.00%) |     17      11      58     15 |    1.67        0.00
GET      /product/[id]                                                                    133     0(0.00%) |     63       7     750     11 |   11.33        0.00
POST     /setCurrency                                                                      24     0(0.00%) |     16      12      22     16 |    2.67        0.00
--------|----------------------------------------------------------------------------|-------|-------------|-------|-------|-------|-------|--------|-----------
         Aggregated                                                                       243     0(0.00%) |     43       7     750     12 |   24.00        0.00

Type     Name                                                                          # reqs      # fails |    Avg     Min     Max    Med |   req/s  failures/s
--------|----------------------------------------------------------------------------|-------|-------------|-------|-------|-------|-------|--------|-----------
GET      /                                                                                  7     0(0.00%) |     15      12      24     14 |    0.29        0.00
GET      /cart                                                                             45     0(0.00%) |     10       7      14     10 |    3.29        0.00
POST     /cart [add]                                                                       67     0(0.00%) |     23       9     465     16 |    5.00        0.00
POST     /cart/checkout                                                                    24     0(0.00%) |     17      11      58     16 |    1.71        0.00
GET      /product/[id]                                                                    205     0(0.00%) |     45       7     750     11 |   13.14        0.00
POST     /setCurrency                                                                      38     0(0.00%) |     16      12      22     16 |    2.43        0.00
--------|----------------------------------------------------------------------------|-------|-------------|-------|-------|-------|-------|--------|-----------
         Aggregated                                                                       386     0(0.00%) |     32       7     750     13 |   25.86        0.00

Type     Name                                                                          # reqs      # fails |    Avg     Min     Max    Med |   req/s  failures/s
--------|----------------------------------------------------------------------------|-------|-------------|-------|-------|-------|-------|--------|-----------
GET      /                                                                                 10     0(0.00%) |     17      12      33     15 |    0.70        0.00
GET      /cart                                                                             74     0(0.00%) |     12       7      56     11 |    4.50        0.00
POST     /cart [add]                                                                       97     0(0.00%) |     22       9     465     16 |    6.70        0.00
POST     /cart/checkout                                                                    30     0(0.00%) |     17      11      58     17 |    2.40        0.00
GET      /product/[id]                                                                    293     0(0.00%) |     35       7     750     11 |   20.50        0.00
POST     /setCurrency                                                                      51     0(0.00%) |     16      12      29     16 |    3.80        0.00
--------|----------------------------------------------------------------------------|-------|-------------|-------|-------|-------|-------|--------|-----------
         Aggregated                                                                       555     0(0.00%) |     27       7     750     13 |   38.60        0.00

Type     Name                                                                          # reqs      # fails |    Avg     Min     Max    Med |   req/s  failures/s
--------|----------------------------------------------------------------------------|-------|-------------|-------|-------|-------|-------|--------|-----------
GET      /                                                                                 15     0(0.00%) |     17      12      33     15 |    1.00        0.00
GET      /cart                                                                             95     0(0.00%) |     12       7      56     11 |    7.10        0.00
POST     /cart [add]                                                                      136     0(0.00%) |     22       9     465     16 |    9.40        0.00
POST     /cart/checkout                                                                    46     0(0.00%) |     21      11      79     17 |    3.00        0.00
GET      /product/[id]                                                                    390     0(0.00%) |     30       7     750     11 |   27.70        0.00
POST     /setCurrency                                                                      67     0(0.00%) |     20      12      91     17 |    4.80        0.00
--------|----------------------------------------------------------------------------|-------|-------------|-------|-------|-------|-------|--------|-----------
         Aggregated                                                                       749     0(0.00%) |     25       7     750     13 |   53.00        0.00

Type     Name                                                                          # reqs      # fails |    Avg     Min     Max    Med |   req/s  failures/s
--------|----------------------------------------------------------------------------|-------|-------------|-------|-------|-------|-------|--------|-----------
GET      /                                                                                 19     0(0.00%) |     19      12      45     17 |    1.50        0.00
GET      /cart                                                                            118     0(0.00%) |     15       7      64     11 |    8.50        0.00
POST     /cart [add]                                                                      181     0(0.00%) |     27       9     465     17 |   11.80        0.00
POST     /cart/checkout                                                                    61     0(0.00%) |     25      11     174     18 |    3.90        0.00
GET      /product/[id]                                                                    488     0(0.00%) |     30       7     750     12 |   35.30        0.00
POST     /setCurrency                                                                      92     0(0.00%) |     23      12      91     17 |    5.70        0.00
--------|----------------------------------------------------------------------------|-------|-------------|-------|-------|-------|-------|--------|-----------
         Aggregated                                                                       959     0(0.00%) |     26       7     750     14 |   66.70        0.00

Type     Name                                                                          # reqs      # fails |    Avg     Min     Max    Med |   req/s  failures/s
--------|----------------------------------------------------------------------------|-------|-------------|-------|-------|-------|-------|--------|-----------
GET      /                                                                                 24     0(0.00%) |     26      12     116     17 |    1.80        0.00
GET      /cart                                                                            141     0(0.00%) |     23       7     295     12 |    9.90        0.00
POST     /cart [add]                                                                      217     0(0.00%) |     33       9     465     18 |   15.10        0.00
POST     /cart/checkout                                                                    73     0(0.00%) |     32      11     189     19 |    5.10        0.00
GET      /product/[id]                                                                    598     0(0.00%) |     36       7     750     12 |   41.90        0.00
POST     /setCurrency                                                                     118     0(0.00%) |     29      12     278     17 |    7.60        0.00
--------|----------------------------------------------------------------------------|-------|-------------|-------|-------|-------|-------|--------|-----------
         Aggregated                                                                      1171     0(0.00%) |     33       7     750     15 |   81.40        0.00

Type     Name                                                                          # reqs      # fails |    Avg     Min     Max    Med |   req/s  failures/s
--------|----------------------------------------------------------------------------|-------|-------------|-------|-------|-------|-------|--------|-----------
GET      /                                                                                 29     0(0.00%) |     26      12     116     17 |    2.10        0.00
GET      /cart                                                                            172     0(0.00%) |     32       7     295     12 |   11.20        0.00
POST     /cart [add]                                                                      258     0(0.00%) |     40       9     465     20 |   17.60        0.00
POST     /cart/checkout                                                                    91     0(0.00%) |     43      11     189     21 |    5.80        0.00
GET      /product/[id]                                                                    706     0(0.00%) |     43       7     750     13 |   46.50        0.00
POST     /setCurrency                                                                     141     0(0.00%) |     29      12     278     18 |    9.40        0.00
--------|----------------------------------------------------------------------------|-------|-------------|-------|-------|-------|-------|--------|-----------
         Aggregated                                                                      1397     0(0.00%) |     39       7     750     16 |   92.60        0.00

Type     Name                                                                          # reqs      # fails |    Avg     Min     Max    Med |   req/s  failures/s
--------|----------------------------------------------------------------------------|-------|-------------|-------|-------|-------|-------|--------|-----------
GET      /                                                                                 35     0(0.00%) |     95      12     885     17 |    2.20        0.00
GET      /cart                                                                            190     0(0.00%) |     53       7     828     13 |   12.50        0.00
POST     /cart [add]                                                                      285     0(0.00%) |     65       9    1049     20 |   19.00        0.00
POST     /cart/checkout                                                                   100     0(0.00%) |     60      11    1041     21 |    6.60        0.00
GET      /product/[id]                                                                    782     0(0.00%) |     67       7    1030     13 |   50.00        0.00
POST     /setCurrency                                                                     154     0(0.00%) |     50      12     868     18 |   10.30        0.00
--------|----------------------------------------------------------------------------|-------|-------------|-------|-------|-------|-------|--------|-----------
         Aggregated                                                                      1546     0(0.00%) |     63       7    1049     17 |  100.60        0.00

Type     Name                                                                          # reqs      # fails |    Avg     Min     Max    Med |   req/s  failures/s
--------|----------------------------------------------------------------------------|-------|-------------|-------|-------|-------|-------|--------|-----------
GET      /                                                                                 39     0(0.00%) |     87      12     885     17 |    2.50        0.00
GET      /cart                                                                            210     0(0.00%) |     61       7     828     13 |   11.70        0.00
POST     /cart [add]                                                                      317     0(0.00%) |     75       9    1049     21 |   18.80        0.00
POST     /cart/checkout                                                                   112     0(0.00%) |     76      11    1041     24 |    6.90        0.00
GET      /product/[id]                                                                    908     0(0.00%) |     79       7    1030     14 |   49.00        0.00
POST     /setCurrency                                                                     172     0(0.00%) |     47      12     868     18 |   10.30        0.00
--------|----------------------------------------------------------------------------|-------|-------------|-------|-------|-------|-------|--------|-----------
         Aggregated                                                                      1758     0(0.00%) |     73       7    1049     17 |   99.20        0.00

Type     Name                                                                          # reqs      # fails |    Avg     Min     Max    Med |   req/s  failures/s
--------|----------------------------------------------------------------------------|-------|-------------|-------|-------|-------|-------|--------|-----------
GET      /                                                                                 49     0(0.00%) |     73      11     885     17 |    2.40        0.00
GET      /cart                                                                            245     0(0.00%) |     77       7     828     14 |   11.50        0.00
POST     /cart [add]                                                                      357     0(0.00%) |     87       9    1049     25 |   18.10        0.00
POST     /cart/checkout                                                                   126     0(0.00%) |     86      11    1041     32 |    6.60        0.00
GET      /product/[id]                                                                   1022     0(0.00%) |     88       7    1030     16 |   51.70        0.00
POST     /setCurrency                                                                     192     0(0.00%) |     45      12     868     18 |   10.50        0.00
--------|----------------------------------------------------------------------------|-------|-------------|-------|-------|-------|-------|--------|-----------
         Aggregated                                                                      1991     0(0.00%) |     82       7    1049     19 |  100.80        0.00

Type     Name                                                                          # reqs      # fails |    Avg     Min     Max    Med |   req/s  failures/s
--------|----------------------------------------------------------------------------|-------|-------------|-------|-------|-------|-------|--------|-----------
GET      /                                                                                 57     0(0.00%) |     65      11     885     17 |    3.00        0.00
GET      /cart                                                                            276     0(0.00%) |     87       7     828     15 |   12.60        0.00
POST     /cart [add]                                                                      400     0(0.00%) |     97       9    1049     32 |   17.60        0.00
POST     /cart/checkout                                                                   140     0(0.00%) |     98      11    1041     45 |    6.50        0.00
GET      /product/[id]                                                                   1134     0(0.00%) |     95       7    1030     19 |   53.10        0.00
POST     /setCurrency                                                                     211     0(0.00%) |     43      12     868     18 |   10.00        0.00
--------|----------------------------------------------------------------------------|-------|-------------|-------|-------|-------|-------|--------|-----------
         Aggregated                                                                      2218     0(0.00%) |     89       7    1049     20 |  102.80        0.00

Type     Name                                                                          # reqs      # fails |    Avg     Min     Max    Med |   req/s  failures/s
--------|----------------------------------------------------------------------------|-------|-------------|-------|-------|-------|-------|--------|-----------
GET      /                                                                                 64     0(0.00%) |     69      11     885     17 |    3.30        0.00
GET      /cart                                                                            290     0(0.00%) |     99       7     920     17 |   13.40        0.00
POST     /cart [add]                                                                      422     0(0.00%) |    122       9    1220     35 |   18.20        0.00
POST     /cart/checkout                                                                   152     0(0.00%) |    110      11    1243     48 |    6.70        0.00
GET      /product/[id]                                                                   1206     0(0.00%) |    113       7    1134     22 |   53.00        0.00
POST     /setCurrency                                                                     230     0(0.00%) |     62      12     996     18 |    9.30        0.00
--------|----------------------------------------------------------------------------|-------|-------------|-------|-------|-------|-------|--------|-----------
         Aggregated                                                                      2364     0(0.00%) |    107       7    1243     21 |  103.90        0.00

Type     Name                                                                          # reqs      # fails |    Avg     Min     Max    Med |   req/s  failures/s
--------|----------------------------------------------------------------------------|-------|-------------|-------|-------|-------|-------|--------|-----------
GET      /                                                                                 71     0(0.00%) |     65      11     885     17 |    3.40        0.00
GET      /cart                                                                            324     0(0.00%) |    103       7     920     25 |   12.00        0.00
POST     /cart [add]                                                                      467     0(0.00%) |    123       9    1220     45 |   16.50        0.00
POST     /cart/checkout                                                                   161     0(0.00%) |    109      11    1243     50 |    6.20        0.00
GET      /product/[id]                                                                   1332     0(0.00%) |    115       7    1134     30 |   50.00        0.00
POST     /setCurrency                                                                     257     0(0.00%) |     58      12     996     18 |    8.80        0.00
--------|----------------------------------------------------------------------------|-------|-------------|-------|-------|-------|-------|--------|-----------
         Aggregated                                                                      2612     0(0.00%) |    108       7    1243     24 |   96.90        0.00

Type     Name                                                                          # reqs      # fails |    Avg     Min     Max    Med |   req/s  failures/s
--------|----------------------------------------------------------------------------|-------|-------------|-------|-------|-------|-------|--------|-----------
GET      /                                                                                 79     0(0.00%) |     61      11     885     17 |    3.60        0.00
GET      /cart                                                                            357     0(0.00%) |    104       7     920     36 |   13.40        0.00
POST     /cart [add]                                                                      512     0(0.00%) |    123       9    1220     50 |   18.10        0.00
POST     /cart/checkout                                                                   175     0(0.00%) |    110      11    1243     71 |    6.10        0.00
GET      /product/[id]                                                                   1456     0(0.00%) |    116       7    1134     39 |   55.00        0.00
POST     /setCurrency                                                                     287     0(0.00%) |     54      11     996     18 |   10.20        0.00
--------|----------------------------------------------------------------------------|-------|-------------|-------|-------|-------|-------|--------|-----------
         Aggregated                                                                      2866     0(0.00%) |    108       7    1243     28 |  106.40        0.00

Type     Name                                                                          # reqs      # fails |    Avg     Min     Max    Med |   req/s  failures/s
--------|----------------------------------------------------------------------------|-------|-------------|-------|-------|-------|-------|--------|-----------
GET      /                                                                                 82     0(0.00%) |     59      11     885     16 |    3.80        0.00
GET      /cart                                                                            382     0(0.00%) |    113       7     920     45 |   14.60        0.00
POST     /cart [add]                                                                      554     0(0.00%) |    132       9    1220     60 |   18.50        0.00
POST     /cart/checkout                                                                   194     0(0.00%) |    126      11    1243     86 |    5.90        0.00
GET      /product/[id]                                                                   1553     0(0.00%) |    120       7    1134     48 |   55.20        0.00
POST     /setCurrency                                                                     310     0(0.00%) |     55      11     996     18 |   10.70        0.00
--------|----------------------------------------------------------------------------|-------|-------------|-------|-------|-------|-------|--------|-----------
         Aggregated                                                                      3075     0(0.00%) |    113       7    1243     34 |  108.70        0.00

Type     Name                                                                          # reqs      # fails |    Avg     Min     Max    Med |   req/s  failures/s
--------|----------------------------------------------------------------------------|-------|-------------|-------|-------|-------|-------|--------|-----------
GET      /                                                                                 84     0(0.00%) |     78      11     939     16 |    3.30        0.00
GET      /cart                                                                            402     0(0.00%) |    124       7     920     59 |   13.80        0.00
POST     /cart [add]                                                                      575     0(0.00%) |    144       9    1305     67 |   19.70        0.00
POST     /cart/checkout                                                                   200     0(0.00%) |    137      11    1302     87 |    6.80        0.00
GET      /product/[id]                                                                   1639     0(0.00%) |    131       7    1134     58 |   53.50        0.00
POST     /setCurrency                                                                     331     0(0.00%) |     63      11     996     18 |   11.80        0.00
--------|----------------------------------------------------------------------------|-------|-------------|-------|-------|-------|-------|--------|-----------
         Aggregated                                                                      3231     0(0.00%) |    125       7    1305     39 |  108.90        0.00

Type     Name                                                                          # reqs      # fails |    Avg     Min     Max    Med |   req/s  failures/s
--------|----------------------------------------------------------------------------|-------|-------------|-------|-------|-------|-------|--------|-----------
GET      /                                                                                 97     0(0.00%) |     69      11     939     16 |    2.70        0.00
GET      /cart                                                                            439     0(0.00%) |    122       7     920     66 |   12.70        0.00
POST     /cart [add]                                                                      614     0(0.00%) |    143       9    1305     72 |   17.60        0.00
POST     /cart/checkout                                                                   223     0(0.00%) |    137      11    1302     93 |    6.10        0.00
GET      /product/[id]                                                                   1755     0(0.00%) |    130       7    1134     67 |   51.00        0.00
POST     /setCurrency                                                                     359     0(0.00%) |     60      11     996     18 |   11.90        0.00
--------|----------------------------------------------------------------------------|-------|-------------|-------|-------|-------|-------|--------|-----------
         Aggregated                                                                      3487     0(0.00%) |    123       7    1305     44 |  102.00        0.00

Type     Name                                                                          # reqs      # fails |    Avg     Min     Max    Med |   req/s  failures/s
--------|----------------------------------------------------------------------------|-------|-------------|-------|-------|-------|-------|--------|-----------
GET      /                                                                                110     0(0.00%) |     64      11     939     17 |    3.40        0.00
GET      /cart                                                                            457     0(0.00%) |    123       7     920     67 |   14.90        0.00
POST     /cart [add]                                                                      661     0(0.00%) |    146       9    1305     93 |   19.20        0.00
POST     /cart/checkout                                                                   237     0(0.00%) |    143      11    1302    110 |    7.10        0.00
GET      /product/[id]                                                                   1878     0(0.00%) |    132       7    1134     77 |   54.90        0.00
POST     /setCurrency                                                                     375     0(0.00%) |     58      11     996     18 |   12.90        0.00
--------|----------------------------------------------------------------------------|-------|-------------|-------|-------|-------|-------|--------|-----------
         Aggregated                                                                      3718     0(0.00%) |    125       7    1305     47 |  112.40        0.00

Type     Name                                                                          # reqs      # fails |    Avg     Min     Max    Med |   req/s  failures/s
--------|----------------------------------------------------------------------------|-------|-------------|-------|-------|-------|-------|--------|-----------
GET      /                                                                                116     0(0.00%) |     62      11     939     16 |    3.90        0.00
GET      /cart                                                                            479     0(0.00%) |    122       7     920     68 |   13.30        0.00
POST     /cart [add]                                                                      709     0(0.00%) |    146       9    1305    100 |   19.40        0.00
POST     /cart/checkout                                                                   264     0(0.00%) |    144      11    1302    110 |    7.70        0.00
GET      /product/[id]                                                                   1999     0(0.00%) |    132       7    1134     88 |   54.50        0.00
POST     /setCurrency                                                                     403     0(0.00%) |     56      11     996     18 |   11.90        0.00
--------|----------------------------------------------------------------------------|-------|-------------|-------|-------|-------|-------|--------|-----------
         Aggregated                                                                      3970     0(0.00%) |    124       7    1305     51 |  110.70        0.00

Type     Name                                                                          # reqs      # fails |    Avg     Min     Max    Med |   req/s  failures/s
--------|----------------------------------------------------------------------------|-------|-------------|-------|-------|-------|-------|--------|-----------
GET      /                                                                                123     0(0.00%) |     64      11     939     17 |    3.70        0.00
GET      /cart                                                                            500     0(0.00%) |    126       7     920     78 |   12.20        0.00
POST     /cart [add]                                                                      744     0(0.00%) |    152       9    1305    110 |   19.60        0.00
POST     /cart/checkout                                                                   282     0(0.00%) |    147      11    1302    110 |    8.90        0.00
GET      /product/[id]                                                                   2106     0(0.00%) |    137       7    1134    100 |   54.30        0.00
POST     /setCurrency                                                                     413     0(0.00%) |     58      11     996     18 |   11.70        0.00
--------|----------------------------------------------------------------------------|-------|-------------|-------|-------|-------|-------|--------|-----------
         Aggregated                                                                      4168     0(0.00%) |    129       7    1305     59 |  110.40        0.00

Type     Name                                                                          # reqs      # fails |    Avg     Min     Max    Med |   req/s  failures/s
--------|----------------------------------------------------------------------------|-------|-------------|-------|-------|-------|-------|--------|-----------
GET      /                                                                                134     0(0.00%) |     61      11     939     17 |    4.00        0.00
GET      /cart                                                                            533     0(0.00%) |    127       7     920     84 |   11.60        0.00
POST     /cart [add]                                                                      780     0(0.00%) |    152       9    1305    110 |   18.80        0.00
POST     /cart/checkout                                                                   299     0(0.00%) |    148      11    1302    120 |    8.60        0.00
GET      /product/[id]                                                                   2226     0(0.00%) |    138       7    1134    110 |   55.10        0.00
POST     /setCurrency                                                                     435     0(0.00%) |     57      11     996     18 |   10.30        0.00
--------|----------------------------------------------------------------------------|-------|-------------|-------|-------|-------|-------|--------|-----------
         Aggregated                                                                      4407     0(0.00%) |    129       7    1305     66 |  108.40        0.00

Type     Name                                                                          # reqs      # fails |    Avg     Min     Max    Med |   req/s  failures/s
--------|----------------------------------------------------------------------------|-------|-------------|-------|-------|-------|-------|--------|-----------
GET      /                                                                                135     0(0.00%) |     60      11     939     17 |    5.00        0.00
GET      /cart                                                                            554     0(0.00%) |    135       7    1046     89 |   12.90        0.00
POST     /cart [add]                                                                      803     0(0.00%) |    161       9    1337    120 |   20.60        0.00
POST     /cart/checkout                                                                   303     0(0.00%) |    148      11    1302    130 |    9.90        0.00
GET      /product/[id]                                                                   2297     0(0.00%) |    149       7    1288    110 |   58.50        0.00
POST     /setCurrency                                                                     452     0(0.00%) |     62      11    1015     18 |   10.30        0.00
--------|----------------------------------------------------------------------------|-------|-------------|-------|-------|-------|-------|--------|-----------
         Aggregated                                                                      4544     0(0.00%) |    138       7    1337     72 |  117.20        0.00

Type     Name                                                                          # reqs      # fails |    Avg     Min     Max    Med |   req/s  failures/s
--------|----------------------------------------------------------------------------|-------|-------------|-------|-------|-------|-------|--------|-----------
GET      /                                                                                140     0(0.00%) |     59      11     939     17 |    3.80        0.00
GET      /cart                                                                            582     0(0.00%) |    137       6    1046     97 |   11.00        0.00
POST     /cart [add]                                                                      847     0(0.00%) |    161       9    1337    120 |   18.50        0.00
POST     /cart/checkout                                                                   323     0(0.00%) |    151      11    1302    160 |    7.90        0.00
GET      /product/[id]                                                                   2403     0(0.00%) |    150       7    1288    120 |   54.20        0.00
POST     /setCurrency                                                                     477     0(0.00%) |     61      11    1015     18 |    9.40        0.00
--------|----------------------------------------------------------------------------|-------|-------------|-------|-------|-------|-------|--------|-----------
         Aggregated                                                                      4772     0(0.00%) |    139       6    1337     77 |  104.80        0.00

Type     Name                                                                          # reqs      # fails |    Avg     Min     Max    Med |   req/s  failures/s
--------|----------------------------------------------------------------------------|-------|-------------|-------|-------|-------|-------|--------|-----------
GET      /                                                                                147     0(0.00%) |     57      11     939     17 |    3.00        0.00
GET      /cart                                                                            615     0(0.00%) |    137       6    1046    110 |   12.50        0.00
POST     /cart [add]                                                                      884     0(0.00%) |    161       9    1337    130 |   18.50        0.00
POST     /cart/checkout                                                                   343     0(0.00%) |    152      11    1302    170 |    8.50        0.00
GET      /product/[id]                                                                   2524     0(0.00%) |    151       7    1288    120 |   52.20        0.00
POST     /setCurrency                                                                     498     0(0.00%) |     59      11    1015     18 |   10.00        0.00
--------|----------------------------------------------------------------------------|-------|-------------|-------|-------|-------|-------|--------|-----------
         Aggregated                                                                      5011     0(0.00%) |    139       6    1337     83 |  104.70        0.00

Type     Name                                                                          # reqs      # fails |    Avg     Min     Max    Med |   req/s  failures/s
--------|----------------------------------------------------------------------------|-------|-------------|-------|-------|-------|-------|--------|-----------
GET      /                                                                                153     0(0.00%) |     56      11     939     17 |    3.10        0.00
GET      /cart                                                                            645     0(0.00%) |    136       6    1046    110 |   13.50        0.00
POST     /cart [add]                                                                      920     0(0.00%) |    161       9    1337    130 |   17.50        0.00
POST     /cart/checkout                                                                   355     0(0.00%) |    152      11    1302    170 |    7.90        0.00
GET      /product/[id]                                                                   2652     0(0.00%) |    150       7    1288    130 |   52.00        0.00
POST     /setCurrency                                                                     526     0(0.00%) |     57      11    1015     18 |    9.40        0.00
--------|----------------------------------------------------------------------------|-------|-------------|-------|-------|-------|-------|--------|-----------
         Aggregated                                                                      5251     0(0.00%) |    138       6    1337     86 |  103.40        0.00

Type     Name                                                                          # reqs      # fails |    Avg     Min     Max    Med |   req/s  failures/s
--------|----------------------------------------------------------------------------|-------|-------------|-------|-------|-------|-------|--------|-----------
GET      /                                                                                154     0(0.00%) |     55      11     939     17 |    3.10        0.00
GET      /cart                                                                            679     0(0.00%) |    137       6    1046    120 |   14.60        0.00
POST     /cart [add]                                                                      963     0(0.00%) |    161       9    1337    140 |   17.60        0.00
POST     /cart/checkout                                                                   367     0(0.00%) |    152      11    1302    180 |    7.30        0.00
GET      /product/[id]                                                                   2773     0(0.00%) |    150       7    1288    130 |   54.40        0.00
POST     /setCurrency                                                                     551     0(0.00%) |     56      11    1015     18 |   11.30        0.00
--------|----------------------------------------------------------------------------|-------|-------------|-------|-------|-------|-------|--------|-----------
         Aggregated                                                                      5487     0(0.00%) |    138       6    1337     93 |  108.30        0.00

Type     Name                                                                          # reqs      # fails |    Avg     Min     Max    Med |   req/s  failures/s
--------|----------------------------------------------------------------------------|-------|-------------|-------|-------|-------|-------|--------|-----------
GET      /                                                                                166     0(0.00%) |     54      11     939     17 |    2.00        0.00
GET      /cart                                                                            711     0(0.00%) |    137       6    1046    130 |   14.70        0.00
POST     /cart [add]                                                                     1001     0(0.00%) |    160       9    1337    140 |   18.00        0.00
POST     /cart/checkout                                                                   381     0(0.00%) |    152      11    1302    180 |    6.80        0.00
GET      /product/[id]                                                                   2895     0(0.00%) |    149       6    1288    130 |   54.60        0.00
POST     /setCurrency                                                                     578     0(0.00%) |     55      11    1015     18 |   11.80        0.00
--------|----------------------------------------------------------------------------|-------|-------------|-------|-------|-------|-------|--------|-----------
         Aggregated                                                                      5732     0(0.00%) |    137       6    1337     96 |  107.90        0.00

Type     Name                                                                          # reqs      # fails |    Avg     Min     Max    Med |   req/s  failures/s
--------|----------------------------------------------------------------------------|-------|-------------|-------|-------|-------|-------|--------|-----------
GET      /                                                                                172     0(0.00%) |     53      11     939     17 |    3.00        0.00
GET      /cart                                                                            745     0(0.00%) |    140       6    1046    130 |   16.10        0.00
POST     /cart [add]                                                                     1036     0(0.00%) |    160       9    1337    140 |   20.20        0.00
POST     /cart/checkout                                                                   391     0(0.00%) |    151      11    1302    180 |    7.80        0.00
GET      /product/[id]                                                                   3016     0(0.00%) |    150       6    1288    130 |   59.40        0.00
POST     /setCurrency                                                                     601     0(0.00%) |     55      11    1015     18 |   12.60        0.00
--------|----------------------------------------------------------------------------|-------|-------------|-------|-------|-------|-------|--------|-----------
         Aggregated                                                                      5961     0(0.00%) |    138       6    1337    100 |  119.10        0.00

Type     Name                                                                          # reqs      # fails |    Avg     Min     Max    Med |   req/s  failures/s
--------|----------------------------------------------------------------------------|-------|-------------|-------|-------|-------|-------|--------|-----------
GET      /                                                                                175     0(0.00%) |     56      11     939     17 |    3.20        0.00
GET      /cart                                                                            769     0(0.00%) |    146       6    1046    140 |   16.00        0.00
POST     /cart [add]                                                                     1060     0(0.00%) |    164       9    1337    140 |   18.90        0.00
POST     /cart/checkout                                                                   401     0(0.00%) |    150      11    1302    180 |    6.80        0.00
GET      /product/[id]                                                                   3097     0(0.00%) |    155       6    1288    140 |   61.30        0.00
POST     /setCurrency                                                                     620     0(0.00%) |     62      10    1015     18 |   12.60        0.00
--------|----------------------------------------------------------------------------|-------|-------------|-------|-------|-------|-------|--------|-----------
         Aggregated                                                                      6122     0(0.00%) |    143       6    1337    110 |  118.80        0.00

Type     Name                                                                          # reqs      # fails |    Avg     Min     Max    Med |   req/s  failures/s
--------|----------------------------------------------------------------------------|-------|-------------|-------|-------|-------|-------|--------|-----------
GET      /                                                                                184     0(0.00%) |     54      11     939     17 |    2.80        0.00
GET      /cart                                                                            791     0(0.00%) |    147       6    1046    140 |   15.40        0.00
POST     /cart [add]                                                                     1097     0(0.00%) |    164       9    1337    140 |   17.70        0.00
POST     /cart/checkout                                                                   419     0(0.00%) |    154      11    1302    190 |    5.60        0.00
GET      /product/[id]                                                                   3217     0(0.00%) |    156       6    1288    140 |   57.50        0.00
POST     /setCurrency                                                                     647     0(0.00%) |     61      10    1015     18 |   12.40        0.00
--------|----------------------------------------------------------------------------|-------|-------------|-------|-------|-------|-------|--------|-----------
         Aggregated                                                                      6355     0(0.00%) |    143       6    1337    110 |  111.40        0.00

Type     Name                                                                          # reqs      # fails |    Avg     Min     Max    Med |   req/s  failures/s
--------|----------------------------------------------------------------------------|-------|-------------|-------|-------|-------|-------|--------|-----------
GET      /                                                                                189     0(0.00%) |     54      11     939     17 |    3.00        0.00
GET      /cart                                                                            832     0(0.00%) |    147       6    1046    140 |   14.70        0.00
POST     /cart [add]                                                                     1129     0(0.00%) |    164       9    1337    150 |   17.60        0.00
POST     /cart/checkout                                                                   432     0(0.00%) |    155      11    1302    190 |    6.60        0.00
GET      /product/[id]                                                                   3334     0(0.00%) |    155       6    1288    140 |   55.90        0.00
POST     /setCurrency                                                                     671     0(0.00%) |     60      10    1015     18 |   12.10        0.00
--------|----------------------------------------------------------------------------|-------|-------------|-------|-------|-------|-------|--------|-----------
         Aggregated                                                                      6587     0(0.00%) |    143       6    1337    110 |  109.90        0.00

Type     Name                                                                          # reqs      # fails |    Avg     Min     Max    Med |   req/s  failures/s
--------|----------------------------------------------------------------------------|-------|-------------|-------|-------|-------|-------|--------|-----------
GET      /                                                                                196     0(0.00%) |     53      11     939     17 |    3.50        0.00
GET      /cart                                                                            861     0(0.00%) |    147       6    1046    140 |   15.30        0.00
POST     /cart [add]                                                                     1175     0(0.00%) |    164       9    1337    150 |   16.80        0.00
POST     /cart/checkout                                                                   449     0(0.00%) |    155      11    1302    190 |    6.50        0.00
GET      /product/[id]                                                                   3459     0(0.00%) |    155       6    1288    140 |   55.70        0.00
POST     /setCurrency                                                                     685     0(0.00%) |     59      10    1015     18 |   11.90        0.00
--------|----------------------------------------------------------------------------|-------|-------------|-------|-------|-------|-------|--------|-----------
         Aggregated                                                                      6825     0(0.00%) |    143       6    1337    120 |  109.70        0.00

Type     Name                                                                          # reqs      # fails |    Avg     Min     Max    Med |   req/s  failures/s
--------|----------------------------------------------------------------------------|-------|-------------|-------|-------|-------|-------|--------|-----------
GET      /                                                                                205     0(0.00%) |     52      11     939     17 |    3.10        0.00
GET      /cart                                                                            892     0(0.00%) |    148       6    1046    150 |   15.10        0.00
POST     /cart [add]                                                                     1215     0(0.00%) |    163       9    1337    150 |   17.20        0.00
POST     /cart/checkout                                                                   470     0(0.00%) |    156      11    1302    190 |    6.90        0.00
GET      /product/[id]                                                                   3574     0(0.00%) |    154       6    1288    150 |   56.30        0.00
POST     /setCurrency                                                                     711     0(0.00%) |     58      10    1015     18 |   10.70        0.00
--------|----------------------------------------------------------------------------|-------|-------------|-------|-------|-------|-------|--------|-----------
         Aggregated                                                                      7067     0(0.00%) |    143       6    1337    120 |  109.30        0.00

Type     Name                                                                          # reqs      # fails |    Avg     Min     Max    Med |   req/s  failures/s
--------|----------------------------------------------------------------------------|-------|-------------|-------|-------|-------|-------|--------|-----------
GET      /                                                                                210     0(0.00%) |     52      11     939     17 |    3.30        0.00
GET      /cart                                                                            926     0(0.00%) |    149       6    1046    150 |   15.00        0.00
POST     /cart [add]                                                                     1249     0(0.00%) |    163       9    1337    150 |   17.90        0.00
POST     /cart/checkout                                                                   486     0(0.00%) |    155      11    1302    190 |    7.90        0.00
GET      /product/[id]                                                                   3703     0(0.00%) |    154       6    1288    150 |   55.50        0.00
POST     /setCurrency                                                                     734     0(0.00%) |     58      10    1015     18 |   10.90        0.00
--------|----------------------------------------------------------------------------|-------|-------------|-------|-------|-------|-------|--------|-----------
         Aggregated                                                                      7308     0(0.00%) |    142       6    1337    120 |  110.50        0.00

Type     Name                                                                          # reqs      # fails |    Avg     Min     Max    Med |   req/s  failures/s
--------|----------------------------------------------------------------------------|-------|-------------|-------|-------|-------|-------|--------|-----------
GET      /                                                                                214     0(0.00%) |     52      11     939     17 |    3.50        0.00
GET      /cart                                                                            970     0(0.00%) |    149       6    1046    150 |   15.70        0.00
POST     /cart [add]                                                                     1283     0(0.00%) |    163       9    1337    150 |   18.70        0.00
POST     /cart/checkout                                                                   495     0(0.00%) |    155      11    1302    190 |    8.60        0.00
GET      /product/[id]                                                                   3831     0(0.00%) |    153       6    1288    150 |   60.50        0.00
POST     /setCurrency                                                                     759     0(0.00%) |     57      10    1015     18 |   11.40        0.00
--------|----------------------------------------------------------------------------|-------|-------------|-------|-------|-------|-------|--------|-----------
         Aggregated                                                                      7552     0(0.00%) |    142       6    1337    120 |  118.40        0.00

Type     Name                                                                          # reqs      # fails |    Avg     Min     Max    Med |   req/s  failures/s
--------|----------------------------------------------------------------------------|-------|-------------|-------|-------|-------|-------|--------|-----------
GET      /                                                                                230     0(0.00%) |     50      11     939     17 |    2.90        0.00
GET      /cart                                                                            998     0(0.00%) |    149       6    1046    150 |   17.70        0.00
POST     /cart [add]                                                                     1325     0(0.00%) |    163       9    1337    150 |   18.70        0.00
POST     /cart/checkout                                                                   508     0(0.00%) |    155      11    1302    190 |    7.60        0.00
GET      /product/[id]                                                                   3952     0(0.00%) |    152       6    1288    150 |   61.80        0.00
POST     /setCurrency                                                                     778     0(0.00%) |     56      10    1015     18 |   11.00        0.00
--------|----------------------------------------------------------------------------|-------|-------------|-------|-------|-------|-------|--------|-----------
         Aggregated                                                                      7791     0(0.00%) |    141       6    1337    120 |  119.70        0.00

Type     Name                                                                          # reqs      # fails |    Avg     Min     Max    Med |   req/s  failures/s
--------|----------------------------------------------------------------------------|-------|-------------|-------|-------|-------|-------|--------|-----------
GET      /                                                                                235     0(0.00%) |     49      11     939     17 |    4.10        0.00
GET      /cart                                                                           1025     0(0.00%) |    148       6    1046    150 |   16.60        0.00
POST     /cart [add]                                                                     1369     0(0.00%) |    162       9    1337    150 |   19.60        0.00
POST     /cart/checkout                                                                   526     0(0.00%) |    156      11    1302    190 |    7.60        0.00
GET      /product/[id]                                                                   4064     0(0.00%) |    152       6    1288    150 |   61.90        0.00
POST     /setCurrency                                                                     807     0(0.00%) |     55      10    1015     18 |   10.80        0.00
--------|----------------------------------------------------------------------------|-------|-------------|-------|-------|-------|-------|--------|-----------
         Aggregated                                                                      8026     0(0.00%) |    141       6    1337    120 |  120.60        0.00

Type     Name                                                                          # reqs      # fails |    Avg     Min     Max    Med |   req/s  failures/s
--------|----------------------------------------------------------------------------|-------|-------------|-------|-------|-------|-------|--------|-----------
GET      /                                                                                240     0(0.00%) |     50      11     939     17 |    3.90        0.00
GET      /cart                                                                           1055     0(0.00%) |    149       6    1046    150 |   16.40        0.00
POST     /cart [add]                                                                     1414     0(0.00%) |    162       9    1337    150 |   19.50        0.00
POST     /cart/checkout                                                                   543     0(0.00%) |    157      11    1302    190 |    7.70        0.00
GET      /product/[id]                                                                   4174     0(0.00%) |    152       6    1288    150 |   60.60        0.00
POST     /setCurrency                                                                     832     0(0.00%) |     55      10    1015     18 |   12.20        0.00
--------|----------------------------------------------------------------------------|-------|-------------|-------|-------|-------|-------|--------|-----------
         Aggregated                                                                      8258     0(0.00%) |    141       6    1337    130 |  120.30        0.00

Type     Name                                                                          # reqs      # fails |    Avg     Min     Max    Med |   req/s  failures/s
--------|----------------------------------------------------------------------------|-------|-------------|-------|-------|-------|-------|--------|-----------
GET      /                                                                                246     0(0.00%) |     49      11     939     17 |    3.50        0.00
GET      /cart                                                                           1084     0(0.00%) |    150       6    1046    150 |   16.20        0.00
POST     /cart [add]                                                                     1461     0(0.00%) |    162       9    1337    150 |   19.70        0.00
POST     /cart/checkout                                                                   558     0(0.00%) |    158      11    1302    190 |    7.20        0.00
GET      /product/[id]                                                                   4283     0(0.00%) |    153       6    1288    150 |   60.20        0.00
POST     /setCurrency                                                                     856     0(0.00%) |     54      10    1015     19 |   12.10        0.00
--------|----------------------------------------------------------------------------|-------|-------------|-------|-------|-------|-------|--------|-----------
         Aggregated                                                                      8488     0(0.00%) |    141       6    1337    130 |  118.90        0.00

Type     Name                                                                          # reqs      # fails |    Avg     Min     Max    Med |   req/s  failures/s
--------|----------------------------------------------------------------------------|-------|-------------|-------|-------|-------|-------|--------|-----------
GET      /                                                                                249     0(0.00%) |     49      11     939     17 |    3.50        0.00
GET      /cart                                                                           1127     0(0.00%) |    150       6    1046    150 |   15.90        0.00
POST     /cart [add]                                                                     1502     0(0.00%) |    162       9    1337    150 |   21.00        0.00
POST     /cart/checkout                                                                   571     0(0.00%) |    158      11    1302    190 |    7.20        0.00
GET      /product/[id]                                                                   4399     0(0.00%) |    152       6    1288    150 |   58.40        0.00
POST     /setCurrency                                                                     880     0(0.00%) |     54      10    1015     19 |   12.20        0.00
--------|----------------------------------------------------------------------------|-------|-------------|-------|-------|-------|-------|--------|-----------
         Aggregated                                                                      8728     0(0.00%) |    141       6    1337    130 |  118.20        0.00

Type     Name                                                                          # reqs      # fails |    Avg     Min     Max    Med |   req/s  failures/s
--------|----------------------------------------------------------------------------|-------|-------------|-------|-------|-------|-------|--------|-----------
GET      /                                                                                256     0(0.00%) |     48      11     939     17 |    3.70        0.00
GET      /cart                                                                           1155     0(0.00%) |    150       6    1046    160 |   15.70        0.00
POST     /cart [add]                                                                     1546     0(0.00%) |    162       9    1337    160 |   21.80        0.00
POST     /cart/checkout                                                                   583     0(0.00%) |    158      11    1302    190 |    7.50        0.00
GET      /product/[id]                                                                   4524     0(0.00%) |    152       6    1288    150 |   57.10        0.00
POST     /setCurrency                                                                     902     0(0.00%) |     53      10    1015     18 |   12.20        0.00
--------|----------------------------------------------------------------------------|-------|-------------|-------|-------|-------|-------|--------|-----------
         Aggregated                                                                      8966     0(0.00%) |    141       6    1337    130 |  118.00        0.00

Type     Name                                                                          # reqs      # fails |    Avg     Min     Max    Med |   req/s  failures/s
--------|----------------------------------------------------------------------------|-------|-------------|-------|-------|-------|-------|--------|-----------
GET      /                                                                                261     0(0.00%) |     48      11     939     17 |    2.60        0.00
GET      /cart                                                                           1189     0(0.00%) |    150       6    1046    160 |   15.50        0.00
POST     /cart [add]                                                                     1586     0(0.00%) |    162       9    1337    160 |   22.00        0.00
POST     /cart/checkout                                                                   590     0(0.00%) |    158      11    1302    190 |    7.40        0.00
GET      /product/[id]                                                                   4650     0(0.00%) |    152       6    1288    150 |   57.30        0.00
POST     /setCurrency                                                                     918     0(0.00%) |     53      10    1015     18 |   12.40        0.00
--------|----------------------------------------------------------------------------|-------|-------------|-------|-------|-------|-------|--------|-----------
         Aggregated                                                                      9194     0(0.00%) |    141       6    1337    130 |  117.20        0.00

Type     Name                                                                          # reqs      # fails |    Avg     Min     Max    Med |   req/s  failures/s
--------|----------------------------------------------------------------------------|-------|-------------|-------|-------|-------|-------|--------|-----------
GET      /                                                                                266     0(0.00%) |     47      11     939     17 |    2.50        0.00
GET      /cart                                                                           1226     0(0.00%) |    150       6    1046    160 |   16.20        0.00
POST     /cart [add]                                                                     1626     0(0.00%) |    161       9    1337    160 |   21.60        0.00
POST     /cart/checkout                                                                   604     0(0.00%) |    159      11    1302    190 |    6.40        0.00
GET      /product/[id]                                                                   4769     0(0.00%) |    152       6    1288    150 |   58.40        0.00
POST     /setCurrency                                                                     939     0(0.00%) |     52      10    1015     18 |   11.10        0.00
--------|----------------------------------------------------------------------------|-------|-------------|-------|-------|-------|-------|--------|-----------
         Aggregated                                                                      9430     0(0.00%) |    141       6    1337    130 |  116.20        0.00

Type     Name                                                                          # reqs      # fails |    Avg     Min     Max    Med |   req/s  failures/s
--------|----------------------------------------------------------------------------|-------|-------------|-------|-------|-------|-------|--------|-----------
GET      /                                                                                270     0(0.00%) |     47      11     939     17 |    2.60        0.00
GET      /cart                                                                           1253     0(0.00%) |    149       6    1046    160 |   16.80        0.00
POST     /cart [add]                                                                     1668     0(0.00%) |    161       9    1337    160 |   21.40        0.00
POST     /cart/checkout                                                                   612     0(0.00%) |    158      11    1302    190 |    6.20        0.00
GET      /product/[id]                                                                   4902     0(0.00%) |    152       6    1288    150 |   59.40        0.00
POST     /setCurrency                                                                     961     0(0.00%) |     51      10    1015     18 |   10.70        0.00
--------|----------------------------------------------------------------------------|-------|-------------|-------|-------|-------|-------|--------|-----------
         Aggregated                                                                      9666     0(0.00%) |    141       6    1337    130 |  117.10        0.00

Type     Name                                                                          # reqs      # fails |    Avg     Min     Max    Med |   req/s  failures/s
--------|----------------------------------------------------------------------------|-------|-------------|-------|-------|-------|-------|--------|-----------
GET      /                                                                                278     0(0.00%) |     46      11     939     17 |    2.50        0.00
GET      /cart                                                                           1286     0(0.00%) |    150       6    1046    160 |   16.70        0.00
POST     /cart [add]                                                                     1706     0(0.00%) |    161       9    1337    160 |   21.00        0.00
POST     /cart/checkout                                                                   628     0(0.00%) |    159      11    1302    190 |    5.50        0.00
GET      /product/[id]                                                                   5022     0(0.00%) |    152       6    1288    150 |   61.50        0.00
POST     /setCurrency                                                                     983     0(0.00%) |     51      10    1015     18 |   10.40        0.00
--------|----------------------------------------------------------------------------|-------|-------------|-------|-------|-------|-------|--------|-----------
         Aggregated                                                                      9903     0(0.00%) |    141       6    1337    130 |  117.60        0.00

Type     Name                                                                          # reqs      # fails |    Avg     Min     Max    Med |   req/s  failures/s
--------|----------------------------------------------------------------------------|-------|-------------|-------|-------|-------|-------|--------|-----------
GET      /                                                                                284     0(0.00%) |     46      11     939     17 |    2.80        0.00
GET      /cart                                                                           1324     0(0.00%) |    149       6    1046    160 |   15.80        0.00
POST     /cart [add]                                                                     1748     0(0.00%) |    161       9    1337    160 |   20.50        0.00
POST     /cart/checkout                                                                   639     0(0.00%) |    159      11    1302    190 |    5.80        0.00
GET      /product/[id]                                                                   5138     0(0.00%) |    152       6    1288    150 |   61.90        0.00
POST     /setCurrency                                                                     999     0(0.00%) |     50      10    1015     18 |   10.20        0.00
--------|----------------------------------------------------------------------------|-------|-------------|-------|-------|-------|-------|--------|-----------
         Aggregated                                                                     10132     0(0.00%) |    141       6    1337    140 |  117.00        0.00

Type     Name                                                                          # reqs      # fails |    Avg     Min     Max    Med |   req/s  failures/s
--------|----------------------------------------------------------------------------|-------|-------------|-------|-------|-------|-------|--------|-----------
GET      /                                                                                292     0(0.00%) |     45      11     939     17 |    2.80        0.00
GET      /cart                                                                           1364     0(0.00%) |    150       6    1046    160 |   17.10        0.00
POST     /cart [add]                                                                     1794     0(0.00%) |    161       9    1337    160 |   20.20        0.00
POST     /cart/checkout                                                                   657     0(0.00%) |    159      11    1302    190 |    5.70        0.00
GET      /product/[id]                                                                   5239     0(0.00%) |    152       6    1288    160 |   61.40        0.00
POST     /setCurrency                                                                    1022     0(0.00%) |     50      10    1015     18 |    9.70        0.00
--------|----------------------------------------------------------------------------|-------|-------------|-------|-------|-------|-------|--------|-----------
         Aggregated                                                                     10368     0(0.00%) |    141       6    1337    140 |  116.90        0.00

Type     Name                                                                          # reqs      # fails |    Avg     Min     Max    Med |   req/s  failures/s
--------|----------------------------------------------------------------------------|-------|-------------|-------|-------|-------|-------|--------|-----------
GET      /                                                                                300     0(0.00%) |     45      11     939     17 |    3.20        0.00
GET      /cart                                                                           1394     0(0.00%) |    150       6    1046    160 |   17.60        0.00
POST     /cart [add]                                                                     1838     0(0.00%) |    161       9    1337    160 |   20.90        0.00
POST     /cart/checkout                                                                   674     0(0.00%) |    161      11    1302    190 |    6.70        0.00
GET      /product/[id]                                                                   5345     0(0.00%) |    152       6    1288    160 |   59.50        0.00
POST     /setCurrency                                                                    1048     0(0.00%) |     51      10    1015     18 |   10.30        0.00
--------|----------------------------------------------------------------------------|-------|-------------|-------|-------|-------|-------|--------|-----------
         Aggregated                                                                     10599     0(0.00%) |    141       6    1337    140 |  118.20        0.00

Type     Name                                                                          # reqs      # fails |    Avg     Min     Max    Med |   req/s  failures/s
--------|----------------------------------------------------------------------------|-------|-------------|-------|-------|-------|-------|--------|-----------
GET      /                                                                                304     0(0.00%) |     44      11     939     17 |    3.30        0.00
GET      /cart                                                                           1419     0(0.00%) |    149       6    1046    160 |   17.10        0.00
POST     /cart [add]                                                                     1879     0(0.00%) |    161       9    1337    160 |   21.30        0.00
POST     /cart/checkout                                                                   694     0(0.00%) |    161      11    1302    190 |    6.70        0.00
GET      /product/[id]                                                                   5473     0(0.00%) |    152       6    1288    160 |   57.60        0.00
POST     /setCurrency                                                                    1065     0(0.00%) |     51      10    1015     18 |   10.90        0.00
--------|----------------------------------------------------------------------------|-------|-------------|-------|-------|-------|-------|--------|-----------
         Aggregated                                                                     10834     0(0.00%) |    141       6    1337    140 |  116.90        0.00

Type     Name                                                                          # reqs      # fails |    Avg     Min     Max    Med |   req/s  failures/s
--------|----------------------------------------------------------------------------|-------|-------------|-------|-------|-------|-------|--------|-----------
GET      /                                                                                308     0(0.00%) |     44      11     939     17 |    3.40        0.00
GET      /cart                                                                           1448     0(0.00%) |    149       6    1046    160 |   16.80        0.00
POST     /cart [add]                                                                     1918     0(0.00%) |    161       9    1337    160 |   21.00        0.00
POST     /cart/checkout                                                                   711     0(0.00%) |    160      11    1302    190 |    8.20        0.00
GET      /product/[id]                                                                   5603     0(0.00%) |    152       6    1288    160 |   57.00        0.00
POST     /setCurrency                                                                    1085     0(0.00%) |     50      10    1015     18 |   10.30        0.00
--------|----------------------------------------------------------------------------|-------|-------------|-------|-------|-------|-------|--------|-----------
         Aggregated                                                                     11073     0(0.00%) |    141       6    1337    140 |  116.70        0.00

Type     Name                                                                          # reqs      # fails |    Avg     Min     Max    Med |   req/s  failures/s
--------|----------------------------------------------------------------------------|-------|-------------|-------|-------|-------|-------|--------|-----------
GET      /                                                                                313     0(0.00%) |     44      11     939     17 |    3.10        0.00
GET      /cart                                                                           1490     0(0.00%) |    148       6    1046    160 |   16.30        0.00
POST     /cart [add]                                                                     1943     0(0.00%) |    161       9    1337    160 |   21.10        0.00
POST     /cart/checkout                                                                   724     0(0.00%) |    160      11    1302    190 |    8.20        0.00
GET      /product/[id]                                                                   5732     0(0.00%) |    152       6    1288    160 |   58.00        0.00
POST     /setCurrency                                                                    1103     0(0.00%) |     50      10    1015     18 |   10.20        0.00
--------|----------------------------------------------------------------------------|-------|-------------|-------|-------|-------|-------|--------|-----------
         Aggregated                                                                     11305     0(0.00%) |    140       6    1337    140 |  116.90        0.00

Type     Name                                                                          # reqs      # fails |    Avg     Min     Max    Med |   req/s  failures/s
--------|----------------------------------------------------------------------------|-------|-------------|-------|-------|-------|-------|--------|-----------
GET      /                                                                                317     0(0.00%) |     43      10     939     17 |    2.90        0.00
GET      /cart                                                                           1519     0(0.00%) |    149       6    1046    160 |   16.50        0.00
POST     /cart [add]                                                                     1997     0(0.00%) |    161       9    1337    160 |   19.70        0.00
POST     /cart/checkout                                                                   747     0(0.00%) |    161      11    1302    190 |    8.40        0.00
GET      /product/[id]                                                                   5836     0(0.00%) |    152       6    1288    160 |   59.40        0.00
POST     /setCurrency                                                                    1128     0(0.00%) |     49      10    1015     18 |   10.30        0.00
--------|----------------------------------------------------------------------------|-------|-------------|-------|-------|-------|-------|--------|-----------
         Aggregated                                                                     11544     0(0.00%) |    141       6    1337    140 |  117.20        0.00

Type     Name                                                                          # reqs      # fails |    Avg     Min     Max    Med |   req/s  failures/s
--------|----------------------------------------------------------------------------|-------|-------------|-------|-------|-------|-------|--------|-----------
GET      /                                                                                322     0(0.00%) |     43      10     939     17 |    2.50        0.00
GET      /cart                                                                           1558     0(0.00%) |    149       6    1046    160 |   15.40        0.00
POST     /cart [add]                                                                     2035     0(0.00%) |    161       9    1337    160 |   20.30        0.00
POST     /cart/checkout                                                                   761     0(0.00%) |    161      11    1302    190 |    8.70        0.00
GET      /product/[id]                                                                   5947     0(0.00%) |    152       6    1288    160 |   59.50        0.00
POST     /setCurrency                                                                    1150     0(0.00%) |     49      10    1015     18 |   10.60        0.00
--------|----------------------------------------------------------------------------|-------|-------------|-------|-------|-------|-------|--------|-----------
         Aggregated                                                                     11773     0(0.00%) |    141       6    1337    140 |  117.00        0.00

Type     Name                                                                          # reqs      # fails |    Avg     Min     Max    Med |   req/s  failures/s
--------|----------------------------------------------------------------------------|-------|-------------|-------|-------|-------|-------|--------|-----------
GET      /                                                                                330     0(0.00%) |     42      10     939     16 |    2.30        0.00
GET      /cart                                                                           1587     0(0.00%) |    149       6    1046    160 |   16.40        0.00
POST     /cart [add]                                                                     2072     0(0.00%) |    161       9    1337    170 |   19.70        0.00
POST     /cart/checkout                                                                   777     0(0.00%) |    160      11    1302    190 |    9.00        0.00
GET      /product/[id]                                                                   6078     0(0.00%) |    152       6    1288    160 |   60.10        0.00
POST     /setCurrency                                                                    1174     0(0.00%) |     48      10    1015     18 |   10.20        0.00
--------|----------------------------------------------------------------------------|-------|-------------|-------|-------|-------|-------|--------|-----------
         Aggregated                                                                     12018     0(0.00%) |    141       6    1337    140 |  117.70        0.00

Type     Name                                                                          # reqs      # fails |    Avg     Min     Max    Med |   req/s  failures/s
--------|----------------------------------------------------------------------------|-------|-------------|-------|-------|-------|-------|--------|-----------
GET      /                                                                                333     0(0.00%) |     42      10     939     16 |    2.60        0.00
GET      /cart                                                                           1630     0(0.00%) |    150       6    1046    160 |   16.70        0.00
POST     /cart [add]                                                                     2109     0(0.00%) |    161       9    1337    170 |   19.50        0.00
POST     /cart/checkout                                                                   788     0(0.00%) |    159      11    1302    190 |    8.30        0.00
GET      /product/[id]                                                                   6188     0(0.00%) |    152       6    1288    160 |   60.20        0.00
POST     /setCurrency                                                                    1203     0(0.00%) |     48      10    1015     18 |   10.90        0.00
--------|----------------------------------------------------------------------------|-------|-------------|-------|-------|-------|-------|--------|-----------
         Aggregated                                                                     12251     0(0.00%) |    140       6    1337    140 |  118.20        0.00

Type     Name                                                                          # reqs      # fails |    Avg     Min     Max    Med |   req/s  failures/s
--------|----------------------------------------------------------------------------|-------|-------------|-------|-------|-------|-------|--------|-----------
GET      /                                                                                338     0(0.00%) |     42      10     939     16 |    2.50        0.00
GET      /cart                                                                           1662     0(0.00%) |    150       6    1046    160 |   18.10        0.00
POST     /cart [add]                                                                     2157     0(0.00%) |    161       9    1337    170 |   19.20        0.00
POST     /cart/checkout                                                                   809     0(0.00%) |    159      11    1302    190 |    7.60        0.00
GET      /product/[id]                                                                   6300     0(0.00%) |    152       6    1288    160 |   58.70        0.00
POST     /setCurrency                                                                    1229     0(0.00%) |     48      10    1015     18 |   11.80        0.00
--------|----------------------------------------------------------------------------|-------|-------------|-------|-------|-------|-------|--------|-----------
         Aggregated                                                                     12495     0(0.00%) |    140       6    1337    140 |  117.90        0.00

Type     Name                                                                          # reqs      # fails |    Avg     Min     Max    Med |   req/s  failures/s
--------|----------------------------------------------------------------------------|-------|-------------|-------|-------|-------|-------|--------|-----------
GET      /                                                                                344     0(0.00%) |     42      10     939     16 |    2.87        0.00
GET      /cart                                                                           1696     0(0.00%) |    150       6    1046    160 |   14.15        0.00
POST     /cart [add]                                                                     2189     0(0.00%) |    161       9    1337    170 |   18.27        0.00
POST     /cart/checkout                                                                   820     0(0.00%) |    159      11    1302    190 |    6.84        0.00
GET      /product/[id]                                                                   6403     0(0.00%) |    152       6    1288    160 |   53.44        0.00
POST     /setCurrency                                                                    1246     0(0.00%) |     47      10    1015     18 |   10.40        0.00
--------|----------------------------------------------------------------------------|-------|-------------|-------|-------|-------|-------|--------|-----------
         Aggregated                                                                     12698     0(0.00%) |    140       6    1337    140 |  105.98        0.00

Response time percentiles (approximated)
Type     Name                                                                                  50%    66%    75%    80%    90%    95%    98%    99%  99.9% 99.99%   100% # reqs
--------|--------------------------------------------------------------------------------|--------|------|------|------|------|------|------|------|------|------|------|------
GET      /                                                                                      16     21     33     41     69     95    450    760    940    940    940    344
GET      /cart                                                                                 160    200    220    230    260    300    490    800    920   1000   1000   1696
POST     /cart [add]                                                                           170    210    230    240    270    310    540   1000   1300   1300   1300   2189
POST     /cart/checkout                                                                        190    200    210    220    290    300    350    390   1300   1300   1300    820
GET      /product/[id]                                                                         160    200    220    230    270    300    580    860   1100   1300   1300   6403
POST     /setCurrency                                                                           18     23     33     44     72    110    530    740   1000   1000   1000   1246
--------|--------------------------------------------------------------------------------|--------|------|------|------|------|------|------|------|------|------|------|------
         Aggregated                                                                            140    190    210    230    270    300    530    830   1200   1300   1300  12698

