/Users/edias/Library/Python/3.9/lib/python/site-packages/urllib3/__init__.py:35: NotOpenSSLWarning: urllib3 v2 only supports OpenSSL 1.1.1+, currently the 'ssl' module is compiled with 'LibreSSL 2.8.3'. See: https://github.com/urllib3/urllib3/issues/3020
  warnings.warn(
[2026-05-01 15:19:45,459] Mac/WARNING/locust.main: Python 3.9 support is deprecated and will be removed soon
Type     Name                                                                          # reqs      # fails |    Avg     Min     Max    Med |   req/s  failures/s
--------|----------------------------------------------------------------------------|-------|-------------|-------|-------|-------|-------|--------|-----------
--------|----------------------------------------------------------------------------|-------|-------------|-------|-------|-------|-------|--------|-----------
         Aggregated                                                                         0     0(0.00%) |      0       0       0      0 |    0.00        0.00

Type     Name                                                                          # reqs      # fails |    Avg     Min     Max    Med |   req/s  failures/s
--------|----------------------------------------------------------------------------|-------|-------------|-------|-------|-------|-------|--------|-----------
GET      /cart                                                                              1   1(100.00%) |     11      11      11     11 |    0.00        0.00
POST     /cart [add]                                                                        2   2(100.00%) |      4       4       5      4 |    0.00        0.00
GET      /product/[id]                                                                     12  12(100.00%) |      8       4      22      6 |    0.00        0.00
POST     /setCurrency                                                                       7   7(100.00%) |     14       7      19     16 |    0.00        0.00
--------|----------------------------------------------------------------------------|-------|-------------|-------|-------|-------|-------|--------|-----------
         Aggregated                                                                        22  22(100.00%) |     10       4      22      9 |    0.00        0.00

Type     Name                                                                          # reqs      # fails |    Avg     Min     Max    Med |   req/s  failures/s
--------|----------------------------------------------------------------------------|-------|-------------|-------|-------|-------|-------|--------|-----------
GET      /                                                                                  2   2(100.00%) |      4       4       5      4 |    0.00        0.00
GET      /cart                                                                              8   8(100.00%) |      6       3      11      5 |    0.50        0.50
POST     /cart [add]                                                                       15  15(100.00%) |      4       2       8      4 |    1.00        1.00
GET      /product/[id]                                                                     34  34(100.00%) |      7       3      22      7 |    4.50        4.50
POST     /setCurrency                                                                      13  13(100.00%) |     11       5      19     10 |    2.00        2.00
--------|----------------------------------------------------------------------------|-------|-------------|-------|-------|-------|-------|--------|-----------
         Aggregated                                                                        72  72(100.00%) |      7       2      22      6 |    8.00        8.00

Type     Name                                                                          # reqs      # fails |    Avg     Min     Max    Med |   req/s  failures/s
--------|----------------------------------------------------------------------------|-------|-------------|-------|-------|-------|-------|--------|-----------
GET      /                                                                                  3   3(100.00%) |      6       4      10      5 |    0.25        0.25
GET      /cart                                                                             23  23(100.00%) |      7       3      13      8 |    1.25        1.25
POST     /cart [add]                                                                       27  27(100.00%) |      8       2      95      5 |    3.00        3.00
GET      /product/[id]                                                                     70  70(100.00%) |      8       3      23      7 |    7.75        7.75
POST     /setCurrency                                                                      26  26(100.00%) |     11       5      19     10 |    2.75        2.75
--------|----------------------------------------------------------------------------|-------|-------------|-------|-------|-------|-------|--------|-----------
         Aggregated                                                                       149 149(100.00%) |      8       2      95      7 |   15.00       15.00

Type     Name                                                                          # reqs      # fails |    Avg     Min     Max    Med |   req/s  failures/s
--------|----------------------------------------------------------------------------|-------|-------------|-------|-------|-------|-------|--------|-----------
GET      /                                                                                  5   5(100.00%) |      6       3      10      5 |    0.50        0.50
GET      /cart                                                                             38  38(100.00%) |      7       3      13      7 |    3.50        3.50
POST     /cart [add]                                                                       50  50(100.00%) |      6       2      95      5 |    3.67        3.67
GET      /product/[id]                                                                    123 123(100.00%) |      7       3      23      7 |   10.50       10.50
POST     /setCurrency                                                                      43  43(100.00%) |     10       4      20     10 |    3.83        3.83
--------|----------------------------------------------------------------------------|-------|-------------|-------|-------|-------|-------|--------|-----------
         Aggregated                                                                       259 259(100.00%) |      7       2      95      7 |   22.00       22.00

Type     Name                                                                          # reqs      # fails |    Avg     Min     Max    Med |   req/s  failures/s
--------|----------------------------------------------------------------------------|-------|-------------|-------|-------|-------|-------|--------|-----------
GET      /                                                                                  9   9(100.00%) |      6       3      10      5 |    0.62        0.62
GET      /cart                                                                             60  60(100.00%) |      6       2      13      5 |    4.38        4.38
POST     /cart [add]                                                                       69  69(100.00%) |      6       2      95      5 |    5.50        5.50
GET      /product/[id]                                                                    200 200(100.00%) |      8       3      82      6 |   13.62       13.62
POST     /setCurrency                                                                      57  57(100.00%) |     11       4      61     10 |    4.62        4.62
--------|----------------------------------------------------------------------------|-------|-------------|-------|-------|-------|-------|--------|-----------
         Aggregated                                                                       395 395(100.00%) |      7       2      95      6 |   28.75       28.75

Type     Name                                                                          # reqs      # fails |    Avg     Min     Max    Med |   req/s  failures/s
--------|----------------------------------------------------------------------------|-------|-------------|-------|-------|-------|-------|--------|-----------
GET      /                                                                                 12  12(100.00%) |      5       2      10      5 |    0.90        0.90
GET      /cart                                                                             90  90(100.00%) |      6       2      13      5 |    5.40        5.40
POST     /cart [add]                                                                       92  92(100.00%) |      6       2      95      5 |    6.20        6.20
GET      /product/[id]                                                                    287 287(100.00%) |      7       3      82      6 |   18.20       18.20
POST     /setCurrency                                                                      81  81(100.00%) |     10       4      61      9 |    5.00        5.00
--------|----------------------------------------------------------------------------|-------|-------------|-------|-------|-------|-------|--------|-----------
         Aggregated                                                                       562 562(100.00%) |      7       2      95      6 |   35.70       35.70

Type     Name                                                                          # reqs      # fails |    Avg     Min     Max    Med |   req/s  failures/s
--------|----------------------------------------------------------------------------|-------|-------------|-------|-------|-------|-------|--------|-----------
GET      /                                                                                 15  15(100.00%) |      5       2      10      5 |    1.10        1.10
GET      /cart                                                                            112 112(100.00%) |      5       2      13      5 |    8.10        8.10
POST     /cart [add]                                                                      130 130(100.00%) |      5       2      95      4 |    8.20        8.20
GET      /product/[id]                                                                    379 379(100.00%) |      6       2      82      6 |   25.90       25.90
POST     /setCurrency                                                                     103 103(100.00%) |      9       4      61      9 |    7.40        7.40
--------|----------------------------------------------------------------------------|-------|-------------|-------|-------|-------|-------|--------|-----------
         Aggregated                                                                       739 739(100.00%) |      6       2      95      6 |   50.70       50.70

Type     Name                                                                          # reqs      # fails |    Avg     Min     Max    Med |   req/s  failures/s
--------|----------------------------------------------------------------------------|-------|-------------|-------|-------|-------|-------|--------|-----------
GET      /                                                                                 17  17(100.00%) |      5       2      10      5 |    1.40        1.40
GET      /cart                                                                            127 127(100.00%) |      5       2      13      5 |   10.20       10.20
POST     /cart [add]                                                                      175 175(100.00%) |      5       2      95      4 |   10.70       10.70
GET      /product/[id]                                                                    474 474(100.00%) |      6       2      82      5 |   32.90       32.90
POST     /setCurrency                                                                     126 126(100.00%) |     10       4      61      9 |    8.70        8.70
--------|----------------------------------------------------------------------------|-------|-------------|-------|-------|-------|-------|--------|-----------
         Aggregated                                                                       919 919(100.00%) |      6       2      95      5 |   63.90       63.90

Type     Name                                                                          # reqs      # fails |    Avg     Min     Max    Med |   req/s  failures/s
--------|----------------------------------------------------------------------------|-------|-------------|-------|-------|-------|-------|--------|-----------
GET      /                                                                                 24  24(100.00%) |      5       2      10      5 |    1.30        1.30
GET      /cart                                                                            154 154(100.00%) |      5       2      13      5 |   10.40       10.40
POST     /cart [add]                                                                      216 216(100.00%) |      5       2      95      4 |   14.30       14.30
GET      /product/[id]                                                                    570 570(100.00%) |      6       2      82      5 |   38.90       38.90
POST     /setCurrency                                                                     140 140(100.00%) |      9       4      61      8 |    9.90        9.90
--------|----------------------------------------------------------------------------|-------|-------------|-------|-------|-------|-------|--------|-----------
         Aggregated                                                                      1104 1104(100.00%) |      6       2      95      5 |   74.80       74.80

Type     Name                                                                          # reqs      # fails |    Avg     Min     Max    Med |   req/s  failures/s
--------|----------------------------------------------------------------------------|-------|-------------|-------|-------|-------|-------|--------|-----------
GET      /                                                                                 28  28(100.00%) |      5       2      10      5 |    1.80        1.80
GET      /cart                                                                            164 164(100.00%) |      5       2      13      5 |   10.80       10.80
POST     /cart [add]                                                                      228 228(100.00%) |      4       2      95      4 |   16.50       16.50
GET      /product/[id]                                                                    618 618(100.00%) |      6       2      82      5 |   43.60       43.60
POST     /setCurrency                                                                     151 151(100.00%) |      9       4      61      8 |   10.20       10.20
--------|----------------------------------------------------------------------------|-------|-------------|-------|-------|-------|-------|--------|-----------
         Aggregated                                                                      1189 1189(100.00%) |      6       2      95      5 |   82.90       82.90

Type     Name                                                                          # reqs      # fails |    Avg     Min     Max    Med |   req/s  failures/s
--------|----------------------------------------------------------------------------|-------|-------------|-------|-------|-------|-------|--------|-----------
GET      /                                                                                 28  28(100.00%) |      5       2      10      5 |    1.80        1.80
GET      /cart                                                                            164 164(100.00%) |      5       2      13      5 |   10.80       10.80
POST     /cart [add]                                                                      228 228(100.00%) |      4       2      95      4 |   16.50       16.50
GET      /product/[id]                                                                    618 618(100.00%) |      6       2      82      5 |   43.60       43.60
POST     /setCurrency                                                                     151 151(100.00%) |      9       4      61      8 |   10.20       10.20
--------|----------------------------------------------------------------------------|-------|-------------|-------|-------|-------|-------|--------|-----------
         Aggregated                                                                      1189 1189(100.00%) |      6       2      95      5 |   82.90       82.90

Type     Name                                                                          # reqs      # fails |    Avg     Min     Max    Med |   req/s  failures/s
--------|----------------------------------------------------------------------------|-------|-------------|-------|-------|-------|-------|--------|-----------
GET      /                                                                                 28  28(100.00%) |      5       2      10      5 |    1.70        1.70
GET      /cart                                                                            171  164(95.91%) |     86       2    4608      5 |    8.20        8.20
POST     /cart [add]                                                                      235  228(97.02%) |     72       2    4527      4 |   14.40       14.40
GET      /product/[id]                                                                    646  618(95.67%) |    121       2    5038      5 |   35.00       35.00
POST     /setCurrency                                                                     154  151(98.05%) |     36       4    3899      8 |    7.30        7.30
--------|----------------------------------------------------------------------------|-------|-------------|-------|-------|-------|-------|--------|-----------
         Aggregated                                                                      1234 1189(96.35%) |     94       2    5038      5 |   66.60       66.60

Type     Name                                                                          # reqs      # fails |    Avg     Min     Max    Med |   req/s  failures/s
--------|----------------------------------------------------------------------------|-------|-------------|-------|-------|-------|-------|--------|-----------
GET      /                                                                                 30   28(93.33%) |     13       2     127      5 |    1.30        1.30
GET      /cart                                                                            189  164(86.77%) |     80       2    4608      5 |    5.70        5.70
POST     /cart [add]                                                                      269  228(84.76%) |     69       2    4527      4 |   10.90       10.90
POST     /cart/checkout                                                                    14     0(0.00%) |    385      19    1291     93 |    0.00        0.00
GET      /product/[id]                                                                    708  618(87.29%) |    122       2    5038      6 |   27.50       25.80
POST     /setCurrency                                                                     166  151(90.96%) |     43       4    3899      9 |    5.40        5.30
--------|----------------------------------------------------------------------------|-------|-------------|-------|-------|-------|-------|--------|-----------
         Aggregated                                                                      1376 1189(86.41%) |     96       2    5038      6 |   50.80       49.00

Type     Name                                                                          # reqs      # fails |    Avg     Min     Max    Med |   req/s  failures/s
--------|----------------------------------------------------------------------------|-------|-------------|-------|-------|-------|-------|--------|-----------
GET      /                                                                                 36   28(77.78%) |     32       2     142      5 |    1.40        1.20
GET      /cart                                                                            204  164(80.39%) |     79       2    4608      5 |    5.80        3.90
POST     /cart [add]                                                                      292  228(78.08%) |     69       2    4527      5 |    9.50        6.30
POST     /cart/checkout                                                                    24     0(0.00%) |    253      19    1291     56 |    0.80        0.00
GET      /product/[id]                                                                    768  618(80.47%) |    123       2    5038      6 |   23.80       16.60
POST     /setCurrency                                                                     183  151(82.51%) |     53       4    3899      9 |    4.30        2.90
--------|----------------------------------------------------------------------------|-------|-------------|-------|-------|-------|-------|--------|-----------
         Aggregated                                                                      1507 1189(78.90%) |     98       2    5038      6 |   45.60       30.90

Type     Name                                                                          # reqs      # fails |    Avg     Min     Max    Med |   req/s  failures/s
--------|----------------------------------------------------------------------------|-------|-------------|-------|-------|-------|-------|--------|-----------
GET      /                                                                                 40   28(70.00%) |     41       2     142      5 |    1.30        0.50
GET      /cart                                                                            228  164(71.93%) |     73       2    4608      6 |    5.30        2.10
POST     /cart [add]                                                                      314  228(72.61%) |     66       2    4527      5 |    7.70        1.90
POST     /cart/checkout                                                                    32     0(0.00%) |    196      16    1291     32 |    2.20        0.00
GET      /product/[id]                                                                    838  618(73.75%) |    122       2    5038      6 |   20.60        7.30
POST     /setCurrency                                                                     193  151(78.24%) |     57       4    3899     10 |    4.30        1.20
--------|----------------------------------------------------------------------------|-------|-------------|-------|-------|-------|-------|--------|-----------
         Aggregated                                                                      1645 1189(72.28%) |     97       2    5038      7 |   41.40       13.00

Type     Name                                                                          # reqs      # fails |    Avg     Min     Max    Med |   req/s  failures/s
--------|----------------------------------------------------------------------------|-------|-------------|-------|-------|-------|-------|--------|-----------
GET      /                                                                                 43   28(65.12%) |     54       2     496      6 |    1.10        0.00
GET      /cart                                                                            244  164(67.21%) |     74       2    4608      7 |    5.70        0.00
POST     /cart [add]                                                                      341  228(66.86%) |     70       2    4527      5 |    7.60        0.00
POST     /cart/checkout                                                                    47     0(0.00%) |    159      16    1291     53 |    2.90        0.00
GET      /product/[id]                                                                    902  618(68.51%) |    126       2    5038      7 |   21.10        0.30
POST     /setCurrency                                                                     201  151(75.12%) |     64       4    3899     10 |    3.80        0.00
--------|----------------------------------------------------------------------------|-------|-------------|-------|-------|-------|-------|--------|-----------
         Aggregated                                                                      1778 1189(66.87%) |    100       2    5038      7 |   42.20        0.30

Type     Name                                                                          # reqs      # fails |    Avg     Min     Max    Med |   req/s  failures/s
--------|----------------------------------------------------------------------------|-------|-------------|-------|-------|-------|-------|--------|-----------
GET      /                                                                                 46   28(60.87%) |     60       2     496      6 |    1.40        0.00
GET      /cart                                                                            266  164(61.65%) |     73       2    4608      8 |    7.80        0.00
POST     /cart [add]                                                                      363  228(62.81%) |     69       2    4527      6 |   10.80        0.00
POST     /cart/checkout                                                                    57     0(0.00%) |    141      16    1291     47 |    4.50        0.00
GET      /product/[id]                                                                    963  618(64.17%) |    127       2    5038      8 |   27.00        0.00
POST     /setCurrency                                                                     214  151(70.56%) |     69       4    3899     10 |    4.70        0.00
--------|----------------------------------------------------------------------------|-------|-------------|-------|-------|-------|-------|--------|-----------
         Aggregated                                                                      1909 1189(62.28%) |    101       2    5038      8 |   56.20        0.00

Type     Name                                                                          # reqs      # fails |    Avg     Min     Max    Med |   req/s  failures/s
--------|----------------------------------------------------------------------------|-------|-------------|-------|-------|-------|-------|--------|-----------
GET      /                                                                                 50   28(56.00%) |     65       2     496      7 |    1.80        0.00
GET      /cart                                                                            282  164(58.16%) |     70       2    4608      9 |    9.50        0.00
POST     /cart [add]                                                                      386  228(59.07%) |     68       2    4527      6 |   12.60        0.00
POST     /cart/checkout                                                                    64     0(0.00%) |    128      16    1291     28 |    5.20        0.00
GET      /product/[id]                                                                   1034  618(59.77%) |    126       2    5038      9 |   31.10        0.00
POST     /setCurrency                                                                     227  151(66.52%) |     72       4    3899     10 |    5.70        0.00
--------|----------------------------------------------------------------------------|-------|-------------|-------|-------|-------|-------|--------|-----------
         Aggregated                                                                      2043 1189(58.20%) |    100       2    5038      9 |   65.90        0.00

Type     Name                                                                          # reqs      # fails |    Avg     Min     Max    Med |   req/s  failures/s
--------|----------------------------------------------------------------------------|-------|-------------|-------|-------|-------|-------|--------|-----------
GET      /                                                                                 52   28(53.85%) |     66       2     496      7 |    1.90        0.00
GET      /cart                                                                            303  164(54.13%) |     69       2    4608      9 |    9.40        0.00
POST     /cart [add]                                                                      409  228(55.75%) |     68       2    4527      7 |   12.20        0.00
POST     /cart/checkout                                                                    75     0(0.00%) |    133      16    1291     53 |    5.40        0.00
GET      /product/[id]                                                                   1101  618(56.13%) |    125       2    5038     10 |   32.30        0.00
POST     /setCurrency                                                                     243  151(62.14%) |     75       4    3899     12 |    6.00        0.00
--------|----------------------------------------------------------------------------|-------|-------------|-------|-------|-------|-------|--------|-----------
         Aggregated                                                                      2183 1189(54.47%) |    100       2    5038     11 |   67.20        0.00

Type     Name                                                                          # reqs      # fails |    Avg     Min     Max    Med |   req/s  failures/s
--------|----------------------------------------------------------------------------|-------|-------------|-------|-------|-------|-------|--------|-----------
GET      /                                                                                 55   28(50.91%) |     69       2     496     11 |    1.50        0.00
GET      /cart                                                                            321  164(51.09%) |     67       2    4608     10 |    9.90        0.00
POST     /cart [add]                                                                      430  228(53.02%) |     67       2    4527      7 |   11.50        0.00
POST     /cart/checkout                                                                    79     0(0.00%) |    132      16    1291     56 |    4.70        0.00
GET      /product/[id]                                                                   1172  618(52.73%) |    126       2    5038     13 |   33.70        0.00
POST     /setCurrency                                                                     254  151(59.45%) |     79       4    3899     12 |    5.50        0.00
--------|----------------------------------------------------------------------------|-------|-------------|-------|-------|-------|-------|--------|-----------
         Aggregated                                                                      2311 1189(51.45%) |    100       2    5038     12 |   66.80        0.00

Type     Name                                                                          # reqs      # fails |    Avg     Min     Max    Med |   req/s  failures/s
--------|----------------------------------------------------------------------------|-------|-------------|-------|-------|-------|-------|--------|-----------
GET      /                                                                                 59   28(47.46%) |     73       2     496     72 |    1.60        0.00
GET      /cart                                                                            331  164(49.55%) |     66       2    4608     11 |    9.50        0.00
POST     /cart [add]                                                                      455  228(50.11%) |     69       2    4527     16 |   12.00        0.00
POST     /cart/checkout                                                                    91     0(0.00%) |    129      16    1291     72 |    5.00        0.00
GET      /product/[id]                                                                   1240  618(49.84%) |    124       2    5038     22 |   32.80        0.00
POST     /setCurrency                                                                     269  151(56.13%) |     81       4    3899     13 |    6.10        0.00
--------|----------------------------------------------------------------------------|-------|-------------|-------|-------|-------|-------|--------|-----------
         Aggregated                                                                      2445 1189(48.63%) |    100       2    5038     16 |   67.00        0.00

Type     Name                                                                          # reqs      # fails |    Avg     Min     Max    Med |   req/s  failures/s
--------|----------------------------------------------------------------------------|-------|-------------|-------|-------|-------|-------|--------|-----------
GET      /                                                                                 59   28(47.46%) |     73       2     496     72 |    1.60        0.00
GET      /cart                                                                            332  164(49.40%) |     66       2    4608     11 |    9.50        0.00
POST     /cart [add]                                                                      456  228(50.00%) |     69       2    4527     16 |   12.00        0.00
POST     /cart/checkout                                                                    92     0(0.00%) |    129      16    1291     72 |    5.00        0.00
GET      /product/[id]                                                                   1252  618(49.36%) |    124       2    5038     24 |   32.80        0.00
POST     /setCurrency                                                                     272  151(55.51%) |     81       4    3899     14 |    6.10        0.00
--------|----------------------------------------------------------------------------|-------|-------------|-------|-------|-------|-------|--------|-----------
         Aggregated                                                                      2463 1189(48.27%) |    100       2    5038     16 |   67.00        0.00

Type     Name                                                                          # reqs      # fails |    Avg     Min     Max    Med |   req/s  failures/s
--------|----------------------------------------------------------------------------|-------|-------------|-------|-------|-------|-------|--------|-----------
GET      /                                                                                 60   28(46.67%) |    125       2    3204     72 |    1.30        0.00
GET      /cart                                                                            335  164(48.96%) |     85       2    4608     11 |    7.30        0.00
POST     /cart [add]                                                                      463  228(49.24%) |    103       2    4527     16 |   10.20        0.00
POST     /cart/checkout                                                                    94     0(0.00%) |    130      16    1291     72 |    4.00        0.00
GET      /product/[id]                                                                   1270  618(48.66%) |    154       2    5038     31 |   30.60        0.00
POST     /setCurrency                                                                     276  151(54.71%) |    116       4    3899     14 |    6.30        0.00
--------|----------------------------------------------------------------------------|-------|-------------|-------|-------|-------|-------|--------|-----------
         Aggregated                                                                      2498 1189(47.60%) |    130       2    5038     17 |   59.70        0.00

Type     Name                                                                          # reqs      # fails |    Avg     Min     Max    Med |   req/s  failures/s
--------|----------------------------------------------------------------------------|-------|-------------|-------|-------|-------|-------|--------|-----------
GET      /                                                                                 65   28(43.08%) |    118       2    3204     38 |    1.00        0.00
GET      /cart                                                                            360  164(45.56%) |     82       2    4608     12 |    5.70        0.00
POST     /cart [add]                                                                      486  228(46.91%) |    103       2    4527     17 |    7.40        0.00
POST     /cart/checkout                                                                   102     0(0.00%) |    126      16    1291     77 |    3.00        0.00
GET      /product/[id]                                                                   1351  618(45.74%) |    152       2    5050     35 |   24.40        0.00
POST     /setCurrency                                                                     288  151(52.43%) |    114       4    3899     17 |    4.70        0.00
--------|----------------------------------------------------------------------------|-------|-------------|-------|-------|-------|-------|--------|-----------
         Aggregated                                                                      2652 1189(44.83%) |    128       2    5050     18 |   46.20        0.00

Type     Name                                                                          # reqs      # fails |    Avg     Min     Max    Med |   req/s  failures/s
--------|----------------------------------------------------------------------------|-------|-------------|-------|-------|-------|-------|--------|-----------
GET      /                                                                                 71   28(39.44%) |    117       2    3204     59 |    1.10        0.00
GET      /cart                                                                            378  164(43.39%) |     82       2    4608     12 |    6.10        0.00
POST     /cart [add]                                                                      515  228(44.27%) |    102       2    4527     18 |    8.10        0.00
POST     /cart/checkout                                                                   111     0(0.00%) |    124      16    1291     80 |    3.10        0.00
GET      /product/[id]                                                                   1419  618(43.55%) |    150       2    5050     42 |   23.40        0.00
POST     /setCurrency                                                                     297  151(50.84%) |    113       4    3899     19 |    4.80        0.00
--------|----------------------------------------------------------------------------|-------|-------------|-------|-------|-------|-------|--------|-----------
         Aggregated                                                                      2791 1189(42.60%) |    126       2    5050     21 |   46.60        0.00

Type     Name                                                                          # reqs      # fails |    Avg     Min     Max    Med |   req/s  failures/s
--------|----------------------------------------------------------------------------|-------|-------------|-------|-------|-------|-------|--------|-----------
GET      /                                                                                 76   28(36.84%) |    112       2    3204     49 |    1.40        0.00
GET      /cart                                                                            395  164(41.52%) |     82       2    4608     13 |    5.60        0.00
POST     /cart [add]                                                                      539  228(42.30%) |    103       2    4527     19 |    8.20        0.00
POST     /cart/checkout                                                                   121     0(0.00%) |    124      16    1291     87 |    2.90        0.00
GET      /product/[id]                                                                   1484  618(41.64%) |    148       2    5050     55 |   24.50        0.00
POST     /setCurrency                                                                     310  151(48.71%) |    111       4    3899     21 |    4.40        0.00
--------|----------------------------------------------------------------------------|-------|-------------|-------|-------|-------|-------|--------|-----------
         Aggregated                                                                      2925 1189(40.65%) |    125       2    5050     23 |   47.00        0.00

Type     Name                                                                          # reqs      # fails |    Avg     Min     Max    Med |   req/s  failures/s
--------|----------------------------------------------------------------------------|-------|-------------|-------|-------|-------|-------|--------|-----------
GET      /                                                                                 78   28(35.90%) |    112       2    3204     57 |    1.70        0.00
GET      /cart                                                                            403  166(41.19%) |     81       2    4608     13 |    6.40        0.00
POST     /cart [add]                                                                      563  236(41.92%) |    108       2    4527     20 |    8.20        0.00
POST     /cart/checkout                                                                   128     0(0.00%) |    130      16    1291     89 |    3.00        0.00
GET      /product/[id]                                                                   1545  629(40.71%) |    146       2    5050     59 |   24.20        0.00
POST     /setCurrency                                                                     324  157(48.46%) |    115       4    3899     24 |    4.20        0.00
--------|----------------------------------------------------------------------------|-------|-------------|-------|-------|-------|-------|--------|-----------
         Aggregated                                                                      3041 1216(39.99%) |    126       2    5050     26 |   47.70        0.00

Type     Name                                                                          # reqs      # fails |    Avg     Min     Max    Med |   req/s  failures/s
--------|----------------------------------------------------------------------------|-------|-------------|-------|-------|-------|-------|--------|-----------
GET      /                                                                                 84   34(40.48%) |    104       2    3204     38 |    1.90        0.00
GET      /cart                                                                            420  183(43.57%) |     78       2    4608     12 |    6.80        0.00
POST     /cart [add]                                                                      598  271(45.32%) |    102       2    4527     18 |    9.80        0.00
POST     /cart/checkout                                                                   128     0(0.00%) |    130      16    1291     89 |    3.40        0.00
GET      /product/[id]                                                                   1640  724(44.15%) |    138       2    5050     41 |   27.50        0.00
POST     /setCurrency                                                                     352  185(52.56%) |    106       3    3899     19 |    4.40        0.00
--------|----------------------------------------------------------------------------|-------|-------------|-------|-------|-------|-------|--------|-----------
         Aggregated                                                                      3222 1397(43.36%) |    119       2    5050     21 |   53.80        0.00

Type     Name                                                                          # reqs      # fails |    Avg     Min     Max    Med |   req/s  failures/s
--------|----------------------------------------------------------------------------|-------|-------------|-------|-------|-------|-------|--------|-----------
GET      /                                                                                 88   38(43.18%) |    100       2    3204     27 |    2.50        0.60
GET      /cart                                                                            445  208(46.74%) |     74       2    4608     12 |    8.20        1.50
POST     /cart [add]                                                                      636  309(48.58%) |     96       2    4527     17 |   13.20        3.30
POST     /cart/checkout                                                                   128     0(0.00%) |    130      16    1291     89 |    3.60        0.00
GET      /product/[id]                                                                   1738  822(47.30%) |    131       2    5050     24 |   35.70        8.00
POST     /setCurrency                                                                     375  208(55.47%) |    100       3    3899     14 |    7.60        3.00
--------|----------------------------------------------------------------------------|-------|-------------|-------|-------|-------|-------|--------|-----------
         Aggregated                                                                      3410 1585(46.48%) |    113       2    5050     18 |   70.80       16.40

Type     Name                                                                          # reqs      # fails |    Avg     Min     Max    Med |   req/s  failures/s
--------|----------------------------------------------------------------------------|-------|-------------|-------|-------|-------|-------|--------|-----------
GET      /                                                                                 96   46(47.92%) |     92       2    3204     19 |    2.50        0.90
GET      /cart                                                                            472  235(49.79%) |     70       1    4608     11 |    8.30        3.80
POST     /cart [add]                                                                      671  344(51.27%) |     91       1    4527     11 |   14.50        7.20
POST     /cart/checkout                                                                   128     0(0.00%) |    130      16    1291     89 |    2.80        0.00
GET      /product/[id]                                                                   1836  920(50.11%) |    124       2    5050     15 |   38.70       17.50
POST     /setCurrency                                                                     391  224(57.29%) |     96       3    3899     13 |    8.50        5.20
--------|----------------------------------------------------------------------------|-------|-------------|-------|-------|-------|-------|--------|-----------
         Aggregated                                                                      3594 1769(49.22%) |    107       1    5050     15 |   75.30       34.60

Type     Name                                                                          # reqs      # fails |    Avg     Min     Max    Med |   req/s  failures/s
--------|----------------------------------------------------------------------------|-------|-------------|-------|-------|-------|-------|--------|-----------
GET      /                                                                                100   50(50.00%) |     88       2    3204     11 |    2.70        1.80
GET      /cart                                                                            495  258(52.12%) |     67       1    4608     10 |    9.30        6.40
POST     /cart [add]                                                                      706  379(53.68%) |     87       1    4527      7 |   15.40       10.50
POST     /cart/checkout                                                                   128     0(0.00%) |    130      16    1291     89 |    2.00        0.00
GET      /product/[id]                                                                   1933 1017(52.61%) |    118       2    5050     12 |   41.20       27.70
POST     /setCurrency                                                                     414  247(59.66%) |     91       3    3899     11 |    9.00        6.60
--------|----------------------------------------------------------------------------|-------|-------------|-------|-------|-------|-------|--------|-----------
         Aggregated                                                                      3776 1951(51.67%) |    102       1    5050     12 |   79.60       53.00

Type     Name                                                                          # reqs      # fails |    Avg     Min     Max    Med |   req/s  failures/s
--------|----------------------------------------------------------------------------|-------|-------------|-------|-------|-------|-------|--------|-----------
GET      /                                                                                104   54(51.92%) |     85       2    3204     10 |    2.40        2.10
GET      /cart                                                                            516  279(54.07%) |     65       1    4608      9 |    9.90        8.90
POST     /cart [add]                                                                      739  412(55.75%) |     83       1    4527      6 |   16.50       14.10
POST     /cart/checkout                                                                   128     0(0.00%) |    130      16    1291     89 |    1.10        0.00
GET      /product/[id]                                                                   2039 1123(55.08%) |    112       2    5050      9 |   44.00       37.30
POST     /setCurrency                                                                     429  262(61.07%) |     88       3    3899     10 |   10.30        9.10
--------|----------------------------------------------------------------------------|-------|-------------|-------|-------|-------|-------|--------|-----------
         Aggregated                                                                      3955 2130(53.86%) |     98       1    5050     10 |   84.20       71.50

Type     Name                                                                          # reqs      # fails |    Avg     Min     Max    Med |   req/s  failures/s
--------|----------------------------------------------------------------------------|-------|-------------|-------|-------|-------|-------|--------|-----------
GET      /                                                                                108   58(53.70%) |     82       2    3204      9 |    2.40        2.40
GET      /cart                                                                            538  301(55.95%) |     62       1    4608      9 |   11.20       11.10
POST     /cart [add]                                                                      771  444(57.59%) |     80       1    4527      6 |   17.70       17.60
POST     /cart/checkout                                                                   128     0(0.00%) |    130      16    1291     89 |    0.20        0.00
GET      /product/[id]                                                                   2135 1219(57.10%) |    107       2    5050      8 |   48.50       47.80
POST     /setCurrency                                                                     454  287(63.22%) |     84       3    3899     10 |   10.90       10.70
--------|----------------------------------------------------------------------------|-------|-------------|-------|-------|-------|-------|--------|-----------
         Aggregated                                                                      4134 2309(55.85%) |     94       1    5050      9 |   90.90       89.60

Type     Name                                                                          # reqs      # fails |    Avg     Min     Max    Med |   req/s  failures/s
--------|----------------------------------------------------------------------------|-------|-------------|-------|-------|-------|-------|--------|-----------
GET      /                                                                                114   64(56.14%) |     78       2    3204      7 |    2.30        2.30
GET      /cart                                                                            563  326(57.90%) |     60       1    4608      8 |   11.60       11.60
POST     /cart [add]                                                                      807  480(59.48%) |     76       1    4527      6 |   17.20       17.20
POST     /cart/checkout                                                                   128     0(0.00%) |    130      16    1291     89 |    0.00        0.00
GET      /product/[id]                                                                   2226 1310(58.85%) |    103       2    5050      8 |   49.50       49.50
POST     /setCurrency                                                                     476  309(64.92%) |     80       3    3899     10 |   10.30       10.30
--------|----------------------------------------------------------------------------|-------|-------------|-------|-------|-------|-------|--------|-----------
         Aggregated                                                                      4314 2489(57.70%) |     90       1    5050      9 |   90.90       90.90

Type     Name                                                                          # reqs      # fails |    Avg     Min     Max    Med |   req/s  failures/s
--------|----------------------------------------------------------------------------|-------|-------------|-------|-------|-------|-------|--------|-----------
GET      /                                                                                118   68(57.63%) |     76       2    3204      7 |    2.40        2.40
GET      /cart                                                                            594  357(60.10%) |     57       1    4608      7 |   11.60       11.60
POST     /cart [add]                                                                      839  512(61.03%) |     74       1    4527      6 |   17.40       17.40
POST     /cart/checkout                                                                   128     0(0.00%) |    130      16    1291     89 |    0.00        0.00
GET      /product/[id]                                                                   2325 1409(60.60%) |     99       2    5050      7 |   48.90       48.90
POST     /setCurrency                                                                     494  327(66.19%) |     78       3    3899     10 |   10.20       10.20
--------|----------------------------------------------------------------------------|-------|-------------|-------|-------|-------|-------|--------|-----------
         Aggregated                                                                      4498 2673(59.43%) |     86       1    5050      8 |   90.50       90.50

Type     Name                                                                          # reqs      # fails |    Avg     Min     Max    Med |   req/s  failures/s
--------|----------------------------------------------------------------------------|-------|-------------|-------|-------|-------|-------|--------|-----------
GET      /                                                                                125   75(60.00%) |     72       2    3204      6 |    2.00        2.00
GET      /cart                                                                            628  391(62.26%) |     54       1    4608      7 |   11.80       11.80
POST     /cart [add]                                                                      876  549(62.67%) |     71       1    4527      5 |   16.80       16.80
POST     /cart/checkout                                                                   128     0(0.00%) |    130      16    1291     89 |    0.00        0.00
GET      /product/[id]                                                                   2408 1492(61.96%) |     96       2    5050      7 |   49.30       49.30
POST     /setCurrency                                                                     520  353(67.88%) |     74       3    3899      9 |   10.70       10.70
--------|----------------------------------------------------------------------------|-------|-------------|-------|-------|-------|-------|--------|-----------
         Aggregated                                                                      4685 2860(61.05%) |     83       1    5050      7 |   90.60       90.60

Type     Name                                                                          # reqs      # fails |    Avg     Min     Max    Med |   req/s  failures/s
--------|----------------------------------------------------------------------------|-------|-------------|-------|-------|-------|-------|--------|-----------
GET      /                                                                                126   76(60.32%) |     71       2    3204      6 |    2.50        2.50
GET      /cart                                                                            652  415(63.65%) |     52       1    4608      6 |   12.80       12.80
POST     /cart [add]                                                                      917  590(64.34%) |     68       1    4527      5 |   16.70       16.70
POST     /cart/checkout                                                                   128     0(0.00%) |    130      16    1291     89 |    0.00        0.00
GET      /product/[id]                                                                   2509 1593(63.49%) |     92       2    5050      7 |   48.10       48.10
POST     /setCurrency                                                                     537  370(68.90%) |     72       3    3899      9 |   10.50       10.50
--------|----------------------------------------------------------------------------|-------|-------------|-------|-------|-------|-------|--------|-----------
         Aggregated                                                                      4869 3044(62.52%) |     80       1    5050      7 |   90.60       90.60

Type     Name                                                                          # reqs      # fails |    Avg     Min     Max    Med |   req/s  failures/s
--------|----------------------------------------------------------------------------|-------|-------------|-------|-------|-------|-------|--------|-----------
GET      /                                                                                130   80(61.54%) |     69       2    3204      6 |    2.40        2.40
GET      /cart                                                                            684  447(65.35%) |     50       1    4608      6 |   13.70       13.70
POST     /cart [add]                                                                      951  624(65.62%) |     65       1    4527      5 |   17.80       17.80
POST     /cart/checkout                                                                   128     0(0.00%) |    130      16    1291     89 |    0.00        0.00
GET      /product/[id]                                                                   2601 1685(64.78%) |     89       2    5050      7 |   46.10       46.10
POST     /setCurrency                                                                     563  396(70.34%) |     69       3    3899      9 |   10.80       10.80
--------|----------------------------------------------------------------------------|-------|-------------|-------|-------|-------|-------|--------|-----------
         Aggregated                                                                      5057 3232(63.91%) |     77       1    5050      7 |   90.80       90.80

Type     Name                                                                          # reqs      # fails |    Avg     Min     Max    Med |   req/s  failures/s
--------|----------------------------------------------------------------------------|-------|-------------|-------|-------|-------|-------|--------|-----------
GET      /                                                                                134   84(62.69%) |     67       2    3204      5 |    2.10        2.10
GET      /cart                                                                            703  466(66.29%) |     49       1    4608      6 |   14.60       14.60
POST     /cart [add]                                                                      986  659(66.84%) |     63       1    4527      5 |   18.00       18.00
POST     /cart/checkout                                                                   128     0(0.00%) |    130      16    1291     89 |    0.00        0.00
GET      /product/[id]                                                                   2711 1795(66.21%) |     85       2    5050      6 |   47.10       47.10
POST     /setCurrency                                                                     580  413(71.21%) |     67       3    3899      9 |   10.10       10.10
--------|----------------------------------------------------------------------------|-------|-------------|-------|-------|-------|-------|--------|-----------
         Aggregated                                                                      5242 3417(65.19%) |     75       1    5050      7 |   91.90       91.90

Type     Name                                                                          # reqs      # fails |    Avg     Min     Max    Med |   req/s  failures/s
--------|----------------------------------------------------------------------------|-------|-------------|-------|-------|-------|-------|--------|-----------
GET      /                                                                                141   91(64.54%) |     64       2    3204      5 |    2.00        2.00
GET      /cart                                                                            728  491(67.45%) |     47       1    4608      5 |   14.50       14.50
POST     /cart [add]                                                                     1018  691(67.88%) |     61       1    4527      5 |   17.70       17.70
POST     /cart/checkout                                                                   128     0(0.00%) |    130      16    1291     89 |    0.00        0.00
GET      /product/[id]                                                                   2806 1890(67.36%) |     83       2    5050      6 |   47.90       47.90
POST     /setCurrency                                                                     601  434(72.21%) |     65       3    3899      8 |   10.30       10.30
--------|----------------------------------------------------------------------------|-------|-------------|-------|-------|-------|-------|--------|-----------
         Aggregated                                                                      5422 3597(66.34%) |     73       1    5050      6 |   92.40       92.40

Type     Name                                                                          # reqs      # fails |    Avg     Min     Max    Med |   req/s  failures/s
--------|----------------------------------------------------------------------------|-------|-------------|-------|-------|-------|-------|--------|-----------
GET      /                                                                                150  100(66.67%) |     60       2    3204      5 |    2.40        2.40
GET      /cart                                                                            766  529(69.06%) |     45       1    4608      5 |   13.50       13.50
POST     /cart [add]                                                                     1051  724(68.89%) |     59       1    4527      5 |   18.00       18.00
POST     /cart/checkout                                                                   128     0(0.00%) |    130      16    1291     89 |    0.00        0.00
GET      /product/[id]                                                                   2885 1969(68.25%) |     81       2    5050      6 |   47.70       47.70
POST     /setCurrency                                                                     622  455(73.15%) |     63       3    3899      8 |   10.60       10.60
--------|----------------------------------------------------------------------------|-------|-------------|-------|-------|-------|-------|--------|-----------
         Aggregated                                                                      5602 3777(67.42%) |     70       1    5050      6 |   92.20       92.20

Type     Name                                                                          # reqs      # fails |    Avg     Min     Max    Med |   req/s  failures/s
--------|----------------------------------------------------------------------------|-------|-------------|-------|-------|-------|-------|--------|-----------
GET      /                                                                                156  106(67.95%) |     58       2    3204      5 |    2.60        2.60
GET      /cart                                                                            785  548(69.81%) |     44       1    4608      5 |   13.70       13.70
POST     /cart [add]                                                                     1092  765(70.05%) |     57       1    4527      4 |   17.90       17.90
POST     /cart/checkout                                                                   128     0(0.00%) |    130      16    1291     89 |    0.00        0.00
GET      /product/[id]                                                                   2976 2060(69.22%) |     78       2    5050      6 |   47.30       47.30
POST     /setCurrency                                                                     650  483(74.31%) |     61       3    3899      8 |   10.30       10.30
--------|----------------------------------------------------------------------------|-------|-------------|-------|-------|-------|-------|--------|-----------
         Aggregated                                                                      5787 3962(68.46%) |     68       1    5050      6 |   91.80       91.80

Type     Name                                                                          # reqs      # fails |    Avg     Min     Max    Med |   req/s  failures/s
--------|----------------------------------------------------------------------------|-------|-------------|-------|-------|-------|-------|--------|-----------
GET      /                                                                                163  113(69.33%) |     56       2    3204      5 |    2.80        2.80
GET      /cart                                                                            819  582(71.06%) |     42       1    4608      5 |   12.70       12.70
POST     /cart [add]                                                                     1130  803(71.06%) |     56       1    4527      4 |   17.10       17.10
POST     /cart/checkout                                                                   128     0(0.00%) |    130      16    1291     89 |    0.00        0.00
GET      /product/[id]                                                                   3059 2143(70.06%) |     76       2    5050      6 |   48.20       48.20
POST     /setCurrency                                                                     669  502(75.04%) |     59       3    3899      8 |   11.10       11.10
--------|----------------------------------------------------------------------------|-------|-------------|-------|-------|-------|-------|--------|-----------
         Aggregated                                                                      5968 4143(69.42%) |     66       1    5050      6 |   91.90       91.90

Type     Name                                                                          # reqs      # fails |    Avg     Min     Max    Med |   req/s  failures/s
--------|----------------------------------------------------------------------------|-------|-------------|-------|-------|-------|-------|--------|-----------
GET      /                                                                                167  117(70.06%) |     55       2    3204      5 |    3.20        3.20
GET      /cart                                                                            837  600(71.68%) |     41       1    4608      5 |   13.30       13.30
POST     /cart [add]                                                                     1165  838(71.93%) |     54       1    4527      4 |   17.70       17.70
POST     /cart/checkout                                                                   128     0(0.00%) |    130      16    1291     89 |    0.00        0.00
GET      /product/[id]                                                                   3148 2232(70.90%) |     74       2    5050      6 |   46.00       46.00
POST     /setCurrency                                                                     698  531(76.07%) |     57       3    3899      8 |   11.10       11.10
--------|----------------------------------------------------------------------------|-------|-------------|-------|-------|-------|-------|--------|-----------
         Aggregated                                                                      6143 4318(70.29%) |     65       1    5050      6 |   91.30       91.30

Type     Name                                                                          # reqs      # fails |    Avg     Min     Max    Med |   req/s  failures/s
--------|----------------------------------------------------------------------------|-------|-------------|-------|-------|-------|-------|--------|-----------
GET      /                                                                                168  118(70.24%) |     54       2    3204      5 |    3.30        3.30
GET      /cart                                                                            861  624(72.47%) |     41       1    4608      5 |   13.00       13.00
POST     /cart [add]                                                                     1186  859(72.43%) |     53       1    4527      4 |   17.40       17.40
POST     /cart/checkout                                                                   128     0(0.00%) |    130      16    1291     89 |    0.00        0.00
GET      /product/[id]                                                                   3198 2282(71.36%) |     73       2    5050      6 |   44.20       44.20
POST     /setCurrency                                                                     712  545(76.54%) |     56       3    3899      8 |   12.00       12.00
--------|----------------------------------------------------------------------------|-------|-------------|-------|-------|-------|-------|--------|-----------
         Aggregated                                                                      6253 4428(70.81%) |     64       1    5050      6 |   89.90       89.90

Type     Name                                                                          # reqs      # fails |    Avg     Min     Max    Med |   req/s  failures/s
--------|----------------------------------------------------------------------------|-------|-------------|-------|-------|-------|-------|--------|-----------
GET      /                                                                                169  119(70.41%) |     60       2    3204      5 |    3.00        3.00
GET      /cart                                                                            871  634(72.79%) |     43       1    4608      5 |   13.50       13.50
POST     /cart [add]                                                                     1198  871(72.70%) |     58       1    4527      4 |   18.00       18.00
POST     /cart/checkout                                                                   128     0(0.00%) |    130      16    1291     89 |    0.00        0.00
GET      /product/[id]                                                                   3235 2319(71.68%) |     76       2    5050      6 |   43.70       43.70
POST     /setCurrency                                                                     721  554(76.84%) |     58       3    3899      8 |   11.80       11.80
--------|----------------------------------------------------------------------------|-------|-------------|-------|-------|-------|-------|--------|-----------
         Aggregated                                                                      6322 4497(71.13%) |     67       1    5050      6 |   90.00       90.00

Type     Name                                                                          # reqs      # fails |    Avg     Min     Max    Med |   req/s  failures/s
--------|----------------------------------------------------------------------------|-------|-------------|-------|-------|-------|-------|--------|-----------
GET      /                                                                                173  123(71.10%) |     73       2    3204      5 |    1.90        1.90
GET      /cart                                                                            893  656(73.46%) |     48       1    4608      5 |   11.60       11.60
POST     /cart [add]                                                                     1227  900(73.35%) |     59       1    4527      4 |   15.60       15.60
POST     /cart/checkout                                                                   128     0(0.00%) |    130      16    1291     89 |    0.00        0.00
GET      /product/[id]                                                                   3300 2384(72.24%) |     79       2    5050      6 |   37.40       37.40
POST     /setCurrency                                                                     740  573(77.43%) |     66       3    3899      8 |   10.40       10.40
--------|----------------------------------------------------------------------------|-------|-------------|-------|-------|-------|-------|--------|-----------
         Aggregated                                                                      6461 4636(71.75%) |     70       1    5050      6 |   76.90       76.90

Type     Name                                                                          # reqs      # fails |    Avg     Min     Max    Med |   req/s  failures/s
--------|----------------------------------------------------------------------------|-------|-------------|-------|-------|-------|-------|--------|-----------
GET      /                                                                                177  127(71.75%) |     72       2    3204      5 |    1.80        1.80
GET      /cart                                                                            917  680(74.15%) |     47       1    4608      5 |   11.40       11.40
POST     /cart [add]                                                                     1263  936(74.11%) |     57       1    4527      4 |   14.00       14.00
POST     /cart/checkout                                                                   128     0(0.00%) |    130      16    1291     89 |    0.00        0.00
GET      /product/[id]                                                                   3395 2479(73.02%) |     78       2    5050      6 |   32.20       32.20
POST     /setCurrency                                                                     762  595(78.08%) |     65       3    3899      8 |    8.80        8.80
--------|----------------------------------------------------------------------------|-------|-------------|-------|-------|-------|-------|--------|-----------
         Aggregated                                                                      6642 4817(72.52%) |     69       1    5050      6 |   68.20       68.20

Type     Name                                                                          # reqs      # fails |    Avg     Min     Max    Med |   req/s  failures/s
--------|----------------------------------------------------------------------------|-------|-------------|-------|-------|-------|-------|--------|-----------
GET      /                                                                                180  130(72.22%) |     74       2    3204      5 |    1.70        1.70
GET      /cart                                                                            937  700(74.71%) |     47       1    4608      5 |    9.80        9.80
POST     /cart [add]                                                                     1292  965(74.69%) |     57       1    4527      4 |   13.80       13.80
POST     /cart/checkout                                                                   128     0(0.00%) |    130      16    1291     89 |    0.00        0.00
GET      /product/[id]                                                                   3465 2549(73.56%) |     77       2    5050      6 |   32.70       32.70
POST     /setCurrency                                                                     774  607(78.42%) |     65       3    3899      8 |    9.40        9.40
--------|----------------------------------------------------------------------------|-------|-------------|-------|-------|-------|-------|--------|-----------
         Aggregated                                                                      6776 4951(73.07%) |     69       1    5050      6 |   67.40       67.40

Type     Name                                                                          # reqs      # fails |    Avg     Min     Max    Med |   req/s  failures/s
--------|----------------------------------------------------------------------------|-------|-------------|-------|-------|-------|-------|--------|-----------
GET      /                                                                                185  135(72.97%) |     78       2    3204      5 |    1.60        1.60
GET      /cart                                                                            953  716(75.13%) |     49       1    4608      6 |   10.10       10.10
POST     /cart [add]                                                                     1305  978(74.94%) |     57       1    4527      4 |   13.20       13.20
POST     /cart/checkout                                                                   128     0(0.00%) |    130      16    1291     89 |    0.00        0.00
GET      /product/[id]                                                                   3523 2607(74.00%) |     79       2    5050      6 |   32.70       32.70
POST     /setCurrency                                                                     785  618(78.73%) |     67       3    3899      8 |    7.60        7.60
--------|----------------------------------------------------------------------------|-------|-------------|-------|-------|-------|-------|--------|-----------
         Aggregated                                                                      6879 5054(73.47%) |     70       1    5050      6 |   65.20       65.20

Type     Name                                                                          # reqs      # fails |    Avg     Min     Max    Med |   req/s  failures/s
--------|----------------------------------------------------------------------------|-------|-------------|-------|-------|-------|-------|--------|-----------
GET      /                                                                                186  136(73.12%) |     78       2    3204      5 |    1.60        1.60
GET      /cart                                                                            959  722(75.29%) |     50       1    4608      6 |    9.00        9.00
POST     /cart [add]                                                                     1315  988(75.13%) |     57       1    4527      5 |   11.80       11.80
POST     /cart/checkout                                                                   128     0(0.00%) |    130      16    1291     89 |    0.00        0.00
GET      /product/[id]                                                                   3555 2639(74.23%) |     82       2    5050      6 |   30.90       30.90
POST     /setCurrency                                                                     787  620(78.78%) |     69       3    3899      8 |    7.30        7.30
--------|----------------------------------------------------------------------------|-------|-------------|-------|-------|-------|-------|--------|-----------
         Aggregated                                                                      6930 5105(73.67%) |     72       1    5050      6 |   60.60       60.60

Type     Name                                                                          # reqs      # fails |    Avg     Min     Max    Med |   req/s  failures/s
--------|----------------------------------------------------------------------------|-------|-------------|-------|-------|-------|-------|--------|-----------
GET      /                                                                                186  136(73.12%) |     78       2    3204      5 |    1.60        1.60
GET      /cart                                                                            964  727(75.41%) |     57       1    4608      6 |    8.60        8.60
POST     /cart [add]                                                                     1317  990(75.17%) |     59       1    4527      5 |   11.40       11.40
POST     /cart/checkout                                                                   128     0(0.00%) |    130      16    1291     89 |    0.00        0.00
GET      /product/[id]                                                                   3580 2664(74.41%) |     89       2    5050      6 |   31.10       31.10
POST     /setCurrency                                                                     791  624(78.89%) |     78       3    3899      8 |    6.60        6.60
--------|----------------------------------------------------------------------------|-------|-------------|-------|-------|-------|-------|--------|-----------
         Aggregated                                                                      6966 5141(73.80%) |     78       1    5050      6 |   59.30       59.30

Type     Name                                                                          # reqs      # fails |    Avg     Min     Max    Med |   req/s  failures/s
--------|----------------------------------------------------------------------------|-------|-------------|-------|-------|-------|-------|--------|-----------
GET      /                                                                                186  136(73.12%) |     78       2    3204      5 |    1.60        1.60
GET      /cart                                                                            964  727(75.41%) |     57       1    4608      6 |    8.50        8.50
POST     /cart [add]                                                                     1321  994(75.25%) |     62       1    4527      5 |   11.30       11.30
POST     /cart/checkout                                                                   128     0(0.00%) |    130      16    1291     89 |    0.00        0.00
GET      /product/[id]                                                                   3585 2669(74.45%) |     92       2    5050      6 |   31.10       31.10
POST     /setCurrency                                                                     791  624(78.89%) |     78       3    3899      8 |    6.30        6.30
--------|----------------------------------------------------------------------------|-------|-------------|-------|-------|-------|-------|--------|-----------
         Aggregated                                                                      6975 5150(73.84%) |     80       1    5050      6 |   58.80       58.80

Type     Name                                                                          # reqs      # fails |    Avg     Min     Max    Med |   req/s  failures/s
--------|----------------------------------------------------------------------------|-------|-------------|-------|-------|-------|-------|--------|-----------
GET      /                                                                                188  138(73.40%) |     96       2    3566      6 |    0.90        0.90
GET      /cart                                                                            974  737(75.67%) |     62       1    4608      6 |    5.50        5.50
POST     /cart [add]                                                                     1338 1011(75.56%) |     62       1    4527      5 |    6.60        6.60
POST     /cart/checkout                                                                   128     0(0.00%) |    130      16    1291     89 |    0.00        0.00
GET      /product/[id]                                                                   3650 2734(74.90%) |    107       2    5050      6 |   21.80       21.80
POST     /setCurrency                                                                     799  632(79.10%) |     78       3    3899      9 |    3.40        3.40
--------|----------------------------------------------------------------------------|-------|-------------|-------|-------|-------|-------|--------|-----------
         Aggregated                                                                      7077 5252(74.21%) |     89       1    5050      6 |   38.20       38.20

Type     Name                                                                          # reqs      # fails |    Avg     Min     Max    Med |   req/s  failures/s
--------|----------------------------------------------------------------------------|-------|-------------|-------|-------|-------|-------|--------|-----------
GET      /                                                                                195  145(74.36%) |     93       2    3566      5 |    0.70        0.70
GET      /cart                                                                           1002  765(76.35%) |     61       1    4608      6 |    3.70        3.70
POST     /cart [add]                                                                     1367 1040(76.08%) |     61       1    4527      5 |    4.20        4.20
POST     /cart/checkout                                                                   128     0(0.00%) |    130      16    1291     89 |    0.00        0.00
GET      /product/[id]                                                                   3747 2831(75.55%) |    104       2    5050      6 |   17.40       17.40
POST     /setCurrency                                                                     821  654(79.66%) |     76       3    3899      8 |    2.40        2.40
--------|----------------------------------------------------------------------------|-------|-------------|-------|-------|-------|-------|--------|-----------
         Aggregated                                                                      7260 5435(74.86%) |     87       1    5050      6 |   28.40       28.40

Type     Name                                                                          # reqs      # fails |    Avg     Min     Max    Med |   req/s  failures/s
--------|----------------------------------------------------------------------------|-------|-------------|-------|-------|-------|-------|--------|-----------
GET      /                                                                                201  151(75.12%) |     90       2    3566      6 |    0.80        0.80
GET      /cart                                                                           1019  782(76.74%) |     60       1    4608      6 |    4.20        4.20
POST     /cart [add]                                                                     1402 1075(76.68%) |     59       1    4527      4 |    4.90        4.90
POST     /cart/checkout                                                                   128     0(0.00%) |    130      16    1291     89 |    0.00        0.00
GET      /product/[id]                                                                   3856 2940(76.24%) |    102       2    5050      6 |   21.30       21.30
POST     /setCurrency                                                                     839  672(80.10%) |     75       3    3899      8 |    3.20        3.20
--------|----------------------------------------------------------------------------|-------|-------------|-------|-------|-------|-------|--------|-----------
         Aggregated                                                                      7445 5620(75.49%) |     85       1    5050      6 |   34.40       34.40

Type     Name                                                                          # reqs      # fails |    Avg     Min     Max    Med |   req/s  failures/s
--------|----------------------------------------------------------------------------|-------|-------------|-------|-------|-------|-------|--------|-----------
GET      /                                                                                203  153(75.37%) |     90       2    3566      6 |    1.40        1.40
GET      /cart                                                                           1053  816(77.49%) |     58       1    4608      6 |    5.70        5.70
POST     /cart [add]                                                                     1441 1114(77.31%) |     58       1    4527      4 |    8.20        8.20
POST     /cart/checkout                                                                   128     0(0.00%) |    130      16    1291     89 |    0.00        0.00
GET      /product/[id]                                                                   3947 3031(76.79%) |     99       2    5050      6 |   27.30       27.30
POST     /setCurrency                                                                     855  688(80.47%) |     73       3    3899      8 |    4.50        4.50
--------|----------------------------------------------------------------------------|-------|-------------|-------|-------|-------|-------|--------|-----------
         Aggregated                                                                      7627 5802(76.07%) |     83       1    5050      6 |   47.10       47.10

Type     Name                                                                          # reqs      # fails |    Avg     Min     Max    Med |   req/s  failures/s
--------|----------------------------------------------------------------------------|-------|-------------|-------|-------|-------|-------|--------|-----------
GET      /                                                                                209  159(76.08%) |     87       2    3566      5 |    1.70        1.70
GET      /cart                                                                           1081  844(78.08%) |     57       1    4608      5 |    8.10        8.10
POST     /cart [add]                                                                     1486 1159(77.99%) |     56       1    4527      4 |   11.20       11.20
POST     /cart/checkout                                                                   128     0(0.00%) |    130      16    1291     89 |    0.00        0.00
GET      /product/[id]                                                                   4039 3123(77.32%) |     97       2    5050      6 |   34.50       34.50
POST     /setCurrency                                                                     874  707(80.89%) |     72       3    3899      8 |    5.80        5.80
--------|----------------------------------------------------------------------------|-------|-------------|-------|-------|-------|-------|--------|-----------
         Aggregated                                                                      7817 5992(76.65%) |     81       1    5050      6 |   61.30       61.30

Type     Name                                                                          # reqs      # fails |    Avg     Min     Max    Med |   req/s  failures/s
--------|----------------------------------------------------------------------------|-------|-------------|-------|-------|-------|-------|--------|-----------
GET      /                                                                                210  160(76.19%) |     87       2    3566      5 |    2.00        2.00
GET      /cart                                                                           1094  857(78.34%) |     56       1    4608      5 |   10.70       10.70
POST     /cart [add]                                                                     1514 1187(78.40%) |     55       1    4527      4 |   15.30       15.30
POST     /cart/checkout                                                                   128     0(0.00%) |    130      16    1291     89 |    0.00        0.00
GET      /product/[id]                                                                   4096 3180(77.64%) |     96       2    5050      6 |   42.20       42.20
POST     /setCurrency                                                                     886  719(81.15%) |     71       3    3899      8 |    7.60        7.60
--------|----------------------------------------------------------------------------|-------|-------------|-------|-------|-------|-------|--------|-----------
         Aggregated                                                                      7928 6103(76.98%) |     80       1    5050      6 |   77.80       77.80

Type     Name                                                                          # reqs      # fails |    Avg     Min     Max    Med |   req/s  failures/s
--------|----------------------------------------------------------------------------|-------|-------------|-------|-------|-------|-------|--------|-----------
GET      /                                                                                210  160(76.19%) |     87       2    3566      5 |    1.76        1.34
GET      /cart                                                                           1098  861(78.42%) |     56       1    4608      5 |    9.21        7.22
POST     /cart [add]                                                                     1519 1192(78.47%) |     55       1    4527      4 |   12.74       10.00
POST     /cart/checkout                                                                   128     0(0.00%) |    130      16    1291     89 |    1.07        0.00
GET      /product/[id]                                                                   4118 3202(77.76%) |     95       2    5050      6 |   34.53       26.85
POST     /setCurrency                                                                     890  723(81.24%) |     71       3    3899      8 |    7.46        6.06
--------|----------------------------------------------------------------------------|-------|-------------|-------|-------|-------|-------|--------|-----------
         Aggregated                                                                      7963 6138(77.08%) |     80       1    5050      6 |   66.77       51.47

Response time percentiles (approximated)
Type     Name                                                                                  50%    66%    75%    80%    90%    95%    98%    99%  99.9% 99.99%   100% # reqs
--------|--------------------------------------------------------------------------------|--------|------|------|------|------|------|------|------|------|------|------|------
GET      /                                                                                       6     10     49     93    130    220    940   1400   3600   3600   3600    210
GET      /cart                                                                                   5      9     14     19     62    120    620   1100   4400   4600   4600   1098
POST     /cart [add]                                                                             4      6     17     24     90    160    390    990   4000   4500   4500   1519
POST     /cart/checkout                                                                         92    100    130    140    250    350   1300   1300   1300   1300   1300    128
GET      /product/[id]                                                                           6     10     37     95    130    200   1100   2800   5000   5100   5100   4118
POST     /setCurrency                                                                            8     12     21     57    130    200    670   1400   3900   3900   3900    890
--------|--------------------------------------------------------------------------------|--------|------|------|------|------|------|------|------|------|------|------|------
         Aggregated                                                                              6     10     24     57    120    190    740   2300   4800   5100   5100   7963

Error report
# occurrences      Error                                                                                               
------------------|---------------------------------------------------------------------------------------------------------------------------------------------
750                POST /cart [add]: HTTPError('500 Server Error: Internal Server Error for url: /cart [add]')         
861                GET /cart: HTTPError('500 Server Error: Internal Server Error for url: /cart')                      
3202               GET /product/[id]: HTTPError('500 Server Error: Internal Server Error for url: /product/[id]')      
723                POST /setCurrency: HTTPError('500 Server Error: Internal Server Error for url: /setCurrency')       
442                POST /cart [add]: add falhou (500), skip checkout                                                   
160                GET /: HTTPError('500 Server Error: Internal Server Error for url: /')                              
------------------|---------------------------------------------------------------------------------------------------------------------------------------------

