/Users/edias/Library/Python/3.9/lib/python/site-packages/urllib3/__init__.py:35: NotOpenSSLWarning: urllib3 v2 only supports OpenSSL 1.1.1+, currently the 'ssl' module is compiled with 'LibreSSL 2.8.3'. See: https://github.com/urllib3/urllib3/issues/3020
  warnings.warn(
[2026-05-20 20:14:09,294] Mac/WARNING/locust.main: Python 3.9 support is deprecated and will be removed soon
Type     Name                                                                          # reqs      # fails |    Avg     Min     Max    Med |   req/s  failures/s
--------|----------------------------------------------------------------------------|-------|-------------|-------|-------|-------|-------|--------|-----------
--------|----------------------------------------------------------------------------|-------|-------------|-------|-------|-------|-------|--------|-----------
         Aggregated                                                                         0     0(0.00%) |      0       0       0      0 |    0.00        0.00

Type     Name                                                                          # reqs      # fails |    Avg     Min     Max    Med |   req/s  failures/s
--------|----------------------------------------------------------------------------|-------|-------------|-------|-------|-------|-------|--------|-----------
GET      /cart                                                                              3     0(0.00%) |     12      10      17     10 |    0.00        0.00
POST     /cart [add]                                                                        5     0(0.00%) |     25      14      43     26 |    0.00        0.00
POST     /cart/checkout                                                                     4     0(0.00%) |     19      13      31     15 |    0.00        0.00
GET      /product/[id]                                                                     13     0(0.00%) |     13       7      47     10 |    0.00        0.00
POST     /setCurrency                                                                       3     0(0.00%) |     25      12      46     19 |    0.00        0.00
--------|----------------------------------------------------------------------------|-------|-------------|-------|-------|-------|-------|--------|-----------
         Aggregated                                                                        28     0(0.00%) |     17       7      47     14 |    0.00        0.00

Type     Name                                                                          # reqs      # fails |    Avg     Min     Max    Med |   req/s  failures/s
--------|----------------------------------------------------------------------------|-------|-------------|-------|-------|-------|-------|--------|-----------
GET      /cart                                                                             12     0(0.00%) |     10       6      17     10 |    1.00        0.00
POST     /cart [add]                                                                       17     0(0.00%) |     17       7      43     14 |    2.50        0.00
POST     /cart/checkout                                                                     8     0(0.00%) |     15       8      31     14 |    2.00        0.00
GET      /product/[id]                                                                     38     0(0.00%) |     11       6      47      9 |    5.00        0.00
POST     /setCurrency                                                                       6     0(0.00%) |     19      11      46     12 |    1.00        0.00
--------|----------------------------------------------------------------------------|-------|-------------|-------|-------|-------|-------|--------|-----------
         Aggregated                                                                        81     0(0.00%) |     13       6      47     11 |   11.50        0.00

Type     Name                                                                          # reqs      # fails |    Avg     Min     Max    Med |   req/s  failures/s
--------|----------------------------------------------------------------------------|-------|-------------|-------|-------|-------|-------|--------|-----------
GET      /                                                                                  1     0(0.00%) |     12      12      12     12 |    0.00        0.00
GET      /cart                                                                             26     0(0.00%) |      9       5      17      9 |    2.75        0.00
POST     /cart [add]                                                                       33     0(0.00%) |     14       7      43     13 |    3.25        0.00
POST     /cart/checkout                                                                     9     0(0.00%) |     15       8      31     14 |    1.50        0.00
GET      /product/[id]                                                                     82     0(0.00%) |     10       5      47      9 |    8.50        0.00
POST     /setCurrency                                                                      11     0(0.00%) |     17      11      46     15 |    1.50        0.00
--------|----------------------------------------------------------------------------|-------|-------------|-------|-------|-------|-------|--------|-----------
         Aggregated                                                                       162     0(0.00%) |     11       5      47     10 |   17.50        0.00

Type     Name                                                                          # reqs      # fails |    Avg     Min     Max    Med |   req/s  failures/s
--------|----------------------------------------------------------------------------|-------|-------------|-------|-------|-------|-------|--------|-----------
GET      /                                                                                  3     0(0.00%) |     14      12      18     12 |    0.17        0.00
GET      /cart                                                                             42     0(0.00%) |      9       5      17      8 |    3.83        0.00
POST     /cart [add]                                                                       49     0(0.00%) |     13       7      43     12 |    5.33        0.00
POST     /cart/checkout                                                                    16     0(0.00%) |     14       8      31     13 |    1.50        0.00
GET      /product/[id]                                                                    143     0(0.00%) |      9       5      47      9 |   12.83        0.00
POST     /setCurrency                                                                      26     0(0.00%) |     14      10      46     13 |    1.67        0.00
--------|----------------------------------------------------------------------------|-------|-------------|-------|-------|-------|-------|--------|-----------
         Aggregated                                                                       279     0(0.00%) |     10       5      47     10 |   25.33        0.00

Type     Name                                                                          # reqs      # fails |    Avg     Min     Max    Med |   req/s  failures/s
--------|----------------------------------------------------------------------------|-------|-------------|-------|-------|-------|-------|--------|-----------
GET      /                                                                                  7     0(0.00%) |     12       9      18     12 |    0.38        0.00
GET      /cart                                                                             63     0(0.00%) |      8       5      17      8 |    4.88        0.00
POST     /cart [add]                                                                       71     0(0.00%) |     12       7      43     11 |    5.62        0.00
POST     /cart/checkout                                                                    25     0(0.00%) |     13       8      31     13 |    1.75        0.00
GET      /product/[id]                                                                    216     0(0.00%) |      8       4      47      8 |   16.62        0.00
POST     /setCurrency                                                                      40     0(0.00%) |     14      10      46     13 |    3.25        0.00
--------|----------------------------------------------------------------------------|-------|-------------|-------|-------|-------|-------|--------|-----------
         Aggregated                                                                       422     0(0.00%) |     10       4      47      9 |   32.50        0.00

Type     Name                                                                          # reqs      # fails |    Avg     Min     Max    Med |   req/s  failures/s
--------|----------------------------------------------------------------------------|-------|-------------|-------|-------|-------|-------|--------|-----------
GET      /                                                                                 14     0(0.00%) |     12       9      18     12 |    0.70        0.00
GET      /cart                                                                             88     0(0.00%) |      8       4      17      8 |    6.00        0.00
POST     /cart [add]                                                                       96     0(0.00%) |     12       7      43     11 |    6.90        0.00
POST     /cart/checkout                                                                    35     0(0.00%) |     12       8      31     12 |    2.40        0.00
GET      /product/[id]                                                                    297     0(0.00%) |      8       4      47      8 |   20.00        0.00
POST     /setCurrency                                                                      70     0(0.00%) |     13       9      46     13 |    3.90        0.00
--------|----------------------------------------------------------------------------|-------|-------------|-------|-------|-------|-------|--------|-----------
         Aggregated                                                                       600     0(0.00%) |     10       4      47      9 |   39.90        0.00

Type     Name                                                                          # reqs      # fails |    Avg     Min     Max    Med |   req/s  failures/s
--------|----------------------------------------------------------------------------|-------|-------------|-------|-------|-------|-------|--------|-----------
GET      /                                                                                 20     0(0.00%) |     14       9      67     11 |    1.20        0.00
GET      /cart                                                                            112     0(0.00%) |      9       4      61      8 |    8.30        0.00
POST     /cart [add]                                                                      132     0(0.00%) |     14       7      89     11 |    8.90        0.00
POST     /cart/checkout                                                                    53     0(0.00%) |     14       8      73     13 |    3.10        0.00
GET      /product/[id]                                                                    385     0(0.00%) |      9       4      70      8 |   26.90        0.00
POST     /setCurrency                                                                      91     0(0.00%) |     15       9      68     13 |    6.40        0.00
--------|----------------------------------------------------------------------------|-------|-------------|-------|-------|-------|-------|--------|-----------
         Aggregated                                                                       793     0(0.00%) |     11       4      89      9 |   54.80        0.00

Type     Name                                                                          # reqs      # fails |    Avg     Min     Max    Med |   req/s  failures/s
--------|----------------------------------------------------------------------------|-------|-------------|-------|-------|-------|-------|--------|-----------
GET      /                                                                                 27     0(0.00%) |     13       8      67     11 |    1.80        0.00
GET      /cart                                                                            145     0(0.00%) |      9       4      61      8 |    9.90        0.00
POST     /cart [add]                                                                      161     0(0.00%) |     13       7      89     11 |   11.50        0.00
POST     /cart/checkout                                                                    63     0(0.00%) |     14       8      73     12 |    4.40        0.00
GET      /product/[id]                                                                    473     0(0.00%) |      9       4      70      8 |   33.70        0.00
POST     /setCurrency                                                                     113     0(0.00%) |     15       9      68     13 |    7.70        0.00
--------|----------------------------------------------------------------------------|-------|-------------|-------|-------|-------|-------|--------|-----------
         Aggregated                                                                       982     0(0.00%) |     11       4      89      9 |   69.00        0.00

Type     Name                                                                          # reqs      # fails |    Avg     Min     Max    Med |   req/s  failures/s
--------|----------------------------------------------------------------------------|-------|-------------|-------|-------|-------|-------|--------|-----------
GET      /                                                                                 31     0(0.00%) |     13       8      67     11 |    2.50        0.00
GET      /cart                                                                            161     0(0.00%) |      9       4      61      8 |   11.40        0.00
POST     /cart [add]                                                                      199     0(0.00%) |     13       6      89     11 |   12.50        0.00
POST     /cart/checkout                                                                    83     0(0.00%) |     13       7      73     12 |    5.30        0.00
GET      /product/[id]                                                                    571     0(0.00%) |      8       4      70      8 |   38.20        0.00
POST     /setCurrency                                                                     130     0(0.00%) |     15       9      68     13 |   10.10        0.00
--------|----------------------------------------------------------------------------|-------|-------------|-------|-------|-------|-------|--------|-----------
         Aggregated                                                                      1175     0(0.00%) |     10       4      89      9 |   80.00        0.00

Type     Name                                                                          # reqs      # fails |    Avg     Min     Max    Med |   req/s  failures/s
--------|----------------------------------------------------------------------------|-------|-------------|-------|-------|-------|-------|--------|-----------
GET      /                                                                                 33     0(0.00%) |     13       8      67     11 |    2.70        0.00
GET      /cart                                                                            186     0(0.00%) |      9       4      61      8 |   11.90        0.00
POST     /cart [add]                                                                      236     0(0.00%) |     13       6      89     11 |   14.90        0.00
POST     /cart/checkout                                                                    97     0(0.00%) |     13       7      73     11 |    6.70        0.00
GET      /product/[id]                                                                    663     0(0.00%) |      8       4      70      7 |   42.60        0.00
POST     /setCurrency                                                                     149     0(0.00%) |     15       9      68     13 |   10.00        0.00
--------|----------------------------------------------------------------------------|-------|-------------|-------|-------|-------|-------|--------|-----------
         Aggregated                                                                      1364     0(0.00%) |     10       4      89      9 |   88.80        0.00

Type     Name                                                                          # reqs      # fails |    Avg     Min     Max    Med |   req/s  failures/s
--------|----------------------------------------------------------------------------|-------|-------------|-------|-------|-------|-------|--------|-----------
GET      /                                                                                 38     0(0.00%) |     16       8     115     11 |    2.60        0.00
GET      /cart                                                                            205     0(0.00%) |      9       4      61      8 |   12.30        0.00
POST     /cart [add]                                                                      263     0(0.00%) |     13       6      89     11 |   15.50        0.00
POST     /cart/checkout                                                                   108     0(0.00%) |     14       7     105     11 |    6.60        0.00
GET      /product/[id]                                                                    735     0(0.00%) |      8       4      90      7 |   43.90        0.00
POST     /setCurrency                                                                     164     0(0.00%) |     15       9     137     13 |   11.00        0.00
--------|----------------------------------------------------------------------------|-------|-------------|-------|-------|-------|-------|--------|-----------
         Aggregated                                                                      1513     0(0.00%) |     10       4     137      9 |   91.90        0.00

Type     Name                                                                          # reqs      # fails |    Avg     Min     Max    Med |   req/s  failures/s
--------|----------------------------------------------------------------------------|-------|-------------|-------|-------|-------|-------|--------|-----------
GET      /                                                                                 40     0(0.00%) |     17       8     115     11 |    2.60        0.00
GET      /cart                                                                            216     0(0.00%) |     15       4     613      8 |   12.50        0.00
POST     /cart [add]                                                                      286     0(0.00%) |     25       6     968     11 |   16.80        0.00
POST     /cart/checkout                                                                   114     0(0.00%) |     14       7     105     11 |    7.00        0.00
GET      /product/[id]                                                                    782     0(0.00%) |     22       4     911      7 |   45.10        0.00
POST     /setCurrency                                                                     173     0(0.00%) |     33       9     829     13 |   10.30        0.00
--------|----------------------------------------------------------------------------|-------|-------------|-------|-------|-------|-------|--------|-----------
         Aggregated                                                                      1611     0(0.00%) |     22       4     968      9 |   94.30        0.00

Type     Name                                                                          # reqs      # fails |    Avg     Min     Max    Med |   req/s  failures/s
--------|----------------------------------------------------------------------------|-------|-------------|-------|-------|-------|-------|--------|-----------
GET      /                                                                                 43     0(0.00%) |     16       8     115     11 |    2.20        0.00
GET      /cart                                                                            229     0(0.00%) |     14       4     613      8 |   10.60        0.00
POST     /cart [add]                                                                      321     0(0.00%) |     36       6    1138     11 |   15.80        0.00
POST     /cart/checkout                                                                   127     0(0.00%) |     13       7     105     11 |    6.40        0.00
GET      /product/[id]                                                                    867     0(0.00%) |     38       4     978      7 |   41.10        0.00
POST     /setCurrency                                                                     185     0(0.00%) |     40       9     922     13 |    9.00        0.00
--------|----------------------------------------------------------------------------|-------|-------------|-------|-------|-------|-------|--------|-----------
         Aggregated                                                                      1772     0(0.00%) |     33       4    1138      9 |   85.10        0.00

Type     Name                                                                          # reqs      # fails |    Avg     Min     Max    Med |   req/s  failures/s
--------|----------------------------------------------------------------------------|-------|-------------|-------|-------|-------|-------|--------|-----------
GET      /                                                                                 47     0(0.00%) |     16       8     115     11 |    1.60        0.00
GET      /cart                                                                            259     0(0.00%) |     13       4     613      7 |    8.60        0.00
POST     /cart [add]                                                                      354     0(0.00%) |     34       6    1138     10 |   15.60        0.00
POST     /cart/checkout                                                                   139     0(0.00%) |     13       7     105     11 |    6.10        0.00
GET      /product/[id]                                                                    953     0(0.00%) |     35       3     978      7 |   39.30        0.00
POST     /setCurrency                                                                     207     0(0.00%) |     37       8     922     13 |    7.20        0.00
--------|----------------------------------------------------------------------------|-------|-------------|-------|-------|-------|-------|--------|-----------
         Aggregated                                                                      1959     0(0.00%) |     30       3    1138      9 |   78.40        0.00

Type     Name                                                                          # reqs      # fails |    Avg     Min     Max    Med |   req/s  failures/s
--------|----------------------------------------------------------------------------|-------|-------------|-------|-------|-------|-------|--------|-----------
GET      /                                                                                 53     0(0.00%) |     15       8     115     11 |    1.60        0.00
GET      /cart                                                                            279     0(0.00%) |     13       4     613      7 |    9.60        0.00
POST     /cart [add]                                                                      394     0(0.00%) |     31       6    1138     10 |   15.40        0.00
POST     /cart/checkout                                                                   151     0(0.00%) |     13       7     105     11 |    5.30        0.00
GET      /product/[id]                                                                   1045     0(0.00%) |     33       3     978      7 |   38.10        0.00
POST     /setCurrency                                                                     225     0(0.00%) |     36       8     922     13 |    7.80        0.00
--------|----------------------------------------------------------------------------|-------|-------------|-------|-------|-------|-------|--------|-----------
         Aggregated                                                                      2147     0(0.00%) |     28       3    1138      9 |   77.80        0.00

Type     Name                                                                          # reqs      # fails |    Avg     Min     Max    Med |   req/s  failures/s
--------|----------------------------------------------------------------------------|-------|-------------|-------|-------|-------|-------|--------|-----------
GET      /                                                                                 57     0(0.00%) |     15       8     115     11 |    2.00        0.00
GET      /cart                                                                            299     0(0.00%) |     12       4     613      7 |    9.60        0.00
POST     /cart [add]                                                                      439     0(0.00%) |     29       6    1138     10 |   15.70        0.00
POST     /cart/checkout                                                                   166     0(0.00%) |     13       7     105     11 |    5.10        0.00
GET      /product/[id]                                                                   1138     0(0.00%) |     31       3     978      7 |   37.20        0.00
POST     /setCurrency                                                                     240     0(0.00%) |     34       8     922     13 |    7.90        0.00
--------|----------------------------------------------------------------------------|-------|-------------|-------|-------|-------|-------|--------|-----------
         Aggregated                                                                      2339     0(0.00%) |     27       3    1138      9 |   77.50        0.00

Type     Name                                                                          # reqs      # fails |    Avg     Min     Max    Med |   req/s  failures/s
--------|----------------------------------------------------------------------------|-------|-------------|-------|-------|-------|-------|--------|-----------
GET      /                                                                                 63     0(0.00%) |     15       8     115     11 |    1.90        0.00
GET      /cart                                                                            324     0(0.00%) |     12       3     613      7 |    8.90        0.00
POST     /cart [add]                                                                      487     0(0.00%) |     27       6    1138     10 |   17.00        0.00
POST     /cart/checkout                                                                   186     0(0.00%) |     13       7     105     10 |    5.80        0.00
GET      /product/[id]                                                                   1222     0(0.00%) |     29       3     978      7 |   38.90        0.00
POST     /setCurrency                                                                     258     0(0.00%) |     33       8     922     13 |    7.30        0.00
--------|----------------------------------------------------------------------------|-------|-------------|-------|-------|-------|-------|--------|-----------
         Aggregated                                                                      2540     0(0.00%) |     26       3    1138      9 |   79.80        0.00

Type     Name                                                                          # reqs      # fails |    Avg     Min     Max    Med |   req/s  failures/s
--------|----------------------------------------------------------------------------|-------|-------------|-------|-------|-------|-------|--------|-----------
GET      /                                                                                 67     0(0.00%) |     14       8     115     11 |    2.20        0.00
GET      /cart                                                                            343     0(0.00%) |     12       3     613      7 |   10.20        0.00
POST     /cart [add]                                                                      526     0(0.00%) |     26       6    1138     10 |   19.30        0.00
POST     /cart/checkout                                                                   201     0(0.00%) |     13       7     105     10 |    7.00        0.00
GET      /product/[id]                                                                   1321     0(0.00%) |     28       3     978      7 |   42.70        0.00
POST     /setCurrency                                                                     275     0(0.00%) |     32       8     922     13 |    8.20        0.00
--------|----------------------------------------------------------------------------|-------|-------------|-------|-------|-------|-------|--------|-----------
         Aggregated                                                                      2733     0(0.00%) |     24       3    1138      9 |   89.60        0.00

Type     Name                                                                          # reqs      # fails |    Avg     Min     Max    Med |   req/s  failures/s
--------|----------------------------------------------------------------------------|-------|-------------|-------|-------|-------|-------|--------|-----------
GET      /                                                                                 69     0(0.00%) |     14       8     115     11 |    2.50        0.00
GET      /cart                                                                            370     0(0.00%) |     12       3     613      7 |   11.40        0.00
POST     /cart [add]                                                                      560     0(0.00%) |     25       6    1138     10 |   20.70        0.00
POST     /cart/checkout                                                                   214     0(0.00%) |     13       7     105     10 |    7.50        0.00
GET      /product/[id]                                                                   1408     0(0.00%) |     26       3     978      7 |   45.30        0.00
POST     /setCurrency                                                                     300     0(0.00%) |     30       8     922     13 |    8.90        0.00
--------|----------------------------------------------------------------------------|-------|-------------|-------|-------|-------|-------|--------|-----------
         Aggregated                                                                      2921     0(0.00%) |     23       3    1138      9 |   96.30        0.00

Type     Name                                                                          # reqs      # fails |    Avg     Min     Max    Med |   req/s  failures/s
--------|----------------------------------------------------------------------------|-------|-------------|-------|-------|-------|-------|--------|-----------
GET      /                                                                                 70     0(0.00%) |     14       8     115     11 |    2.30        0.00
GET      /cart                                                                            388     0(0.00%) |     11       3     613      7 |   10.90        0.00
POST     /cart [add]                                                                      590     0(0.00%) |     24       6    1138     10 |   21.00        0.00
POST     /cart/checkout                                                                   227     0(0.00%) |     13       7     105     10 |    7.60        0.00
GET      /product/[id]                                                                   1483     0(0.00%) |     25       3     978      7 |   45.60        0.00
POST     /setCurrency                                                                     317     0(0.00%) |     29       8     922     12 |    9.10        0.00
--------|----------------------------------------------------------------------------|-------|-------------|-------|-------|-------|-------|--------|-----------
         Aggregated                                                                      3075     0(0.00%) |     23       3    1138      9 |   96.50        0.00

Type     Name                                                                          # reqs      # fails |    Avg     Min     Max    Med |   req/s  failures/s
--------|----------------------------------------------------------------------------|-------|-------------|-------|-------|-------|-------|--------|-----------
GET      /                                                                                 75     0(0.00%) |     14       8     115     11 |    1.80        0.00
GET      /cart                                                                            408     0(0.00%) |     21       3     928      7 |   11.00        0.00
POST     /cart [add]                                                                      616     0(0.00%) |     28       6    1138     10 |   20.50        0.00
POST     /cart/checkout                                                                   237     0(0.00%) |     17       7    1007     10 |    8.10        0.00
GET      /product/[id]                                                                   1564     0(0.00%) |     30       3     978      7 |   45.80        0.00
POST     /setCurrency                                                                     333     0(0.00%) |     30       8     922     12 |    9.30        0.00
--------|----------------------------------------------------------------------------|-------|-------------|-------|-------|-------|-------|--------|-----------
         Aggregated                                                                      3233     0(0.00%) |     27       3    1138      9 |   96.50        0.00

Type     Name                                                                          # reqs      # fails |    Avg     Min     Max    Med |   req/s  failures/s
--------|----------------------------------------------------------------------------|-------|-------------|-------|-------|-------|-------|--------|-----------
GET      /                                                                                 78     0(0.00%) |     14       8     115     11 |    1.80        0.00
GET      /cart                                                                            435     0(0.00%) |     20       3     928      7 |   10.80        0.00
POST     /cart [add]                                                                      651     0(0.00%) |     27       6    1138     10 |   17.70        0.00
POST     /cart/checkout                                                                   251     0(0.00%) |     16       7    1007     10 |    6.80        0.00
GET      /product/[id]                                                                   1659     0(0.00%) |     29       3     978      7 |   42.60        0.00
POST     /setCurrency                                                                     357     0(0.00%) |     29       8     922     12 |    9.60        0.00
--------|----------------------------------------------------------------------------|-------|-------------|-------|-------|-------|-------|--------|-----------
         Aggregated                                                                      3431     0(0.00%) |     26       3    1138      9 |   89.30        0.00

Type     Name                                                                          # reqs      # fails |    Avg     Min     Max    Med |   req/s  failures/s
--------|----------------------------------------------------------------------------|-------|-------------|-------|-------|-------|-------|--------|-----------
GET      /                                                                                 81     0(0.00%) |     14       8     115     11 |    1.50        0.00
GET      /cart                                                                            456     0(0.00%) |     20       3     928      7 |   11.50        0.00
POST     /cart [add]                                                                      685     0(0.00%) |     26       6    1138     10 |   16.20        0.00
POST     /cart/checkout                                                                   262     0(0.00%) |     16       7    1007     10 |    6.50        0.00
GET      /product/[id]                                                                   1774     0(0.00%) |     28       3     978      7 |   43.40        0.00
POST     /setCurrency                                                                     364     0(0.00%) |     29       8     922     12 |    9.80        0.00
--------|----------------------------------------------------------------------------|-------|-------------|-------|-------|-------|-------|--------|-----------
         Aggregated                                                                      3622     0(0.00%) |     25       3    1138      8 |   88.90        0.00

Type     Name                                                                          # reqs      # fails |    Avg     Min     Max    Med |   req/s  failures/s
--------|----------------------------------------------------------------------------|-------|-------------|-------|-------|-------|-------|--------|-----------
GET      /                                                                                 84     0(0.00%) |     14       8     115     11 |    1.40        0.00
GET      /cart                                                                            479     0(0.00%) |     19       3     928      7 |   11.50        0.00
POST     /cart [add]                                                                      724     0(0.00%) |     25       6    1138     10 |   15.80        0.00
POST     /cart/checkout                                                                   273     0(0.00%) |     16       7    1007     10 |    6.20        0.00
GET      /product/[id]                                                                   1869     0(0.00%) |     27       3     978      7 |   45.00        0.00
POST     /setCurrency                                                                     381     0(0.00%) |     28       8     922     12 |    9.10        0.00
--------|----------------------------------------------------------------------------|-------|-------------|-------|-------|-------|-------|--------|-----------
         Aggregated                                                                      3810     0(0.00%) |     25       3    1138      8 |   89.00        0.00

Type     Name                                                                          # reqs      # fails |    Avg     Min     Max    Med |   req/s  failures/s
--------|----------------------------------------------------------------------------|-------|-------------|-------|-------|-------|-------|--------|-----------
GET      /                                                                                 87     0(0.00%) |     14       8     115     11 |    1.40        0.00
GET      /cart                                                                            495     0(0.00%) |     19       3     928      7 |   11.80        0.00
POST     /cart [add]                                                                      748     0(0.00%) |     25       6    1138     10 |   15.80        0.00
POST     /cart/checkout                                                                   282     0(0.00%) |     16       7    1007     10 |    6.00        0.00
GET      /product/[id]                                                                   1953     0(0.00%) |     26       3     978      7 |   44.60        0.00
POST     /setCurrency                                                                     389     0(0.00%) |     27       8     922     12 |    8.60        0.00
--------|----------------------------------------------------------------------------|-------|-------------|-------|-------|-------|-------|--------|-----------
         Aggregated                                                                      3954     0(0.00%) |     24       3    1138      8 |   88.20        0.00

Type     Name                                                                          # reqs      # fails |    Avg     Min     Max    Med |   req/s  failures/s
--------|----------------------------------------------------------------------------|-------|-------------|-------|-------|-------|-------|--------|-----------
GET      /                                                                                 89     0(0.00%) |     29       8     776     11 |    1.70        0.00
GET      /cart                                                                            521     0(0.00%) |     23       3     928      7 |   10.70        0.00
POST     /cart [add]                                                                      770     0(0.00%) |     28       6    1138     10 |   15.80        0.00
POST     /cart/checkout                                                                   290     0(0.00%) |     16       7    1007     10 |    5.50        0.00
GET      /product/[id]                                                                   2020     0(0.00%) |     31       3     978      7 |   47.00        0.00
POST     /setCurrency                                                                     405     0(0.00%) |     29       8     922     12 |    7.20        0.00
--------|----------------------------------------------------------------------------|-------|-------------|-------|-------|-------|-------|--------|-----------
         Aggregated                                                                      4095     0(0.00%) |     28       3    1138      8 |   87.90        0.00

Type     Name                                                                          # reqs      # fails |    Avg     Min     Max    Med |   req/s  failures/s
--------|----------------------------------------------------------------------------|-------|-------------|-------|-------|-------|-------|--------|-----------
GET      /                                                                                 93     0(0.00%) |     28       8     776     11 |    1.40        0.00
GET      /cart                                                                            540     0(0.00%) |     25       3     928      7 |   11.70        0.00
POST     /cart [add]                                                                      800     0(0.00%) |     28       6    1138     10 |   15.90        0.00
POST     /cart/checkout                                                                   301     0(0.00%) |     16       7    1007     10 |    5.60        0.00
GET      /product/[id]                                                                   2094     0(0.00%) |     34       3     978      7 |   46.30        0.00
POST     /setCurrency                                                                     427     0(0.00%) |     34       8     922     12 |    7.10        0.00
--------|----------------------------------------------------------------------------|-------|-------------|-------|-------|-------|-------|--------|-----------
         Aggregated                                                                      4255     0(0.00%) |     30       3    1138      9 |   88.00        0.00

Type     Name                                                                          # reqs      # fails |    Avg     Min     Max    Med |   req/s  failures/s
--------|----------------------------------------------------------------------------|-------|-------------|-------|-------|-------|-------|--------|-----------
GET      /                                                                                103     0(0.00%) |     27       8     776     11 |    1.60        0.00
GET      /cart                                                                            567     0(0.00%) |     24       3     928      7 |   10.40        0.00
POST     /cart [add]                                                                      835     0(0.00%) |     28       6    1138     10 |   15.20        0.00
POST     /cart/checkout                                                                   313     0(0.00%) |     15       7    1007     10 |    4.70        0.00
GET      /product/[id]                                                                   2179     0(0.00%) |     33       3     978      7 |   43.40        0.00
POST     /setCurrency                                                                     451     0(0.00%) |     33       8     922     12 |    6.90        0.00
--------|----------------------------------------------------------------------------|-------|-------------|-------|-------|-------|-------|--------|-----------
         Aggregated                                                                      4448     0(0.00%) |     29       3    1138      9 |   82.20        0.00

Type     Name                                                                          # reqs      # fails |    Avg     Min     Max    Med |   req/s  failures/s
--------|----------------------------------------------------------------------------|-------|-------------|-------|-------|-------|-------|--------|-----------
GET      /                                                                                108     0(0.00%) |     27       8     776     11 |    2.00        0.00
GET      /cart                                                                            595     0(0.00%) |     24       3     928      7 |   11.10        0.00
POST     /cart [add]                                                                      869     0(0.00%) |     27       6    1138     10 |   15.00        0.00
POST     /cart/checkout                                                                   325     0(0.00%) |     15       7    1007     10 |    5.00        0.00
GET      /product/[id]                                                                   2265     0(0.00%) |     32       3     978      7 |   40.80        0.00
POST     /setCurrency                                                                     470     0(0.00%) |     33       8     922     12 |    8.70        0.00
--------|----------------------------------------------------------------------------|-------|-------------|-------|-------|-------|-------|--------|-----------
         Aggregated                                                                      4632     0(0.00%) |     29       3    1138      9 |   82.60        0.00

Type     Name                                                                          # reqs      # fails |    Avg     Min     Max    Med |   req/s  failures/s
--------|----------------------------------------------------------------------------|-------|-------------|-------|-------|-------|-------|--------|-----------
GET      /                                                                                111     0(0.00%) |     27       8     776     11 |    2.30        0.00
GET      /cart                                                                            621     0(0.00%) |     26       3     928      7 |   11.60        0.00
POST     /cart [add]                                                                      903     0(0.00%) |     28       6    1138     10 |   15.20        0.00
POST     /cart/checkout                                                                   338     0(0.00%) |     16       7    1007     10 |    5.40        0.00
GET      /product/[id]                                                                   2334     0(0.00%) |     32       3     978      7 |   40.20        0.00
POST     /setCurrency                                                                     496     0(0.00%) |     35       7     922     12 |    8.70        0.00
--------|----------------------------------------------------------------------------|-------|-------------|-------|-------|-------|-------|--------|-----------
         Aggregated                                                                      4803     0(0.00%) |     30       3    1138      9 |   83.40        0.00

Type     Name                                                                          # reqs      # fails |    Avg     Min     Max    Med |   req/s  failures/s
--------|----------------------------------------------------------------------------|-------|-------------|-------|-------|-------|-------|--------|-----------
GET      /                                                                                116     0(0.00%) |     26       8     776     11 |    2.40        0.00
GET      /cart                                                                            650     0(0.00%) |     25       3     928      7 |   12.10        0.00
POST     /cart [add]                                                                      930     0(0.00%) |     27       6    1138     10 |   14.60        0.00
POST     /cart/checkout                                                                   352     0(0.00%) |     15       7    1007     10 |    5.50        0.00
GET      /product/[id]                                                                   2428     0(0.00%) |     31       3     978      7 |   36.40        0.00
POST     /setCurrency                                                                     517     0(0.00%) |     34       7     922     12 |   10.10        0.00
--------|----------------------------------------------------------------------------|-------|-------------|-------|-------|-------|-------|--------|-----------
         Aggregated                                                                      4993     0(0.00%) |     29       3    1138      9 |   81.10        0.00

Type     Name                                                                          # reqs      # fails |    Avg     Min     Max    Med |   req/s  failures/s
--------|----------------------------------------------------------------------------|-------|-------------|-------|-------|-------|-------|--------|-----------
GET      /                                                                                120     0(0.00%) |     26       8     776     11 |    2.70        0.00
GET      /cart                                                                            674     0(0.00%) |     24       3     928      7 |   12.30        0.00
POST     /cart [add]                                                                      970     0(0.00%) |     27       6    1138     10 |   15.60        0.00
POST     /cart/checkout                                                                   364     0(0.00%) |     15       7    1007     10 |    6.00        0.00
GET      /product/[id]                                                                   2515     0(0.00%) |     31       3     978      7 |   39.90        0.00
POST     /setCurrency                                                                     537     0(0.00%) |     34       7     922     12 |   11.00        0.00
--------|----------------------------------------------------------------------------|-------|-------------|-------|-------|-------|-------|--------|-----------
         Aggregated                                                                      5180     0(0.00%) |     28       3    1138      9 |   87.50        0.00

Type     Name                                                                          # reqs      # fails |    Avg     Min     Max    Med |   req/s  failures/s
--------|----------------------------------------------------------------------------|-------|-------------|-------|-------|-------|-------|--------|-----------
GET      /                                                                                126     0(0.00%) |     25       8     776     11 |    2.70        0.00
GET      /cart                                                                            699     0(0.00%) |     24       3     928      7 |   13.30        0.00
POST     /cart [add]                                                                     1002     0(0.00%) |     26       6    1138     10 |   16.80        0.00
POST     /cart/checkout                                                                   379     0(0.00%) |     15       7    1007     10 |    6.60        0.00
GET      /product/[id]                                                                   2620     0(0.00%) |     30       3     978      7 |   42.30        0.00
POST     /setCurrency                                                                     548     0(0.00%) |     33       7     922     12 |   11.10        0.00
--------|----------------------------------------------------------------------------|-------|-------------|-------|-------|-------|-------|--------|-----------
         Aggregated                                                                      5374     0(0.00%) |     28       3    1138      9 |   92.80        0.00

Type     Name                                                                          # reqs      # fails |    Avg     Min     Max    Med |   req/s  failures/s
--------|----------------------------------------------------------------------------|-------|-------------|-------|-------|-------|-------|--------|-----------
GET      /                                                                                130     0(0.00%) |     25       8     776     11 |    2.30        0.00
GET      /cart                                                                            715     0(0.00%) |     24       3     928      7 |   13.20        0.00
POST     /cart [add]                                                                     1041     0(0.00%) |     26       6    1138     10 |   17.20        0.00
POST     /cart/checkout                                                                   391     0(0.00%) |     15       7    1007     10 |    6.90        0.00
GET      /product/[id]                                                                   2718     0(0.00%) |     29       3     978      7 |   43.40        0.00
POST     /setCurrency                                                                     573     0(0.00%) |     33       7     922     12 |    9.80        0.00
--------|----------------------------------------------------------------------------|-------|-------------|-------|-------|-------|-------|--------|-----------
         Aggregated                                                                      5568     0(0.00%) |     27       3    1138      9 |   92.80        0.00

Type     Name                                                                          # reqs      # fails |    Avg     Min     Max    Med |   req/s  failures/s
--------|----------------------------------------------------------------------------|-------|-------------|-------|-------|-------|-------|--------|-----------
GET      /                                                                                133     0(0.00%) |     24       8     776     11 |    2.20        0.00
GET      /cart                                                                            736     0(0.00%) |     23       3     928      7 |   12.00        0.00
POST     /cart [add]                                                                     1072     0(0.00%) |     25       5    1138     10 |   16.70        0.00
POST     /cart/checkout                                                                   402     0(0.00%) |     15       7    1007     10 |    6.40        0.00
GET      /product/[id]                                                                   2823     0(0.00%) |     28       3     978      7 |   44.60        0.00
POST     /setCurrency                                                                     594     0(0.00%) |     32       7     922     12 |   10.10        0.00
--------|----------------------------------------------------------------------------|-------|-------------|-------|-------|-------|-------|--------|-----------
         Aggregated                                                                      5760     0(0.00%) |     26       3    1138      9 |   92.00        0.00

Type     Name                                                                          # reqs      # fails |    Avg     Min     Max    Med |   req/s  failures/s
--------|----------------------------------------------------------------------------|-------|-------------|-------|-------|-------|-------|--------|-----------
GET      /                                                                                134     0(0.00%) |     24       8     776     11 |    2.20        0.00
GET      /cart                                                                            761     0(0.00%) |     23       3     928      7 |   11.60        0.00
POST     /cart [add]                                                                     1110     0(0.00%) |     25       5    1138     10 |   17.40        0.00
POST     /cart/checkout                                                                   412     0(0.00%) |     15       7    1007     10 |    6.40        0.00
GET      /product/[id]                                                                   2926     0(0.00%) |     27       3     978      7 |   48.40        0.00
POST     /setCurrency                                                                     606     0(0.00%) |     32       7     922     12 |   10.00        0.00
--------|----------------------------------------------------------------------------|-------|-------------|-------|-------|-------|-------|--------|-----------
         Aggregated                                                                      5949     0(0.00%) |     26       3    1138      9 |   96.00        0.00

Type     Name                                                                          # reqs      # fails |    Avg     Min     Max    Med |   req/s  failures/s
--------|----------------------------------------------------------------------------|-------|-------------|-------|-------|-------|-------|--------|-----------
GET      /                                                                                139     0(0.00%) |     24       8     776     11 |    1.80        0.00
GET      /cart                                                                            792     0(0.00%) |     22       3     928      7 |   11.40        0.00
POST     /cart [add]                                                                     1142     0(0.00%) |     24       5    1138     10 |   17.60        0.00
POST     /cart/checkout                                                                   423     0(0.00%) |     15       7    1007     10 |    6.00        0.00
GET      /product/[id]                                                                   3017     0(0.00%) |     27       3     978      7 |   49.20        0.00
POST     /setCurrency                                                                     625     0(0.00%) |     31       7     922     12 |    9.00        0.00
--------|----------------------------------------------------------------------------|-------|-------------|-------|-------|-------|-------|--------|-----------
         Aggregated                                                                      6138     0(0.00%) |     25       3    1138      9 |   95.00        0.00

Type     Name                                                                          # reqs      # fails |    Avg     Min     Max    Med |   req/s  failures/s
--------|----------------------------------------------------------------------------|-------|-------------|-------|-------|-------|-------|--------|-----------
GET      /                                                                                142     0(0.00%) |     23       8     776     11 |    1.90        0.00
GET      /cart                                                                            814     0(0.00%) |     22       3     928      7 |   11.70        0.00
POST     /cart [add]                                                                     1167     0(0.00%) |     24       5    1138     10 |   17.30        0.00
POST     /cart/checkout                                                                   430     0(0.00%) |     15       7    1007     10 |    5.70        0.00
GET      /product/[id]                                                                   3118     0(0.00%) |     26       3     978      7 |   50.30        0.00
POST     /setCurrency                                                                     646     0(0.00%) |     30       7     922     12 |    9.10        0.00
--------|----------------------------------------------------------------------------|-------|-------------|-------|-------|-------|-------|--------|-----------
         Aggregated                                                                      6317     0(0.00%) |     25       3    1138      8 |   96.00        0.00

Type     Name                                                                          # reqs      # fails |    Avg     Min     Max    Med |   req/s  failures/s
--------|----------------------------------------------------------------------------|-------|-------------|-------|-------|-------|-------|--------|-----------
GET      /                                                                                145     0(0.00%) |     23       8     776     11 |    1.60        0.00
GET      /cart                                                                            839     0(0.00%) |     21       3     928      7 |   10.80        0.00
POST     /cart [add]                                                                     1214     0(0.00%) |     24       5    1138     10 |   16.60        0.00
POST     /cart/checkout                                                                   453     0(0.00%) |     14       7    1007     10 |    5.10        0.00
GET      /product/[id]                                                                   3203     0(0.00%) |     26       3     978      7 |   50.70        0.00
POST     /setCurrency                                                                     664     0(0.00%) |     30       7     922     12 |    9.60        0.00
--------|----------------------------------------------------------------------------|-------|-------------|-------|-------|-------|-------|--------|-----------
         Aggregated                                                                      6518     0(0.00%) |     24       3    1138      8 |   94.40        0.00

Type     Name                                                                          # reqs      # fails |    Avg     Min     Max    Med |   req/s  failures/s
--------|----------------------------------------------------------------------------|-------|-------------|-------|-------|-------|-------|--------|-----------
GET      /                                                                                147     0(0.00%) |     23       8     776     11 |    1.60        0.00
GET      /cart                                                                            874     0(0.00%) |     21       3     928      7 |   11.90        0.00
POST     /cart [add]                                                                     1253     0(0.00%) |     23       5    1138     10 |   17.40        0.00
POST     /cart/checkout                                                                   465     0(0.00%) |     14       7    1007     10 |    6.00        0.00
GET      /product/[id]                                                                   3302     0(0.00%) |     25       3     978      7 |   48.50        0.00
POST     /setCurrency                                                                     677     0(0.00%) |     30       7     922     12 |    9.40        0.00
--------|----------------------------------------------------------------------------|-------|-------------|-------|-------|-------|-------|--------|-----------
         Aggregated                                                                      6718     0(0.00%) |     24       3    1138      8 |   94.80        0.00

Type     Name                                                                          # reqs      # fails |    Avg     Min     Max    Med |   req/s  failures/s
--------|----------------------------------------------------------------------------|-------|-------------|-------|-------|-------|-------|--------|-----------
GET      /                                                                                149     0(0.00%) |     23       8     776     11 |    1.40        0.00
GET      /cart                                                                            895     0(0.00%) |     21       3     928      7 |   13.60        0.00
POST     /cart [add]                                                                     1286     0(0.00%) |     23       5    1138     10 |   17.80        0.00
POST     /cart/checkout                                                                   479     0(0.00%) |     14       7    1007     10 |    6.30        0.00
GET      /product/[id]                                                                   3401     0(0.00%) |     25       3     978      7 |   47.80        0.00
POST     /setCurrency                                                                     696     0(0.00%) |     29       7     922     12 |    8.20        0.00
--------|----------------------------------------------------------------------------|-------|-------------|-------|-------|-------|-------|--------|-----------
         Aggregated                                                                      6906     0(0.00%) |     24       3    1138      8 |   95.10        0.00

Type     Name                                                                          # reqs      # fails |    Avg     Min     Max    Med |   req/s  failures/s
--------|----------------------------------------------------------------------------|-------|-------------|-------|-------|-------|-------|--------|-----------
GET      /                                                                                153     0(0.00%) |     23       8     776     11 |    1.50        0.00
GET      /cart                                                                            928     0(0.00%) |     20       3     928      7 |   13.70        0.00
POST     /cart [add]                                                                     1326     0(0.00%) |     23       5    1138     10 |   17.40        0.00
POST     /cart/checkout                                                                   495     0(0.00%) |     14       7    1007     10 |    6.20        0.00
GET      /product/[id]                                                                   3493     0(0.00%) |     24       3     978      7 |   47.90        0.00
POST     /setCurrency                                                                     711     0(0.00%) |     29       7     922     12 |    8.90        0.00
--------|----------------------------------------------------------------------------|-------|-------------|-------|-------|-------|-------|--------|-----------
         Aggregated                                                                      7106     0(0.00%) |     23       3    1138      8 |   95.60        0.00

Type     Name                                                                          # reqs      # fails |    Avg     Min     Max    Med |   req/s  failures/s
--------|----------------------------------------------------------------------------|-------|-------------|-------|-------|-------|-------|--------|-----------
GET      /                                                                                157     0(0.00%) |     22       8     776     11 |    1.40        0.00
GET      /cart                                                                            955     0(0.00%) |     20       3     928      7 |   13.50        0.00
POST     /cart [add]                                                                     1355     0(0.00%) |     23       5    1138     10 |   18.50        0.00
POST     /cart/checkout                                                                   509     0(0.00%) |     14       7    1007     10 |    7.50        0.00
GET      /product/[id]                                                                   3588     0(0.00%) |     24       3     978      7 |   46.70        0.00
POST     /setCurrency                                                                     732     0(0.00%) |     28       7     922     12 |    8.60        0.00
--------|----------------------------------------------------------------------------|-------|-------------|-------|-------|-------|-------|--------|-----------
         Aggregated                                                                      7296     0(0.00%) |     23       3    1138      8 |   96.20        0.00

Type     Name                                                                          # reqs      # fails |    Avg     Min     Max    Med |   req/s  failures/s
--------|----------------------------------------------------------------------------|-------|-------------|-------|-------|-------|-------|--------|-----------
GET      /                                                                                161     0(0.00%) |     22       8     776     11 |    1.70        0.00
GET      /cart                                                                            985     0(0.00%) |     19       3     928      7 |   14.60        0.00
POST     /cart [add]                                                                     1392     0(0.00%) |     22       5    1138     10 |   18.00        0.00
POST     /cart/checkout                                                                   524     0(0.00%) |     14       7    1007     10 |    7.50        0.00
GET      /product/[id]                                                                   3672     0(0.00%) |     23       3     978      7 |   46.50        0.00
POST     /setCurrency                                                                     749     0(0.00%) |     28       7     922     12 |    8.70        0.00
--------|----------------------------------------------------------------------------|-------|-------------|-------|-------|-------|-------|--------|-----------
         Aggregated                                                                      7483     0(0.00%) |     22       3    1138      8 |   97.00        0.00

Type     Name                                                                          # reqs      # fails |    Avg     Min     Max    Med |   req/s  failures/s
--------|----------------------------------------------------------------------------|-------|-------------|-------|-------|-------|-------|--------|-----------
GET      /                                                                                164     0(0.00%) |     22       8     776     11 |    1.60        0.00
GET      /cart                                                                           1015     0(0.00%) |     19       3     928      7 |   14.40        0.00
POST     /cart [add]                                                                     1427     0(0.00%) |     22       5    1138     10 |   18.00        0.00
POST     /cart/checkout                                                                   536     0(0.00%) |     14       7    1007     10 |    7.30        0.00
GET      /product/[id]                                                                   3766     0(0.00%) |     23       3     978      7 |   47.40        0.00
POST     /setCurrency                                                                     771     0(0.00%) |     28       7     922     12 |    8.30        0.00
--------|----------------------------------------------------------------------------|-------|-------------|-------|-------|-------|-------|--------|-----------
         Aggregated                                                                      7679     0(0.00%) |     22       3    1138      8 |   97.00        0.00

Type     Name                                                                          # reqs      # fails |    Avg     Min     Max    Med |   req/s  failures/s
--------|----------------------------------------------------------------------------|-------|-------------|-------|-------|-------|-------|--------|-----------
GET      /                                                                                167     0(0.00%) |     22       8     776     11 |    1.70        0.00
GET      /cart                                                                           1035     0(0.00%) |     19       3     928      7 |   13.90        0.00
POST     /cart [add]                                                                     1465     0(0.00%) |     22       5    1138     10 |   17.20        0.00
POST     /cart/checkout                                                                   545     0(0.00%) |     14       7    1007     10 |    7.00        0.00
GET      /product/[id]                                                                   3856     0(0.00%) |     23       3     978      7 |   47.30        0.00
POST     /setCurrency                                                                     795     0(0.00%) |     27       7     922     12 |    9.40        0.00
--------|----------------------------------------------------------------------------|-------|-------------|-------|-------|-------|-------|--------|-----------
         Aggregated                                                                      7863     0(0.00%) |     22       3    1138      8 |   96.50        0.00

Type     Name                                                                          # reqs      # fails |    Avg     Min     Max    Med |   req/s  failures/s
--------|----------------------------------------------------------------------------|-------|-------------|-------|-------|-------|-------|--------|-----------
GET      /                                                                                173     0(0.00%) |     22       8     776     11 |    1.80        0.00
GET      /cart                                                                           1058     0(0.00%) |     19       3     928      7 |   13.90        0.00
POST     /cart [add]                                                                     1496     0(0.00%) |     22       5    1138     10 |   18.00        0.00
POST     /cart/checkout                                                                   559     0(0.00%) |     14       7    1007     10 |    7.00        0.00
GET      /product/[id]                                                                   3939     0(0.00%) |     23       3     978      7 |   46.10        0.00
POST     /setCurrency                                                                     814     0(0.00%) |     28       7     922     12 |    9.70        0.00
--------|----------------------------------------------------------------------------|-------|-------------|-------|-------|-------|-------|--------|-----------
         Aggregated                                                                      8039     0(0.00%) |     22       3    1138      8 |   96.50        0.00

Type     Name                                                                          # reqs      # fails |    Avg     Min     Max    Med |   req/s  failures/s
--------|----------------------------------------------------------------------------|-------|-------------|-------|-------|-------|-------|--------|-----------
GET      /                                                                                179     0(0.00%) |     22       8     776     11 |    1.90        0.00
GET      /cart                                                                           1084     0(0.00%) |     19       3     928      7 |   13.00        0.00
POST     /cart [add]                                                                     1528     0(0.00%) |     22       5    1138     10 |   16.90        0.00
POST     /cart/checkout                                                                   568     0(0.00%) |     14       7    1007     10 |    6.20        0.00
GET      /product/[id]                                                                   4041     0(0.00%) |     23       3     978      7 |   45.40        0.00
POST     /setCurrency                                                                     834     0(0.00%) |     28       7     922     12 |   10.10        0.00
--------|----------------------------------------------------------------------------|-------|-------------|-------|-------|-------|-------|--------|-----------
         Aggregated                                                                      8234     0(0.00%) |     22       3    1138      8 |   93.50        0.00

Type     Name                                                                          # reqs      # fails |    Avg     Min     Max    Med |   req/s  failures/s
--------|----------------------------------------------------------------------------|-------|-------------|-------|-------|-------|-------|--------|-----------
GET      /                                                                                180     0(0.00%) |     22       8     776     11 |    2.00        0.00
GET      /cart                                                                           1109     0(0.00%) |     18       3     928      7 |   13.00        0.00
POST     /cart [add]                                                                     1565     0(0.00%) |     21       5    1138     10 |   17.50        0.00
POST     /cart/checkout                                                                   584     0(0.00%) |     14       7    1007     10 |    5.90        0.00
GET      /product/[id]                                                                   4141     0(0.00%) |     22       3     978      7 |   45.10        0.00
POST     /setCurrency                                                                     850     0(0.00%) |     28       7     922     12 |    9.90        0.00
--------|----------------------------------------------------------------------------|-------|-------------|-------|-------|-------|-------|--------|-----------
         Aggregated                                                                      8429     0(0.00%) |     22       3    1138      8 |   93.40        0.00

Type     Name                                                                          # reqs      # fails |    Avg     Min     Max    Med |   req/s  failures/s
--------|----------------------------------------------------------------------------|-------|-------------|-------|-------|-------|-------|--------|-----------
GET      /                                                                                186     0(0.00%) |     21       8     776     11 |    1.90        0.00
GET      /cart                                                                           1136     0(0.00%) |     18       3     928      7 |   12.90        0.00
POST     /cart [add]                                                                     1598     0(0.00%) |     21       5    1138     10 |   16.90        0.00
POST     /cart/checkout                                                                   598     0(0.00%) |     14       7    1007     10 |    5.80        0.00
GET      /product/[id]                                                                   4233     0(0.00%) |     22       3     978      7 |   46.00        0.00
POST     /setCurrency                                                                     868     0(0.00%) |     27       7     922     12 |   10.10        0.00
--------|----------------------------------------------------------------------------|-------|-------------|-------|-------|-------|-------|--------|-----------
         Aggregated                                                                      8619     0(0.00%) |     21       3    1138      8 |   93.60        0.00

Type     Name                                                                          # reqs      # fails |    Avg     Min     Max    Med |   req/s  failures/s
--------|----------------------------------------------------------------------------|-------|-------------|-------|-------|-------|-------|--------|-----------
GET      /                                                                                189     0(0.00%) |     21       8     776     11 |    2.20        0.00
GET      /cart                                                                           1161     0(0.00%) |     18       3     928      7 |   12.40        0.00
POST     /cart [add]                                                                     1637     0(0.00%) |     21       5    1138     10 |   17.40        0.00
POST     /cart/checkout                                                                   607     0(0.00%) |     14       7    1007     10 |    6.20        0.00
GET      /product/[id]                                                                   4326     0(0.00%) |     22       3     978      7 |   46.20        0.00
POST     /setCurrency                                                                     881     0(0.00%) |     27       7     922     12 |   10.00        0.00
--------|----------------------------------------------------------------------------|-------|-------------|-------|-------|-------|-------|--------|-----------
         Aggregated                                                                      8801     0(0.00%) |     21       3    1138      8 |   94.40        0.00

Type     Name                                                                          # reqs      # fails |    Avg     Min     Max    Med |   req/s  failures/s
--------|----------------------------------------------------------------------------|-------|-------------|-------|-------|-------|-------|--------|-----------
GET      /                                                                                197     0(0.00%) |     21       8     776     11 |    2.10        0.00
GET      /cart                                                                           1179     0(0.00%) |     18       3     928      7 |   12.50        0.00
POST     /cart [add]                                                                     1674     0(0.00%) |     21       5    1138     10 |   17.60        0.00
POST     /cart/checkout                                                                   615     0(0.00%) |     14       7    1007     10 |    6.40        0.00
GET      /product/[id]                                                                   4423     0(0.00%) |     21       3     978      7 |   46.40        0.00
POST     /setCurrency                                                                     897     0(0.00%) |     27       7     922     12 |    8.70        0.00
--------|----------------------------------------------------------------------------|-------|-------------|-------|-------|-------|-------|--------|-----------
         Aggregated                                                                      8985     0(0.00%) |     21       3    1138      8 |   93.70        0.00

Type     Name                                                                          # reqs      # fails |    Avg     Min     Max    Med |   req/s  failures/s
--------|----------------------------------------------------------------------------|-------|-------------|-------|-------|-------|-------|--------|-----------
GET      /                                                                                201     0(0.00%) |     21       8     776     11 |    2.50        0.00
GET      /cart                                                                           1207     0(0.00%) |     17       3     928      7 |   12.10        0.00
POST     /cart [add]                                                                     1698     0(0.00%) |     21       5    1138     10 |   17.90        0.00
POST     /cart/checkout                                                                   624     0(0.00%) |     14       7    1007     10 |    5.80        0.00
GET      /product/[id]                                                                   4522     0(0.00%) |     21       3     978      7 |   47.60        0.00
POST     /setCurrency                                                                     914     0(0.00%) |     27       7     922     12 |    8.30        0.00
--------|----------------------------------------------------------------------------|-------|-------------|-------|-------|-------|-------|--------|-----------
         Aggregated                                                                      9166     0(0.00%) |     21       3    1138      8 |   94.20        0.00

Type     Name                                                                          # reqs      # fails |    Avg     Min     Max    Med |   req/s  failures/s
--------|----------------------------------------------------------------------------|-------|-------------|-------|-------|-------|-------|--------|-----------
GET      /                                                                                207     0(0.00%) |     21       8     776     11 |    2.30        0.00
GET      /cart                                                                           1229     0(0.00%) |     17       3     928      7 |   12.40        0.00
POST     /cart [add]                                                                     1733     0(0.00%) |     21       5    1138     10 |   17.10        0.00
POST     /cart/checkout                                                                   636     0(0.00%) |     14       7    1007     10 |    5.90        0.00
GET      /product/[id]                                                                   4607     0(0.00%) |     21       3     978      7 |   48.10        0.00
POST     /setCurrency                                                                     935     0(0.00%) |     27       7     922     12 |    8.20        0.00
--------|----------------------------------------------------------------------------|-------|-------------|-------|-------|-------|-------|--------|-----------
         Aggregated                                                                      9347     0(0.00%) |     21       3    1138      8 |   94.00        0.00

Type     Name                                                                          # reqs      # fails |    Avg     Min     Max    Med |   req/s  failures/s
--------|----------------------------------------------------------------------------|-------|-------------|-------|-------|-------|-------|--------|-----------
GET      /                                                                                213     0(0.00%) |     21       8     776     11 |    2.50        0.00
GET      /cart                                                                           1256     0(0.00%) |     17       3     928      7 |   12.10        0.00
POST     /cart [add]                                                                     1764     0(0.00%) |     21       5    1138     10 |   16.60        0.00
POST     /cart/checkout                                                                   648     0(0.00%) |     14       7    1007     10 |    5.40        0.00
GET      /product/[id]                                                                   4690     0(0.00%) |     21       3     978      7 |   48.00        0.00
POST     /setCurrency                                                                     960     0(0.00%) |     26       7     922     12 |    8.20        0.00
--------|----------------------------------------------------------------------------|-------|-------------|-------|-------|-------|-------|--------|-----------
         Aggregated                                                                      9531     0(0.00%) |     21       3    1138      8 |   92.80        0.00

Type     Name                                                                          # reqs      # fails |    Avg     Min     Max    Med |   req/s  failures/s
--------|----------------------------------------------------------------------------|-------|-------------|-------|-------|-------|-------|--------|-----------
GET      /                                                                                221     0(0.00%) |     21       8     776     11 |    2.60        0.00
GET      /cart                                                                           1289     0(0.00%) |     17       3     928      7 |   12.00        0.00
POST     /cart [add]                                                                     1786     0(0.00%) |     21       5    1138     10 |   16.30        0.00
POST     /cart/checkout                                                                   658     0(0.00%) |     14       7    1007     10 |    4.60        0.00
GET      /product/[id]                                                                   4792     0(0.00%) |     21       3     978      7 |   46.20        0.00
POST     /setCurrency                                                                     976     0(0.00%) |     26       7     922     12 |    8.80        0.00
--------|----------------------------------------------------------------------------|-------|-------------|-------|-------|-------|-------|--------|-----------
         Aggregated                                                                      9722     0(0.00%) |     20       3    1138      8 |   90.50        0.00

Type     Name                                                                          # reqs      # fails |    Avg     Min     Max    Med |   req/s  failures/s
--------|----------------------------------------------------------------------------|-------|-------------|-------|-------|-------|-------|--------|-----------
GET      /                                                                                226     0(0.00%) |     21       8     776     11 |    3.10        0.00
GET      /cart                                                                           1321     0(0.00%) |     17       3     928      7 |   12.80        0.00
POST     /cart [add]                                                                     1823     0(0.00%) |     20       5    1138     10 |   15.00        0.00
POST     /cart/checkout                                                                   674     0(0.00%) |     14       7    1007     10 |    5.00        0.00
GET      /product/[id]                                                                   4882     0(0.00%) |     20       3     978      7 |   46.20        0.00
POST     /setCurrency                                                                     993     0(0.00%) |     26       7     922     13 |    9.50        0.00
--------|----------------------------------------------------------------------------|-------|-------------|-------|-------|-------|-------|--------|-----------
         Aggregated                                                                      9919     0(0.00%) |     20       3    1138      8 |   91.60        0.00

Type     Name                                                                          # reqs      # fails |    Avg     Min     Max    Med |   req/s  failures/s
--------|----------------------------------------------------------------------------|-------|-------------|-------|-------|-------|-------|--------|-----------
GET      /                                                                                230     0(0.00%) |     24       8     776     11 |    2.80        0.00
GET      /cart                                                                           1338     0(0.00%) |     18       3     928      7 |   14.10        0.00
POST     /cart [add]                                                                     1856     0(0.00%) |     24       5    1138     10 |   14.70        0.00
POST     /cart/checkout                                                                   688     0(0.00%) |     14       7    1007     10 |    5.60        0.00
GET      /product/[id]                                                                   4938     0(0.00%) |     21       3     978      7 |   46.90        0.00
POST     /setCurrency                                                                    1003     0(0.00%) |     26       7     922     13 |    9.40        0.00
--------|----------------------------------------------------------------------------|-------|-------------|-------|-------|-------|-------|--------|-----------
         Aggregated                                                                     10053     0(0.00%) |     21       3    1138      8 |   93.50        0.00

Type     Name                                                                          # reqs      # fails |    Avg     Min     Max    Med |   req/s  failures/s
--------|----------------------------------------------------------------------------|-------|-------------|-------|-------|-------|-------|--------|-----------
GET      /                                                                                232     0(0.00%) |     24       8     776     11 |    3.00        0.00
GET      /cart                                                                           1362     0(0.00%) |     18       3     928      7 |   13.20        0.00
POST     /cart [add]                                                                     1897     0(0.00%) |     23       5    1138     10 |   15.00        0.00
POST     /cart/checkout                                                                   710     0(0.00%) |     14       7    1007     10 |    6.00        0.00
GET      /product/[id]                                                                   5023     0(0.00%) |     21       3     978      7 |   41.70        0.00
POST     /setCurrency                                                                    1022     0(0.00%) |     26       7     922     13 |    9.00        0.00
--------|----------------------------------------------------------------------------|-------|-------------|-------|-------|-------|-------|--------|-----------
         Aggregated                                                                     10246     0(0.00%) |     21       3    1138      8 |   87.90        0.00

Type     Name                                                                          # reqs      # fails |    Avg     Min     Max    Med |   req/s  failures/s
--------|----------------------------------------------------------------------------|-------|-------------|-------|-------|-------|-------|--------|-----------
GET      /                                                                                234     0(0.00%) |     26       8     776     11 |    1.95        0.00
GET      /cart                                                                           1374     0(0.00%) |     19       3     928      7 |   11.46        0.00
POST     /cart [add]                                                                     1918     0(0.00%) |     23       5    1138     10 |   16.00        0.00
POST     /cart/checkout                                                                   715     0(0.00%) |     14       7    1007     10 |    5.96        0.00
GET      /product/[id]                                                                   5080     0(0.00%) |     23       3     978      7 |   42.37        0.00
POST     /setCurrency                                                                    1035     0(0.00%) |     27       7     922     13 |    8.63        0.00
--------|----------------------------------------------------------------------------|-------|-------------|-------|-------|-------|-------|--------|-----------
         Aggregated                                                                     10356     0(0.00%) |     23       3    1138      9 |   86.37        0.00

Response time percentiles (approximated)
Type     Name                                                                                  50%    66%    75%    80%    90%    95%    98%    99%  99.9% 99.99%   100% # reqs
--------|--------------------------------------------------------------------------------|--------|------|------|------|------|------|------|------|------|------|------|------
GET      /                                                                                      11     12     13     14     24     68    310    580    780    780    780    234
GET      /cart                                                                                   7      8      9     10     14     31    170    550    880    930    930   1374
POST     /cart [add]                                                                            10     11     12     13     19     43     80    740   1000   1100   1100   1918
POST     /cart/checkout                                                                         10     11     12     13     18     29     66     89   1000   1000   1000    715
GET      /product/[id]                                                                           7      8      9      9     14     36    310    680    950    980    980   5080
POST     /setCurrency                                                                           13     14     15     16     29     46    270    560    840    920    920   1035
--------|--------------------------------------------------------------------------------|--------|------|------|------|------|------|------|------|------|------|------|------
         Aggregated                                                                              9     10     11     12     18     37    150    610    960   1000   1100  10356

