/Users/edias/Library/Python/3.9/lib/python/site-packages/urllib3/__init__.py:35: NotOpenSSLWarning: urllib3 v2 only supports OpenSSL 1.1.1+, currently the 'ssl' module is compiled with 'LibreSSL 2.8.3'. See: https://github.com/urllib3/urllib3/issues/3020
  warnings.warn(
[2026-05-21 09:19:41,779] MacBook-Air-de-Eduardo/WARNING/locust.main: Python 3.9 support is deprecated and will be removed soon
Type     Name                                                                          # reqs      # fails |    Avg     Min     Max    Med |   req/s  failures/s
--------|----------------------------------------------------------------------------|-------|-------------|-------|-------|-------|-------|--------|-----------
--------|----------------------------------------------------------------------------|-------|-------------|-------|-------|-------|-------|--------|-----------
         Aggregated                                                                         0     0(0.00%) |      0       0       0      0 |    0.00        0.00

Type     Name                                                                          # reqs      # fails |    Avg     Min     Max    Med |   req/s  failures/s
--------|----------------------------------------------------------------------------|-------|-------------|-------|-------|-------|-------|--------|-----------
GET      /                                                                                  3     0(0.00%) |     26      18      34     26 |    0.00        0.00
GET      /cart                                                                              3     0(0.00%) |     14      10      20     12 |    0.00        0.00
POST     /cart [add]                                                                        2     0(0.00%) |     18      15      22     15 |    0.00        0.00
POST     /cart/checkout                                                                     1     0(0.00%) |     20      20      20     20 |    0.00        0.00
GET      /product/[id]                                                                     12     0(0.00%) |     17      11      24     17 |    0.00        0.00
POST     /setCurrency                                                                       1     0(0.00%) |     28      28      28     28 |    0.00        0.00
--------|----------------------------------------------------------------------------|-------|-------------|-------|-------|-------|-------|--------|-----------
         Aggregated                                                                        22     0(0.00%) |     19      10      34     18 |    0.00        0.00

Type     Name                                                                          # reqs      # fails |    Avg     Min     Max    Med |   req/s  failures/s
--------|----------------------------------------------------------------------------|-------|-------------|-------|-------|-------|-------|--------|-----------
GET      /                                                                                  7     0(0.00%) |     20      13      34     18 |    1.50        0.00
GET      /cart                                                                              6     0(0.00%) |     13      10      20     12 |    1.50        0.00
POST     /cart [add]                                                                        7     0(0.00%) |     17      14      22     15 |    0.50        0.00
POST     /cart/checkout                                                                     2     0(0.00%) |     18      16      20     16 |    0.00        0.00
GET      /product/[id]                                                                     41     0(0.00%) |     14       9      24     13 |    3.00        0.00
POST     /setCurrency                                                                      12     0(0.00%) |     18      15      28     17 |    0.00        0.00
--------|----------------------------------------------------------------------------|-------|-------------|-------|-------|-------|-------|--------|-----------
         Aggregated                                                                        75     0(0.00%) |     15       9      34     15 |    6.50        0.00

Type     Name                                                                          # reqs      # fails |    Avg     Min     Max    Med |   req/s  failures/s
--------|----------------------------------------------------------------------------|-------|-------------|-------|-------|-------|-------|--------|-----------
GET      /                                                                                 10     0(0.00%) |     19      13      34     18 |    1.25        0.00
GET      /cart                                                                             19     0(0.00%) |     11       7      20     10 |    1.25        0.00
POST     /cart [add]                                                                       25     0(0.00%) |     17      11      23     17 |    1.75        0.00
POST     /cart/checkout                                                                     5     0(0.00%) |     18      14      22     20 |    0.50        0.00
GET      /product/[id]                                                                     78     0(0.00%) |     13       9      24     12 |    6.50        0.00
POST     /setCurrency                                                                      18     0(0.00%) |     18      13      28     18 |    2.25        0.00
--------|----------------------------------------------------------------------------|-------|-------------|-------|-------|-------|-------|--------|-----------
         Aggregated                                                                       155     0(0.00%) |     14       7      34     14 |   13.50        0.00

Type     Name                                                                          # reqs      # fails |    Avg     Min     Max    Med |   req/s  failures/s
--------|----------------------------------------------------------------------------|-------|-------------|-------|-------|-------|-------|--------|-----------
GET      /                                                                                 13     0(0.00%) |     19      13      34     18 |    1.50        0.00
GET      /cart                                                                             39     0(0.00%) |     11       7      20     11 |    1.67        0.00
POST     /cart [add]                                                                       40     0(0.00%) |     16      11      23     16 |    2.83        0.00
POST     /cart/checkout                                                                    10     0(0.00%) |     22      14      52     20 |    0.67        0.00
GET      /product/[id]                                                                    139     0(0.00%) |     13       8      48     12 |   10.50        0.00
POST     /setCurrency                                                                      26     0(0.00%) |     19      13      34     18 |    2.83        0.00
--------|----------------------------------------------------------------------------|-------|-------------|-------|-------|-------|-------|--------|-----------
         Aggregated                                                                       267     0(0.00%) |     15       7      52     14 |   20.00        0.00

Type     Name                                                                          # reqs      # fails |    Avg     Min     Max    Med |   req/s  failures/s
--------|----------------------------------------------------------------------------|-------|-------------|-------|-------|-------|-------|--------|-----------
GET      /                                                                                 15     0(0.00%) |     19      13      34     18 |    1.50        0.00
GET      /cart                                                                             56     0(0.00%) |     11       7      20     11 |    4.50        0.00
POST     /cart [add]                                                                       72     0(0.00%) |     17      11      50     16 |    3.88        0.00
POST     /cart/checkout                                                                    24     0(0.00%) |     22      14      52     20 |    0.88        0.00
GET      /product/[id]                                                                    201     0(0.00%) |     15       8      98     13 |   13.62        0.00
POST     /setCurrency                                                                      39     0(0.00%) |     20      13      72     19 |    2.88        0.00
--------|----------------------------------------------------------------------------|-------|-------------|-------|-------|-------|-------|--------|-----------
         Aggregated                                                                       407     0(0.00%) |     16       7      98     14 |   27.25        0.00

Type     Name                                                                          # reqs      # fails |    Avg     Min     Max    Med |   req/s  failures/s
--------|----------------------------------------------------------------------------|-------|-------------|-------|-------|-------|-------|--------|-----------
GET      /                                                                                 20     0(0.00%) |     22      13      66     18 |    1.40        0.00
GET      /cart                                                                             76     0(0.00%) |     12       7      20     12 |    4.90        0.00
POST     /cart [add]                                                                      103     0(0.00%) |     17      11      50     17 |    5.60        0.00
POST     /cart/checkout                                                                    37     0(0.00%) |     23      14      71     19 |    1.80        0.00
GET      /product/[id]                                                                    277     0(0.00%) |     17       8      98     13 |   17.60        0.00
POST     /setCurrency                                                                      55     0(0.00%) |     23      13      72     19 |    3.50        0.00
--------|----------------------------------------------------------------------------|-------|-------------|-------|-------|-------|-------|--------|-----------
         Aggregated                                                                       568     0(0.00%) |     17       7      98     15 |   34.80        0.00

Type     Name                                                                          # reqs      # fails |    Avg     Min     Max    Med |   req/s  failures/s
--------|----------------------------------------------------------------------------|-------|-------------|-------|-------|-------|-------|--------|-----------
GET      /                                                                                 27     0(0.00%) |     21      11      66     18 |    1.50        0.00
GET      /cart                                                                            104     0(0.00%) |     12       6      34     12 |    6.40        0.00
POST     /cart [add]                                                                      134     0(0.00%) |     17      10      50     16 |    9.30        0.00
POST     /cart/checkout                                                                    48     0(0.00%) |     27      14     157     19 |    3.40        0.00
GET      /product/[id]                                                                    362     0(0.00%) |     17       8     100     13 |   24.40        0.00
POST     /setCurrency                                                                      76     0(0.00%) |     26      13      93     20 |    4.70        0.00
--------|----------------------------------------------------------------------------|-------|-------------|-------|-------|-------|-------|--------|-----------
         Aggregated                                                                       751     0(0.00%) |     18       6     157     15 |   49.70        0.00

Type     Name                                                                          # reqs      # fails |    Avg     Min     Max    Med |   req/s  failures/s
--------|----------------------------------------------------------------------------|-------|-------------|-------|-------|-------|-------|--------|-----------
GET      /                                                                                 35     0(0.00%) |     21      11      66     18 |    1.90        0.00
GET      /cart                                                                            130     0(0.00%) |     12       6      52     12 |    8.60        0.00
POST     /cart [add]                                                                      168     0(0.00%) |     17      10      56     16 |   11.60        0.00
POST     /cart/checkout                                                                    61     0(0.00%) |     27      13     157     19 |    4.10        0.00
GET      /product/[id]                                                                    449     0(0.00%) |     18       8     110     13 |   30.40        0.00
POST     /setCurrency                                                                      89     0(0.00%) |     27      13      93     20 |    5.90        0.00
--------|----------------------------------------------------------------------------|-------|-------------|-------|-------|-------|-------|--------|-----------
         Aggregated                                                                       932     0(0.00%) |     19       6     157     15 |   62.50        0.00

Type     Name                                                                          # reqs      # fails |    Avg     Min     Max    Med |   req/s  failures/s
--------|----------------------------------------------------------------------------|-------|-------------|-------|-------|-------|-------|--------|-----------
GET      /                                                                                 40     0(0.00%) |     22      11      66     18 |    2.30        0.00
GET      /cart                                                                            156     0(0.00%) |     13       6      56     12 |   11.10        0.00
POST     /cart [add]                                                                      199     0(0.00%) |     17      10      56     17 |   14.00        0.00
POST     /cart/checkout                                                                    70     0(0.00%) |     27      13     157     19 |    5.30        0.00
GET      /product/[id]                                                                    540     0(0.00%) |     18       8     110     13 |   35.00        0.00
POST     /setCurrency                                                                     111     0(0.00%) |     27      13      93     20 |    6.70        0.00
--------|----------------------------------------------------------------------------|-------|-------------|-------|-------|-------|-------|--------|-----------
         Aggregated                                                                      1116     0(0.00%) |     19       6     157     15 |   74.40        0.00

Type     Name                                                                          # reqs      # fails |    Avg     Min     Max    Med |   req/s  failures/s
--------|----------------------------------------------------------------------------|-------|-------------|-------|-------|-------|-------|--------|-----------
GET      /                                                                                 42     0(0.00%) |     23      11      66     18 |    2.80        0.00
GET      /cart                                                                            176     0(0.00%) |     21       6     638     12 |   11.00        0.00
POST     /cart [add]                                                                      220     0(0.00%) |     17      10      56     16 |   15.20        0.00
POST     /cart/checkout                                                                    80     0(0.00%) |     28      13     157     20 |    5.80        0.00
GET      /product/[id]                                                                    586     0(0.00%) |     28       8     695     13 |   39.30        0.00
POST     /setCurrency                                                                     120     0(0.00%) |     40      13     574     20 |    8.00        0.00
--------|----------------------------------------------------------------------------|-------|-------------|-------|-------|-------|-------|--------|-----------
         Aggregated                                                                      1224     0(0.00%) |     26       6     695     15 |   82.10        0.00

Type     Name                                                                          # reqs      # fails |    Avg     Min     Max    Med |   req/s  failures/s
--------|----------------------------------------------------------------------------|-------|-------------|-------|-------|-------|-------|--------|-----------
GET      /                                                                                 46     0(0.00%) |     23      11      66     18 |    2.70        0.00
GET      /cart                                                                            189     0(0.00%) |     25       6     888     12 |   12.50        0.00
POST     /cart [add]                                                                      254     0(0.00%) |     53      10    1612     16 |   16.40        0.00
POST     /cart/checkout                                                                    93     0(0.00%) |     31      13     182     20 |    6.20        0.00
GET      /product/[id]                                                                    648     0(0.00%) |     46       8    1041     13 |   39.80        0.00
POST     /setCurrency                                                                     133     0(0.00%) |     38      13     574     19 |    8.20        0.00
--------|----------------------------------------------------------------------------|-------|-------------|-------|-------|-------|-------|--------|-----------
         Aggregated                                                                      1363     0(0.00%) |     42       6    1612     15 |   85.80        0.00

Type     Name                                                                          # reqs      # fails |    Avg     Min     Max    Med |   req/s  failures/s
--------|----------------------------------------------------------------------------|-------|-------------|-------|-------|-------|-------|--------|-----------
GET      /                                                                                 48     0(0.00%) |     22      11      66     18 |    2.60        0.00
GET      /cart                                                                            216     0(0.00%) |     23       6     888     12 |   11.20        0.00
POST     /cart [add]                                                                      296     0(0.00%) |     48      10    1612     16 |   14.30        0.00
POST     /cart/checkout                                                                   109     0(0.00%) |     29      13     182     20 |    5.10        0.00
GET      /product/[id]                                                                    727     0(0.00%) |     43       8    1041     13 |   36.60        0.00
POST     /setCurrency                                                                     151     0(0.00%) |     36      13     574     19 |    7.80        0.00
--------|----------------------------------------------------------------------------|-------|-------------|-------|-------|-------|-------|--------|-----------
         Aggregated                                                                      1547     0(0.00%) |     39       6    1612     15 |   77.60        0.00

Type     Name                                                                          # reqs      # fails |    Avg     Min     Max    Med |   req/s  failures/s
--------|----------------------------------------------------------------------------|-------|-------------|-------|-------|-------|-------|--------|-----------
GET      /                                                                                 50     0(0.00%) |     23      11      66     18 |    2.40        0.00
GET      /cart                                                                            243     0(0.00%) |     22       6     888     12 |   11.40        0.00
POST     /cart [add]                                                                      331     0(0.00%) |     45      10    1612     16 |   16.10        0.00
POST     /cart/checkout                                                                   120     0(0.00%) |     29      13     182     19 |    6.20        0.00
GET      /product/[id]                                                                    825     0(0.00%) |     40       7    1041     13 |   36.30        0.00
POST     /setCurrency                                                                     163     0(0.00%) |     35      13     574     19 |    7.50        0.00
--------|----------------------------------------------------------------------------|-------|-------------|-------|-------|-------|-------|--------|-----------
         Aggregated                                                                      1732     0(0.00%) |     37       6    1612     15 |   79.90        0.00

Type     Name                                                                          # reqs      # fails |    Avg     Min     Max    Med |   req/s  failures/s
--------|----------------------------------------------------------------------------|-------|-------------|-------|-------|-------|-------|--------|-----------
GET      /                                                                                 51     0(0.00%) |     23      11      66     18 |    1.80        0.00
GET      /cart                                                                            271     0(0.00%) |     22       6     888     12 |   10.90        0.00
POST     /cart [add]                                                                      361     0(0.00%) |     43      10    1612     16 |   16.30        0.00
POST     /cart/checkout                                                                   131     0(0.00%) |     28      13     182     19 |    5.80        0.00
GET      /product/[id]                                                                    922     0(0.00%) |     37       7    1041     13 |   37.10        0.00
POST     /setCurrency                                                                     180     0(0.00%) |     34      13     574     19 |    7.60        0.00
--------|----------------------------------------------------------------------------|-------|-------------|-------|-------|-------|-------|--------|-----------
         Aggregated                                                                      1916     0(0.00%) |     35       6    1612     15 |   79.50        0.00

Type     Name                                                                          # reqs      # fails |    Avg     Min     Max    Med |   req/s  failures/s
--------|----------------------------------------------------------------------------|-------|-------------|-------|-------|-------|-------|--------|-----------
GET      /                                                                                 55     0(0.00%) |     22      11      66     18 |    1.00        0.00
GET      /cart                                                                            296     0(0.00%) |     21       6     888     12 |   11.40        0.00
POST     /cart [add]                                                                      390     0(0.00%) |     41      10    1612     16 |   16.40        0.00
POST     /cart/checkout                                                                   142     0(0.00%) |     28      13     182     19 |    6.10        0.00
GET      /product/[id]                                                                   1021     0(0.00%) |     35       7    1041     13 |   38.10        0.00
POST     /setCurrency                                                                     198     0(0.00%) |     33      13     574     19 |    7.10        0.00
--------|----------------------------------------------------------------------------|-------|-------------|-------|-------|-------|-------|--------|-----------
         Aggregated                                                                      2102     0(0.00%) |     33       6    1612     14 |   80.10        0.00

Type     Name                                                                          # reqs      # fails |    Avg     Min     Max    Med |   req/s  failures/s
--------|----------------------------------------------------------------------------|-------|-------------|-------|-------|-------|-------|--------|-----------
GET      /                                                                                 60     0(0.00%) |     28      11     323     18 |    1.10        0.00
GET      /cart                                                                            309     0(0.00%) |     22       6     888     12 |   11.30        0.00
POST     /cart [add]                                                                      412     0(0.00%) |     46      10    1612     16 |   16.00        0.00
POST     /cart/checkout                                                                   151     0(0.00%) |     35      13     639     20 |    5.70        0.00
GET      /product/[id]                                                                   1089     0(0.00%) |     41       7    1041     13 |   40.60        0.00
POST     /setCurrency                                                                     212     0(0.00%) |     38      13     574     19 |    7.30        0.00
--------|----------------------------------------------------------------------------|-------|-------------|-------|-------|-------|-------|--------|-----------
         Aggregated                                                                      2233     0(0.00%) |     38       6    1612     15 |   82.00        0.00

Type     Name                                                                          # reqs      # fails |    Avg     Min     Max    Med |   req/s  failures/s
--------|----------------------------------------------------------------------------|-------|-------------|-------|-------|-------|-------|--------|-----------
GET      /                                                                                 63     0(0.00%) |     28      11     323     18 |    1.40        0.00
GET      /cart                                                                            330     0(0.00%) |     21       6     888     12 |   12.40        0.00
POST     /cart [add]                                                                      448     0(0.00%) |     44      10    1612     16 |   16.30        0.00
POST     /cart/checkout                                                                   170     0(0.00%) |     37      13     639     19 |    5.80        0.00
GET      /product/[id]                                                                   1172     0(0.00%) |     40       7    1041     13 |   44.40        0.00
POST     /setCurrency                                                                     233     0(0.00%) |     38      13     574     19 |    7.90        0.00
--------|----------------------------------------------------------------------------|-------|-------------|-------|-------|-------|-------|--------|-----------
         Aggregated                                                                      2416     0(0.00%) |     37       6    1612     15 |   88.20        0.00

Type     Name                                                                          # reqs      # fails |    Avg     Min     Max    Med |   req/s  failures/s
--------|----------------------------------------------------------------------------|-------|-------------|-------|-------|-------|-------|--------|-----------
GET      /                                                                                 67     0(0.00%) |     33      11     323     18 |    1.30        0.00
GET      /cart                                                                            347     0(0.00%) |     21       6     888     12 |   11.60        0.00
POST     /cart [add]                                                                      477     0(0.00%) |     42      10    1612     16 |   15.00        0.00
POST     /cart/checkout                                                                   180     0(0.00%) |     36      13     639     19 |    6.10        0.00
GET      /product/[id]                                                                   1267     0(0.00%) |     42       7    1041     13 |   44.60        0.00
POST     /setCurrency                                                                     245     0(0.00%) |     39      13     574     19 |    8.00        0.00
--------|----------------------------------------------------------------------------|-------|-------------|-------|-------|-------|-------|--------|-----------
         Aggregated                                                                      2583     0(0.00%) |     38       6    1612     15 |   86.60        0.00

Type     Name                                                                          # reqs      # fails |    Avg     Min     Max    Med |   req/s  failures/s
--------|----------------------------------------------------------------------------|-------|-------------|-------|-------|-------|-------|--------|-----------
GET      /                                                                                 70     0(0.00%) |     32      11     323     18 |    1.70        0.00
GET      /cart                                                                            360     0(0.00%) |     21       6     888     12 |   10.80        0.00
POST     /cart [add]                                                                      508     0(0.00%) |     41      10    1612     16 |   14.60        0.00
POST     /cart/checkout                                                                   193     0(0.00%) |     35      13     639     19 |    5.90        0.00
GET      /product/[id]                                                                   1366     0(0.00%) |     40       7    1041     13 |   44.20        0.00
POST     /setCurrency                                                                     266     0(0.00%) |     38      13     574     20 |    7.80        0.00
--------|----------------------------------------------------------------------------|-------|-------------|-------|-------|-------|-------|--------|-----------
         Aggregated                                                                      2763     0(0.00%) |     37       6    1612     15 |   85.00        0.00

Type     Name                                                                          # reqs      # fails |    Avg     Min     Max    Med |   req/s  failures/s
--------|----------------------------------------------------------------------------|-------|-------------|-------|-------|-------|-------|--------|-----------
GET      /                                                                                 72     0(0.00%) |     32      11     323     18 |    1.80        0.00
GET      /cart                                                                            376     0(0.00%) |     21       6     888     12 |    9.50        0.00
POST     /cart [add]                                                                      536     0(0.00%) |     40      10    1612     16 |   14.60        0.00
POST     /cart/checkout                                                                   201     0(0.00%) |     34      13     639     19 |    6.00        0.00
GET      /product/[id]                                                                   1448     0(0.00%) |     39       7    1041     13 |   44.80        0.00
POST     /setCurrency                                                                     282     0(0.00%) |     40      13     574     20 |    8.10        0.00
--------|----------------------------------------------------------------------------|-------|-------------|-------|-------|-------|-------|--------|-----------
         Aggregated                                                                      2915     0(0.00%) |     36       6    1612     15 |   84.80        0.00

Type     Name                                                                          # reqs      # fails |    Avg     Min     Max    Med |   req/s  failures/s
--------|----------------------------------------------------------------------------|-------|-------------|-------|-------|-------|-------|--------|-----------
GET      /                                                                                 73     0(0.00%) |     43      11     845     18 |    1.90        0.00
GET      /cart                                                                            389     0(0.00%) |     23       6     888     12 |    8.10        0.00
POST     /cart [add]                                                                      563     0(0.00%) |     43      10    1612     16 |   14.80        0.00
POST     /cart/checkout                                                                   212     0(0.00%) |     33      13     639     19 |    6.30        0.00
GET      /product/[id]                                                                   1529     0(0.00%) |     44       7    1041     13 |   44.80        0.00
POST     /setCurrency                                                                     299     0(0.00%) |     53      13     912     20 |    8.70        0.00
--------|----------------------------------------------------------------------------|-------|-------------|-------|-------|-------|-------|--------|-----------
         Aggregated                                                                      3065     0(0.00%) |     41       6    1612     15 |   84.60        0.00

Type     Name                                                                          # reqs      # fails |    Avg     Min     Max    Med |   req/s  failures/s
--------|----------------------------------------------------------------------------|-------|-------------|-------|-------|-------|-------|--------|-----------
GET      /                                                                                 76     0(0.00%) |     42      11     845     18 |    1.50        0.00
GET      /cart                                                                            397     0(0.00%) |     23       6     888     12 |    8.20        0.00
POST     /cart [add]                                                                      600     0(0.00%) |     42      10    1612     16 |   14.60        0.00
POST     /cart/checkout                                                                   225     0(0.00%) |     33      13     639     19 |    6.10        0.00
GET      /product/[id]                                                                   1632     0(0.00%) |     42       7    1041     13 |   42.10        0.00
POST     /setCurrency                                                                     320     0(0.00%) |     51      13     912     20 |    9.00        0.00
--------|----------------------------------------------------------------------------|-------|-------------|-------|-------|-------|-------|--------|-----------
         Aggregated                                                                      3250     0(0.00%) |     40       6    1612     15 |   81.50        0.00

Type     Name                                                                          # reqs      # fails |    Avg     Min     Max    Med |   req/s  failures/s
--------|----------------------------------------------------------------------------|-------|-------------|-------|-------|-------|-------|--------|-----------
GET      /                                                                                 80     0(0.00%) |     41      11     845     18 |    1.30        0.00
GET      /cart                                                                            424     0(0.00%) |     22       6     888     12 |    7.40        0.00
POST     /cart [add]                                                                      632     0(0.00%) |     40      10    1612     16 |   15.20        0.00
POST     /cart/checkout                                                                   241     0(0.00%) |     35      13     639     19 |    5.30        0.00
GET      /product/[id]                                                                   1712     0(0.00%) |     41       7    1041     13 |   44.80        0.00
POST     /setCurrency                                                                     333     0(0.00%) |     51      13     912     20 |    8.80        0.00
--------|----------------------------------------------------------------------------|-------|-------------|-------|-------|-------|-------|--------|-----------
         Aggregated                                                                      3422     0(0.00%) |     39       6    1612     15 |   82.80        0.00

Type     Name                                                                          # reqs      # fails |    Avg     Min     Max    Med |   req/s  failures/s
--------|----------------------------------------------------------------------------|-------|-------------|-------|-------|-------|-------|--------|-----------
GET      /                                                                                 88     0(0.00%) |     40      11     845     18 |    1.10        0.00
GET      /cart                                                                            446     0(0.00%) |     22       6     888     12 |    7.40        0.00
POST     /cart [add]                                                                      664     0(0.00%) |     39      10    1612     16 |   15.40        0.00
POST     /cart/checkout                                                                   254     0(0.00%) |     34      13     639     19 |    5.80        0.00
GET      /product/[id]                                                                   1810     0(0.00%) |     40       7    1041     13 |   45.00        0.00
POST     /setCurrency                                                                     347     0(0.00%) |     50      13     912     19 |    9.20        0.00
--------|----------------------------------------------------------------------------|-------|-------------|-------|-------|-------|-------|--------|-----------
         Aggregated                                                                      3609     0(0.00%) |     38       6    1612     15 |   83.90        0.00

Type     Name                                                                          # reqs      # fails |    Avg     Min     Max    Med |   req/s  failures/s
--------|----------------------------------------------------------------------------|-------|-------------|-------|-------|-------|-------|--------|-----------
GET      /                                                                                 92     0(0.00%) |     59      11    1019     18 |    1.80        0.00
GET      /cart                                                                            456     0(0.00%) |     27       6     888     12 |    8.20        0.00
POST     /cart [add]                                                                      680     0(0.00%) |     44      10    1612     16 |   15.60        0.00
POST     /cart/checkout                                                                   261     0(0.00%) |     35      13     639     19 |    6.10        0.00
GET      /product/[id]                                                                   1860     0(0.00%) |     46       7    1041     13 |   43.90        0.00
POST     /setCurrency                                                                     361     0(0.00%) |     52      13    1005     20 |    8.70        0.00
--------|----------------------------------------------------------------------------|-------|-------------|-------|-------|-------|-------|--------|-----------
         Aggregated                                                                      3710     0(0.00%) |     43       6    1612     15 |   84.30        0.00

Type     Name                                                                          # reqs      # fails |    Avg     Min     Max    Med |   req/s  failures/s
--------|----------------------------------------------------------------------------|-------|-------------|-------|-------|-------|-------|--------|-----------
GET      /                                                                                 94     0(0.00%) |     58      11    1019     18 |    1.90        0.00
GET      /cart                                                                            486     0(0.00%) |     26       6     888     12 |    8.20        0.00
POST     /cart [add]                                                                      708     0(0.00%) |     43      10    1612     16 |   14.40        0.00
POST     /cart/checkout                                                                   270     0(0.00%) |     35      13     639     19 |    5.60        0.00
GET      /product/[id]                                                                   1947     0(0.00%) |     44       7    1041     13 |   40.90        0.00
POST     /setCurrency                                                                     385     0(0.00%) |     51      13    1005     19 |    7.90        0.00
--------|----------------------------------------------------------------------------|-------|-------------|-------|-------|-------|-------|--------|-----------
         Aggregated                                                                      3890     0(0.00%) |     42       6    1612     15 |   78.90        0.00

Type     Name                                                                          # reqs      # fails |    Avg     Min     Max    Med |   req/s  failures/s
--------|----------------------------------------------------------------------------|-------|-------------|-------|-------|-------|-------|--------|-----------
GET      /                                                                                100     0(0.00%) |     56      11    1019     18 |    2.00        0.00
GET      /cart                                                                            515     0(0.00%) |     26       6     888     12 |    8.90        0.00
POST     /cart [add]                                                                      742     0(0.00%) |     43      10    1612     16 |   15.40        0.00
POST     /cart/checkout                                                                   284     0(0.00%) |     35      13     639     19 |    6.30        0.00
GET      /product/[id]                                                                   2025     0(0.00%) |     43       7    1041     13 |   42.80        0.00
POST     /setCurrency                                                                     405     0(0.00%) |     49      13    1005     19 |    8.00        0.00
--------|----------------------------------------------------------------------------|-------|-------------|-------|-------|-------|-------|--------|-----------
         Aggregated                                                                      4071     0(0.00%) |     41       6    1612     15 |   83.40        0.00

Type     Name                                                                          # reqs      # fails |    Avg     Min     Max    Med |   req/s  failures/s
--------|----------------------------------------------------------------------------|-------|-------------|-------|-------|-------|-------|--------|-----------
GET      /                                                                                103     0(0.00%) |     55      11    1019     18 |    2.20        0.00
GET      /cart                                                                            538     0(0.00%) |     25       6     888     12 |   11.00        0.00
POST     /cart [add]                                                                      777     0(0.00%) |     42      10    1612     16 |   14.40        0.00
POST     /cart/checkout                                                                   297     0(0.00%) |     34      13     639     19 |    5.90        0.00
GET      /product/[id]                                                                   2122     0(0.00%) |     42       7    1041     12 |   39.90        0.00
POST     /setCurrency                                                                     420     0(0.00%) |     48      13    1005     19 |    8.80        0.00
--------|----------------------------------------------------------------------------|-------|-------------|-------|-------|-------|-------|--------|-----------
         Aggregated                                                                      4257     0(0.00%) |     40       6    1612     15 |   82.20        0.00

Type     Name                                                                          # reqs      # fails |    Avg     Min     Max    Med |   req/s  failures/s
--------|----------------------------------------------------------------------------|-------|-------------|-------|-------|-------|-------|--------|-----------
GET      /                                                                                105     0(0.00%) |     54      11    1019     18 |    2.30        0.00
GET      /cart                                                                            557     0(0.00%) |     25       6     888     12 |   12.10        0.00
POST     /cart [add]                                                                      809     0(0.00%) |     41      10    1612     16 |   14.30        0.00
POST     /cart/checkout                                                                   311     0(0.00%) |     34      12     639     19 |    5.90        0.00
GET      /product/[id]                                                                   2214     0(0.00%) |     41       7    1041     12 |   39.90        0.00
POST     /setCurrency                                                                     437     0(0.00%) |     48      13    1005     19 |    8.40        0.00
--------|----------------------------------------------------------------------------|-------|-------------|-------|-------|-------|-------|--------|-----------
         Aggregated                                                                      4433     0(0.00%) |     40       6    1612     15 |   82.90        0.00

Type     Name                                                                          # reqs      # fails |    Avg     Min     Max    Med |   req/s  failures/s
--------|----------------------------------------------------------------------------|-------|-------------|-------|-------|-------|-------|--------|-----------
GET      /                                                                                109     0(0.00%) |     52      11    1019     17 |    1.80        0.00
GET      /cart                                                                            585     0(0.00%) |     25       6     888     12 |   11.00        0.00
POST     /cart [add]                                                                      848     0(0.00%) |     40      10    1612     16 |   14.60        0.00
POST     /cart/checkout                                                                   326     0(0.00%) |     33      12     639     19 |    5.60        0.00
GET      /product/[id]                                                                   2310     0(0.00%) |     40       7    1041     12 |   41.10        0.00
POST     /setCurrency                                                                     450     0(0.00%) |     47      13    1005     19 |    8.60        0.00
--------|----------------------------------------------------------------------------|-------|-------------|-------|-------|-------|-------|--------|-----------
         Aggregated                                                                      4628     0(0.00%) |     39       6    1612     14 |   82.70        0.00

Type     Name                                                                          # reqs      # fails |    Avg     Min     Max    Med |   req/s  failures/s
--------|----------------------------------------------------------------------------|-------|-------------|-------|-------|-------|-------|--------|-----------
GET      /                                                                                111     0(0.00%) |     52      11    1019     17 |    1.80        0.00
GET      /cart                                                                            606     0(0.00%) |     24       6     888     12 |   12.30        0.00
POST     /cart [add]                                                                      884     0(0.00%) |     39      10    1612     16 |   16.00        0.00
POST     /cart/checkout                                                                   336     0(0.00%) |     33      12     639     19 |    6.30        0.00
GET      /product/[id]                                                                   2395     0(0.00%) |     39       7    1041     12 |   43.10        0.00
POST     /setCurrency                                                                     472     0(0.00%) |     46      13    1005     19 |    8.80        0.00
--------|----------------------------------------------------------------------------|-------|-------------|-------|-------|-------|-------|--------|-----------
         Aggregated                                                                      4804     0(0.00%) |     38       6    1612     14 |   88.30        0.00

Type     Name                                                                          # reqs      # fails |    Avg     Min     Max    Med |   req/s  failures/s
--------|----------------------------------------------------------------------------|-------|-------------|-------|-------|-------|-------|--------|-----------
GET      /                                                                                115     0(0.00%) |     50      11    1019     17 |    1.80        0.00
GET      /cart                                                                            623     0(0.00%) |     24       6     888     12 |   12.40        0.00
POST     /cart [add]                                                                      901     0(0.00%) |     39      10    1612     16 |   16.70        0.00
POST     /cart/checkout                                                                   340     0(0.00%) |     33      12     639     19 |    6.40        0.00
GET      /product/[id]                                                                   2456     0(0.00%) |     38       7    1041     12 |   45.40        0.00
POST     /setCurrency                                                                     486     0(0.00%) |     45      13    1005     19 |    8.90        0.00
--------|----------------------------------------------------------------------------|-------|-------------|-------|-------|-------|-------|--------|-----------
         Aggregated                                                                      4921     0(0.00%) |     37       6    1612     14 |   91.60        0.00

Type     Name                                                                          # reqs      # fails |    Avg     Min     Max    Med |   req/s  failures/s
--------|----------------------------------------------------------------------------|-------|-------------|-------|-------|-------|-------|--------|-----------
GET      /                                                                                117     0(0.00%) |     54      11    1019     17 |    1.90        0.00
GET      /cart                                                                            643     0(0.00%) |     29       6     888     12 |   11.60        0.00
POST     /cart [add]                                                                      924     0(0.00%) |     41      10    1612     16 |   17.00        0.00
POST     /cart/checkout                                                                   350     0(0.00%) |     32      12     639     19 |    6.20        0.00
GET      /product/[id]                                                                   2518     0(0.00%) |     41       7    1041     12 |   46.60        0.00
POST     /setCurrency                                                                     495     0(0.00%) |     47      13    1005     19 |    8.40        0.00
--------|----------------------------------------------------------------------------|-------|-------------|-------|-------|-------|-------|--------|-----------
         Aggregated                                                                      5047     0(0.00%) |     40       6    1612     14 |   91.70        0.00

Type     Name                                                                          # reqs      # fails |    Avg     Min     Max    Med |   req/s  failures/s
--------|----------------------------------------------------------------------------|-------|-------------|-------|-------|-------|-------|--------|-----------
GET      /                                                                                120     0(0.00%) |     57      11    1019     17 |    1.60        0.00
GET      /cart                                                                            661     0(0.00%) |     31       6     888     12 |   10.80        0.00
POST     /cart [add]                                                                      952     0(0.00%) |     43      10    1612     16 |   15.80        0.00
POST     /cart/checkout                                                                   363     0(0.00%) |     32      12     639     19 |    5.60        0.00
GET      /product/[id]                                                                   2618     0(0.00%) |     44       7    1041     12 |   43.50        0.00
POST     /setCurrency                                                                     517     0(0.00%) |     48      13    1005     19 |    8.10        0.00
--------|----------------------------------------------------------------------------|-------|-------------|-------|-------|-------|-------|--------|-----------
         Aggregated                                                                      5231     0(0.00%) |     42       6    1612     14 |   85.40        0.00

Type     Name                                                                          # reqs      # fails |    Avg     Min     Max    Med |   req/s  failures/s
--------|----------------------------------------------------------------------------|-------|-------------|-------|-------|-------|-------|--------|-----------
GET      /                                                                                124     0(0.00%) |     56      11    1019     17 |    1.50        0.00
GET      /cart                                                                            692     0(0.00%) |     31       6     888     12 |   10.40        0.00
POST     /cart [add]                                                                      971     0(0.00%) |     42      10    1612     16 |   14.50        0.00
POST     /cart/checkout                                                                   372     0(0.00%) |     32      12     639     19 |    5.80        0.00
GET      /product/[id]                                                                   2715     0(0.00%) |     43       7    1041     12 |   39.40        0.00
POST     /setCurrency                                                                     542     0(0.00%) |     47      13    1005     19 |    8.10        0.00
--------|----------------------------------------------------------------------------|-------|-------------|-------|-------|-------|-------|--------|-----------
         Aggregated                                                                      5416     0(0.00%) |     41       6    1612     14 |   79.70        0.00

Type     Name                                                                          # reqs      # fails |    Avg     Min     Max    Med |   req/s  failures/s
--------|----------------------------------------------------------------------------|-------|-------------|-------|-------|-------|-------|--------|-----------
GET      /                                                                                124     0(0.00%) |     56      11    1019     17 |    1.50        0.00
GET      /cart                                                                            704     0(0.00%) |     30       6     888     12 |   10.40        0.00
POST     /cart [add]                                                                      993     0(0.00%) |     42      10    1612     16 |   13.90        0.00
POST     /cart/checkout                                                                   382     0(0.00%) |     32      12     639     19 |    5.00        0.00
GET      /product/[id]                                                                   2767     0(0.00%) |     42       7    1041     12 |   40.70        0.00
POST     /setCurrency                                                                     549     0(0.00%) |     47      13    1005     19 |    7.90        0.00
--------|----------------------------------------------------------------------------|-------|-------------|-------|-------|-------|-------|--------|-----------
         Aggregated                                                                      5519     0(0.00%) |     41       6    1612     14 |   79.40        0.00

Type     Name                                                                          # reqs      # fails |    Avg     Min     Max    Med |   req/s  failures/s
--------|----------------------------------------------------------------------------|-------|-------------|-------|-------|-------|-------|--------|-----------
GET      /                                                                                129     0(0.00%) |     62      11    1019     17 |    1.30        0.00
GET      /cart                                                                            722     0(0.00%) |     36       6    1001     12 |   10.60        0.00
POST     /cart [add]                                                                     1026     0(0.00%) |     44      10    1612     16 |   12.60        0.00
POST     /cart/checkout                                                                   396     0(0.00%) |     32      12     639     19 |    5.10        0.00
GET      /product/[id]                                                                   2860     0(0.00%) |     45       7    1146     12 |   40.40        0.00
POST     /setCurrency                                                                     571     0(0.00%) |     51      13    1005     19 |    8.60        0.00
--------|----------------------------------------------------------------------------|-------|-------------|-------|-------|-------|-------|--------|-----------
         Aggregated                                                                      5704     0(0.00%) |     44       6    1612     14 |   78.60        0.00

Type     Name                                                                          # reqs      # fails |    Avg     Min     Max    Med |   req/s  failures/s
--------|----------------------------------------------------------------------------|-------|-------------|-------|-------|-------|-------|--------|-----------
GET      /                                                                                134     0(0.00%) |     60      11    1019     17 |    1.30        0.00
GET      /cart                                                                            742     0(0.00%) |     36       6    1001     12 |    9.40        0.00
POST     /cart [add]                                                                     1062     0(0.00%) |     43      10    1612     16 |   10.80        0.00
POST     /cart/checkout                                                                   408     0(0.00%) |     32      12     639     19 |    4.80        0.00
GET      /product/[id]                                                                   2955     0(0.00%) |     44       7    1146     12 |   36.90        0.00
POST     /setCurrency                                                                     590     0(0.00%) |     50      13    1005     19 |    7.80        0.00
--------|----------------------------------------------------------------------------|-------|-------------|-------|-------|-------|-------|--------|-----------
         Aggregated                                                                      5891     0(0.00%) |     43       6    1612     14 |   71.00        0.00

Type     Name                                                                          # reqs      # fails |    Avg     Min     Max    Med |   req/s  failures/s
--------|----------------------------------------------------------------------------|-------|-------------|-------|-------|-------|-------|--------|-----------
GET      /                                                                                140     0(0.00%) |     59      11    1019     17 |    1.70        0.00
GET      /cart                                                                            768     0(0.00%) |     35       6    1001     12 |    9.00        0.00
POST     /cart [add]                                                                     1090     0(0.00%) |     42      10    1612     16 |   12.40        0.00
POST     /cart/checkout                                                                   418     0(0.00%) |     32      12     639     19 |    5.40        0.00
GET      /product/[id]                                                                   3053     0(0.00%) |     43       7    1146     12 |   40.50        0.00
POST     /setCurrency                                                                     606     0(0.00%) |     50      13    1005     19 |    8.70        0.00
--------|----------------------------------------------------------------------------|-------|-------------|-------|-------|-------|-------|--------|-----------
         Aggregated                                                                      6075     0(0.00%) |     42       6    1612     14 |   77.70        0.00

Type     Name                                                                          # reqs      # fails |    Avg     Min     Max    Med |   req/s  failures/s
--------|----------------------------------------------------------------------------|-------|-------------|-------|-------|-------|-------|--------|-----------
GET      /                                                                                143     0(0.00%) |     58      11    1019     17 |    1.70        0.00
GET      /cart                                                                            793     0(0.00%) |     34       6    1001     12 |   10.50        0.00
POST     /cart [add]                                                                     1130     0(0.00%) |     41      10    1612     16 |   13.80        0.00
POST     /cart/checkout                                                                   433     0(0.00%) |     31      12     639     19 |    5.60        0.00
GET      /product/[id]                                                                   3136     0(0.00%) |     42       7    1146     12 |   43.50        0.00
POST     /setCurrency                                                                     629     0(0.00%) |     49      13    1005     19 |    8.70        0.00
--------|----------------------------------------------------------------------------|-------|-------------|-------|-------|-------|-------|--------|-----------
         Aggregated                                                                      6264     0(0.00%) |     41       6    1612     14 |   83.80        0.00

Type     Name                                                                          # reqs      # fails |    Avg     Min     Max    Med |   req/s  failures/s
--------|----------------------------------------------------------------------------|-------|-------------|-------|-------|-------|-------|--------|-----------
GET      /                                                                                148     0(0.00%) |     57      11    1019     17 |    1.90        0.00
GET      /cart                                                                            810     0(0.00%) |     34       6    1001     12 |    9.30        0.00
POST     /cart [add]                                                                     1170     0(0.00%) |     40      10    1612     16 |   15.20        0.00
POST     /cart/checkout                                                                   450     0(0.00%) |     31      12     639     19 |    5.90        0.00
GET      /product/[id]                                                                   3215     0(0.00%) |     41       7    1146     12 |   43.00        0.00
POST     /setCurrency                                                                     647     0(0.00%) |     48      13    1005     19 |    9.30        0.00
--------|----------------------------------------------------------------------------|-------|-------------|-------|-------|-------|-------|--------|-----------
         Aggregated                                                                      6440     0(0.00%) |     41       6    1612     14 |   84.60        0.00

Type     Name                                                                          # reqs      # fails |    Avg     Min     Max    Med |   req/s  failures/s
--------|----------------------------------------------------------------------------|-------|-------------|-------|-------|-------|-------|--------|-----------
GET      /                                                                                152     0(0.00%) |     56      11    1019     17 |    2.10        0.00
GET      /cart                                                                            830     0(0.00%) |     36       6    1001     12 |    9.90        0.00
POST     /cart [add]                                                                     1190     0(0.00%) |     41      10    1612     16 |   16.00        0.00
POST     /cart/checkout                                                                   460     0(0.00%) |     31      12     639     19 |    6.10        0.00
GET      /product/[id]                                                                   3289     0(0.00%) |     44       7    1146     12 |   41.90        0.00
POST     /setCurrency                                                                     658     0(0.00%) |     51      13    1005     19 |    9.00        0.00
--------|----------------------------------------------------------------------------|-------|-------------|-------|-------|-------|-------|--------|-----------
         Aggregated                                                                      6579     0(0.00%) |     42       6    1612     14 |   85.00        0.00

Type     Name                                                                          # reqs      # fails |    Avg     Min     Max    Med |   req/s  failures/s
--------|----------------------------------------------------------------------------|-------|-------------|-------|-------|-------|-------|--------|-----------
GET      /                                                                                155     0(0.00%) |     60      11    1019     17 |    2.00        0.00
GET      /cart                                                                            844     0(0.00%) |     40       6    1001     12 |   10.20        0.00
POST     /cart [add]                                                                     1202     0(0.00%) |     43      10    1612     16 |   16.70        0.00
POST     /cart/checkout                                                                   465     0(0.00%) |     31      12     639     19 |    6.30        0.00
GET      /product/[id]                                                                   3334     0(0.00%) |     47       7    1146     12 |   42.80        0.00
POST     /setCurrency                                                                     673     0(0.00%) |     57      13    1030     19 |    9.20        0.00
--------|----------------------------------------------------------------------------|-------|-------------|-------|-------|-------|-------|--------|-----------
         Aggregated                                                                      6673     0(0.00%) |     45       6    1612     14 |   87.20        0.00

Type     Name                                                                          # reqs      # fails |    Avg     Min     Max    Med |   req/s  failures/s
--------|----------------------------------------------------------------------------|-------|-------------|-------|-------|-------|-------|--------|-----------
GET      /                                                                                159     0(0.00%) |     60      11    1019     17 |    1.90        0.00
GET      /cart                                                                            866     0(0.00%) |     39       6    1001     12 |   10.40        0.00
POST     /cart [add]                                                                     1240     0(0.00%) |     42      10    1612     16 |   14.60        0.00
POST     /cart/checkout                                                                   481     0(0.00%) |     31      12     639     19 |    5.90        0.00
GET      /product/[id]                                                                   3412     0(0.00%) |     46       7    1146     12 |   38.00        0.00
POST     /setCurrency                                                                     694     0(0.00%) |     56      13    1030     19 |    8.00        0.00
--------|----------------------------------------------------------------------------|-------|-------------|-------|-------|-------|-------|--------|-----------
         Aggregated                                                                      6852     0(0.00%) |     45       6    1612     14 |   78.80        0.00

Type     Name                                                                          # reqs      # fails |    Avg     Min     Max    Med |   req/s  failures/s
--------|----------------------------------------------------------------------------|-------|-------------|-------|-------|-------|-------|--------|-----------
GET      /                                                                                164     0(0.00%) |     59      11    1019     17 |    2.10        0.00
GET      /cart                                                                            894     0(0.00%) |     38       6    1001     12 |   10.00        0.00
POST     /cart [add]                                                                     1263     0(0.00%) |     41      10    1612     16 |   14.40        0.00
POST     /cart/checkout                                                                   486     0(0.00%) |     31      12     639     19 |    5.50        0.00
GET      /product/[id]                                                                   3492     0(0.00%) |     46       7    1146     12 |   36.80        0.00
POST     /setCurrency                                                                     719     0(0.00%) |     56      13    1030     19 |    9.40        0.00
--------|----------------------------------------------------------------------------|-------|-------------|-------|-------|-------|-------|--------|-----------
         Aggregated                                                                      7018     0(0.00%) |     44       6    1612     14 |   78.20        0.00

Type     Name                                                                          # reqs      # fails |    Avg     Min     Max    Med |   req/s  failures/s
--------|----------------------------------------------------------------------------|-------|-------------|-------|-------|-------|-------|--------|-----------
GET      /                                                                                167     0(0.00%) |     59      11    1019     17 |    2.10        0.00
GET      /cart                                                                            920     0(0.00%) |     38       6    1001     12 |   10.90        0.00
POST     /cart [add]                                                                     1297     0(0.00%) |     41      10    1612     16 |   13.80        0.00
POST     /cart/checkout                                                                   495     0(0.00%) |     30      12     639     19 |    5.80        0.00
GET      /product/[id]                                                                   3583     0(0.00%) |     45       7    1146     12 |   35.40        0.00
POST     /setCurrency                                                                     738     0(0.00%) |     55      13    1030     19 |    8.70        0.00
--------|----------------------------------------------------------------------------|-------|-------------|-------|-------|-------|-------|--------|-----------
         Aggregated                                                                      7200     0(0.00%) |     44       6    1612     14 |   76.70        0.00

Type     Name                                                                          # reqs      # fails |    Avg     Min     Max    Med |   req/s  failures/s
--------|----------------------------------------------------------------------------|-------|-------------|-------|-------|-------|-------|--------|-----------
GET      /                                                                                170     0(0.00%) |     58      11    1019     17 |    2.10        0.00
GET      /cart                                                                            951     0(0.00%) |     37       6    1001     12 |   10.50        0.00
POST     /cart [add]                                                                     1331     0(0.00%) |     40      10    1612     16 |   12.90        0.00
POST     /cart/checkout                                                                   500     0(0.00%) |     30      12     639     19 |    4.60        0.00
GET      /product/[id]                                                                   3671     0(0.00%) |     45       7    1146     12 |   35.80        0.00
POST     /setCurrency                                                                     759     0(0.00%) |     54      13    1030     19 |    9.10        0.00
--------|----------------------------------------------------------------------------|-------|-------------|-------|-------|-------|-------|--------|-----------
         Aggregated                                                                      7382     0(0.00%) |     43       6    1612     14 |   75.00        0.00

Type     Name                                                                          # reqs      # fails |    Avg     Min     Max    Med |   req/s  failures/s
--------|----------------------------------------------------------------------------|-------|-------------|-------|-------|-------|-------|--------|-----------
GET      /                                                                                170     0(0.00%) |     58      11    1019     17 |    2.00        0.00
GET      /cart                                                                            966     0(0.00%) |     38       6    1001     12 |   11.70        0.00
POST     /cart [add]                                                                     1358     0(0.00%) |     42       9    1612     16 |   14.00        0.00
POST     /cart/checkout                                                                   512     0(0.00%) |     30      12     639     19 |    4.50        0.00
GET      /product/[id]                                                                   3732     0(0.00%) |     47       7    1146     12 |   38.70        0.00
POST     /setCurrency                                                                     768     0(0.00%) |     58      13    1030     19 |    9.60        0.00
--------|----------------------------------------------------------------------------|-------|-------------|-------|-------|-------|-------|--------|-----------
         Aggregated                                                                      7506     0(0.00%) |     45       6    1612     14 |   80.50        0.00

Type     Name                                                                          # reqs      # fails |    Avg     Min     Max    Med |   req/s  failures/s
--------|----------------------------------------------------------------------------|-------|-------------|-------|-------|-------|-------|--------|-----------
GET      /                                                                                173     0(0.00%) |     58      11    1019     17 |    1.70        0.00
GET      /cart                                                                            992     0(0.00%) |     39       6    1001     12 |   12.80        0.00
POST     /cart [add]                                                                     1384     0(0.00%) |     43       9    1612     16 |   15.80        0.00
POST     /cart/checkout                                                                   521     0(0.00%) |     30      12     639     19 |    4.80        0.00
GET      /product/[id]                                                                   3809     0(0.00%) |     47       7    1146     12 |   40.70        0.00
POST     /setCurrency                                                                     787     0(0.00%) |     58      13    1030     19 |    9.90        0.00
--------|----------------------------------------------------------------------------|-------|-------------|-------|-------|-------|-------|--------|-----------
         Aggregated                                                                      7666     0(0.00%) |     45       6    1612     14 |   85.70        0.00

Type     Name                                                                          # reqs      # fails |    Avg     Min     Max    Med |   req/s  failures/s
--------|----------------------------------------------------------------------------|-------|-------------|-------|-------|-------|-------|--------|-----------
GET      /                                                                                178     0(0.00%) |     57      11    1019     17 |    1.50        0.00
GET      /cart                                                                           1015     0(0.00%) |     38       6    1001     12 |   12.60        0.00
POST     /cart [add]                                                                     1419     0(0.00%) |     43       9    1612     16 |   14.40        0.00
POST     /cart/checkout                                                                   537     0(0.00%) |     30      12     639     19 |    4.20        0.00
GET      /product/[id]                                                                   3904     0(0.00%) |     46       7    1146     12 |   39.30        0.00
POST     /setCurrency                                                                     804     0(0.00%) |     57      13    1030     19 |    9.10        0.00
--------|----------------------------------------------------------------------------|-------|-------------|-------|-------|-------|-------|--------|-----------
         Aggregated                                                                      7857     0(0.00%) |     45       6    1612     14 |   81.10        0.00

Type     Name                                                                          # reqs      # fails |    Avg     Min     Max    Med |   req/s  failures/s
--------|----------------------------------------------------------------------------|-------|-------------|-------|-------|-------|-------|--------|-----------
GET      /                                                                                185     0(0.00%) |     55      11    1019     17 |    1.40        0.00
GET      /cart                                                                           1037     0(0.00%) |     38       6    1001     12 |   11.90        0.00
POST     /cart [add]                                                                     1459     0(0.00%) |     42       9    1612     16 |   15.20        0.00
POST     /cart/checkout                                                                   555     0(0.00%) |     30      12     639     19 |    4.70        0.00
GET      /product/[id]                                                                   3991     0(0.00%) |     45       7    1146     12 |   39.90        0.00
POST     /setCurrency                                                                     827     0(0.00%) |     56      12    1030     19 |    9.20        0.00
--------|----------------------------------------------------------------------------|-------|-------------|-------|-------|-------|-------|--------|-----------
         Aggregated                                                                      8054     0(0.00%) |     44       6    1612     14 |   82.30        0.00

Type     Name                                                                          # reqs      # fails |    Avg     Min     Max    Med |   req/s  failures/s
--------|----------------------------------------------------------------------------|-------|-------------|-------|-------|-------|-------|--------|-----------
GET      /                                                                                189     0(0.00%) |     55      10    1019     17 |    1.50        0.00
GET      /cart                                                                           1056     0(0.00%) |     37       6    1001     12 |   11.90        0.00
POST     /cart [add]                                                                     1490     0(0.00%) |     42       9    1612     16 |   15.80        0.00
POST     /cart/checkout                                                                   569     0(0.00%) |     30      12     639     19 |    5.70        0.00
GET      /product/[id]                                                                   4083     0(0.00%) |     44       7    1146     12 |   40.60        0.00
POST     /setCurrency                                                                     850     0(0.00%) |     55      12    1030     19 |    8.70        0.00
--------|----------------------------------------------------------------------------|-------|-------------|-------|-------|-------|-------|--------|-----------
         Aggregated                                                                      8237     0(0.00%) |     43       6    1612     14 |   84.20        0.00

Type     Name                                                                          # reqs      # fails |    Avg     Min     Max    Med |   req/s  failures/s
--------|----------------------------------------------------------------------------|-------|-------------|-------|-------|-------|-------|--------|-----------
GET      /                                                                                194     0(0.00%) |     55      10    1019     17 |    2.00        0.00
GET      /cart                                                                           1082     0(0.00%) |     37       6    1001     12 |   11.50        0.00
POST     /cart [add]                                                                     1525     0(0.00%) |     41       9    1612     16 |   16.70        0.00
POST     /cart/checkout                                                                   582     0(0.00%) |     30      12     639     19 |    6.90        0.00
GET      /product/[id]                                                                   4174     0(0.00%) |     44       7    1146     12 |   40.00        0.00
POST     /setCurrency                                                                     866     0(0.00%) |     55      12    1030     19 |    8.90        0.00
--------|----------------------------------------------------------------------------|-------|-------------|-------|-------|-------|-------|--------|-----------
         Aggregated                                                                      8423     0(0.00%) |     43       6    1612     14 |   86.00        0.00

Type     Name                                                                          # reqs      # fails |    Avg     Min     Max    Med |   req/s  failures/s
--------|----------------------------------------------------------------------------|-------|-------------|-------|-------|-------|-------|--------|-----------
GET      /                                                                                200     0(0.00%) |     54      10    1019     17 |    2.20        0.00
GET      /cart                                                                           1110     0(0.00%) |     36       6    1001     12 |   11.10        0.00
POST     /cart [add]                                                                     1558     0(0.00%) |     41       9    1612     16 |   16.10        0.00
POST     /cart/checkout                                                                   601     0(0.00%) |     30      12     639     19 |    6.80        0.00
GET      /product/[id]                                                                   4255     0(0.00%) |     43       7    1146     12 |   42.70        0.00
POST     /setCurrency                                                                     882     0(0.00%) |     54      12    1030     19 |    9.60        0.00
--------|----------------------------------------------------------------------------|-------|-------------|-------|-------|-------|-------|--------|-----------
         Aggregated                                                                      8606     0(0.00%) |     42       6    1612     14 |   88.50        0.00

Type     Name                                                                          # reqs      # fails |    Avg     Min     Max    Med |   req/s  failures/s
--------|----------------------------------------------------------------------------|-------|-------------|-------|-------|-------|-------|--------|-----------
GET      /                                                                                205     0(0.00%) |     53      10    1019     17 |    2.60        0.00
GET      /cart                                                                           1131     0(0.00%) |     36       6    1001     12 |   11.40        0.00
POST     /cart [add]                                                                     1583     0(0.00%) |     40       9    1612     16 |   17.60        0.00
POST     /cart/checkout                                                                   612     0(0.00%) |     29      12     639     19 |    7.70        0.00
GET      /product/[id]                                                                   4358     0(0.00%) |     43       7    1146     12 |   44.60        0.00
POST     /setCurrency                                                                     900     0(0.00%) |     54      12    1030     19 |    9.40        0.00
--------|----------------------------------------------------------------------------|-------|-------------|-------|-------|-------|-------|--------|-----------
         Aggregated                                                                      8789     0(0.00%) |     42       6    1612     14 |   93.30        0.00

Type     Name                                                                          # reqs      # fails |    Avg     Min     Max    Med |   req/s  failures/s
--------|----------------------------------------------------------------------------|-------|-------------|-------|-------|-------|-------|--------|-----------
GET      /                                                                                206     0(0.00%) |     53      10    1019     17 |    2.60        0.00
GET      /cart                                                                           1149     0(0.00%) |     36       6    1001     12 |   12.10        0.00
POST     /cart [add]                                                                     1605     0(0.00%) |     40       9    1612     16 |   16.80        0.00
POST     /cart/checkout                                                                   618     0(0.00%) |     30      12     639     19 |    7.60        0.00
GET      /product/[id]                                                                   4406     0(0.00%) |     43       7    1146     12 |   45.10        0.00
POST     /setCurrency                                                                     923     0(0.00%) |     54      12    1030     19 |    9.50        0.00
--------|----------------------------------------------------------------------------|-------|-------------|-------|-------|-------|-------|--------|-----------
         Aggregated                                                                      8907     0(0.00%) |     42       6    1612     14 |   93.70        0.00

Type     Name                                                                          # reqs      # fails |    Avg     Min     Max    Med |   req/s  failures/s
--------|----------------------------------------------------------------------------|-------|-------------|-------|-------|-------|-------|--------|-----------
GET      /                                                                                209     0(0.00%) |     52      10    1019     17 |    2.50        0.00
GET      /cart                                                                           1176     0(0.00%) |     37       6    1001     12 |   11.80        0.00
POST     /cart [add]                                                                     1642     0(0.00%) |     42       9    1612     16 |   16.20        0.00
POST     /cart/checkout                                                                   628     0(0.00%) |     30      12     639     19 |    7.10        0.00
GET      /product/[id]                                                                   4494     0(0.00%) |     43       7    1146     12 |   45.00        0.00
POST     /setCurrency                                                                     946     0(0.00%) |     55      12    1030     19 |   10.10        0.00
--------|----------------------------------------------------------------------------|-------|-------------|-------|-------|-------|-------|--------|-----------
         Aggregated                                                                      9095     0(0.00%) |     43       6    1612     14 |   92.70        0.00

Type     Name                                                                          # reqs      # fails |    Avg     Min     Max    Med |   req/s  failures/s
--------|----------------------------------------------------------------------------|-------|-------------|-------|-------|-------|-------|--------|-----------
GET      /                                                                                213     0(0.00%) |     52      10    1019     17 |    2.00        0.00
GET      /cart                                                                           1191     0(0.00%) |     37       6    1001     12 |   11.60        0.00
POST     /cart [add]                                                                     1678     0(0.00%) |     41       9    1612     16 |   14.80        0.00
POST     /cart/checkout                                                                   637     0(0.00%) |     30      12     639     19 |    5.90        0.00
GET      /product/[id]                                                                   4592     0(0.00%) |     43       6    1146     12 |   41.40        0.00
POST     /setCurrency                                                                     958     0(0.00%) |     55      12    1030     19 |    9.60        0.00
--------|----------------------------------------------------------------------------|-------|-------------|-------|-------|-------|-------|--------|-----------
         Aggregated                                                                      9269     0(0.00%) |     42       6    1612     14 |   85.30        0.00

Type     Name                                                                          # reqs      # fails |    Avg     Min     Max    Med |   req/s  failures/s
--------|----------------------------------------------------------------------------|-------|-------------|-------|-------|-------|-------|--------|-----------
GET      /                                                                                218     0(0.00%) |     51      10    1019     17 |    1.90        0.00
GET      /cart                                                                           1225     0(0.00%) |     36       6    1001     12 |   10.90        0.00
POST     /cart [add]                                                                     1715     0(0.00%) |     41       9    1612     16 |   14.60        0.00
POST     /cart/checkout                                                                   652     0(0.00%) |     30      12     639     19 |    5.50        0.00
GET      /product/[id]                                                                   4672     0(0.00%) |     42       6    1146     12 |   42.10        0.00
POST     /setCurrency                                                                     973     0(0.00%) |     54      12    1030     19 |    9.50        0.00
--------|----------------------------------------------------------------------------|-------|-------------|-------|-------|-------|-------|--------|-----------
         Aggregated                                                                      9455     0(0.00%) |     42       6    1612     14 |   84.50        0.00

Type     Name                                                                          # reqs      # fails |    Avg     Min     Max    Med |   req/s  failures/s
--------|----------------------------------------------------------------------------|-------|-------------|-------|-------|-------|-------|--------|-----------
GET      /                                                                                221     0(0.00%) |     51      10    1019     17 |    1.84        0.00
GET      /cart                                                                           1244     0(0.00%) |     36       6    1001     12 |   10.38        0.00
POST     /cart [add]                                                                     1739     0(0.00%) |     41       9    1612     16 |   14.51        0.00
POST     /cart/checkout                                                                   662     0(0.00%) |     29      12     639     19 |    5.53        0.00
GET      /product/[id]                                                                   4752     0(0.00%) |     42       6    1146     12 |   39.66        0.00
POST     /setCurrency                                                                     989     0(0.00%) |     54      12    1030     19 |    8.25        0.00
--------|----------------------------------------------------------------------------|-------|-------------|-------|-------|-------|-------|--------|-----------
         Aggregated                                                                      9607     0(0.00%) |     41       6    1612     14 |   80.19        0.00

Response time percentiles (approximated)
Type     Name                                                                                  50%    66%    75%    80%    90%    95%    98%    99%  99.9% 99.99%   100% # reqs
--------|--------------------------------------------------------------------------------|--------|------|------|------|------|------|------|------|------|------|------|------
GET      /                                                                                      17     19     28     40     74    110    760    850   1000   1000   1000    221
GET      /cart                                                                                  12     13     14     15     29     55    640    820    980   1000   1000   1244
POST     /cart [add]                                                                            16     18     20     21     33     60    690    850   1600   1600   1600   1739
POST     /cart/checkout                                                                         19     21     24     29     48     83    150    260    640    640    640    662
GET      /product/[id]                                                                          12     14     16     19     47    110    650    810   1000   1100   1100   4752
POST     /setCurrency                                                                           19     22     30     40     74    120    680    870   1000   1000   1000    989
--------|--------------------------------------------------------------------------------|--------|------|------|------|------|------|------|------|------|------|------|------
         Aggregated                                                                             14     17     19     22     46     97    630    810   1000   1600   1600   9607

