/Users/edias/Library/Python/3.9/lib/python/site-packages/urllib3/__init__.py:35: NotOpenSSLWarning: urllib3 v2 only supports OpenSSL 1.1.1+, currently the 'ssl' module is compiled with 'LibreSSL 2.8.3'. See: https://github.com/urllib3/urllib3/issues/3020
  warnings.warn(
[2026-04-26 10:30:00,464] Mac/WARNING/locust.main: Python 3.9 support is deprecated and will be removed soon
Type     Name                                                                          # reqs      # fails |    Avg     Min     Max    Med |   req/s  failures/s
--------|----------------------------------------------------------------------------|-------|-------------|-------|-------|-------|-------|--------|-----------
--------|----------------------------------------------------------------------------|-------|-------------|-------|-------|-------|-------|--------|-----------
         Aggregated                                                                         0     0(0.00%) |      0       0       0      0 |    0.00        0.00

Type     Name                                                                          # reqs      # fails |    Avg     Min     Max    Med |   req/s  failures/s
--------|----------------------------------------------------------------------------|-------|-------------|-------|-------|-------|-------|--------|-----------
GET      /cart                                                                              5     0(0.00%) |     16      10      35     11 |    0.00        0.00
POST     /cart [add]                                                                        4     0(0.00%) |     19      16      20     20 |    0.00        0.00
POST     /cart/checkout                                                                     3     0(0.00%) |     20      13      28     21 |    0.00        0.00
GET      /product/[id]                                                                     13     0(0.00%) |     22      12      71     13 |    0.00        0.00
POST     /setCurrency                                                                       1     0(0.00%) |     24      24      24     24 |    0.00        0.00
--------|----------------------------------------------------------------------------|-------|-------------|-------|-------|-------|-------|--------|-----------
         Aggregated                                                                        26     0(0.00%) |     20      10      71     14 |    0.00        0.00

Type     Name                                                                          # reqs      # fails |    Avg     Min     Max    Med |   req/s  failures/s
--------|----------------------------------------------------------------------------|-------|-------------|-------|-------|-------|-------|--------|-----------
GET      /                                                                                  1     0(0.00%) |     17      17      17     17 |    0.00        0.00
GET      /cart                                                                             12     0(0.00%) |    144      10     805     13 |    2.50        0.00
POST     /cart [add]                                                                       10     0(0.00%) |     18      15      21     18 |    0.50        0.00
POST     /cart/checkout                                                                     5     0(0.00%) |     21      13      28     21 |    0.50        0.00
GET      /product/[id]                                                                     29     0(0.00%) |     71      10     802     14 |    5.00        0.00
POST     /setCurrency                                                                       4     0(0.00%) |    218      18     806     25 |    0.50        0.00
--------|----------------------------------------------------------------------------|-------|-------------|-------|-------|-------|-------|--------|-----------
         Aggregated                                                                        61     0(0.00%) |     81      10     806     17 |    9.00        0.00

Type     Name                                                                          # reqs      # fails |    Avg     Min     Max    Med |   req/s  failures/s
--------|----------------------------------------------------------------------------|-------|-------------|-------|-------|-------|-------|--------|-----------
GET      /                                                                                  1     0(0.00%) |     17      17      17     17 |    0.00        0.00
GET      /cart                                                                             26     0(0.00%) |     73       9     805     12 |    2.50        0.00
POST     /cart [add]                                                                       30     0(0.00%) |     19      13      46     18 |    2.00        0.00
POST     /cart/checkout                                                                    13     0(0.00%) |     19      13      28     19 |    1.25        0.00
GET      /product/[id]                                                                     61     0(0.00%) |     40       8     802     13 |    6.25        0.00
POST     /setCurrency                                                                      16     0(0.00%) |     71      16     806     19 |    0.75        0.00
--------|----------------------------------------------------------------------------|-------|-------------|-------|-------|-------|-------|--------|-----------
         Aggregated                                                                       147     0(0.00%) |     43       8     806     16 |   12.75        0.00

Type     Name                                                                          # reqs      # fails |    Avg     Min     Max    Med |   req/s  failures/s
--------|----------------------------------------------------------------------------|-------|-------------|-------|-------|-------|-------|--------|-----------
GET      /                                                                                  5     0(0.00%) |     24      15      43     17 |    0.17        0.00
GET      /cart                                                                             42     0(0.00%) |     62       8     805     12 |    3.67        0.00
POST     /cart [add]                                                                       46     0(0.00%) |     19      13      46     18 |    4.33        0.00
POST     /cart/checkout                                                                    21     0(0.00%) |     20      13      35     19 |    2.00        0.00
GET      /product/[id]                                                                    115     0(0.00%) |     32       8     802     12 |    8.67        0.00
POST     /setCurrency                                                                      25     0(0.00%) |     72      16     806     19 |    2.33        0.00
--------|----------------------------------------------------------------------------|-------|-------------|-------|-------|-------|-------|--------|-----------
         Aggregated                                                                       254     0(0.00%) |     37       8     806     15 |   21.17        0.00

Type     Name                                                                          # reqs      # fails |    Avg     Min     Max    Med |   req/s  failures/s
--------|----------------------------------------------------------------------------|-------|-------------|-------|-------|-------|-------|--------|-----------
GET      /                                                                                  8     0(0.00%) |     31      15      67     19 |    0.50        0.00
GET      /cart                                                                             60     0(0.00%) |     48       8     805     12 |    4.88        0.00
POST     /cart [add]                                                                       65     0(0.00%) |     19      13      55     17 |    5.38        0.00
POST     /cart/checkout                                                                    27     0(0.00%) |     23      13      61     19 |    2.50        0.00
GET      /product/[id]                                                                    187     0(0.00%) |     25       8     802     12 |   12.38        0.00
POST     /setCurrency                                                                      38     0(0.00%) |     55      16     806     19 |    2.62        0.00
--------|----------------------------------------------------------------------------|-------|-------------|-------|-------|-------|-------|--------|-----------
         Aggregated                                                                       385     0(0.00%) |     30       8     806     15 |   28.25        0.00

Type     Name                                                                          # reqs      # fails |    Avg     Min     Max    Med |   req/s  failures/s
--------|----------------------------------------------------------------------------|-------|-------------|-------|-------|-------|-------|--------|-----------
GET      /                                                                                 13     0(0.00%) |     34      15      79     20 |    0.80        0.00
GET      /cart                                                                             84     0(0.00%) |     39       8     805     13 |    5.50        0.00
POST     /cart [add]                                                                      101     0(0.00%) |     22      13      96     18 |    5.80        0.00
POST     /cart/checkout                                                                    39     0(0.00%) |     24      13      92     20 |    2.60        0.00
GET      /product/[id]                                                                    264     0(0.00%) |     22       8     802     13 |   17.20        0.00
POST     /setCurrency                                                                      54     0(0.00%) |     49      16     806     20 |    3.50        0.00
--------|----------------------------------------------------------------------------|-------|-------------|-------|-------|-------|-------|--------|-----------
         Aggregated                                                                       555     0(0.00%) |     28       8     806     15 |   35.40        0.00

Type     Name                                                                          # reqs      # fails |    Avg     Min     Max    Med |   req/s  failures/s
--------|----------------------------------------------------------------------------|-------|-------------|-------|-------|-------|-------|--------|-----------
GET      /                                                                                 17     0(0.00%) |     34      15      79     20 |    1.20        0.00
GET      /cart                                                                            102     0(0.00%) |     36       8     805     13 |    7.00        0.00
POST     /cart [add]                                                                      138     0(0.00%) |     25      11     104     18 |    9.00        0.00
POST     /cart/checkout                                                                    52     0(0.00%) |     29      13     101     20 |    3.50        0.00
GET      /product/[id]                                                                    362     0(0.00%) |     21       7     802     13 |   23.30        0.00
POST     /setCurrency                                                                      81     0(0.00%) |     44      15     806     21 |    5.10        0.00
--------|----------------------------------------------------------------------------|-------|-------------|-------|-------|-------|-------|--------|-----------
         Aggregated                                                                       752     0(0.00%) |     27       7     806     16 |   49.10        0.00

Type     Name                                                                          # reqs      # fails |    Avg     Min     Max    Med |   req/s  failures/s
--------|----------------------------------------------------------------------------|-------|-------------|-------|-------|-------|-------|--------|-----------
GET      /                                                                                 23     0(0.00%) |     35      14      91     20 |    1.70        0.00
GET      /cart                                                                            135     0(0.00%) |     36       8     805     14 |    8.70        0.00
POST     /cart [add]                                                                      167     0(0.00%) |     29      11     189     18 |   11.90        0.00
POST     /cart/checkout                                                                    68     0(0.00%) |     36      13     178     21 |    4.20        0.00
GET      /product/[id]                                                                    475     0(0.00%) |     23       7     802     13 |   31.60        0.00
POST     /setCurrency                                                                      94     0(0.00%) |     45      15     806     21 |    7.00        0.00
--------|----------------------------------------------------------------------------|-------|-------------|-------|-------|-------|-------|--------|-----------
         Aggregated                                                                       962     0(0.00%) |     29       7     806     16 |   65.10        0.00

Type     Name                                                                          # reqs      # fails |    Avg     Min     Max    Med |   req/s  failures/s
--------|----------------------------------------------------------------------------|-------|-------------|-------|-------|-------|-------|--------|-----------
GET      /                                                                                 29     0(0.00%) |     40      14      91     29 |    2.10        0.00
GET      /cart                                                                            166     0(0.00%) |     34       8     805     14 |   10.40        0.00
POST     /cart [add]                                                                      210     0(0.00%) |     30      11     189     19 |   13.20        0.00
POST     /cart/checkout                                                                    79     0(0.00%) |     37      13     178     22 |    5.00        0.00
GET      /product/[id]                                                                    598     0(0.00%) |     26       7     802     14 |   40.30        0.00
POST     /setCurrency                                                                     114     0(0.00%) |     42      15     806     22 |    7.30        0.00
--------|----------------------------------------------------------------------------|-------|-------------|-------|-------|-------|-------|--------|-----------
         Aggregated                                                                      1196     0(0.00%) |     30       7     806     17 |   78.30        0.00

Type     Name                                                                          # reqs      # fails |    Avg     Min     Max    Med |   req/s  failures/s
--------|----------------------------------------------------------------------------|-------|-------------|-------|-------|-------|-------|--------|-----------
GET      /                                                                                 34     0(0.00%) |     42      14      94     29 |    2.40        0.00
GET      /cart                                                                            190     0(0.00%) |     43       8     805     15 |   12.20        0.00
POST     /cart [add]                                                                      236     0(0.00%) |     38      11     607     20 |   15.20        0.00
POST     /cart/checkout                                                                    90     0(0.00%) |     48      13     596     24 |    5.50        0.00
GET      /product/[id]                                                                    690     0(0.00%) |     36       7     802     14 |   46.60        0.00
POST     /setCurrency                                                                     142     0(0.00%) |     54      15     806     24 |    9.00        0.00
--------|----------------------------------------------------------------------------|-------|-------------|-------|-------|-------|-------|--------|-----------
         Aggregated                                                                      1382     0(0.00%) |     40       7     806     18 |   90.90        0.00

Type     Name                                                                          # reqs      # fails |    Avg     Min     Max    Med |   req/s  failures/s
--------|----------------------------------------------------------------------------|-------|-------------|-------|-------|-------|-------|--------|-----------
GET      /                                                                                 44     0(0.00%) |     45      14     136     34 |    2.60        0.00
GET      /cart                                                                            215     0(0.00%) |     50       8     805     15 |   13.10        0.00
POST     /cart [add]                                                                      282     0(0.00%) |     53      11     795     23 |   17.60        0.00
POST     /cart/checkout                                                                   105     0(0.00%) |     56      13     596     27 |    6.30        0.00
GET      /product/[id]                                                                    803     0(0.00%) |     47       7     802     16 |   50.20        0.00
POST     /setCurrency                                                                     173     0(0.00%) |     55      15     806     26 |   10.20        0.00
--------|----------------------------------------------------------------------------|-------|-------------|-------|-------|-------|-------|--------|-----------
         Aggregated                                                                      1622     0(0.00%) |     50       7     806     20 |  100.00        0.00

Type     Name                                                                          # reqs      # fails |    Avg     Min     Max    Med |   req/s  failures/s
--------|----------------------------------------------------------------------------|-------|-------------|-------|-------|-------|-------|--------|-----------
GET      /                                                                                 50     0(0.00%) |     47      14     136     41 |    3.10        0.00
GET      /cart                                                                            254     0(0.00%) |     59       8     805     19 |   13.50        0.00
POST     /cart [add]                                                                      325     0(0.00%) |     60      11     795     27 |   17.80        0.00
POST     /cart/checkout                                                                   127     0(0.00%) |     66      13     596     35 |    6.60        0.00
GET      /product/[id]                                                                    928     0(0.00%) |     54       7     802     18 |   53.10        0.00
POST     /setCurrency                                                                     193     0(0.00%) |     56      15     806     28 |   11.30        0.00
--------|----------------------------------------------------------------------------|-------|-------------|-------|-------|-------|-------|--------|-----------
         Aggregated                                                                      1877     0(0.00%) |     57       7     806     23 |  105.40        0.00

Type     Name                                                                          # reqs      # fails |    Avg     Min     Max    Med |   req/s  failures/s
--------|----------------------------------------------------------------------------|-------|-------------|-------|-------|-------|-------|--------|-----------
GET      /                                                                                 54     0(0.00%) |     51      14     168     43 |    3.10        0.00
GET      /cart                                                                            283     0(0.00%) |     67       8     805     23 |   14.70        0.00
POST     /cart [add]                                                                      364     0(0.00%) |     69      11     795     32 |   18.60        0.00
POST     /cart/checkout                                                                   139     0(0.00%) |     72      13     596     42 |    7.50        0.00
GET      /product/[id]                                                                   1069     0(0.00%) |     64       7     802     22 |   56.00        0.00
POST     /setCurrency                                                                     211     0(0.00%) |     57      15     806     27 |   11.30        0.00
--------|----------------------------------------------------------------------------|-------|-------------|-------|-------|-------|-------|--------|-----------
         Aggregated                                                                      2120     0(0.00%) |     65       7     806     26 |  111.20        0.00

Type     Name                                                                          # reqs      # fails |    Avg     Min     Max    Med |   req/s  failures/s
--------|----------------------------------------------------------------------------|-------|-------------|-------|-------|-------|-------|--------|-----------
GET      /                                                                                 56     0(0.00%) |     55      14     219     43 |    3.10        0.00
GET      /cart                                                                            316     0(0.00%) |     75       8     805     31 |   14.80        0.00
POST     /cart [add]                                                                      411     0(0.00%) |     81      11     795     42 |   19.80        0.00
POST     /cart/checkout                                                                   159     0(0.00%) |     84      13     596     54 |    7.60        0.00
GET      /product/[id]                                                                   1179     0(0.00%) |     70       7     802     28 |   57.50        0.00
POST     /setCurrency                                                                     243     0(0.00%) |     65      15     806     29 |   11.80        0.00
--------|----------------------------------------------------------------------------|-------|-------------|-------|-------|-------|-------|--------|-----------
         Aggregated                                                                      2364     0(0.00%) |     73       7     806     32 |  114.60        0.00

Type     Name                                                                          # reqs      # fails |    Avg     Min     Max    Med |   req/s  failures/s
--------|----------------------------------------------------------------------------|-------|-------------|-------|-------|-------|-------|--------|-----------
GET      /                                                                                 67     0(0.00%) |     59      14     219     46 |    2.80        0.00
GET      /cart                                                                            347     0(0.00%) |     84       8     805     39 |   14.50        0.00
POST     /cart [add]                                                                      467     0(0.00%) |     95      11     795     55 |   20.50        0.00
POST     /cart/checkout                                                                   178     0(0.00%) |     94      13     596     69 |    7.90        0.00
GET      /product/[id]                                                                   1316     0(0.00%) |     80       7     802     36 |   59.40        0.00
POST     /setCurrency                                                                     264     0(0.00%) |     71      15     806     34 |   12.50        0.00
--------|----------------------------------------------------------------------------|-------|-------------|-------|-------|-------|-------|--------|-----------
         Aggregated                                                                      2639     0(0.00%) |     83       7     806     42 |  117.60        0.00

Type     Name                                                                          # reqs      # fails |    Avg     Min     Max    Med |   req/s  failures/s
--------|----------------------------------------------------------------------------|-------|-------------|-------|-------|-------|-------|--------|-----------
GET      /                                                                                 77     0(0.00%) |     64      14     219     58 |    3.00        0.00
GET      /cart                                                                            384     0(0.00%) |     93       8     805     47 |   15.10        0.00
POST     /cart [add]                                                                      513     0(0.00%) |    105      11     795     71 |   22.10        0.00
POST     /cart/checkout                                                                   196     0(0.00%) |    104      13     596     81 |    8.50        0.00
GET      /product/[id]                                                                   1458     0(0.00%) |     89       7     802     45 |   60.60        0.00
POST     /setCurrency                                                                     291     0(0.00%) |     71      15     806     38 |   12.40        0.00
--------|----------------------------------------------------------------------------|-------|-------------|-------|-------|-------|-------|--------|-----------
         Aggregated                                                                      2919     0(0.00%) |     91       7     806     49 |  121.70        0.00

Type     Name                                                                          # reqs      # fails |    Avg     Min     Max    Med |   req/s  failures/s
--------|----------------------------------------------------------------------------|-------|-------------|-------|-------|-------|-------|--------|-----------
GET      /                                                                                 85     0(0.00%) |     66      14     219     59 |    3.00        0.00
GET      /cart                                                                            425     0(0.00%) |    101       8     805     71 |   16.40        0.00
POST     /cart [add]                                                                      557     0(0.00%) |    114      11     795     85 |   22.50        0.00
POST     /cart/checkout                                                                   212     0(0.00%) |    111      13     596     92 |    8.90        0.00
GET      /product/[id]                                                                   1608     0(0.00%) |     96       7     802     53 |   65.00        0.00
POST     /setCurrency                                                                     322     0(0.00%) |     75      15     806     41 |   12.10        0.00
--------|----------------------------------------------------------------------------|-------|-------------|-------|-------|-------|-------|--------|-----------
         Aggregated                                                                      3209     0(0.00%) |     98       7     806     59 |  127.90        0.00

Type     Name                                                                          # reqs      # fails |    Avg     Min     Max    Med |   req/s  failures/s
--------|----------------------------------------------------------------------------|-------|-------------|-------|-------|-------|-------|--------|-----------
GET      /                                                                                 95     0(0.00%) |     66      14     226     58 |    3.50        0.00
GET      /cart                                                                            452     0(0.00%) |    109       8     805     75 |   16.80        0.00
POST     /cart [add]                                                                      598     0(0.00%) |    125      11     795     95 |   22.70        0.00
POST     /cart/checkout                                                                   224     0(0.00%) |    121      13     596     97 |    8.40        0.00
GET      /product/[id]                                                                   1748     0(0.00%) |    108       7     802     61 |   67.50        0.00
POST     /setCurrency                                                                     356     0(0.00%) |     79      15     806     44 |   12.90        0.00
--------|----------------------------------------------------------------------------|-------|-------------|-------|-------|-------|-------|--------|-----------
         Aggregated                                                                      3473     0(0.00%) |    108       7     806     66 |  131.80        0.00

Type     Name                                                                          # reqs      # fails |    Avg     Min     Max    Med |   req/s  failures/s
--------|----------------------------------------------------------------------------|-------|-------------|-------|-------|-------|-------|--------|-----------
GET      /                                                                                101     0(0.00%) |     66      14     226     58 |    3.80        0.00
GET      /cart                                                                            498     0(0.00%) |    122       8     805     87 |   17.00        0.00
POST     /cart [add]                                                                      644     0(0.00%) |    134      11     795    110 |   23.40        0.00
POST     /cart/checkout                                                                   235     0(0.00%) |    128      13     596     99 |    8.30        0.00
GET      /product/[id]                                                                   1890     0(0.00%) |    118       7     802     70 |   68.10        0.00
POST     /setCurrency                                                                     379     0(0.00%) |     82      15     806     46 |   14.40        0.00
--------|----------------------------------------------------------------------------|-------|-------------|-------|-------|-------|-------|--------|-----------
         Aggregated                                                                      3747     0(0.00%) |    117       7     806     74 |  135.00        0.00

Type     Name                                                                          # reqs      # fails |    Avg     Min     Max    Med |   req/s  failures/s
--------|----------------------------------------------------------------------------|-------|-------------|-------|-------|-------|-------|--------|-----------
GET      /                                                                                111     0(0.00%) |     68      14     339     53 |    4.40        0.00
GET      /cart                                                                            536     0(0.00%) |    132       8     805     99 |   18.30        0.00
POST     /cart [add]                                                                      687     0(0.00%) |    146      11     795    120 |   23.40        0.00
POST     /cart/checkout                                                                   254     0(0.00%) |    138      13     596    100 |    8.00        0.00
GET      /product/[id]                                                                   2029     0(0.00%) |    130       7     802     80 |   69.50        0.00
POST     /setCurrency                                                                     407     0(0.00%) |     86      15     806     48 |   14.00        0.00
--------|----------------------------------------------------------------------------|-------|-------------|-------|-------|-------|-------|--------|-----------
         Aggregated                                                                      4024     0(0.00%) |    127       7     806     84 |  137.60        0.00

Type     Name                                                                          # reqs      # fails |    Avg     Min     Max    Med |   req/s  failures/s
--------|----------------------------------------------------------------------------|-------|-------------|-------|-------|-------|-------|--------|-----------
GET      /                                                                                115     0(0.00%) |     71      14     339     58 |    4.40        0.00
GET      /cart                                                                            565     0(0.00%) |    137       8     805    100 |   19.40        0.00
POST     /cart [add]                                                                      735     0(0.00%) |    158      11     846    130 |   22.00        0.00
POST     /cart/checkout                                                                   273     0(0.00%) |    154      13     655    110 |    7.80        0.00
GET      /product/[id]                                                                   2181     0(0.00%) |    141       7     802     90 |   72.10        0.00
POST     /setCurrency                                                                     436     0(0.00%) |     92      15     806     53 |   13.80        0.00
--------|----------------------------------------------------------------------------|-------|-------------|-------|-------|-------|-------|--------|-----------
         Aggregated                                                                      4305     0(0.00%) |    137       7     846     92 |  139.50        0.00

Type     Name                                                                          # reqs      # fails |    Avg     Min     Max    Med |   req/s  failures/s
--------|----------------------------------------------------------------------------|-------|-------------|-------|-------|-------|-------|--------|-----------
GET      /                                                                                127     0(0.00%) |     79      14     437     59 |    4.20        0.00
GET      /cart                                                                            609     0(0.00%) |    149       8     805    110 |   18.70        0.00
POST     /cart [add]                                                                      786     0(0.00%) |    169      11     846    140 |   23.00        0.00
POST     /cart/checkout                                                                   292     0(0.00%) |    164      13     655    110 |    8.00        0.00
GET      /product/[id]                                                                   2333     0(0.00%) |    151       7     802    100 |   71.90        0.00
POST     /setCurrency                                                                     471     0(0.00%) |     97      15     806     53 |   14.70        0.00
--------|----------------------------------------------------------------------------|-------|-------------|-------|-------|-------|-------|--------|-----------
         Aggregated                                                                      4618     0(0.00%) |    147       7     846    100 |  140.50        0.00

Type     Name                                                                          # reqs      # fails |    Avg     Min     Max    Med |   req/s  failures/s
--------|----------------------------------------------------------------------------|-------|-------------|-------|-------|-------|-------|--------|-----------
GET      /                                                                                135     0(0.00%) |     80      14     437     59 |    4.00        0.00
GET      /cart                                                                            642     0(0.00%) |    155       8     805    120 |   18.50        0.00
POST     /cart [add]                                                                      830     0(0.00%) |    182      11     846    150 |   23.10        0.00
POST     /cart/checkout                                                                   312     0(0.00%) |    176      13     751    120 |    8.10        0.00
GET      /product/[id]                                                                   2475     0(0.00%) |    163       7     802    110 |   71.40        0.00
POST     /setCurrency                                                                     505     0(0.00%) |    102      15     806     56 |   15.00        0.00
--------|----------------------------------------------------------------------------|-------|-------------|-------|-------|-------|-------|--------|-----------
         Aggregated                                                                      4899     0(0.00%) |    157       7     846    110 |  140.10        0.00

Type     Name                                                                          # reqs      # fails |    Avg     Min     Max    Med |   req/s  failures/s
--------|----------------------------------------------------------------------------|-------|-------------|-------|-------|-------|-------|--------|-----------
GET      /                                                                                145     0(0.00%) |     83      14     437     59 |    4.10        0.00
GET      /cart                                                                            673     0(0.00%) |    163       8     805    120 |   19.30        0.00
POST     /cart [add]                                                                      883     0(0.00%) |    195      11     846    160 |   22.70        0.00
POST     /cart/checkout                                                                   331     0(0.00%) |    190      13     751    140 |    8.60        0.00
GET      /product/[id]                                                                   2621     0(0.00%) |    172       7     802    120 |   73.00        0.00
POST     /setCurrency                                                                     535     0(0.00%) |    104      15     806     58 |   14.50        0.00
--------|----------------------------------------------------------------------------|-------|-------------|-------|-------|-------|-------|--------|-----------
         Aggregated                                                                      5188     0(0.00%) |    167       7     846    120 |  142.20        0.00

Type     Name                                                                          # reqs      # fails |    Avg     Min     Max    Med |   req/s  failures/s
--------|----------------------------------------------------------------------------|-------|-------------|-------|-------|-------|-------|--------|-----------
GET      /                                                                                152     0(0.00%) |     86      14     437     59 |    4.30        0.00
GET      /cart                                                                            716     0(0.00%) |    177       8     805    130 |   17.90        0.00
POST     /cart [add]                                                                      945     0(0.00%) |    210      11     846    170 |   23.90        0.00
POST     /cart/checkout                                                                   358     0(0.00%) |    206      13     751    160 |    9.40        0.00
GET      /product/[id]                                                                   2760     0(0.00%) |    182       7     802    130 |   73.70        0.00
POST     /setCurrency                                                                     566     0(0.00%) |    106      15     806     61 |   15.30        0.00
--------|----------------------------------------------------------------------------|-------|-------------|-------|-------|-------|-------|--------|-----------
         Aggregated                                                                      5497     0(0.00%) |    177       7     846    130 |  144.50        0.00

Type     Name                                                                          # reqs      # fails |    Avg     Min     Max    Med |   req/s  failures/s
--------|----------------------------------------------------------------------------|-------|-------------|-------|-------|-------|-------|--------|-----------
GET      /                                                                                169     0(0.00%) |     94      14     437     64 |    4.10        0.00
GET      /cart                                                                            759     0(0.00%) |    189       8     805    140 |   17.50        0.00
POST     /cart [add]                                                                      996     0(0.00%) |    222      11     846    180 |   25.00        0.00
POST     /cart/checkout                                                                   380     0(0.00%) |    220      13     751    170 |    9.90        0.00
GET      /product/[id]                                                                   2897     0(0.00%) |    194       7     839    140 |   73.20        0.00
POST     /setCurrency                                                                     592     0(0.00%) |    108      15     806     61 |   15.70        0.00
--------|----------------------------------------------------------------------------|-------|-------------|-------|-------|-------|-------|--------|-----------
         Aggregated                                                                      5793     0(0.00%) |    188       7     846    140 |  145.40        0.00

Type     Name                                                                          # reqs      # fails |    Avg     Min     Max    Med |   req/s  failures/s
--------|----------------------------------------------------------------------------|-------|-------------|-------|-------|-------|-------|--------|-----------
GET      /                                                                                180     0(0.00%) |    103      14     613     66 |    5.00        0.00
GET      /cart                                                                            801     0(0.00%) |    199       8     805    150 |   18.80        0.00
POST     /cart [add]                                                                     1048     0(0.00%) |    234      11     846    190 |   25.80        0.00
POST     /cart/checkout                                                                   394     0(0.00%) |    223      13     751    180 |   10.40        0.00
GET      /product/[id]                                                                   3060     0(0.00%) |    207       7     839    150 |   71.50        0.00
POST     /setCurrency                                                                     619     0(0.00%) |    111      15     806     62 |   14.90        0.00
--------|----------------------------------------------------------------------------|-------|-------------|-------|-------|-------|-------|--------|-----------
         Aggregated                                                                      6102     0(0.00%) |    199       7     846    140 |  146.40        0.00

Type     Name                                                                          # reqs      # fails |    Avg     Min     Max    Med |   req/s  failures/s
--------|----------------------------------------------------------------------------|-------|-------------|-------|-------|-------|-------|--------|-----------
GET      /                                                                                186     0(0.00%) |    106      14     613     68 |    5.20        0.00
GET      /cart                                                                            841     0(0.00%) |    212       8     901    160 |   19.20        0.00
POST     /cart [add]                                                                     1101     0(0.00%) |    246      11     902    200 |   25.80        0.00
POST     /cart/checkout                                                                   410     0(0.00%) |    226      13     751    180 |   10.40        0.00
GET      /product/[id]                                                                   3204     0(0.00%) |    217       7     881    160 |   72.40        0.00
POST     /setCurrency                                                                     649     0(0.00%) |    111      15     806     62 |   14.60        0.00
--------|----------------------------------------------------------------------------|-------|-------------|-------|-------|-------|-------|--------|-----------
         Aggregated                                                                      6391     0(0.00%) |    208       7     902    150 |  147.60        0.00

Type     Name                                                                          # reqs      # fails |    Avg     Min     Max    Med |   req/s  failures/s
--------|----------------------------------------------------------------------------|-------|-------------|-------|-------|-------|-------|--------|-----------
GET      /                                                                                197     0(0.00%) |    109      14     613     69 |    5.20        0.00
GET      /cart                                                                            880     0(0.00%) |    225       8     998    160 |   19.10        0.00
POST     /cart [add]                                                                     1146     0(0.00%) |    255      11     957    210 |   26.80        0.00
POST     /cart/checkout                                                                   432     0(0.00%) |    240      13     964    190 |   10.20        0.00
GET      /product/[id]                                                                   3364     0(0.00%) |    230       7     992    160 |   72.90        0.00
POST     /setCurrency                                                                     681     0(0.00%) |    112      15     806     63 |   14.90        0.00
--------|----------------------------------------------------------------------------|-------|-------------|-------|-------|-------|-------|--------|-----------
         Aggregated                                                                      6700     0(0.00%) |    219       7     998    160 |  149.10        0.00

Type     Name                                                                          # reqs      # fails |    Avg     Min     Max    Med |   req/s  failures/s
--------|----------------------------------------------------------------------------|-------|-------------|-------|-------|-------|-------|--------|-----------
GET      /                                                                                207     0(0.00%) |    111      14     613     71 |    5.20        0.00
GET      /cart                                                                            926     0(0.00%) |    241       8     998    170 |   20.50        0.00
POST     /cart [add]                                                                     1190     0(0.00%) |    265      11    1051    210 |   26.20        0.00
POST     /cart/checkout                                                                   453     0(0.00%) |    250      13     964    200 |    9.90        0.00
GET      /product/[id]                                                                   3513     0(0.00%) |    242       7     992    170 |   73.40        0.00
POST     /setCurrency                                                                     715     0(0.00%) |    115      13     806     67 |   14.40        0.00
--------|----------------------------------------------------------------------------|-------|-------------|-------|-------|-------|-------|--------|-----------
         Aggregated                                                                      7004     0(0.00%) |    230       7    1051    170 |  149.60        0.00

Type     Name                                                                          # reqs      # fails |    Avg     Min     Max    Med |   req/s  failures/s
--------|----------------------------------------------------------------------------|-------|-------------|-------|-------|-------|-------|--------|-----------
GET      /                                                                                212     0(0.00%) |    116      14     613     71 |    5.50        0.00
GET      /cart                                                                            963     0(0.00%) |    253       8     998    180 |   21.40        0.00
POST     /cart [add]                                                                     1226     0(0.00%) |    279      11    1079    220 |   25.70        0.00
POST     /cart/checkout                                                                   461     0(0.00%) |    258      13    1010    200 |    9.70        0.00
GET      /product/[id]                                                                   3660     0(0.00%) |    260       7    1087    180 |   73.70        0.00
POST     /setCurrency                                                                     739     0(0.00%) |    121      13     834     69 |   15.10        0.00
--------|----------------------------------------------------------------------------|-------|-------------|-------|-------|-------|-------|--------|-----------
         Aggregated                                                                      7261     0(0.00%) |    244       7    1087    180 |  151.10        0.00

Type     Name                                                                          # reqs      # fails |    Avg     Min     Max    Med |   req/s  failures/s
--------|----------------------------------------------------------------------------|-------|-------------|-------|-------|-------|-------|--------|-----------
GET      /                                                                                224     0(0.00%) |    126      14    1133     74 |    4.50        0.00
GET      /cart                                                                            996     0(0.00%) |    263       8     998    190 |   20.20        0.00
POST     /cart [add]                                                                     1255     0(0.00%) |    288      11    1189    230 |   23.50        0.00
POST     /cart/checkout                                                                   473     0(0.00%) |    269      13    1316    200 |    8.60        0.00
GET      /product/[id]                                                                   3820     0(0.00%) |    275       7    1190    190 |   75.20        0.00
POST     /setCurrency                                                                     772     0(0.00%) |    130      13    1164     72 |   14.30        0.00
--------|----------------------------------------------------------------------------|-------|-------------|-------|-------|-------|-------|--------|-----------
         Aggregated                                                                      7540     0(0.00%) |    256       7    1316    180 |  146.30        0.00

Type     Name                                                                          # reqs      # fails |    Avg     Min     Max    Med |   req/s  failures/s
--------|----------------------------------------------------------------------------|-------|-------------|-------|-------|-------|-------|--------|-----------
GET      /                                                                                234     0(0.00%) |    131      14    1133     74 |    4.40        0.00
GET      /cart                                                                           1028     0(0.00%) |    273       8    1097    200 |   19.80        0.00
POST     /cart [add]                                                                     1311     0(0.00%) |    306      11    1397    240 |   22.10        0.00
POST     /cart/checkout                                                                   495     0(0.00%) |    282      13    1493    200 |    8.00        0.00
GET      /product/[id]                                                                   3965     0(0.00%) |    287       7    1190    200 |   76.20        0.00
POST     /setCurrency                                                                     801     0(0.00%) |    135      13    1164     74 |   14.30        0.00
--------|----------------------------------------------------------------------------|-------|-------------|-------|-------|-------|-------|--------|-----------
         Aggregated                                                                      7834     0(0.00%) |    268       7    1493    190 |  144.80        0.00

Type     Name                                                                          # reqs      # fails |    Avg     Min     Max    Med |   req/s  failures/s
--------|----------------------------------------------------------------------------|-------|-------------|-------|-------|-------|-------|--------|-----------
GET      /                                                                                244     0(0.00%) |    132      14    1133     74 |    4.90        0.00
GET      /cart                                                                           1063     0(0.00%) |    284       8    1097    210 |   19.00        0.00
POST     /cart [add]                                                                     1360     0(0.00%) |    320      11    1397    250 |   21.30        0.00
POST     /cart/checkout                                                                   513     0(0.00%) |    296      13    1493    210 |    8.20        0.00
GET      /product/[id]                                                                   4128     0(0.00%) |    300       7    1190    210 |   75.50        0.00
POST     /setCurrency                                                                     829     0(0.00%) |    136      13    1164     75 |   15.20        0.00
--------|----------------------------------------------------------------------------|-------|-------------|-------|-------|-------|-------|--------|-----------
         Aggregated                                                                      8137     0(0.00%) |    279       7    1493    200 |  144.10        0.00

Type     Name                                                                          # reqs      # fails |    Avg     Min     Max    Med |   req/s  failures/s
--------|----------------------------------------------------------------------------|-------|-------------|-------|-------|-------|-------|--------|-----------
GET      /                                                                                251     0(0.00%) |    135      13    1133     75 |    4.70        0.00
GET      /cart                                                                           1094     0(0.00%) |    294       8    1097    210 |   18.40        0.00
POST     /cart [add]                                                                     1417     0(0.00%) |    333      11    1397    260 |   20.90        0.00
POST     /cart/checkout                                                                   532     0(0.00%) |    307      13    1493    220 |    8.10        0.00
GET      /product/[id]                                                                   4280     0(0.00%) |    312       7    1190    230 |   76.10        0.00
POST     /setCurrency                                                                     860     0(0.00%) |    138      13    1164     77 |   15.10        0.00
--------|----------------------------------------------------------------------------|-------|-------------|-------|-------|-------|-------|--------|-----------
         Aggregated                                                                      8434     0(0.00%) |    290       7    1493    210 |  143.30        0.00

Type     Name                                                                          # reqs      # fails |    Avg     Min     Max    Med |   req/s  failures/s
--------|----------------------------------------------------------------------------|-------|-------------|-------|-------|-------|-------|--------|-----------
GET      /                                                                                265     0(0.00%) |    140      13    1133     74 |    4.60        0.00
GET      /cart                                                                           1120     0(0.00%) |    304       8    1097    220 |   16.70        0.00
POST     /cart [add]                                                                     1459     0(0.00%) |    348      11    1600    270 |   21.70        0.00
POST     /cart/checkout                                                                   553     0(0.00%) |    326      13    1700    240 |    8.20        0.00
GET      /product/[id]                                                                   4435     0(0.00%) |    327       7    1313    240 |   77.40        0.00
POST     /setCurrency                                                                     898     0(0.00%) |    148      13    1164     80 |   15.00        0.00
--------|----------------------------------------------------------------------------|-------|-------------|-------|-------|-------|-------|--------|-----------
         Aggregated                                                                      8730     0(0.00%) |    303       7    1700    220 |  143.60        0.00

Type     Name                                                                          # reqs      # fails |    Avg     Min     Max    Med |   req/s  failures/s
--------|----------------------------------------------------------------------------|-------|-------------|-------|-------|-------|-------|--------|-----------
GET      /                                                                                279     0(0.00%) |    146      13    1133     79 |    4.90        0.00
GET      /cart                                                                           1154     0(0.00%) |    313       8    1097    230 |   16.50        0.00
POST     /cart [add]                                                                     1516     0(0.00%) |    360      11    1600    290 |   22.20        0.00
POST     /cart/checkout                                                                   572     0(0.00%) |    340      13    1700    240 |    8.10        0.00
GET      /product/[id]                                                                   4607     0(0.00%) |    337       7    1313    250 |   78.50        0.00
POST     /setCurrency                                                                     928     0(0.00%) |    150      13    1164     83 |   16.80        0.00
--------|----------------------------------------------------------------------------|-------|-------------|-------|-------|-------|-------|--------|-----------
         Aggregated                                                                      9056     0(0.00%) |    313       7    1700    230 |  147.00        0.00

Type     Name                                                                          # reqs      # fails |    Avg     Min     Max    Med |   req/s  failures/s
--------|----------------------------------------------------------------------------|-------|-------------|-------|-------|-------|-------|--------|-----------
GET      /                                                                                288     0(0.00%) |    147      13    1133     79 |    5.70        0.00
GET      /cart                                                                           1189     0(0.00%) |    326       8    1346    240 |   15.70        0.00
POST     /cart [add]                                                                     1560     0(0.00%) |    370      11    1600    290 |   24.10        0.00
POST     /cart/checkout                                                                   590     0(0.00%) |    350      13    1700    250 |    9.80        0.00
GET      /product/[id]                                                                   4763     0(0.00%) |    350       7    1421    260 |   78.60        0.00
POST     /setCurrency                                                                     959     0(0.00%) |    153      13    1164     84 |   16.30        0.00
--------|----------------------------------------------------------------------------|-------|-------------|-------|-------|-------|-------|--------|-----------
         Aggregated                                                                      9349     0(0.00%) |    324       7    1700    240 |  150.20        0.00

Type     Name                                                                          # reqs      # fails |    Avg     Min     Max    Med |   req/s  failures/s
--------|----------------------------------------------------------------------------|-------|-------------|-------|-------|-------|-------|--------|-----------
GET      /                                                                                299     0(0.00%) |    147      13    1133     79 |    5.10        0.00
GET      /cart                                                                           1231     0(0.00%) |    342       8    1346    250 |   15.90        0.00
POST     /cart [add]                                                                     1596     0(0.00%) |    381      11    1600    300 |   24.70        0.00
POST     /cart/checkout                                                                   602     0(0.00%) |    358      13    1700    250 |    9.70        0.00
GET      /product/[id]                                                                   4916     0(0.00%) |    364       7    1421    270 |   79.60        0.00
POST     /setCurrency                                                                     990     0(0.00%) |    156      13    1164     86 |   15.40        0.00
--------|----------------------------------------------------------------------------|-------|-------------|-------|-------|-------|-------|--------|-----------
         Aggregated                                                                      9634     0(0.00%) |    335       7    1700    240 |  150.40        0.00

Type     Name                                                                          # reqs      # fails |    Avg     Min     Max    Med |   req/s  failures/s
--------|----------------------------------------------------------------------------|-------|-------------|-------|-------|-------|-------|--------|-----------
GET      /                                                                                306     0(0.00%) |    148      13    1133     79 |    5.40        0.00
GET      /cart                                                                           1269     0(0.00%) |    356       8    1360    260 |   16.50        0.00
POST     /cart [add]                                                                     1641     0(0.00%) |    395      11    1600    310 |   24.30        0.00
POST     /cart/checkout                                                                   620     0(0.00%) |    372      13    1700    260 |    9.20        0.00
GET      /product/[id]                                                                   5063     0(0.00%) |    374       7    1421    280 |   78.80        0.00
POST     /setCurrency                                                                    1021     0(0.00%) |    158      13    1164     88 |   16.10        0.00
--------|----------------------------------------------------------------------------|-------|-------------|-------|-------|-------|-------|--------|-----------
         Aggregated                                                                      9920     0(0.00%) |    346       7    1700    250 |  150.30        0.00

Type     Name                                                                          # reqs      # fails |    Avg     Min     Max    Med |   req/s  failures/s
--------|----------------------------------------------------------------------------|-------|-------------|-------|-------|-------|-------|--------|-----------
GET      /                                                                                315     0(0.00%) |    155      13    1133     88 |    5.40        0.00
GET      /cart                                                                           1311     0(0.00%) |    373       8    1360    280 |   16.80        0.00
POST     /cart [add]                                                                     1690     0(0.00%) |    411      11    1600    320 |   23.40        0.00
POST     /cart/checkout                                                                   636     0(0.00%) |    384      13    1700    280 |    8.80        0.00
GET      /product/[id]                                                                   5203     0(0.00%) |    387       7    1440    290 |   79.00        0.00
POST     /setCurrency                                                                    1057     0(0.00%) |    161      13    1164     89 |   15.10        0.00
--------|----------------------------------------------------------------------------|-------|-------------|-------|-------|-------|-------|--------|-----------
         Aggregated                                                                     10212     0(0.00%) |    358       7    1700    260 |  148.50        0.00

Type     Name                                                                          # reqs      # fails |    Avg     Min     Max    Med |   req/s  failures/s
--------|----------------------------------------------------------------------------|-------|-------------|-------|-------|-------|-------|--------|-----------
GET      /                                                                                323     0(0.00%) |    153      13    1133     84 |    5.60        0.00
GET      /cart                                                                           1351     0(0.00%) |    382       8    1360    280 |   18.50        0.00
POST     /cart [add]                                                                     1733     0(0.00%) |    419      11    1600    330 |   23.10        0.00
POST     /cart/checkout                                                                   657     0(0.00%) |    395      13    1700    290 |    8.70        0.00
GET      /product/[id]                                                                   5375     0(0.00%) |    396       7    1440    300 |   77.10        0.00
POST     /setCurrency                                                                    1088     0(0.00%) |    160      13    1164     90 |   15.20        0.00
--------|----------------------------------------------------------------------------|-------|-------------|-------|-------|-------|-------|--------|-----------
         Aggregated                                                                     10527     0(0.00%) |    366       7    1700    270 |  148.20        0.00

Type     Name                                                                          # reqs      # fails |    Avg     Min     Max    Med |   req/s  failures/s
--------|----------------------------------------------------------------------------|-------|-------------|-------|-------|-------|-------|--------|-----------
GET      /                                                                                337     0(0.00%) |    155      13    1133     88 |    4.40        0.00
GET      /cart                                                                           1386     0(0.00%) |    391       8    1360    290 |   19.50        0.00
POST     /cart [add]                                                                     1779     0(0.00%) |    430      11    1600    340 |   22.80        0.00
POST     /cart/checkout                                                                   669     0(0.00%) |    401      13    1700    300 |    8.60        0.00
GET      /product/[id]                                                                   5525     0(0.00%) |    405       7    1440    310 |   76.80        0.00
POST     /setCurrency                                                                    1121     0(0.00%) |    162      13    1164     92 |   16.20        0.00
--------|----------------------------------------------------------------------------|-------|-------------|-------|-------|-------|-------|--------|-----------
         Aggregated                                                                     10817     0(0.00%) |    374       7    1700    280 |  148.30        0.00

Type     Name                                                                          # reqs      # fails |    Avg     Min     Max    Med |   req/s  failures/s
--------|----------------------------------------------------------------------------|-------|-------------|-------|-------|-------|-------|--------|-----------
GET      /                                                                                352     0(0.00%) |    152      13    1133     84 |    5.00        0.00
GET      /cart                                                                           1422     0(0.00%) |    399       8    1426    300 |   20.10        0.00
POST     /cart [add]                                                                     1820     0(0.00%) |    437      11    1600    350 |   22.00        0.00
POST     /cart/checkout                                                                   683     0(0.00%) |    410      13    1700    300 |    8.00        0.00
GET      /product/[id]                                                                   5697     0(0.00%) |    416       7    1464    320 |   76.20        0.00
POST     /setCurrency                                                                    1155     0(0.00%) |    161      13    1164     92 |   16.40        0.00
--------|----------------------------------------------------------------------------|-------|-------------|-------|-------|-------|-------|--------|-----------
         Aggregated                                                                     11129     0(0.00%) |    382       7    1700    290 |  147.70        0.00

Type     Name                                                                          # reqs      # fails |    Avg     Min     Max    Med |   req/s  failures/s
--------|----------------------------------------------------------------------------|-------|-------------|-------|-------|-------|-------|--------|-----------
GET      /                                                                                363     0(0.00%) |    151      13    1133     84 |    5.30        0.00
GET      /cart                                                                           1453     0(0.00%) |    406       8    1426    310 |   18.80        0.00
POST     /cart [add]                                                                     1865     0(0.00%) |    446      11    1600    360 |   22.20        0.00
POST     /cart/checkout                                                                   700     0(0.00%) |    416      13    1700    300 |    7.80        0.00
GET      /product/[id]                                                                   5864     0(0.00%) |    426       7    1464    330 |   78.00        0.00
POST     /setCurrency                                                                    1182     0(0.00%) |    160      13    1164     91 |   15.80        0.00
--------|----------------------------------------------------------------------------|-------|-------------|-------|-------|-------|-------|--------|-----------
         Aggregated                                                                     11427     0(0.00%) |    390       7    1700    290 |  147.90        0.00

Type     Name                                                                          # reqs      # fails |    Avg     Min     Max    Med |   req/s  failures/s
--------|----------------------------------------------------------------------------|-------|-------------|-------|-------|-------|-------|--------|-----------
GET      /                                                                                370     0(0.00%) |    154      13    1133     86 |    5.80        0.00
GET      /cart                                                                           1489     0(0.00%) |    417       8    1426    310 |   18.70        0.00
POST     /cart [add]                                                                     1909     0(0.00%) |    455      11    1600    370 |   22.20        0.00
POST     /cart/checkout                                                                   724     0(0.00%) |    435      13    1700    310 |    7.80        0.00
GET      /product/[id]                                                                   6016     0(0.00%) |    434       7    1582    330 |   78.80        0.00
POST     /setCurrency                                                                    1214     0(0.00%) |    163      13    1164     93 |   16.90        0.00
--------|----------------------------------------------------------------------------|-------|-------------|-------|-------|-------|-------|--------|-----------
         Aggregated                                                                     11722     0(0.00%) |    399       7    1700    300 |  150.20        0.00

Type     Name                                                                          # reqs      # fails |    Avg     Min     Max    Med |   req/s  failures/s
--------|----------------------------------------------------------------------------|-------|-------------|-------|-------|-------|-------|--------|-----------
GET      /                                                                                384     0(0.00%) |    152      13    1133     85 |    5.40        0.00
GET      /cart                                                                           1533     0(0.00%) |    426       8    1426    320 |   17.50        0.00
POST     /cart [add]                                                                     1946     0(0.00%) |    463      11    1600    370 |   23.00        0.00
POST     /cart/checkout                                                                   741     0(0.00%) |    443      13    1700    320 |    8.80        0.00
GET      /product/[id]                                                                   6169     0(0.00%) |    442       7    1582    340 |   80.00        0.00
POST     /setCurrency                                                                    1255     0(0.00%) |    161      13    1164     93 |   16.20        0.00
--------|----------------------------------------------------------------------------|-------|-------------|-------|-------|-------|-------|--------|-----------
         Aggregated                                                                     12028     0(0.00%) |    405       7    1700    300 |  150.90        0.00

Type     Name                                                                          # reqs      # fails |    Avg     Min     Max    Med |   req/s  failures/s
--------|----------------------------------------------------------------------------|-------|-------------|-------|-------|-------|-------|--------|-----------
GET      /                                                                                388     0(0.00%) |    151      13    1133     85 |    5.80        0.00
GET      /cart                                                                           1577     0(0.00%) |    438       8    1445    330 |   18.70        0.00
POST     /cart [add]                                                                     1988     0(0.00%) |    471      11    1600    380 |   21.50        0.00
POST     /cart/checkout                                                                   753     0(0.00%) |    449      13    1700    330 |    8.20        0.00
GET      /product/[id]                                                                   6306     0(0.00%) |    450       7    1582    340 |   79.40        0.00
POST     /setCurrency                                                                    1282     0(0.00%) |    161      13    1164     93 |   16.50        0.00
--------|----------------------------------------------------------------------------|-------|-------------|-------|-------|-------|-------|--------|-----------
         Aggregated                                                                     12294     0(0.00%) |    412       7    1700    310 |  150.10        0.00

Type     Name                                                                          # reqs      # fails |    Avg     Min     Max    Med |   req/s  failures/s
--------|----------------------------------------------------------------------------|-------|-------------|-------|-------|-------|-------|--------|-----------
GET      /                                                                                402     0(0.00%) |    150      13    1133     85 |    5.20        0.00
GET      /cart                                                                           1607     0(0.00%) |    448       8    1540    340 |   18.70        0.00
POST     /cart [add]                                                                     2029     0(0.00%) |    483      11    1600    390 |   21.60        0.00
POST     /cart/checkout                                                                   772     0(0.00%) |    462      13    1700    340 |    8.10        0.00
GET      /product/[id]                                                                   6441     0(0.00%) |    459       7    1582    350 |   77.90        0.00
POST     /setCurrency                                                                    1315     0(0.00%) |    160      13    1164     93 |   16.00        0.00
--------|----------------------------------------------------------------------------|-------|-------------|-------|-------|-------|-------|--------|-----------
         Aggregated                                                                     12566     0(0.00%) |    420       7    1700    310 |  147.50        0.00

Type     Name                                                                          # reqs      # fails |    Avg     Min     Max    Med |   req/s  failures/s
--------|----------------------------------------------------------------------------|-------|-------------|-------|-------|-------|-------|--------|-----------
GET      /                                                                                412     0(0.00%) |    149      13    1133     85 |    4.70        0.00
GET      /cart                                                                           1642     0(0.00%) |    457       8    1540    340 |   18.60        0.00
POST     /cart [add]                                                                     2074     0(0.00%) |    491      11    1600    400 |   21.00        0.00
POST     /cart/checkout                                                                   792     0(0.00%) |    474      13    1700    350 |    9.00        0.00
GET      /product/[id]                                                                   6596     0(0.00%) |    467       7    1582    350 |   74.30        0.00
POST     /setCurrency                                                                    1334     0(0.00%) |    159      13    1164     92 |   16.20        0.00
--------|----------------------------------------------------------------------------|-------|-------------|-------|-------|-------|-------|--------|-----------
         Aggregated                                                                     12850     0(0.00%) |    428       7    1700    320 |  143.80        0.00

Type     Name                                                                          # reqs      # fails |    Avg     Min     Max    Med |   req/s  failures/s
--------|----------------------------------------------------------------------------|-------|-------------|-------|-------|-------|-------|--------|-----------
GET      /                                                                                420     0(0.00%) |    148      13    1133     85 |    4.50        0.00
GET      /cart                                                                           1665     0(0.00%) |    462       8    1540    350 |   18.90        0.00
POST     /cart [add]                                                                     2111     0(0.00%) |    496      11    1600    410 |   21.00        0.00
POST     /cart/checkout                                                                   803     0(0.00%) |    480      13    1700    350 |    9.00        0.00
GET      /product/[id]                                                                   6754     0(0.00%) |    477       7    1582    360 |   72.30        0.00
POST     /setCurrency                                                                    1361     0(0.00%) |    158      13    1164     92 |   15.30        0.00
--------|----------------------------------------------------------------------------|-------|-------------|-------|-------|-------|-------|--------|-----------
         Aggregated                                                                     13114     0(0.00%) |    435       7    1700    330 |  141.00        0.00

Type     Name                                                                          # reqs      # fails |    Avg     Min     Max    Med |   req/s  failures/s
--------|----------------------------------------------------------------------------|-------|-------------|-------|-------|-------|-------|--------|-----------
GET      /                                                                                432     0(0.00%) |    152      13    1133     89 |    5.10        0.00
GET      /cart                                                                           1706     0(0.00%) |    474       8    1540    360 |   18.30        0.00
POST     /cart [add]                                                                     2150     0(0.00%) |    505      11    1600    410 |   20.10        0.00
POST     /cart/checkout                                                                   815     0(0.00%) |    483      13    1700    350 |    8.30        0.00
GET      /product/[id]                                                                   6907     0(0.00%) |    485       7    1582    360 |   74.10        0.00
POST     /setCurrency                                                                    1391     0(0.00%) |    161      13    1164     95 |   14.80        0.00
--------|----------------------------------------------------------------------------|-------|-------------|-------|-------|-------|-------|--------|-----------
         Aggregated                                                                     13401     0(0.00%) |    442       7    1700    330 |  140.70        0.00

Type     Name                                                                          # reqs      # fails |    Avg     Min     Max    Med |   req/s  failures/s
--------|----------------------------------------------------------------------------|-------|-------------|-------|-------|-------|-------|--------|-----------
GET      /                                                                                444     0(0.00%) |    154      13    1133     89 |    4.90        0.00
GET      /cart                                                                           1739     0(0.00%) |    481       8    1540    360 |   16.40        0.00
POST     /cart [add]                                                                     2201     0(0.00%) |    511      11    1600    410 |   20.20        0.00
POST     /cart/checkout                                                                   830     0(0.00%) |    491      13    1700    350 |    7.50        0.00
GET      /product/[id]                                                                   7048     0(0.00%) |    491       7    1582    370 |   73.60        0.00
POST     /setCurrency                                                                    1426     0(0.00%) |    163      13    1164     95 |   13.60        0.00
--------|----------------------------------------------------------------------------|-------|-------------|-------|-------|-------|-------|--------|-----------
         Aggregated                                                                     13688     0(0.00%) |    448       7    1700    340 |  136.20        0.00

Type     Name                                                                          # reqs      # fails |    Avg     Min     Max    Med |   req/s  failures/s
--------|----------------------------------------------------------------------------|-------|-------------|-------|-------|-------|-------|--------|-----------
GET      /                                                                                455     0(0.00%) |    155      13    1133     89 |    5.50        0.00
GET      /cart                                                                           1778     0(0.00%) |    487       8    1540    360 |   16.90        0.00
POST     /cart [add]                                                                     2242     0(0.00%) |    519      11    1600    420 |   20.60        0.00
POST     /cart/checkout                                                                   839     0(0.00%) |    496      13    1700    350 |    7.60        0.00
GET      /product/[id]                                                                   7190     0(0.00%) |    498       7    1582    370 |   74.00        0.00
POST     /setCurrency                                                                    1462     0(0.00%) |    165      13    1164     97 |   14.30        0.00
--------|----------------------------------------------------------------------------|-------|-------------|-------|-------|-------|-------|--------|-----------
         Aggregated                                                                     13966     0(0.00%) |    454       7    1700    340 |  138.90        0.00

Type     Name                                                                          # reqs      # fails |    Avg     Min     Max    Med |   req/s  failures/s
--------|----------------------------------------------------------------------------|-------|-------------|-------|-------|-------|-------|--------|-----------
GET      /                                                                                466     0(0.00%) |    156      13    1133     90 |    5.30        0.00
GET      /cart                                                                           1815     0(0.00%) |    492       8    1540    370 |   17.00        0.00
POST     /cart [add]                                                                     2297     0(0.00%) |    524      11    1600    420 |   20.90        0.00
POST     /cart/checkout                                                                   857     0(0.00%) |    500      13    1747    360 |    6.90        0.00
GET      /product/[id]                                                                   7332     0(0.00%) |    504       7    1660    380 |   75.20        0.00
POST     /setCurrency                                                                    1493     0(0.00%) |    165      13    1164     99 |   14.70        0.00
--------|----------------------------------------------------------------------------|-------|-------------|-------|-------|-------|-------|--------|-----------
         Aggregated                                                                     14260     0(0.00%) |    459       7    1747    340 |  140.00        0.00

Type     Name                                                                          # reqs      # fails |    Avg     Min     Max    Med |   req/s  failures/s
--------|----------------------------------------------------------------------------|-------|-------------|-------|-------|-------|-------|--------|-----------
GET      /                                                                                472     0(0.00%) |    161      13    1133     92 |    5.90        0.00
GET      /cart                                                                           1842     0(0.00%) |    502       8    1628    370 |   17.50        0.00
POST     /cart [add]                                                                     2338     0(0.00%) |    529      11    1755    430 |   21.00        0.00
POST     /cart/checkout                                                                   873     0(0.00%) |    504      13    1747    360 |    6.50        0.00
GET      /product/[id]                                                                   7471     0(0.00%) |    512       7    1660    380 |   74.90        0.00
POST     /setCurrency                                                                    1517     0(0.00%) |    169      13    1164     99 |   15.60        0.00
--------|----------------------------------------------------------------------------|-------|-------------|-------|-------|-------|-------|--------|-----------
         Aggregated                                                                     14513     0(0.00%) |    466       7    1755    340 |  141.40        0.00

Type     Name                                                                          # reqs      # fails |    Avg     Min     Max    Med |   req/s  failures/s
--------|----------------------------------------------------------------------------|-------|-------------|-------|-------|-------|-------|--------|-----------
GET      /                                                                                477     0(0.00%) |    162      13    1133     93 |    4.90        0.00
GET      /cart                                                                           1881     0(0.00%) |    507       8    1628    380 |   16.90        0.00
POST     /cart [add]                                                                     2377     0(0.00%) |    534      11    1755    430 |   22.10        0.00
POST     /cart/checkout                                                                   884     0(0.00%) |    506      13    1747    360 |    6.80        0.00
GET      /product/[id]                                                                   7603     0(0.00%) |    515       7    1660    380 |   72.30        0.00
POST     /setCurrency                                                                    1549     0(0.00%) |    173      13    1164    100 |   14.80        0.00
--------|----------------------------------------------------------------------------|-------|-------------|-------|-------|-------|-------|--------|-----------
         Aggregated                                                                     14771     0(0.00%) |    469       7    1755    350 |  137.80        0.00

Type     Name                                                                          # reqs      # fails |    Avg     Min     Max    Med |   req/s  failures/s
--------|----------------------------------------------------------------------------|-------|-------------|-------|-------|-------|-------|--------|-----------
GET      /                                                                                487     0(0.00%) |    164      13    1133     95 |    4.90        0.00
GET      /cart                                                                           1920     0(0.00%) |    518       8    2009    380 |   17.90        0.00
POST     /cart [add]                                                                     2417     0(0.00%) |    539      11    1916    430 |   22.80        0.00
POST     /cart/checkout                                                                   899     0(0.00%) |    511      13    1747    360 |    6.90        0.00
GET      /product/[id]                                                                   7764     0(0.00%) |    522       7    2155    380 |   70.30        0.00
POST     /setCurrency                                                                    1581     0(0.00%) |    173      13    1164    100 |   16.30        0.00
--------|----------------------------------------------------------------------------|-------|-------------|-------|-------|-------|-------|--------|-----------
         Aggregated                                                                     15068     0(0.00%) |    475       7    2155    350 |  139.10        0.00

Type     Name                                                                          # reqs      # fails |    Avg     Min     Max    Med |   req/s  failures/s
--------|----------------------------------------------------------------------------|-------|-------------|-------|-------|-------|-------|--------|-----------
GET      /                                                                                493     0(0.00%) |    166      13    1133     97 |    4.40        0.00
GET      /cart                                                                           1957     0(0.00%) |    523       8    2009    380 |   17.80        0.00
POST     /cart [add]                                                                     2470     0(0.00%) |    544      11    1916    430 |   22.40        0.00
POST     /cart/checkout                                                                   912     0(0.00%) |    513      13    1747    360 |    7.00        0.00
GET      /product/[id]                                                                   7926     0(0.00%) |    528       7    2155    380 |   71.50        0.00
POST     /setCurrency                                                                    1615     0(0.00%) |    173      13    1164    100 |   16.00        0.00
--------|----------------------------------------------------------------------------|-------|-------------|-------|-------|-------|-------|--------|-----------
         Aggregated                                                                     15373     0(0.00%) |    480       7    2155    350 |  139.10        0.00

Type     Name                                                                          # reqs      # fails |    Avg     Min     Max    Med |   req/s  failures/s
--------|----------------------------------------------------------------------------|-------|-------------|-------|-------|-------|-------|--------|-----------
GET      /                                                                                498     0(0.00%) |    166      13    1133     95 |    4.16        0.00
GET      /cart                                                                           2000     0(0.00%) |    527       8    2009    390 |   16.69        0.00
POST     /cart [add]                                                                     2506     0(0.00%) |    548      11    1916    440 |   20.91        0.00
POST     /cart/checkout                                                                   926     0(0.00%) |    516      13    1747    360 |    7.73        0.00
GET      /product/[id]                                                                   8075     0(0.00%) |    530       7    2155    380 |   67.39        0.00
POST     /setCurrency                                                                    1641     0(0.00%) |    173      13    1164    100 |   13.70        0.00
--------|----------------------------------------------------------------------------|-------|-------------|-------|-------|-------|-------|--------|-----------
         Aggregated                                                                     15646     0(0.00%) |    483       7    2155    350 |  130.58        0.00

Response time percentiles (approximated)
Type     Name                                                                                  50%    66%    75%    80%    90%    95%    98%    99%  99.9% 99.99%   100% # reqs
--------|--------------------------------------------------------------------------------|--------|------|------|------|------|------|------|------|------|------|------|------
GET      /                                                                                      97    200    260    290    410    530    640    720   1100   1100   1100    498
GET      /cart                                                                                 390    580    850   1000   1200   1300   1500   1600   1900   2000   2000   2000
POST     /cart [add]                                                                           440    600    830    980   1200   1300   1400   1500   1800   1900   1900   2506
POST     /cart/checkout                                                                        360    540    800   1000   1200   1300   1500   1500   1700   1700   1700    926
GET      /product/[id]                                                                         380    610    870   1000   1200   1300   1400   1500   2000   2200   2200   8075
POST     /setCurrency                                                                          100    200    270    310    410    520    670    780   1100   1200   1200   1641
--------|--------------------------------------------------------------------------------|--------|------|------|------|------|------|------|------|------|------|------|------
         Aggregated                                                                            350    510    740    910   1200   1300   1400   1500   1800   2100   2200  15646

