/Users/edias/Library/Python/3.9/lib/python/site-packages/urllib3/__init__.py:35: NotOpenSSLWarning: urllib3 v2 only supports OpenSSL 1.1.1+, currently the 'ssl' module is compiled with 'LibreSSL 2.8.3'. See: https://github.com/urllib3/urllib3/issues/3020
  warnings.warn(
[2026-05-20 22:39:42,264] Mac/WARNING/locust.main: Python 3.9 support is deprecated and will be removed soon
Type     Name                                                                          # reqs      # fails |    Avg     Min     Max    Med |   req/s  failures/s
--------|----------------------------------------------------------------------------|-------|-------------|-------|-------|-------|-------|--------|-----------
--------|----------------------------------------------------------------------------|-------|-------------|-------|-------|-------|-------|--------|-----------
         Aggregated                                                                         0     0(0.00%) |      0       0       0      0 |    0.00        0.00

Type     Name                                                                          # reqs      # fails |    Avg     Min     Max    Med |   req/s  failures/s
--------|----------------------------------------------------------------------------|-------|-------------|-------|-------|-------|-------|--------|-----------
GET      /                                                                                  1     0(0.00%) |     33      33      33     33 |    0.00        0.00
GET      /cart                                                                              5     0(0.00%) |     18       7      37     13 |    0.00        0.00
POST     /cart [add]                                                                        7     0(0.00%) |     25      11      43     25 |    0.00        0.00
POST     /cart/checkout                                                                     1     0(0.00%) |     31      31      31     31 |    0.00        0.00
GET      /product/[id]                                                                      8     0(0.00%) |     18       9      41     14 |    0.00        0.00
POST     /setCurrency                                                                       1     0(0.00%) |     17      17      17     17 |    0.00        0.00
--------|----------------------------------------------------------------------------|-------|-------------|-------|-------|-------|-------|--------|-----------
         Aggregated                                                                        23     0(0.00%) |     21       7      43     18 |    0.00        0.00

Type     Name                                                                          # reqs      # fails |    Avg     Min     Max    Med |   req/s  failures/s
--------|----------------------------------------------------------------------------|-------|-------------|-------|-------|-------|-------|--------|-----------
GET      /                                                                                  1     0(0.00%) |     33      33      33     33 |    0.50        0.00
GET      /cart                                                                             13     0(0.00%) |     14       7      37     12 |    2.00        0.00
POST     /cart [add]                                                                       14     0(0.00%) |     20      11      43     17 |    3.50        0.00
POST     /cart/checkout                                                                     3     0(0.00%) |     21      13      31     20 |    0.00        0.00
GET      /product/[id]                                                                     35     0(0.00%) |     13       7      41     12 |    3.50        0.00
POST     /setCurrency                                                                       8     0(0.00%) |     20      15      25     18 |    0.00        0.00
--------|----------------------------------------------------------------------------|-------|-------------|-------|-------|-------|-------|--------|-----------
         Aggregated                                                                        74     0(0.00%) |     16       7      43     13 |    9.50        0.00

Type     Name                                                                          # reqs      # fails |    Avg     Min     Max    Med |   req/s  failures/s
--------|----------------------------------------------------------------------------|-------|-------------|-------|-------|-------|-------|--------|-----------
GET      /                                                                                  3     0(0.00%) |     19      12      33     15 |    0.25        0.00
GET      /cart                                                                             23     0(0.00%) |     12       6      37     11 |    3.25        0.00
POST     /cart [add]                                                                       25     0(0.00%) |     17      10      43     15 |    3.25        0.00
POST     /cart/checkout                                                                    10     0(0.00%) |     14      10      31     12 |    0.75        0.00
GET      /product/[id]                                                                     81     0(0.00%) |     11       5      41     10 |    7.50        0.00
POST     /setCurrency                                                                      15     0(0.00%) |     19      12      25     19 |    1.75        0.00
--------|----------------------------------------------------------------------------|-------|-------------|-------|-------|-------|-------|--------|-----------
         Aggregated                                                                       157     0(0.00%) |     13       5      43     11 |   16.75        0.00

Type     Name                                                                          # reqs      # fails |    Avg     Min     Max    Med |   req/s  failures/s
--------|----------------------------------------------------------------------------|-------|-------------|-------|-------|-------|-------|--------|-----------
GET      /                                                                                  4     0(0.00%) |     17      12      33     12 |    0.50        0.00
GET      /cart                                                                             44     0(0.00%) |     11       5      37      9 |    3.50        0.00
POST     /cart [add]                                                                       42     0(0.00%) |     15       8      43     13 |    4.17        0.00
POST     /cart/checkout                                                                    16     0(0.00%) |     14       8      37     11 |    1.67        0.00
GET      /product/[id]                                                                    137     0(0.00%) |     10       5      41      9 |   12.17        0.00
POST     /setCurrency                                                                      28     0(0.00%) |     17      11      25     17 |    2.33        0.00
--------|----------------------------------------------------------------------------|-------|-------------|-------|-------|-------|-------|--------|-----------
         Aggregated                                                                       271     0(0.00%) |     12       5      43     11 |   24.33        0.00

Type     Name                                                                          # reqs      # fails |    Avg     Min     Max    Med |   req/s  failures/s
--------|----------------------------------------------------------------------------|-------|-------------|-------|-------|-------|-------|--------|-----------
GET      /                                                                                 12     0(0.00%) |     16       9      44     12 |    0.50        0.00
GET      /cart                                                                             59     0(0.00%) |     10       5      37      9 |    5.25        0.00
POST     /cart [add]                                                                       65     0(0.00%) |     14       8      43     12 |    4.88        0.00
POST     /cart/checkout                                                                    25     0(0.00%) |     13       8      37     11 |    2.00        0.00
GET      /product/[id]                                                                    208     0(0.00%) |      9       5      41      8 |   16.25        0.00
POST     /setCurrency                                                                      43     0(0.00%) |     15      10      25     16 |    2.88        0.00
--------|----------------------------------------------------------------------------|-------|-------------|-------|-------|-------|-------|--------|-----------
         Aggregated                                                                       412     0(0.00%) |     11       5      44     10 |   31.75        0.00

Type     Name                                                                          # reqs      # fails |    Avg     Min     Max    Med |   req/s  failures/s
--------|----------------------------------------------------------------------------|-------|-------------|-------|-------|-------|-------|--------|-----------
GET      /                                                                                 14     0(0.00%) |     15       8      44     12 |    1.20        0.00
GET      /cart                                                                             77     0(0.00%) |      9       5      37      9 |    5.50        0.00
POST     /cart [add]                                                                       94     0(0.00%) |     16       8     210     12 |    6.10        0.00
POST     /cart/checkout                                                                    38     0(0.00%) |     12       8      37     11 |    2.20        0.00
GET      /product/[id]                                                                    296     0(0.00%) |     11       4     200      8 |   19.70        0.00
POST     /setCurrency                                                                      66     0(0.00%) |     23       9     221     13 |    4.20        0.00
--------|----------------------------------------------------------------------------|-------|-------------|-------|-------|-------|-------|--------|-----------
         Aggregated                                                                       585     0(0.00%) |     13       4     221     10 |   38.90        0.00

Type     Name                                                                          # reqs      # fails |    Avg     Min     Max    Med |   req/s  failures/s
--------|----------------------------------------------------------------------------|-------|-------------|-------|-------|-------|-------|--------|-----------
GET      /                                                                                 19     0(0.00%) |     14       8      44     12 |    1.20        0.00
GET      /cart                                                                             99     0(0.00%) |      9       5      37      8 |    7.30        0.00
POST     /cart [add]                                                                      121     0(0.00%) |     15       7     210     11 |    8.30        0.00
POST     /cart/checkout                                                                    50     0(0.00%) |     12       8      37     11 |    3.70        0.00
GET      /product/[id]                                                                    409     0(0.00%) |     10       4     200      8 |   26.90        0.00
POST     /setCurrency                                                                      83     0(0.00%) |     21       9     221     13 |    6.30        0.00
--------|----------------------------------------------------------------------------|-------|-------------|-------|-------|-------|-------|--------|-----------
         Aggregated                                                                       781     0(0.00%) |     12       4     221      9 |   53.70        0.00

Type     Name                                                                          # reqs      # fails |    Avg     Min     Max    Med |   req/s  failures/s
--------|----------------------------------------------------------------------------|-------|-------------|-------|-------|-------|-------|--------|-----------
GET      /                                                                                 26     0(0.00%) |     14       7      44     11 |    1.80        0.00
GET      /cart                                                                            136     0(0.00%) |      9       4      37      8 |    8.20        0.00
POST     /cart [add]                                                                      163     0(0.00%) |     14       6     210     11 |   10.40        0.00
POST     /cart/checkout                                                                    63     0(0.00%) |     12       8      37     11 |    4.50        0.00
GET      /product/[id]                                                                    522     0(0.00%) |      9       4     200      8 |   36.30        0.00
POST     /setCurrency                                                                     107     0(0.00%) |     19       9     221     13 |    7.30        0.00
--------|----------------------------------------------------------------------------|-------|-------------|-------|-------|-------|-------|--------|-----------
         Aggregated                                                                      1017     0(0.00%) |     11       4     221      9 |   68.50        0.00

Type     Name                                                                          # reqs      # fails |    Avg     Min     Max    Med |   req/s  failures/s
--------|----------------------------------------------------------------------------|-------|-------------|-------|-------|-------|-------|--------|-----------
GET      /                                                                                 33     0(0.00%) |     13       7      44     11 |    2.10        0.00
GET      /cart                                                                            163     0(0.00%) |      9       4      61      8 |   10.80        0.00
POST     /cart [add]                                                                      212     0(0.00%) |     15       6     210     11 |   13.20        0.00
POST     /cart/checkout                                                                    80     0(0.00%) |     16       8     118     11 |    5.20        0.00
GET      /product/[id]                                                                    654     0(0.00%) |     10       4     200      8 |   43.40        0.00
POST     /setCurrency                                                                     130     0(0.00%) |     18       9     221     13 |    9.00        0.00
--------|----------------------------------------------------------------------------|-------|-------------|-------|-------|-------|-------|--------|-----------
         Aggregated                                                                      1272     0(0.00%) |     12       4     221      9 |   83.70        0.00

Type     Name                                                                          # reqs      # fails |    Avg     Min     Max    Med |   req/s  failures/s
--------|----------------------------------------------------------------------------|-------|-------------|-------|-------|-------|-------|--------|-----------
GET      /                                                                                 38     0(0.00%) |     13       7      44     11 |    2.90        0.00
GET      /cart                                                                            206     0(0.00%) |     13       4      86      9 |   11.80        0.00
POST     /cart [add]                                                                      257     0(0.00%) |     19       6     210     12 |   16.40        0.00
POST     /cart/checkout                                                                    97     0(0.00%) |     18       8     118     11 |    5.90        0.00
GET      /product/[id]                                                                    789     0(0.00%) |     13       4     200      8 |   50.60        0.00
POST     /setCurrency                                                                     157     0(0.00%) |     18       9     221     13 |   10.40        0.00
--------|----------------------------------------------------------------------------|-------|-------------|-------|-------|-------|-------|--------|-----------
         Aggregated                                                                      1544     0(0.00%) |     15       4     221     10 |   98.00        0.00

Type     Name                                                                          # reqs      # fails |    Avg     Min     Max    Med |   req/s  failures/s
--------|----------------------------------------------------------------------------|-------|-------------|-------|-------|-------|-------|--------|-----------
GET      /                                                                                 48     0(0.00%) |     13       7      44     11 |    2.60        0.00
GET      /cart                                                                            248     0(0.00%) |     18       4     144      9 |   14.80        0.00
POST     /cart [add]                                                                      312     0(0.00%) |     24       6     210     12 |   18.80        0.00
POST     /cart/checkout                                                                   114     0(0.00%) |     24       8     148     12 |    7.30        0.00
GET      /product/[id]                                                                    914     0(0.00%) |     18       4     200      8 |   57.00        0.00
POST     /setCurrency                                                                     181     0(0.00%) |     17       8     221     13 |   11.20        0.00
--------|----------------------------------------------------------------------------|-------|-------------|-------|-------|-------|-------|--------|-----------
         Aggregated                                                                      1817     0(0.00%) |     19       4     221     11 |  111.70        0.00

Type     Name                                                                          # reqs      # fails |    Avg     Min     Max    Med |   req/s  failures/s
--------|----------------------------------------------------------------------------|-------|-------------|-------|-------|-------|-------|--------|-----------
GET      /                                                                                 60     0(0.00%) |     13       7      44     11 |    3.10        0.00
GET      /cart                                                                            279     0(0.00%) |     24       4     144     10 |   16.70        0.00
POST     /cart [add]                                                                      360     0(0.00%) |     28       6     210     13 |   21.30        0.00
POST     /cart/checkout                                                                   134     0(0.00%) |     31       8     148     13 |    7.50        0.00
GET      /product/[id]                                                                   1067     0(0.00%) |     21       4     200      9 |   62.00        0.00
POST     /setCurrency                                                                     210     0(0.00%) |     16       8     221     13 |   11.50        0.00
--------|----------------------------------------------------------------------------|-------|-------------|-------|-------|-------|-------|--------|-----------
         Aggregated                                                                      2110     0(0.00%) |     23       4     221     11 |  122.10        0.00

Type     Name                                                                          # reqs      # fails |    Avg     Min     Max    Med |   req/s  failures/s
--------|----------------------------------------------------------------------------|-------|-------------|-------|-------|-------|-------|--------|-----------
GET      /                                                                                 65     0(0.00%) |     12       7      44     11 |    4.00        0.00
GET      /cart                                                                            320     0(0.00%) |     34       4     264     12 |   18.00        0.00
POST     /cart [add]                                                                      408     0(0.00%) |     40       6     222     15 |   23.20        0.00
POST     /cart/checkout                                                                   148     0(0.00%) |     41       8     250     13 |    8.20        0.00
GET      /product/[id]                                                                   1199     0(0.00%) |     31       4     253      9 |   65.30        0.00
POST     /setCurrency                                                                     237     0(0.00%) |     16       8     221     13 |   12.40        0.00
--------|----------------------------------------------------------------------------|-------|-------------|-------|-------|-------|-------|--------|-----------
         Aggregated                                                                      2377     0(0.00%) |     32       4     264     12 |  131.10        0.00

Type     Name                                                                          # reqs      # fails |    Avg     Min     Max    Med |   req/s  failures/s
--------|----------------------------------------------------------------------------|-------|-------------|-------|-------|-------|-------|--------|-----------
GET      /                                                                                 76     0(0.00%) |     12       7      44     11 |    4.10        0.00
GET      /cart                                                                            349     0(0.00%) |     43       4     264     13 |   18.70        0.00
POST     /cart [add]                                                                      453     0(0.00%) |     50       6     245     19 |   24.20        0.00
POST     /cart/checkout                                                                   164     0(0.00%) |     52       8     250     18 |    8.30        0.00
GET      /product/[id]                                                                   1342     0(0.00%) |     43       4     253     11 |   67.10        0.00
POST     /setCurrency                                                                     254     0(0.00%) |     16       8     221     13 |   12.90        0.00
--------|----------------------------------------------------------------------------|-------|-------------|-------|-------|-------|-------|--------|-----------
         Aggregated                                                                      2638     0(0.00%) |     41       4     264     13 |  135.30        0.00

Type     Name                                                                          # reqs      # fails |    Avg     Min     Max    Med |   req/s  failures/s
--------|----------------------------------------------------------------------------|-------|-------------|-------|-------|-------|-------|--------|-----------
GET      /                                                                                 82     0(0.00%) |     12       7      44     11 |    2.74        0.00
GET      /cart                                                                            386     0(0.00%) |     56       4     264     19 |   12.92        0.00
POST     /cart [add]                                                                      486     0(0.00%) |     59       6     277     22 |   16.26        0.00
POST     /cart/checkout                                                                   179     0(0.00%) |     64       8     297     34 |    5.99        0.00
GET      /product/[id]                                                                   1478     0(0.00%) |     56       4     307     13 |   49.46        0.00
POST     /setCurrency                                                                     274     0(0.00%) |     16       8     221     13 |    9.17        0.00
--------|----------------------------------------------------------------------------|-------|-------------|-------|-------|-------|-------|--------|-----------
         Aggregated                                                                      2885     0(0.00%) |     52       4     307     14 |   96.54        0.00

Response time percentiles (approximated)
Type     Name                                                                                  50%    66%    75%    80%    90%    95%    98%    99%  99.9% 99.99%   100% # reqs
--------|--------------------------------------------------------------------------------|--------|------|------|------|------|------|------|------|------|------|------|------
GET      /                                                                                      11     12     13     13     14     18     41     44     44     44     44     82
GET      /cart                                                                                  20     65     94    110    160    200    220    230    260    260    260    386
POST     /cart [add]                                                                            24     68    100    110    170    190    220    240    280    280    280    486
POST     /cart/checkout                                                                         34     59    100    130    190    200    240    300    300    300    300    179
GET      /product/[id]                                                                          14     63     94    110    170    200    230    250    310    310    310   1478
POST     /setCurrency                                                                           13     14     16     16     19     25     30    190    220    220    220    274
--------|--------------------------------------------------------------------------------|--------|------|------|------|------|------|------|------|------|------|------|------
         Aggregated                                                                             14     48     84    100    160    200    220    240    300    310    310   2885

