/Users/edias/Library/Python/3.9/lib/python/site-packages/urllib3/__init__.py:35: NotOpenSSLWarning: urllib3 v2 only supports OpenSSL 1.1.1+, currently the 'ssl' module is compiled with 'LibreSSL 2.8.3'. See: https://github.com/urllib3/urllib3/issues/3020
  warnings.warn(
[2026-05-20 20:39:25,404] Mac/WARNING/locust.main: Python 3.9 support is deprecated and will be removed soon
Type     Name                                                                          # reqs      # fails |    Avg     Min     Max    Med |   req/s  failures/s
--------|----------------------------------------------------------------------------|-------|-------------|-------|-------|-------|-------|--------|-----------
--------|----------------------------------------------------------------------------|-------|-------------|-------|-------|-------|-------|--------|-----------
         Aggregated                                                                         0     0(0.00%) |      0       0       0      0 |    0.00        0.00

Type     Name                                                                          # reqs      # fails |    Avg     Min     Max    Med |   req/s  failures/s
--------|----------------------------------------------------------------------------|-------|-------------|-------|-------|-------|-------|--------|-----------
GET      /                                                                                  1     0(0.00%) |     45      45      45     45 |    0.00        0.00
GET      /cart                                                                              2     0(0.00%) |     28       9      47      9 |    0.00        0.00
POST     /cart [add]                                                                        5     0(0.00%) |     25      16      32     30 |    0.00        0.00
GET      /product/[id]                                                                     10     0(0.00%) |     18      11      28     17 |    0.00        0.00
POST     /setCurrency                                                                       3     0(0.00%) |     20      17      23     23 |    0.00        0.00
--------|----------------------------------------------------------------------------|-------|-------------|-------|-------|-------|-------|--------|-----------
         Aggregated                                                                        21     0(0.00%) |     22       9      47     20 |    0.00        0.00

Type     Name                                                                          # reqs      # fails |    Avg     Min     Max    Med |   req/s  failures/s
--------|----------------------------------------------------------------------------|-------|-------------|-------|-------|-------|-------|--------|-----------
GET      /                                                                                  1     0(0.00%) |     45      45      45     45 |    0.50        0.00
GET      /cart                                                                              7     0(0.00%) |     14       6      47     11 |    1.00        0.00
POST     /cart [add]                                                                       13     0(0.00%) |     29      10     104     22 |    2.00        0.00
POST     /cart/checkout                                                                     3     0(0.00%) |     35      14      71     21 |    0.00        0.00
GET      /product/[id]                                                                     36     0(0.00%) |     18       6      62     13 |    3.50        0.00
POST     /setCurrency                                                                       8     0(0.00%) |     17      12      23     16 |    1.00        0.00
--------|----------------------------------------------------------------------------|-------|-------------|-------|-------|-------|-------|--------|-----------
         Aggregated                                                                        68     0(0.00%) |     21       6     104     16 |    8.00        0.00

Type     Name                                                                          # reqs      # fails |    Avg     Min     Max    Med |   req/s  failures/s
--------|----------------------------------------------------------------------------|-------|-------------|-------|-------|-------|-------|--------|-----------
GET      /                                                                                  1     0(0.00%) |     45      45      45     45 |    0.25        0.00
GET      /cart                                                                             17     0(0.00%) |     88       6     382     12 |    1.75        0.00
POST     /cart [add]                                                                       32     0(0.00%) |     63       9     254     30 |    2.75        0.00
POST     /cart/checkout                                                                     7     0(0.00%) |     55      11     114     71 |    0.50        0.00
GET      /product/[id]                                                                     64     0(0.00%) |     37       6     295     14 |    8.25        0.00
POST     /setCurrency                                                                      15     0(0.00%) |     35      12     260     16 |    2.00        0.00
--------|----------------------------------------------------------------------------|-------|-------------|-------|-------|-------|-------|--------|-----------
         Aggregated                                                                       136     0(0.00%) |     50       6     382     16 |   15.50        0.00

Type     Name                                                                          # reqs      # fails |    Avg     Min     Max    Med |   req/s  failures/s
--------|----------------------------------------------------------------------------|-------|-------------|-------|-------|-------|-------|--------|-----------
GET      /                                                                                  3     0(0.00%) |     43      16      67     46 |    0.17        0.00
GET      /cart                                                                             24     0(0.00%) |     84       6     382     21 |    2.33        0.00
POST     /cart [add]                                                                       50     0(0.00%) |     75       9     493     30 |    4.33        0.00
POST     /cart/checkout                                                                    10     0(0.00%) |     70      11     263     33 |    0.83        0.00
GET      /product/[id]                                                                    103     0(0.00%) |     60       6     458     16 |   10.50        0.00
POST     /setCurrency                                                                      20     0(0.00%) |     97      12     600     17 |    2.33        0.00
--------|----------------------------------------------------------------------------|-------|-------------|-------|-------|-------|-------|--------|-----------
         Aggregated                                                                       210     0(0.00%) |     70       6     600     21 |   20.50        0.00

Type     Name                                                                          # reqs      # fails |    Avg     Min     Max    Med |   req/s  failures/s
--------|----------------------------------------------------------------------------|-------|-------------|-------|-------|-------|-------|--------|-----------
GET      /                                                                                  7     0(0.00%) |    113      16     269     67 |    0.38        0.00
GET      /cart                                                                             36     0(0.00%) |     72       6     382     18 |    2.75        0.00
POST     /cart [add]                                                                       69     0(0.00%) |     86       7     493     31 |    5.88        0.00
POST     /cart/checkout                                                                    14     0(0.00%) |     63      11     263     32 |    1.12        0.00
GET      /product/[id]                                                                    153     0(0.00%) |     63       5     458     20 |   12.12        0.00
POST     /setCurrency                                                                      32     0(0.00%) |    106      11     600     23 |    2.38        0.00
--------|----------------------------------------------------------------------------|-------|-------------|-------|-------|-------|-------|--------|-----------
         Aggregated                                                                       311     0(0.00%) |     75       5     600     24 |   24.62        0.00

Type     Name                                                                          # reqs      # fails |    Avg     Min     Max    Med |   req/s  failures/s
--------|----------------------------------------------------------------------------|-------|-------------|-------|-------|-------|-------|--------|-----------
GET      /                                                                                 12     0(0.00%) |    155      16     405     67 |    0.60        0.00
GET      /cart                                                                             47     0(0.00%) |     75       6     382     22 |    3.30        0.00
POST     /cart [add]                                                                       96     0(0.00%) |     79       7     493     30 |    6.50        0.00
POST     /cart/checkout                                                                    22     0(0.00%) |     57       9     263     32 |    1.30        0.00
GET      /product/[id]                                                                    234     0(0.00%) |     61       4     458     20 |   14.40        0.00
POST     /setCurrency                                                                      45     0(0.00%) |     89      10     600     42 |    2.70        0.00
--------|----------------------------------------------------------------------------|-------|-------------|-------|-------|-------|-------|--------|-----------
         Aggregated                                                                       456     0(0.00%) |     71       4     600     24 |   28.80        0.00

Type     Name                                                                          # reqs      # fails |    Avg     Min     Max    Med |   req/s  failures/s
--------|----------------------------------------------------------------------------|-------|-------------|-------|-------|-------|-------|--------|-----------
GET      /                                                                                 21     0(0.00%) |    126      10     476     52 |    0.70        0.00
GET      /cart                                                                             67     0(0.00%) |     66       6     382     23 |    4.20        0.00
POST     /cart [add]                                                                      123     0(0.00%) |     82       7     493     29 |    8.60        0.00
POST     /cart/checkout                                                                    34     0(0.00%) |     63       8     315     22 |    1.90        0.00
GET      /product/[id]                                                                    325     0(0.00%) |     53       4     458     16 |   20.90        0.00
POST     /setCurrency                                                                      61     0(0.00%) |     88      10     600     42 |    4.00        0.00
--------|----------------------------------------------------------------------------|-------|-------------|-------|-------|-------|-------|--------|-----------
         Aggregated                                                                       631     0(0.00%) |     66       4     600     22 |   40.30        0.00

Type     Name                                                                          # reqs      # fails |    Avg     Min     Max    Med |   req/s  failures/s
--------|----------------------------------------------------------------------------|-------|-------------|-------|-------|-------|-------|--------|-----------
GET      /                                                                                 26     0(0.00%) |    111       8     476     46 |    1.80        0.00
GET      /cart                                                                            104     0(0.00%) |     52       4     382     22 |    5.60        0.00
POST     /cart [add]                                                                      159     0(0.00%) |     75       7     493     27 |   10.70        0.00
POST     /cart/checkout                                                                    50     0(0.00%) |     55       8     315     20 |    2.90        0.00
GET      /product/[id]                                                                    426     0(0.00%) |     46       4     458     14 |   26.80        0.00
POST     /setCurrency                                                                      80     0(0.00%) |     78       9     600     35 |    4.90        0.00
--------|----------------------------------------------------------------------------|-------|-------------|-------|-------|-------|-------|--------|-----------
         Aggregated                                                                       845     0(0.00%) |     58       4     600     20 |   52.70        0.00

Type     Name                                                                          # reqs      # fails |    Avg     Min     Max    Med |   req/s  failures/s
--------|----------------------------------------------------------------------------|-------|-------------|-------|-------|-------|-------|--------|-----------
GET      /                                                                                 35     0(0.00%) |     98       8     476     52 |    2.50        0.00
GET      /cart                                                                            138     0(0.00%) |     50       4     382     26 |    8.20        0.00
POST     /cart [add]                                                                      194     0(0.00%) |     71       7     493     27 |   12.90        0.00
POST     /cart/checkout                                                                    60     0(0.00%) |     55       8     315     21 |    4.40        0.00
GET      /product/[id]                                                                    529     0(0.00%) |     45       4     458     17 |   33.30        0.00
POST     /setCurrency                                                                     100     0(0.00%) |     71       9     600     29 |    6.10        0.00
--------|----------------------------------------------------------------------------|-------|-------------|-------|-------|-------|-------|--------|-----------
         Aggregated                                                                      1056     0(0.00%) |     55       4     600     23 |   67.40        0.00

Type     Name                                                                          # reqs      # fails |    Avg     Min     Max    Med |   req/s  failures/s
--------|----------------------------------------------------------------------------|-------|-------------|-------|-------|-------|-------|--------|-----------
GET      /                                                                                 43     0(0.00%) |     95       8     476     52 |    2.90        0.00
GET      /cart                                                                            172     0(0.00%) |     57       4     382     31 |   11.00        0.00
POST     /cart [add]                                                                      237     0(0.00%) |     79       7     493     40 |   14.10        0.00
POST     /cart/checkout                                                                    77     0(0.00%) |     59       8     315     23 |    4.90        0.00
GET      /product/[id]                                                                    623     0(0.00%) |     49       4     458     22 |   41.30        0.00
POST     /setCurrency                                                                     128     0(0.00%) |     80       9     600     42 |    7.60        0.00
--------|----------------------------------------------------------------------------|-------|-------------|-------|-------|-------|-------|--------|-----------
         Aggregated                                                                      1280     0(0.00%) |     61       4     600     28 |   81.80        0.00

Type     Name                                                                          # reqs      # fails |    Avg     Min     Max    Med |   req/s  failures/s
--------|----------------------------------------------------------------------------|-------|-------------|-------|-------|-------|-------|--------|-----------
GET      /                                                                                 48     0(0.00%) |     94       8     476     52 |    3.40        0.00
GET      /cart                                                                            207     0(0.00%) |     57       4     382     35 |   13.50        0.00
POST     /cart [add]                                                                      278     0(0.00%) |     80       6     493     42 |   16.10        0.00
POST     /cart/checkout                                                                    90     0(0.00%) |     58       8     315     22 |    5.90        0.00
GET      /product/[id]                                                                    754     0(0.00%) |     52       4     458     27 |   45.90        0.00
POST     /setCurrency                                                                     152     0(0.00%) |     81       9     600     44 |    9.10        0.00
--------|----------------------------------------------------------------------------|-------|-------------|-------|-------|-------|-------|--------|-----------
         Aggregated                                                                      1529     0(0.00%) |     62       4     600     34 |   93.90        0.00

Type     Name                                                                          # reqs      # fails |    Avg     Min     Max    Med |   req/s  failures/s
--------|----------------------------------------------------------------------------|-------|-------------|-------|-------|-------|-------|--------|-----------
GET      /                                                                                 55     0(0.00%) |     96       8     476     67 |    3.90        0.00
GET      /cart                                                                            236     0(0.00%) |     60       4     382     41 |   15.90        0.00
POST     /cart [add]                                                                      323     0(0.00%) |     86       6     493     57 |   17.90        0.00
POST     /cart/checkout                                                                   105     0(0.00%) |     73       8     402     50 |    7.00        0.00
GET      /product/[id]                                                                    872     0(0.00%) |     59       4     458     37 |   50.70        0.00
POST     /setCurrency                                                                     181     0(0.00%) |     94       9     600     55 |   10.00        0.00
--------|----------------------------------------------------------------------------|-------|-------------|-------|-------|-------|-------|--------|-----------
         Aggregated                                                                      1772     0(0.00%) |     70       4     600     44 |  105.40        0.00

Type     Name                                                                          # reqs      # fails |    Avg     Min     Max    Med |   req/s  failures/s
--------|----------------------------------------------------------------------------|-------|-------------|-------|-------|-------|-------|--------|-----------
GET      /                                                                                 62     0(0.00%) |     92       8     476     64 |    3.60        0.00
GET      /cart                                                                            279     0(0.00%) |     65       4     382     47 |   16.20        0.00
POST     /cart [add]                                                                      375     0(0.00%) |     90       6     493     71 |   19.30        0.00
POST     /cart/checkout                                                                   130     0(0.00%) |     81       8     402     85 |    7.10        0.00
GET      /product/[id]                                                                    990     0(0.00%) |     64       4     458     44 |   54.80        0.00
POST     /setCurrency                                                                     212     0(0.00%) |     89       9     600     56 |   11.80        0.00
--------|----------------------------------------------------------------------------|-------|-------------|-------|-------|-------|-------|--------|-----------
         Aggregated                                                                      2048     0(0.00%) |     73       4     600     52 |  112.80        0.00

Type     Name                                                                          # reqs      # fails |    Avg     Min     Max    Med |   req/s  failures/s
--------|----------------------------------------------------------------------------|-------|-------------|-------|-------|-------|-------|--------|-----------
GET      /                                                                                 76     0(0.00%) |     89       8     476     57 |    3.30        0.00
GET      /cart                                                                            305     0(0.00%) |     65       4     382     49 |   17.00        0.00
POST     /cart [add]                                                                      429     0(0.00%) |     93       6     493     82 |   20.30        0.00
POST     /cart/checkout                                                                   157     0(0.00%) |     84       8     402     91 |    7.80        0.00
GET      /product/[id]                                                                   1129     0(0.00%) |     65       4     458     51 |   56.80        0.00
POST     /setCurrency                                                                     236     0(0.00%) |     87       9     600     57 |   13.20        0.00
--------|----------------------------------------------------------------------------|-------|-------------|-------|-------|-------|-------|--------|-----------
         Aggregated                                                                      2332     0(0.00%) |     75       4     600     59 |  118.40        0.00

Type     Name                                                                          # reqs      # fails |    Avg     Min     Max    Med |   req/s  failures/s
--------|----------------------------------------------------------------------------|-------|-------------|-------|-------|-------|-------|--------|-----------
GET      /                                                                                 86     0(0.00%) |     87       7     476     57 |    2.88        0.00
GET      /cart                                                                            336     0(0.00%) |     65       4     382     51 |   11.26        0.00
POST     /cart [add]                                                                      477     0(0.00%) |     93       6     493     84 |   15.99        0.00
POST     /cart/checkout                                                                   176     0(0.00%) |     86       8     402     91 |    5.90        0.00
GET      /product/[id]                                                                   1254     0(0.00%) |     67       4     458     55 |   42.03        0.00
POST     /setCurrency                                                                     258     0(0.00%) |     84       9     600     56 |    8.65        0.00
--------|----------------------------------------------------------------------------|-------|-------------|-------|-------|-------|-------|--------|-----------
         Aggregated                                                                      2587     0(0.00%) |     75       4     600     60 |   86.71        0.00

Response time percentiles (approximated)
Type     Name                                                                                  50%    66%    75%    80%    90%    95%    98%    99%  99.9% 99.99%   100% # reqs
--------|--------------------------------------------------------------------------------|--------|------|------|------|------|------|------|------|------|------|------|------
GET      /                                                                                      57     87    120    140    210    270    410    480    480    480    480     86
GET      /cart                                                                                  52     76     90     99    140    170    230    280    380    380    380    336
POST     /cart [add]                                                                            84    120    140    150    180    220    270    370    490    490    490    477
POST     /cart/checkout                                                                         91     99    100    100    180    200    320    400    400    400    400    176
GET      /product/[id]                                                                          55     85    100    110    150    180    230    270    440    460    460   1254
POST     /setCurrency                                                                           56     88    130    150    200    250    270    420    600    600    600    258
--------|--------------------------------------------------------------------------------|--------|------|------|------|------|------|------|------|------|------|------|------
         Aggregated                                                                             60     91    110    120    170    200    260    320    490    600    600   2587

