/Users/edias/Library/Python/3.9/lib/python/site-packages/urllib3/__init__.py:35: NotOpenSSLWarning: urllib3 v2 only supports OpenSSL 1.1.1+, currently the 'ssl' module is compiled with 'LibreSSL 2.8.3'. See: https://github.com/urllib3/urllib3/issues/3020
  warnings.warn(
[2026-05-21 10:14:46,024] MacBook-Air-de-Eduardo/WARNING/locust.main: Python 3.9 support is deprecated and will be removed soon
Type     Name                                                                          # reqs      # fails |    Avg     Min     Max    Med |   req/s  failures/s
--------|----------------------------------------------------------------------------|-------|-------------|-------|-------|-------|-------|--------|-----------
--------|----------------------------------------------------------------------------|-------|-------------|-------|-------|-------|-------|--------|-----------
         Aggregated                                                                         0     0(0.00%) |      0       0       0      0 |    0.00        0.00

Type     Name                                                                          # reqs      # fails |    Avg     Min     Max    Med |   req/s  failures/s
--------|----------------------------------------------------------------------------|-------|-------------|-------|-------|-------|-------|--------|-----------
GET      /                                                                                  1     0(0.00%) |     30      30      30     30 |    0.00        0.00
GET      /cart                                                                              2     0(0.00%) |     21      18      23     19 |    0.00        0.00
POST     /cart [add]                                                                        7     0(0.00%) |     30      23      46     26 |    0.00        0.00
POST     /cart/checkout                                                                     5     0(0.00%) |     30      23      43     27 |    0.00        0.00
GET      /product/[id]                                                                      8     0(0.00%) |     22      13      32     22 |    0.00        0.00
POST     /setCurrency                                                                       3     0(0.00%) |     41      25      54     43 |    0.00        0.00
--------|----------------------------------------------------------------------------|-------|-------------|-------|-------|-------|-------|--------|-----------
         Aggregated                                                                        26     0(0.00%) |     28      13      54     25 |    0.00        0.00

Type     Name                                                                          # reqs      # fails |    Avg     Min     Max    Med |   req/s  failures/s
--------|----------------------------------------------------------------------------|-------|-------------|-------|-------|-------|-------|--------|-----------
GET      /                                                                                  1     0(0.00%) |     30      30      30     30 |    0.50        0.00
GET      /cart                                                                              9     0(0.00%) |     18      11      24     19 |    1.00        0.00
POST     /cart [add]                                                                       15     0(0.00%) |     26      17      46     25 |    3.50        0.00
POST     /cart/checkout                                                                     9     0(0.00%) |     27      19      43     26 |    2.50        0.00
GET      /product/[id]                                                                     37     0(0.00%) |     18      12      32     16 |    4.00        0.00
POST     /setCurrency                                                                       5     0(0.00%) |     37      25      54     35 |    1.50        0.00
--------|----------------------------------------------------------------------------|-------|-------------|-------|-------|-------|-------|--------|-----------
         Aggregated                                                                        76     0(0.00%) |     22      11      54     21 |   13.00        0.00

Type     Name                                                                          # reqs      # fails |    Avg     Min     Max    Med |   req/s  failures/s
--------|----------------------------------------------------------------------------|-------|-------------|-------|-------|-------|-------|--------|-----------
GET      /                                                                                  5     0(0.00%) |     21      17      30     19 |    0.33        0.00
GET      /cart                                                                             24     0(0.00%) |     17      11      24     17 |    1.67        0.00
POST     /cart [add]                                                                       28     0(0.00%) |     25      16      46     24 |    4.00        0.00
POST     /cart/checkout                                                                    16     0(0.00%) |     27      18      47     25 |    3.00        0.00
GET      /product/[id]                                                                     72     0(0.00%) |     17      12      32     16 |    7.00        0.00
POST     /setCurrency                                                                      14     0(0.00%) |     29      18      54     26 |    1.00        0.00
--------|----------------------------------------------------------------------------|-------|-------------|-------|-------|-------|-------|--------|-----------
         Aggregated                                                                       159     0(0.00%) |     20      11      54     19 |   17.00        0.00

Type     Name                                                                          # reqs      # fails |    Avg     Min     Max    Med |   req/s  failures/s
--------|----------------------------------------------------------------------------|-------|-------------|-------|-------|-------|-------|--------|-----------
GET      /                                                                                  8     0(0.00%) |     21      17      30     20 |    0.83        0.00
GET      /cart                                                                             38     0(0.00%) |     16      11      24     15 |    4.00        0.00
POST     /cart [add]                                                                       46     0(0.00%) |     24      16      46     23 |    4.67        0.00
POST     /cart/checkout                                                                    25     0(0.00%) |     25      18      47     24 |    2.67        0.00
GET      /product/[id]                                                                    130     0(0.00%) |     16      12      32     16 |   12.00        0.00
POST     /setCurrency                                                                      24     0(0.00%) |     27      18      54     25 |    2.33        0.00
--------|----------------------------------------------------------------------------|-------|-------------|-------|-------|-------|-------|--------|-----------
         Aggregated                                                                       271     0(0.00%) |     20      11      54     19 |   26.50        0.00

Type     Name                                                                          # reqs      # fails |    Avg     Min     Max    Med |   req/s  failures/s
--------|----------------------------------------------------------------------------|-------|-------------|-------|-------|-------|-------|--------|-----------
GET      /                                                                                 11     0(0.00%) |     20      16      30     20 |    0.86        0.00
GET      /cart                                                                             58     0(0.00%) |     16      11      25     15 |    4.14        0.00
POST     /cart [add]                                                                       67     0(0.00%) |     24      16      47     23 |    4.86        0.00
POST     /cart/checkout                                                                    33     0(0.00%) |     25      18      47     24 |    3.00        0.00
GET      /product/[id]                                                                    190     0(0.00%) |     16      11      32     16 |   14.43        0.00
POST     /setCurrency                                                                      40     0(0.00%) |     26      18      54     24 |    2.71        0.00
--------|----------------------------------------------------------------------------|-------|-------------|-------|-------|-------|-------|--------|-----------
         Aggregated                                                                       399     0(0.00%) |     19      11      54     18 |   30.00        0.00

Type     Name                                                                          # reqs      # fails |    Avg     Min     Max    Med |   req/s  failures/s
--------|----------------------------------------------------------------------------|-------|-------------|-------|-------|-------|-------|--------|-----------
GET      /                                                                                 16     0(0.00%) |     35      16     202     20 |    1.10        0.00
GET      /cart                                                                             81     0(0.00%) |     16      11      33     15 |    5.80        0.00
POST     /cart [add]                                                                      105     0(0.00%) |     27      15     274     23 |    6.70        0.00
POST     /cart/checkout                                                                    48     0(0.00%) |     33      18     266     24 |    3.30        0.00
GET      /product/[id]                                                                    266     0(0.00%) |     17      11     177     15 |   19.00        0.00
POST     /setCurrency                                                                      51     0(0.00%) |     27      18      60     24 |    4.00        0.00
--------|----------------------------------------------------------------------------|-------|-------------|-------|-------|-------|-------|--------|-----------
         Aggregated                                                                       567     0(0.00%) |     22      11     274     18 |   39.90        0.00

Type     Name                                                                          # reqs      # fails |    Avg     Min     Max    Med |   req/s  failures/s
--------|----------------------------------------------------------------------------|-------|-------------|-------|-------|-------|-------|--------|-----------
GET      /                                                                                 21     0(0.00%) |     31      16     202     20 |    1.50        0.00
GET      /cart                                                                            112     0(0.00%) |     18      11     169     15 |    7.80        0.00
POST     /cart [add]                                                                      132     0(0.00%) |     31      15     293     23 |    9.70        0.00
POST     /cart/checkout                                                                    62     0(0.00%) |     36      18     356     24 |    4.30        0.00
GET      /product/[id]                                                                    345     0(0.00%) |     18      11     338     15 |   25.70        0.00
POST     /setCurrency                                                                      71     0(0.00%) |     31      18     213     24 |    4.80        0.00
--------|----------------------------------------------------------------------------|-------|-------------|-------|-------|-------|-------|--------|-----------
         Aggregated                                                                       743     0(0.00%) |     24      11     356     18 |   53.80        0.00

Type     Name                                                                          # reqs      # fails |    Avg     Min     Max    Med |   req/s  failures/s
--------|----------------------------------------------------------------------------|-------|-------------|-------|-------|-------|-------|--------|-----------
GET      /                                                                                 30     0(0.00%) |     40      16     202     23 |    2.00        0.00
GET      /cart                                                                            147     0(0.00%) |     21      11     169     16 |   10.20        0.00
POST     /cart [add]                                                                      165     0(0.00%) |     36      15     454     24 |   11.60        0.00
POST     /cart/checkout                                                                    73     0(0.00%) |     40      18     356     25 |    5.10        0.00
GET      /product/[id]                                                                    447     0(0.00%) |     20      11     338     16 |   30.50        0.00
POST     /setCurrency                                                                      89     0(0.00%) |     43      18     437     26 |    6.70        0.00
--------|----------------------------------------------------------------------------|-------|-------------|-------|-------|-------|-------|--------|-----------
         Aggregated                                                                       951     0(0.00%) |     27      11     454     19 |   66.10        0.00

Type     Name                                                                          # reqs      # fails |    Avg     Min     Max    Med |   req/s  failures/s
--------|----------------------------------------------------------------------------|-------|-------------|-------|-------|-------|-------|--------|-----------
GET      /                                                                                 38     0(0.00%) |     43      16     202     23 |    2.50        0.00
GET      /cart                                                                            184     0(0.00%) |     22      11     169     17 |   12.10        0.00
POST     /cart [add]                                                                      199     0(0.00%) |     37      15     454     24 |   13.30        0.00
POST     /cart/checkout                                                                    82     0(0.00%) |     40      18     356     26 |    5.70        0.00
GET      /product/[id]                                                                    565     0(0.00%) |     22      11     338     16 |   37.40        0.00
POST     /setCurrency                                                                     114     0(0.00%) |     40      18     437     25 |    7.40        0.00
--------|----------------------------------------------------------------------------|-------|-------------|-------|-------|-------|-------|--------|-----------
         Aggregated                                                                      1182     0(0.00%) |     28      11     454     19 |   78.40        0.00

Type     Name                                                                          # reqs      # fails |    Avg     Min     Max    Med |   req/s  failures/s
--------|----------------------------------------------------------------------------|-------|-------------|-------|-------|-------|-------|--------|-----------
GET      /                                                                                 40     0(0.00%) |     43      16     202     24 |    3.00        0.00
GET      /cart                                                                            212     0(0.00%) |     25      11     169     17 |   14.40        0.00
POST     /cart [add]                                                                      249     0(0.00%) |     40      15     454     25 |   15.40        0.00
POST     /cart/checkout                                                                    99     0(0.00%) |     43      18     356     27 |    5.70        0.00
GET      /product/[id]                                                                    695     0(0.00%) |     24      11     338     17 |   43.10        0.00
POST     /setCurrency                                                                     134     0(0.00%) |     44      18     437     26 |    8.90        0.00
--------|----------------------------------------------------------------------------|-------|-------------|-------|-------|-------|-------|--------|-----------
         Aggregated                                                                      1429     0(0.00%) |     31      11     454     20 |   90.50        0.00

Type     Name                                                                          # reqs      # fails |    Avg     Min     Max    Med |   req/s  failures/s
--------|----------------------------------------------------------------------------|-------|-------------|-------|-------|-------|-------|--------|-----------
GET      /                                                                                 47     0(0.00%) |     47      16     202     25 |    2.90        0.00
GET      /cart                                                                            245     0(0.00%) |     32      11     186     18 |   15.20        0.00
POST     /cart [add]                                                                      291     0(0.00%) |     48      15     454     26 |   17.90        0.00
POST     /cart/checkout                                                                   113     0(0.00%) |     47      18     356     28 |    6.50        0.00
GET      /product/[id]                                                                    821     0(0.00%) |     29      11     338     18 |   50.00        0.00
POST     /setCurrency                                                                     162     0(0.00%) |     53      18     437     28 |    9.30        0.00
--------|----------------------------------------------------------------------------|-------|-------------|-------|-------|-------|-------|--------|-----------
         Aggregated                                                                      1679     0(0.00%) |     37      11     454     22 |  101.80        0.00

Type     Name                                                                          # reqs      # fails |    Avg     Min     Max    Med |   req/s  failures/s
--------|----------------------------------------------------------------------------|-------|-------------|-------|-------|-------|-------|--------|-----------
GET      /                                                                                 54     0(0.00%) |     48      16     202     27 |    3.00        0.00
GET      /cart                                                                            279     0(0.00%) |     35      11     186     19 |   16.30        0.00
POST     /cart [add]                                                                      334     0(0.00%) |     49      15     454     27 |   18.50        0.00
POST     /cart/checkout                                                                   131     0(0.00%) |     50      18     356     30 |    6.50        0.00
GET      /product/[id]                                                                    989     0(0.00%) |     32      11     338     18 |   55.10        0.00
POST     /setCurrency                                                                     188     0(0.00%) |     56      18     437     30 |   10.90        0.00
--------|----------------------------------------------------------------------------|-------|-------------|-------|-------|-------|-------|--------|-----------
         Aggregated                                                                      1975     0(0.00%) |     39      11     454     23 |  110.30        0.00

Type     Name                                                                          # reqs      # fails |    Avg     Min     Max    Med |   req/s  failures/s
--------|----------------------------------------------------------------------------|-------|-------------|-------|-------|-------|-------|--------|-----------
GET      /                                                                                 62     0(0.00%) |     57      16     234     36 |    3.30        0.00
GET      /cart                                                                            310     0(0.00%) |     40      11     186     21 |   16.60        0.00
POST     /cart [add]                                                                      375     0(0.00%) |     56      15     454     30 |   20.20        0.00
POST     /cart/checkout                                                                   146     0(0.00%) |     56      18     356     34 |    7.10        0.00
GET      /product/[id]                                                                   1151     0(0.00%) |     38      11     338     20 |   64.40        0.00
POST     /setCurrency                                                                     205     0(0.00%) |     60      18     437     33 |   11.60        0.00
--------|----------------------------------------------------------------------------|-------|-------------|-------|-------|-------|-------|--------|-----------
         Aggregated                                                                      2249     0(0.00%) |     45      11     454     25 |  123.20        0.00

Type     Name                                                                          # reqs      # fails |    Avg     Min     Max    Med |   req/s  failures/s
--------|----------------------------------------------------------------------------|-------|-------------|-------|-------|-------|-------|--------|-----------
GET      /                                                                                 70     0(0.00%) |     61      16     234     42 |    3.20        0.00
GET      /cart                                                                            354     0(0.00%) |     45      11     206     24 |   16.40        0.00
POST     /cart [add]                                                                      418     0(0.00%) |     61      15     454     33 |   21.40        0.00
POST     /cart/checkout                                                                   159     0(0.00%) |     59      18     356     39 |    7.20        0.00
GET      /product/[id]                                                                   1287     0(0.00%) |     43      11     338     24 |   70.10        0.00
POST     /setCurrency                                                                     237     0(0.00%) |     70      18     437     39 |   11.60        0.00
--------|----------------------------------------------------------------------------|-------|-------------|-------|-------|-------|-------|--------|-----------
         Aggregated                                                                      2525     0(0.00%) |     50      11     454     29 |  129.90        0.00

Type     Name                                                                          # reqs      # fails |    Avg     Min     Max    Med |   req/s  failures/s
--------|----------------------------------------------------------------------------|-------|-------------|-------|-------|-------|-------|--------|-----------
GET      /                                                                                 82     0(0.00%) |     82      16     742     54 |    3.30        0.00
GET      /cart                                                                            405     0(0.00%) |     55      11     829     29 |   17.00        0.00
POST     /cart [add]                                                                      461     0(0.00%) |     69      15    1105     40 |   21.70        0.00
POST     /cart/checkout                                                                   182     0(0.00%) |     71      18     936     44 |    7.70        0.00
GET      /product/[id]                                                                   1433     0(0.00%) |     52      11    1038     29 |   72.20        0.00
POST     /setCurrency                                                                     262     0(0.00%) |     80      18     591     47 |   12.20        0.00
--------|----------------------------------------------------------------------------|-------|-------------|-------|-------|-------|-------|--------|-----------
         Aggregated                                                                      2825     0(0.00%) |     60      11    1105     34 |  134.10        0.00

Type     Name                                                                          # reqs      # fails |    Avg     Min     Max    Med |   req/s  failures/s
--------|----------------------------------------------------------------------------|-------|-------------|-------|-------|-------|-------|--------|-----------
GET      /                                                                                 94     0(0.00%) |     93      16     742     64 |    4.20        0.00
GET      /cart                                                                            456     0(0.00%) |     62      11     829     38 |   19.30        0.00
POST     /cart [add]                                                                      506     0(0.00%) |     77      15    1105     45 |   21.20        0.00
POST     /cart/checkout                                                                   196     0(0.00%) |     75      18     936     48 |    8.40        0.00
GET      /product/[id]                                                                   1601     0(0.00%) |     57      11    1038     35 |   73.80        0.00
POST     /setCurrency                                                                     288     0(0.00%) |     87      18     591     58 |   12.80        0.00
--------|----------------------------------------------------------------------------|-------|-------------|-------|-------|-------|-------|--------|-----------
         Aggregated                                                                      3141     0(0.00%) |     66      11    1105     40 |  139.70        0.00

Type     Name                                                                          # reqs      # fails |    Avg     Min     Max    Med |   req/s  failures/s
--------|----------------------------------------------------------------------------|-------|-------------|-------|-------|-------|-------|--------|-----------
GET      /                                                                                104     0(0.00%) |    103      16     742     74 |    4.70        0.00
GET      /cart                                                                            498     0(0.00%) |     67      11     829     46 |   20.90        0.00
POST     /cart [add]                                                                      555     0(0.00%) |     85      15    1105     56 |   21.50        0.00
POST     /cart/checkout                                                                   210     0(0.00%) |     80      18     936     55 |    8.30        0.00
GET      /product/[id]                                                                   1766     0(0.00%) |     63      11    1038     42 |   77.70        0.00
POST     /setCurrency                                                                     317     0(0.00%) |     96      18     591     67 |   12.60        0.00
--------|----------------------------------------------------------------------------|-------|-------------|-------|-------|-------|-------|--------|-----------
         Aggregated                                                                      3450     0(0.00%) |     72      11    1105     48 |  145.70        0.00

Type     Name                                                                          # reqs      # fails |    Avg     Min     Max    Med |   req/s  failures/s
--------|----------------------------------------------------------------------------|-------|-------------|-------|-------|-------|-------|--------|-----------
GET      /                                                                                116     0(0.00%) |    121      16     742     86 |    4.90        0.00
GET      /cart                                                                            535     0(0.00%) |     74      11     829     53 |   21.90        0.00
POST     /cart [add]                                                                      595     0(0.00%) |     95      15    1105     66 |   22.20        0.00
POST     /cart/checkout                                                                   229     0(0.00%) |     92      18     936     71 |    7.90        0.00
GET      /product/[id]                                                                   1913     0(0.00%) |     69      11    1038     49 |   77.40        0.00
POST     /setCurrency                                                                     352     0(0.00%) |    118      18     612     88 |   12.90        0.00
--------|----------------------------------------------------------------------------|-------|-------------|-------|-------|-------|-------|--------|-----------
         Aggregated                                                                      3740     0(0.00%) |     82      11    1105     55 |  147.20        0.00

Type     Name                                                                          # reqs      # fails |    Avg     Min     Max    Med |   req/s  failures/s
--------|----------------------------------------------------------------------------|-------|-------------|-------|-------|-------|-------|--------|-----------
GET      /                                                                                128     0(0.00%) |    128      16     742     94 |    5.40        0.00
GET      /cart                                                                            580     0(0.00%) |     79      11     829     58 |   22.50        0.00
POST     /cart [add]                                                                      653     0(0.00%) |    106      15    1105     79 |   21.90        0.00
POST     /cart/checkout                                                                   248     0(0.00%) |     98      18     936     82 |    8.10        0.00
GET      /product/[id]                                                                   2068     0(0.00%) |     74      11    1038     53 |   76.00        0.00
POST     /setCurrency                                                                     379     0(0.00%) |    127      18     711     97 |   14.50        0.00
--------|----------------------------------------------------------------------------|-------|-------------|-------|-------|-------|-------|--------|-----------
         Aggregated                                                                      4056     0(0.00%) |     88      11    1105     62 |  148.40        0.00

Type     Name                                                                          # reqs      # fails |    Avg     Min     Max    Med |   req/s  failures/s
--------|----------------------------------------------------------------------------|-------|-------------|-------|-------|-------|-------|--------|-----------
GET      /                                                                                138     0(0.00%) |    140      16     742    100 |    5.80        0.00
GET      /cart                                                                            618     0(0.00%) |     88      11    1161     64 |   22.80        0.00
POST     /cart [add]                                                                      707     0(0.00%) |    126      15    1433     90 |   23.30        0.00
POST     /cart/checkout                                                                   268     0(0.00%) |    107      18     936     87 |    8.90        0.00
GET      /product/[id]                                                                   2192     0(0.00%) |     82      11    1293     58 |   78.40        0.00
POST     /setCurrency                                                                     410     0(0.00%) |    143      18     711    110 |   14.20        0.00
--------|----------------------------------------------------------------------------|-------|-------------|-------|-------|-------|-------|--------|-----------
         Aggregated                                                                      4333     0(0.00%) |     99      11    1433     69 |  153.40        0.00

Type     Name                                                                          # reqs      # fails |    Avg     Min     Max    Med |   req/s  failures/s
--------|----------------------------------------------------------------------------|-------|-------------|-------|-------|-------|-------|--------|-----------
GET      /                                                                                156     0(0.00%) |    155      16     742    120 |    5.50        0.00
GET      /cart                                                                            660     0(0.00%) |     95      11    1161     71 |   21.50        0.00
POST     /cart [add]                                                                      768     0(0.00%) |    134      15    1433    100 |   24.30        0.00
POST     /cart/checkout                                                                   290     0(0.00%) |    120      18    1161     95 |    8.50        0.00
GET      /product/[id]                                                                   2356     0(0.00%) |     87      11    1293     65 |   75.80        0.00
POST     /setCurrency                                                                     447     0(0.00%) |    163      18    1206    130 |   14.70        0.00
--------|----------------------------------------------------------------------------|-------|-------------|-------|-------|-------|-------|--------|-----------
         Aggregated                                                                      4677     0(0.00%) |    107      11    1433     77 |  150.30        0.00

Type     Name                                                                          # reqs      # fails |    Avg     Min     Max    Med |   req/s  failures/s
--------|----------------------------------------------------------------------------|-------|-------------|-------|-------|-------|-------|--------|-----------
GET      /                                                                                165     0(0.00%) |    156      16     742    130 |    6.10        0.00
GET      /cart                                                                            696     0(0.00%) |    101      11    1161     74 |   20.70        0.00
POST     /cart [add]                                                                      833     0(0.00%) |    141      15    1433    110 |   26.20        0.00
POST     /cart/checkout                                                                   313     0(0.00%) |    130      18    1161    100 |    9.30        0.00
GET      /product/[id]                                                                   2549     0(0.00%) |     94      11    1293     73 |   75.60        0.00
POST     /setCurrency                                                                     470     0(0.00%) |    165      18    1206    130 |   15.80        0.00
--------|----------------------------------------------------------------------------|-------|-------------|-------|-------|-------|-------|--------|-----------
         Aggregated                                                                      5026     0(0.00%) |    113      11    1433     85 |  153.70        0.00

Type     Name                                                                          # reqs      # fails |    Avg     Min     Max    Med |   req/s  failures/s
--------|----------------------------------------------------------------------------|-------|-------------|-------|-------|-------|-------|--------|-----------
GET      /                                                                                173     0(0.00%) |    165      16     742    130 |    6.20        0.00
GET      /cart                                                                            745     0(0.00%) |    107      11    1161     81 |   19.90        0.00
POST     /cart [add]                                                                      888     0(0.00%) |    157      15    1899    110 |   27.80        0.00
POST     /cart/checkout                                                                   334     0(0.00%) |    143      18    1161    100 |   10.00        0.00
GET      /product/[id]                                                                   2705     0(0.00%) |    100      11    1293     80 |   77.30        0.00
POST     /setCurrency                                                                     503     0(0.00%) |    174      18    1206    140 |   15.40        0.00
--------|----------------------------------------------------------------------------|-------|-------------|-------|-------|-------|-------|--------|-----------
         Aggregated                                                                      5348     0(0.00%) |    122      11    1899     92 |  156.60        0.00

Type     Name                                                                          # reqs      # fails |    Avg     Min     Max    Med |   req/s  failures/s
--------|----------------------------------------------------------------------------|-------|-------------|-------|-------|-------|-------|--------|-----------
GET      /                                                                                179     0(0.00%) |    168      16     742    140 |    5.70        0.00
GET      /cart                                                                            784     0(0.00%) |    114      11    1161     86 |   21.00        0.00
POST     /cart [add]                                                                      961     0(0.00%) |    169      15    1899    130 |   29.30        0.00
POST     /cart/checkout                                                                   357     0(0.00%) |    152      18    1161    110 |   10.80        0.00
GET      /product/[id]                                                                   2885     0(0.00%) |    106      11    1293     85 |   79.20        0.00
POST     /setCurrency                                                                     541     0(0.00%) |    186      18    1206    150 |   15.30        0.00
--------|----------------------------------------------------------------------------|-------|-------------|-------|-------|-------|-------|--------|-----------
         Aggregated                                                                      5707     0(0.00%) |    130      11    1899     99 |  161.30        0.00

Type     Name                                                                          # reqs      # fails |    Avg     Min     Max    Med |   req/s  failures/s
--------|----------------------------------------------------------------------------|-------|-------------|-------|-------|-------|-------|--------|-----------
GET      /                                                                                193     0(0.00%) |    180      16     870    160 |    4.90        0.00
GET      /cart                                                                            824     0(0.00%) |    120      11    1161     91 |   20.10        0.00
POST     /cart [add]                                                                     1002     0(0.00%) |    178      15    1899    140 |   30.40        0.00
POST     /cart/checkout                                                                   375     0(0.00%) |    162      18    1161    110 |   10.80        0.00
GET      /product/[id]                                                                   3068     0(0.00%) |    116      11    1293     92 |   81.40        0.00
POST     /setCurrency                                                                     573     0(0.00%) |    196      18    1339    170 |   16.20        0.00
--------|----------------------------------------------------------------------------|-------|-------------|-------|-------|-------|-------|--------|-----------
         Aggregated                                                                      6035     0(0.00%) |    139      11    1899    100 |  163.80        0.00

Type     Name                                                                          # reqs      # fails |    Avg     Min     Max    Med |   req/s  failures/s
--------|----------------------------------------------------------------------------|-------|-------------|-------|-------|-------|-------|--------|-----------
GET      /                                                                                204     0(0.00%) |    188      16     870    170 |    5.50        0.00
GET      /cart                                                                            867     0(0.00%) |    126      11    1161     98 |   20.40        0.00
POST     /cart [add]                                                                     1063     0(0.00%) |    186      15    1899    150 |   29.80        0.00
POST     /cart/checkout                                                                   394     0(0.00%) |    169      18    1161    120 |   10.80        0.00
GET      /product/[id]                                                                   3265     0(0.00%) |    122      11    1293     99 |   87.60        0.00
POST     /setCurrency                                                                     615     0(0.00%) |    208      18    1339    180 |   16.20        0.00
--------|----------------------------------------------------------------------------|-------|-------------|-------|-------|-------|-------|--------|-----------
         Aggregated                                                                      6408     0(0.00%) |    146      11    1899    110 |  170.30        0.00

Type     Name                                                                          # reqs      # fails |    Avg     Min     Max    Med |   req/s  failures/s
--------|----------------------------------------------------------------------------|-------|-------------|-------|-------|-------|-------|--------|-----------
GET      /                                                                                215     0(0.00%) |    191      16     870    180 |    5.00        0.00
GET      /cart                                                                            916     0(0.00%) |    130      11    1161    100 |   20.70        0.00
POST     /cart [add]                                                                     1133     0(0.00%) |    192      15    1899    160 |   29.50        0.00
POST     /cart/checkout                                                                   423     0(0.00%) |    176      18    1161    140 |   10.40        0.00
GET      /product/[id]                                                                   3481     0(0.00%) |    126      11    1293    110 |   90.60        0.00
POST     /setCurrency                                                                     649     0(0.00%) |    212      18    1339    190 |   16.70        0.00
--------|----------------------------------------------------------------------------|-------|-------------|-------|-------|-------|-------|--------|-----------
         Aggregated                                                                      6817     0(0.00%) |    151      11    1899    120 |  172.90        0.00

Type     Name                                                                          # reqs      # fails |    Avg     Min     Max    Med |   req/s  failures/s
--------|----------------------------------------------------------------------------|-------|-------------|-------|-------|-------|-------|--------|-----------
GET      /                                                                                226     0(0.00%) |    202      16     870    190 |    5.00        0.00
GET      /cart                                                                            960     0(0.00%) |    136      11    1161    110 |   21.60        0.00
POST     /cart [add]                                                                     1194     0(0.00%) |    201      15    1899    170 |   29.80        0.00
POST     /cart/checkout                                                                   440     0(0.00%) |    181      18    1161    150 |   11.30        0.00
GET      /product/[id]                                                                   3672     0(0.00%) |    132      11    1293    110 |   93.60        0.00
POST     /setCurrency                                                                     682     0(0.00%) |    221      18    1339    200 |   17.80        0.00
--------|----------------------------------------------------------------------------|-------|-------------|-------|-------|-------|-------|--------|-----------
         Aggregated                                                                      7174     0(0.00%) |    158      11    1899    130 |  179.10        0.00

Type     Name                                                                          # reqs      # fails |    Avg     Min     Max    Med |   req/s  failures/s
--------|----------------------------------------------------------------------------|-------|-------------|-------|-------|-------|-------|--------|-----------
GET      /                                                                                236     0(0.00%) |    207      16     870    190 |    5.20        0.00
GET      /cart                                                                           1011     0(0.00%) |    143      11    1161    120 |   21.40        0.00
POST     /cart [add]                                                                     1263     0(0.00%) |    209      15    1899    180 |   30.60        0.00
POST     /cart/checkout                                                                   460     0(0.00%) |    187      18    1161    160 |   10.40        0.00
GET      /product/[id]                                                                   3897     0(0.00%) |    139      11    1293    120 |   96.90        0.00
POST     /setCurrency                                                                     716     0(0.00%) |    226      18    1339    210 |   17.90        0.00
--------|----------------------------------------------------------------------------|-------|-------------|-------|-------|-------|-------|--------|-----------
         Aggregated                                                                      7583     0(0.00%) |    164      11    1899    140 |  182.40        0.00

Type     Name                                                                          # reqs      # fails |    Avg     Min     Max    Med |   req/s  failures/s
--------|----------------------------------------------------------------------------|-------|-------------|-------|-------|-------|-------|--------|-----------
GET      /                                                                                255     0(0.00%) |    224      16     870    210 |    5.90        0.00
GET      /cart                                                                           1065     0(0.00%) |    152      11    1161    120 |   22.80        0.00
POST     /cart [add]                                                                     1319     0(0.00%) |    218      15    1899    190 |   30.50        0.00
POST     /cart/checkout                                                                   478     0(0.00%) |    193      18    1161    180 |   10.40        0.00
GET      /product/[id]                                                                   4080     0(0.00%) |    145      11    1293    130 |  100.70        0.00
POST     /setCurrency                                                                     751     0(0.00%) |    236      18    1339    220 |   17.70        0.00
--------|----------------------------------------------------------------------------|-------|-------------|-------|-------|-------|-------|--------|-----------
         Aggregated                                                                      7948     0(0.00%) |    172      11    1899    140 |  188.00        0.00

Type     Name                                                                          # reqs      # fails |    Avg     Min     Max    Med |   req/s  failures/s
--------|----------------------------------------------------------------------------|-------|-------------|-------|-------|-------|-------|--------|-----------
GET      /                                                                                271     0(0.00%) |    233      16     870    220 |    6.30        0.00
GET      /cart                                                                           1114     0(0.00%) |    159      11    1161    130 |   24.10        0.00
POST     /cart [add]                                                                     1395     0(0.00%) |    227      15    1899    200 |   31.30        0.00
POST     /cart/checkout                                                                   509     0(0.00%) |    202      18    1161    190 |   10.20        0.00
GET      /product/[id]                                                                   4264     0(0.00%) |    151      11    1293    130 |  101.20        0.00
POST     /setCurrency                                                                     788     0(0.00%) |    243      18    1339    230 |   18.00        0.00
--------|----------------------------------------------------------------------------|-------|-------------|-------|-------|-------|-------|--------|-----------
         Aggregated                                                                      8341     0(0.00%) |    179      11    1899    150 |  191.10        0.00

Type     Name                                                                          # reqs      # fails |    Avg     Min     Max    Med |   req/s  failures/s
--------|----------------------------------------------------------------------------|-------|-------------|-------|-------|-------|-------|--------|-----------
GET      /                                                                                284     0(0.00%) |    236      16     870    220 |    6.50        0.00
GET      /cart                                                                           1154     0(0.00%) |    165      11    1161    140 |   24.70        0.00
POST     /cart [add]                                                                     1464     0(0.00%) |    238      15    1899    210 |   33.30        0.00
POST     /cart/checkout                                                                   526     0(0.00%) |    211      18    1200    200 |   11.40        0.00
GET      /product/[id]                                                                   4470     0(0.00%) |    159      11    1293    140 |   99.90        0.00
POST     /setCurrency                                                                     823     0(0.00%) |    246      18    1339    230 |   17.40        0.00
--------|----------------------------------------------------------------------------|-------|-------------|-------|-------|-------|-------|--------|-----------
         Aggregated                                                                      8721     0(0.00%) |    187      11    1899    160 |  193.20        0.00

Type     Name                                                                          # reqs      # fails |    Avg     Min     Max    Med |   req/s  failures/s
--------|----------------------------------------------------------------------------|-------|-------------|-------|-------|-------|-------|--------|-----------
GET      /                                                                                294     0(0.00%) |    244      16     870    230 |    6.90        0.00
GET      /cart                                                                           1202     0(0.00%) |    174      11    1161    140 |   24.20        0.00
POST     /cart [add]                                                                     1529     0(0.00%) |    247      15    1899    220 |   33.00        0.00
POST     /cart/checkout                                                                   548     0(0.00%) |    216      18    1200    200 |   10.30        0.00
GET      /product/[id]                                                                   4674     0(0.00%) |    165      11    1293    140 |   99.40        0.00
POST     /setCurrency                                                                     855     0(0.00%) |    255      18    1339    240 |   17.40        0.00
--------|----------------------------------------------------------------------------|-------|-------------|-------|-------|-------|-------|--------|-----------
         Aggregated                                                                      9102     0(0.00%) |    194      11    1899    160 |  191.20        0.00

Type     Name                                                                          # reqs      # fails |    Avg     Min     Max    Med |   req/s  failures/s
--------|----------------------------------------------------------------------------|-------|-------------|-------|-------|-------|-------|--------|-----------
GET      /                                                                                309     0(0.00%) |    250      16     870    230 |    6.80        0.00
GET      /cart                                                                           1255     0(0.00%) |    181      11    1161    150 |   24.10        0.00
POST     /cart [add]                                                                     1610     0(0.00%) |    256      15    1899    230 |   33.30        0.00
POST     /cart/checkout                                                                   578     0(0.00%) |    223      18    1200    200 |   10.90        0.00
GET      /product/[id]                                                                   4883     0(0.00%) |    170      11    1293    150 |  100.00        0.00
POST     /setCurrency                                                                     897     0(0.00%) |    265      18    1339    250 |   17.10        0.00
--------|----------------------------------------------------------------------------|-------|-------------|-------|-------|-------|-------|--------|-----------
         Aggregated                                                                      9532     0(0.00%) |    201      11    1899    170 |  192.20        0.00

Type     Name                                                                          # reqs      # fails |    Avg     Min     Max    Med |   req/s  failures/s
--------|----------------------------------------------------------------------------|-------|-------------|-------|-------|-------|-------|--------|-----------
GET      /                                                                                314     0(0.00%) |    254      16     870    240 |    7.30        0.00
GET      /cart                                                                           1298     0(0.00%) |    190      11    1224    150 |   24.40        0.00
POST     /cart [add]                                                                     1666     0(0.00%) |    266      15    1899    240 |   34.80        0.00
POST     /cart/checkout                                                                   603     0(0.00%) |    239      18    1486    210 |   11.40        0.00
GET      /product/[id]                                                                   5077     0(0.00%) |    179      11    1346    150 |   98.60        0.00
POST     /setCurrency                                                                     936     0(0.00%) |    271      18    1339    260 |   18.00        0.00
--------|----------------------------------------------------------------------------|-------|-------------|-------|-------|-------|-------|--------|-----------
         Aggregated                                                                      9894     0(0.00%) |    210      11    1899    180 |  194.50        0.00

Type     Name                                                                          # reqs      # fails |    Avg     Min     Max    Med |   req/s  failures/s
--------|----------------------------------------------------------------------------|-------|-------------|-------|-------|-------|-------|--------|-----------
GET      /                                                                                322     0(0.00%) |    260      16    1227    240 |    5.90        0.00
GET      /cart                                                                           1345     0(0.00%) |    196      11    1224    160 |   23.20        0.00
POST     /cart [add]                                                                     1731     0(0.00%) |    275      15    1899    250 |   35.10        0.00
POST     /cart/checkout                                                                   623     0(0.00%) |    246      18    1486    210 |   12.40        0.00
GET      /product/[id]                                                                   5279     0(0.00%) |    185      11    1346    160 |   98.90        0.00
POST     /setCurrency                                                                     986     0(0.00%) |    283      18    1339    270 |   18.50        0.00
--------|----------------------------------------------------------------------------|-------|-------------|-------|-------|-------|-------|--------|-----------
         Aggregated                                                                     10286     0(0.00%) |    217      11    1899    190 |  194.00        0.00

Type     Name                                                                          # reqs      # fails |    Avg     Min     Max    Med |   req/s  failures/s
--------|----------------------------------------------------------------------------|-------|-------------|-------|-------|-------|-------|--------|-----------
GET      /                                                                                335     0(0.00%) |    270      16    1227    260 |    5.30        0.00
GET      /cart                                                                           1391     0(0.00%) |    202      11    1259    160 |   23.00        0.00
POST     /cart [add]                                                                     1807     0(0.00%) |    286      15    1899    260 |   33.50        0.00
POST     /cart/checkout                                                                   651     0(0.00%) |    254      18    1486    220 |   11.60        0.00
GET      /product/[id]                                                                   5498     0(0.00%) |    191      11    1346    170 |  101.80        0.00
POST     /setCurrency                                                                    1026     0(0.00%) |    290      18    1339    280 |   20.10        0.00
--------|----------------------------------------------------------------------------|-------|-------------|-------|-------|-------|-------|--------|-----------
         Aggregated                                                                     10708     0(0.00%) |    224      11    1899    190 |  195.30        0.00

Type     Name                                                                          # reqs      # fails |    Avg     Min     Max    Med |   req/s  failures/s
--------|----------------------------------------------------------------------------|-------|-------------|-------|-------|-------|-------|--------|-----------
GET      /                                                                                347     0(0.00%) |    278      16    1227    270 |    5.10        0.00
GET      /cart                                                                           1448     0(0.00%) |    211      11    1259    170 |   23.60        0.00
POST     /cart [add]                                                                     1870     0(0.00%) |    294      15    1899    260 |   34.20        0.00
POST     /cart/checkout                                                                   680     0(0.00%) |    263      18    1486    230 |   12.10        0.00
GET      /product/[id]                                                                   5699     0(0.00%) |    198      11    1346    170 |  102.30        0.00
POST     /setCurrency                                                                    1061     0(0.00%) |    297      18    1339    290 |   20.10        0.00
--------|----------------------------------------------------------------------------|-------|-------------|-------|-------|-------|-------|--------|-----------
         Aggregated                                                                     11105     0(0.00%) |    232      11    1899    200 |  197.40        0.00

Type     Name                                                                          # reqs      # fails |    Avg     Min     Max    Med |   req/s  failures/s
--------|----------------------------------------------------------------------------|-------|-------------|-------|-------|-------|-------|--------|-----------
GET      /                                                                                355     0(0.00%) |    281      16    1227    270 |    5.40        0.00
GET      /cart                                                                           1513     0(0.00%) |    222      11    1461    180 |   24.50        0.00
POST     /cart [add]                                                                     1932     0(0.00%) |    303      15    1899    270 |   33.80        0.00
POST     /cart/checkout                                                                   703     0(0.00%) |    269      18    1486    240 |   13.20        0.00
GET      /product/[id]                                                                   5900     0(0.00%) |    203      11    1412    180 |  102.00        0.00
POST     /setCurrency                                                                    1110     0(0.00%) |    306      18    1339    300 |   20.90        0.00
--------|----------------------------------------------------------------------------|-------|-------------|-------|-------|-------|-------|--------|-----------
         Aggregated                                                                     11513     0(0.00%) |    239      11    1899    210 |  199.80        0.00

Type     Name                                                                          # reqs      # fails |    Avg     Min     Max    Med |   req/s  failures/s
--------|----------------------------------------------------------------------------|-------|-------------|-------|-------|-------|-------|--------|-----------
GET      /                                                                                364     0(0.00%) |    288      16    1227    270 |    4.60        0.00
GET      /cart                                                                           1562     0(0.00%) |    229      11    1461    190 |   25.60        0.00
POST     /cart [add]                                                                     1996     0(0.00%) |    313      15    1899    280 |   32.40        0.00
POST     /cart/checkout                                                                   727     0(0.00%) |    280      18    1486    250 |   12.90        0.00
GET      /product/[id]                                                                   6129     0(0.00%) |    213      11    1725    180 |  102.00        0.00
POST     /setCurrency                                                                    1157     0(0.00%) |    313      18    1484    300 |   21.10        0.00
--------|----------------------------------------------------------------------------|-------|-------------|-------|-------|-------|-------|--------|-----------
         Aggregated                                                                     11935     0(0.00%) |    248      11    1899    210 |  198.60        0.00

Type     Name                                                                          # reqs      # fails |    Avg     Min     Max    Med |   req/s  failures/s
--------|----------------------------------------------------------------------------|-------|-------------|-------|-------|-------|-------|--------|-----------
GET      /                                                                                383     0(0.00%) |    295      16    1227    280 |    4.90        0.00
GET      /cart                                                                           1623     0(0.00%) |    237      11    1461    200 |   26.50        0.00
POST     /cart [add]                                                                     2064     0(0.00%) |    320      15    1899    290 |   33.00        0.00
POST     /cart/checkout                                                                   749     0(0.00%) |    284      18    1486    250 |   12.40        0.00
GET      /product/[id]                                                                   6368     0(0.00%) |    219      11    1725    190 |  104.70        0.00
POST     /setCurrency                                                                    1198     0(0.00%) |    317      18    1484    310 |   22.10        0.00
--------|----------------------------------------------------------------------------|-------|-------------|-------|-------|-------|-------|--------|-----------
         Aggregated                                                                     12385     0(0.00%) |    254      11    1899    220 |  203.60        0.00

Type     Name                                                                          # reqs      # fails |    Avg     Min     Max    Med |   req/s  failures/s
--------|----------------------------------------------------------------------------|-------|-------------|-------|-------|-------|-------|--------|-----------
GET      /                                                                                399     0(0.00%) |    301      16    1227    290 |    6.00        0.00
GET      /cart                                                                           1673     0(0.00%) |    242      11    1461    210 |   27.80        0.00
POST     /cart [add]                                                                     2137     0(0.00%) |    326      15    1899    300 |   33.40        0.00
POST     /cart/checkout                                                                   780     0(0.00%) |    289      18    1486    260 |   12.50        0.00
GET      /product/[id]                                                                   6611     0(0.00%) |    224      11    1725    200 |  107.90        0.00
POST     /setCurrency                                                                    1242     0(0.00%) |    324      18    1484    320 |   20.90        0.00
--------|----------------------------------------------------------------------------|-------|-------------|-------|-------|-------|-------|--------|-----------
         Aggregated                                                                     12842     0(0.00%) |    259      11    1899    230 |  208.50        0.00

Type     Name                                                                          # reqs      # fails |    Avg     Min     Max    Med |   req/s  failures/s
--------|----------------------------------------------------------------------------|-------|-------------|-------|-------|-------|-------|--------|-----------
GET      /                                                                                413     0(0.00%) |    308      16    1227    300 |    6.20        0.00
GET      /cart                                                                           1742     0(0.00%) |    251      11    1461    220 |   28.10        0.00
POST     /cart [add]                                                                     2204     0(0.00%) |    333      15    1899    310 |   33.40        0.00
POST     /cart/checkout                                                                   806     0(0.00%) |    295      18    1486    270 |   13.00        0.00
GET      /product/[id]                                                                   6799     0(0.00%) |    229      11    1725    200 |  110.10        0.00
POST     /setCurrency                                                                    1281     0(0.00%) |    329      18    1484    320 |   21.60        0.00
--------|----------------------------------------------------------------------------|-------|-------------|-------|-------|-------|-------|--------|-----------
         Aggregated                                                                     13245     0(0.00%) |    265      11    1899    240 |  212.40        0.00

Type     Name                                                                          # reqs      # fails |    Avg     Min     Max    Med |   req/s  failures/s
--------|----------------------------------------------------------------------------|-------|-------------|-------|-------|-------|-------|--------|-----------
GET      /                                                                                429     0(0.00%) |    313      16    1227    310 |    6.40        0.00
GET      /cart                                                                           1794     0(0.00%) |    258      11    1461    220 |   29.40        0.00
POST     /cart [add]                                                                     2279     0(0.00%) |    344      15    1899    320 |   33.80        0.00
POST     /cart/checkout                                                                   839     0(0.00%) |    304      18    1486    280 |   12.60        0.00
GET      /product/[id]                                                                   7023     0(0.00%) |    238      11    1725    210 |  110.50        0.00
POST     /setCurrency                                                                    1328     0(0.00%) |    335      18    1484    330 |   22.00        0.00
--------|----------------------------------------------------------------------------|-------|-------------|-------|-------|-------|-------|--------|-----------
         Aggregated                                                                     13692     0(0.00%) |    274      11    1899    240 |  214.70        0.00

Type     Name                                                                          # reqs      # fails |    Avg     Min     Max    Med |   req/s  failures/s
--------|----------------------------------------------------------------------------|-------|-------------|-------|-------|-------|-------|--------|-----------
GET      /                                                                                438     0(0.00%) |    321      16    1284    310 |    7.20        0.00
GET      /cart                                                                           1846     0(0.00%) |    265      11    1461    230 |   28.30        0.00
POST     /cart [add]                                                                     2336     0(0.00%) |    351      15    1899    320 |   34.50        0.00
POST     /cart/checkout                                                                   858     0(0.00%) |    308      18    1486    290 |   13.50        0.00
GET      /product/[id]                                                                   7251     0(0.00%) |    244      11    1725    220 |  111.70        0.00
POST     /setCurrency                                                                    1364     0(0.00%) |    341      18    1484    340 |   21.50        0.00
--------|----------------------------------------------------------------------------|-------|-------------|-------|-------|-------|-------|--------|-----------
         Aggregated                                                                     14093     0(0.00%) |    280      11    1899    250 |  216.70        0.00

Type     Name                                                                          # reqs      # fails |    Avg     Min     Max    Med |   req/s  failures/s
--------|----------------------------------------------------------------------------|-------|-------------|-------|-------|-------|-------|--------|-----------
GET      /                                                                                463     0(0.00%) |    338      16    1284    320 |    7.50        0.00
GET      /cart                                                                           1896     0(0.00%) |    272      11    1461    240 |   28.40        0.00
POST     /cart [add]                                                                     2403     0(0.00%) |    359      15    1899    330 |   33.90        0.00
POST     /cart/checkout                                                                   884     0(0.00%) |    316      18    1486    300 |   13.10        0.00
GET      /product/[id]                                                                   7471     0(0.00%) |    250      11    1725    220 |  113.10        0.00
POST     /setCurrency                                                                    1433     0(0.00%) |    359      18    1545    350 |   20.50        0.00
--------|----------------------------------------------------------------------------|-------|-------------|-------|-------|-------|-------|--------|-----------
         Aggregated                                                                     14550     0(0.00%) |    289      11    1899    260 |  216.50        0.00

Type     Name                                                                          # reqs      # fails |    Avg     Min     Max    Med |   req/s  failures/s
--------|----------------------------------------------------------------------------|-------|-------------|-------|-------|-------|-------|--------|-----------
GET      /                                                                                486     0(0.00%) |    346      16    1284    330 |    7.80        0.00
GET      /cart                                                                           1953     0(0.00%) |    280      11    1461    240 |   27.20        0.00
POST     /cart [add]                                                                     2477     0(0.00%) |    367      15    1899    340 |   33.70        0.00
POST     /cart/checkout                                                                   920     0(0.00%) |    323      18    1486    300 |   13.30        0.00
GET      /product/[id]                                                                   7710     0(0.00%) |    256      11    1725    230 |  110.10        0.00
POST     /setCurrency                                                                    1477     0(0.00%) |    365      18    1545    350 |   23.30        0.00
--------|----------------------------------------------------------------------------|-------|-------------|-------|-------|-------|-------|--------|-----------
         Aggregated                                                                     15023     0(0.00%) |    295      11    1899    270 |  215.40        0.00

Type     Name                                                                          # reqs      # fails |    Avg     Min     Max    Med |   req/s  failures/s
--------|----------------------------------------------------------------------------|-------|-------------|-------|-------|-------|-------|--------|-----------
GET      /                                                                                498     0(0.00%) |    353      16    1406    340 |    8.60        0.00
GET      /cart                                                                           2009     0(0.00%) |    288      11    1461    250 |   27.90        0.00
POST     /cart [add]                                                                     2550     0(0.00%) |    375      15    1899    350 |   33.70        0.00
POST     /cart/checkout                                                                   943     0(0.00%) |    330      18    1486    300 |   13.80        0.00
GET      /product/[id]                                                                   7904     0(0.00%) |    262      11    1725    230 |  110.80        0.00
POST     /setCurrency                                                                    1516     0(0.00%) |    369      18    1545    360 |   23.20        0.00
--------|----------------------------------------------------------------------------|-------|-------------|-------|-------|-------|-------|--------|-----------
         Aggregated                                                                     15420     0(0.00%) |    302      11    1899    270 |  218.00        0.00

Type     Name                                                                          # reqs      # fails |    Avg     Min     Max    Med |   req/s  failures/s
--------|----------------------------------------------------------------------------|-------|-------------|-------|-------|-------|-------|--------|-----------
GET      /                                                                                511     0(0.00%) |    357      16    1406    340 |    8.70        0.00
GET      /cart                                                                           2060     0(0.00%) |    296      11    1461    260 |   26.80        0.00
POST     /cart [add]                                                                     2616     0(0.00%) |    385      15    1899    360 |   33.90        0.00
POST     /cart/checkout                                                                   973     0(0.00%) |    338      18    1486    310 |   13.70        0.00
GET      /product/[id]                                                                   8152     0(0.00%) |    271      11    1725    240 |  110.50        0.00
POST     /setCurrency                                                                    1565     0(0.00%) |    376      18    1545    360 |   23.30        0.00
--------|----------------------------------------------------------------------------|-------|-------------|-------|-------|-------|-------|--------|-----------
         Aggregated                                                                     15877     0(0.00%) |    310      11    1899    280 |  216.90        0.00

Type     Name                                                                          # reqs      # fails |    Avg     Min     Max    Med |   req/s  failures/s
--------|----------------------------------------------------------------------------|-------|-------------|-------|-------|-------|-------|--------|-----------
GET      /                                                                                528     0(0.00%) |    363      16    1406    350 |    8.10        0.00
GET      /cart                                                                           2113     0(0.00%) |    302      11    1461    270 |   26.50        0.00
POST     /cart [add]                                                                     2682     0(0.00%) |    392      15    1899    360 |   33.60        0.00
POST     /cart/checkout                                                                   995     0(0.00%) |    343      18    1486    310 |   13.20        0.00
GET      /product/[id]                                                                   8388     0(0.00%) |    277      11    1725    250 |  112.20        0.00
POST     /setCurrency                                                                    1612     0(0.00%) |    381      18    1545    370 |   23.90        0.00
--------|----------------------------------------------------------------------------|-------|-------------|-------|-------|-------|-------|--------|-----------
         Aggregated                                                                     16318     0(0.00%) |    316      11    1899    290 |  217.50        0.00

Type     Name                                                                          # reqs      # fails |    Avg     Min     Max    Med |   req/s  failures/s
--------|----------------------------------------------------------------------------|-------|-------------|-------|-------|-------|-------|--------|-----------
GET      /                                                                                548     0(0.00%) |    372      16    1406    370 |    9.00        0.00
GET      /cart                                                                           2169     0(0.00%) |    309      11    1461    280 |   26.80        0.00
POST     /cart [add]                                                                     2750     0(0.00%) |    400      15    1899    370 |   34.70        0.00
POST     /cart/checkout                                                                  1024     0(0.00%) |    349      18    1486    330 |   13.80        0.00
GET      /product/[id]                                                                   8641     0(0.00%) |    285      11    1725    260 |  114.00        0.00
POST     /setCurrency                                                                    1657     0(0.00%) |    387      18    1545    370 |   24.90        0.00
--------|----------------------------------------------------------------------------|-------|-------------|-------|-------|-------|-------|--------|-----------
         Aggregated                                                                     16789     0(0.00%) |    324      11    1899    300 |  223.20        0.00

Type     Name                                                                          # reqs      # fails |    Avg     Min     Max    Med |   req/s  failures/s
--------|----------------------------------------------------------------------------|-------|-------------|-------|-------|-------|-------|--------|-----------
GET      /                                                                                568     0(0.00%) |    381      16    1406    380 |    8.70        0.00
GET      /cart                                                                           2233     0(0.00%) |    315      11    1461    280 |   27.60        0.00
POST     /cart [add]                                                                     2818     0(0.00%) |    406      15    1899    380 |   34.30        0.00
POST     /cart/checkout                                                                  1049     0(0.00%) |    354      18    1486    330 |   13.90        0.00
GET      /product/[id]                                                                   8891     0(0.00%) |    290      11    1725    270 |  117.00        0.00
POST     /setCurrency                                                                    1722     0(0.00%) |    395      18    1545    380 |   22.50        0.00
--------|----------------------------------------------------------------------------|-------|-------------|-------|-------|-------|-------|--------|-----------
         Aggregated                                                                     17281     0(0.00%) |    330      11    1899    310 |  224.00        0.00

Type     Name                                                                          # reqs      # fails |    Avg     Min     Max    Med |   req/s  failures/s
--------|----------------------------------------------------------------------------|-------|-------------|-------|-------|-------|-------|--------|-----------
GET      /                                                                                582     0(0.00%) |    384      16    1406    390 |    8.20        0.00
GET      /cart                                                                           2298     0(0.00%) |    322      11    1461    290 |   27.80        0.00
POST     /cart [add]                                                                     2873     0(0.00%) |    411      15    1899    390 |   34.10        0.00
POST     /cart/checkout                                                                  1072     0(0.00%) |    359      18    1486    340 |   13.20        0.00
GET      /product/[id]                                                                   9140     0(0.00%) |    296      11    1725    270 |  116.70        0.00
POST     /setCurrency                                                                    1776     0(0.00%) |    400      18    1545    390 |   24.50        0.00
--------|----------------------------------------------------------------------------|-------|-------------|-------|-------|-------|-------|--------|-----------
         Aggregated                                                                     17741     0(0.00%) |    335      11    1899    310 |  224.50        0.00

Type     Name                                                                          # reqs      # fails |    Avg     Min     Max    Med |   req/s  failures/s
--------|----------------------------------------------------------------------------|-------|-------------|-------|-------|-------|-------|--------|-----------
GET      /                                                                                597     0(0.00%) |    389      16    1406    390 |    8.40        0.00
GET      /cart                                                                           2336     0(0.00%) |    327      11    1461    300 |   28.70        0.00
POST     /cart [add]                                                                     2955     0(0.00%) |    422      15    1899    400 |   32.80        0.00
POST     /cart/checkout                                                                  1093     0(0.00%) |    365      18    1486    340 |   12.80        0.00
GET      /product/[id]                                                                   9380     0(0.00%) |    304      11    1725    280 |  122.70        0.00
POST     /setCurrency                                                                    1824     0(0.00%) |    406      18    1545    400 |   26.00        0.00
--------|----------------------------------------------------------------------------|-------|-------------|-------|-------|-------|-------|--------|-----------
         Aggregated                                                                     18185     0(0.00%) |    343      11    1899    320 |  231.40        0.00

Type     Name                                                                          # reqs      # fails |    Avg     Min     Max    Med |   req/s  failures/s
--------|----------------------------------------------------------------------------|-------|-------------|-------|-------|-------|-------|--------|-----------
GET      /                                                                                614     0(0.00%) |    399      16    1406    400 |    8.90        0.00
GET      /cart                                                                           2393     0(0.00%) |    335      11    1461    300 |   27.30        0.00
POST     /cart [add]                                                                     3018     0(0.00%) |    429      15    1899    410 |   33.30        0.00
POST     /cart/checkout                                                                  1111     0(0.00%) |    369      18    1486    350 |   12.30        0.00
GET      /product/[id]                                                                   9612     0(0.00%) |    310      11    1725    290 |  123.90        0.00
POST     /setCurrency                                                                    1888     0(0.00%) |    419      18    1545    410 |   25.90        0.00
--------|----------------------------------------------------------------------------|-------|-------------|-------|-------|-------|-------|--------|-----------
         Aggregated                                                                     18636     0(0.00%) |    350      11    1899    330 |  231.60        0.00

Type     Name                                                                          # reqs      # fails |    Avg     Min     Max    Med |   req/s  failures/s
--------|----------------------------------------------------------------------------|-------|-------------|-------|-------|-------|-------|--------|-----------
GET      /                                                                                628     0(0.00%) |    406      16    1406    400 |    8.40        0.00
GET      /cart                                                                           2445     0(0.00%) |    343      11    1686    310 |   27.30        0.00
POST     /cart [add]                                                                     3081     0(0.00%) |    439      15    1899    410 |   33.60        0.00
POST     /cart/checkout                                                                  1136     0(0.00%) |    377      18    1487    360 |   11.50        0.00
GET      /product/[id]                                                                   9831     0(0.00%) |    318      11    1725    290 |  121.60        0.00
POST     /setCurrency                                                                    1942     0(0.00%) |    426      18    1545    420 |   27.20        0.00
--------|----------------------------------------------------------------------------|-------|-------------|-------|-------|-------|-------|--------|-----------
         Aggregated                                                                     19063     0(0.00%) |    358      11    1899    330 |  229.60        0.00

Type     Name                                                                          # reqs      # fails |    Avg     Min     Max    Med |   req/s  failures/s
--------|----------------------------------------------------------------------------|-------|-------------|-------|-------|-------|-------|--------|-----------
GET      /                                                                                644     0(0.00%) |    412      16    1406    400 |    7.90        0.00
GET      /cart                                                                           2498     0(0.00%) |    350      11    1686    320 |   26.90        0.00
POST     /cart [add]                                                                     3151     0(0.00%) |    448      15    1899    420 |   33.20        0.00
POST     /cart/checkout                                                                  1163     0(0.00%) |    385      18    1487    370 |   10.90        0.00
GET      /product/[id]                                                                  10065     0(0.00%) |    325      11    1725    300 |  118.30        0.00
POST     /setCurrency                                                                    1991     0(0.00%) |    433      18    1545    420 |   28.50        0.00
--------|----------------------------------------------------------------------------|-------|-------------|-------|-------|-------|-------|--------|-----------
         Aggregated                                                                     19512     0(0.00%) |    366      11    1899    340 |  225.70        0.00

Type     Name                                                                          # reqs      # fails |    Avg     Min     Max    Med |   req/s  failures/s
--------|----------------------------------------------------------------------------|-------|-------------|-------|-------|-------|-------|--------|-----------
GET      /                                                                                657     0(0.00%) |    415      16    1406    410 |    7.70        0.00
GET      /cart                                                                           2561     0(0.00%) |    358      11    1686    330 |   26.90        0.00
POST     /cart [add]                                                                     3212     0(0.00%) |    454      15    1899    430 |   33.60        0.00
POST     /cart/checkout                                                                  1193     0(0.00%) |    393      18    1487    380 |   11.20        0.00
GET      /product/[id]                                                                  10283     0(0.00%) |    332      11    1725    310 |  118.10        0.00
POST     /setCurrency                                                                    2032     0(0.00%) |    436      18    1545    430 |   27.40        0.00
--------|----------------------------------------------------------------------------|-------|-------------|-------|-------|-------|-------|--------|-----------
         Aggregated                                                                     19938     0(0.00%) |    372      11    1899    350 |  224.90        0.00

Type     Name                                                                          # reqs      # fails |    Avg     Min     Max    Med |   req/s  failures/s
--------|----------------------------------------------------------------------------|-------|-------------|-------|-------|-------|-------|--------|-----------
GET      /                                                                                668     0(0.00%) |    420      16    1454    410 |    7.40        0.00
GET      /cart                                                                           2608     0(0.00%) |    368      11    1686    330 |   26.60        0.00
POST     /cart [add]                                                                     3269     0(0.00%) |    466      15    1899    440 |   34.30        0.00
POST     /cart/checkout                                                                  1212     0(0.00%) |    403      18    1670    380 |   12.20        0.00
GET      /product/[id]                                                                  10500     0(0.00%) |    344      11    1725    320 |  114.70        0.00
POST     /setCurrency                                                                    2076     0(0.00%) |    442      18    1545    430 |   25.50        0.00
--------|----------------------------------------------------------------------------|-------|-------------|-------|-------|-------|-------|--------|-----------
         Aggregated                                                                     20333     0(0.00%) |    383      11    1899    360 |  220.70        0.00

Type     Name                                                                          # reqs      # fails |    Avg     Min     Max    Med |   req/s  failures/s
--------|----------------------------------------------------------------------------|-------|-------------|-------|-------|-------|-------|--------|-----------
GET      /                                                                                683     0(0.00%) |    424      16    1454    420 |    5.70        0.00
GET      /cart                                                                           2656     0(0.00%) |    375      11    1686    340 |   22.16        0.00
POST     /cart [add]                                                                     3321     0(0.00%) |    473      15    1899    440 |   27.71        0.00
POST     /cart/checkout                                                                  1238     0(0.00%) |    411      18    1670    390 |   10.33        0.00
GET      /product/[id]                                                                  10699     0(0.00%) |    352      11    1725    320 |   89.27        0.00
POST     /setCurrency                                                                    2114     0(0.00%) |    444      18    1545    440 |   17.64        0.00
--------|----------------------------------------------------------------------------|-------|-------------|-------|-------|-------|-------|--------|-----------
         Aggregated                                                                     20711     0(0.00%) |    390      11    1899    360 |  172.81        0.00

Response time percentiles (approximated)
Type     Name                                                                                  50%    66%    75%    80%    90%    95%    98%    99%  99.9% 99.99%   100% # reqs
--------|--------------------------------------------------------------------------------|--------|------|------|------|------|------|------|------|------|------|------|------
GET      /                                                                                     420    500    570    610    720    850   1100   1200   1500   1500   1500    683
GET      /cart                                                                                 340    470    550    600    730    850   1000   1100   1400   1700   1700   2656
POST     /cart [add]                                                                           440    580    680    730    890   1000   1200   1300   1700   1900   1900   3321
POST     /cart/checkout                                                                        390    500    570    600    750    880   1100   1200   1500   1700   1700   1238
GET      /product/[id]                                                                         320    440    510    550    670    790    960   1100   1400   1700   1700  10699
POST     /setCurrency                                                                          440    530    590    630    750    900   1000   1100   1500   1500   1500   2114
--------|--------------------------------------------------------------------------------|--------|------|------|------|------|------|------|------|------|------|------|------
         Aggregated                                                                            360    480    550    600    740    870   1000   1200   1500   1700   1900  20711

