/Users/edias/Library/Python/3.9/lib/python/site-packages/urllib3/__init__.py:35: NotOpenSSLWarning: urllib3 v2 only supports OpenSSL 1.1.1+, currently the 'ssl' module is compiled with 'LibreSSL 2.8.3'. See: https://github.com/urllib3/urllib3/issues/3020
  warnings.warn(
[2026-04-26 10:29:30,121] Mac/WARNING/locust.main: Python 3.9 support is deprecated and will be removed soon
Type     Name                                                                          # reqs      # fails |    Avg     Min     Max    Med |   req/s  failures/s
--------|----------------------------------------------------------------------------|-------|-------------|-------|-------|-------|-------|--------|-----------
--------|----------------------------------------------------------------------------|-------|-------------|-------|-------|-------|-------|--------|-----------
         Aggregated                                                                         0     0(0.00%) |      0       0       0      0 |    0.00        0.00

Type     Name                                                                          # reqs      # fails |    Avg     Min     Max    Med |   req/s  failures/s
--------|----------------------------------------------------------------------------|-------|-------------|-------|-------|-------|-------|--------|-----------
GET      /                                                                                  1     0(0.00%) |     21      21      21     21 |    0.00        0.00
GET      /cart                                                                              4     0(0.00%) |     13      10      17     11 |    0.00        0.00
POST     /cart [add]                                                                        4     0(0.00%) |     31      18      41     28 |    0.00        0.00
POST     /cart/checkout                                                                     3     0(0.00%) |     35      16      61     28 |    0.00        0.00
GET      /product/[id]                                                                     13     0(0.00%) |     21      13      45     17 |    0.00        0.00
--------|----------------------------------------------------------------------------|-------|-------------|-------|-------|-------|-------|--------|-----------
         Aggregated                                                                        25     0(0.00%) |     23      10      61     18 |    0.00        0.00

Type     Name                                                                          # reqs      # fails |    Avg     Min     Max    Med |   req/s  failures/s
--------|----------------------------------------------------------------------------|-------|-------------|-------|-------|-------|-------|--------|-----------
GET      /                                                                                  2     0(0.00%) |     23      21      25     21 |    0.50        0.00
GET      /cart                                                                             12     0(0.00%) |     12       8      18     11 |    1.50        0.00
POST     /cart [add]                                                                        8     0(0.00%) |     24      15      41     19 |    1.50        0.00
POST     /cart/checkout                                                                     4     0(0.00%) |     30      16      61     17 |    1.50        0.00
GET      /product/[id]                                                                     41     0(0.00%) |     17       8      80     14 |    6.50        0.00
POST     /setCurrency                                                                       6     0(0.00%) |     33      19      90     21 |    0.00        0.00
--------|----------------------------------------------------------------------------|-------|-------------|-------|-------|-------|-------|--------|-----------
         Aggregated                                                                        73     0(0.00%) |     19       8      90     16 |   11.50        0.00

Type     Name                                                                          # reqs      # fails |    Avg     Min     Max    Med |   req/s  failures/s
--------|----------------------------------------------------------------------------|-------|-------------|-------|-------|-------|-------|--------|-----------
GET      /                                                                                  6     0(0.00%) |     21      17      25     21 |    0.50        0.00
GET      /cart                                                                             23     0(0.00%) |     11       7      18     11 |    2.75        0.00
POST     /cart [add]                                                                       23     0(0.00%) |     18      12      41     16 |    1.75        0.00
POST     /cart/checkout                                                                    10     0(0.00%) |     22      15      61     17 |    1.00        0.00
GET      /product/[id]                                                                     84     0(0.00%) |     14       8      80     13 |   10.00        0.00
POST     /setCurrency                                                                      16     0(0.00%) |     27      16      90     20 |    1.50        0.00
--------|----------------------------------------------------------------------------|-------|-------------|-------|-------|-------|-------|--------|-----------
         Aggregated                                                                       162     0(0.00%) |     17       7      90     14 |   17.50        0.00

Type     Name                                                                          # reqs      # fails |    Avg     Min     Max    Med |   req/s  failures/s
--------|----------------------------------------------------------------------------|-------|-------------|-------|-------|-------|-------|--------|-----------
GET      /                                                                                  8     0(0.00%) |     19      12      25     19 |    0.83        0.00
GET      /cart                                                                             37     0(0.00%) |     11       7      18     11 |    3.67        0.00
POST     /cart [add]                                                                       42     0(0.00%) |     17      12      41     16 |    3.83        0.00
POST     /cart/checkout                                                                    18     0(0.00%) |     20      14      61     17 |    1.67        0.00
GET      /product/[id]                                                                    143     0(0.00%) |     13       7      80     12 |   13.50        0.00
POST     /setCurrency                                                                      29     0(0.00%) |     23      15      90     19 |    2.50        0.00
--------|----------------------------------------------------------------------------|-------|-------------|-------|-------|-------|-------|--------|-----------
         Aggregated                                                                       277     0(0.00%) |     15       7      90     14 |   26.00        0.00

Type     Name                                                                          # reqs      # fails |    Avg     Min     Max    Med |   req/s  failures/s
--------|----------------------------------------------------------------------------|-------|-------------|-------|-------|-------|-------|--------|-----------
GET      /                                                                                  8     0(0.00%) |     19      12      25     19 |    1.00        0.00
GET      /cart                                                                             53     0(0.00%) |     14       7      61     12 |    4.50        0.00
POST     /cart [add]                                                                       65     0(0.00%) |     19      12      63     17 |    5.12        0.00
POST     /cart/checkout                                                                    25     0(0.00%) |     21      14      61     17 |    2.25        0.00
GET      /product/[id]                                                                    212     0(0.00%) |     14       7      80     13 |   17.50        0.00
POST     /setCurrency                                                                      45     0(0.00%) |     26      15     110     20 |    3.38        0.00
--------|----------------------------------------------------------------------------|-------|-------------|-------|-------|-------|-------|--------|-----------
         Aggregated                                                                       408     0(0.00%) |     17       7     110     14 |   33.75        0.00

Type     Name                                                                          # reqs      # fails |    Avg     Min     Max    Med |   req/s  failures/s
--------|----------------------------------------------------------------------------|-------|-------------|-------|-------|-------|-------|--------|-----------
GET      /                                                                                 15     0(0.00%) |     22      12      46     19 |    0.80        0.00
GET      /cart                                                                             75     0(0.00%) |     14       7      61     12 |    4.90        0.00
POST     /cart [add]                                                                       94     0(0.00%) |     19      12      63     16 |    6.30        0.00
POST     /cart/checkout                                                                    35     0(0.00%) |     23      14      61     19 |    2.40        0.00
GET      /product/[id]                                                                    295     0(0.00%) |     14       7      80     12 |   21.00        0.00
POST     /setCurrency                                                                      62     0(0.00%) |     25      14     110     19 |    4.40        0.00
--------|----------------------------------------------------------------------------|-------|-------------|-------|-------|-------|-------|--------|-----------
         Aggregated                                                                       576     0(0.00%) |     17       7     110     14 |   39.80        0.00

Type     Name                                                                          # reqs      # fails |    Avg     Min     Max    Med |   req/s  failures/s
--------|----------------------------------------------------------------------------|-------|-------------|-------|-------|-------|-------|--------|-----------
GET      /                                                                                 22     0(0.00%) |     24      12      98     17 |    1.40        0.00
GET      /cart                                                                             99     0(0.00%) |     17       7      83     12 |    7.10        0.00
POST     /cart [add]                                                                      132     0(0.00%) |     21      12      96     17 |    8.80        0.00
POST     /cart/checkout                                                                    49     0(0.00%) |     24      14      61     19 |    3.00        0.00
GET      /product/[id]                                                                    380     0(0.00%) |     15       7      80     13 |   27.50        0.00
POST     /setCurrency                                                                      85     0(0.00%) |     31      14     110     20 |    6.20        0.00
--------|----------------------------------------------------------------------------|-------|-------------|-------|-------|-------|-------|--------|-----------
         Aggregated                                                                       767     0(0.00%) |     19       7     110     15 |   54.00        0.00

Type     Name                                                                          # reqs      # fails |    Avg     Min     Max    Med |   req/s  failures/s
--------|----------------------------------------------------------------------------|-------|-------------|-------|-------|-------|-------|--------|-----------
GET      /                                                                                 27     0(0.00%) |    162      12    1146     21 |    1.80        0.00
GET      /cart                                                                            106     0(0.00%) |     55       7     922     12 |    7.60        0.00
POST     /cart [add]                                                                      135     0(0.00%) |     21      12      96     17 |   10.80        0.00
POST     /cart/checkout                                                                    50     0(0.00%) |     24      14      61     19 |    3.80        0.00
GET      /product/[id]                                                                    408     0(0.00%) |     45       7    1116     13 |   30.70        0.00
POST     /setCurrency                                                                      88     0(0.00%) |     59      14    1267     20 |    6.80        0.00
--------|----------------------------------------------------------------------------|-------|-------------|-------|-------|-------|-------|--------|-----------
         Aggregated                                                                       814     0(0.00%) |     46       7    1267     15 |   61.50        0.00

Type     Name                                                                          # reqs      # fails |    Avg     Min     Max    Med |   req/s  failures/s
--------|----------------------------------------------------------------------------|-------|-------------|-------|-------|-------|-------|--------|-----------
GET      /                                                                                 34     0(0.00%) |    157      12    1146     20 |    2.20        0.00
GET      /cart                                                                            127     0(0.00%) |     56       7     922     13 |    8.40        0.00
POST     /cart [add]                                                                      177     0(0.00%) |    100      12    2002     18 |   11.20        0.00
POST     /cart/checkout                                                                    64     0(0.00%) |     33      14     160     20 |    4.00        0.00
GET      /product/[id]                                                                    518     0(0.00%) |     55       7    1116     13 |   32.70        0.00
POST     /setCurrency                                                                     112     0(0.00%) |     81      14    1267     22 |    7.30        0.00
--------|----------------------------------------------------------------------------|-------|-------------|-------|-------|-------|-------|--------|-----------
         Aggregated                                                                      1032     0(0.00%) |     67       7    2002     16 |   65.80        0.00

Type     Name                                                                          # reqs      # fails |    Avg     Min     Max    Med |   req/s  failures/s
--------|----------------------------------------------------------------------------|-------|-------------|-------|-------|-------|-------|--------|-----------
GET      /                                                                                 42     0(0.00%) |    137      12    1146     21 |    2.50        0.00
GET      /cart                                                                            158     0(0.00%) |     56       7     922     14 |    9.10        0.00
POST     /cart [add]                                                                      222     0(0.00%) |     96      12    2002     20 |   13.10        0.00
POST     /cart/checkout                                                                    83     0(0.00%) |     41      13     160     22 |    4.40        0.00
GET      /product/[id]                                                                    624     0(0.00%) |     57       7    1116     14 |   37.00        0.00
POST     /setCurrency                                                                     139     0(0.00%) |     75      14    1267     23 |    8.40        0.00
--------|----------------------------------------------------------------------------|-------|-------------|-------|-------|-------|-------|--------|-----------
         Aggregated                                                                      1268     0(0.00%) |     68       7    2002     18 |   74.50        0.00

Type     Name                                                                          # reqs      # fails |    Avg     Min     Max    Med |   req/s  failures/s
--------|----------------------------------------------------------------------------|-------|-------------|-------|-------|-------|-------|--------|-----------
GET      /                                                                                 51     0(0.00%) |    122      12    1146     24 |    3.20        0.00
GET      /cart                                                                            190     0(0.00%) |     62       7     922     17 |   10.80        0.00
POST     /cart [add]                                                                      265     0(0.00%) |    102      12    2002     24 |   15.40        0.00
POST     /cart/checkout                                                                    96     0(0.00%) |     57      13     282     24 |    5.80        0.00
GET      /product/[id]                                                                    731     0(0.00%) |     65       7    1116     16 |   41.00        0.00
POST     /setCurrency                                                                     161     0(0.00%) |     72      14    1267     23 |    9.50        0.00
--------|----------------------------------------------------------------------------|-------|-------------|-------|-------|-------|-------|--------|-----------
         Aggregated                                                                      1494     0(0.00%) |     74       7    2002     20 |   85.70        0.00

Type     Name                                                                          # reqs      # fails |    Avg     Min     Max    Med |   req/s  failures/s
--------|----------------------------------------------------------------------------|-------|-------------|-------|-------|-------|-------|--------|-----------
GET      /                                                                                 58     0(0.00%) |    115      12    1146     25 |    3.50        0.00
GET      /cart                                                                            217     0(0.00%) |     70       7     922     20 |   11.10        0.00
POST     /cart [add]                                                                      303     0(0.00%) |    107      12    2002     33 |   16.90        0.00
POST     /cart/checkout                                                                   110     0(0.00%) |     73      13     310     41 |    6.20        0.00
GET      /product/[id]                                                                    854     0(0.00%) |     72       7    1116     18 |   43.60        0.00
POST     /setCurrency                                                                     189     0(0.00%) |     67      14    1267     24 |    9.80        0.00
--------|----------------------------------------------------------------------------|-------|-------------|-------|-------|-------|-------|--------|-----------
         Aggregated                                                                      1731     0(0.00%) |     79       7    2002     24 |   91.10        0.00

Type     Name                                                                          # reqs      # fails |    Avg     Min     Max    Med |   req/s  failures/s
--------|----------------------------------------------------------------------------|-------|-------------|-------|-------|-------|-------|--------|-----------
GET      /                                                                                 67     0(0.00%) |    105      12    1146     25 |    3.50        0.00
GET      /cart                                                                            244     0(0.00%) |     78       7     922     27 |   11.80        0.00
POST     /cart [add]                                                                      351     0(0.00%) |    112      12    2002     41 |   17.10        0.00
POST     /cart/checkout                                                                   131     0(0.00%) |     82      13     310     43 |    5.90        0.00
GET      /product/[id]                                                                    985     0(0.00%) |     78       7    1116     23 |   47.30        0.00
POST     /setCurrency                                                                     210     0(0.00%) |     65      14    1267     24 |   10.40        0.00
--------|----------------------------------------------------------------------------|-------|-------------|-------|-------|-------|-------|--------|-----------
         Aggregated                                                                      1988     0(0.00%) |     84       7    2002     27 |   96.00        0.00

Type     Name                                                                          # reqs      # fails |    Avg     Min     Max    Med |   req/s  failures/s
--------|----------------------------------------------------------------------------|-------|-------------|-------|-------|-------|-------|--------|-----------
GET      /                                                                                 75     0(0.00%) |    100      12    1146     25 |    3.90        0.00
GET      /cart                                                                            298     0(0.00%) |     89       7     922     38 |   13.70        0.00
POST     /cart [add]                                                                      395     0(0.00%) |    114      12    2002     45 |   21.40        0.00
POST     /cart/checkout                                                                   145     0(0.00%) |     91      13     361     47 |    8.10        0.00
GET      /product/[id]                                                                   1119     0(0.00%) |     83       7    1116     28 |   56.70        0.00
POST     /setCurrency                                                                     231     0(0.00%) |     62      14    1267     24 |   12.10        0.00
--------|----------------------------------------------------------------------------|-------|-------------|-------|-------|-------|-------|--------|-----------
         Aggregated                                                                      2263     0(0.00%) |     88       7    2002     32 |  115.90        0.00

Type     Name                                                                          # reqs      # fails |    Avg     Min     Max    Med |   req/s  failures/s
--------|----------------------------------------------------------------------------|-------|-------------|-------|-------|-------|-------|--------|-----------
GET      /                                                                                 83     0(0.00%) |     96      12    1146     26 |    2.79        0.00
GET      /cart                                                                            332     0(0.00%) |     99       7     922     55 |   11.14        0.00
POST     /cart [add]                                                                      444     0(0.00%) |    123      12    2002     58 |   14.90        0.00
POST     /cart/checkout                                                                   164     0(0.00%) |    104      13     361     58 |    5.51        0.00
GET      /product/[id]                                                                   1217     0(0.00%) |     89       7    1116     33 |   40.85        0.00
POST     /setCurrency                                                                     260     0(0.00%) |     65      14    1267     26 |    8.73        0.00
--------|----------------------------------------------------------------------------|-------|-------------|-------|-------|-------|-------|--------|-----------
         Aggregated                                                                      2500     0(0.00%) |     95       7    2002     40 |   83.92        0.00

Response time percentiles (approximated)
Type     Name                                                                                  50%    66%    75%    80%    90%    95%    98%    99%  99.9% 99.99%   100% # reqs
--------|--------------------------------------------------------------------------------|--------|------|------|------|------|------|------|------|------|------|------|------
GET      /                                                                                      26     47     75     90    110    790   1100   1100   1100   1100   1100     83
GET      /cart                                                                                  55    110    160    180    250    290    380    830    920    920    920    332
POST     /cart [add]                                                                            59    110    170    200    270    300    860   1700   2000   2000   2000    444
POST     /cart/checkout                                                                         61    100    190    200    280    300    300    330    360    360    360    164
GET      /product/[id]                                                                          33     82    140    160    230    280    330    800   1000   1100   1100   1217
POST     /setCurrency                                                                           27     51     65     76    110    170    510    750   1300   1300   1300    260
--------|--------------------------------------------------------------------------------|--------|------|------|------|------|------|------|------|------|------|------|------
         Aggregated                                                                             40     84    130    160    240    290    380    870   1900   2000   2000   2500

