/Users/edias/Library/Python/3.9/lib/python/site-packages/urllib3/__init__.py:35: NotOpenSSLWarning: urllib3 v2 only supports OpenSSL 1.1.1+, currently the 'ssl' module is compiled with 'LibreSSL 2.8.3'. See: https://github.com/urllib3/urllib3/issues/3020
  warnings.warn(
[2026-04-26 09:56:09,177] Mac/WARNING/locust.main: Python 3.9 support is deprecated and will be removed soon
Type     Name                                                                          # reqs      # fails |    Avg     Min     Max    Med |   req/s  failures/s
--------|----------------------------------------------------------------------------|-------|-------------|-------|-------|-------|-------|--------|-----------
--------|----------------------------------------------------------------------------|-------|-------------|-------|-------|-------|-------|--------|-----------
         Aggregated                                                                         0     0(0.00%) |      0       0       0      0 |    0.00        0.00

Type     Name                                                                          # reqs      # fails |    Avg     Min     Max    Med |   req/s  failures/s
--------|----------------------------------------------------------------------------|-------|-------------|-------|-------|-------|-------|--------|-----------
GET      /cart                                                                              5     0(0.00%) |     43      14      86     19 |    0.00        0.00
POST     /cart [add]                                                                        6     0(0.00%) |     27      20      33     28 |    0.00        0.00
POST     /cart/checkout                                                                     1     0(0.00%) |     31      31      31     31 |    0.00        0.00
GET      /product/[id]                                                                      8     0(0.00%) |     16      11      19     17 |    0.00        0.00
POST     /setCurrency                                                                       1     0(0.00%) |     56      56      56     56 |    0.00        0.00
--------|----------------------------------------------------------------------------|-------|-------------|-------|-------|-------|-------|--------|-----------
         Aggregated                                                                        21     0(0.00%) |     28      11      86     20 |    0.00        0.00

Type     Name                                                                          # reqs      # fails |    Avg     Min     Max    Med |   req/s  failures/s
--------|----------------------------------------------------------------------------|-------|-------------|-------|-------|-------|-------|--------|-----------
GET      /                                                                                  2     0(0.00%) |     25      20      31     21 |    0.00        0.00
GET      /cart                                                                             11     0(0.00%) |     28       9      86     18 |    2.00        0.00
POST     /cart [add]                                                                       15     0(0.00%) |     28      15      79     21 |    3.00        0.00
POST     /cart/checkout                                                                     5     0(0.00%) |     21      16      31     20 |    0.50        0.00
GET      /product/[id]                                                                     34     0(0.00%) |     13       9      19     12 |    3.50        0.00
POST     /setCurrency                                                                       8     0(0.00%) |     33      15      86     23 |    0.50        0.00
--------|----------------------------------------------------------------------------|-------|-------------|-------|-------|-------|-------|--------|-----------
         Aggregated                                                                        75     0(0.00%) |     21       9      86     17 |    9.50        0.00

Type     Name                                                                          # reqs      # fails |    Avg     Min     Max    Med |   req/s  failures/s
--------|----------------------------------------------------------------------------|-------|-------------|-------|-------|-------|-------|--------|-----------
GET      /                                                                                  6     0(0.00%) |     31      20      69     22 |    0.25        0.00
GET      /cart                                                                             18     0(0.00%) |     21       8      86     14 |    2.50        0.00
POST     /cart [add]                                                                       34     0(0.00%) |     23      11      79     17 |    3.75        0.00
POST     /cart/checkout                                                                    11     0(0.00%) |     26      11      76     18 |    1.25        0.00
GET      /product/[id]                                                                     72     0(0.00%) |     14       8      62     12 |    7.75        0.00
POST     /setCurrency                                                                      16     0(0.00%) |     32      15      86     23 |    1.75        0.00
--------|----------------------------------------------------------------------------|-------|-------------|-------|-------|-------|-------|--------|-----------
         Aggregated                                                                       157     0(0.00%) |     20       8      86     16 |   17.25        0.00

Type     Name                                                                          # reqs      # fails |    Avg     Min     Max    Med |   req/s  failures/s
--------|----------------------------------------------------------------------------|-------|-------------|-------|-------|-------|-------|--------|-----------
GET      /                                                                                 11     0(0.00%) |     28      15      69     22 |    0.83        0.00
GET      /cart                                                                             34     0(0.00%) |     17       7      86     12 |    3.00        0.00
POST     /cart [add]                                                                       54     0(0.00%) |     24      11      92     17 |    5.17        0.00
POST     /cart/checkout                                                                    16     0(0.00%) |     24      11      76     16 |    1.50        0.00
GET      /product/[id]                                                                    120     0(0.00%) |     16       7      74     12 |   11.83        0.00
POST     /setCurrency                                                                      27     0(0.00%) |     31      15      90     20 |    2.50        0.00
--------|----------------------------------------------------------------------------|-------|-------------|-------|-------|-------|-------|--------|-----------
         Aggregated                                                                       262     0(0.00%) |     20       7      92     15 |   24.83        0.00

Type     Name                                                                          # reqs      # fails |    Avg     Min     Max    Med |   req/s  failures/s
--------|----------------------------------------------------------------------------|-------|-------------|-------|-------|-------|-------|--------|-----------
GET      /                                                                                 15     0(0.00%) |     29      14      80     21 |    1.25        0.00
GET      /cart                                                                             57     0(0.00%) |     18       7      86     12 |    4.00        0.00
POST     /cart [add]                                                                       69     0(0.00%) |     24      11      92     17 |    6.25        0.00
POST     /cart/checkout                                                                    22     0(0.00%) |     25      11      91     16 |    2.00        0.00
GET      /product/[id]                                                                    184     0(0.00%) |     18       7      80     12 |   14.50        0.00
POST     /setCurrency                                                                      43     0(0.00%) |     40      15     178     23 |    3.38        0.00
--------|----------------------------------------------------------------------------|-------|-------------|-------|-------|-------|-------|--------|-----------
         Aggregated                                                                       390     0(0.00%) |     22       7     178     15 |   31.38        0.00

Type     Name                                                                          # reqs      # fails |    Avg     Min     Max    Med |   req/s  failures/s
--------|----------------------------------------------------------------------------|-------|-------------|-------|-------|-------|-------|--------|-----------
GET      /                                                                                 19     0(0.00%) |     38      14     139     22 |    1.50        0.00
GET      /cart                                                                             71     0(0.00%) |     18       7      86     12 |    5.50        0.00
POST     /cart [add]                                                                       95     0(0.00%) |     31      10     196     17 |    6.70        0.00
POST     /cart/checkout                                                                    33     0(0.00%) |     31      11     119     18 |    2.10        0.00
GET      /product/[id]                                                                    266     0(0.00%) |     21       7     112     12 |   17.60        0.00
POST     /setCurrency                                                                      57     0(0.00%) |     49      15     213     25 |    4.30        0.00
--------|----------------------------------------------------------------------------|-------|-------------|-------|-------|-------|-------|--------|-----------
         Aggregated                                                                       541     0(0.00%) |     27       7     213     15 |   37.70        0.00

Type     Name                                                                          # reqs      # fails |    Avg     Min     Max    Med |   req/s  failures/s
--------|----------------------------------------------------------------------------|-------|-------------|-------|-------|-------|-------|--------|-----------
GET      /                                                                                 21     0(0.00%) |     46      14     139     23 |    1.80        0.00
GET      /cart                                                                             93     0(0.00%) |     25       7     111     12 |    6.70        0.00
POST     /cart [add]                                                                      120     0(0.00%) |     39      10     196     18 |    8.60        0.00
POST     /cart/checkout                                                                    43     0(0.00%) |     41      11     160     19 |    3.10        0.00
GET      /product/[id]                                                                    350     0(0.00%) |     27       7     149     13 |   25.40        0.00
POST     /setCurrency                                                                      76     0(0.00%) |     59      15     213     42 |    5.30        0.00
--------|----------------------------------------------------------------------------|-------|-------------|-------|-------|-------|-------|--------|-----------
         Aggregated                                                                       703     0(0.00%) |     34       7     213     17 |   50.90        0.00

Type     Name                                                                          # reqs      # fails |    Avg     Min     Max    Med |   req/s  failures/s
--------|----------------------------------------------------------------------------|-------|-------------|-------|-------|-------|-------|--------|-----------
GET      /                                                                                 21     0(0.00%) |     46      14     139     23 |    2.00        0.00
GET      /cart                                                                            115     0(0.00%) |     29       7     134     14 |    8.10        0.00
POST     /cart [add]                                                                      149     0(0.00%) |     42      10     196     23 |   10.20        0.00
POST     /cart/checkout                                                                    56     0(0.00%) |     43      11     160     20 |    3.70        0.00
GET      /product/[id]                                                                    439     0(0.00%) |     30       7     152     14 |   31.30        0.00
POST     /setCurrency                                                                      87     0(0.00%) |     58      15     213     42 |    6.80        0.00
--------|----------------------------------------------------------------------------|-------|-------------|-------|-------|-------|-------|--------|-----------
         Aggregated                                                                       867     0(0.00%) |     36       7     213     19 |   62.10        0.00

Type     Name                                                                          # reqs      # fails |    Avg     Min     Max    Med |   req/s  failures/s
--------|----------------------------------------------------------------------------|-------|-------------|-------|-------|-------|-------|--------|-----------
GET      /                                                                                 23     0(0.00%) |     48      14     139     23 |    1.60        0.00
GET      /cart                                                                            131     0(0.00%) |     39       7     363     16 |    9.40        0.00
POST     /cart [add]                                                                      189     0(0.00%) |     53      10     279     33 |   11.70        0.00
POST     /cart/checkout                                                                    73     0(0.00%) |     55      11     193     44 |    4.50        0.00
GET      /product/[id]                                                                    488     0(0.00%) |     38       7     420     18 |   35.60        0.00
POST     /setCurrency                                                                      99     0(0.00%) |     68      15     352     44 |    7.20        0.00
--------|----------------------------------------------------------------------------|-------|-------------|-------|-------|-------|-------|--------|-----------
         Aggregated                                                                      1003     0(0.00%) |     45       7     420     23 |   70.00        0.00

Type     Name                                                                          # reqs      # fails |    Avg     Min     Max    Med |   req/s  failures/s
--------|----------------------------------------------------------------------------|-------|-------------|-------|-------|-------|-------|--------|-----------
GET      /                                                                                 30     0(0.00%) |     56      14     167     23 |    1.30        0.00
GET      /cart                                                                            152     0(0.00%) |     39       7     363     16 |    9.80        0.00
POST     /cart [add]                                                                      216     0(0.00%) |     52      10     279     33 |   13.20        0.00
POST     /cart/checkout                                                                    81     0(0.00%) |     55      11     193     44 |    5.50        0.00
GET      /product/[id]                                                                    570     0(0.00%) |     38       7     420     20 |   36.70        0.00
POST     /setCurrency                                                                     113     0(0.00%) |     69      14     352     47 |    7.10        0.00
--------|----------------------------------------------------------------------------|-------|-------------|-------|-------|-------|-------|--------|-----------
         Aggregated                                                                      1162     0(0.00%) |     45       7     420     25 |   73.60        0.00

Type     Name                                                                          # reqs      # fails |    Avg     Min     Max    Med |   req/s  failures/s
--------|----------------------------------------------------------------------------|-------|-------------|-------|-------|-------|-------|--------|-----------
GET      /                                                                                 34     0(0.00%) |     58      14     167     38 |    1.40        0.00
GET      /cart                                                                            171     0(0.00%) |     44       7     363     19 |    9.50        0.00
POST     /cart [add]                                                                      241     0(0.00%) |     54      10     292     33 |   14.40        0.00
POST     /cart/checkout                                                                    88     0(0.00%) |     54      11     193     34 |    5.90        0.00
GET      /product/[id]                                                                    647     0(0.00%) |     41       7     420     23 |   38.80        0.00
POST     /setCurrency                                                                     128     0(0.00%) |     69      12     352     51 |    6.70        0.00
--------|----------------------------------------------------------------------------|-------|-------------|-------|-------|-------|-------|--------|-----------
         Aggregated                                                                      1309     0(0.00%) |     48       7     420     28 |   76.70        0.00

Type     Name                                                                          # reqs      # fails |    Avg     Min     Max    Med |   req/s  failures/s
--------|----------------------------------------------------------------------------|-------|-------------|-------|-------|-------|-------|--------|-----------
GET      /                                                                                 36     0(0.00%) |     63      14     198     53 |    1.60        0.00
GET      /cart                                                                            188     0(0.00%) |     45       7     363     21 |    9.70        0.00
POST     /cart [add]                                                                      270     0(0.00%) |     58      10     292     36 |   14.80        0.00
POST     /cart/checkout                                                                   101     0(0.00%) |     56      11     193     50 |    5.60        0.00
GET      /product/[id]                                                                    727     0(0.00%) |     43       7     420     29 |   37.70        0.00
POST     /setCurrency                                                                     145     0(0.00%) |     69      12     352     50 |    7.30        0.00
--------|----------------------------------------------------------------------------|-------|-------------|-------|-------|-------|-------|--------|-----------
         Aggregated                                                                      1467     0(0.00%) |     50       7     420     32 |   76.70        0.00

Type     Name                                                                          # reqs      # fails |    Avg     Min     Max    Med |   req/s  failures/s
--------|----------------------------------------------------------------------------|-------|-------------|-------|-------|-------|-------|--------|-----------
GET      /                                                                                 39     0(0.00%) |     66      14     204     54 |    1.50        0.00
GET      /cart                                                                            210     0(0.00%) |     44       7     363     24 |    9.60        0.00
POST     /cart [add]                                                                      297     0(0.00%) |     60       9     292     40 |   15.00        0.00
POST     /cart/checkout                                                                   110     0(0.00%) |     56      11     193     45 |    5.70        0.00
GET      /product/[id]                                                                    804     0(0.00%) |     44       6     420     29 |   37.80        0.00
POST     /setCurrency                                                                     161     0(0.00%) |     69      12     352     51 |    6.80        0.00
--------|----------------------------------------------------------------------------|-------|-------------|-------|-------|-------|-------|--------|-----------
         Aggregated                                                                      1621     0(0.00%) |     51       6     420     33 |   76.40        0.00

Type     Name                                                                          # reqs      # fails |    Avg     Min     Max    Med |   req/s  failures/s
--------|----------------------------------------------------------------------------|-------|-------------|-------|-------|-------|-------|--------|-----------
GET      /                                                                                 44     0(0.00%) |     66      14     204     54 |    1.80        0.00
GET      /cart                                                                            229     0(0.00%) |     45       7     363     32 |    9.30        0.00
POST     /cart [add]                                                                      321     0(0.00%) |     61       9     292     42 |   14.80        0.00
POST     /cart/checkout                                                                   118     0(0.00%) |     55      11     193     44 |    5.50        0.00
GET      /product/[id]                                                                    880     0(0.00%) |     43       6     420     29 |   36.90        0.00
POST     /setCurrency                                                                     182     0(0.00%) |     69      12     352     51 |    7.10        0.00
--------|----------------------------------------------------------------------------|-------|-------------|-------|-------|-------|-------|--------|-----------
         Aggregated                                                                      1774     0(0.00%) |     51       6     420     34 |   75.40        0.00

Type     Name                                                                          # reqs      # fails |    Avg     Min     Max    Med |   req/s  failures/s
--------|----------------------------------------------------------------------------|-------|-------------|-------|-------|-------|-------|--------|-----------
GET      /                                                                                 46     0(0.00%) |     65      14     204     54 |    1.55        0.00
GET      /cart                                                                            251     0(0.00%) |     47       7     363     33 |    8.44        0.00
POST     /cart [add]                                                                      352     0(0.00%) |     64       9     292     44 |   11.84        0.00
POST     /cart/checkout                                                                   131     0(0.00%) |     60      11     301     61 |    4.41        0.00
GET      /product/[id]                                                                    928     0(0.00%) |     44       6     420     30 |   31.21        0.00
POST     /setCurrency                                                                     191     0(0.00%) |     72      12     352     54 |    6.42        0.00
--------|----------------------------------------------------------------------------|-------|-------------|-------|-------|-------|-------|--------|-----------
         Aggregated                                                                      1899     0(0.00%) |     53       6     420     36 |   63.86        0.00

Response time percentiles (approximated)
Type     Name                                                                                  50%    66%    75%    80%    90%    95%    98%    99%  99.9% 99.99%   100% # reqs
--------|--------------------------------------------------------------------------------|--------|------|------|------|------|------|------|------|------|------|------|------
GET      /                                                                                      56     81     90     96    140    170    200    200    200    200    200     46
GET      /cart                                                                                  33     53     70     78     99    140    170    270    360    360    360    251
POST     /cart [add]                                                                            44     77     90    100    150    200    240    260    290    290    290    352
POST     /cart/checkout                                                                         61     88     94     98    110    120    190    250    300    300    300    131
GET      /product/[id]                                                                          31     49     62     73     97    120    180    210    420    420    420    928
POST     /setCurrency                                                                           54     79     93    100    160    190    260    330    350    350    350    191
--------|--------------------------------------------------------------------------------|--------|------|------|------|------|------|------|------|------|------|------|------
         Aggregated                                                                             36     59     77     86    110    150    210    260    380    420    420   1899

