/Users/edias/Library/Python/3.9/lib/python/site-packages/urllib3/__init__.py:35: NotOpenSSLWarning: urllib3 v2 only supports OpenSSL 1.1.1+, currently the 'ssl' module is compiled with 'LibreSSL 2.8.3'. See: https://github.com/urllib3/urllib3/issues/3020
  warnings.warn(
[2026-04-25 20:26:25,544] Mac/WARNING/locust.main: Python 3.9 support is deprecated and will be removed soon
Type     Name                                                                          # reqs      # fails |    Avg     Min     Max    Med |   req/s  failures/s
--------|----------------------------------------------------------------------------|-------|-------------|-------|-------|-------|-------|--------|-----------
--------|----------------------------------------------------------------------------|-------|-------------|-------|-------|-------|-------|--------|-----------
         Aggregated                                                                         0     0(0.00%) |      0       0       0      0 |    0.00        0.00

Type     Name                                                                          # reqs      # fails |    Avg     Min     Max    Med |   req/s  failures/s
--------|----------------------------------------------------------------------------|-------|-------------|-------|-------|-------|-------|--------|-----------
GET      /cart                                                                              3     0(0.00%) |     18      15      21     19 |    0.00        0.00
POST     /cart [add]                                                                        4     0(0.00%) |     25      16      35     18 |    0.00        0.00
POST     /cart/checkout                                                                     1     0(0.00%) |     37      37      37     37 |    0.00        0.00
GET      /product/[id]                                                                     14     0(0.00%) |     18      10      34     17 |    0.00        0.00
POST     /setCurrency                                                                       1     0(0.00%) |     26      26      26     26 |    0.00        0.00
--------|----------------------------------------------------------------------------|-------|-------------|-------|-------|-------|-------|--------|-----------
         Aggregated                                                                        23     0(0.00%) |     20      10      37     18 |    0.00        0.00

Type     Name                                                                          # reqs      # fails |    Avg     Min     Max    Med |   req/s  failures/s
--------|----------------------------------------------------------------------------|-------|-------------|-------|-------|-------|-------|--------|-----------
GET      /cart                                                                              9     0(0.00%) |     13       8      21     13 |    1.00        0.00
POST     /cart [add]                                                                       15     0(0.00%) |     19      13      35     17 |    1.50        0.00
POST     /cart/checkout                                                                     5     0(0.00%) |     19      13      37     15 |    0.00        0.00
GET      /product/[id]                                                                     41     0(0.00%) |     14       8      34     14 |    4.50        0.00
POST     /setCurrency                                                                       5     0(0.00%) |     21      15      31     19 |    0.00        0.00
--------|----------------------------------------------------------------------------|-------|-------------|-------|-------|-------|-------|--------|-----------
         Aggregated                                                                        75     0(0.00%) |     16       8      37     15 |    7.00        0.00

Type     Name                                                                          # reqs      # fails |    Avg     Min     Max    Med |   req/s  failures/s
--------|----------------------------------------------------------------------------|-------|-------------|-------|-------|-------|-------|--------|-----------
GET      /                                                                                  5     0(0.00%) |     17      13      21     15 |    0.00        0.00
GET      /cart                                                                             22     0(0.00%) |     11       7      21     11 |    1.75        0.00
POST     /cart [add]                                                                       32     0(0.00%) |     17      12      53     16 |    3.00        0.00
POST     /cart/checkout                                                                    12     0(0.00%) |     16      12      37     14 |    0.75        0.00
GET      /product/[id]                                                                     82     0(0.00%) |     12       7      34     10 |    8.25        0.00
POST     /setCurrency                                                                      10     0(0.00%) |     19      14      31     16 |    1.25        0.00
--------|----------------------------------------------------------------------------|-------|-------------|-------|-------|-------|-------|--------|-----------
         Aggregated                                                                       163     0(0.00%) |     14       7      53     13 |   15.00        0.00

Type     Name                                                                          # reqs      # fails |    Avg     Min     Max    Med |   req/s  failures/s
--------|----------------------------------------------------------------------------|-------|-------------|-------|-------|-------|-------|--------|-----------
GET      /                                                                                  8     0(0.00%) |     48      11     273     14 |    0.50        0.00
GET      /cart                                                                             35     0(0.00%) |     10       7      21     10 |    3.17        0.00
POST     /cart [add]                                                                       45     0(0.00%) |     27      10     267     14 |    4.50        0.00
POST     /cart/checkout                                                                    20     0(0.00%) |     16      11      41     14 |    1.50        0.00
GET      /product/[id]                                                                    141     0(0.00%) |     23       6     315     10 |   11.83        0.00
POST     /setCurrency                                                                      20     0(0.00%) |     67      13     374     17 |    1.17        0.00
--------|----------------------------------------------------------------------------|-------|-------------|-------|-------|-------|-------|--------|-----------
         Aggregated                                                                       269     0(0.00%) |     25       6     374     12 |   22.67        0.00

Type     Name                                                                          # reqs      # fails |    Avg     Min     Max    Med |   req/s  failures/s
--------|----------------------------------------------------------------------------|-------|-------------|-------|-------|-------|-------|--------|-----------
GET      /                                                                                 14     0(0.00%) |     60      11     273     21 |    0.88        0.00
GET      /cart                                                                             55     0(0.00%) |     16       7     112     10 |    4.38        0.00
POST     /cart [add]                                                                       64     0(0.00%) |     34      10     267     16 |    5.00        0.00
POST     /cart/checkout                                                                    29     0(0.00%) |     19      11      49     15 |    2.12        0.00
GET      /product/[id]                                                                    205     0(0.00%) |     23       6     315     10 |   15.88        0.00
POST     /setCurrency                                                                      30     0(0.00%) |     63      13     374     21 |    1.88        0.00
--------|----------------------------------------------------------------------------|-------|-------------|-------|-------|-------|-------|--------|-----------
         Aggregated                                                                       397     0(0.00%) |     28       6     374     13 |   30.12        0.00

Type     Name                                                                          # reqs      # fails |    Avg     Min     Max    Med |   req/s  failures/s
--------|----------------------------------------------------------------------------|-------|-------------|-------|-------|-------|-------|--------|-----------
GET      /                                                                                 19     0(0.00%) |     60      11     273     34 |    1.20        0.00
GET      /cart                                                                             67     0(0.00%) |     27       7     217     11 |    5.00        0.00
POST     /cart [add]                                                                       89     0(0.00%) |     42      10     267     17 |    5.90        0.00
POST     /cart/checkout                                                                    37     0(0.00%) |     27      11      98     15 |    2.70        0.00
GET      /product/[id]                                                                    277     0(0.00%) |     32       6     315     11 |   18.50        0.00
POST     /setCurrency                                                                      50     0(0.00%) |     71      13     374     34 |    2.60        0.00
--------|----------------------------------------------------------------------------|-------|-------------|-------|-------|-------|-------|--------|-----------
         Aggregated                                                                       539     0(0.00%) |     37       6     374     14 |   35.90        0.00

Type     Name                                                                          # reqs      # fails |    Avg     Min     Max    Med |   req/s  failures/s
--------|----------------------------------------------------------------------------|-------|-------------|-------|-------|-------|-------|--------|-----------
GET      /                                                                                 20     0(0.00%) |     63      11     273     34 |    1.80        0.00
GET      /cart                                                                             90     0(0.00%) |     32       6     217     12 |    5.90        0.00
POST     /cart [add]                                                                      120     0(0.00%) |     48      10     267     20 |    7.80        0.00
POST     /cart/checkout                                                                    46     0(0.00%) |     33      11     101     16 |    3.50        0.00
GET      /product/[id]                                                                    364     0(0.00%) |     34       6     315     13 |   25.30        0.00
POST     /setCurrency                                                                      66     0(0.00%) |     71      13     374     42 |    4.40        0.00
--------|----------------------------------------------------------------------------|-------|-------------|-------|-------|-------|-------|--------|-----------
         Aggregated                                                                       706     0(0.00%) |     40       6     374     16 |   48.70        0.00

Type     Name                                                                          # reqs      # fails |    Avg     Min     Max    Med |   req/s  failures/s
--------|----------------------------------------------------------------------------|-------|-------------|-------|-------|-------|-------|--------|-----------
GET      /                                                                                 25     0(0.00%) |     74      11     273     54 |    1.90        0.00
GET      /cart                                                                            111     0(0.00%) |     38       6     217     15 |    7.80        0.00
POST     /cart [add]                                                                      146     0(0.00%) |     55      10     267     33 |   10.10        0.00
POST     /cart/checkout                                                                    59     0(0.00%) |     47      11     224     19 |    4.00        0.00
GET      /product/[id]                                                                    453     0(0.00%) |     43       6     315     18 |   30.30        0.00
POST     /setCurrency                                                                      83     0(0.00%) |     79      13     374     55 |    5.50        0.00
--------|----------------------------------------------------------------------------|-------|-------------|-------|-------|-------|-------|--------|-----------
         Aggregated                                                                       877     0(0.00%) |     49       6     374     24 |   59.60        0.00

Type     Name                                                                          # reqs      # fails |    Avg     Min     Max    Med |   req/s  failures/s
--------|----------------------------------------------------------------------------|-------|-------------|-------|-------|-------|-------|--------|-----------
GET      /                                                                                 33     0(0.00%) |     84      11     273     74 |    1.90        0.00
GET      /cart                                                                            129     0(0.00%) |     41       6     217     23 |    8.60        0.00
POST     /cart [add]                                                                      168     0(0.00%) |     64      10     267     41 |   11.20        0.00
POST     /cart/checkout                                                                    65     0(0.00%) |     51      11     224     23 |    4.70        0.00
GET      /product/[id]                                                                    533     0(0.00%) |     50       6     315     28 |   35.70        0.00
POST     /setCurrency                                                                     106     0(0.00%) |     89      13     374     80 |    6.90        0.00
--------|----------------------------------------------------------------------------|-------|-------------|-------|-------|-------|-------|--------|-----------
         Aggregated                                                                      1034     0(0.00%) |     56       6     374     34 |   69.00        0.00

Type     Name                                                                          # reqs      # fails |    Avg     Min     Max    Med |   req/s  failures/s
--------|----------------------------------------------------------------------------|-------|-------------|-------|-------|-------|-------|--------|-----------
GET      /                                                                                 38     0(0.00%) |     98      11     519     74 |    2.60        0.00
GET      /cart                                                                            159     0(0.00%) |     94       6     878     38 |    9.10        0.00
POST     /cart [add]                                                                      194     0(0.00%) |     91      10    1012     51 |   12.50        0.00
POST     /cart/checkout                                                                    71     0(0.00%) |     57      11     224     38 |    4.60        0.00
GET      /product/[id]                                                                    615     0(0.00%) |     78       6     966     38 |   39.10        0.00
POST     /setCurrency                                                                     115     0(0.00%) |    116      13     863     83 |    8.60        0.00
--------|----------------------------------------------------------------------------|-------|-------------|-------|-------|-------|-------|--------|-----------
         Aggregated                                                                      1192     0(0.00%) |     86       6    1012     44 |   76.50        0.00

Type     Name                                                                          # reqs      # fails |    Avg     Min     Max    Med |   req/s  failures/s
--------|----------------------------------------------------------------------------|-------|-------------|-------|-------|-------|-------|--------|-----------
GET      /                                                                                 43     0(0.00%) |     95      11     519     74 |    2.30        0.00
GET      /cart                                                                            189     0(0.00%) |     99       6     878     55 |    9.90        0.00
POST     /cart [add]                                                                      225     0(0.00%) |    100      10    1012     71 |   12.50        0.00
POST     /cart/checkout                                                                    81     0(0.00%) |     62      11     224     81 |    4.10        0.00
GET      /product/[id]                                                                    723     0(0.00%) |     87       6     966     55 |   39.80        0.00
POST     /setCurrency                                                                     132     0(0.00%) |    110      13     863     79 |    8.70        0.00
--------|----------------------------------------------------------------------------|-------|-------------|-------|-------|-------|-------|--------|-----------
         Aggregated                                                                      1393     0(0.00%) |     92       6    1012     60 |   77.30        0.00

Type     Name                                                                          # reqs      # fails |    Avg     Min     Max    Med |   req/s  failures/s
--------|----------------------------------------------------------------------------|-------|-------------|-------|-------|-------|-------|--------|-----------
GET      /                                                                                 48     0(0.00%) |    106      11     519     87 |    2.30        0.00
GET      /cart                                                                            205     0(0.00%) |    105       6     878     59 |   12.40        0.00
POST     /cart [add]                                                                      260     0(0.00%) |    114      10    1012     89 |   13.30        0.00
POST     /cart/checkout                                                                    93     0(0.00%) |     79      11     397     87 |    4.40        0.00
GET      /product/[id]                                                                    832     0(0.00%) |     97       6     966     71 |   43.40        0.00
POST     /setCurrency                                                                     160     0(0.00%) |    126      13     863     90 |    8.30        0.00
--------|----------------------------------------------------------------------------|-------|-------------|-------|-------|-------|-------|--------|-----------
         Aggregated                                                                      1598     0(0.00%) |    103       6    1012     76 |   84.10        0.00

Type     Name                                                                          # reqs      # fails |    Avg     Min     Max    Med |   req/s  failures/s
--------|----------------------------------------------------------------------------|-------|-------------|-------|-------|-------|-------|--------|-----------
GET      /                                                                                 54     0(0.00%) |    123      11     519     98 |    2.80        0.00
GET      /cart                                                                            235     0(0.00%) |    114       6     878     80 |   11.80        0.00
POST     /cart [add]                                                                      290     0(0.00%) |    125      10    1012    100 |   13.50        0.00
POST     /cart/checkout                                                                   108     0(0.00%) |     97      11     418     94 |    4.60        0.00
GET      /product/[id]                                                                    936     0(0.00%) |    107       6     966     84 |   45.90        0.00
POST     /setCurrency                                                                     184     0(0.00%) |    138      13     863    110 |    9.10        0.00
--------|----------------------------------------------------------------------------|-------|-------------|-------|-------|-------|-------|--------|-----------
         Aggregated                                                                      1807     0(0.00%) |    114       6    1012     92 |   87.70        0.00

Type     Name                                                                          # reqs      # fails |    Avg     Min     Max    Med |   req/s  failures/s
--------|----------------------------------------------------------------------------|-------|-------------|-------|-------|-------|-------|--------|-----------
GET      /                                                                                 61     0(0.00%) |    129      11     519    110 |    3.00        0.00
GET      /cart                                                                            257     0(0.00%) |    117       6     878     91 |   12.00        0.00
POST     /cart [add]                                                                      323     0(0.00%) |    134      10    1012    110 |   14.60        0.00
POST     /cart/checkout                                                                   121     0(0.00%) |    102      11     418     96 |    5.00        0.00
GET      /product/[id]                                                                   1038     0(0.00%) |    110       6     966     96 |   47.00        0.00
POST     /setCurrency                                                                     216     0(0.00%) |    157      13     863    140 |   10.20        0.00
--------|----------------------------------------------------------------------------|-------|-------------|-------|-------|-------|-------|--------|-----------
         Aggregated                                                                      2016     0(0.00%) |    120       6    1012     99 |   91.80        0.00

Type     Name                                                                          # reqs      # fails |    Avg     Min     Max    Med |   req/s  failures/s
--------|----------------------------------------------------------------------------|-------|-------------|-------|-------|-------|-------|--------|-----------
GET      /                                                                                 67     0(0.00%) |    124      11     519    100 |    2.25        0.00
GET      /cart                                                                            283     0(0.00%) |    121       6     878    110 |    9.50        0.00
POST     /cart [add]                                                                      361     0(0.00%) |    141      10    1012    130 |   12.12        0.00
POST     /cart/checkout                                                                   132     0(0.00%) |    107      11     418     96 |    4.43        0.00
GET      /product/[id]                                                                   1144     0(0.00%) |    115       6     966    110 |   38.40        0.00
POST     /setCurrency                                                                     230     0(0.00%) |    155      13     863    130 |    7.72        0.00
--------|----------------------------------------------------------------------------|-------|-------------|-------|-------|-------|-------|--------|-----------
         Aggregated                                                                      2217     0(0.00%) |    124       6    1012    110 |   74.42        0.00

Response time percentiles (approximated)
Type     Name                                                                                  50%    66%    75%    80%    90%    95%    98%    99%  99.9% 99.99%   100% # reqs
--------|--------------------------------------------------------------------------------|--------|------|------|------|------|------|------|------|------|------|------|------
GET      /                                                                                     100    130    180    180    270    370    410    520    520    520    520     67
GET      /cart                                                                                 110    140    160    180    220    270    670    810    880    880    880    283
POST     /cart [add]                                                                           130    170    200    220    270    320    370    880   1000   1000   1000    361
POST     /cart/checkout                                                                         96    100    170    190    200    260    390    400    420    420    420    132
GET      /product/[id]                                                                         110    140    160    170    210    260    350    850    960    970    970   1144
POST     /setCurrency                                                                          140    180    210    260    310    380    470    660    860    860    860    230
--------|--------------------------------------------------------------------------------|--------|------|------|------|------|------|------|------|------|------|------|------
         Aggregated                                                                            110    150    170    190    240    300    410    670    960   1000   1000   2217

