/Users/edias/Library/Python/3.9/lib/python/site-packages/urllib3/__init__.py:35: NotOpenSSLWarning: urllib3 v2 only supports OpenSSL 1.1.1+, currently the 'ssl' module is compiled with 'LibreSSL 2.8.3'. See: https://github.com/urllib3/urllib3/issues/3020
  warnings.warn(
[2026-05-21 14:55:14,003] MacBook-Air-de-Eduardo/WARNING/locust.main: Python 3.9 support is deprecated and will be removed soon
Type     Name                                                                          # reqs      # fails |    Avg     Min     Max    Med |   req/s  failures/s
--------|----------------------------------------------------------------------------|-------|-------------|-------|-------|-------|-------|--------|-----------
--------|----------------------------------------------------------------------------|-------|-------------|-------|-------|-------|-------|--------|-----------
         Aggregated                                                                         0     0(0.00%) |      0       0       0      0 |    0.00        0.00

Type     Name                                                                          # reqs      # fails |    Avg     Min     Max    Med |   req/s  failures/s
--------|----------------------------------------------------------------------------|-------|-------------|-------|-------|-------|-------|--------|-----------
--------|----------------------------------------------------------------------------|-------|-------------|-------|-------|-------|-------|--------|-----------
         Aggregated                                                                         0     0(0.00%) |      0       0       0      0 |    0.00        0.00

Type     Name                                                                          # reqs      # fails |    Avg     Min     Max    Med |   req/s  failures/s
--------|----------------------------------------------------------------------------|-------|-------------|-------|-------|-------|-------|--------|-----------
GET      /                                                                                  1     0(0.00%) |     46      46      46     46 |    0.00        0.00
GET      /cart                                                                              1     0(0.00%) |    107     107     107    107 |    0.00        0.00
POST     /cart [add]                                                                        1     0(0.00%) |   1394    1394    1394   1394 |    0.00        0.00
GET      /product/[id]                                                                      1     0(0.00%) |     32      32      32     32 |    0.00        0.00
POST     /setCurrency                                                                       1     0(0.00%) |   1241    1241    1241   1241 |    0.00        0.00
--------|----------------------------------------------------------------------------|-------|-------------|-------|-------|-------|-------|--------|-----------
         Aggregated                                                                         5     0(0.00%) |    564      32    1394    110 |    0.00        0.00

Type     Name                                                                          # reqs      # fails |    Avg     Min     Max    Med |   req/s  failures/s
--------|----------------------------------------------------------------------------|-------|-------------|-------|-------|-------|-------|--------|-----------
GET      /                                                                                  2     0(0.00%) |     45      43      46     43 |    0.25        0.00
GET      /cart                                                                              6     0(0.00%) |    551      13    2770     32 |    0.25        0.00
POST     /cart [add]                                                                       13     0(0.00%) |   1057      24    4779     70 |    0.25        0.00
POST     /cart/checkout                                                                     6     0(0.00%) |    481      38    2027     97 |    0.00        0.00
GET      /product/[id]                                                                     23     0(0.00%) |    181      18    1488     32 |    0.25        0.00
POST     /setCurrency                                                                       9     0(0.00%) |    249      30    1241    130 |    0.25        0.00
--------|----------------------------------------------------------------------------|-------|-------------|-------|-------|-------|-------|--------|-----------
         Aggregated                                                                        59     0(0.00%) |    448      13    4779     64 |    1.25        0.00

Type     Name                                                                          # reqs      # fails |    Avg     Min     Max    Med |   req/s  failures/s
--------|----------------------------------------------------------------------------|-------|-------------|-------|-------|-------|-------|--------|-----------
GET      /                                                                                  3     0(0.00%) |     71      43     124     47 |    0.33        0.00
GET      /cart                                                                             18     0(0.00%) |    201      12    2770     19 |    1.00        0.00
POST     /cart [add]                                                                       25     0(0.00%) |    566      22    4779     30 |    2.17        0.00
POST     /cart/checkout                                                                    10     0(0.00%) |    331      34    2027     97 |    1.00        0.00
GET      /product/[id]                                                                     68     0(0.00%) |    119      18    1488     82 |    3.83        0.00
POST     /setCurrency                                                                      20     0(0.00%) |    172      30    1241    130 |    1.33        0.00
--------|----------------------------------------------------------------------------|-------|-------------|-------|-------|-------|-------|--------|-----------
         Aggregated                                                                       144     0(0.00%) |    228      12    4779     66 |    9.67        0.00

Type     Name                                                                          # reqs      # fails |    Avg     Min     Max    Med |   req/s  failures/s
--------|----------------------------------------------------------------------------|-------|-------------|-------|-------|-------|-------|--------|-----------
GET      /                                                                                 10     0(0.00%) |     74      30     201     47 |    0.29        0.00
GET      /cart                                                                             34     0(0.00%) |    129      12    2770     28 |    1.71        0.00
POST     /cart [add]                                                                       44     0(0.00%) |    349      22    4779     36 |    2.43        0.00
POST     /cart/checkout                                                                    17     0(0.00%) |    226      31    2027     45 |    1.29        0.00
GET      /product/[id]                                                                    125     0(0.00%) |     89      17    1488     52 |    5.86        0.00
POST     /setCurrency                                                                      31     0(0.00%) |    142      30    1241    110 |    1.86        0.00
--------|----------------------------------------------------------------------------|-------|-------------|-------|-------|-------|-------|--------|-----------
         Aggregated                                                                       261     0(0.00%) |    152      12    4779     46 |   13.43        0.00

Type     Name                                                                          # reqs      # fails |    Avg     Min     Max    Med |   req/s  failures/s
--------|----------------------------------------------------------------------------|-------|-------------|-------|-------|-------|-------|--------|-----------
GET      /                                                                                 11     0(0.00%) |     71      30     201     47 |    1.00        0.00
GET      /cart                                                                             51     0(0.00%) |     97      12    2770     24 |    3.40        0.00
POST     /cart [add]                                                                       74     0(0.00%) |    226      20    4779     34 |    4.40        0.00
POST     /cart/checkout                                                                    28     0(0.00%) |    155      27    2027     40 |    1.70        0.00
GET      /product/[id]                                                                    197     0(0.00%) |     78      16    1488     42 |   12.50        0.00
POST     /setCurrency                                                                      43     0(0.00%) |    118      27    1241     81 |    3.10        0.00
--------|----------------------------------------------------------------------------|-------|-------------|-------|-------|-------|-------|--------|-----------
         Aggregated                                                                       404     0(0.00%) |    117      12    4779     40 |   26.10        0.00

Type     Name                                                                          # reqs      # fails |    Avg     Min     Max    Med |   req/s  failures/s
--------|----------------------------------------------------------------------------|-------|-------------|-------|-------|-------|-------|--------|-----------
GET      /                                                                                 16     0(0.00%) |    175      30     700     53 |    1.10        0.00
GET      /cart                                                                             63     0(0.00%) |    105      12    2770     27 |    5.00        0.00
POST     /cart [add]                                                                      101     0(0.00%) |    207      18    4779     38 |    7.20        0.00
POST     /cart/checkout                                                                    34     0(0.00%) |    146      24    2027     42 |    2.80        0.00
GET      /product/[id]                                                                    255     0(0.00%) |     94      15    1488     52 |   19.60        0.00
POST     /setCurrency                                                                      59     0(0.00%) |    163      23    1241     96 |    4.30        0.00
--------|----------------------------------------------------------------------------|-------|-------------|-------|-------|-------|-------|--------|-----------
         Aggregated                                                                       528     0(0.00%) |    131      12    4779     46 |   40.00        0.00

Type     Name                                                                          # reqs      # fails |    Avg     Min     Max    Med |   req/s  failures/s
--------|----------------------------------------------------------------------------|-------|-------------|-------|-------|-------|-------|--------|-----------
GET      /                                                                                 22     0(0.00%) |    149      24     700     53 |    1.30        0.00
GET      /cart                                                                             77     0(0.00%) |     94      12    2770     27 |    5.40        0.00
POST     /cart [add]                                                                      132     0(0.00%) |    174      18    4779     35 |    8.30        0.00
POST     /cart/checkout                                                                    45     0(0.00%) |    123      24    2027     42 |    2.90        0.00
GET      /product/[id]                                                                    309     0(0.00%) |     90      15    1488     47 |   22.60        0.00
POST     /setCurrency                                                                      77     0(0.00%) |    144      23    1241     81 |    4.50        0.00
--------|----------------------------------------------------------------------------|-------|-------------|-------|-------|-------|-------|--------|-----------
         Aggregated                                                                       662     0(0.00%) |    118      12    4779     42 |   45.00        0.00

Type     Name                                                                          # reqs      # fails |    Avg     Min     Max    Med |   req/s  failures/s
--------|----------------------------------------------------------------------------|-------|-------------|-------|-------|-------|-------|--------|-----------
GET      /                                                                                 27     0(0.00%) |    223      24    2280     99 |    2.00        0.00
GET      /cart                                                                             89     0(0.00%) |     85      12    2770     26 |    7.10        0.00
POST     /cart [add]                                                                      165     0(0.00%) |    218      18    4779     37 |   11.90        0.00
POST     /cart/checkout                                                                    57     0(0.00%) |    213      19    2609     43 |    3.90        0.00
GET      /product/[id]                                                                    370     0(0.00%) |    126      14    2480     46 |   28.60        0.00
POST     /setCurrency                                                                      97     0(0.00%) |    131      23    1241     75 |    6.90        0.00
--------|----------------------------------------------------------------------------|-------|-------------|-------|-------|-------|-------|--------|-----------
         Aggregated                                                                       805     0(0.00%) |    150      12    4779     41 |   60.40        0.00

Type     Name                                                                          # reqs      # fails |    Avg     Min     Max    Med |   req/s  failures/s
--------|----------------------------------------------------------------------------|-------|-------------|-------|-------|-------|-------|--------|-----------
GET      /                                                                                 30     0(0.00%) |    206      24    2280     61 |    2.40        0.00
GET      /cart                                                                             98     0(0.00%) |     79      12    2770     24 |    7.10        0.00
POST     /cart [add]                                                                      182     0(0.00%) |    206      18    4779     37 |   14.00        0.00
POST     /cart/checkout                                                                    61     0(0.00%) |    203      19    2609     45 |    4.70        0.00
GET      /product/[id]                                                                    420     0(0.00%) |    118      14    2480     41 |   30.30        0.00
POST     /setCurrency                                                                     103     0(0.00%) |    130      23    1241     75 |    7.60        0.00
--------|----------------------------------------------------------------------------|-------|-------------|-------|-------|-------|-------|--------|-----------
         Aggregated                                                                       894     0(0.00%) |    142      12    4779     40 |   66.10        0.00

Type     Name                                                                          # reqs      # fails |    Avg     Min     Max    Med |   req/s  failures/s
--------|----------------------------------------------------------------------------|-------|-------------|-------|-------|-------|-------|--------|-----------
GET      /                                                                                 33     0(0.00%) |    194      24    2280     61 |    2.00        0.00
GET      /cart                                                                            106     0(0.00%) |    155      12    3259     25 |    6.40        0.00
POST     /cart [add]                                                                      204     0(0.00%) |    373      18    4779     40 |   13.80        0.00
POST     /cart/checkout                                                                    74     0(0.00%) |    411      19    4234     48 |    4.40        0.00
GET      /product/[id]                                                                    461     0(0.00%) |    193      14    4232     41 |   29.40        0.00
POST     /setCurrency                                                                     113     0(0.00%) |    134      23    1241     71 |    7.20        0.00
--------|----------------------------------------------------------------------------|-------|-------------|-------|-------|-------|-------|--------|-----------
         Aggregated                                                                       991     0(0.00%) |    236      12    4779     42 |   63.20        0.00

Type     Name                                                                          # reqs      # fails |    Avg     Min     Max    Med |   req/s  failures/s
--------|----------------------------------------------------------------------------|-------|-------------|-------|-------|-------|-------|--------|-----------
GET      /                                                                                 42     0(0.00%) |    184      24    2280     99 |    2.20        0.00
GET      /cart                                                                            130     0(0.00%) |    144      12    3259     28 |    5.50        0.00
POST     /cart [add]                                                                      244     0(0.00%) |    338      18    4779     50 |   13.20        0.00
POST     /cart/checkout                                                                    85     0(0.00%) |    367      19    4234     51 |    4.60        0.00
GET      /product/[id]                                                                    588     0(0.00%) |    176      14    4232     59 |   26.40        0.00
POST     /setCurrency                                                                     132     0(0.00%) |    144      23    1241     83 |    7.00        0.00
--------|----------------------------------------------------------------------------|-------|-------------|-------|-------|-------|-------|--------|-----------
         Aggregated                                                                      1221     0(0.00%) |    215      12    4779     55 |   58.90        0.00

Type     Name                                                                          # reqs      # fails |    Avg     Min     Max    Med |   req/s  failures/s
--------|----------------------------------------------------------------------------|-------|-------------|-------|-------|-------|-------|--------|-----------
GET      /                                                                                 48     0(0.00%) |    180      24    2280    110 |    2.60        0.00
GET      /cart                                                                            169     0(0.00%) |    125      12    3259     32 |    6.80        0.00
POST     /cart [add]                                                                      285     0(0.00%) |    305      18    4779     63 |   14.50        0.00
POST     /cart/checkout                                                                   104     0(0.00%) |    317      19    4234     59 |    5.10        0.00
GET      /product/[id]                                                                    724     0(0.00%) |    165      14    4232     74 |   33.40        0.00
POST     /setCurrency                                                                     162     0(0.00%) |    146      23    1241    110 |    7.50        0.00
--------|----------------------------------------------------------------------------|-------|-------------|-------|-------|-------|-------|--------|-----------
         Aggregated                                                                      1492     0(0.00%) |    196      12    4779     67 |   69.90        0.00

Type     Name                                                                          # reqs      # fails |    Avg     Min     Max    Med |   req/s  failures/s
--------|----------------------------------------------------------------------------|-------|-------------|-------|-------|-------|-------|--------|-----------
GET      /                                                                                 62     0(0.00%) |    170      24    2280    120 |    2.50        0.00
GET      /cart                                                                            200     0(0.00%) |    118      12    3259     35 |    9.20        0.00
POST     /cart [add]                                                                      326     0(0.00%) |    280      18    4779     70 |   15.30        0.00
POST     /cart/checkout                                                                   119     0(0.00%) |    291      19    4234     66 |    5.90        0.00
GET      /product/[id]                                                                    867     0(0.00%) |    155      14    4232     80 |   41.40        0.00
POST     /setCurrency                                                                     199     0(0.00%) |    146      23    1241    120 |    8.50        0.00
--------|----------------------------------------------------------------------------|-------|-------------|-------|-------|-------|-------|--------|-----------
         Aggregated                                                                      1773     0(0.00%) |    182      12    4779     77 |   82.80        0.00

Type     Name                                                                          # reqs      # fails |    Avg     Min     Max    Med |   req/s  failures/s
--------|----------------------------------------------------------------------------|-------|-------------|-------|-------|-------|-------|--------|-----------
GET      /                                                                                 70     0(0.00%) |    171      24    2280    120 |    2.35        0.00
GET      /cart                                                                            245     0(0.00%) |    114      12    3259     49 |    8.23        0.00
POST     /cart [add]                                                                      358     0(0.00%) |    269      18    4779     80 |   12.03        0.00
POST     /cart/checkout                                                                   133     0(0.00%) |    277      19    4234     74 |    4.47        0.00
GET      /product/[id]                                                                   1004     0(0.00%) |    148      14    4232     85 |   33.73        0.00
POST     /setCurrency                                                                     222     0(0.00%) |    148      23    1241    130 |    7.46        0.00
--------|----------------------------------------------------------------------------|-------|-------------|-------|-------|-------|-------|--------|-----------
         Aggregated                                                                      2032     0(0.00%) |    175      12    4779     83 |   68.27        0.00

Response time percentiles (approximated)
Type     Name                                                                                  50%    66%    75%    80%    90%    95%    98%    99%  99.9% 99.99%   100% # reqs
--------|--------------------------------------------------------------------------------|--------|------|------|------|------|------|------|------|------|------|------|------
GET      /                                                                                     130    150    180    200    290    480    700   2300   2300   2300   2300     70
GET      /cart                                                                                  49     80     96    110    150    220    490   2800   3300   3300   3300    245
POST     /cart [add]                                                                            81    120    150    180    350   1800   3500   4100   4800   4800   4800    358
POST     /cart/checkout                                                                         74    100    130    160    300   2400   3600   3800   4200   4200   4200    133
GET      /product/[id]                                                                          85    120    130    140    200    280   1300   2300   3900   4200   4200   1004
POST     /setCurrency                                                                          130    160    190    200    250    360    560    780   1200   1200   1200    222
--------|--------------------------------------------------------------------------------|--------|------|------|------|------|------|------|------|------|------|------|------
         Aggregated                                                                             83    120    140    150    220    370   2000   3000   4200   4800   4800   2032

