22:29:07 RESTART pod=currencyservice-7c8fc8fc9c-4hm9g restarts=9
22:29:07 RESTART pod=currencyservice-7c8fc8fc9c-5frj9 restarts=1
22:29:07 RESTART pod=currencyservice-7c8fc8fc9c-mgwx9 restarts=1
22:29:15 RESTART pod=currencyservice-7c8fc8fc9c-4hm9g restarts=9
22:29:15 RESTART pod=currencyservice-7c8fc8fc9c-5frj9 restarts=1
22:29:15 RESTART pod=currencyservice-7c8fc8fc9c-mgwx9 restarts=1
22:29:17 RESTART pod=currencyservice-7c8fc8fc9c-4hm9g restarts=9
22:29:17 RESTART pod=currencyservice-7c8fc8fc9c-5frj9 restarts=1
22:29:17 RESTART pod=currencyservice-7c8fc8fc9c-mgwx9 restarts=1
22:29:25 RESTART pod=currencyservice-7c8fc8fc9c-4hm9g restarts=9
22:29:25 RESTART pod=currencyservice-7c8fc8fc9c-5frj9 restarts=1
22:29:25 RESTART pod=currencyservice-7c8fc8fc9c-mgwx9 restarts=1
22:29:27 RESTART pod=currencyservice-7c8fc8fc9c-4hm9g restarts=9
22:29:27 RESTART pod=currencyservice-7c8fc8fc9c-5frj9 restarts=1
22:29:27 RESTART pod=currencyservice-7c8fc8fc9c-mgwx9 restarts=1
22:29:35 RESTART pod=currencyservice-7c8fc8fc9c-4hm9g restarts=9
22:29:35 RESTART pod=currencyservice-7c8fc8fc9c-5frj9 restarts=1
22:29:35 RESTART pod=currencyservice-7c8fc8fc9c-mgwx9 restarts=1
22:29:37 RESTART pod=currencyservice-7c8fc8fc9c-4hm9g restarts=9
22:29:37 RESTART pod=currencyservice-7c8fc8fc9c-5frj9 restarts=1
22:29:37 RESTART pod=currencyservice-7c8fc8fc9c-mgwx9 restarts=1
22:29:45 RESTART pod=currencyservice-7c8fc8fc9c-4hm9g restarts=9
22:29:45 RESTART pod=currencyservice-7c8fc8fc9c-5frj9 restarts=1
22:29:45 RESTART pod=currencyservice-7c8fc8fc9c-mgwx9 restarts=1
22:29:47 RESTART pod=currencyservice-7c8fc8fc9c-4hm9g restarts=9
22:29:47 RESTART pod=currencyservice-7c8fc8fc9c-5frj9 restarts=1
22:29:47 RESTART pod=currencyservice-7c8fc8fc9c-mgwx9 restarts=1
22:29:55 RESTART pod=currencyservice-7c8fc8fc9c-4hm9g restarts=9
22:29:55 RESTART pod=currencyservice-7c8fc8fc9c-5frj9 restarts=1
22:29:55 RESTART pod=currencyservice-7c8fc8fc9c-mgwx9 restarts=1
22:29:57 RESTART pod=currencyservice-7c8fc8fc9c-4hm9g restarts=9
22:29:57 RESTART pod=currencyservice-7c8fc8fc9c-5frj9 restarts=1
22:29:57 RESTART pod=currencyservice-7c8fc8fc9c-mgwx9 restarts=1
22:30:05 RESTART pod=currencyservice-7c8fc8fc9c-4hm9g restarts=9
22:30:05 RESTART pod=currencyservice-7c8fc8fc9c-5frj9 restarts=1
22:30:05 RESTART pod=currencyservice-7c8fc8fc9c-mgwx9 restarts=1
22:30:07 RESTART pod=currencyservice-7c8fc8fc9c-4hm9g restarts=9
22:30:07 RESTART pod=currencyservice-7c8fc8fc9c-5frj9 restarts=1
22:30:07 RESTART pod=currencyservice-7c8fc8fc9c-mgwx9 restarts=1
22:30:15 RESTART pod=currencyservice-7c8fc8fc9c-4hm9g restarts=9
22:30:15 RESTART pod=currencyservice-7c8fc8fc9c-5frj9 restarts=1
22:30:15 RESTART pod=currencyservice-7c8fc8fc9c-mgwx9 restarts=1
22:30:18 RESTART pod=currencyservice-7c8fc8fc9c-4hm9g restarts=9
22:30:18 RESTART pod=currencyservice-7c8fc8fc9c-5frj9 restarts=1
22:30:18 RESTART pod=currencyservice-7c8fc8fc9c-mgwx9 restarts=1
22:30:26 RESTART pod=currencyservice-7c8fc8fc9c-4hm9g restarts=9
22:30:26 RESTART pod=currencyservice-7c8fc8fc9c-5frj9 restarts=1
22:30:26 RESTART pod=currencyservice-7c8fc8fc9c-mgwx9 restarts=1
22:30:28 RESTART pod=currencyservice-7c8fc8fc9c-4hm9g restarts=9
22:30:28 RESTART pod=currencyservice-7c8fc8fc9c-5frj9 restarts=1
22:30:28 RESTART pod=currencyservice-7c8fc8fc9c-mgwx9 restarts=1
22:30:36 RESTART pod=currencyservice-7c8fc8fc9c-4hm9g restarts=9
22:30:36 RESTART pod=currencyservice-7c8fc8fc9c-5frj9 restarts=1
22:30:36 RESTART pod=currencyservice-7c8fc8fc9c-mgwx9 restarts=1
22:30:38 RESTART pod=currencyservice-7c8fc8fc9c-4hm9g restarts=9
22:30:38 RESTART pod=currencyservice-7c8fc8fc9c-5frj9 restarts=1
22:30:38 RESTART pod=currencyservice-7c8fc8fc9c-mgwx9 restarts=1
22:30:46 RESTART pod=currencyservice-7c8fc8fc9c-4hm9g restarts=9
22:30:46 RESTART pod=currencyservice-7c8fc8fc9c-5frj9 restarts=1
22:30:46 RESTART pod=currencyservice-7c8fc8fc9c-mgwx9 restarts=1
22:30:48 RESTART pod=currencyservice-7c8fc8fc9c-4hm9g restarts=9
22:30:48 RESTART pod=currencyservice-7c8fc8fc9c-5frj9 restarts=1
22:30:48 RESTART pod=currencyservice-7c8fc8fc9c-mgwx9 restarts=1
22:30:56 RESTART pod=currencyservice-7c8fc8fc9c-4hm9g restarts=9
22:30:56 RESTART pod=currencyservice-7c8fc8fc9c-5frj9 restarts=1
22:30:56 RESTART pod=currencyservice-7c8fc8fc9c-mgwx9 restarts=1
22:30:58 RESTART pod=currencyservice-7c8fc8fc9c-4hm9g restarts=9
22:30:58 RESTART pod=currencyservice-7c8fc8fc9c-5frj9 restarts=1
22:30:58 RESTART pod=currencyservice-7c8fc8fc9c-mgwx9 restarts=1
22:31:06 RESTART pod=currencyservice-7c8fc8fc9c-4hm9g restarts=9
22:31:06 RESTART pod=currencyservice-7c8fc8fc9c-5frj9 restarts=1
22:31:06 RESTART pod=currencyservice-7c8fc8fc9c-mgwx9 restarts=1
22:31:08 RESTART pod=currencyservice-7c8fc8fc9c-4hm9g restarts=9
22:31:08 RESTART pod=currencyservice-7c8fc8fc9c-5frj9 restarts=1
22:31:08 RESTART pod=currencyservice-7c8fc8fc9c-mgwx9 restarts=1
22:31:16 RESTART pod=currencyservice-7c8fc8fc9c-4hm9g restarts=9
22:31:16 RESTART pod=currencyservice-7c8fc8fc9c-5frj9 restarts=1
22:31:16 RESTART pod=currencyservice-7c8fc8fc9c-mgwx9 restarts=1
22:31:18 RESTART pod=currencyservice-7c8fc8fc9c-4hm9g restarts=9
22:31:18 RESTART pod=currencyservice-7c8fc8fc9c-5frj9 restarts=1
22:31:18 RESTART pod=currencyservice-7c8fc8fc9c-mgwx9 restarts=1
22:31:26 RESTART pod=currencyservice-7c8fc8fc9c-4hm9g restarts=9
22:31:26 RESTART pod=currencyservice-7c8fc8fc9c-5frj9 restarts=1
22:31:26 RESTART pod=currencyservice-7c8fc8fc9c-mgwx9 restarts=1
22:31:28 RESTART pod=currencyservice-7c8fc8fc9c-4hm9g restarts=9
22:31:28 RESTART pod=currencyservice-7c8fc8fc9c-5frj9 restarts=1
22:31:28 RESTART pod=currencyservice-7c8fc8fc9c-mgwx9 restarts=1
22:31:36 RESTART pod=currencyservice-7c8fc8fc9c-4hm9g restarts=9
22:31:36 RESTART pod=currencyservice-7c8fc8fc9c-5frj9 restarts=1
22:31:36 RESTART pod=currencyservice-7c8fc8fc9c-mgwx9 restarts=1
22:31:38 RESTART pod=currencyservice-7c8fc8fc9c-4hm9g restarts=9
22:31:38 RESTART pod=currencyservice-7c8fc8fc9c-5frj9 restarts=1
22:31:38 RESTART pod=currencyservice-7c8fc8fc9c-mgwx9 restarts=1
22:31:46 RESTART pod=currencyservice-7c8fc8fc9c-4hm9g restarts=9
22:31:46 RESTART pod=currencyservice-7c8fc8fc9c-5frj9 restarts=1
22:31:46 RESTART pod=currencyservice-7c8fc8fc9c-mgwx9 restarts=1
22:31:48 RESTART pod=currencyservice-7c8fc8fc9c-4hm9g restarts=9
22:31:48 RESTART pod=currencyservice-7c8fc8fc9c-5frj9 restarts=1
22:31:48 RESTART pod=currencyservice-7c8fc8fc9c-mgwx9 restarts=1
22:31:56 RESTART pod=currencyservice-7c8fc8fc9c-4hm9g restarts=9
22:31:56 RESTART pod=currencyservice-7c8fc8fc9c-5frj9 restarts=1
22:31:56 RESTART pod=currencyservice-7c8fc8fc9c-mgwx9 restarts=1
22:31:58 RESTART pod=currencyservice-7c8fc8fc9c-4hm9g restarts=9
22:31:58 RESTART pod=currencyservice-7c8fc8fc9c-5frj9 restarts=1
22:31:58 RESTART pod=currencyservice-7c8fc8fc9c-mgwx9 restarts=1
22:32:07 RESTART pod=currencyservice-7c8fc8fc9c-4hm9g restarts=9
22:32:07 RESTART pod=currencyservice-7c8fc8fc9c-5frj9 restarts=1
22:32:07 RESTART pod=currencyservice-7c8fc8fc9c-mgwx9 restarts=1
22:32:09 RESTART pod=currencyservice-7c8fc8fc9c-4hm9g restarts=9
22:32:09 RESTART pod=currencyservice-7c8fc8fc9c-5frj9 restarts=1
22:32:09 RESTART pod=currencyservice-7c8fc8fc9c-mgwx9 restarts=1
22:32:17 RESTART pod=currencyservice-7c8fc8fc9c-4hm9g restarts=9
22:32:17 RESTART pod=currencyservice-7c8fc8fc9c-5frj9 restarts=1
22:32:17 RESTART pod=currencyservice-7c8fc8fc9c-mgwx9 restarts=1
22:32:19 RESTART pod=currencyservice-7c8fc8fc9c-4hm9g restarts=9
22:32:19 RESTART pod=currencyservice-7c8fc8fc9c-5frj9 restarts=1
22:32:19 RESTART pod=currencyservice-7c8fc8fc9c-mgwx9 restarts=1
22:32:27 RESTART pod=currencyservice-7c8fc8fc9c-4hm9g restarts=9
22:32:27 RESTART pod=currencyservice-7c8fc8fc9c-5frj9 restarts=1
22:32:27 RESTART pod=currencyservice-7c8fc8fc9c-mgwx9 restarts=1
22:32:29 RESTART pod=currencyservice-7c8fc8fc9c-4hm9g restarts=9
22:32:29 RESTART pod=currencyservice-7c8fc8fc9c-5frj9 restarts=1
22:32:29 RESTART pod=currencyservice-7c8fc8fc9c-mgwx9 restarts=1
22:32:37 RESTART pod=currencyservice-7c8fc8fc9c-4hm9g restarts=9
22:32:37 RESTART pod=currencyservice-7c8fc8fc9c-5frj9 restarts=1
22:32:37 RESTART pod=currencyservice-7c8fc8fc9c-mgwx9 restarts=1
22:32:39 RESTART pod=currencyservice-7c8fc8fc9c-4hm9g restarts=9
22:32:39 RESTART pod=currencyservice-7c8fc8fc9c-5frj9 restarts=1
22:32:39 RESTART pod=currencyservice-7c8fc8fc9c-mgwx9 restarts=1
22:32:47 RESTART pod=currencyservice-7c8fc8fc9c-4hm9g restarts=9
22:32:47 RESTART pod=currencyservice-7c8fc8fc9c-5frj9 restarts=1
22:32:47 RESTART pod=currencyservice-7c8fc8fc9c-mgwx9 restarts=1
22:32:49 RESTART pod=currencyservice-7c8fc8fc9c-4hm9g restarts=9
22:32:49 RESTART pod=currencyservice-7c8fc8fc9c-5frj9 restarts=1
22:32:49 RESTART pod=currencyservice-7c8fc8fc9c-mgwx9 restarts=1
22:32:57 RESTART pod=currencyservice-7c8fc8fc9c-4hm9g restarts=9
22:32:57 RESTART pod=currencyservice-7c8fc8fc9c-5frj9 restarts=1
22:32:57 RESTART pod=currencyservice-7c8fc8fc9c-mgwx9 restarts=1
22:32:59 RESTART pod=currencyservice-7c8fc8fc9c-4hm9g restarts=9
22:32:59 RESTART pod=currencyservice-7c8fc8fc9c-5frj9 restarts=1
22:32:59 RESTART pod=currencyservice-7c8fc8fc9c-mgwx9 restarts=1
22:33:07 RESTART pod=currencyservice-7c8fc8fc9c-4hm9g restarts=9
22:33:07 RESTART pod=currencyservice-7c8fc8fc9c-5frj9 restarts=1
22:33:07 RESTART pod=currencyservice-7c8fc8fc9c-mgwx9 restarts=1
22:33:09 RESTART pod=currencyservice-7c8fc8fc9c-4hm9g restarts=9
22:33:09 RESTART pod=currencyservice-7c8fc8fc9c-5frj9 restarts=1
22:33:09 RESTART pod=currencyservice-7c8fc8fc9c-mgwx9 restarts=1
22:33:17 RESTART pod=currencyservice-7c8fc8fc9c-4hm9g restarts=9
22:33:17 RESTART pod=currencyservice-7c8fc8fc9c-5frj9 restarts=1
22:33:17 RESTART pod=currencyservice-7c8fc8fc9c-mgwx9 restarts=1
22:33:19 RESTART pod=currencyservice-7c8fc8fc9c-4hm9g restarts=9
22:33:19 RESTART pod=currencyservice-7c8fc8fc9c-5frj9 restarts=1
22:33:19 RESTART pod=currencyservice-7c8fc8fc9c-mgwx9 restarts=1
22:33:27 RESTART pod=currencyservice-7c8fc8fc9c-4hm9g restarts=9
22:33:27 RESTART pod=currencyservice-7c8fc8fc9c-5frj9 restarts=1
22:33:27 RESTART pod=currencyservice-7c8fc8fc9c-mgwx9 restarts=1
22:33:29 RESTART pod=currencyservice-7c8fc8fc9c-4hm9g restarts=9
22:33:29 RESTART pod=currencyservice-7c8fc8fc9c-5frj9 restarts=1
22:33:29 RESTART pod=currencyservice-7c8fc8fc9c-mgwx9 restarts=1
22:33:37 RESTART pod=currencyservice-7c8fc8fc9c-4hm9g restarts=9
22:33:37 RESTART pod=currencyservice-7c8fc8fc9c-5frj9 restarts=1
22:33:37 RESTART pod=currencyservice-7c8fc8fc9c-mgwx9 restarts=1
22:33:39 RESTART pod=currencyservice-7c8fc8fc9c-4hm9g restarts=9
22:33:39 RESTART pod=currencyservice-7c8fc8fc9c-5frj9 restarts=1
22:33:39 RESTART pod=currencyservice-7c8fc8fc9c-mgwx9 restarts=1
22:33:48 RESTART pod=currencyservice-7c8fc8fc9c-4hm9g restarts=9
22:33:48 RESTART pod=currencyservice-7c8fc8fc9c-5frj9 restarts=1
22:33:48 RESTART pod=currencyservice-7c8fc8fc9c-mgwx9 restarts=1
22:33:50 RESTART pod=currencyservice-7c8fc8fc9c-4hm9g restarts=9
22:33:50 RESTART pod=currencyservice-7c8fc8fc9c-5frj9 restarts=1
22:33:50 RESTART pod=currencyservice-7c8fc8fc9c-mgwx9 restarts=1
22:33:58 RESTART pod=currencyservice-7c8fc8fc9c-4hm9g restarts=9
22:33:58 RESTART pod=currencyservice-7c8fc8fc9c-5frj9 restarts=1
22:33:58 RESTART pod=currencyservice-7c8fc8fc9c-mgwx9 restarts=1
22:34:00 RESTART pod=currencyservice-7c8fc8fc9c-4hm9g restarts=9
22:34:00 RESTART pod=currencyservice-7c8fc8fc9c-5frj9 restarts=1
22:34:00 RESTART pod=currencyservice-7c8fc8fc9c-mgwx9 restarts=1
22:34:08 RESTART pod=currencyservice-7c8fc8fc9c-4hm9g restarts=9
22:34:08 RESTART pod=currencyservice-7c8fc8fc9c-5frj9 restarts=1
22:34:08 RESTART pod=currencyservice-7c8fc8fc9c-mgwx9 restarts=1
22:34:10 RESTART pod=currencyservice-7c8fc8fc9c-4hm9g restarts=9
22:34:10 RESTART pod=currencyservice-7c8fc8fc9c-5frj9 restarts=1
22:34:10 RESTART pod=currencyservice-7c8fc8fc9c-mgwx9 restarts=1
22:34:18 RESTART pod=currencyservice-7c8fc8fc9c-4hm9g restarts=9
22:34:18 RESTART pod=currencyservice-7c8fc8fc9c-5frj9 restarts=1
22:34:18 RESTART pod=currencyservice-7c8fc8fc9c-mgwx9 restarts=1
22:34:20 RESTART pod=currencyservice-7c8fc8fc9c-4hm9g restarts=9
22:34:20 RESTART pod=currencyservice-7c8fc8fc9c-5frj9 restarts=1
22:34:20 RESTART pod=currencyservice-7c8fc8fc9c-mgwx9 restarts=1
22:34:28 RESTART pod=currencyservice-7c8fc8fc9c-4hm9g restarts=9
22:34:28 RESTART pod=currencyservice-7c8fc8fc9c-5frj9 restarts=1
22:34:28 RESTART pod=currencyservice-7c8fc8fc9c-mgwx9 restarts=1
22:34:30 RESTART pod=currencyservice-7c8fc8fc9c-4hm9g restarts=9
22:34:30 RESTART pod=currencyservice-7c8fc8fc9c-5frj9 restarts=1
22:34:30 RESTART pod=currencyservice-7c8fc8fc9c-mgwx9 restarts=1
22:34:38 RESTART pod=currencyservice-7c8fc8fc9c-4hm9g restarts=9
22:34:38 RESTART pod=currencyservice-7c8fc8fc9c-5frj9 restarts=1
22:34:38 RESTART pod=currencyservice-7c8fc8fc9c-mgwx9 restarts=1
22:34:40 RESTART pod=currencyservice-7c8fc8fc9c-4hm9g restarts=9
22:34:40 RESTART pod=currencyservice-7c8fc8fc9c-5frj9 restarts=1
22:34:40 RESTART pod=currencyservice-7c8fc8fc9c-mgwx9 restarts=1
22:34:48 RESTART pod=currencyservice-7c8fc8fc9c-4hm9g restarts=9
22:34:48 RESTART pod=currencyservice-7c8fc8fc9c-5frj9 restarts=1
22:34:48 RESTART pod=currencyservice-7c8fc8fc9c-mgwx9 restarts=1
22:34:50 RESTART pod=currencyservice-7c8fc8fc9c-4hm9g restarts=9
22:34:50 RESTART pod=currencyservice-7c8fc8fc9c-5frj9 restarts=1
22:34:50 RESTART pod=currencyservice-7c8fc8fc9c-mgwx9 restarts=1
22:34:58 RESTART pod=currencyservice-7c8fc8fc9c-4hm9g restarts=9
22:34:58 RESTART pod=currencyservice-7c8fc8fc9c-5frj9 restarts=1
22:34:58 RESTART pod=currencyservice-7c8fc8fc9c-mgwx9 restarts=1
22:35:00 RESTART pod=currencyservice-7c8fc8fc9c-4hm9g restarts=9
22:35:00 RESTART pod=currencyservice-7c8fc8fc9c-5frj9 restarts=1
22:35:00 RESTART pod=currencyservice-7c8fc8fc9c-mgwx9 restarts=1
22:35:08 RESTART pod=currencyservice-7c8fc8fc9c-4hm9g restarts=9
22:35:08 RESTART pod=currencyservice-7c8fc8fc9c-5frj9 restarts=1
22:35:08 RESTART pod=currencyservice-7c8fc8fc9c-mgwx9 restarts=1
22:35:08 RESTART pod=recommendationservice-7444754ff5-n8cbh restarts=1
22:35:10 RESTART pod=currencyservice-7c8fc8fc9c-4hm9g restarts=9
22:35:10 RESTART pod=currencyservice-7c8fc8fc9c-5frj9 restarts=1
22:35:10 RESTART pod=currencyservice-7c8fc8fc9c-mgwx9 restarts=1
22:35:10 RESTART pod=recommendationservice-7444754ff5-n8cbh restarts=1
22:35:18 RESTART pod=currencyservice-7c8fc8fc9c-4hm9g restarts=9
22:35:18 RESTART pod=currencyservice-7c8fc8fc9c-5frj9 restarts=1
22:35:18 RESTART pod=currencyservice-7c8fc8fc9c-mgwx9 restarts=1
22:35:18 RESTART pod=recommendationservice-7444754ff5-n8cbh restarts=1
22:35:20 RESTART pod=currencyservice-7c8fc8fc9c-4hm9g restarts=9
22:35:20 RESTART pod=currencyservice-7c8fc8fc9c-5frj9 restarts=1
22:35:20 RESTART pod=currencyservice-7c8fc8fc9c-mgwx9 restarts=1
22:35:20 RESTART pod=recommendationservice-7444754ff5-n8cbh restarts=1
22:35:29 RESTART pod=currencyservice-7c8fc8fc9c-4hm9g restarts=9
22:35:29 RESTART pod=currencyservice-7c8fc8fc9c-5frj9 restarts=1
22:35:29 RESTART pod=currencyservice-7c8fc8fc9c-mgwx9 restarts=1
22:35:29 RESTART pod=recommendationservice-7444754ff5-n8cbh restarts=1
22:35:31 RESTART pod=currencyservice-7c8fc8fc9c-4hm9g restarts=9
22:35:31 RESTART pod=currencyservice-7c8fc8fc9c-5frj9 restarts=1
22:35:31 RESTART pod=currencyservice-7c8fc8fc9c-mgwx9 restarts=1
22:35:31 RESTART pod=recommendationservice-7444754ff5-n8cbh restarts=1
22:35:39 RESTART pod=currencyservice-7c8fc8fc9c-4hm9g restarts=9
22:35:39 RESTART pod=currencyservice-7c8fc8fc9c-5frj9 restarts=1
22:35:39 RESTART pod=currencyservice-7c8fc8fc9c-mgwx9 restarts=1
22:35:39 RESTART pod=recommendationservice-7444754ff5-n8cbh restarts=1
22:35:41 RESTART pod=currencyservice-7c8fc8fc9c-4hm9g restarts=9
22:35:41 RESTART pod=currencyservice-7c8fc8fc9c-5frj9 restarts=1
22:35:41 RESTART pod=currencyservice-7c8fc8fc9c-mgwx9 restarts=1
22:35:41 RESTART pod=recommendationservice-7444754ff5-n8cbh restarts=1
22:35:49 RESTART pod=currencyservice-7c8fc8fc9c-4hm9g restarts=9
22:35:49 RESTART pod=currencyservice-7c8fc8fc9c-5frj9 restarts=1
22:35:49 RESTART pod=currencyservice-7c8fc8fc9c-mgwx9 restarts=1
22:35:49 RESTART pod=recommendationservice-7444754ff5-n8cbh restarts=1
22:35:51 RESTART pod=currencyservice-7c8fc8fc9c-4hm9g restarts=9
22:35:51 RESTART pod=currencyservice-7c8fc8fc9c-5frj9 restarts=1
22:35:51 RESTART pod=currencyservice-7c8fc8fc9c-mgwx9 restarts=1
22:35:51 RESTART pod=recommendationservice-7444754ff5-n8cbh restarts=1
22:35:59 RESTART pod=currencyservice-7c8fc8fc9c-4hm9g restarts=9
22:35:59 RESTART pod=currencyservice-7c8fc8fc9c-5frj9 restarts=1
22:35:59 RESTART pod=currencyservice-7c8fc8fc9c-mgwx9 restarts=1
22:35:59 RESTART pod=recommendationservice-7444754ff5-n8cbh restarts=1
22:36:01 RESTART pod=currencyservice-7c8fc8fc9c-4hm9g restarts=9
22:36:01 RESTART pod=currencyservice-7c8fc8fc9c-5frj9 restarts=1
22:36:01 RESTART pod=currencyservice-7c8fc8fc9c-mgwx9 restarts=1
22:36:01 RESTART pod=recommendationservice-7444754ff5-n8cbh restarts=1
22:36:09 RESTART pod=currencyservice-7c8fc8fc9c-4hm9g restarts=9
22:36:09 RESTART pod=currencyservice-7c8fc8fc9c-5frj9 restarts=1
22:36:09 RESTART pod=currencyservice-7c8fc8fc9c-mgwx9 restarts=1
22:36:09 RESTART pod=recommendationservice-7444754ff5-n8cbh restarts=1
22:36:11 RESTART pod=currencyservice-7c8fc8fc9c-4hm9g restarts=9
22:36:11 RESTART pod=currencyservice-7c8fc8fc9c-5frj9 restarts=1
22:36:11 RESTART pod=currencyservice-7c8fc8fc9c-mgwx9 restarts=1
22:36:11 RESTART pod=recommendationservice-7444754ff5-n8cbh restarts=1
22:36:19 RESTART pod=currencyservice-7c8fc8fc9c-4hm9g restarts=9
22:36:19 RESTART pod=currencyservice-7c8fc8fc9c-5frj9 restarts=1
22:36:19 RESTART pod=currencyservice-7c8fc8fc9c-mgwx9 restarts=1
22:36:19 RESTART pod=recommendationservice-7444754ff5-n8cbh restarts=1
22:36:21 RESTART pod=currencyservice-7c8fc8fc9c-4hm9g restarts=9
22:36:21 RESTART pod=currencyservice-7c8fc8fc9c-5frj9 restarts=1
22:36:21 RESTART pod=currencyservice-7c8fc8fc9c-mgwx9 restarts=1
22:36:21 RESTART pod=recommendationservice-7444754ff5-n8cbh restarts=1
22:36:29 RESTART pod=currencyservice-7c8fc8fc9c-4hm9g restarts=9
22:36:29 RESTART pod=currencyservice-7c8fc8fc9c-5frj9 restarts=1
22:36:29 RESTART pod=currencyservice-7c8fc8fc9c-mgwx9 restarts=1
22:36:29 RESTART pod=recommendationservice-7444754ff5-n8cbh restarts=1
22:36:31 RESTART pod=currencyservice-7c8fc8fc9c-4hm9g restarts=9
22:36:31 RESTART pod=currencyservice-7c8fc8fc9c-5frj9 restarts=1
22:36:31 RESTART pod=currencyservice-7c8fc8fc9c-mgwx9 restarts=1
22:36:31 RESTART pod=recommendationservice-7444754ff5-n8cbh restarts=1
22:36:40 RESTART pod=currencyservice-7c8fc8fc9c-4hm9g restarts=9
22:36:40 RESTART pod=currencyservice-7c8fc8fc9c-5frj9 restarts=1
22:36:40 RESTART pod=currencyservice-7c8fc8fc9c-mgwx9 restarts=1
22:36:40 RESTART pod=recommendationservice-7444754ff5-n8cbh restarts=1
22:36:41 RESTART pod=currencyservice-7c8fc8fc9c-4hm9g restarts=9
22:36:41 RESTART pod=currencyservice-7c8fc8fc9c-5frj9 restarts=1
22:36:41 RESTART pod=currencyservice-7c8fc8fc9c-mgwx9 restarts=1
22:36:41 RESTART pod=recommendationservice-7444754ff5-n8cbh restarts=1
22:36:50 RESTART pod=currencyservice-7c8fc8fc9c-4hm9g restarts=9
22:36:50 RESTART pod=currencyservice-7c8fc8fc9c-5frj9 restarts=1
22:36:50 RESTART pod=currencyservice-7c8fc8fc9c-mgwx9 restarts=1
22:36:50 RESTART pod=recommendationservice-7444754ff5-n8cbh restarts=1
22:36:52 RESTART pod=currencyservice-7c8fc8fc9c-4hm9g restarts=9
22:36:52 RESTART pod=currencyservice-7c8fc8fc9c-5frj9 restarts=1
22:36:52 RESTART pod=currencyservice-7c8fc8fc9c-mgwx9 restarts=1
22:36:52 RESTART pod=recommendationservice-7444754ff5-n8cbh restarts=1
22:37:00 RESTART pod=currencyservice-7c8fc8fc9c-4hm9g restarts=9
22:37:00 RESTART pod=currencyservice-7c8fc8fc9c-5frj9 restarts=1
22:37:00 RESTART pod=currencyservice-7c8fc8fc9c-mgwx9 restarts=1
22:37:00 RESTART pod=recommendationservice-7444754ff5-n8cbh restarts=1
22:37:02 RESTART pod=currencyservice-7c8fc8fc9c-4hm9g restarts=9
22:37:02 RESTART pod=currencyservice-7c8fc8fc9c-5frj9 restarts=1
22:37:02 RESTART pod=currencyservice-7c8fc8fc9c-mgwx9 restarts=1
22:37:02 RESTART pod=recommendationservice-7444754ff5-n8cbh restarts=1
22:37:10 RESTART pod=currencyservice-7c8fc8fc9c-4hm9g restarts=9
22:37:10 RESTART pod=currencyservice-7c8fc8fc9c-5frj9 restarts=1
22:37:10 RESTART pod=currencyservice-7c8fc8fc9c-mgwx9 restarts=1
22:37:10 RESTART pod=recommendationservice-7444754ff5-n8cbh restarts=1
22:37:12 RESTART pod=currencyservice-7c8fc8fc9c-4hm9g restarts=9
22:37:12 RESTART pod=currencyservice-7c8fc8fc9c-5frj9 restarts=1
22:37:12 RESTART pod=currencyservice-7c8fc8fc9c-mgwx9 restarts=1
22:37:12 RESTART pod=recommendationservice-7444754ff5-n8cbh restarts=1
22:37:20 RESTART pod=currencyservice-7c8fc8fc9c-4hm9g restarts=9
22:37:20 RESTART pod=currencyservice-7c8fc8fc9c-5frj9 restarts=1
22:37:20 RESTART pod=currencyservice-7c8fc8fc9c-mgwx9 restarts=1
22:37:20 RESTART pod=recommendationservice-7444754ff5-n8cbh restarts=1
22:37:22 RESTART pod=currencyservice-7c8fc8fc9c-4hm9g restarts=9
22:37:22 RESTART pod=currencyservice-7c8fc8fc9c-5frj9 restarts=1
22:37:22 RESTART pod=currencyservice-7c8fc8fc9c-mgwx9 restarts=1
22:37:22 RESTART pod=recommendationservice-7444754ff5-n8cbh restarts=1
22:37:30 RESTART pod=currencyservice-7c8fc8fc9c-4hm9g restarts=9
22:37:30 RESTART pod=currencyservice-7c8fc8fc9c-5frj9 restarts=1
22:37:30 RESTART pod=currencyservice-7c8fc8fc9c-mgwx9 restarts=1
22:37:30 RESTART pod=recommendationservice-7444754ff5-n8cbh restarts=1
22:37:32 RESTART pod=currencyservice-7c8fc8fc9c-4hm9g restarts=9
22:37:32 RESTART pod=currencyservice-7c8fc8fc9c-5frj9 restarts=1
22:37:32 RESTART pod=currencyservice-7c8fc8fc9c-mgwx9 restarts=1
22:37:32 RESTART pod=recommendationservice-7444754ff5-n8cbh restarts=1
22:37:40 RESTART pod=currencyservice-7c8fc8fc9c-4hm9g restarts=9
22:37:40 RESTART pod=currencyservice-7c8fc8fc9c-5frj9 restarts=1
22:37:40 RESTART pod=currencyservice-7c8fc8fc9c-mgwx9 restarts=1
22:37:40 RESTART pod=recommendationservice-7444754ff5-n8cbh restarts=1
22:37:42 RESTART pod=currencyservice-7c8fc8fc9c-4hm9g restarts=9
22:37:42 RESTART pod=currencyservice-7c8fc8fc9c-5frj9 restarts=1
22:37:42 RESTART pod=currencyservice-7c8fc8fc9c-mgwx9 restarts=1
22:37:42 RESTART pod=recommendationservice-7444754ff5-n8cbh restarts=1
22:37:50 RESTART pod=currencyservice-7c8fc8fc9c-4hm9g restarts=9
22:37:50 RESTART pod=currencyservice-7c8fc8fc9c-5frj9 restarts=1
22:37:50 RESTART pod=currencyservice-7c8fc8fc9c-mgwx9 restarts=1
22:37:50 RESTART pod=recommendationservice-7444754ff5-n8cbh restarts=1
22:37:52 RESTART pod=currencyservice-7c8fc8fc9c-4hm9g restarts=9
22:37:52 RESTART pod=currencyservice-7c8fc8fc9c-5frj9 restarts=1
22:37:52 RESTART pod=currencyservice-7c8fc8fc9c-mgwx9 restarts=1
22:37:52 RESTART pod=recommendationservice-7444754ff5-n8cbh restarts=1
22:38:00 RESTART pod=currencyservice-7c8fc8fc9c-4hm9g restarts=9
22:38:00 RESTART pod=currencyservice-7c8fc8fc9c-5frj9 restarts=1
22:38:00 RESTART pod=currencyservice-7c8fc8fc9c-mgwx9 restarts=2
22:38:00 RESTART pod=recommendationservice-7444754ff5-n8cbh restarts=1
22:38:02 RESTART pod=currencyservice-7c8fc8fc9c-4hm9g restarts=9
22:38:02 RESTART pod=currencyservice-7c8fc8fc9c-5frj9 restarts=1
22:38:02 RESTART pod=currencyservice-7c8fc8fc9c-mgwx9 restarts=2
22:38:02 RESTART pod=recommendationservice-7444754ff5-n8cbh restarts=1
22:38:10 RESTART pod=currencyservice-7c8fc8fc9c-4hm9g restarts=9
22:38:10 RESTART pod=currencyservice-7c8fc8fc9c-5frj9 restarts=1
22:38:10 RESTART pod=currencyservice-7c8fc8fc9c-mgwx9 restarts=2
22:38:10 RESTART pod=recommendationservice-7444754ff5-n8cbh restarts=1
22:38:12 RESTART pod=currencyservice-7c8fc8fc9c-4hm9g restarts=9
22:38:12 RESTART pod=currencyservice-7c8fc8fc9c-5frj9 restarts=1
22:38:12 RESTART pod=currencyservice-7c8fc8fc9c-mgwx9 restarts=2
22:38:12 RESTART pod=recommendationservice-7444754ff5-n8cbh restarts=1
22:38:21 RESTART pod=currencyservice-7c8fc8fc9c-4hm9g restarts=9
22:38:21 RESTART pod=currencyservice-7c8fc8fc9c-5frj9 restarts=1
22:38:21 RESTART pod=currencyservice-7c8fc8fc9c-mgwx9 restarts=2
22:38:21 RESTART pod=recommendationservice-7444754ff5-n8cbh restarts=1
22:38:22 RESTART pod=currencyservice-7c8fc8fc9c-4hm9g restarts=9
22:38:22 RESTART pod=currencyservice-7c8fc8fc9c-5frj9 restarts=1
22:38:22 RESTART pod=currencyservice-7c8fc8fc9c-mgwx9 restarts=2
22:38:22 RESTART pod=recommendationservice-7444754ff5-n8cbh restarts=1
22:38:31 RESTART pod=currencyservice-7c8fc8fc9c-4hm9g restarts=9
22:38:31 RESTART pod=currencyservice-7c8fc8fc9c-5frj9 restarts=1
22:38:31 RESTART pod=currencyservice-7c8fc8fc9c-mgwx9 restarts=2
22:38:31 RESTART pod=recommendationservice-7444754ff5-n8cbh restarts=2
22:38:32 RESTART pod=currencyservice-7c8fc8fc9c-4hm9g restarts=9
22:38:32 RESTART pod=currencyservice-7c8fc8fc9c-5frj9 restarts=1
22:38:32 RESTART pod=currencyservice-7c8fc8fc9c-mgwx9 restarts=2
22:38:32 RESTART pod=recommendationservice-7444754ff5-n8cbh restarts=2
22:38:41 RESTART pod=currencyservice-7c8fc8fc9c-4hm9g restarts=9
22:38:41 RESTART pod=currencyservice-7c8fc8fc9c-5frj9 restarts=1
22:38:41 RESTART pod=currencyservice-7c8fc8fc9c-mgwx9 restarts=2
22:38:41 RESTART pod=recommendationservice-7444754ff5-n8cbh restarts=2
22:38:43 RESTART pod=currencyservice-7c8fc8fc9c-4hm9g restarts=9
22:38:43 RESTART pod=currencyservice-7c8fc8fc9c-5frj9 restarts=1
22:38:43 RESTART pod=currencyservice-7c8fc8fc9c-mgwx9 restarts=2
22:38:43 RESTART pod=recommendationservice-7444754ff5-n8cbh restarts=2
22:38:51 RESTART pod=currencyservice-7c8fc8fc9c-4hm9g restarts=9
22:38:51 RESTART pod=currencyservice-7c8fc8fc9c-5frj9 restarts=1
22:38:51 RESTART pod=currencyservice-7c8fc8fc9c-mgwx9 restarts=2
22:38:51 RESTART pod=recommendationservice-7444754ff5-n8cbh restarts=2
22:38:53 RESTART pod=currencyservice-7c8fc8fc9c-4hm9g restarts=9
22:38:53 RESTART pod=currencyservice-7c8fc8fc9c-5frj9 restarts=1
22:38:53 RESTART pod=currencyservice-7c8fc8fc9c-mgwx9 restarts=2
22:38:53 RESTART pod=recommendationservice-7444754ff5-n8cbh restarts=2
22:39:01 RESTART pod=currencyservice-7c8fc8fc9c-4hm9g restarts=9
22:39:01 RESTART pod=currencyservice-7c8fc8fc9c-5frj9 restarts=1
22:39:01 RESTART pod=currencyservice-7c8fc8fc9c-mgwx9 restarts=2
22:39:01 RESTART pod=recommendationservice-7444754ff5-n8cbh restarts=2
22:39:03 RESTART pod=currencyservice-7c8fc8fc9c-4hm9g restarts=9
22:39:03 RESTART pod=currencyservice-7c8fc8fc9c-5frj9 restarts=1
22:39:03 RESTART pod=currencyservice-7c8fc8fc9c-mgwx9 restarts=2
22:39:03 RESTART pod=recommendationservice-7444754ff5-n8cbh restarts=2
22:39:11 RESTART pod=currencyservice-7c8fc8fc9c-4hm9g restarts=9
22:39:11 RESTART pod=currencyservice-7c8fc8fc9c-5frj9 restarts=1
22:39:11 RESTART pod=currencyservice-7c8fc8fc9c-mgwx9 restarts=2
22:39:11 RESTART pod=recommendationservice-7444754ff5-n8cbh restarts=2
22:39:13 RESTART pod=currencyservice-7c8fc8fc9c-4hm9g restarts=9
22:39:13 RESTART pod=currencyservice-7c8fc8fc9c-5frj9 restarts=1
22:39:13 RESTART pod=currencyservice-7c8fc8fc9c-mgwx9 restarts=2
22:39:13 RESTART pod=recommendationservice-7444754ff5-n8cbh restarts=2
22:39:21 RESTART pod=currencyservice-7c8fc8fc9c-4hm9g restarts=9
22:39:21 RESTART pod=currencyservice-7c8fc8fc9c-5frj9 restarts=1
22:39:21 RESTART pod=currencyservice-7c8fc8fc9c-mgwx9 restarts=2
22:39:21 RESTART pod=recommendationservice-7444754ff5-n8cbh restarts=2
22:39:23 RESTART pod=currencyservice-7c8fc8fc9c-4hm9g restarts=9
22:39:23 RESTART pod=currencyservice-7c8fc8fc9c-5frj9 restarts=1
22:39:23 RESTART pod=currencyservice-7c8fc8fc9c-mgwx9 restarts=2
22:39:23 RESTART pod=recommendationservice-7444754ff5-n8cbh restarts=2
22:39:31 RESTART pod=currencyservice-7c8fc8fc9c-4hm9g restarts=9
22:39:31 RESTART pod=currencyservice-7c8fc8fc9c-5frj9 restarts=1
22:39:31 RESTART pod=currencyservice-7c8fc8fc9c-mgwx9 restarts=2
22:39:31 RESTART pod=recommendationservice-7444754ff5-n8cbh restarts=2
22:39:33 RESTART pod=currencyservice-7c8fc8fc9c-4hm9g restarts=9
22:39:33 RESTART pod=currencyservice-7c8fc8fc9c-5frj9 restarts=1
22:39:33 RESTART pod=currencyservice-7c8fc8fc9c-mgwx9 restarts=2
22:39:33 RESTART pod=recommendationservice-7444754ff5-n8cbh restarts=2
22:39:41 RESTART pod=currencyservice-7c8fc8fc9c-4hm9g restarts=9
22:39:41 RESTART pod=currencyservice-7c8fc8fc9c-5frj9 restarts=1
22:39:41 RESTART pod=currencyservice-7c8fc8fc9c-mgwx9 restarts=2
22:39:41 RESTART pod=recommendationservice-7444754ff5-n8cbh restarts=2
22:39:43 RESTART pod=currencyservice-7c8fc8fc9c-4hm9g restarts=9
22:39:43 RESTART pod=currencyservice-7c8fc8fc9c-5frj9 restarts=1
22:39:43 RESTART pod=currencyservice-7c8fc8fc9c-mgwx9 restarts=2
22:39:43 RESTART pod=recommendationservice-7444754ff5-n8cbh restarts=2
22:39:52 RESTART pod=currencyservice-7c8fc8fc9c-4hm9g restarts=9
22:39:52 RESTART pod=currencyservice-7c8fc8fc9c-5frj9 restarts=1
22:39:52 RESTART pod=currencyservice-7c8fc8fc9c-mgwx9 restarts=2
22:39:52 RESTART pod=recommendationservice-7444754ff5-n8cbh restarts=2
22:39:53 RESTART pod=currencyservice-7c8fc8fc9c-4hm9g restarts=9
22:39:53 RESTART pod=currencyservice-7c8fc8fc9c-5frj9 restarts=1
22:39:53 RESTART pod=currencyservice-7c8fc8fc9c-mgwx9 restarts=2
22:39:53 RESTART pod=recommendationservice-7444754ff5-n8cbh restarts=2
22:40:02 RESTART pod=currencyservice-7c8fc8fc9c-4hm9g restarts=9
22:40:02 RESTART pod=currencyservice-7c8fc8fc9c-5frj9 restarts=1
22:40:02 RESTART pod=currencyservice-7c8fc8fc9c-mgwx9 restarts=2
22:40:02 RESTART pod=recommendationservice-7444754ff5-n8cbh restarts=2
22:40:03 RESTART pod=currencyservice-7c8fc8fc9c-4hm9g restarts=9
22:40:03 RESTART pod=currencyservice-7c8fc8fc9c-5frj9 restarts=1
22:40:03 RESTART pod=currencyservice-7c8fc8fc9c-mgwx9 restarts=2
22:40:03 RESTART pod=recommendationservice-7444754ff5-n8cbh restarts=2
22:40:12 RESTART pod=currencyservice-7c8fc8fc9c-4hm9g restarts=9
22:40:12 RESTART pod=currencyservice-7c8fc8fc9c-5frj9 restarts=1
22:40:12 RESTART pod=currencyservice-7c8fc8fc9c-mgwx9 restarts=2
22:40:12 RESTART pod=recommendationservice-7444754ff5-n8cbh restarts=2
22:40:14 RESTART pod=currencyservice-7c8fc8fc9c-4hm9g restarts=9
22:40:14 RESTART pod=currencyservice-7c8fc8fc9c-5frj9 restarts=1
22:40:14 RESTART pod=currencyservice-7c8fc8fc9c-mgwx9 restarts=2
22:40:14 RESTART pod=recommendationservice-7444754ff5-n8cbh restarts=2
22:40:22 RESTART pod=currencyservice-7c8fc8fc9c-4hm9g restarts=9
22:40:22 RESTART pod=currencyservice-7c8fc8fc9c-5frj9 restarts=1
22:40:22 RESTART pod=currencyservice-7c8fc8fc9c-mgwx9 restarts=2
22:40:22 RESTART pod=recommendationservice-7444754ff5-n8cbh restarts=2
22:40:24 RESTART pod=currencyservice-7c8fc8fc9c-4hm9g restarts=9
22:40:24 RESTART pod=currencyservice-7c8fc8fc9c-5frj9 restarts=1
22:40:24 RESTART pod=currencyservice-7c8fc8fc9c-mgwx9 restarts=2
22:40:24 RESTART pod=recommendationservice-7444754ff5-n8cbh restarts=2
22:40:32 RESTART pod=currencyservice-7c8fc8fc9c-4hm9g restarts=9
22:40:32 RESTART pod=currencyservice-7c8fc8fc9c-5frj9 restarts=1
22:40:32 RESTART pod=currencyservice-7c8fc8fc9c-mgwx9 restarts=2
22:40:32 RESTART pod=recommendationservice-7444754ff5-n8cbh restarts=2
22:40:34 RESTART pod=currencyservice-7c8fc8fc9c-4hm9g restarts=9
22:40:34 RESTART pod=currencyservice-7c8fc8fc9c-5frj9 restarts=1
22:40:34 RESTART pod=currencyservice-7c8fc8fc9c-mgwx9 restarts=2
22:40:34 RESTART pod=recommendationservice-7444754ff5-n8cbh restarts=2
22:40:42 RESTART pod=currencyservice-7c8fc8fc9c-4hm9g restarts=9
22:40:42 RESTART pod=currencyservice-7c8fc8fc9c-5frj9 restarts=1
22:40:42 RESTART pod=currencyservice-7c8fc8fc9c-mgwx9 restarts=2
22:40:42 RESTART pod=recommendationservice-7444754ff5-n8cbh restarts=2
22:40:44 RESTART pod=currencyservice-7c8fc8fc9c-4hm9g restarts=9
22:40:44 RESTART pod=currencyservice-7c8fc8fc9c-5frj9 restarts=1
22:40:44 RESTART pod=currencyservice-7c8fc8fc9c-mgwx9 restarts=2
22:40:44 RESTART pod=recommendationservice-7444754ff5-n8cbh restarts=2
22:40:52 RESTART pod=currencyservice-7c8fc8fc9c-4hm9g restarts=9
22:40:52 RESTART pod=currencyservice-7c8fc8fc9c-5frj9 restarts=1
22:40:52 RESTART pod=currencyservice-7c8fc8fc9c-mgwx9 restarts=2
22:40:52 RESTART pod=recommendationservice-7444754ff5-n8cbh restarts=2
22:40:54 RESTART pod=currencyservice-7c8fc8fc9c-4hm9g restarts=9
22:40:54 RESTART pod=currencyservice-7c8fc8fc9c-5frj9 restarts=1
22:40:54 RESTART pod=currencyservice-7c8fc8fc9c-mgwx9 restarts=2
22:40:54 RESTART pod=recommendationservice-7444754ff5-n8cbh restarts=2
22:41:02 RESTART pod=currencyservice-7c8fc8fc9c-4hm9g restarts=9
22:41:02 RESTART pod=currencyservice-7c8fc8fc9c-5frj9 restarts=1
22:41:02 RESTART pod=currencyservice-7c8fc8fc9c-mgwx9 restarts=2
22:41:02 RESTART pod=recommendationservice-7444754ff5-n8cbh restarts=2
22:41:04 RESTART pod=currencyservice-7c8fc8fc9c-4hm9g restarts=9
22:41:04 RESTART pod=currencyservice-7c8fc8fc9c-5frj9 restarts=1
22:41:04 RESTART pod=currencyservice-7c8fc8fc9c-mgwx9 restarts=2
22:41:04 RESTART pod=recommendationservice-7444754ff5-n8cbh restarts=2
22:41:12 RESTART pod=currencyservice-7c8fc8fc9c-4hm9g restarts=9
22:41:12 RESTART pod=currencyservice-7c8fc8fc9c-5frj9 restarts=1
22:41:12 RESTART pod=currencyservice-7c8fc8fc9c-mgwx9 restarts=2
22:41:12 RESTART pod=recommendationservice-7444754ff5-n8cbh restarts=2
22:41:14 RESTART pod=currencyservice-7c8fc8fc9c-4hm9g restarts=9
22:41:14 RESTART pod=currencyservice-7c8fc8fc9c-5frj9 restarts=1
22:41:14 RESTART pod=currencyservice-7c8fc8fc9c-mgwx9 restarts=2
22:41:14 RESTART pod=recommendationservice-7444754ff5-n8cbh restarts=2
22:41:22 RESTART pod=currencyservice-7c8fc8fc9c-4hm9g restarts=9
22:41:22 RESTART pod=currencyservice-7c8fc8fc9c-5frj9 restarts=1
22:41:22 RESTART pod=currencyservice-7c8fc8fc9c-mgwx9 restarts=2
22:41:22 RESTART pod=recommendationservice-7444754ff5-n8cbh restarts=2
22:41:24 RESTART pod=currencyservice-7c8fc8fc9c-4hm9g restarts=9
22:41:24 RESTART pod=currencyservice-7c8fc8fc9c-5frj9 restarts=1
22:41:24 RESTART pod=currencyservice-7c8fc8fc9c-mgwx9 restarts=2
22:41:24 RESTART pod=recommendationservice-7444754ff5-n8cbh restarts=2
22:41:32 RESTART pod=currencyservice-7c8fc8fc9c-4hm9g restarts=9
22:41:32 RESTART pod=currencyservice-7c8fc8fc9c-5frj9 restarts=1
22:41:32 RESTART pod=currencyservice-7c8fc8fc9c-mgwx9 restarts=2
22:41:32 RESTART pod=recommendationservice-7444754ff5-n8cbh restarts=2
22:41:34 RESTART pod=currencyservice-7c8fc8fc9c-4hm9g restarts=9
22:41:34 RESTART pod=currencyservice-7c8fc8fc9c-5frj9 restarts=1
22:41:34 RESTART pod=currencyservice-7c8fc8fc9c-mgwx9 restarts=2
22:41:34 RESTART pod=recommendationservice-7444754ff5-n8cbh restarts=2
22:41:43 RESTART pod=currencyservice-7c8fc8fc9c-4hm9g restarts=9
22:41:43 RESTART pod=currencyservice-7c8fc8fc9c-5frj9 restarts=1
22:41:43 RESTART pod=currencyservice-7c8fc8fc9c-mgwx9 restarts=2
22:41:43 RESTART pod=recommendationservice-7444754ff5-n8cbh restarts=2
22:41:44 RESTART pod=currencyservice-7c8fc8fc9c-4hm9g restarts=9
22:41:44 RESTART pod=currencyservice-7c8fc8fc9c-5frj9 restarts=1
22:41:44 RESTART pod=currencyservice-7c8fc8fc9c-mgwx9 restarts=2
22:41:44 RESTART pod=recommendationservice-7444754ff5-n8cbh restarts=2
22:41:53 RESTART pod=currencyservice-7c8fc8fc9c-4hm9g restarts=9
22:41:53 RESTART pod=currencyservice-7c8fc8fc9c-5frj9 restarts=1
22:41:53 RESTART pod=currencyservice-7c8fc8fc9c-mgwx9 restarts=2
22:41:53 RESTART pod=recommendationservice-7444754ff5-n8cbh restarts=2
22:41:54 RESTART pod=currencyservice-7c8fc8fc9c-4hm9g restarts=9
22:41:54 RESTART pod=currencyservice-7c8fc8fc9c-5frj9 restarts=1
22:41:54 RESTART pod=currencyservice-7c8fc8fc9c-mgwx9 restarts=2
22:41:54 RESTART pod=recommendationservice-7444754ff5-n8cbh restarts=2
22:42:03 RESTART pod=currencyservice-7c8fc8fc9c-4hm9g restarts=9
22:42:03 RESTART pod=currencyservice-7c8fc8fc9c-5frj9 restarts=1
22:42:03 RESTART pod=currencyservice-7c8fc8fc9c-mgwx9 restarts=2
22:42:03 RESTART pod=recommendationservice-7444754ff5-n8cbh restarts=3
22:42:05 RESTART pod=currencyservice-7c8fc8fc9c-4hm9g restarts=9
22:42:05 RESTART pod=currencyservice-7c8fc8fc9c-5frj9 restarts=1
22:42:05 RESTART pod=currencyservice-7c8fc8fc9c-mgwx9 restarts=2
22:42:05 RESTART pod=recommendationservice-7444754ff5-n8cbh restarts=3
22:42:13 RESTART pod=currencyservice-7c8fc8fc9c-4hm9g restarts=9
22:42:13 RESTART pod=currencyservice-7c8fc8fc9c-5frj9 restarts=1
22:42:13 RESTART pod=currencyservice-7c8fc8fc9c-mgwx9 restarts=2
22:42:13 RESTART pod=recommendationservice-7444754ff5-n8cbh restarts=3
22:42:23 RESTART pod=currencyservice-7c8fc8fc9c-4hm9g restarts=9
22:42:23 RESTART pod=currencyservice-7c8fc8fc9c-5frj9 restarts=1
22:42:23 RESTART pod=currencyservice-7c8fc8fc9c-mgwx9 restarts=2
22:42:23 RESTART pod=recommendationservice-7444754ff5-n8cbh restarts=3
22:42:33 RESTART pod=currencyservice-7c8fc8fc9c-4hm9g restarts=9
22:42:33 RESTART pod=currencyservice-7c8fc8fc9c-5frj9 restarts=1
22:42:33 RESTART pod=currencyservice-7c8fc8fc9c-mgwx9 restarts=2
22:42:33 RESTART pod=recommendationservice-7444754ff5-n8cbh restarts=3
22:42:43 RESTART pod=currencyservice-7c8fc8fc9c-4hm9g restarts=9
22:42:43 RESTART pod=currencyservice-7c8fc8fc9c-5frj9 restarts=1
22:42:43 RESTART pod=currencyservice-7c8fc8fc9c-mgwx9 restarts=2
22:42:43 RESTART pod=recommendationservice-7444754ff5-n8cbh restarts=3
22:42:53 RESTART pod=currencyservice-7c8fc8fc9c-4hm9g restarts=9
22:42:53 RESTART pod=currencyservice-7c8fc8fc9c-5frj9 restarts=1
22:42:53 RESTART pod=currencyservice-7c8fc8fc9c-mgwx9 restarts=2
22:42:53 RESTART pod=recommendationservice-7444754ff5-n8cbh restarts=3
22:43:03 RESTART pod=currencyservice-7c8fc8fc9c-4hm9g restarts=9
22:43:03 RESTART pod=currencyservice-7c8fc8fc9c-5frj9 restarts=1
22:43:03 RESTART pod=currencyservice-7c8fc8fc9c-mgwx9 restarts=2
22:43:03 RESTART pod=recommendationservice-7444754ff5-n8cbh restarts=3
22:43:13 RESTART pod=currencyservice-7c8fc8fc9c-4hm9g restarts=9
22:43:13 RESTART pod=currencyservice-7c8fc8fc9c-5frj9 restarts=1
22:43:13 RESTART pod=currencyservice-7c8fc8fc9c-mgwx9 restarts=2
22:43:13 RESTART pod=recommendationservice-7444754ff5-n8cbh restarts=3
22:43:24 RESTART pod=currencyservice-7c8fc8fc9c-4hm9g restarts=9
22:43:24 RESTART pod=currencyservice-7c8fc8fc9c-5frj9 restarts=1
22:43:24 RESTART pod=currencyservice-7c8fc8fc9c-mgwx9 restarts=2
22:43:24 RESTART pod=recommendationservice-7444754ff5-n8cbh restarts=3
22:43:34 RESTART pod=currencyservice-7c8fc8fc9c-4hm9g restarts=9
22:43:34 RESTART pod=currencyservice-7c8fc8fc9c-5frj9 restarts=1
22:43:34 RESTART pod=currencyservice-7c8fc8fc9c-mgwx9 restarts=2
22:43:34 RESTART pod=recommendationservice-7444754ff5-n8cbh restarts=3
22:43:44 RESTART pod=currencyservice-7c8fc8fc9c-4hm9g restarts=9
22:43:44 RESTART pod=currencyservice-7c8fc8fc9c-5frj9 restarts=1
22:43:44 RESTART pod=currencyservice-7c8fc8fc9c-mgwx9 restarts=2
22:43:44 RESTART pod=recommendationservice-7444754ff5-n8cbh restarts=3
22:43:54 RESTART pod=currencyservice-7c8fc8fc9c-4hm9g restarts=9
22:43:54 RESTART pod=currencyservice-7c8fc8fc9c-5frj9 restarts=1
22:43:54 RESTART pod=currencyservice-7c8fc8fc9c-mgwx9 restarts=2
22:43:54 RESTART pod=recommendationservice-7444754ff5-n8cbh restarts=3
22:44:04 RESTART pod=currencyservice-7c8fc8fc9c-4hm9g restarts=9
22:44:04 RESTART pod=currencyservice-7c8fc8fc9c-5frj9 restarts=1
22:44:04 RESTART pod=currencyservice-7c8fc8fc9c-mgwx9 restarts=2
22:44:04 RESTART pod=recommendationservice-7444754ff5-n8cbh restarts=3
22:44:14 RESTART pod=currencyservice-7c8fc8fc9c-4hm9g restarts=9
22:44:14 RESTART pod=currencyservice-7c8fc8fc9c-5frj9 restarts=1
22:44:14 RESTART pod=currencyservice-7c8fc8fc9c-mgwx9 restarts=2
22:44:14 RESTART pod=recommendationservice-7444754ff5-n8cbh restarts=3
22:44:24 RESTART pod=currencyservice-7c8fc8fc9c-4hm9g restarts=9
22:44:24 RESTART pod=currencyservice-7c8fc8fc9c-5frj9 restarts=1
22:44:24 RESTART pod=currencyservice-7c8fc8fc9c-mgwx9 restarts=2
22:44:24 RESTART pod=recommendationservice-7444754ff5-n8cbh restarts=3
22:44:34 RESTART pod=currencyservice-7c8fc8fc9c-4hm9g restarts=9
22:44:34 RESTART pod=currencyservice-7c8fc8fc9c-5frj9 restarts=1
22:44:34 RESTART pod=currencyservice-7c8fc8fc9c-mgwx9 restarts=2
22:44:34 RESTART pod=recommendationservice-7444754ff5-n8cbh restarts=3
22:44:45 RESTART pod=currencyservice-7c8fc8fc9c-4hm9g restarts=9
22:44:45 RESTART pod=currencyservice-7c8fc8fc9c-5frj9 restarts=1
22:44:45 RESTART pod=currencyservice-7c8fc8fc9c-mgwx9 restarts=2
22:44:45 RESTART pod=recommendationservice-7444754ff5-n8cbh restarts=3
22:44:55 RESTART pod=currencyservice-7c8fc8fc9c-4hm9g restarts=9
22:44:55 RESTART pod=currencyservice-7c8fc8fc9c-5frj9 restarts=1
22:44:55 RESTART pod=currencyservice-7c8fc8fc9c-mgwx9 restarts=2
22:44:55 RESTART pod=recommendationservice-7444754ff5-n8cbh restarts=3
22:45:05 RESTART pod=currencyservice-7c8fc8fc9c-4hm9g restarts=9
22:45:05 RESTART pod=currencyservice-7c8fc8fc9c-5frj9 restarts=1
22:45:05 RESTART pod=currencyservice-7c8fc8fc9c-mgwx9 restarts=2
22:45:05 RESTART pod=recommendationservice-7444754ff5-n8cbh restarts=3
22:45:15 RESTART pod=currencyservice-7c8fc8fc9c-4hm9g restarts=9
22:45:15 RESTART pod=currencyservice-7c8fc8fc9c-5frj9 restarts=1
22:45:15 RESTART pod=currencyservice-7c8fc8fc9c-mgwx9 restarts=2
22:45:15 RESTART pod=recommendationservice-7444754ff5-n8cbh restarts=3
22:45:25 RESTART pod=currencyservice-7c8fc8fc9c-4hm9g restarts=9
22:45:25 RESTART pod=currencyservice-7c8fc8fc9c-5frj9 restarts=1
22:45:25 RESTART pod=currencyservice-7c8fc8fc9c-mgwx9 restarts=2
22:45:25 RESTART pod=recommendationservice-7444754ff5-n8cbh restarts=3
22:45:35 RESTART pod=currencyservice-7c8fc8fc9c-4hm9g restarts=9
22:45:35 RESTART pod=currencyservice-7c8fc8fc9c-5frj9 restarts=1
22:45:35 RESTART pod=currencyservice-7c8fc8fc9c-mgwx9 restarts=2
22:45:35 RESTART pod=recommendationservice-7444754ff5-n8cbh restarts=3
22:45:45 RESTART pod=currencyservice-7c8fc8fc9c-4hm9g restarts=9
22:45:45 RESTART pod=currencyservice-7c8fc8fc9c-5frj9 restarts=1
22:45:45 RESTART pod=currencyservice-7c8fc8fc9c-mgwx9 restarts=2
22:45:45 RESTART pod=recommendationservice-7444754ff5-n8cbh restarts=3
