/Users/edias/Library/Python/3.9/lib/python/site-packages/urllib3/__init__.py:35: NotOpenSSLWarning: urllib3 v2 only supports OpenSSL 1.1.1+, currently the 'ssl' module is compiled with 'LibreSSL 2.8.3'. See: https://github.com/urllib3/urllib3/issues/3020
  warnings.warn(
[2026-05-21 09:32:26,634] MacBook-Air-de-Eduardo/WARNING/locust.main: Python 3.9 support is deprecated and will be removed soon
Type     Name                                                                          # reqs      # fails |    Avg     Min     Max    Med |   req/s  failures/s
--------|----------------------------------------------------------------------------|-------|-------------|-------|-------|-------|-------|--------|-----------
--------|----------------------------------------------------------------------------|-------|-------------|-------|-------|-------|-------|--------|-----------
         Aggregated                                                                         0     0(0.00%) |      0       0       0      0 |    0.00        0.00

Type     Name                                                                          # reqs      # fails |    Avg     Min     Max    Med |   req/s  failures/s
--------|----------------------------------------------------------------------------|-------|-------------|-------|-------|-------|-------|--------|-----------
GET      /                                                                                  1     0(0.00%) |     19      19      19     19 |    0.00        0.00
GET      /cart                                                                              1     0(0.00%) |     11      11      11     11 |    0.00        0.00
POST     /cart [add]                                                                        3     0(0.00%) |     19      14      22     20 |    0.00        0.00
GET      /product/[id]                                                                     16     0(0.00%) |     16      10      27     15 |    0.00        0.00
POST     /setCurrency                                                                       2     0(0.00%) |     21      21      22     21 |    0.00        0.00
--------|----------------------------------------------------------------------------|-------|-------------|-------|-------|-------|-------|--------|-----------
         Aggregated                                                                        23     0(0.00%) |     17      10      27     16 |    0.00        0.00

Type     Name                                                                          # reqs      # fails |    Avg     Min     Max    Med |   req/s  failures/s
--------|----------------------------------------------------------------------------|-------|-------------|-------|-------|-------|-------|--------|-----------
GET      /                                                                                  3     0(0.00%) |     17      14      20     20 |    0.00        0.00
GET      /cart                                                                              8     0(0.00%) |     11       9      12     10 |    0.50        0.00
POST     /cart [add]                                                                       16     0(0.00%) |     18      11      34     17 |    1.00        0.00
POST     /cart/checkout                                                                     8     0(0.00%) |     17      13      19     17 |    0.00        0.00
GET      /product/[id]                                                                     41     0(0.00%) |     13       8      27     11 |    5.00        0.00
POST     /setCurrency                                                                       6     0(0.00%) |     19      16      22     18 |    1.00        0.00
--------|----------------------------------------------------------------------------|-------|-------------|-------|-------|-------|-------|--------|-----------
         Aggregated                                                                        82     0(0.00%) |     15       8      34     14 |    7.50        0.00

Type     Name                                                                          # reqs      # fails |    Avg     Min     Max    Med |   req/s  failures/s
--------|----------------------------------------------------------------------------|-------|-------------|-------|-------|-------|-------|--------|-----------
GET      /                                                                                  4     0(0.00%) |     32      14      76     20 |    0.50        0.00
GET      /cart                                                                             16     0(0.00%) |     10       8      13     10 |    1.25        0.00
POST     /cart [add]                                                                       33     0(0.00%) |     17      11      34     17 |    2.75        0.00
POST     /cart/checkout                                                                    16     0(0.00%) |     32      13     250     17 |    1.00        0.00
GET      /product/[id]                                                                     82     0(0.00%) |     14       7     149     11 |    8.50        0.00
POST     /setCurrency                                                                      15     0(0.00%) |     20      14      39     18 |    1.25        0.00
--------|----------------------------------------------------------------------------|-------|-------------|-------|-------|-------|-------|--------|-----------
         Aggregated                                                                       166     0(0.00%) |     17       7     250     14 |   15.25        0.00

Type     Name                                                                          # reqs      # fails |    Avg     Min     Max    Med |   req/s  failures/s
--------|----------------------------------------------------------------------------|-------|-------------|-------|-------|-------|-------|--------|-----------
GET      /                                                                                  7     0(0.00%) |     25      13      76     16 |    0.50        0.00
GET      /cart                                                                             28     0(0.00%) |     10       7      13     11 |    2.17        0.00
POST     /cart [add]                                                                       56     0(0.00%) |     16      10      34     15 |    4.67        0.00
POST     /cart/checkout                                                                    26     0(0.00%) |     26      13     250     17 |    2.17        0.00
GET      /product/[id]                                                                    135     0(0.00%) |     13       7     149     11 |   11.00        0.00
POST     /setCurrency                                                                      26     0(0.00%) |     18      13      39     18 |    2.00        0.00
--------|----------------------------------------------------------------------------|-------|-------------|-------|-------|-------|-------|--------|-----------
         Aggregated                                                                       278     0(0.00%) |     15       7     250     13 |   22.50        0.00

Type     Name                                                                          # reqs      # fails |    Avg     Min     Max    Med |   req/s  failures/s
--------|----------------------------------------------------------------------------|-------|-------------|-------|-------|-------|-------|--------|-----------
GET      /                                                                                  7     0(0.00%) |     25      13      76     16 |    0.88        0.00
GET      /cart                                                                             48     0(0.00%) |     11       7      24     11 |    2.75        0.00
POST     /cart [add]                                                                       87     0(0.00%) |     18      10      78     16 |    6.00        0.00
POST     /cart/checkout                                                                    38     0(0.00%) |     23      13     250     16 |    2.88        0.00
GET      /product/[id]                                                                    201     0(0.00%) |     12       7     149     11 |   14.62        0.00
POST     /setCurrency                                                                      41     0(0.00%) |     19      12      55     17 |    2.88        0.00
--------|----------------------------------------------------------------------------|-------|-------------|-------|-------|-------|-------|--------|-----------
         Aggregated                                                                       422     0(0.00%) |     15       7     250     13 |   30.00        0.00

Type     Name                                                                          # reqs      # fails |    Avg     Min     Max    Med |   req/s  failures/s
--------|----------------------------------------------------------------------------|-------|-------------|-------|-------|-------|-------|--------|-----------
GET      /                                                                                 14     0(0.00%) |     25      11      83     14 |    0.70        0.00
GET      /cart                                                                             71     0(0.00%) |     12       7      71     11 |    4.20        0.00
POST     /cart [add]                                                                      126     0(0.00%) |     17      10      78     16 |    7.30        0.00
POST     /cart/checkout                                                                    55     0(0.00%) |     22      13     250     17 |    3.20        0.00
GET      /product/[id]                                                                    286     0(0.00%) |     12       7     149     11 |   17.70        0.00
POST     /setCurrency                                                                      50     0(0.00%) |     20      12      72     17 |    3.90        0.00
--------|----------------------------------------------------------------------------|-------|-------------|-------|-------|-------|-------|--------|-----------
         Aggregated                                                                       602     0(0.00%) |     15       7     250     13 |   37.00        0.00

Type     Name                                                                          # reqs      # fails |    Avg     Min     Max    Med |   req/s  failures/s
--------|----------------------------------------------------------------------------|-------|-------------|-------|-------|-------|-------|--------|-----------
GET      /                                                                                 16     0(0.00%) |     23      11      83     14 |    1.20        0.00
GET      /cart                                                                             98     0(0.00%) |     12       7      71     11 |    6.20        0.00
POST     /cart [add]                                                                      160     0(0.00%) |     18       9      80     16 |   11.30        0.00
POST     /cart/checkout                                                                    69     0(0.00%) |     22      13     250     18 |    5.10        0.00
GET      /product/[id]                                                                    378     0(0.00%) |     13       7     149     11 |   24.60        0.00
POST     /setCurrency                                                                      69     0(0.00%) |     19      12      72     17 |    4.40        0.00
--------|----------------------------------------------------------------------------|-------|-------------|-------|-------|-------|-------|--------|-----------
         Aggregated                                                                       790     0(0.00%) |     15       7     250     13 |   52.80        0.00

Type     Name                                                                          # reqs      # fails |    Avg     Min     Max    Med |   req/s  failures/s
--------|----------------------------------------------------------------------------|-------|-------------|-------|-------|-------|-------|--------|-----------
GET      /                                                                                 20     0(0.00%) |     21      11      83     14 |    1.20        0.00
GET      /cart                                                                            124     0(0.00%) |     12       7      71     11 |    8.40        0.00
POST     /cart [add]                                                                      193     0(0.00%) |     18       9      80     16 |   13.60        0.00
POST     /cart/checkout                                                                    82     0(0.00%) |     22      13     250     18 |    5.80        0.00
GET      /product/[id]                                                                    465     0(0.00%) |     13       6     149     11 |   32.00        0.00
POST     /setCurrency                                                                      90     0(0.00%) |     19      12      72     17 |    5.60        0.00
--------|----------------------------------------------------------------------------|-------|-------------|-------|-------|-------|-------|--------|-----------
         Aggregated                                                                       974     0(0.00%) |     15       6     250     13 |   66.60        0.00

Type     Name                                                                          # reqs      # fails |    Avg     Min     Max    Med |   req/s  failures/s
--------|----------------------------------------------------------------------------|-------|-------------|-------|-------|-------|-------|--------|-----------
GET      /                                                                                 24     0(0.00%) |     20      11      83     14 |    1.70        0.00
GET      /cart                                                                            147     0(0.00%) |     13       7      71     11 |   10.30        0.00
POST     /cart [add]                                                                      215     0(0.00%) |     18       9      80     16 |   15.60        0.00
POST     /cart/checkout                                                                    92     0(0.00%) |     22      12     250     17 |    6.70        0.00
GET      /product/[id]                                                                    573     0(0.00%) |     13       6     149     11 |   36.90        0.00
POST     /setCurrency                                                                     113     0(0.00%) |     19      12      72     16 |    7.10        0.00
--------|----------------------------------------------------------------------------|-------|-------------|-------|-------|-------|-------|--------|-----------
         Aggregated                                                                      1164     0(0.00%) |     15       6     250     13 |   78.30        0.00

Type     Name                                                                          # reqs      # fails |    Avg     Min     Max    Med |   req/s  failures/s
--------|----------------------------------------------------------------------------|-------|-------------|-------|-------|-------|-------|--------|-----------
GET      /                                                                                 26     0(0.00%) |     20      11      83     14 |    1.70        0.00
GET      /cart                                                                            168     0(0.00%) |     14       7     225     11 |   11.50        0.00
POST     /cart [add]                                                                      248     0(0.00%) |     20       9     255     16 |   15.90        0.00
POST     /cart/checkout                                                                   104     0(0.00%) |     23      12     250     18 |    6.40        0.00
GET      /product/[id]                                                                    662     0(0.00%) |     14       6     230     11 |   42.10        0.00
POST     /setCurrency                                                                     124     0(0.00%) |     21      12     291     16 |    8.10        0.00
--------|----------------------------------------------------------------------------|-------|-------------|-------|-------|-------|-------|--------|-----------
         Aggregated                                                                      1332     0(0.00%) |     17       6     291     13 |   85.70        0.00

Type     Name                                                                          # reqs      # fails |    Avg     Min     Max    Med |   req/s  failures/s
--------|----------------------------------------------------------------------------|-------|-------------|-------|-------|-------|-------|--------|-----------
GET      /                                                                                 28     0(0.00%) |     58      11     601     14 |    1.90        0.00
GET      /cart                                                                            176     0(0.00%) |     20       7     666     11 |   12.10        0.00
POST     /cart [add]                                                                      263     0(0.00%) |     19       9     255     16 |   16.40        0.00
POST     /cart/checkout                                                                   112     0(0.00%) |     29      12     722     18 |    7.10        0.00
GET      /product/[id]                                                                    720     0(0.00%) |     27       6     766     11 |   46.20        0.00
POST     /setCurrency                                                                     138     0(0.00%) |     26      12     637     17 |    8.10        0.00
--------|----------------------------------------------------------------------------|-------|-------------|-------|-------|-------|-------|--------|-----------
         Aggregated                                                                      1437     0(0.00%) |     25       6     766     13 |   91.80        0.00

Type     Name                                                                          # reqs      # fails |    Avg     Min     Max    Med |   req/s  failures/s
--------|----------------------------------------------------------------------------|-------|-------------|-------|-------|-------|-------|--------|-----------
GET      /                                                                                 32     0(0.00%) |     53      10     601     14 |    1.40        0.00
GET      /cart                                                                            190     0(0.00%) |     23       7     666     11 |   11.10        0.00
POST     /cart [add]                                                                      289     0(0.00%) |     36       9    1593     16 |   14.80        0.00
POST     /cart/checkout                                                                   121     0(0.00%) |     29      12     722     18 |    6.00        0.00
GET      /product/[id]                                                                    806     0(0.00%) |     39       6     951     11 |   44.80        0.00
POST     /setCurrency                                                                     152     0(0.00%) |     30      12     815     17 |    9.10        0.00
--------|----------------------------------------------------------------------------|-------|-------------|-------|-------|-------|-------|--------|-----------
         Aggregated                                                                      1590     0(0.00%) |     35       6    1593     13 |   87.20        0.00

Type     Name                                                                          # reqs      # fails |    Avg     Min     Max    Med |   req/s  failures/s
--------|----------------------------------------------------------------------------|-------|-------------|-------|-------|-------|-------|--------|-----------
GET      /                                                                                 35     0(0.00%) |     50      10     601     15 |    1.50        0.00
GET      /cart                                                                            214     0(0.00%) |     22       7     666     11 |    9.30        0.00
POST     /cart [add]                                                                      323     0(0.00%) |     34       9    1593     16 |   13.00        0.00
POST     /cart/checkout                                                                   131     0(0.00%) |     28      12     722     18 |    5.40        0.00
GET      /product/[id]                                                                    906     0(0.00%) |     36       6     951     11 |   42.10        0.00
POST     /setCurrency                                                                     171     0(0.00%) |     29      12     815     17 |    8.70        0.00
--------|----------------------------------------------------------------------------|-------|-------------|-------|-------|-------|-------|--------|-----------
         Aggregated                                                                      1780     0(0.00%) |     33       6    1593     13 |   80.00        0.00

Type     Name                                                                          # reqs      # fails |    Avg     Min     Max    Med |   req/s  failures/s
--------|----------------------------------------------------------------------------|-------|-------------|-------|-------|-------|-------|--------|-----------
GET      /                                                                                 38     0(0.00%) |     47      10     601     14 |    1.30        0.00
GET      /cart                                                                            233     0(0.00%) |     21       7     666     11 |    8.80        0.00
POST     /cart [add]                                                                      360     0(0.00%) |     32       9    1593     15 |   13.10        0.00
POST     /cart/checkout                                                                   144     0(0.00%) |     27      12     722     17 |    4.80        0.00
GET      /product/[id]                                                                   1001     0(0.00%) |     33       6     951     11 |   43.60        0.00
POST     /setCurrency                                                                     190     0(0.00%) |     28      12     815     17 |    8.20        0.00
--------|----------------------------------------------------------------------------|-------|-------------|-------|-------|-------|-------|--------|-----------
         Aggregated                                                                      1966     0(0.00%) |     31       6    1593     13 |   79.80        0.00

Type     Name                                                                          # reqs      # fails |    Avg     Min     Max    Med |   req/s  failures/s
--------|----------------------------------------------------------------------------|-------|-------------|-------|-------|-------|-------|--------|-----------
GET      /                                                                                 42     0(0.00%) |     44      10     601     14 |    1.41        0.00
GET      /cart                                                                            259     0(0.00%) |     21       6     666     11 |    8.71        0.00
POST     /cart [add]                                                                      391     0(0.00%) |     32       9    1593     16 |   13.15        0.00
POST     /cart/checkout                                                                   156     0(0.00%) |     28      12     722     17 |    5.25        0.00
GET      /product/[id]                                                                   1063     0(0.00%) |     32       6     951     11 |   35.74        0.00
POST     /setCurrency                                                                     210     0(0.00%) |     27      12     815     17 |    7.06        0.00
--------|----------------------------------------------------------------------------|-------|-------------|-------|-------|-------|-------|--------|-----------
         Aggregated                                                                      2121     0(0.00%) |     30       6    1593     13 |   71.32        0.00

Response time percentiles (approximated)
Type     Name                                                                                  50%    66%    75%    80%    90%    95%    98%    99%  99.9% 99.99%   100% # reqs
--------|--------------------------------------------------------------------------------|--------|------|------|------|------|------|------|------|------|------|------|------
GET      /                                                                                      15     17     18     19     45     84    600    600    600    600    600     42
GET      /cart                                                                                  11     12     14     15     24     47     71    330    670    670    670    259
POST     /cart [add]                                                                            16     17     19     20     29     50     81    800   1600   1600   1600    391
POST     /cart/checkout                                                                         18     19     20     22     39     61     99    250    720    720    720    156
GET      /product/[id]                                                                          11     12     13     14     26     58    550    710    820    950    950   1063
POST     /setCurrency                                                                           17     18     19     21     33     43     74    290    820    820    820    210
--------|--------------------------------------------------------------------------------|--------|------|------|------|------|------|------|------|------|------|------|------
         Aggregated                                                                             13     15     17     18     28     55    330    660    950   1600   1600   2121

