/Users/edias/Library/Python/3.9/lib/python/site-packages/urllib3/__init__.py:35: NotOpenSSLWarning: urllib3 v2 only supports OpenSSL 1.1.1+, currently the 'ssl' module is compiled with 'LibreSSL 2.8.3'. See: https://github.com/urllib3/urllib3/issues/3020
  warnings.warn(
[2026-05-21 10:20:46,755] MacBook-Air-de-Eduardo/WARNING/locust.main: Python 3.9 support is deprecated and will be removed soon
Type     Name                                                                          # reqs      # fails |    Avg     Min     Max    Med |   req/s  failures/s
--------|----------------------------------------------------------------------------|-------|-------------|-------|-------|-------|-------|--------|-----------
--------|----------------------------------------------------------------------------|-------|-------------|-------|-------|-------|-------|--------|-----------
         Aggregated                                                                         0     0(0.00%) |      0       0       0      0 |    0.00        0.00

Type     Name                                                                          # reqs      # fails |    Avg     Min     Max    Med |   req/s  failures/s
--------|----------------------------------------------------------------------------|-------|-------------|-------|-------|-------|-------|--------|-----------
GET      /cart                                                                              4     0(0.00%) |     28      16      45     21 |    0.00        0.00
POST     /cart [add]                                                                        6     0(0.00%) |     29      20      43     29 |    0.00        0.00
POST     /cart/checkout                                                                     4     0(0.00%) |     35      22      45     33 |    0.00        0.00
GET      /product/[id]                                                                     13     0(0.00%) |     27      19      57     23 |    0.00        0.00
--------|----------------------------------------------------------------------------|-------|-------------|-------|-------|-------|-------|--------|-----------
         Aggregated                                                                        27     0(0.00%) |     29      16      57     27 |    0.00        0.00

Type     Name                                                                          # reqs      # fails |    Avg     Min     Max    Med |   req/s  failures/s
--------|----------------------------------------------------------------------------|-------|-------------|-------|-------|-------|-------|--------|-----------
GET      /                                                                                  3     0(0.00%) |     20      16      25     19 |    0.00        0.00
GET      /cart                                                                             10     0(0.00%) |     20      12      45     17 |    1.00        0.00
POST     /cart [add]                                                                       14     0(0.00%) |     24      17      43     21 |    1.50        0.00
POST     /cart/checkout                                                                     6     0(0.00%) |     32      22      45     28 |    1.00        0.00
GET      /product/[id]                                                                     36     0(0.00%) |     20      12      57     19 |    3.50        0.00
POST     /setCurrency                                                                       6     0(0.00%) |     25      21      32     23 |    0.00        0.00
--------|----------------------------------------------------------------------------|-------|-------------|-------|-------|-------|-------|--------|-----------
         Aggregated                                                                        75     0(0.00%) |     22      12      57     21 |    7.00        0.00

Type     Name                                                                          # reqs      # fails |    Avg     Min     Max    Med |   req/s  failures/s
--------|----------------------------------------------------------------------------|-------|-------------|-------|-------|-------|-------|--------|-----------
GET      /                                                                                  5     0(0.00%) |     21      16      25     19 |    0.50        0.00
GET      /cart                                                                             19     0(0.00%) |     18      12      45     17 |    2.00        0.00
POST     /cart [add]                                                                       33     0(0.00%) |     24      17      43     22 |    2.75        0.00
POST     /cart/checkout                                                                    14     0(0.00%) |     28      20      45     26 |    1.25        0.00
GET      /product/[id]                                                                     77     0(0.00%) |     18      12      57     17 |    6.75        0.00
POST     /setCurrency                                                                      12     0(0.00%) |     26      21      32     27 |    1.00        0.00
--------|----------------------------------------------------------------------------|-------|-------------|-------|-------|-------|-------|--------|-----------
         Aggregated                                                                       160     0(0.00%) |     21      12      57     20 |   14.25        0.00

Type     Name                                                                          # reqs      # fails |    Avg     Min     Max    Med |   req/s  failures/s
--------|----------------------------------------------------------------------------|-------|-------------|-------|-------|-------|-------|--------|-----------
GET      /                                                                                  9     0(0.00%) |     20      16      25     19 |    0.83        0.00
GET      /cart                                                                             33     0(0.00%) |     16      12      45     16 |    2.17        0.00
POST     /cart [add]                                                                       51     0(0.00%) |     23      17      43     22 |    3.33        0.00
POST     /cart/checkout                                                                    22     0(0.00%) |     27      20      45     25 |    1.50        0.00
GET      /product/[id]                                                                    130     0(0.00%) |     17      12      57     16 |   10.83        0.00
POST     /setCurrency                                                                      27     0(0.00%) |     24      19      34     24 |    1.83        0.00
--------|----------------------------------------------------------------------------|-------|-------------|-------|-------|-------|-------|--------|-----------
         Aggregated                                                                       272     0(0.00%) |     20      12      57     19 |   20.50        0.00

Type     Name                                                                          # reqs      # fails |    Avg     Min     Max    Med |   req/s  failures/s
--------|----------------------------------------------------------------------------|-------|-------------|-------|-------|-------|-------|--------|-----------
GET      /                                                                                 15     0(0.00%) |     25      16      93     20 |    1.00        0.00
GET      /cart                                                                             54     0(0.00%) |     17      11      45     16 |    3.25        0.00
POST     /cart [add]                                                                       73     0(0.00%) |     24      17      56     24 |    5.75        0.00
POST     /cart/checkout                                                                    32     0(0.00%) |     29      20     101     24 |    2.62        0.00
GET      /product/[id]                                                                    188     0(0.00%) |     19      12     255     16 |   13.38        0.00
POST     /setCurrency                                                                      41     0(0.00%) |     24      18      34     23 |    2.75        0.00
--------|----------------------------------------------------------------------------|-------|-------------|-------|-------|-------|-------|--------|-----------
         Aggregated                                                                       403     0(0.00%) |     21      11     255     19 |   28.75        0.00

Type     Name                                                                          # reqs      # fails |    Avg     Min     Max    Med |   req/s  failures/s
--------|----------------------------------------------------------------------------|-------|-------------|-------|-------|-------|-------|--------|-----------
GET      /                                                                                 20     0(0.00%) |     26      16      93     20 |    1.20        0.00
GET      /cart                                                                             72     0(0.00%) |     18      11      89     16 |    4.30        0.00
POST     /cart [add]                                                                       97     0(0.00%) |     23      17      56     22 |    6.50        0.00
POST     /cart/checkout                                                                    45     0(0.00%) |     29      18     101     24 |    2.80        0.00
GET      /product/[id]                                                                    274     0(0.00%) |     19      11     255     16 |   16.30        0.00
POST     /setCurrency                                                                      62     0(0.00%) |     26      18      73     24 |    3.90        0.00
--------|----------------------------------------------------------------------------|-------|-------------|-------|-------|-------|-------|--------|-----------
         Aggregated                                                                       570     0(0.00%) |     21      11     255     19 |   35.00        0.00

Type     Name                                                                          # reqs      # fails |    Avg     Min     Max    Med |   req/s  failures/s
--------|----------------------------------------------------------------------------|-------|-------------|-------|-------|-------|-------|--------|-----------
GET      /                                                                                 25     0(0.00%) |     26      16      93     21 |    1.80        0.00
GET      /cart                                                                             98     0(0.00%) |     18      10      89     16 |    6.20        0.00
POST     /cart [add]                                                                      126     0(0.00%) |     23      16      60     22 |    8.70        0.00
POST     /cart/checkout                                                                    56     0(0.00%) |     29      18     101     24 |    4.00        0.00
GET      /product/[id]                                                                    375     0(0.00%) |     18      11     255     16 |   23.20        0.00
POST     /setCurrency                                                                      84     0(0.00%) |     26      18      73     24 |    5.20        0.00
--------|----------------------------------------------------------------------------|-------|-------------|-------|-------|-------|-------|--------|-----------
         Aggregated                                                                       764     0(0.00%) |     21      10     255     19 |   49.10        0.00

Type     Name                                                                          # reqs      # fails |    Avg     Min     Max    Med |   req/s  failures/s
--------|----------------------------------------------------------------------------|-------|-------------|-------|-------|-------|-------|--------|-----------
GET      /                                                                                 30     0(0.00%) |     33      16     169     22 |    2.10        0.00
GET      /cart                                                                            124     0(0.00%) |     20      10      89     17 |    7.90        0.00
POST     /cart [add]                                                                      165     0(0.00%) |     28      16     142     23 |   10.20        0.00
POST     /cart/checkout                                                                    74     0(0.00%) |     34      18     101     26 |    4.80        0.00
GET      /product/[id]                                                                    476     0(0.00%) |     20      11     255     16 |   30.70        0.00
POST     /setCurrency                                                                     104     0(0.00%) |     33      18     299     25 |    7.20        0.00
--------|----------------------------------------------------------------------------|-------|-------------|-------|-------|-------|-------|--------|-----------
         Aggregated                                                                       973     0(0.00%) |     24      10     299     19 |   62.90        0.00

Type     Name                                                                          # reqs      # fails |    Avg     Min     Max    Med |   req/s  failures/s
--------|----------------------------------------------------------------------------|-------|-------------|-------|-------|-------|-------|--------|-----------
GET      /                                                                                 37     0(0.00%) |     39      16     169     23 |    2.20        0.00
GET      /cart                                                                            167     0(0.00%) |     21      10      89     17 |   10.50        0.00
POST     /cart [add]                                                                      197     0(0.00%) |     29      16     142     24 |   12.80        0.00
POST     /cart/checkout                                                                    87     0(0.00%) |     35      18     101     26 |    5.70        0.00
GET      /product/[id]                                                                    593     0(0.00%) |     21      11     255     16 |   37.10        0.00
POST     /setCurrency                                                                     134     0(0.00%) |     35      18     299     25 |    8.40        0.00
--------|----------------------------------------------------------------------------|-------|-------------|-------|-------|-------|-------|--------|-----------
         Aggregated                                                                      1215     0(0.00%) |     25      10     299     20 |   76.70        0.00

Type     Name                                                                          # reqs      # fails |    Avg     Min     Max    Med |   req/s  failures/s
--------|----------------------------------------------------------------------------|-------|-------------|-------|-------|-------|-------|--------|-----------
GET      /                                                                                 40     0(0.00%) |     41      16     169     24 |    2.60        0.00
GET      /cart                                                                            191     0(0.00%) |     23      10      91     18 |   12.40        0.00
POST     /cart [add]                                                                      236     0(0.00%) |     32      16     142     24 |   13.90        0.00
POST     /cart/checkout                                                                   102     0(0.00%) |     40      18     148     27 |    6.30        0.00
GET      /product/[id]                                                                    744     0(0.00%) |     23      11     255     17 |   43.70        0.00
POST     /setCurrency                                                                     155     0(0.00%) |     38      18     299     26 |   10.00        0.00
--------|----------------------------------------------------------------------------|-------|-------------|-------|-------|-------|-------|--------|-----------
         Aggregated                                                                      1468     0(0.00%) |     28      10     299     20 |   88.90        0.00

Type     Name                                                                          # reqs      # fails |    Avg     Min     Max    Med |   req/s  failures/s
--------|----------------------------------------------------------------------------|-------|-------------|-------|-------|-------|-------|--------|-----------
GET      /                                                                                 44     0(0.00%) |     43      16     169     26 |    2.60        0.00
GET      /cart                                                                            213     0(0.00%) |     24      10      91     18 |   13.90        0.00
POST     /cart [add]                                                                      292     0(0.00%) |     38      16     174     25 |   15.30        0.00
POST     /cart/checkout                                                                   123     0(0.00%) |     44      18     155     29 |    6.60        0.00
GET      /product/[id]                                                                    882     0(0.00%) |     26      11     255     18 |   52.30        0.00
POST     /setCurrency                                                                     186     0(0.00%) |     42      18     299     28 |   11.00        0.00
--------|----------------------------------------------------------------------------|-------|-------------|-------|-------|-------|-------|--------|-----------
         Aggregated                                                                      1740     0(0.00%) |     31      10     299     21 |  101.70        0.00

Type     Name                                                                          # reqs      # fails |    Avg     Min     Max    Med |   req/s  failures/s
--------|----------------------------------------------------------------------------|-------|-------------|-------|-------|-------|-------|--------|-----------
GET      /                                                                                 57     0(0.00%) |     47      16     169     29 |    2.60        0.00
GET      /cart                                                                            249     0(0.00%) |     27      10     121     18 |   14.10        0.00
POST     /cart [add]                                                                      341     0(0.00%) |     45      16     566     26 |   17.50        0.00
POST     /cart/checkout                                                                   142     0(0.00%) |     47      18     155     30 |    7.10        0.00
GET      /product/[id]                                                                   1024     0(0.00%) |     29      11     649     18 |   58.80        0.00
POST     /setCurrency                                                                     216     0(0.00%) |     44      17     299     29 |   12.20        0.00
--------|----------------------------------------------------------------------------|-------|-------------|-------|-------|-------|-------|--------|-----------
         Aggregated                                                                      2029     0(0.00%) |     35      10     649     22 |  112.30        0.00

Type     Name                                                                          # reqs      # fails |    Avg     Min     Max    Med |   req/s  failures/s
--------|----------------------------------------------------------------------------|-------|-------------|-------|-------|-------|-------|--------|-----------
GET      /                                                                                 65     0(0.00%) |     54      16     203     31 |    2.80        0.00
GET      /cart                                                                            296     0(0.00%) |     32      10     173     19 |   14.90        0.00
POST     /cart [add]                                                                      397     0(0.00%) |     50      15     566     29 |   21.00        0.00
POST     /cart/checkout                                                                   157     0(0.00%) |     50      18     155     33 |    8.00        0.00
GET      /product/[id]                                                                   1173     0(0.00%) |     31      11     649     19 |   63.20        0.00
POST     /setCurrency                                                                     238     0(0.00%) |     48      17     299     29 |   12.90        0.00
--------|----------------------------------------------------------------------------|-------|-------------|-------|-------|-------|-------|--------|-----------
         Aggregated                                                                      2326     0(0.00%) |     38      10     649     23 |  122.80        0.00

Type     Name                                                                          # reqs      # fails |    Avg     Min     Max    Med |   req/s  failures/s
--------|----------------------------------------------------------------------------|-------|-------------|-------|-------|-------|-------|--------|-----------
GET      /                                                                                 77     0(0.00%) |     58      16     203     37 |    3.60        0.00
GET      /cart                                                                            336     0(0.00%) |     39      10     942     20 |   15.70        0.00
POST     /cart [add]                                                                      444     0(0.00%) |     57      15    1063     31 |   23.00        0.00
POST     /cart/checkout                                                                   176     0(0.00%) |     59      18     980     39 |    8.50        0.00
GET      /product/[id]                                                                   1322     0(0.00%) |     37      11     989     20 |   67.20        0.00
POST     /setCurrency                                                                     268     0(0.00%) |     53      17     299     31 |   13.60        0.00
--------|----------------------------------------------------------------------------|-------|-------------|-------|-------|-------|-------|--------|-----------
         Aggregated                                                                      2623     0(0.00%) |     45      10    1063     25 |  131.60        0.00

Type     Name                                                                          # reqs      # fails |    Avg     Min     Max    Med |   req/s  failures/s
--------|----------------------------------------------------------------------------|-------|-------------|-------|-------|-------|-------|--------|-----------
GET      /                                                                                 86     0(0.00%) |     66      16     203     53 |    2.89        0.00
GET      /cart                                                                            372     0(0.00%) |     45      10     942     21 |   12.48        0.00
POST     /cart [add]                                                                      498     0(0.00%) |     63      15    1063     36 |   16.71        0.00
POST     /cart/checkout                                                                   196     0(0.00%) |     63      18     980     47 |    6.58        0.00
GET      /product/[id]                                                                   1448     0(0.00%) |     40      11     989     21 |   48.59        0.00
POST     /setCurrency                                                                     299     0(0.00%) |     60      17     299     37 |   10.03        0.00
--------|----------------------------------------------------------------------------|-------|-------------|-------|-------|-------|-------|--------|-----------
         Aggregated                                                                      2899     0(0.00%) |     49      10    1063     27 |   97.28        0.00

Response time percentiles (approximated)
Type     Name                                                                                  50%    66%    75%    80%    90%    95%    98%    99%  99.9% 99.99%   100% # reqs
--------|--------------------------------------------------------------------------------|--------|------|------|------|------|------|------|------|------|------|------|------
GET      /                                                                                      54     76     86    100    160    170    200    200    200    200    200     86
GET      /cart                                                                                  21     40     56     68     92    120    170    240    940    940    940    372
POST     /cart [add]                                                                            36     65     86     96    130    160    240    300   1100   1100   1100    498
POST     /cart/checkout                                                                         48     80     89     94    110    130    160    160    980    980    980    196
GET      /product/[id]                                                                          21     37     51     60     81     99    130    180    870    990    990   1448
POST     /setCurrency                                                                           37     62     88     95    130    170    200    250    300    300    300    299
--------|--------------------------------------------------------------------------------|--------|------|------|------|------|------|------|------|------|------|------|------
         Aggregated                                                                             27     48     65     75    100    130    180    240    980   1100   1100   2899

