/Users/edias/Library/Python/3.9/lib/python/site-packages/urllib3/__init__.py:35: NotOpenSSLWarning: urllib3 v2 only supports OpenSSL 1.1.1+, currently the 'ssl' module is compiled with 'LibreSSL 2.8.3'. See: https://github.com/urllib3/urllib3/issues/3020
  warnings.warn(
[2026-05-21 15:02:20,607] MacBook-Air-de-Eduardo/WARNING/locust.main: Python 3.9 support is deprecated and will be removed soon
Type     Name                                                                          # reqs      # fails |    Avg     Min     Max    Med |   req/s  failures/s
--------|----------------------------------------------------------------------------|-------|-------------|-------|-------|-------|-------|--------|-----------
--------|----------------------------------------------------------------------------|-------|-------------|-------|-------|-------|-------|--------|-----------
         Aggregated                                                                         0     0(0.00%) |      0       0       0      0 |    0.00        0.00

Type     Name                                                                          # reqs      # fails |    Avg     Min     Max    Med |   req/s  failures/s
--------|----------------------------------------------------------------------------|-------|-------------|-------|-------|-------|-------|--------|-----------
GET      /cart                                                                              2     0(0.00%) |     46      16      77     17 |    0.00        0.00
POST     /cart [add]                                                                        5     0(0.00%) |     36      28      53     32 |    0.00        0.00
POST     /cart/checkout                                                                     1     0(0.00%) |     59      59      59     59 |    0.00        0.00
GET      /product/[id]                                                                     10     0(0.00%) |     37      21      83     30 |    0.00        0.00
POST     /setCurrency                                                                       2     0(0.00%) |     33      30      36     30 |    0.00        0.00
--------|----------------------------------------------------------------------------|-------|-------------|-------|-------|-------|-------|--------|-----------
         Aggregated                                                                        20     0(0.00%) |     38      16      83     31 |    0.00        0.00

Type     Name                                                                          # reqs      # fails |    Avg     Min     Max    Med |   req/s  failures/s
--------|----------------------------------------------------------------------------|-------|-------------|-------|-------|-------|-------|--------|-----------
GET      /                                                                                  2     0(0.00%) |     29      22      36     23 |    0.00        0.00
GET      /cart                                                                              8     0(0.00%) |     24      12      77     17 |    0.50        0.00
POST     /cart [add]                                                                       13     0(0.00%) |     27      19      53     26 |    2.50        0.00
POST     /cart/checkout                                                                     5     0(0.00%) |     35      25      59     27 |    0.50        0.00
GET      /product/[id]                                                                     36     0(0.00%) |     22      13      83     18 |    3.50        0.00
POST     /setCurrency                                                                       7     0(0.00%) |     27      19      36     26 |    0.00        0.00
--------|----------------------------------------------------------------------------|-------|-------------|-------|-------|-------|-------|--------|-----------
         Aggregated                                                                        71     0(0.00%) |     25      12      83     21 |    7.00        0.00

Type     Name                                                                          # reqs      # fails |    Avg     Min     Max    Med |   req/s  failures/s
--------|----------------------------------------------------------------------------|-------|-------------|-------|-------|-------|-------|--------|-----------
GET      /                                                                                  5     0(0.00%) |     27      22      36     27 |    0.50        0.00
GET      /cart                                                                             22     0(0.00%) |     19      12      77     16 |    1.75        0.00
POST     /cart [add]                                                                       29     0(0.00%) |     25      18      53     23 |    3.00        0.00
POST     /cart/checkout                                                                    11     0(0.00%) |     29      19      59     26 |    1.00        0.00
GET      /product/[id]                                                                     73     0(0.00%) |     20      12      83     17 |    7.00        0.00
POST     /setCurrency                                                                      17     0(0.00%) |     28      19      40     30 |    1.00        0.00
--------|----------------------------------------------------------------------------|-------|-------------|-------|-------|-------|-------|--------|-----------
         Aggregated                                                                       157     0(0.00%) |     22      12      83     20 |   14.25        0.00

Type     Name                                                                          # reqs      # fails |    Avg     Min     Max    Med |   req/s  failures/s
--------|----------------------------------------------------------------------------|-------|-------------|-------|-------|-------|-------|--------|-----------
GET      /                                                                                 11     0(0.00%) |     29      18      76     23 |    0.50        0.00
GET      /cart                                                                             33     0(0.00%) |     20      12      77     17 |    3.00        0.00
POST     /cart [add]                                                                       51     0(0.00%) |     23      16      53     22 |    3.83        0.00
POST     /cart/checkout                                                                    18     0(0.00%) |     27      19      59     26 |    1.33        0.00
GET      /product/[id]                                                                    127     0(0.00%) |     18      11      83     17 |    9.67        0.00
POST     /setCurrency                                                                      25     0(0.00%) |     27      19      40     26 |    2.50        0.00
--------|----------------------------------------------------------------------------|-------|-------------|-------|-------|-------|-------|--------|-----------
         Aggregated                                                                       265     0(0.00%) |     21      11      83     20 |   20.83        0.00

Type     Name                                                                          # reqs      # fails |    Avg     Min     Max    Med |   req/s  failures/s
--------|----------------------------------------------------------------------------|-------|-------------|-------|-------|-------|-------|--------|-----------
GET      /                                                                                 13     0(0.00%) |     28      18      76     23 |    1.00        0.00
GET      /cart                                                                             45     0(0.00%) |     19      11      77     17 |    3.50        0.00
POST     /cart [add]                                                                       75     0(0.00%) |     23      16      53     22 |    5.62        0.00
POST     /cart/checkout                                                                    27     0(0.00%) |     28      18      59     27 |    2.00        0.00
GET      /product/[id]                                                                    195     0(0.00%) |     18      11      83     16 |   13.50        0.00
POST     /setCurrency                                                                      41     0(0.00%) |     28      19      55     25 |    2.75        0.00
--------|----------------------------------------------------------------------------|-------|-------------|-------|-------|-------|-------|--------|-----------
         Aggregated                                                                       396     0(0.00%) |     21      11      83     19 |   28.38        0.00

Type     Name                                                                          # reqs      # fails |    Avg     Min     Max    Med |   req/s  failures/s
--------|----------------------------------------------------------------------------|-------|-------------|-------|-------|-------|-------|--------|-----------
GET      /                                                                                 17     0(0.00%) |     26      18      76     23 |    1.30        0.00
GET      /cart                                                                             65     0(0.00%) |     19      11      77     17 |    4.00        0.00
POST     /cart [add]                                                                      117     0(0.00%) |     25      16      57     23 |    7.00        0.00
POST     /cart/checkout                                                                    35     0(0.00%) |     30      18      59     28 |    2.50        0.00
GET      /product/[id]                                                                    265     0(0.00%) |     18      11      83     16 |   16.90        0.00
POST     /setCurrency                                                                      60     0(0.00%) |     28      19      67     26 |    3.60        0.00
--------|----------------------------------------------------------------------------|-------|-------------|-------|-------|-------|-------|--------|-----------
         Aggregated                                                                       559     0(0.00%) |     22      11      83     20 |   35.30        0.00

Type     Name                                                                          # reqs      # fails |    Avg     Min     Max    Med |   req/s  failures/s
--------|----------------------------------------------------------------------------|-------|-------------|-------|-------|-------|-------|--------|-----------
GET      /                                                                                 21     0(0.00%) |     29      18      76     23 |    1.70        0.00
GET      /cart                                                                             94     0(0.00%) |     27      11     209     19 |    5.70        0.00
POST     /cart [add]                                                                      144     0(0.00%) |     28      16     141     24 |   10.00        0.00
POST     /cart/checkout                                                                    50     0(0.00%) |     35      18     120     28 |    3.20        0.00
GET      /product/[id]                                                                    357     0(0.00%) |     23      11     224     17 |   23.20        0.00
POST     /setCurrency                                                                      73     0(0.00%) |     35      19     248     27 |    5.50        0.00
--------|----------------------------------------------------------------------------|-------|-------------|-------|-------|-------|-------|--------|-----------
         Aggregated                                                                       739     0(0.00%) |     27      11     248     21 |   49.30        0.00

Type     Name                                                                          # reqs      # fails |    Avg     Min     Max    Med |   req/s  failures/s
--------|----------------------------------------------------------------------------|-------|-------------|-------|-------|-------|-------|--------|-----------
GET      /                                                                                 29     0(0.00%) |     31      18     105     25 |    1.70        0.00
GET      /cart                                                                            123     0(0.00%) |     27      11     209     19 |    7.90        0.00
POST     /cart [add]                                                                      186     0(0.00%) |     30      16     141     25 |   12.40        0.00
POST     /cart/checkout                                                                    63     0(0.00%) |     35      18     120     28 |    4.10        0.00
GET      /product/[id]                                                                    457     0(0.00%) |     23      11     224     17 |   30.10        0.00
POST     /setCurrency                                                                      90     0(0.00%) |     37      19     248     28 |    6.40        0.00
--------|----------------------------------------------------------------------------|-------|-------------|-------|-------|-------|-------|--------|-----------
         Aggregated                                                                       948     0(0.00%) |     27      11     248     21 |   62.60        0.00

Type     Name                                                                          # reqs      # fails |    Avg     Min     Max    Med |   req/s  failures/s
--------|----------------------------------------------------------------------------|-------|-------------|-------|-------|-------|-------|--------|-----------
GET      /                                                                                 31     0(0.00%) |     30      18     105     25 |    2.40        0.00
GET      /cart                                                                            158     0(0.00%) |     26      11     209     19 |    9.30        0.00
POST     /cart [add]                                                                      222     0(0.00%) |     31      16     141     25 |   15.10        0.00
POST     /cart/checkout                                                                    76     0(0.00%) |     36      18     120     28 |    5.10        0.00
GET      /product/[id]                                                                    581     0(0.00%) |     23      11     224     17 |   36.50        0.00
POST     /setCurrency                                                                     119     0(0.00%) |     38      19     248     29 |    6.90        0.00
--------|----------------------------------------------------------------------------|-------|-------------|-------|-------|-------|-------|--------|-----------
         Aggregated                                                                      1187     0(0.00%) |     27      11     248     22 |   75.30        0.00

Type     Name                                                                          # reqs      # fails |    Avg     Min     Max    Med |   req/s  failures/s
--------|----------------------------------------------------------------------------|-------|-------------|-------|-------|-------|-------|--------|-----------
GET      /                                                                                 38     0(0.00%) |     35      17     189     25 |    2.20        0.00
GET      /cart                                                                            193     0(0.00%) |     28      11     209     19 |   12.00        0.00
POST     /cart [add]                                                                      262     0(0.00%) |     33      16     141     26 |   16.40        0.00
POST     /cart/checkout                                                                    92     0(0.00%) |     39      18     120     30 |    5.60        0.00
GET      /product/[id]                                                                    720     0(0.00%) |     24      11     224     18 |   43.10        0.00
POST     /setCurrency                                                                     145     0(0.00%) |     41      19     248     30 |    8.80        0.00
--------|----------------------------------------------------------------------------|-------|-------------|-------|-------|-------|-------|--------|-----------
         Aggregated                                                                      1450     0(0.00%) |     29      11     248     22 |   88.10        0.00

Type     Name                                                                          # reqs      # fails |    Avg     Min     Max    Med |   req/s  failures/s
--------|----------------------------------------------------------------------------|-------|-------------|-------|-------|-------|-------|--------|-----------
GET      /                                                                                 45     0(0.00%) |     44      17     189     27 |    2.20        0.00
GET      /cart                                                                            229     0(0.00%) |     30      11     209     19 |   14.40        0.00
POST     /cart [add]                                                                      318     0(0.00%) |     38      16     163     27 |   17.80        0.00
POST     /cart/checkout                                                                   115     0(0.00%) |     45      18     120     32 |    6.40        0.00
GET      /product/[id]                                                                    852     0(0.00%) |     27      11     224     19 |   50.10        0.00
POST     /setCurrency                                                                     167     0(0.00%) |     45      19     248     31 |   10.10        0.00
--------|----------------------------------------------------------------------------|-------|-------------|-------|-------|-------|-------|--------|-----------
         Aggregated                                                                      1726     0(0.00%) |     33      11     248     23 |  101.00        0.00

Type     Name                                                                          # reqs      # fails |    Avg     Min     Max    Med |   req/s  failures/s
--------|----------------------------------------------------------------------------|-------|-------------|-------|-------|-------|-------|--------|-----------
GET      /                                                                                 52     0(0.00%) |     52      17     189     28 |    2.60        0.00
GET      /cart                                                                            265     0(0.00%) |     32      11     209     21 |   16.20        0.00
POST     /cart [add]                                                                      370     0(0.00%) |     45      16     211     28 |   19.60        0.00
POST     /cart/checkout                                                                   132     0(0.00%) |     52      18     182     38 |    7.10        0.00
GET      /product/[id]                                                                    982     0(0.00%) |     31      11     224     19 |   56.30        0.00
POST     /setCurrency                                                                     181     0(0.00%) |     48      19     248     31 |   10.50        0.00
--------|----------------------------------------------------------------------------|-------|-------------|-------|-------|-------|-------|--------|-----------
         Aggregated                                                                      1982     0(0.00%) |     37      11     248     25 |  112.30        0.00

Type     Name                                                                          # reqs      # fails |    Avg     Min     Max    Med |   req/s  failures/s
--------|----------------------------------------------------------------------------|-------|-------------|-------|-------|-------|-------|--------|-----------
GET      /                                                                                 59     0(0.00%) |     57      17     216     30 |    3.20        0.00
GET      /cart                                                                            302     0(0.00%) |     37      11     209     22 |   16.40        0.00
POST     /cart [add]                                                                      417     0(0.00%) |     51      16     261     32 |   21.60        0.00
POST     /cart/checkout                                                                   147     0(0.00%) |     57      18     193     41 |    8.10        0.00
GET      /product/[id]                                                                   1135     0(0.00%) |     37      11     224     21 |   61.90        0.00
POST     /setCurrency                                                                     215     0(0.00%) |     57      19     261     37 |   11.10        0.00
--------|----------------------------------------------------------------------------|-------|-------------|-------|-------|-------|-------|--------|-----------
         Aggregated                                                                      2275     0(0.00%) |     43      11     261     27 |  122.30        0.00

Type     Name                                                                          # reqs      # fails |    Avg     Min     Max    Med |   req/s  failures/s
--------|----------------------------------------------------------------------------|-------|-------------|-------|-------|-------|-------|--------|-----------
GET      /                                                                                 71     0(0.00%) |     66      17     216     41 |    2.90        0.00
GET      /cart                                                                            342     0(0.00%) |     43      11     262     25 |   17.30        0.00
POST     /cart [add]                                                                      477     0(0.00%) |     60      16     303     35 |   22.60        0.00
POST     /cart/checkout                                                                   168     0(0.00%) |     63      18     199     44 |    8.20        0.00
GET      /product/[id]                                                                   1271     0(0.00%) |     40      11     224     23 |   66.90        0.00
POST     /setCurrency                                                                     237     0(0.00%) |     64      19     296     44 |   12.00        0.00
--------|----------------------------------------------------------------------------|-------|-------------|-------|-------|-------|-------|--------|-----------
         Aggregated                                                                      2566     0(0.00%) |     49      11     303     30 |  129.90        0.00

Type     Name                                                                          # reqs      # fails |    Avg     Min     Max    Med |   req/s  failures/s
--------|----------------------------------------------------------------------------|-------|-------------|-------|-------|-------|-------|--------|-----------
GET      /                                                                                 77     0(0.00%) |     70      17     267     47 |    2.58        0.00
GET      /cart                                                                            373     0(0.00%) |     46      11     262     27 |   12.52        0.00
POST     /cart [add]                                                                      525     0(0.00%) |     68      16     303     43 |   17.62        0.00
POST     /cart/checkout                                                                   192     0(0.00%) |     71      18     284     60 |    6.44        0.00
GET      /product/[id]                                                                   1403     0(0.00%) |     45      11     224     27 |   47.09        0.00
POST     /setCurrency                                                                     263     0(0.00%) |     72      19     296     49 |    8.83        0.00
--------|----------------------------------------------------------------------------|-------|-------------|-------|-------|-------|-------|--------|-----------
         Aggregated                                                                      2833     0(0.00%) |     54      11     303     33 |   95.09        0.00

Response time percentiles (approximated)
Type     Name                                                                                  50%    66%    75%    80%    90%    95%    98%    99%  99.9% 99.99%   100% # reqs
--------|--------------------------------------------------------------------------------|--------|------|------|------|------|------|------|------|------|------|------|------
GET      /                                                                                      47     84    110    120    150    190    220    270    270    270    270     77
GET      /cart                                                                                  27     48     62     73    100    140    190    210    260    260    260    373
POST     /cart [add]                                                                            43     77     99    110    150    180    230    250    300    300    300    525
POST     /cart/checkout                                                                         62     89     99    100    140    180    200    270    280    280    280    192
GET      /product/[id]                                                                          27     45     61     72     97    130    170    190    220    220    220   1403
POST     /setCurrency                                                                           49     78     98    110    160    200    260    280    300    300    300    263
--------|--------------------------------------------------------------------------------|--------|------|------|------|------|------|------|------|------|------|------|------
         Aggregated                                                                             33     57     76     89    120    160    200    220    290    300    300   2833

