/Users/edias/Library/Python/3.9/lib/python/site-packages/urllib3/__init__.py:35: NotOpenSSLWarning: urllib3 v2 only supports OpenSSL 1.1.1+, currently the 'ssl' module is compiled with 'LibreSSL 2.8.3'. See: https://github.com/urllib3/urllib3/issues/3020
  warnings.warn(
[2026-05-21 15:02:50,997] MacBook-Air-de-Eduardo/WARNING/locust.main: Python 3.9 support is deprecated and will be removed soon
Type     Name                                                                          # reqs      # fails |    Avg     Min     Max    Med |   req/s  failures/s
--------|----------------------------------------------------------------------------|-------|-------------|-------|-------|-------|-------|--------|-----------
--------|----------------------------------------------------------------------------|-------|-------------|-------|-------|-------|-------|--------|-----------
         Aggregated                                                                         0     0(0.00%) |      0       0       0      0 |    0.00        0.00

Type     Name                                                                          # reqs      # fails |    Avg     Min     Max    Med |   req/s  failures/s
--------|----------------------------------------------------------------------------|-------|-------------|-------|-------|-------|-------|--------|-----------
GET      /cart                                                                              5     0(0.00%) |     18      13      24     18 |    0.00        0.00
POST     /cart [add]                                                                        6     0(0.00%) |     36      20      62     27 |    0.00        0.00
POST     /cart/checkout                                                                     3     0(0.00%) |     40      34      47     39 |    0.00        0.00
GET      /product/[id]                                                                      9     0(0.00%) |     25      13      54     20 |    0.00        0.00
POST     /setCurrency                                                                       1     0(0.00%) |     31      31      31     31 |    0.00        0.00
--------|----------------------------------------------------------------------------|-------|-------------|-------|-------|-------|-------|--------|-----------
         Aggregated                                                                        24     0(0.00%) |     28      13      62     24 |    0.00        0.00

Type     Name                                                                          # reqs      # fails |    Avg     Min     Max    Med |   req/s  failures/s
--------|----------------------------------------------------------------------------|-------|-------------|-------|-------|-------|-------|--------|-----------
GET      /                                                                                  2     0(0.00%) |     21      19      24     19 |    0.00        0.00
GET      /cart                                                                              7     0(0.00%) |     18      13      24     18 |    3.00        0.00
POST     /cart [add]                                                                       15     0(0.00%) |     33      20      74     24 |    2.00        0.00
POST     /cart/checkout                                                                     6     0(0.00%) |     86      25     331     39 |    1.00        0.00
GET      /product/[id]                                                                     34     0(0.00%) |     20      13      54     17 |    2.00        0.00
POST     /setCurrency                                                                      11     0(0.00%) |     25      21      31     25 |    1.00        0.00
--------|----------------------------------------------------------------------------|-------|-------------|-------|-------|-------|-------|--------|-----------
         Aggregated                                                                        75     0(0.00%) |     28      13     331     22 |    9.00        0.00

Type     Name                                                                          # reqs      # fails |    Avg     Min     Max    Med |   req/s  failures/s
--------|----------------------------------------------------------------------------|-------|-------------|-------|-------|-------|-------|--------|-----------
GET      /                                                                                  7     0(0.00%) |     21      19      24     20 |    0.33        0.00
GET      /cart                                                                             24     0(0.00%) |     18      12      25     17 |    2.00        0.00
POST     /cart [add]                                                                       27     0(0.00%) |     28      17      74     24 |    4.33        0.00
POST     /cart/checkout                                                                    12     0(0.00%) |     62      21     331     38 |    1.67        0.00
GET      /product/[id]                                                                     70     0(0.00%) |     19      13      64     17 |    6.33        0.00
POST     /setCurrency                                                                      15     0(0.00%) |     26      21      34     26 |    2.00        0.00
--------|----------------------------------------------------------------------------|-------|-------------|-------|-------|-------|-------|--------|-----------
         Aggregated                                                                       155     0(0.00%) |     24      12     331     20 |   16.67        0.00

Type     Name                                                                          # reqs      # fails |    Avg     Min     Max    Med |   req/s  failures/s
--------|----------------------------------------------------------------------------|-------|-------------|-------|-------|-------|-------|--------|-----------
GET      /                                                                                  7     0(0.00%) |     21      19      24     20 |    1.00        0.00
GET      /cart                                                                             34     0(0.00%) |     17      12      25     16 |    2.20        0.00
POST     /cart [add]                                                                       45     0(0.00%) |     39      15     342     24 |    3.80        0.00
POST     /cart/checkout                                                                    18     0(0.00%) |     49      21     331     31 |    1.60        0.00
GET      /product/[id]                                                                    125     0(0.00%) |     22      12     367     16 |   10.60        0.00
POST     /setCurrency                                                                      24     0(0.00%) |     39      20     342     25 |    2.20        0.00
--------|----------------------------------------------------------------------------|-------|-------------|-------|-------|-------|-------|--------|-----------
         Aggregated                                                                       253     0(0.00%) |     28      12     367     19 |   21.40        0.00

Type     Name                                                                          # reqs      # fails |    Avg     Min     Max    Med |   req/s  failures/s
--------|----------------------------------------------------------------------------|-------|-------------|-------|-------|-------|-------|--------|-----------
GET      /                                                                                  9     0(0.00%) |     21      19      24     21 |    0.88        0.00
GET      /cart                                                                             52     0(0.00%) |     18      12      38     17 |    4.25        0.00
POST     /cart [add]                                                                       74     0(0.00%) |     36      15     342     24 |    5.62        0.00
POST     /cart/checkout                                                                    30     0(0.00%) |     44      21     331     27 |    2.25        0.00
GET      /product/[id]                                                                    190     0(0.00%) |     21      12     367     17 |   15.62        0.00
POST     /setCurrency                                                                      36     0(0.00%) |     37      20     342     26 |    3.00        0.00
--------|----------------------------------------------------------------------------|-------|-------------|-------|-------|-------|-------|--------|-----------
         Aggregated                                                                       391     0(0.00%) |     27      12     367     20 |   31.62        0.00

Type     Name                                                                          # reqs      # fails |    Avg     Min     Max    Med |   req/s  failures/s
--------|----------------------------------------------------------------------------|-------|-------------|-------|-------|-------|-------|--------|-----------
GET      /                                                                                 15     0(0.00%) |     24      19      45     24 |    0.90        0.00
GET      /cart                                                                             73     0(0.00%) |     22      12      84     18 |    5.20        0.00
POST     /cart [add]                                                                       96     0(0.00%) |     36      15     342     25 |    7.40        0.00
POST     /cart/checkout                                                                    38     0(0.00%) |     45      21     331     31 |    3.00        0.00
GET      /product/[id]                                                                    275     0(0.00%) |     23      12     367     17 |   19.00        0.00
POST     /setCurrency                                                                      55     0(0.00%) |     38      20     342     29 |    3.50        0.00
--------|----------------------------------------------------------------------------|-------|-------------|-------|-------|-------|-------|--------|-----------
         Aggregated                                                                       552     0(0.00%) |     28      12     367     22 |   39.00        0.00

Type     Name                                                                          # reqs      # fails |    Avg     Min     Max    Med |   req/s  failures/s
--------|----------------------------------------------------------------------------|-------|-------------|-------|-------|-------|-------|--------|-----------
GET      /                                                                                 19     0(0.00%) |     25      19      45     24 |    1.40        0.00
GET      /cart                                                                             91     0(0.00%) |     30      12     470     19 |    6.70        0.00
POST     /cart [add]                                                                      125     0(0.00%) |     45      15     437     26 |    9.00        0.00
POST     /cart/checkout                                                                    48     0(0.00%) |     50      21     487     28 |    3.50        0.00
GET      /product/[id]                                                                    351     0(0.00%) |     31      12     522     18 |   26.60        0.00
POST     /setCurrency                                                                      69     0(0.00%) |     60      20     541     29 |    5.40        0.00
--------|----------------------------------------------------------------------------|-------|-------------|-------|-------|-------|-------|--------|-----------
         Aggregated                                                                       703     0(0.00%) |     37      12     541     22 |   52.60        0.00

Type     Name                                                                          # reqs      # fails |    Avg     Min     Max    Med |   req/s  failures/s
--------|----------------------------------------------------------------------------|-------|-------------|-------|-------|-------|-------|--------|-----------
GET      /                                                                                 29     0(0.00%) |     35      18     160     24 |    1.70        0.00
GET      /cart                                                                            116     0(0.00%) |     31      12     470     18 |    8.40        0.00
POST     /cart [add]                                                                      152     0(0.00%) |     45      15     437     26 |   11.00        0.00
POST     /cart/checkout                                                                    62     0(0.00%) |     54      20     510     29 |    4.20        0.00
GET      /product/[id]                                                                    455     0(0.00%) |     32      11     522     18 |   31.60        0.00
POST     /setCurrency                                                                      93     0(0.00%) |     61      20     541     29 |    5.80        0.00
--------|----------------------------------------------------------------------------|-------|-------------|-------|-------|-------|-------|--------|-----------
         Aggregated                                                                       907     0(0.00%) |     39      11     541     22 |   62.70        0.00

Type     Name                                                                          # reqs      # fails |    Avg     Min     Max    Med |   req/s  failures/s
--------|----------------------------------------------------------------------------|-------|-------------|-------|-------|-------|-------|--------|-----------
GET      /                                                                                 36     0(0.00%) |     35      18     160     25 |    2.20        0.00
GET      /cart                                                                            143     0(0.00%) |     32      11     470     19 |    9.10        0.00
POST     /cart [add]                                                                      195     0(0.00%) |     43      15     437     27 |   12.40        0.00
POST     /cart/checkout                                                                    73     0(0.00%) |     53      20     510     30 |    5.00        0.00
GET      /product/[id]                                                                    576     0(0.00%) |     31      11     522     18 |   38.40        0.00
POST     /setCurrency                                                                     121     0(0.00%) |     57      20     541     30 |    7.70        0.00
--------|----------------------------------------------------------------------------|-------|-------------|-------|-------|-------|-------|--------|-----------
         Aggregated                                                                      1144     0(0.00%) |     37      11     541     23 |   74.80        0.00

Type     Name                                                                          # reqs      # fails |    Avg     Min     Max    Med |   req/s  failures/s
--------|----------------------------------------------------------------------------|-------|-------------|-------|-------|-------|-------|--------|-----------
GET      /                                                                                 41     0(0.00%) |     35      18     160     26 |    2.90        0.00
GET      /cart                                                                            185     0(0.00%) |     33      11     470     21 |   10.90        0.00
POST     /cart [add]                                                                      241     0(0.00%) |     44      15     437     28 |   14.80        0.00
POST     /cart/checkout                                                                    97     0(0.00%) |     54      20     510     33 |    5.50        0.00
GET      /product/[id]                                                                    698     0(0.00%) |     31      11     522     19 |   45.10        0.00
POST     /setCurrency                                                                     146     0(0.00%) |     57      20     541     31 |    9.70        0.00
--------|----------------------------------------------------------------------------|-------|-------------|-------|-------|-------|-------|--------|-----------
         Aggregated                                                                      1408     0(0.00%) |     38      11     541     24 |   88.90        0.00

Type     Name                                                                          # reqs      # fails |    Avg     Min     Max    Med |   req/s  failures/s
--------|----------------------------------------------------------------------------|-------|-------------|-------|-------|-------|-------|--------|-----------
GET      /                                                                                 46     0(0.00%) |     71      18     551     27 |    3.20        0.00
GET      /cart                                                                            217     0(0.00%) |     45      11     470     23 |   13.30        0.00
POST     /cart [add]                                                                      274     0(0.00%) |     57      15     531     30 |   16.60        0.00
POST     /cart/checkout                                                                   110     0(0.00%) |     59      20     510     36 |    6.50        0.00
GET      /product/[id]                                                                    796     0(0.00%) |     41      11     522     20 |   50.60        0.00
POST     /setCurrency                                                                     172     0(0.00%) |     74      20     541     35 |   11.00        0.00
--------|----------------------------------------------------------------------------|-------|-------------|-------|-------|-------|-------|--------|-----------
         Aggregated                                                                      1615     0(0.00%) |     50      11     551     26 |  101.20        0.00

Type     Name                                                                          # reqs      # fails |    Avg     Min     Max    Med |   req/s  failures/s
--------|----------------------------------------------------------------------------|-------|-------------|-------|-------|-------|-------|--------|-----------
GET      /                                                                                 53     0(0.00%) |     87      18     551     32 |    3.20        0.00
GET      /cart                                                                            252     0(0.00%) |     50      11     470     25 |   14.40        0.00
POST     /cart [add]                                                                      319     0(0.00%) |     65      15     531     34 |   17.70        0.00
POST     /cart/checkout                                                                   127     0(0.00%) |     73      20     697     47 |    7.20        0.00
GET      /product/[id]                                                                    919     0(0.00%) |     46      11     522     22 |   52.00        0.00
POST     /setCurrency                                                                     197     0(0.00%) |     82      20     541     43 |   11.40        0.00
--------|----------------------------------------------------------------------------|-------|-------------|-------|-------|-------|-------|--------|-----------
         Aggregated                                                                      1867     0(0.00%) |     57      11     697     29 |  105.90        0.00

Type     Name                                                                          # reqs      # fails |    Avg     Min     Max    Med |   req/s  failures/s
--------|----------------------------------------------------------------------------|-------|-------------|-------|-------|-------|-------|--------|-----------
GET      /                                                                                 61     0(0.00%) |    106      18     923     36 |    3.40        0.00
GET      /cart                                                                            292     0(0.00%) |     60      11    1049     28 |   16.10        0.00
POST     /cart [add]                                                                      353     0(0.00%) |     73      15     925     36 |   19.20        0.00
POST     /cart/checkout                                                                   147     0(0.00%) |     95      20    1199     54 |    7.90        0.00
GET      /product/[id]                                                                   1036     0(0.00%) |     51      11     795     23 |   56.60        0.00
POST     /setCurrency                                                                     222     0(0.00%) |     92      20     925     47 |   12.80        0.00
--------|----------------------------------------------------------------------------|-------|-------------|-------|-------|-------|-------|--------|-----------
         Aggregated                                                                      2111     0(0.00%) |     65      11    1199     31 |  116.00        0.00

Type     Name                                                                          # reqs      # fails |    Avg     Min     Max    Med |   req/s  failures/s
--------|----------------------------------------------------------------------------|-------|-------------|-------|-------|-------|-------|--------|-----------
GET      /                                                                                 68     0(0.00%) |    107      18     923     44 |    3.20        0.00
GET      /cart                                                                            321     0(0.00%) |     61      11    1049     29 |   17.50        0.00
POST     /cart [add]                                                                      387     0(0.00%) |     75      15     925     40 |   20.10        0.00
POST     /cart/checkout                                                                   162     0(0.00%) |    100      20    1199     58 |    8.50        0.00
GET      /product/[id]                                                                   1175     0(0.00%) |     53      11    1062     24 |   57.80        0.00
POST     /setCurrency                                                                     248     0(0.00%) |     95      20     925     54 |   13.00        0.00
--------|----------------------------------------------------------------------------|-------|-------------|-------|-------|-------|-------|--------|-----------
         Aggregated                                                                      2361     0(0.00%) |     67      11    1199     33 |  120.10        0.00

Type     Name                                                                          # reqs      # fails |    Avg     Min     Max    Med |   req/s  failures/s
--------|----------------------------------------------------------------------------|-------|-------------|-------|-------|-------|-------|--------|-----------
GET      /                                                                                 77     0(0.00%) |    108      18     923     51 |    3.20        0.00
GET      /cart                                                                            358     0(0.00%) |     66      11    1049     31 |   17.80        0.00
POST     /cart [add]                                                                      440     0(0.00%) |    102      15    1703     47 |   19.30        0.00
POST     /cart/checkout                                                                   178     0(0.00%) |    102      20    1199     59 |    8.90        0.00
GET      /product/[id]                                                                   1334     0(0.00%) |     61      11    1106     26 |   59.80        0.00
POST     /setCurrency                                                                     277     0(0.00%) |    103      20    1015     59 |   12.70        0.00
--------|----------------------------------------------------------------------------|-------|-------------|-------|-------|-------|-------|--------|-----------
         Aggregated                                                                      2664     0(0.00%) |     77      11    1703     36 |  121.70        0.00

Type     Name                                                                          # reqs      # fails |    Avg     Min     Max    Med |   req/s  failures/s
--------|----------------------------------------------------------------------------|-------|-------------|-------|-------|-------|-------|--------|-----------
GET      /                                                                                 89     0(0.00%) |    116      18     923     74 |    3.60        0.00
GET      /cart                                                                            406     0(0.00%) |     70      11    1049     39 |   17.20        0.00
POST     /cart [add]                                                                      501     0(0.00%) |    108      15    1703     58 |   19.80        0.00
POST     /cart/checkout                                                                   209     0(0.00%) |    106      20    1199     74 |    8.30        0.00
GET      /product/[id]                                                                   1470     0(0.00%) |     64      11    1106     32 |   63.30        0.00
POST     /setCurrency                                                                     311     0(0.00%) |    111      20    1015     68 |   13.20        0.00
--------|----------------------------------------------------------------------------|-------|-------------|-------|-------|-------|-------|--------|-----------
         Aggregated                                                                      2986     0(0.00%) |     82      11    1703     42 |  125.40        0.00

Type     Name                                                                          # reqs      # fails |    Avg     Min     Max    Med |   req/s  failures/s
--------|----------------------------------------------------------------------------|-------|-------------|-------|-------|-------|-------|--------|-----------
GET      /                                                                                100     0(0.00%) |    122      18     923     94 |    4.30        0.00
GET      /cart                                                                            447     0(0.00%) |     72      11    1049     43 |   18.90        0.00
POST     /cart [add]                                                                      555     0(0.00%) |    114      15    1703     65 |   22.50        0.00
POST     /cart/checkout                                                                   231     0(0.00%) |    111      20    1199     81 |    9.80        0.00
GET      /product/[id]                                                                   1622     0(0.00%) |     68      11    1106     38 |   66.90        0.00
POST     /setCurrency                                                                     348     0(0.00%) |    121      20    1015     82 |   14.10        0.00
--------|----------------------------------------------------------------------------|-------|-------------|-------|-------|-------|-------|--------|-----------
         Aggregated                                                                      3303     0(0.00%) |     87      11    1703     50 |  136.50        0.00

Type     Name                                                                          # reqs      # fails |    Avg     Min     Max    Med |   req/s  failures/s
--------|----------------------------------------------------------------------------|-------|-------------|-------|-------|-------|-------|--------|-----------
GET      /                                                                                111     0(0.00%) |    127      18     923    110 |    4.70        0.00
GET      /cart                                                                            512     0(0.00%) |     79      11    1049     54 |   19.40        0.00
POST     /cart [add]                                                                      596     0(0.00%) |    117      15    1703     73 |   23.70        0.00
POST     /cart/checkout                                                                   247     0(0.00%) |    114      20    1199     88 |   10.40        0.00
GET      /product/[id]                                                                   1817     0(0.00%) |     73      11    1106     45 |   69.90        0.00
POST     /setCurrency                                                                     371     0(0.00%) |    125      20    1015     94 |   15.10        0.00
--------|----------------------------------------------------------------------------|-------|-------------|-------|-------|-------|-------|--------|-----------
         Aggregated                                                                      3654     0(0.00%) |     91      11    1703     57 |  143.20        0.00

Type     Name                                                                          # reqs      # fails |    Avg     Min     Max    Med |   req/s  failures/s
--------|----------------------------------------------------------------------------|-------|-------------|-------|-------|-------|-------|--------|-----------
GET      /                                                                                120     0(0.00%) |    133      18     923    110 |    5.00        0.00
GET      /cart                                                                            551     0(0.00%) |     84      11    1049     60 |   21.80        0.00
POST     /cart [add]                                                                      660     0(0.00%) |    125      15    1703     87 |   24.20        0.00
POST     /cart/checkout                                                                   268     0(0.00%) |    118      20    1199     89 |    9.90        0.00
GET      /product/[id]                                                                   1992     0(0.00%) |     78      11    1106     50 |   77.90        0.00
POST     /setCurrency                                                                     400     0(0.00%) |    130      20    1015    100 |   14.80        0.00
--------|----------------------------------------------------------------------------|-------|-------------|-------|-------|-------|-------|--------|-----------
         Aggregated                                                                      3991     0(0.00%) |     96      11    1703     63 |  153.60        0.00

Type     Name                                                                          # reqs      # fails |    Avg     Min     Max    Med |   req/s  failures/s
--------|----------------------------------------------------------------------------|-------|-------------|-------|-------|-------|-------|--------|-----------
GET      /                                                                                130     0(0.00%) |    143      18     923    120 |    5.20        0.00
GET      /cart                                                                            596     0(0.00%) |     90      11    1049     64 |   23.00        0.00
POST     /cart [add]                                                                      707     0(0.00%) |    133      15    1703     98 |   27.20        0.00
POST     /cart/checkout                                                                   286     0(0.00%) |    125      20    1199     93 |   10.50        0.00
GET      /product/[id]                                                                   2152     0(0.00%) |     84      11    1106     57 |   81.60        0.00
POST     /setCurrency                                                                     438     0(0.00%) |    141      20    1015    120 |   15.10        0.00
--------|----------------------------------------------------------------------------|-------|-------------|-------|-------|-------|-------|--------|-----------
         Aggregated                                                                      4309     0(0.00%) |    103      11    1703     71 |  162.60        0.00

Type     Name                                                                          # reqs      # fails |    Avg     Min     Max    Med |   req/s  failures/s
--------|----------------------------------------------------------------------------|-------|-------------|-------|-------|-------|-------|--------|-----------
GET      /                                                                                142     0(0.00%) |    156      18     923    130 |    5.30        0.00
GET      /cart                                                                            646     0(0.00%) |     98      11    1049     68 |   23.80        0.00
POST     /cart [add]                                                                      778     0(0.00%) |    141      15    1703    110 |   26.90        0.00
POST     /cart/checkout                                                                   310     0(0.00%) |    134      20    1199     99 |   10.80        0.00
GET      /product/[id]                                                                   2324     0(0.00%) |     88      11    1106     63 |   81.80        0.00
POST     /setCurrency                                                                     469     0(0.00%) |    150      20    1015    130 |   16.00        0.00
--------|----------------------------------------------------------------------------|-------|-------------|-------|-------|-------|-------|--------|-----------
         Aggregated                                                                      4669     0(0.00%) |    109      11    1703     78 |  164.60        0.00

Type     Name                                                                          # reqs      # fails |    Avg     Min     Max    Med |   req/s  failures/s
--------|----------------------------------------------------------------------------|-------|-------------|-------|-------|-------|-------|--------|-----------
GET      /                                                                                148     0(0.00%) |    165      18    1109    140 |    5.20        0.00
GET      /cart                                                                            692     0(0.00%) |    109      11    1049     75 |   23.80        0.00
POST     /cart [add]                                                                      823     0(0.00%) |    147      15    1703    110 |   28.00        0.00
POST     /cart/checkout                                                                   326     0(0.00%) |    141      20    1199    100 |    9.90        0.00
GET      /product/[id]                                                                   2445     0(0.00%) |     94      11    1106     67 |   85.70        0.00
POST     /setCurrency                                                                     495     0(0.00%) |    161      20    1054    130 |   15.80        0.00
--------|----------------------------------------------------------------------------|-------|-------------|-------|-------|-------|-------|--------|-----------
         Aggregated                                                                      4929     0(0.00%) |    117      11    1703     83 |  168.40        0.00

Type     Name                                                                          # reqs      # fails |    Avg     Min     Max    Med |   req/s  failures/s
--------|----------------------------------------------------------------------------|-------|-------------|-------|-------|-------|-------|--------|-----------
GET      /                                                                                158     0(0.00%) |    185      18    1109    150 |    4.80        0.00
GET      /cart                                                                            739     0(0.00%) |    117      11    1069     81 |   24.50        0.00
POST     /cart [add]                                                                      870     0(0.00%) |    155      15    1703    120 |   26.70        0.00
POST     /cart/checkout                                                                   342     0(0.00%) |    147      20    1199    100 |    9.50        0.00
GET      /product/[id]                                                                   2664     0(0.00%) |    101      11    1214     74 |   82.50        0.00
POST     /setCurrency                                                                     545     0(0.00%) |    194      20    1661    150 |   14.60        0.00
--------|----------------------------------------------------------------------------|-------|-------------|-------|-------|-------|-------|--------|-----------
         Aggregated                                                                      5318     0(0.00%) |    127      11    1703     91 |  162.60        0.00

Type     Name                                                                          # reqs      # fails |    Avg     Min     Max    Med |   req/s  failures/s
--------|----------------------------------------------------------------------------|-------|-------------|-------|-------|-------|-------|--------|-----------
GET      /                                                                                167     0(0.00%) |    189      18    1109    160 |    4.70        0.00
GET      /cart                                                                            792     0(0.00%) |    121      11    1069     88 |   22.90        0.00
POST     /cart [add]                                                                      936     0(0.00%) |    160      15    1703    130 |   27.30        0.00
POST     /cart/checkout                                                                   369     0(0.00%) |    152      20    1199    110 |    9.30        0.00
GET      /product/[id]                                                                   2859     0(0.00%) |    105      11    1214     82 |   84.00        0.00
POST     /setCurrency                                                                     581     0(0.00%) |    198      20    1661    160 |   17.40        0.00
--------|----------------------------------------------------------------------------|-------|-------------|-------|-------|-------|-------|--------|-----------
         Aggregated                                                                      5704     0(0.00%) |    131      11    1703     99 |  165.60        0.00

Type     Name                                                                          # reqs      # fails |    Avg     Min     Max    Med |   req/s  failures/s
--------|----------------------------------------------------------------------------|-------|-------------|-------|-------|-------|-------|--------|-----------
GET      /                                                                                177     0(0.00%) |    199      18    1109    160 |    4.70        0.00
GET      /cart                                                                            835     0(0.00%) |    128      11    1069     97 |   23.90        0.00
POST     /cart [add]                                                                      998     0(0.00%) |    171      15    1703    140 |   27.70        0.00
POST     /cart/checkout                                                                   390     0(0.00%) |    159      20    1199    120 |    9.90        0.00
GET      /product/[id]                                                                   3041     0(0.00%) |    113      11    1214     89 |   86.50        0.00
POST     /setCurrency                                                                     611     0(0.00%) |    206      20    1661    170 |   18.20        0.00
--------|----------------------------------------------------------------------------|-------|-------------|-------|-------|-------|-------|--------|-----------
         Aggregated                                                                      6052     0(0.00%) |    140      11    1703    110 |  170.90        0.00

Type     Name                                                                          # reqs      # fails |    Avg     Min     Max    Med |   req/s  failures/s
--------|----------------------------------------------------------------------------|-------|-------------|-------|-------|-------|-------|--------|-----------
GET      /                                                                                186     0(0.00%) |    204      18    1109    170 |    4.70        0.00
GET      /cart                                                                            874     0(0.00%) |    134      11    1069    100 |   23.70        0.00
POST     /cart [add]                                                                     1069     0(0.00%) |    178      15    1703    150 |   29.00        0.00
POST     /cart/checkout                                                                   409     0(0.00%) |    162      20    1199    130 |   10.30        0.00
GET      /product/[id]                                                                   3240     0(0.00%) |    118      11    1214     95 |   88.70        0.00
POST     /setCurrency                                                                     659     0(0.00%) |    213      20    1661    180 |   17.30        0.00
--------|----------------------------------------------------------------------------|-------|-------------|-------|-------|-------|-------|--------|-----------
         Aggregated                                                                      6437     0(0.00%) |    145      11    1703    110 |  173.70        0.00

Type     Name                                                                          # reqs      # fails |    Avg     Min     Max    Med |   req/s  failures/s
--------|----------------------------------------------------------------------------|-------|-------------|-------|-------|-------|-------|--------|-----------
GET      /                                                                                195     0(0.00%) |    216      18    1109    180 |    4.50        0.00
GET      /cart                                                                            905     0(0.00%) |    139      11    1069    110 |   22.90        0.00
POST     /cart [add]                                                                     1124     0(0.00%) |    189      15    1703    160 |   28.80        0.00
POST     /cart/checkout                                                                   431     0(0.00%) |    171      20    1199    140 |   10.20        0.00
GET      /product/[id]                                                                   3437     0(0.00%) |    126      11    1214    100 |   91.40        0.00
POST     /setCurrency                                                                     688     0(0.00%) |    220      20    1661    190 |   19.10        0.00
--------|----------------------------------------------------------------------------|-------|-------------|-------|-------|-------|-------|--------|-----------
         Aggregated                                                                      6780     0(0.00%) |    153      11    1703    120 |  176.90        0.00

Type     Name                                                                          # reqs      # fails |    Avg     Min     Max    Med |   req/s  failures/s
--------|----------------------------------------------------------------------------|-------|-------------|-------|-------|-------|-------|--------|-----------
GET      /                                                                                208     0(0.00%) |    223      18    1109    190 |    4.60        0.00
GET      /cart                                                                            959     0(0.00%) |    143      11    1069    110 |   21.40        0.00
POST     /cart [add]                                                                     1190     0(0.00%) |    195      15    1703    170 |   30.10        0.00
POST     /cart/checkout                                                                   458     0(0.00%) |    179      20    1199    150 |   10.50        0.00
GET      /product/[id]                                                                   3644     0(0.00%) |    130      11    1214    110 |   98.80        0.00
POST     /setCurrency                                                                     740     0(0.00%) |    228      20    1661    200 |   19.20        0.00
--------|----------------------------------------------------------------------------|-------|-------------|-------|-------|-------|-------|--------|-----------
         Aggregated                                                                      7199     0(0.00%) |    159      11    1703    130 |  184.60        0.00

Type     Name                                                                          # reqs      # fails |    Avg     Min     Max    Med |   req/s  failures/s
--------|----------------------------------------------------------------------------|-------|-------------|-------|-------|-------|-------|--------|-----------
GET      /                                                                                218     0(0.00%) |    226      18    1109    190 |    4.90        0.00
GET      /cart                                                                           1003     0(0.00%) |    149      11    1069    120 |   22.00        0.00
POST     /cart [add]                                                                     1263     0(0.00%) |    202      15    1703    180 |   32.20        0.00
POST     /cart/checkout                                                                   488     0(0.00%) |    188      20    1199    170 |   11.90        0.00
GET      /product/[id]                                                                   3860     0(0.00%) |    135      11    1214    120 |   98.90        0.00
POST     /setCurrency                                                                     784     0(0.00%) |    233      20    1661    220 |   19.40        0.00
--------|----------------------------------------------------------------------------|-------|-------------|-------|-------|-------|-------|--------|-----------
         Aggregated                                                                      7616     0(0.00%) |    164      11    1703    140 |  189.30        0.00

Type     Name                                                                          # reqs      # fails |    Avg     Min     Max    Med |   req/s  failures/s
--------|----------------------------------------------------------------------------|-------|-------------|-------|-------|-------|-------|--------|-----------
GET      /                                                                                231     0(0.00%) |    240      18    1109    210 |    5.10        0.00
GET      /cart                                                                           1046     0(0.00%) |    155      11    1069    130 |   21.30        0.00
POST     /cart [add]                                                                     1337     0(0.00%) |    213      15    1703    190 |   32.60        0.00
POST     /cart/checkout                                                                   510     0(0.00%) |    194      20    1199    180 |   12.10        0.00
GET      /product/[id]                                                                   4042     0(0.00%) |    140      11    1214    120 |  100.00        0.00
POST     /setCurrency                                                                     819     0(0.00%) |    241      20    1661    230 |   19.80        0.00
--------|----------------------------------------------------------------------------|-------|-------------|-------|-------|-------|-------|--------|-----------
         Aggregated                                                                      7985     0(0.00%) |    171      11    1703    140 |  190.90        0.00

Type     Name                                                                          # reqs      # fails |    Avg     Min     Max    Med |   req/s  failures/s
--------|----------------------------------------------------------------------------|-------|-------------|-------|-------|-------|-------|--------|-----------
GET      /                                                                                253     0(0.00%) |    255      18    1109    230 |    5.20        0.00
GET      /cart                                                                           1100     0(0.00%) |    163      11    1069    130 |   21.30        0.00
POST     /cart [add]                                                                     1399     0(0.00%) |    220      15    1703    200 |   33.70        0.00
POST     /cart/checkout                                                                   527     0(0.00%) |    198      20    1199    180 |   12.10        0.00
GET      /product/[id]                                                                   4257     0(0.00%) |    147      11    1214    130 |   99.90        0.00
POST     /setCurrency                                                                     859     0(0.00%) |    248      20    1661    240 |   20.60        0.00
--------|----------------------------------------------------------------------------|-------|-------------|-------|-------|-------|-------|--------|-----------
         Aggregated                                                                      8395     0(0.00%) |    178      11    1703    150 |  192.80        0.00

Type     Name                                                                          # reqs      # fails |    Avg     Min     Max    Med |   req/s  failures/s
--------|----------------------------------------------------------------------------|-------|-------------|-------|-------|-------|-------|--------|-----------
GET      /                                                                                267     0(0.00%) |    270      18    1109    240 |    6.70        0.00
GET      /cart                                                                           1155     0(0.00%) |    170      11    1069    140 |   22.60        0.00
POST     /cart [add]                                                                     1454     0(0.00%) |    227      15    1703    210 |   33.10        0.00
POST     /cart/checkout                                                                   546     0(0.00%) |    203      20    1199    190 |   11.80        0.00
GET      /product/[id]                                                                   4455     0(0.00%) |    151      11    1214    140 |  101.40        0.00
POST     /setCurrency                                                                     906     0(0.00%) |    261      20    1661    250 |   19.80        0.00
--------|----------------------------------------------------------------------------|-------|-------------|-------|-------|-------|-------|--------|-----------
         Aggregated                                                                      8783     0(0.00%) |    185      11    1703    160 |  195.40        0.00

Type     Name                                                                          # reqs      # fails |    Avg     Min     Max    Med |   req/s  failures/s
--------|----------------------------------------------------------------------------|-------|-------------|-------|-------|-------|-------|--------|-----------
GET      /                                                                                282     0(0.00%) |    279      18    1109    250 |    7.20        0.00
GET      /cart                                                                           1206     0(0.00%) |    180      11    1069    150 |   24.70        0.00
POST     /cart [add]                                                                     1516     0(0.00%) |    237      15    1703    220 |   33.20        0.00
POST     /cart/checkout                                                                   563     0(0.00%) |    207      20    1199    190 |   11.50        0.00
GET      /product/[id]                                                                   4659     0(0.00%) |    159      11    1214    140 |  102.50        0.00
POST     /setCurrency                                                                     946     0(0.00%) |    271      20    1661    250 |   21.80        0.00
--------|----------------------------------------------------------------------------|-------|-------------|-------|-------|-------|-------|--------|-----------
         Aggregated                                                                      9172     0(0.00%) |    193      11    1703    170 |  200.90        0.00

Type     Name                                                                          # reqs      # fails |    Avg     Min     Max    Med |   req/s  failures/s
--------|----------------------------------------------------------------------------|-------|-------------|-------|-------|-------|-------|--------|-----------
GET      /                                                                                297     0(0.00%) |    282      18    1109    260 |    7.50        0.00
GET      /cart                                                                           1256     0(0.00%) |    185      11    1069    160 |   24.40        0.00
POST     /cart [add]                                                                     1592     0(0.00%) |    243      15    1703    220 |   32.30        0.00
POST     /cart/checkout                                                                   597     0(0.00%) |    213      20    1199    200 |   10.30        0.00
GET      /product/[id]                                                                   4901     0(0.00%) |    163      11    1214    150 |  101.30        0.00
POST     /setCurrency                                                                     990     0(0.00%) |    276      20    1661    260 |   20.80        0.00
--------|----------------------------------------------------------------------------|-------|-------------|-------|-------|-------|-------|--------|-----------
         Aggregated                                                                      9633     0(0.00%) |    198      11    1703    170 |  196.60        0.00

Type     Name                                                                          # reqs      # fails |    Avg     Min     Max    Med |   req/s  failures/s
--------|----------------------------------------------------------------------------|-------|-------------|-------|-------|-------|-------|--------|-----------
GET      /                                                                                315     0(0.00%) |    286      18    1109    270 |    7.90        0.00
GET      /cart                                                                           1318     0(0.00%) |    190      11    1069    160 |   24.90        0.00
POST     /cart [add]                                                                     1662     0(0.00%) |    250      15    1703    230 |   33.10        0.00
POST     /cart/checkout                                                                   618     0(0.00%) |    217      20    1199    200 |   11.00        0.00
GET      /product/[id]                                                                   5125     0(0.00%) |    168      11    1214    150 |  103.40        0.00
POST     /setCurrency                                                                    1031     0(0.00%) |    281      20    1661    260 |   21.00        0.00
--------|----------------------------------------------------------------------------|-------|-------------|-------|-------|-------|-------|--------|-----------
         Aggregated                                                                     10069     0(0.00%) |    203      11    1703    180 |  201.30        0.00

Type     Name                                                                          # reqs      # fails |    Avg     Min     Max    Med |   req/s  failures/s
--------|----------------------------------------------------------------------------|-------|-------------|-------|-------|-------|-------|--------|-----------
GET      /                                                                                329     0(0.00%) |    291      18    1109    280 |    8.50        0.00
GET      /cart                                                                           1372     0(0.00%) |    196      11    1069    170 |   26.70        0.00
POST     /cart [add]                                                                     1734     0(0.00%) |    257      15    1703    240 |   32.30        0.00
POST     /cart/checkout                                                                   641     0(0.00%) |    221      20    1199    200 |   10.80        0.00
GET      /product/[id]                                                                   5352     0(0.00%) |    172      11    1214    160 |  108.80        0.00
POST     /setCurrency                                                                    1090     0(0.00%) |    290      20    1661    280 |   21.30        0.00
--------|----------------------------------------------------------------------------|-------|-------------|-------|-------|-------|-------|--------|-----------
         Aggregated                                                                     10518     0(0.00%) |    208      11    1703    190 |  208.40        0.00

Type     Name                                                                          # reqs      # fails |    Avg     Min     Max    Med |   req/s  failures/s
--------|----------------------------------------------------------------------------|-------|-------------|-------|-------|-------|-------|--------|-----------
GET      /                                                                                348     0(0.00%) |    310      18    1109    300 |    7.50        0.00
GET      /cart                                                                           1410     0(0.00%) |    203      11    1082    170 |   26.90        0.00
POST     /cart [add]                                                                     1782     0(0.00%) |    265      15    1703    240 |   33.40        0.00
POST     /cart/checkout                                                                   665     0(0.00%) |    229      20    1199    210 |   11.20        0.00
GET      /product/[id]                                                                   5566     0(0.00%) |    180      11    1214    170 |  109.60        0.00
POST     /setCurrency                                                                    1135     0(0.00%) |    301      20    1661    280 |   23.20        0.00
--------|----------------------------------------------------------------------------|-------|-------------|-------|-------|-------|-------|--------|-----------
         Aggregated                                                                     10906     0(0.00%) |    216      11    1703    190 |  211.80        0.00

Type     Name                                                                          # reqs      # fails |    Avg     Min     Max    Med |   req/s  failures/s
--------|----------------------------------------------------------------------------|-------|-------------|-------|-------|-------|-------|--------|-----------
GET      /                                                                                367     0(0.00%) |    317      18    1109    310 |    8.00        0.00
GET      /cart                                                                           1468     0(0.00%) |    210      11    1082    180 |   25.60        0.00
POST     /cart [add]                                                                     1864     0(0.00%) |    274      15    1703    250 |   32.70        0.00
POST     /cart/checkout                                                                   695     0(0.00%) |    233      20    1199    210 |   11.90        0.00
GET      /product/[id]                                                                   5786     0(0.00%) |    185      11    1214    170 |  109.90        0.00
POST     /setCurrency                                                                    1178     0(0.00%) |    305      20    1661    290 |   22.80        0.00
--------|----------------------------------------------------------------------------|-------|-------------|-------|-------|-------|-------|--------|-----------
         Aggregated                                                                     11358     0(0.00%) |    222      11    1703    200 |  210.90        0.00

Type     Name                                                                          # reqs      # fails |    Avg     Min     Max    Med |   req/s  failures/s
--------|----------------------------------------------------------------------------|-------|-------------|-------|-------|-------|-------|--------|-----------
GET      /                                                                                390     0(0.00%) |    322      18    1109    320 |    8.40        0.00
GET      /cart                                                                           1540     0(0.00%) |    216      11    1082    200 |   26.50        0.00
POST     /cart [add]                                                                     1941     0(0.00%) |    281      15    1703    260 |   34.80        0.00
POST     /cart/checkout                                                                   723     0(0.00%) |    237      20    1199    220 |   13.30        0.00
GET      /product/[id]                                                                   6009     0(0.00%) |    189      11    1214    180 |  111.80        0.00
POST     /setCurrency                                                                    1228     0(0.00%) |    309      20    1661    300 |   22.80        0.00
--------|----------------------------------------------------------------------------|-------|-------------|-------|-------|-------|-------|--------|-----------
         Aggregated                                                                     11831     0(0.00%) |    227      11    1703    210 |  217.60        0.00

Type     Name                                                                          # reqs      # fails |    Avg     Min     Max    Med |   req/s  failures/s
--------|----------------------------------------------------------------------------|-------|-------------|-------|-------|-------|-------|--------|-----------
GET      /                                                                                403     0(0.00%) |    328      18    1379    320 |    9.30        0.00
GET      /cart                                                                           1601     0(0.00%) |    223      11    1218    200 |   28.40        0.00
POST     /cart [add]                                                                     2007     0(0.00%) |    289      15    1703    270 |   34.60        0.00
POST     /cart/checkout                                                                   749     0(0.00%) |    242      20    1199    230 |   12.30        0.00
GET      /product/[id]                                                                   6244     0(0.00%) |    195      11    1214    180 |  111.10        0.00
POST     /setCurrency                                                                    1275     0(0.00%) |    315      20    1661    300 |   23.90        0.00
--------|----------------------------------------------------------------------------|-------|-------------|-------|-------|-------|-------|--------|-----------
         Aggregated                                                                     12279     0(0.00%) |    234      11    1703    210 |  219.60        0.00

Type     Name                                                                          # reqs      # fails |    Avg     Min     Max    Med |   req/s  failures/s
--------|----------------------------------------------------------------------------|-------|-------------|-------|-------|-------|-------|--------|-----------
GET      /                                                                                424     0(0.00%) |    332      18    1379    330 |    8.90        0.00
GET      /cart                                                                           1652     0(0.00%) |    228      11    1222    210 |   28.40        0.00
POST     /cart [add]                                                                     2079     0(0.00%) |    296      15    1703    280 |   34.80        0.00
POST     /cart/checkout                                                                   776     0(0.00%) |    247      20    1199    240 |   12.70        0.00
GET      /product/[id]                                                                   6494     0(0.00%) |    200      11    1275    190 |  111.20        0.00
POST     /setCurrency                                                                    1325     0(0.00%) |    319      20    1661    310 |   24.50        0.00
--------|----------------------------------------------------------------------------|-------|-------------|-------|-------|-------|-------|--------|-----------
         Aggregated                                                                     12750     0(0.00%) |    239      11    1703    220 |  220.50        0.00

Type     Name                                                                          # reqs      # fails |    Avg     Min     Max    Med |   req/s  failures/s
--------|----------------------------------------------------------------------------|-------|-------------|-------|-------|-------|-------|--------|-----------
GET      /                                                                                437     0(0.00%) |    334      18    1379    330 |    9.50        0.00
GET      /cart                                                                           1706     0(0.00%) |    237      11    1222    210 |   28.40        0.00
POST     /cart [add]                                                                     2137     0(0.00%) |    305      15    1703    290 |   34.00        0.00
POST     /cart/checkout                                                                   797     0(0.00%) |    253      20    1323    250 |   13.60        0.00
GET      /product/[id]                                                                   6697     0(0.00%) |    208      11    1275    190 |  113.40        0.00
POST     /setCurrency                                                                    1362     0(0.00%) |    326      20    1661    320 |   23.20        0.00
--------|----------------------------------------------------------------------------|-------|-------------|-------|-------|-------|-------|--------|-----------
         Aggregated                                                                     13136     0(0.00%) |    247      11    1703    230 |  222.10        0.00

Type     Name                                                                          # reqs      # fails |    Avg     Min     Max    Med |   req/s  failures/s
--------|----------------------------------------------------------------------------|-------|-------------|-------|-------|-------|-------|--------|-----------
GET      /                                                                                453     0(0.00%) |    343      18    1379    330 |    9.10        0.00
GET      /cart                                                                           1759     0(0.00%) |    244      11    1222    220 |   29.40        0.00
POST     /cart [add]                                                                     2212     0(0.00%) |    317      15    1703    300 |   34.80        0.00
POST     /cart/checkout                                                                   827     0(0.00%) |    262      20    1323    260 |   13.10        0.00
GET      /product/[id]                                                                   6923     0(0.00%) |    216      11    1275    200 |  113.70        0.00
POST     /setCurrency                                                                    1410     0(0.00%) |    335      20    1661    320 |   22.40        0.00
--------|----------------------------------------------------------------------------|-------|-------------|-------|-------|-------|-------|--------|-----------
         Aggregated                                                                     13584     0(0.00%) |    255      11    1703    230 |  222.50        0.00

Type     Name                                                                          # reqs      # fails |    Avg     Min     Max    Med |   req/s  failures/s
--------|----------------------------------------------------------------------------|-------|-------------|-------|-------|-------|-------|--------|-----------
GET      /                                                                                468     0(0.00%) |    347      18    1379    330 |    8.70        0.00
GET      /cart                                                                           1828     0(0.00%) |    254      11    1222    230 |   29.10        0.00
POST     /cart [add]                                                                     2283     0(0.00%) |    326      15    1703    310 |   34.90        0.00
POST     /cart/checkout                                                                   847     0(0.00%) |    267      20    1323    260 |   12.70        0.00
GET      /product/[id]                                                                   7131     0(0.00%) |    223      11    1275    210 |  113.50        0.00
POST     /setCurrency                                                                    1437     0(0.00%) |    337      20    1661    330 |   23.00        0.00
--------|----------------------------------------------------------------------------|-------|-------------|-------|-------|-------|-------|--------|-----------
         Aggregated                                                                     13994     0(0.00%) |    262      11    1703    240 |  221.90        0.00

Type     Name                                                                          # reqs      # fails |    Avg     Min     Max    Med |   req/s  failures/s
--------|----------------------------------------------------------------------------|-------|-------------|-------|-------|-------|-------|--------|-----------
GET      /                                                                                474     0(0.00%) |    350      18    1379    340 |    7.60        0.00
GET      /cart                                                                           1880     0(0.00%) |    260      11    1222    240 |   29.00        0.00
POST     /cart [add]                                                                     2363     0(0.00%) |    336      15    1703    320 |   34.30        0.00
POST     /cart/checkout                                                                   876     0(0.00%) |    274      20    1323    270 |   12.60        0.00
GET      /product/[id]                                                                   7371     0(0.00%) |    229      11    1275    210 |  111.20        0.00
POST     /setCurrency                                                                    1484     0(0.00%) |    343      20    1661    330 |   20.70        0.00
--------|----------------------------------------------------------------------------|-------|-------------|-------|-------|-------|-------|--------|-----------
         Aggregated                                                                     14448     0(0.00%) |    269      11    1703    250 |  215.40        0.00

Type     Name                                                                          # reqs      # fails |    Avg     Min     Max    Med |   req/s  failures/s
--------|----------------------------------------------------------------------------|-------|-------------|-------|-------|-------|-------|--------|-----------
GET      /                                                                                488     0(0.00%) |    360      18    1379    340 |    7.00        0.00
GET      /cart                                                                           1923     0(0.00%) |    269      11    1222    240 |   28.30        0.00
POST     /cart [add]                                                                     2413     0(0.00%) |    345      15    1703    330 |   35.40        0.00
POST     /cart/checkout                                                                   899     0(0.00%) |    284      20    1323    270 |   12.70        0.00
GET      /product/[id]                                                                   7581     0(0.00%) |    239      11    1275    220 |  112.10        0.00
POST     /setCurrency                                                                    1522     0(0.00%) |    352      20    1661    340 |   20.80        0.00
--------|----------------------------------------------------------------------------|-------|-------------|-------|-------|-------|-------|--------|-----------
         Aggregated                                                                     14826     0(0.00%) |    278      11    1703    250 |  216.30        0.00

Type     Name                                                                          # reqs      # fails |    Avg     Min     Max    Med |   req/s  failures/s
--------|----------------------------------------------------------------------------|-------|-------------|-------|-------|-------|-------|--------|-----------
GET      /                                                                                501     0(0.00%) |    364      18    1379    350 |    6.50        0.00
GET      /cart                                                                           1975     0(0.00%) |    278      11    1222    250 |   27.10        0.00
POST     /cart [add]                                                                     2489     0(0.00%) |    357      15    1703    330 |   34.00        0.00
POST     /cart/checkout                                                                   916     0(0.00%) |    289      20    1323    280 |   12.40        0.00
GET      /product/[id]                                                                   7777     0(0.00%) |    247      11    1275    220 |  109.10        0.00
POST     /setCurrency                                                                    1564     0(0.00%) |    357      20    1661    350 |   19.70        0.00
--------|----------------------------------------------------------------------------|-------|-------------|-------|-------|-------|-------|--------|-----------
         Aggregated                                                                     15222     0(0.00%) |    287      11    1703    260 |  208.80        0.00

Type     Name                                                                          # reqs      # fails |    Avg     Min     Max    Med |   req/s  failures/s
--------|----------------------------------------------------------------------------|-------|-------------|-------|-------|-------|-------|--------|-----------
GET      /                                                                                518     0(0.00%) |    373      18    1379    350 |    6.40        0.00
GET      /cart                                                                           2029     0(0.00%) |    287      11    1222    260 |   27.10        0.00
POST     /cart [add]                                                                     2551     0(0.00%) |    368      15    1703    340 |   35.50        0.00
POST     /cart/checkout                                                                   935     0(0.00%) |    296      20    1323    280 |   11.90        0.00
GET      /product/[id]                                                                   7994     0(0.00%) |    256      11    1275    230 |  107.60        0.00
POST     /setCurrency                                                                    1605     0(0.00%) |    365      20    1661    350 |   20.50        0.00
--------|----------------------------------------------------------------------------|-------|-------------|-------|-------|-------|-------|--------|-----------
         Aggregated                                                                     15632     0(0.00%) |    296      11    1703    270 |  209.00        0.00

Type     Name                                                                          # reqs      # fails |    Avg     Min     Max    Med |   req/s  failures/s
--------|----------------------------------------------------------------------------|-------|-------------|-------|-------|-------|-------|--------|-----------
GET      /                                                                                534     0(0.00%) |    380      18    1445    360 |    6.20        0.00
GET      /cart                                                                           2090     0(0.00%) |    293      11    1278    260 |   26.60        0.00
POST     /cart [add]                                                                     2638     0(0.00%) |    375      15    1717    350 |   33.30        0.00
POST     /cart/checkout                                                                   964     0(0.00%) |    301      20    1323    290 |   11.20        0.00
GET      /product/[id]                                                                   8256     0(0.00%) |    261      11    1560    230 |  107.50        0.00
POST     /setCurrency                                                                    1664     0(0.00%) |    369      20    1661    360 |   19.80        0.00
--------|----------------------------------------------------------------------------|-------|-------------|-------|-------|-------|-------|--------|-----------
         Aggregated                                                                     16146     0(0.00%) |    301      11    1717    270 |  204.60        0.00

Type     Name                                                                          # reqs      # fails |    Avg     Min     Max    Med |   req/s  failures/s
--------|----------------------------------------------------------------------------|-------|-------------|-------|-------|-------|-------|--------|-----------
GET      /                                                                                554     0(0.00%) |    383      18    1445    370 |    6.60        0.00
GET      /cart                                                                           2147     0(0.00%) |    299      11    1278    270 |   25.70        0.00
POST     /cart [add]                                                                     2709     0(0.00%) |    382      15    1717    350 |   35.20        0.00
POST     /cart/checkout                                                                   991     0(0.00%) |    308      20    1323    290 |   11.60        0.00
GET      /product/[id]                                                                   8491     0(0.00%) |    267      11    1560    240 |  112.80        0.00
POST     /setCurrency                                                                    1723     0(0.00%) |    373      20    1661    360 |   22.70        0.00
--------|----------------------------------------------------------------------------|-------|-------------|-------|-------|-------|-------|--------|-----------
         Aggregated                                                                     16615     0(0.00%) |    307      11    1717    280 |  214.60        0.00

Type     Name                                                                          # reqs      # fails |    Avg     Min     Max    Med |   req/s  failures/s
--------|----------------------------------------------------------------------------|-------|-------------|-------|-------|-------|-------|--------|-----------
GET      /                                                                                564     0(0.00%) |    385      18    1445    370 |    8.10        0.00
GET      /cart                                                                           2199     0(0.00%) |    304      11    1278    280 |   26.40        0.00
POST     /cart [add]                                                                     2786     0(0.00%) |    390      15    1930    360 |   34.80        0.00
POST     /cart/checkout                                                                  1017     0(0.00%) |    312      20    1323    300 |   11.90        0.00
GET      /product/[id]                                                                   8727     0(0.00%) |    273      11    1560    250 |  112.90        0.00
POST     /setCurrency                                                                    1779     0(0.00%) |    378      20    1661    370 |   23.50        0.00
--------|----------------------------------------------------------------------------|-------|-------------|-------|-------|-------|-------|--------|-----------
         Aggregated                                                                     17072     0(0.00%) |    313      11    1930    290 |  217.60        0.00

Type     Name                                                                          # reqs      # fails |    Avg     Min     Max    Med |   req/s  failures/s
--------|----------------------------------------------------------------------------|-------|-------------|-------|-------|-------|-------|--------|-----------
GET      /                                                                                576     0(0.00%) |    391      18    1445    370 |    7.60        0.00
GET      /cart                                                                           2239     0(0.00%) |    312      11    1328    280 |   27.60        0.00
POST     /cart [add]                                                                     2852     0(0.00%) |    400      15    1930    370 |   37.40        0.00
POST     /cart/checkout                                                                  1041     0(0.00%) |    322      20    1758    300 |   11.70        0.00
GET      /product/[id]                                                                   8919     0(0.00%) |    280      11    1692    250 |  114.40        0.00
POST     /setCurrency                                                                    1810     0(0.00%) |    385      20    1661    370 |   25.90        0.00
--------|----------------------------------------------------------------------------|-------|-------------|-------|-------|-------|-------|--------|-----------
         Aggregated                                                                     17437     0(0.00%) |    321      11    1930    290 |  224.60        0.00

Type     Name                                                                          # reqs      # fails |    Avg     Min     Max    Med |   req/s  failures/s
--------|----------------------------------------------------------------------------|-------|-------------|-------|-------|-------|-------|--------|-----------
GET      /                                                                                589     0(0.00%) |    401      18    1445    380 |    7.50        0.00
GET      /cart                                                                           2293     0(0.00%) |    321      11    1593    290 |   26.20        0.00
POST     /cart [add]                                                                     2929     0(0.00%) |    414      15    2271    380 |   36.60        0.00
POST     /cart/checkout                                                                  1072     0(0.00%) |    337      20    1859    300 |   12.50        0.00
GET      /product/[id]                                                                   9137     0(0.00%) |    289      11    1795    260 |  114.60        0.00
POST     /setCurrency                                                                    1869     0(0.00%) |    400      20    1661    380 |   24.90        0.00
--------|----------------------------------------------------------------------------|-------|-------------|-------|-------|-------|-------|--------|-----------
         Aggregated                                                                     17889     0(0.00%) |    332      11    2271    300 |  222.30        0.00

Type     Name                                                                          # reqs      # fails |    Avg     Min     Max    Med |   req/s  failures/s
--------|----------------------------------------------------------------------------|-------|-------------|-------|-------|-------|-------|--------|-----------
GET      /                                                                                603     0(0.00%) |    402      18    1445    380 |    7.30        0.00
GET      /cart                                                                           2351     0(0.00%) |    327      11    1593    290 |   26.30        0.00
POST     /cart [add]                                                                     3000     0(0.00%) |    421      15    2271    380 |   37.90        0.00
POST     /cart/checkout                                                                  1096     0(0.00%) |    344      20    1859    300 |   13.80        0.00
GET      /product/[id]                                                                   9381     0(0.00%) |    295      11    1795    270 |  114.00        0.00
POST     /setCurrency                                                                    1926     0(0.00%) |    403      20    1661    380 |   26.50        0.00
--------|----------------------------------------------------------------------------|-------|-------------|-------|-------|-------|-------|--------|-----------
         Aggregated                                                                     18357     0(0.00%) |    337      11    2271    300 |  225.80        0.00

Type     Name                                                                          # reqs      # fails |    Avg     Min     Max    Med |   req/s  failures/s
--------|----------------------------------------------------------------------------|-------|-------------|-------|-------|-------|-------|--------|-----------
GET      /                                                                                626     0(0.00%) |    407      18    1445    390 |    6.90        0.00
GET      /cart                                                                           2408     0(0.00%) |    336      11    1593    300 |   26.40        0.00
POST     /cart [add]                                                                     3075     0(0.00%) |    431      15    2271    390 |   36.30        0.00
POST     /cart/checkout                                                                  1120     0(0.00%) |    352      20    1859    310 |   13.20        0.00
GET      /product/[id]                                                                   9615     0(0.00%) |    303      11    1795    270 |  112.00        0.00
POST     /setCurrency                                                                    1972     0(0.00%) |    407      20    1661    390 |   26.20        0.00
--------|----------------------------------------------------------------------------|-------|-------------|-------|-------|-------|-------|--------|-----------
         Aggregated                                                                     18816     0(0.00%) |    345      11    2271    310 |  221.00        0.00

Type     Name                                                                          # reqs      # fails |    Avg     Min     Max    Med |   req/s  failures/s
--------|----------------------------------------------------------------------------|-------|-------------|-------|-------|-------|-------|--------|-----------
GET      /                                                                                639     0(0.00%) |    414      18    1445    390 |    6.80        0.00
GET      /cart                                                                           2477     0(0.00%) |    344      11    1593    310 |   26.00        0.00
POST     /cart [add]                                                                     3132     0(0.00%) |    437      15    2271    400 |   36.60        0.00
POST     /cart/checkout                                                                  1148     0(0.00%) |    359      20    1859    320 |   12.90        0.00
GET      /product/[id]                                                                   9856     0(0.00%) |    310      11    1795    280 |  111.20        0.00
POST     /setCurrency                                                                    2017     0(0.00%) |    413      20    1661    390 |   25.10        0.00
--------|----------------------------------------------------------------------------|-------|-------------|-------|-------|-------|-------|--------|-----------
         Aggregated                                                                     19269     0(0.00%) |    352      11    2271    320 |  218.60        0.00

Type     Name                                                                          # reqs      # fails |    Avg     Min     Max    Med |   req/s  failures/s
--------|----------------------------------------------------------------------------|-------|-------------|-------|-------|-------|-------|--------|-----------
GET      /                                                                                658     0(0.00%) |    417      18    1445    390 |    7.30        0.00
GET      /cart                                                                           2524     0(0.00%) |    351      11    1593    310 |   27.20        0.00
POST     /cart [add]                                                                     3207     0(0.00%) |    446      15    2271    410 |   34.40        0.00
POST     /cart/checkout                                                                  1180     0(0.00%) |    368      20    1859    320 |   13.00        0.00
GET      /product/[id]                                                                  10068     0(0.00%) |    318      11    1795    280 |  112.10        0.00
POST     /setCurrency                                                                    2059     0(0.00%) |    416      20    1661    390 |   23.70        0.00
--------|----------------------------------------------------------------------------|-------|-------------|-------|-------|-------|-------|--------|-----------
         Aggregated                                                                     19696     0(0.00%) |    360      11    2271    320 |  217.70        0.00

Type     Name                                                                          # reqs      # fails |    Avg     Min     Max    Med |   req/s  failures/s
--------|----------------------------------------------------------------------------|-------|-------------|-------|-------|-------|-------|--------|-----------
GET      /                                                                                678     0(0.00%) |    421      18    1445    400 |    8.00        0.00
GET      /cart                                                                           2590     0(0.00%) |    361      11    1593    320 |   28.60        0.00
POST     /cart [add]                                                                     3281     0(0.00%) |    457      15    2271    410 |   35.40        0.00
POST     /cart/checkout                                                                  1204     0(0.00%) |    376      20    1859    330 |   13.90        0.00
GET      /product/[id]                                                                  10303     0(0.00%) |    327      11    1795    290 |  115.10        0.00
POST     /setCurrency                                                                    2096     0(0.00%) |    418      20    1661    400 |   24.70        0.00
--------|----------------------------------------------------------------------------|-------|-------------|-------|-------|-------|-------|--------|-----------
         Aggregated                                                                     20152     0(0.00%) |    368      11    2271    330 |  225.70        0.00

Type     Name                                                                          # reqs      # fails |    Avg     Min     Max    Med |   req/s  failures/s
--------|----------------------------------------------------------------------------|-------|-------------|-------|-------|-------|-------|--------|-----------
GET      /                                                                                695     0(0.00%) |    423      18    1445    400 |    8.90        0.00
GET      /cart                                                                           2658     0(0.00%) |    367      11    1593    330 |   29.90        0.00
POST     /cart [add]                                                                     3365     0(0.00%) |    463      15    2271    420 |   35.70        0.00
POST     /cart/checkout                                                                  1234     0(0.00%) |    379      20    1859    340 |   13.20        0.00
GET      /product/[id]                                                                  10595     0(0.00%) |    333      11    1795    300 |  117.00        0.00
POST     /setCurrency                                                                    2150     0(0.00%) |    421      20    1661    400 |   22.50        0.00
--------|----------------------------------------------------------------------------|-------|-------------|-------|-------|-------|-------|--------|-----------
         Aggregated                                                                     20697     0(0.00%) |    373      11    2271    340 |  227.20        0.00

Type     Name                                                                          # reqs      # fails |    Avg     Min     Max    Med |   req/s  failures/s
--------|----------------------------------------------------------------------------|-------|-------------|-------|-------|-------|-------|--------|-----------
GET      /                                                                                707     0(0.00%) |    424      18    1445    410 |    5.90        0.00
GET      /cart                                                                           2709     0(0.00%) |    370      11    1593    330 |   22.61        0.00
POST     /cart [add]                                                                     3442     0(0.00%) |    469      15    2271    430 |   28.73        0.00
POST     /cart/checkout                                                                  1255     0(0.00%) |    381      20    1859    340 |   10.47        0.00
GET      /product/[id]                                                                  10809     0(0.00%) |    337      11    1795    300 |   90.21        0.00
POST     /setCurrency                                                                    2211     0(0.00%) |    426      20    1661    410 |   18.45        0.00
--------|----------------------------------------------------------------------------|-------|-------------|-------|-------|-------|-------|--------|-----------
         Aggregated                                                                     21133     0(0.00%) |    377      11    2271    340 |  176.37        0.00

Response time percentiles (approximated)
Type     Name                                                                                  50%    66%    75%    80%    90%    95%    98%    99%  99.9% 99.99%   100% # reqs
--------|--------------------------------------------------------------------------------|--------|------|------|------|------|------|------|------|------|------|------|------
GET      /                                                                                     410    480    540    580    720    850   1000   1100   1400   1400   1400    707
GET      /cart                                                                                 330    450    530    580    740    840    990   1100   1400   1600   1600   2709
POST     /cart [add]                                                                           430    570    670    730    870   1000   1200   1300   1800   2300   2300   3442
POST     /cart/checkout                                                                        340    430    520    580    710    830   1100   1200   1800   1900   1900   1255
GET      /product/[id]                                                                         300    410    480    530    650    750    870    990   1400   1700   1800  10809
POST     /setCurrency                                                                          410    480    550    600    740    880   1100   1200   1600   1700   1700   2211
--------|--------------------------------------------------------------------------------|--------|------|------|------|------|------|------|------|------|------|------|------
         Aggregated                                                                            340    450    530    580    720    840   1000   1100   1600   1900   2300  21133

