/Users/edias/Library/Python/3.9/lib/python/site-packages/urllib3/__init__.py:35: NotOpenSSLWarning: urllib3 v2 only supports OpenSSL 1.1.1+, currently the 'ssl' module is compiled with 'LibreSSL 2.8.3'. See: https://github.com/urllib3/urllib3/issues/3020
  warnings.warn(
[2026-05-20 22:58:38,408] Mac/WARNING/locust.main: Python 3.9 support is deprecated and will be removed soon
Type     Name                                                                          # reqs      # fails |    Avg     Min     Max    Med |   req/s  failures/s
--------|----------------------------------------------------------------------------|-------|-------------|-------|-------|-------|-------|--------|-----------
--------|----------------------------------------------------------------------------|-------|-------------|-------|-------|-------|-------|--------|-----------
         Aggregated                                                                         0     0(0.00%) |      0       0       0      0 |    0.00        0.00

Type     Name                                                                          # reqs      # fails |    Avg     Min     Max    Med |   req/s  failures/s
--------|----------------------------------------------------------------------------|-------|-------------|-------|-------|-------|-------|--------|-----------
GET      /cart                                                                              4     0(0.00%) |     12      10      15     11 |    0.00        0.00
POST     /cart [add]                                                                        1     0(0.00%) |     34      34      34     34 |    0.00        0.00
POST     /cart/checkout                                                                     1     0(0.00%) |     29      29      29     29 |    0.00        0.00
GET      /product/[id]                                                                     13     0(0.00%) |     58      10     232     25 |    0.00        0.00
POST     /setCurrency                                                                       3     0(0.00%) |     31      24      39     29 |    0.00        0.00
--------|----------------------------------------------------------------------------|-------|-------------|-------|-------|-------|-------|--------|-----------
         Aggregated                                                                        22     0(0.00%) |     43      10     232     25 |    0.00        0.00

Type     Name                                                                          # reqs      # fails |    Avg     Min     Max    Med |   req/s  failures/s
--------|----------------------------------------------------------------------------|-------|-------------|-------|-------|-------|-------|--------|-----------
GET      /                                                                                  2     0(0.00%) |     14      12      15     13 |    0.00        0.00
GET      /cart                                                                              7     0(0.00%) |     10       7      15     10 |    1.00        0.00
POST     /cart [add]                                                                       15     0(0.00%) |     15      10      34     14 |    0.50        0.00
POST     /cart/checkout                                                                     7     0(0.00%) |     17      12      29     17 |    0.50        0.00
GET      /product/[id]                                                                     35     0(0.00%) |     33      10     232     14 |    5.50        0.00
POST     /setCurrency                                                                       8     0(0.00%) |     29      14      66     22 |    0.50        0.00
--------|----------------------------------------------------------------------------|-------|-------------|-------|-------|-------|-------|--------|-----------
         Aggregated                                                                        74     0(0.00%) |     25       7     232     14 |    8.00        0.00

Type     Name                                                                          # reqs      # fails |    Avg     Min     Max    Med |   req/s  failures/s
--------|----------------------------------------------------------------------------|-------|-------------|-------|-------|-------|-------|--------|-----------
GET      /                                                                                  2     0(0.00%) |     14      12      15     13 |    0.00        0.00
GET      /cart                                                                             21     0(0.00%) |      8       5      15      8 |    1.50        0.00
POST     /cart [add]                                                                       30     0(0.00%) |     13       7      34     13 |    3.00        0.00
POST     /cart/checkout                                                                    13     0(0.00%) |     14       8      29     12 |    1.25        0.00
GET      /product/[id]                                                                     77     0(0.00%) |     29       8     232     14 |    8.00        0.00
POST     /setCurrency                                                                      18     0(0.00%) |     31      14      91     21 |    1.75        0.00
--------|----------------------------------------------------------------------------|-------|-------------|-------|-------|-------|-------|--------|-----------
         Aggregated                                                                       161     0(0.00%) |     22       5     232     13 |   15.50        0.00

Type     Name                                                                          # reqs      # fails |    Avg     Min     Max    Med |   req/s  failures/s
--------|----------------------------------------------------------------------------|-------|-------------|-------|-------|-------|-------|--------|-----------
GET      /                                                                                  5     0(0.00%) |     55      12     117     17 |    0.33        0.00
GET      /cart                                                                             40     0(0.00%) |      8       5      20      8 |    2.67        0.00
POST     /cart [add]                                                                       45     0(0.00%) |     13       7      34     12 |    4.50        0.00
POST     /cart/checkout                                                                    17     0(0.00%) |     13       8      29     12 |    2.00        0.00
GET      /product/[id]                                                                    129     0(0.00%) |     42       8     232     16 |   11.00        0.00
POST     /setCurrency                                                                      25     0(0.00%) |     40      14     116     22 |    3.00        0.00
--------|----------------------------------------------------------------------------|-------|-------------|-------|-------|-------|-------|--------|-----------
         Aggregated                                                                       261     0(0.00%) |     30       5     232     13 |   23.50        0.00

Type     Name                                                                          # reqs      # fails |    Avg     Min     Max    Med |   req/s  failures/s
--------|----------------------------------------------------------------------------|-------|-------------|-------|-------|-------|-------|--------|-----------
GET      /                                                                                  9     0(0.00%) |     37      12     117     16 |    0.62        0.00
GET      /cart                                                                             55     0(0.00%) |      8       5      20      8 |    4.12        0.00
POST     /cart [add]                                                                       74     0(0.00%) |     12       7      34     12 |    5.12        0.00
POST     /cart/checkout                                                                    31     0(0.00%) |     12       8      29     11 |    1.88        0.00
GET      /product/[id]                                                                    192     0(0.00%) |     33       7     232     13 |   14.50        0.00
POST     /setCurrency                                                                      39     0(0.00%) |     32      14     116     18 |    3.00        0.00
--------|----------------------------------------------------------------------------|-------|-------------|-------|-------|-------|-------|--------|-----------
         Aggregated                                                                       400     0(0.00%) |     24       5     232     12 |   29.25        0.00

Type     Name                                                                          # reqs      # fails |    Avg     Min     Max    Med |   req/s  failures/s
--------|----------------------------------------------------------------------------|-------|-------------|-------|-------|-------|-------|--------|-----------
GET      /                                                                                 11     0(0.00%) |     41      12     117     16 |    0.89        0.00
GET      /cart                                                                             70     0(0.00%) |      8       5      20      8 |    4.89        0.00
POST     /cart [add]                                                                       90     0(0.00%) |     11       6      34     11 |    5.56        0.00
POST     /cart/checkout                                                                    37     0(0.00%) |     11       8      29     11 |    2.33        0.00
GET      /product/[id]                                                                    244     0(0.00%) |     46       7     232     16 |   16.00        0.00
POST     /setCurrency                                                                      45     0(0.00%) |     42      14     119     21 |    3.33        0.00
--------|----------------------------------------------------------------------------|-------|-------------|-------|-------|-------|-------|--------|-----------
         Aggregated                                                                       497     0(0.00%) |     32       5     232     13 |   33.00        0.00

Type     Name                                                                          # reqs      # fails |    Avg     Min     Max    Med |   req/s  failures/s
--------|----------------------------------------------------------------------------|-------|-------------|-------|-------|-------|-------|--------|-----------
GET      /                                                                                 13     0(0.00%) |     76      12     440     16 |    1.10        0.00
GET      /cart                                                                             77     0(0.00%) |     78       5     992      8 |    6.80        0.00
POST     /cart [add]                                                                      101     0(0.00%) |    100       6    1953     11 |    8.90        0.00
POST     /cart/checkout                                                                    43     0(0.00%) |     28       8     300     11 |    3.60        0.00
GET      /product/[id]                                                                    285     0(0.00%) |    123       7    1222     24 |   23.30        0.00
POST     /setCurrency                                                                      57     0(0.00%) |    140      12    1024     22 |    4.40        0.00
--------|----------------------------------------------------------------------------|-------|-------------|-------|-------|-------|-------|--------|-----------
         Aggregated                                                                       576     0(0.00%) |    106       5    1953     13 |   48.10        0.00

Type     Name                                                                          # reqs      # fails |    Avg     Min     Max    Med |   req/s  failures/s
--------|----------------------------------------------------------------------------|-------|-------------|-------|-------|-------|-------|--------|-----------
GET      /                                                                                 15     0(0.00%) |     80      12     440     17 |    1.30        0.00
GET      /cart                                                                             94     0(0.00%) |     78       5     992      8 |    7.10        0.00
POST     /cart [add]                                                                      130     0(0.00%) |    109       6    1953     12 |    8.20        0.00
POST     /cart/checkout                                                                    51     0(0.00%) |     29       8     300     11 |    3.20        0.00
GET      /product/[id]                                                                    355     0(0.00%) |    140       6    1222     43 |   22.60        0.00
POST     /setCurrency                                                                      71     0(0.00%) |    133      10    1024     25 |    4.60        0.00
--------|----------------------------------------------------------------------------|-------|-------------|-------|-------|-------|-------|--------|-----------
         Aggregated                                                                       716     0(0.00%) |    116       5    1953     14 |   47.00        0.00

Type     Name                                                                          # reqs      # fails |    Avg     Min     Max    Med |   req/s  failures/s
--------|----------------------------------------------------------------------------|-------|-------------|-------|-------|-------|-------|--------|-----------
GET      /                                                                                 19     0(0.00%) |     70      12     440     16 |    1.10        0.00
GET      /cart                                                                            118     0(0.00%) |     67       5     992      8 |    7.50        0.00
POST     /cart [add]                                                                      168     0(0.00%) |     89       6    1953     12 |    9.70        0.00
POST     /cart/checkout                                                                    65     0(0.00%) |     26       8     300     11 |    3.70        0.00
GET      /product/[id]                                                                    477     0(0.00%) |    118       4    1222     37 |   26.70        0.00
POST     /setCurrency                                                                      99     0(0.00%) |    108      10    1024     26 |    4.80        0.00
--------|----------------------------------------------------------------------------|-------|-------------|-------|-------|-------|-------|--------|-----------
         Aggregated                                                                       946     0(0.00%) |     98       4    1953     14 |   53.50        0.00

Type     Name                                                                          # reqs      # fails |    Avg     Min     Max    Med |   req/s  failures/s
--------|----------------------------------------------------------------------------|-------|-------------|-------|-------|-------|-------|--------|-----------
GET      /                                                                                 25     0(0.00%) |     60      11     440     16 |    1.30        0.00
GET      /cart                                                                            150     0(0.00%) |     57       5     992      8 |    7.90        0.00
POST     /cart [add]                                                                      213     0(0.00%) |     77       6    1953     12 |   11.70        0.00
POST     /cart/checkout                                                                    78     0(0.00%) |     26       8     300     11 |    4.70        0.00
GET      /product/[id]                                                                    611     0(0.00%) |    100       4    1222     34 |   34.10        0.00
POST     /setCurrency                                                                     131     0(0.00%) |     87       9    1024     21 |    6.60        0.00
--------|----------------------------------------------------------------------------|-------|-------------|-------|-------|-------|-------|--------|-----------
         Aggregated                                                                      1208     0(0.00%) |     84       4    1953     14 |   66.30        0.00

Type     Name                                                                          # reqs      # fails |    Avg     Min     Max    Med |   req/s  failures/s
--------|----------------------------------------------------------------------------|-------|-------------|-------|-------|-------|-------|--------|-----------
GET      /                                                                                 33     0(0.00%) |     50       9     440     15 |    1.40        0.00
GET      /cart                                                                            184     0(0.00%) |     50       5     992      9 |    8.80        0.00
POST     /cart [add]                                                                      255     0(0.00%) |     70       6    1953     12 |   13.80        0.00
POST     /cart/checkout                                                                    92     0(0.00%) |     26       8     300     12 |    5.10        0.00
GET      /product/[id]                                                                    768     0(0.00%) |     88       4    1222     31 |   40.30        0.00
POST     /setCurrency                                                                     155     0(0.00%) |     79       9    1024     21 |    8.80        0.00
--------|----------------------------------------------------------------------------|-------|-------------|-------|-------|-------|-------|--------|-----------
         Aggregated                                                                      1487     0(0.00%) |     75       4    1953     15 |   78.20        0.00

Type     Name                                                                          # reqs      # fails |    Avg     Min     Max    Med |   req/s  failures/s
--------|----------------------------------------------------------------------------|-------|-------------|-------|-------|-------|-------|--------|-----------
GET      /                                                                                 39     0(0.00%) |     45       9     440     16 |    1.90        0.00
GET      /cart                                                                            214     0(0.00%) |     62       5     992      9 |   11.00        0.00
POST     /cart [add]                                                                      299     0(0.00%) |     78       6    1953     13 |   15.80        0.00
POST     /cart/checkout                                                                   113     0(0.00%) |     50       8     300     12 |    5.30        0.00
GET      /product/[id]                                                                    876     0(0.00%) |     93       4    1222     43 |   48.50        0.00
POST     /setCurrency                                                                     179     0(0.00%) |     71       9    1024     18 |   10.60        0.00
--------|----------------------------------------------------------------------------|-------|-------------|-------|-------|-------|-------|--------|-----------
         Aggregated                                                                      1720     0(0.00%) |     81       4    1953     19 |   93.10        0.00

Type     Name                                                                          # reqs      # fails |    Avg     Min     Max    Med |   req/s  failures/s
--------|----------------------------------------------------------------------------|-------|-------------|-------|-------|-------|-------|--------|-----------
GET      /                                                                                 46     0(0.00%) |     48       9     440     17 |    2.40        0.00
GET      /cart                                                                            234     0(0.00%) |     68       5     992     10 |   13.10        0.00
POST     /cart [add]                                                                      337     0(0.00%) |     89       6    1953     14 |   19.40        0.00
POST     /cart/checkout                                                                   126     0(0.00%) |     59       8     699     14 |    7.30        0.00
GET      /product/[id]                                                                   1003     0(0.00%) |    104       4    1222     54 |   59.90        0.00
POST     /setCurrency                                                                     211     0(0.00%) |     73       9    1024     21 |   12.40        0.00
--------|----------------------------------------------------------------------------|-------|-------------|-------|-------|-------|-------|--------|-----------
         Aggregated                                                                      1957     0(0.00%) |     90       4    1953     27 |  114.50        0.00

Type     Name                                                                          # reqs      # fails |    Avg     Min     Max    Med |   req/s  failures/s
--------|----------------------------------------------------------------------------|-------|-------------|-------|-------|-------|-------|--------|-----------
GET      /                                                                                 49     0(0.00%) |     56       9     518     17 |    3.00        0.00
GET      /cart                                                                            278     0(0.00%) |     95       5    1006     12 |   13.70        0.00
POST     /cart [add]                                                                      363     0(0.00%) |    101       6    1953     16 |   20.30        0.00
POST     /cart/checkout                                                                   137     0(0.00%) |     71       8     928     14 |    7.00        0.00
GET      /product/[id]                                                                   1094     0(0.00%) |    119       4    1222     62 |   63.60        0.00
POST     /setCurrency                                                                     231     0(0.00%) |     95       9    1024     21 |   13.30        0.00
--------|----------------------------------------------------------------------------|-------|-------------|-------|-------|-------|-------|--------|-----------
         Aggregated                                                                      2152     0(0.00%) |    106       4    1953     35 |  120.90        0.00

Type     Name                                                                          # reqs      # fails |    Avg     Min     Max    Med |   req/s  failures/s
--------|----------------------------------------------------------------------------|-------|-------------|-------|-------|-------|-------|--------|-----------
GET      /                                                                                 56     0(0.00%) |     51       9     518     16 |    1.87        0.00
GET      /cart                                                                            314     0(0.00%) |    103       5    1006     21 |   10.51        0.00
POST     /cart [add]                                                                      407     0(0.00%) |    111       6    1953     20 |   13.62        0.00
POST     /cart/checkout                                                                   157     0(0.00%) |     87       8     928     20 |    5.26        0.00
GET      /product/[id]                                                                   1202     0(0.00%) |    124       4    1222     79 |   40.23        0.00
POST     /setCurrency                                                                     259     0(0.00%) |     88       9    1024     20 |    8.67        0.00
--------|----------------------------------------------------------------------------|-------|-------------|-------|-------|-------|-------|--------|-----------
         Aggregated                                                                      2395     0(0.00%) |    111       4    1953     46 |   80.17        0.00

Response time percentiles (approximated)
Type     Name                                                                                  50%    66%    75%    80%    90%    95%    98%    99%  99.9% 99.99%   100% # reqs
--------|--------------------------------------------------------------------------------|--------|------|------|------|------|------|------|------|------|------|------|------
GET      /                                                                                      16     18     57     70    110    260    440    520    520    520    520     56
GET      /cart                                                                                  21    100    150    160    220    470    770    970   1000   1000   1000    314
POST     /cart [add]                                                                            20     85    130    160    220    550    770   1200   2000   2000   2000    407
POST     /cart/checkout                                                                         20     96    150    190    210    280    300    700    930    930    930    157
GET      /product/[id]                                                                          80    110    140    160    230    540    890   1000   1200   1200   1200   1202
POST     /setCurrency                                                                           20     41     59     81    120    540    940    960   1000   1000   1000    259
--------|--------------------------------------------------------------------------------|--------|------|------|------|------|------|------|------|------|------|------|------
         Aggregated                                                                             46    110    130    150    220    510    840    990   1600   2000   2000   2395

