/Users/edias/Library/Python/3.9/lib/python/site-packages/urllib3/__init__.py:35: NotOpenSSLWarning: urllib3 v2 only supports OpenSSL 1.1.1+, currently the 'ssl' module is compiled with 'LibreSSL 2.8.3'. See: https://github.com/urllib3/urllib3/issues/3020
  warnings.warn(
[2026-05-20 22:59:08,615] Mac/WARNING/locust.main: Python 3.9 support is deprecated and will be removed soon
Type     Name                                                                          # reqs      # fails |    Avg     Min     Max    Med |   req/s  failures/s
--------|----------------------------------------------------------------------------|-------|-------------|-------|-------|-------|-------|--------|-----------
--------|----------------------------------------------------------------------------|-------|-------------|-------|-------|-------|-------|--------|-----------
         Aggregated                                                                         0     0(0.00%) |      0       0       0      0 |    0.00        0.00

Type     Name                                                                          # reqs      # fails |    Avg     Min     Max    Med |   req/s  failures/s
--------|----------------------------------------------------------------------------|-------|-------------|-------|-------|-------|-------|--------|-----------
GET      /                                                                                  2     0(0.00%) |     22      17      27     18 |    0.00        0.00
GET      /cart                                                                              6     0(0.00%) |     22      13      33     19 |    0.00        0.00
POST     /cart [add]                                                                        6     0(0.00%) |     15      12      19     13 |    0.00        0.00
POST     /cart/checkout                                                                     2     0(0.00%) |     26      12      40     12 |    0.00        0.00
GET      /product/[id]                                                                      8     0(0.00%) |     14      10      20     11 |    0.00        0.00
POST     /setCurrency                                                                       2     0(0.00%) |     23      22      24     23 |    0.00        0.00
--------|----------------------------------------------------------------------------|-------|-------------|-------|-------|-------|-------|--------|-----------
         Aggregated                                                                        26     0(0.00%) |     18      10      40     18 |    0.00        0.00

Type     Name                                                                          # reqs      # fails |    Avg     Min     Max    Med |   req/s  failures/s
--------|----------------------------------------------------------------------------|-------|-------------|-------|-------|-------|-------|--------|-----------
GET      /                                                                                  2     0(0.00%) |     22      17      27     18 |    0.00        0.00
GET      /cart                                                                             15     0(0.00%) |     13       6      33     11 |    2.50        0.00
POST     /cart [add]                                                                       12     0(0.00%) |     14       7      23     13 |    2.50        0.00
POST     /cart/checkout                                                                     5     0(0.00%) |     17       9      40     12 |    1.00        0.00
GET      /product/[id]                                                                     33     0(0.00%) |     14       7      40     11 |    2.00        0.00
POST     /setCurrency                                                                      12     0(0.00%) |     31      17      81     23 |    1.00        0.00
--------|----------------------------------------------------------------------------|-------|-------------|-------|-------|-------|-------|--------|-----------
         Aggregated                                                                        79     0(0.00%) |     17       6      81     13 |    9.00        0.00

Type     Name                                                                          # reqs      # fails |    Avg     Min     Max    Med |   req/s  failures/s
--------|----------------------------------------------------------------------------|-------|-------------|-------|-------|-------|-------|--------|-----------
GET      /                                                                                  3     0(0.00%) |     20      16      27     18 |    0.50        0.00
GET      /cart                                                                             29     0(0.00%) |     11       5      33      8 |    2.25        0.00
POST     /cart [add]                                                                       28     0(0.00%) |     13       7      23     12 |    2.75        0.00
POST     /cart/checkout                                                                    10     0(0.00%) |     14       9      40     11 |    1.00        0.00
GET      /product/[id]                                                                     74     0(0.00%) |     11       5      40     10 |    6.50        0.00
POST     /setCurrency                                                                      21     0(0.00%) |     24      12      81     17 |    2.00        0.00
--------|----------------------------------------------------------------------------|-------|-------------|-------|-------|-------|-------|--------|-----------
         Aggregated                                                                       165     0(0.00%) |     13       5      81     11 |   15.00        0.00

Type     Name                                                                          # reqs      # fails |    Avg     Min     Max    Med |   req/s  failures/s
--------|----------------------------------------------------------------------------|-------|-------------|-------|-------|-------|-------|--------|-----------
GET      /                                                                                  6     0(0.00%) |     16      10      27     16 |    0.50        0.00
GET      /cart                                                                             39     0(0.00%) |     10       5      33      8 |    4.17        0.00
POST     /cart [add]                                                                       43     0(0.00%) |     13       7      30     12 |    3.83        0.00
POST     /cart/checkout                                                                    16     0(0.00%) |     13       9      40     11 |    1.17        0.00
GET      /product/[id]                                                                    140     0(0.00%) |     11       5      47     10 |    9.67        0.00
POST     /setCurrency                                                                      30     0(0.00%) |     20      11      81     16 |    2.83        0.00
--------|----------------------------------------------------------------------------|-------|-------------|-------|-------|-------|-------|--------|-----------
         Aggregated                                                                       274     0(0.00%) |     12       5      81     11 |   22.17        0.00

Type     Name                                                                          # reqs      # fails |    Avg     Min     Max    Med |   req/s  failures/s
--------|----------------------------------------------------------------------------|-------|-------------|-------|-------|-------|-------|--------|-----------
GET      /                                                                                  8     0(0.00%) |     15      10      27     12 |    0.62        0.00
GET      /cart                                                                             52     0(0.00%) |      9       5      33      8 |    4.38        0.00
POST     /cart [add]                                                                       68     0(0.00%) |     12       7      30     11 |    4.88        0.00
POST     /cart/checkout                                                                    25     0(0.00%) |     12       8      40     12 |    1.62        0.00
GET      /product/[id]                                                                    218     0(0.00%) |     10       5      47      9 |   14.75        0.00
POST     /setCurrency                                                                      47     0(0.00%) |     18      10      81     15 |    3.25        0.00
--------|----------------------------------------------------------------------------|-------|-------------|-------|-------|-------|-------|--------|-----------
         Aggregated                                                                       418     0(0.00%) |     11       5      81     10 |   29.50        0.00

Type     Name                                                                          # reqs      # fails |    Avg     Min     Max    Med |   req/s  failures/s
--------|----------------------------------------------------------------------------|-------|-------------|-------|-------|-------|-------|--------|-----------
GET      /                                                                                 15     0(0.00%) |     16      10      27     15 |    0.70        0.00
GET      /cart                                                                             71     0(0.00%) |      9       5      33      8 |    4.90        0.00
POST     /cart [add]                                                                       99     0(0.00%) |     12       6      37     11 |    5.80        0.00
POST     /cart/checkout                                                                    35     0(0.00%) |     13       8      45     12 |    2.00        0.00
GET      /product/[id]                                                                    302     0(0.00%) |     10       5      74      9 |   19.10        0.00
POST     /setCurrency                                                                      67     0(0.00%) |     19      10      81     15 |    4.50        0.00
--------|----------------------------------------------------------------------------|-------|-------------|-------|-------|-------|-------|--------|-----------
         Aggregated                                                                       589     0(0.00%) |     12       5      81     10 |   37.00        0.00

Type     Name                                                                          # reqs      # fails |    Avg     Min     Max    Med |   req/s  failures/s
--------|----------------------------------------------------------------------------|-------|-------------|-------|-------|-------|-------|--------|-----------
GET      /                                                                                 24     0(0.00%) |     14       9      27     13 |    1.40        0.00
GET      /cart                                                                             97     0(0.00%) |      9       4      33      8 |    5.90        0.00
POST     /cart [add]                                                                      131     0(0.00%) |     12       6      37     11 |    8.10        0.00
POST     /cart/checkout                                                                    46     0(0.00%) |     13       8      45     12 |    2.70        0.00
GET      /product/[id]                                                                    407     0(0.00%) |     10       4      74      8 |   27.20        0.00
POST     /setCurrency                                                                      86     0(0.00%) |     17      10      81     14 |    6.10        0.00
--------|----------------------------------------------------------------------------|-------|-------------|-------|-------|-------|-------|--------|-----------
         Aggregated                                                                       791     0(0.00%) |     11       4      81     10 |   51.40        0.00

Type     Name                                                                          # reqs      # fails |    Avg     Min     Max    Med |   req/s  failures/s
--------|----------------------------------------------------------------------------|-------|-------------|-------|-------|-------|-------|--------|-----------
GET      /                                                                                 26     0(0.00%) |     14       9      27     13 |    1.90        0.00
GET      /cart                                                                            123     0(0.00%) |     10       4      76      8 |    7.70        0.00
POST     /cart [add]                                                                      170     0(0.00%) |     12       6      37     11 |   11.30        0.00
POST     /cart/checkout                                                                    61     0(0.00%) |     12       8      45     11 |    4.10        0.00
GET      /product/[id]                                                                    536     0(0.00%) |     10       4      75      8 |   34.60        0.00
POST     /setCurrency                                                                     108     0(0.00%) |     17      10      81     14 |    6.90        0.00
--------|----------------------------------------------------------------------------|-------|-------------|-------|-------|-------|-------|--------|-----------
         Aggregated                                                                      1024     0(0.00%) |     11       4      81     10 |   66.50        0.00

Type     Name                                                                          # reqs      # fails |    Avg     Min     Max    Med |   req/s  failures/s
--------|----------------------------------------------------------------------------|-------|-------------|-------|-------|-------|-------|--------|-----------
GET      /                                                                                 30     0(0.00%) |     16       9      82     12 |    2.20        0.00
GET      /cart                                                                            163     0(0.00%) |     12       4     156      8 |    8.90        0.00
POST     /cart [add]                                                                      206     0(0.00%) |     13       6     154     11 |   13.70        0.00
POST     /cart/checkout                                                                    75     0(0.00%) |     14       8      89     12 |    5.20        0.00
GET      /product/[id]                                                                    659     0(0.00%) |     13       4     116      8 |   43.50        0.00
POST     /setCurrency                                                                     138     0(0.00%) |     18       9      94     14 |    8.30        0.00
--------|----------------------------------------------------------------------------|-------|-------------|-------|-------|-------|-------|--------|-----------
         Aggregated                                                                      1271     0(0.00%) |     13       4     156     10 |   81.80        0.00

Type     Name                                                                          # reqs      # fails |    Avg     Min     Max    Med |   req/s  failures/s
--------|----------------------------------------------------------------------------|-------|-------------|-------|-------|-------|-------|--------|-----------
GET      /                                                                                 35     0(0.00%) |     61       9     840     13 |    2.30        0.00
GET      /cart                                                                            180     0(0.00%) |     26       4     819      8 |   11.90        0.00
POST     /cart [add]                                                                      233     0(0.00%) |     29       6    1013     11 |   15.30        0.00
POST     /cart/checkout                                                                    84     0(0.00%) |     16       8     101     12 |    5.70        0.00
GET      /product/[id]                                                                    736     0(0.00%) |     29       4    1025      9 |   50.70        0.00
POST     /setCurrency                                                                     160     0(0.00%) |     52       9     890     14 |   10.20        0.00
--------|----------------------------------------------------------------------------|-------|-------------|-------|-------|-------|-------|--------|-----------
         Aggregated                                                                      1428     0(0.00%) |     31       4    1025     10 |   96.10        0.00

Type     Name                                                                          # reqs      # fails |    Avg     Min     Max    Med |   req/s  failures/s
--------|----------------------------------------------------------------------------|-------|-------------|-------|-------|-------|-------|--------|-----------
GET      /                                                                                 41     0(0.00%) |     54       9     840     12 |    2.60        0.00
GET      /cart                                                                            216     0(0.00%) |     30       4     819      8 |   12.80        0.00
POST     /cart [add]                                                                      284     0(0.00%) |     37       6    1013     12 |   17.10        0.00
POST     /cart/checkout                                                                   106     0(0.00%) |     29       8     207     12 |    6.40        0.00
GET      /product/[id]                                                                    872     0(0.00%) |     39       4    1132      9 |   53.10        0.00
POST     /setCurrency                                                                     187     0(0.00%) |     49       9     890     14 |   10.70        0.00
--------|----------------------------------------------------------------------------|-------|-------------|-------|-------|-------|-------|--------|-----------
         Aggregated                                                                      1706     0(0.00%) |     38       4    1132     11 |  102.70        0.00

Type     Name                                                                          # reqs      # fails |    Avg     Min     Max    Med |   req/s  failures/s
--------|----------------------------------------------------------------------------|-------|-------------|-------|-------|-------|-------|--------|-----------
GET      /                                                                                 47     0(0.00%) |     49       9     840     13 |    2.60        0.00
GET      /cart                                                                            248     0(0.00%) |     39       4     819      9 |   14.20        0.00
POST     /cart [add]                                                                      333     0(0.00%) |     48       6    1013     13 |   18.20        0.00
POST     /cart/checkout                                                                   125     0(0.00%) |     41       8     207     13 |    7.10        0.00
GET      /product/[id]                                                                    994     0(0.00%) |     46       4    1132     10 |   55.30        0.00
POST     /setCurrency                                                                     212     0(0.00%) |     46       9     890     14 |   11.40        0.00
--------|----------------------------------------------------------------------------|-------|-------------|-------|-------|-------|-------|--------|-----------
         Aggregated                                                                      1959     0(0.00%) |     45       4    1132     12 |  108.80        0.00

Type     Name                                                                          # reqs      # fails |    Avg     Min     Max    Med |   req/s  failures/s
--------|----------------------------------------------------------------------------|-------|-------------|-------|-------|-------|-------|--------|-----------
GET      /                                                                                 50     0(0.00%) |     61       9     840     13 |    2.40        0.00
GET      /cart                                                                            281     0(0.00%) |     57       4     819      9 |   14.60        0.00
POST     /cart [add]                                                                      363     0(0.00%) |     69       6    1086     14 |   19.40        0.00
POST     /cart/checkout                                                                   136     0(0.00%) |     47       8     207     13 |    7.50        0.00
GET      /product/[id]                                                                   1080     0(0.00%) |     65       4    1132     10 |   58.50        0.00
POST     /setCurrency                                                                     237     0(0.00%) |     52       9     890     15 |   12.70        0.00
--------|----------------------------------------------------------------------------|-------|-------------|-------|-------|-------|-------|--------|-----------
         Aggregated                                                                      2147     0(0.00%) |     62       4    1132     12 |  115.10        0.00

Type     Name                                                                          # reqs      # fails |    Avg     Min     Max    Med |   req/s  failures/s
--------|----------------------------------------------------------------------------|-------|-------------|-------|-------|-------|-------|--------|-----------
GET      /                                                                                 61     0(0.00%) |     56       9     840     13 |    2.50        0.00
GET      /cart                                                                            321     0(0.00%) |     65       4     819     11 |   15.60        0.00
POST     /cart [add]                                                                      411     0(0.00%) |     77       6    1086     17 |   18.80        0.00
POST     /cart/checkout                                                                   155     0(0.00%) |     60       8     207     14 |    7.20        0.00
GET      /product/[id]                                                                   1201     0(0.00%) |     73       4    1132     12 |   55.00        0.00
POST     /setCurrency                                                                     267     0(0.00%) |     51       9     890     15 |   13.30        0.00
--------|----------------------------------------------------------------------------|-------|-------------|-------|-------|-------|-------|--------|-----------
         Aggregated                                                                      2416     0(0.00%) |     69       4    1132     14 |  112.40        0.00

Type     Name                                                                          # reqs      # fails |    Avg     Min     Max    Med |   req/s  failures/s
--------|----------------------------------------------------------------------------|-------|-------------|-------|-------|-------|-------|--------|-----------
GET      /                                                                                 68     0(0.00%) |     52       8     840     13 |    3.00        0.00
GET      /cart                                                                            357     0(0.00%) |     72       4     819     20 |   14.60        0.00
POST     /cart [add]                                                                      448     0(0.00%) |     84       6    1086     23 |   20.60        0.00
POST     /cart/checkout                                                                   166     0(0.00%) |     66       8     207     15 |    8.00        0.00
GET      /product/[id]                                                                   1358     0(0.00%) |     82       4    1132     17 |   54.00        0.00
POST     /setCurrency                                                                     301     0(0.00%) |     47       9     890     15 |   12.80        0.00
--------|----------------------------------------------------------------------------|-------|-------------|-------|-------|-------|-------|--------|-----------
         Aggregated                                                                      2698     0(0.00%) |     75       4    1132     16 |  113.00        0.00

Type     Name                                                                          # reqs      # fails |    Avg     Min     Max    Med |   req/s  failures/s
--------|----------------------------------------------------------------------------|-------|-------------|-------|-------|-------|-------|--------|-----------
GET      /                                                                                 82     0(0.00%) |     46       8     840     13 |    3.20        0.00
GET      /cart                                                                            382     0(0.00%) |     80       4     819     30 |   17.00        0.00
POST     /cart [add]                                                                      488     0(0.00%) |     95       6    1086     29 |   20.30        0.00
POST     /cart/checkout                                                                   181     0(0.00%) |     80       8     394     42 |    7.80        0.00
GET      /product/[id]                                                                   1492     0(0.00%) |     94       4    1132     26 |   59.20        0.00
POST     /setCurrency                                                                     328     0(0.00%) |     45       9     890     15 |   13.40        0.00
--------|----------------------------------------------------------------------------|-------|-------------|-------|-------|-------|-------|--------|-----------
         Aggregated                                                                      2953     0(0.00%) |     85       4    1132     19 |  120.90        0.00

Type     Name                                                                          # reqs      # fails |    Avg     Min     Max    Med |   req/s  failures/s
--------|----------------------------------------------------------------------------|-------|-------------|-------|-------|-------|-------|--------|-----------
GET      /                                                                                 86     0(0.00%) |     44       8     840     13 |    3.90        0.00
GET      /cart                                                                            417     0(0.00%) |     99       4     819     43 |   17.00        0.00
POST     /cart [add]                                                                      519     0(0.00%) |    111       6    1086     37 |   20.80        0.00
POST     /cart/checkout                                                                   193     0(0.00%) |    100       8     900     67 |    7.70        0.00
GET      /product/[id]                                                                   1618     0(0.00%) |    110       4    1132     42 |   61.70        0.00
POST     /setCurrency                                                                     351     0(0.00%) |     49       9     890     15 |   14.50        0.00
--------|----------------------------------------------------------------------------|-------|-------------|-------|-------|-------|-------|--------|-----------
         Aggregated                                                                      3184     0(0.00%) |     99       4    1132     25 |  125.60        0.00

Type     Name                                                                          # reqs      # fails |    Avg     Min     Max    Med |   req/s  failures/s
--------|----------------------------------------------------------------------------|-------|-------------|-------|-------|-------|-------|--------|-----------
GET      /                                                                                 89     0(0.00%) |     43       8     840     12 |    3.90        0.00
GET      /cart                                                                            450     0(0.00%) |    113       4     819     54 |   17.10        0.00
POST     /cart [add]                                                                      558     0(0.00%) |    122       6    1086     52 |   19.10        0.00
POST     /cart/checkout                                                                   210     0(0.00%) |    115       8     900     86 |    6.80        0.00
GET      /product/[id]                                                                   1718     0(0.00%) |    120       4    1132     53 |   61.40        0.00
POST     /setCurrency                                                                     361     0(0.00%) |     48       9     890     15 |   14.10        0.00
--------|----------------------------------------------------------------------------|-------|-------------|-------|-------|-------|-------|--------|-----------
         Aggregated                                                                      3386     0(0.00%) |    109       4    1132     34 |  122.40        0.00

Type     Name                                                                          # reqs      # fails |    Avg     Min     Max    Med |   req/s  failures/s
--------|----------------------------------------------------------------------------|-------|-------------|-------|-------|-------|-------|--------|-----------
GET      /                                                                                 95     0(0.00%) |     45       8     840     13 |    3.90        0.00
GET      /cart                                                                            465     0(0.00%) |    124       4     819     66 |   17.70        0.00
POST     /cart [add]                                                                      592     0(0.00%) |    152       6    1726     70 |   20.40        0.00
POST     /cart/checkout                                                                   216     0(0.00%) |    128       8    1599     91 |    7.60        0.00
GET      /product/[id]                                                                   1823     0(0.00%) |    155       4    1510     73 |   65.60        0.00
POST     /setCurrency                                                                     382     0(0.00%) |     55       9     902     15 |   12.80        0.00
--------|----------------------------------------------------------------------------|-------|-------------|-------|-------|-------|-------|--------|-----------
         Aggregated                                                                      3573     0(0.00%) |    135       4    1726     42 |  128.00        0.00

Type     Name                                                                          # reqs      # fails |    Avg     Min     Max    Med |   req/s  failures/s
--------|----------------------------------------------------------------------------|-------|-------------|-------|-------|-------|-------|--------|-----------
GET      /                                                                                106     0(0.00%) |     44       8     840     13 |    3.60        0.00
GET      /cart                                                                            510     0(0.00%) |    144       4     819     86 |   15.90        0.00
POST     /cart [add]                                                                      632     0(0.00%) |    163       6    1726     91 |   17.20        0.00
POST     /cart/checkout                                                                   229     0(0.00%) |    140       8    1599     96 |    6.10        0.00
GET      /product/[id]                                                                   1952     0(0.00%) |    166       4    1510     98 |   62.20        0.00
POST     /setCurrency                                                                     404     0(0.00%) |     53       8     902     15 |   11.90        0.00
--------|----------------------------------------------------------------------------|-------|-------------|-------|-------|-------|-------|--------|-----------
         Aggregated                                                                      3833     0(0.00%) |    146       4    1726     54 |  116.90        0.00

Type     Name                                                                          # reqs      # fails |    Avg     Min     Max    Med |   req/s  failures/s
--------|----------------------------------------------------------------------------|-------|-------------|-------|-------|-------|-------|--------|-----------
GET      /                                                                                115     0(0.00%) |     42       8     840     13 |    3.40        0.00
GET      /cart                                                                            538     0(0.00%) |    156       4     819    120 |   15.10        0.00
POST     /cart [add]                                                                      675     0(0.00%) |    177       6    1726    110 |   18.60        0.00
POST     /cart/checkout                                                                   244     0(0.00%) |    157       8    1599    100 |    6.30        0.00
GET      /product/[id]                                                                   2086     0(0.00%) |    180       4    1510    120 |   60.10        0.00
POST     /setCurrency                                                                     432     0(0.00%) |     50       8     902     15 |   11.30        0.00
--------|----------------------------------------------------------------------------|-------|-------------|-------|-------|-------|-------|--------|-----------
         Aggregated                                                                      4090     0(0.00%) |    158       4    1726     72 |  114.80        0.00

Type     Name                                                                          # reqs      # fails |    Avg     Min     Max    Med |   req/s  failures/s
--------|----------------------------------------------------------------------------|-------|-------------|-------|-------|-------|-------|--------|-----------
GET      /                                                                                120     0(0.00%) |     55       8     858     13 |    3.40        0.00
GET      /cart                                                                            564     0(0.00%) |    174       4     819    130 |   15.40        0.00
POST     /cart [add]                                                                      698     0(0.00%) |    192       6    1726    120 |   19.10        0.00
POST     /cart/checkout                                                                   250     0(0.00%) |    176       8    1599    100 |    6.40        0.00
GET      /product/[id]                                                                   2186     0(0.00%) |    203       4    1510    130 |   59.60        0.00
POST     /setCurrency                                                                     446     0(0.00%) |     66       8     909     15 |   10.10        0.00
--------|----------------------------------------------------------------------------|-------|-------------|-------|-------|-------|-------|--------|-----------
         Aggregated                                                                      4264     0(0.00%) |    177       4    1726     88 |  114.00        0.00

Type     Name                                                                          # reqs      # fails |    Avg     Min     Max    Med |   req/s  failures/s
--------|----------------------------------------------------------------------------|-------|-------------|-------|-------|-------|-------|--------|-----------
GET      /                                                                                130     0(0.00%) |     68       8     858     13 |    3.50        0.00
GET      /cart                                                                            606     0(0.00%) |    191       4     819    140 |   15.40        0.00
POST     /cart [add]                                                                      734     0(0.00%) |    207       6    1726    140 |   17.60        0.00
POST     /cart/checkout                                                                   259     0(0.00%) |    190       8    1599    110 |    5.70        0.00
GET      /product/[id]                                                                   2320     0(0.00%) |    217       4    1510    150 |   57.40        0.00
POST     /setCurrency                                                                     470     0(0.00%) |     72       8     909     15 |   10.10        0.00
--------|----------------------------------------------------------------------------|-------|-------------|-------|-------|-------|-------|--------|-----------
         Aggregated                                                                      4519     0(0.00%) |    191       4    1726    110 |  109.70        0.00

Type     Name                                                                          # reqs      # fails |    Avg     Min     Max    Med |   req/s  failures/s
--------|----------------------------------------------------------------------------|-------|-------------|-------|-------|-------|-------|--------|-----------
GET      /                                                                                137     0(0.00%) |     65       8     858     13 |    4.00        0.00
GET      /cart                                                                            633     0(0.00%) |    202       4     819    150 |   14.50        0.00
POST     /cart [add]                                                                      768     0(0.00%) |    218       6    1726    160 |   16.80        0.00
POST     /cart/checkout                                                                   273     0(0.00%) |    204       8    1599    150 |    5.00        0.00
GET      /product/[id]                                                                   2465     0(0.00%) |    232       4    1510    170 |   58.00        0.00
POST     /setCurrency                                                                     508     0(0.00%) |     69       8     909     15 |   10.20        0.00
--------|----------------------------------------------------------------------------|-------|-------------|-------|-------|-------|-------|--------|-----------
         Aggregated                                                                      4784     0(0.00%) |    202       4    1726    120 |  108.50        0.00

Type     Name                                                                          # reqs      # fails |    Avg     Min     Max    Med |   req/s  failures/s
--------|----------------------------------------------------------------------------|-------|-------------|-------|-------|-------|-------|--------|-----------
GET      /                                                                                148     0(0.00%) |     61       8     858     13 |    4.10        0.00
GET      /cart                                                                            666     0(0.00%) |    213       4     819    170 |   16.80        0.00
POST     /cart [add]                                                                      812     0(0.00%) |    229       6    1726    170 |   18.50        0.00
POST     /cart/checkout                                                                   289     0(0.00%) |    218       8    1599    190 |    6.10        0.00
GET      /product/[id]                                                                   2623     0(0.00%) |    244       4    1510    190 |   63.40        0.00
POST     /setCurrency                                                                     547     0(0.00%) |     65       8     909     15 |   12.40        0.00
--------|----------------------------------------------------------------------------|-------|-------------|-------|-------|-------|-------|--------|-----------
         Aggregated                                                                      5085     0(0.00%) |    211       4    1726    140 |  121.30        0.00

Type     Name                                                                          # reqs      # fails |    Avg     Min     Max    Med |   req/s  failures/s
--------|----------------------------------------------------------------------------|-------|-------------|-------|-------|-------|-------|--------|-----------
GET      /                                                                                158     0(0.00%) |     58       8     858     13 |    4.60        0.00
GET      /cart                                                                            700     0(0.00%) |    228       4     819    190 |   15.90        0.00
POST     /cart [add]                                                                      855     0(0.00%) |    244       6    1726    190 |   17.80        0.00
POST     /cart/checkout                                                                   308     0(0.00%) |    237       8    1599    190 |    5.80        0.00
GET      /product/[id]                                                                   2759     0(0.00%) |    257       4    1510    210 |   66.10        0.00
POST     /setCurrency                                                                     568     0(0.00%) |     63       8     909     15 |   13.70        0.00
--------|----------------------------------------------------------------------------|-------|-------------|-------|-------|-------|-------|--------|-----------
         Aggregated                                                                      5348     0(0.00%) |    224       4    1726    150 |  123.90        0.00

Type     Name                                                                          # reqs      # fails |    Avg     Min     Max    Med |   req/s  failures/s
--------|----------------------------------------------------------------------------|-------|-------------|-------|-------|-------|-------|--------|-----------
GET      /                                                                                169     0(0.00%) |     55       8     858     13 |    4.20        0.00
GET      /cart                                                                            731     0(0.00%) |    241       4     819    210 |   16.00        0.00
POST     /cart [add]                                                                      900     0(0.00%) |    260       6    1726    220 |   17.10        0.00
POST     /cart/checkout                                                                   325     0(0.00%) |    255       8    1599    200 |    6.20        0.00
GET      /product/[id]                                                                   2898     0(0.00%) |    272       4    1510    230 |   67.20        0.00
POST     /setCurrency                                                                     594     0(0.00%) |     61       8     909     15 |   13.80        0.00
--------|----------------------------------------------------------------------------|-------|-------------|-------|-------|-------|-------|--------|-----------
         Aggregated                                                                      5617     0(0.00%) |    236       4    1726    170 |  124.50        0.00

Type     Name                                                                          # reqs      # fails |    Avg     Min     Max    Med |   req/s  failures/s
--------|----------------------------------------------------------------------------|-------|-------------|-------|-------|-------|-------|--------|-----------
GET      /                                                                                182     0(0.00%) |     54       8     858     13 |    4.40        0.00
GET      /cart                                                                            772     0(0.00%) |    256       4     819    220 |   16.70        0.00
POST     /cart [add]                                                                      941     0(0.00%) |    272       6    1726    240 |   19.90        0.00
POST     /cart/checkout                                                                   342     0(0.00%) |    268       8    1599    200 |    7.40        0.00
GET      /product/[id]                                                                   3044     0(0.00%) |    283       4    1510    260 |   70.00        0.00
POST     /setCurrency                                                                     618     0(0.00%) |     59       8     909     15 |   13.80        0.00
--------|----------------------------------------------------------------------------|-------|-------------|-------|-------|-------|-------|--------|-----------
         Aggregated                                                                      5899     0(0.00%) |    246       4    1726    190 |  132.20        0.00

Type     Name                                                                          # reqs      # fails |    Avg     Min     Max    Med |   req/s  failures/s
--------|----------------------------------------------------------------------------|-------|-------------|-------|-------|-------|-------|--------|-----------
GET      /                                                                                191     0(0.00%) |     55       8     858     13 |    5.10        0.00
GET      /cart                                                                            799     0(0.00%) |    266       4     819    260 |   16.70        0.00
POST     /cart [add]                                                                      990     0(0.00%) |    287       6    1726    270 |   20.90        0.00
POST     /cart/checkout                                                                   367     0(0.00%) |    290       8    1599    270 |    7.80        0.00
GET      /product/[id]                                                                   3189     0(0.00%) |    297       4    1510    280 |   71.80        0.00
POST     /setCurrency                                                                     640     0(0.00%) |     59       8     909     15 |   14.70        0.00
--------|----------------------------------------------------------------------------|-------|-------------|-------|-------|-------|-------|--------|-----------
         Aggregated                                                                      6176     0(0.00%) |    259       4    1726    200 |  137.00        0.00

Type     Name                                                                          # reqs      # fails |    Avg     Min     Max    Med |   req/s  failures/s
--------|----------------------------------------------------------------------------|-------|-------------|-------|-------|-------|-------|--------|-----------
GET      /                                                                                208     0(0.00%) |     61       8     858     13 |    5.30        0.00
GET      /cart                                                                            834     0(0.00%) |    276       4     819    280 |   15.80        0.00
POST     /cart [add]                                                                     1030     0(0.00%) |    300       6    1726    290 |   22.20        0.00
POST     /cart/checkout                                                                   381     0(0.00%) |    302       8    1599    290 |    8.70        0.00
GET      /product/[id]                                                                   3340     0(0.00%) |    308       4    1510    310 |   71.80        0.00
POST     /setCurrency                                                                     678     0(0.00%) |     59       8     909     15 |   13.70        0.00
--------|----------------------------------------------------------------------------|-------|-------------|-------|-------|-------|-------|--------|-----------
         Aggregated                                                                      6471     0(0.00%) |    269       4    1726    220 |  137.50        0.00

Type     Name                                                                          # reqs      # fails |    Avg     Min     Max    Med |   req/s  failures/s
--------|----------------------------------------------------------------------------|-------|-------------|-------|-------|-------|-------|--------|-----------
GET      /                                                                                219     0(0.00%) |     59       8     858     13 |    5.60        0.00
GET      /cart                                                                            861     0(0.00%) |    286       4     819    300 |   16.20        0.00
POST     /cart [add]                                                                     1073     0(0.00%) |    312       6    1726    310 |   21.70        0.00
POST     /cart/checkout                                                                   396     0(0.00%) |    314       8    1599    290 |    9.10        0.00
GET      /product/[id]                                                                   3477     0(0.00%) |    320       4    1510    330 |   71.60        0.00
POST     /setCurrency                                                                     713     0(0.00%) |     57       8     909     15 |   13.30        0.00
--------|----------------------------------------------------------------------------|-------|-------------|-------|-------|-------|-------|--------|-----------
         Aggregated                                                                      6739     0(0.00%) |    278       4    1726    240 |  137.50        0.00

Type     Name                                                                          # reqs      # fails |    Avg     Min     Max    Med |   req/s  failures/s
--------|----------------------------------------------------------------------------|-------|-------------|-------|-------|-------|-------|--------|-----------
GET      /                                                                                231     0(0.00%) |     57       8     858     13 |    6.10        0.00
GET      /cart                                                                            890     0(0.00%) |    303       4     953    320 |   16.70        0.00
POST     /cart [add]                                                                     1115     0(0.00%) |    331       6    1726    320 |   22.20        0.00
POST     /cart/checkout                                                                   415     0(0.00%) |    338       8    1599    300 |    8.80        0.00
GET      /product/[id]                                                                   3615     0(0.00%) |    339       4    1510    340 |   72.50        0.00
POST     /setCurrency                                                                     736     0(0.00%) |     56       8     909     15 |   14.30        0.00
--------|----------------------------------------------------------------------------|-------|-------------|-------|-------|-------|-------|--------|-----------
         Aggregated                                                                      7002     0(0.00%) |    294       4    1726    260 |  140.60        0.00

Type     Name                                                                          # reqs      # fails |    Avg     Min     Max    Med |   req/s  failures/s
--------|----------------------------------------------------------------------------|-------|-------------|-------|-------|-------|-------|--------|-----------
GET      /                                                                                246     0(0.00%) |     54       7     858     13 |    6.30        0.00
GET      /cart                                                                            921     0(0.00%) |    317       4     953    330 |   15.60        0.00
POST     /cart [add]                                                                     1157     0(0.00%) |    344       6    1726    330 |   21.20        0.00
POST     /cart/checkout                                                                   432     0(0.00%) |    352       8    1599    310 |    8.90        0.00
GET      /product/[id]                                                                   3765     0(0.00%) |    353       4    1510    360 |   71.80        0.00
POST     /setCurrency                                                                     777     0(0.00%) |     54       8     909     15 |   14.20        0.00
--------|----------------------------------------------------------------------------|-------|-------------|-------|-------|-------|-------|--------|-----------
         Aggregated                                                                      7298     0(0.00%) |    305       4    1726    280 |  138.00        0.00

Type     Name                                                                          # reqs      # fails |    Avg     Min     Max    Med |   req/s  failures/s
--------|----------------------------------------------------------------------------|-------|-------------|-------|-------|-------|-------|--------|-----------
GET      /                                                                                259     0(0.00%) |     52       7     858     13 |    6.10        0.00
GET      /cart                                                                            953     0(0.00%) |    330       4     953    340 |   15.10        0.00
POST     /cart [add]                                                                     1200     0(0.00%) |    357       6    1726    350 |   21.40        0.00
POST     /cart/checkout                                                                   452     0(0.00%) |    368       8    1599    390 |    9.30        0.00
GET      /product/[id]                                                                   3907     0(0.00%) |    366       4    1510    380 |   71.60        0.00
POST     /setCurrency                                                                     810     0(0.00%) |     53       8     909     15 |   15.20        0.00
--------|----------------------------------------------------------------------------|-------|-------------|-------|-------|-------|-------|--------|-----------
         Aggregated                                                                      7581     0(0.00%) |    316       4    1726    290 |  138.70        0.00

Type     Name                                                                          # reqs      # fails |    Avg     Min     Max    Med |   req/s  failures/s
--------|----------------------------------------------------------------------------|-------|-------------|-------|-------|-------|-------|--------|-----------
GET      /                                                                                269     0(0.00%) |     51       7     858     13 |    6.90        0.00
GET      /cart                                                                            994     0(0.00%) |    349       4     953    360 |   15.60        0.00
POST     /cart [add]                                                                     1239     0(0.00%) |    371       6    1726    360 |   21.00        0.00
POST     /cart/checkout                                                                   462     0(0.00%) |    377       8    1599    390 |    8.60        0.00
GET      /product/[id]                                                                   4059     0(0.00%) |    381       4    1510    400 |   72.50        0.00
POST     /setCurrency                                                                     846     0(0.00%) |     52       8     909     15 |   16.00        0.00
--------|----------------------------------------------------------------------------|-------|-------------|-------|-------|-------|-------|--------|-----------
         Aggregated                                                                      7869     0(0.00%) |    328       4    1726    310 |  140.60        0.00

Type     Name                                                                          # reqs      # fails |    Avg     Min     Max    Med |   req/s  failures/s
--------|----------------------------------------------------------------------------|-------|-------------|-------|-------|-------|-------|--------|-----------
GET      /                                                                                283     0(0.00%) |     60       7     858     13 |    6.10        0.00
GET      /cart                                                                           1026     0(0.00%) |    360       4    1295    370 |   15.90        0.00
POST     /cart [add]                                                                     1280     0(0.00%) |    386       6    1726    380 |   20.90        0.00
POST     /cart/checkout                                                                   480     0(0.00%) |    397       8    1599    400 |    8.40        0.00
GET      /product/[id]                                                                   4189     0(0.00%) |    394       4    1510    410 |   71.10        0.00
POST     /setCurrency                                                                     880     0(0.00%) |     53       8     909     15 |   16.60        0.00
--------|----------------------------------------------------------------------------|-------|-------------|-------|-------|-------|-------|--------|-----------
         Aggregated                                                                      8138     0(0.00%) |    340       4    1726    320 |  139.00        0.00

Type     Name                                                                          # reqs      # fails |    Avg     Min     Max    Med |   req/s  failures/s
--------|----------------------------------------------------------------------------|-------|-------------|-------|-------|-------|-------|--------|-----------
GET      /                                                                                290     0(0.00%) |     62       7     858     13 |    6.60        0.00
GET      /cart                                                                           1065     0(0.00%) |    374       4    1295    390 |   15.80        0.00
POST     /cart [add]                                                                     1312     0(0.00%) |    400       6    1726    400 |   20.20        0.00
POST     /cart/checkout                                                                   497     0(0.00%) |    418       8    1605    410 |    7.90        0.00
GET      /product/[id]                                                                   4337     0(0.00%) |    408       4    1510    430 |   70.30        0.00
POST     /setCurrency                                                                     905     0(0.00%) |     57       8     916     15 |   16.00        0.00
--------|----------------------------------------------------------------------------|-------|-------------|-------|-------|-------|-------|--------|-----------
         Aggregated                                                                      8406     0(0.00%) |    354       4    1726    340 |  136.80        0.00

Type     Name                                                                          # reqs      # fails |    Avg     Min     Max    Med |   req/s  failures/s
--------|----------------------------------------------------------------------------|-------|-------------|-------|-------|-------|-------|--------|-----------
GET      /                                                                                299     0(0.00%) |     61       7     858     13 |    6.00        0.00
GET      /cart                                                                           1097     0(0.00%) |    388       4    1295    400 |   17.10        0.00
POST     /cart [add]                                                                     1359     0(0.00%) |    419       6    1805    420 |   20.30        0.00
POST     /cart/checkout                                                                   513     0(0.00%) |    432       8    1605    430 |    8.20        0.00
GET      /product/[id]                                                                   4476     0(0.00%) |    422       4    1510    440 |   71.30        0.00
POST     /setCurrency                                                                     928     0(0.00%) |     56       8     916     15 |   16.10        0.00
--------|----------------------------------------------------------------------------|-------|-------------|-------|-------|-------|-------|--------|-----------
         Aggregated                                                                      8672     0(0.00%) |    366       4    1805    350 |  139.00        0.00

Type     Name                                                                          # reqs      # fails |    Avg     Min     Max    Med |   req/s  failures/s
--------|----------------------------------------------------------------------------|-------|-------------|-------|-------|-------|-------|--------|-----------
GET      /                                                                                305     0(0.00%) |     60       7     858     13 |    5.50        0.00
GET      /cart                                                                           1128     0(0.00%) |    403       4    1295    410 |   17.20        0.00
POST     /cart [add]                                                                     1409     0(0.00%) |    437       6    1805    440 |   21.10        0.00
POST     /cart/checkout                                                                   521     0(0.00%) |    440       8    1605    480 |    8.10        0.00
GET      /product/[id]                                                                   4617     0(0.00%) |    437       4    1510    460 |   71.50        0.00
POST     /setCurrency                                                                     962     0(0.00%) |     55       8     916     15 |   15.50        0.00
--------|----------------------------------------------------------------------------|-------|-------------|-------|-------|-------|-------|--------|-----------
         Aggregated                                                                      8942     0(0.00%) |    379       4    1805    370 |  138.90        0.00

Type     Name                                                                          # reqs      # fails |    Avg     Min     Max    Med |   req/s  failures/s
--------|----------------------------------------------------------------------------|-------|-------------|-------|-------|-------|-------|--------|-----------
GET      /                                                                                321     0(0.00%) |     58       7     858     13 |    4.70        0.00
GET      /cart                                                                           1152     0(0.00%) |    415       4    1295    420 |   17.70        0.00
POST     /cart [add]                                                                     1452     0(0.00%) |    453       6    1805    460 |   20.70        0.00
POST     /cart/checkout                                                                   533     0(0.00%) |    452       8    1605    490 |    7.40        0.00
GET      /product/[id]                                                                   4774     0(0.00%) |    455       4    1510    470 |   70.40        0.00
POST     /setCurrency                                                                     990     0(0.00%) |     54       8     916     15 |   15.20        0.00
--------|----------------------------------------------------------------------------|-------|-------------|-------|-------|-------|-------|--------|-----------
         Aggregated                                                                      9222     0(0.00%) |    393       4    1805    380 |  136.10        0.00

Type     Name                                                                          # reqs      # fails |    Avg     Min     Max    Med |   req/s  failures/s
--------|----------------------------------------------------------------------------|-------|-------------|-------|-------|-------|-------|--------|-----------
GET      /                                                                                328     0(0.00%) |     57       7     858     13 |    5.50        0.00
GET      /cart                                                                           1179     0(0.00%) |    428       4    1295    430 |   16.60        0.00
POST     /cart [add]                                                                     1496     0(0.00%) |    469       6    1805    480 |   21.00        0.00
POST     /cart/checkout                                                                   549     0(0.00%) |    468       8    1605    500 |    7.10        0.00
GET      /product/[id]                                                                   4920     0(0.00%) |    471       4    1510    490 |   71.70        0.00
POST     /setCurrency                                                                    1025     0(0.00%) |     53       8     916     15 |   14.90        0.00
--------|----------------------------------------------------------------------------|-------|-------------|-------|-------|-------|-------|--------|-----------
         Aggregated                                                                      9497     0(0.00%) |    406       4    1805    400 |  136.80        0.00

Type     Name                                                                          # reqs      # fails |    Avg     Min     Max    Med |   req/s  failures/s
--------|----------------------------------------------------------------------------|-------|-------------|-------|-------|-------|-------|--------|-----------
GET      /                                                                                335     0(0.00%) |     57       7     858     13 |    4.50        0.00
GET      /cart                                                                           1212     0(0.00%) |    444       4    1295    450 |   15.30        0.00
POST     /cart [add]                                                                     1539     0(0.00%) |    484       6    1805    490 |   22.10        0.00
POST     /cart/checkout                                                                   559     0(0.00%) |    478       8    1605    500 |    7.40        0.00
GET      /product/[id]                                                                   5072     0(0.00%) |    486       4    1510    500 |   72.20        0.00
POST     /setCurrency                                                                    1055     0(0.00%) |     52       8     916     15 |   14.50        0.00
--------|----------------------------------------------------------------------------|-------|-------------|-------|-------|-------|-------|--------|-----------
         Aggregated                                                                      9772     0(0.00%) |    418       4    1805    410 |  136.00        0.00

Type     Name                                                                          # reqs      # fails |    Avg     Min     Max    Med |   req/s  failures/s
--------|----------------------------------------------------------------------------|-------|-------------|-------|-------|-------|-------|--------|-----------
GET      /                                                                                342     0(0.00%) |     56       7     858     13 |    4.50        0.00
GET      /cart                                                                           1256     0(0.00%) |    461       4    1295    470 |   14.30        0.00
POST     /cart [add]                                                                     1580     0(0.00%) |    497       6    1805    510 |   22.00        0.00
POST     /cart/checkout                                                                   579     0(0.00%) |    495       8    1605    500 |    6.60        0.00
GET      /product/[id]                                                                   5212     0(0.00%) |    498       4    1510    510 |   74.90        0.00
POST     /setCurrency                                                                    1089     0(0.00%) |     51       8     916     15 |   15.70        0.00
--------|----------------------------------------------------------------------------|-------|-------------|-------|-------|-------|-------|--------|-----------
         Aggregated                                                                     10058     0(0.00%) |    430       4    1805    420 |  138.00        0.00

Type     Name                                                                          # reqs      # fails |    Avg     Min     Max    Med |   req/s  failures/s
--------|----------------------------------------------------------------------------|-------|-------------|-------|-------|-------|-------|--------|-----------
GET      /                                                                                350     0(0.00%) |     55       7     858     13 |    4.60        0.00
GET      /cart                                                                           1288     0(0.00%) |    479       4    1322    480 |   16.10        0.00
POST     /cart [add]                                                                     1622     0(0.00%) |    515       6    1805    520 |   21.00        0.00
POST     /cart/checkout                                                                   593     0(0.00%) |    511       8    1605    510 |    6.30        0.00
GET      /product/[id]                                                                   5342     0(0.00%) |    515       4    1510    520 |   74.20        0.00
POST     /setCurrency                                                                    1124     0(0.00%) |     50       8     916     15 |   16.10        0.00
--------|----------------------------------------------------------------------------|-------|-------------|-------|-------|-------|-------|--------|-----------
         Aggregated                                                                     10319     0(0.00%) |    444       4    1805    430 |  138.30        0.00

Type     Name                                                                          # reqs      # fails |    Avg     Min     Max    Med |   req/s  failures/s
--------|----------------------------------------------------------------------------|-------|-------------|-------|-------|-------|-------|--------|-----------
GET      /                                                                                359     0(0.00%) |     54       6     858     13 |    4.40        0.00
GET      /cart                                                                           1318     0(0.00%) |    493       4    1322    490 |   15.60        0.00
POST     /cart [add]                                                                     1672     0(0.00%) |    532       6    1805    540 |   21.00        0.00
POST     /cart/checkout                                                                   613     0(0.00%) |    531       8    1605    520 |    6.90        0.00
GET      /product/[id]                                                                   5488     0(0.00%) |    530       4    1510    540 |   73.00        0.00
POST     /setCurrency                                                                    1161     0(0.00%) |     49       8     916     15 |   16.20        0.00
--------|----------------------------------------------------------------------------|-------|-------------|-------|-------|-------|-------|--------|-----------
         Aggregated                                                                     10611     0(0.00%) |    457       4    1805    450 |  137.10        0.00

Type     Name                                                                          # reqs      # fails |    Avg     Min     Max    Med |   req/s  failures/s
--------|----------------------------------------------------------------------------|-------|-------------|-------|-------|-------|-------|--------|-----------
GET      /                                                                                366     0(0.00%) |     53       6     858     13 |    3.60        0.00
GET      /cart                                                                           1352     0(0.00%) |    508       4    1322    500 |   16.00        0.00
POST     /cart [add]                                                                     1711     0(0.00%) |    544       6    1805    550 |   22.50        0.00
POST     /cart/checkout                                                                   627     0(0.00%) |    543       8    1605    540 |    7.70        0.00
GET      /product/[id]                                                                   5644     0(0.00%) |    545       4    1510    550 |   71.20        0.00
POST     /setCurrency                                                                    1190     0(0.00%) |     48       8     916     15 |   16.40        0.00
--------|----------------------------------------------------------------------------|-------|-------------|-------|-------|-------|-------|--------|-----------
         Aggregated                                                                     10890     0(0.00%) |    469       4    1805    460 |  137.40        0.00

Type     Name                                                                          # reqs      # fails |    Avg     Min     Max    Med |   req/s  failures/s
--------|----------------------------------------------------------------------------|-------|-------------|-------|-------|-------|-------|--------|-----------
GET      /                                                                                380     0(0.00%) |     55       6     858     13 |    3.60        0.00
GET      /cart                                                                           1383     0(0.00%) |    521       4    1345    520 |   17.10        0.00
POST     /cart [add]                                                                     1757     0(0.00%) |    560       6    1805    560 |   21.50        0.00
POST     /cart/checkout                                                                   641     0(0.00%) |    557       8    1698    570 |    7.80        0.00
GET      /product/[id]                                                                   5792     0(0.00%) |    559       4    1651    560 |   71.90        0.00
POST     /setCurrency                                                                    1224     0(0.00%) |     49       8     916     15 |   17.80        0.00
--------|----------------------------------------------------------------------------|-------|-------------|-------|-------|-------|-------|--------|-----------
         Aggregated                                                                     11177     0(0.00%) |    482       4    1805    470 |  139.70        0.00

Type     Name                                                                          # reqs      # fails |    Avg     Min     Max    Med |   req/s  failures/s
--------|----------------------------------------------------------------------------|-------|-------------|-------|-------|-------|-------|--------|-----------
GET      /                                                                                395     0(0.00%) |     53       6     858     13 |    4.60        0.00
GET      /cart                                                                           1418     0(0.00%) |    537       4    1345    520 |   18.00        0.00
POST     /cart [add]                                                                     1803     0(0.00%) |    575       6    1805    570 |   22.20        0.00
POST     /cart/checkout                                                                   660     0(0.00%) |    574       8    1698    580 |    8.00        0.00
GET      /product/[id]                                                                   5936     0(0.00%) |    574       4    1651    570 |   71.20        0.00
POST     /setCurrency                                                                    1249     0(0.00%) |     49       8     916     15 |   17.00        0.00
--------|----------------------------------------------------------------------------|-------|-------------|-------|-------|-------|-------|--------|-----------
         Aggregated                                                                     11461     0(0.00%) |    494       4    1805    490 |  141.00        0.00

Type     Name                                                                          # reqs      # fails |    Avg     Min     Max    Med |   req/s  failures/s
--------|----------------------------------------------------------------------------|-------|-------------|-------|-------|-------|-------|--------|-----------
GET      /                                                                                405     0(0.00%) |     52       6     858     13 |    4.40        0.00
GET      /cart                                                                           1448     0(0.00%) |    552       4    1414    530 |   16.20        0.00
POST     /cart [add]                                                                     1835     0(0.00%) |    588       6    1805    580 |   22.90        0.00
POST     /cart/checkout                                                                   672     0(0.00%) |    587       8    1698    590 |    7.60        0.00
GET      /product/[id]                                                                   6083     0(0.00%) |    591       4    1651    580 |   71.30        0.00
POST     /setCurrency                                                                    1277     0(0.00%) |     48       8     916     15 |   16.30        0.00
--------|----------------------------------------------------------------------------|-------|-------------|-------|-------|-------|-------|--------|-----------
         Aggregated                                                                     11720     0(0.00%) |    508       4    1805    500 |  138.70        0.00

Type     Name                                                                          # reqs      # fails |    Avg     Min     Max    Med |   req/s  failures/s
--------|----------------------------------------------------------------------------|-------|-------------|-------|-------|-------|-------|--------|-----------
GET      /                                                                                416     0(0.00%) |     57       6    1044     13 |    5.20        0.00
GET      /cart                                                                           1479     0(0.00%) |    566       4    1563    540 |   16.70        0.00
POST     /cart [add]                                                                     1878     0(0.00%) |    604       6    1805    590 |   21.60        0.00
POST     /cart/checkout                                                                   686     0(0.00%) |    602       8    1698    590 |    8.00        0.00
GET      /product/[id]                                                                   6242     0(0.00%) |    608       4    1651    600 |   73.40        0.00
POST     /setCurrency                                                                    1301     0(0.00%) |     56       8    1211     15 |   16.00        0.00
--------|----------------------------------------------------------------------------|-------|-------------|-------|-------|-------|-------|--------|-----------
         Aggregated                                                                     12002     0(0.00%) |    523       4    1805    510 |  140.90        0.00

Type     Name                                                                          # reqs      # fails |    Avg     Min     Max    Med |   req/s  failures/s
--------|----------------------------------------------------------------------------|-------|-------------|-------|-------|-------|-------|--------|-----------
GET      /                                                                                424     0(0.00%) |     56       6    1044     13 |    5.60        0.00
GET      /cart                                                                           1522     0(0.00%) |    572       4    1689    550 |   16.20        0.00
POST     /cart [add]                                                                     1958     0(0.00%) |    613       6    1805    600 |   20.10        0.00
POST     /cart/checkout                                                                   725     0(0.00%) |    602       8    1698    590 |    7.70        0.00
GET      /product/[id]                                                                   6490     0(0.00%) |    616       4    1729    600 |   74.90        0.00
POST     /setCurrency                                                                    1342     0(0.00%) |     55       8    1211     15 |   13.30        0.00
--------|----------------------------------------------------------------------------|-------|-------------|-------|-------|-------|-------|--------|-----------
         Aggregated                                                                     12461     0(0.00%) |    530       4    1805    510 |  137.80        0.00

Type     Name                                                                          # reqs      # fails |    Avg     Min     Max    Med |   req/s  failures/s
--------|----------------------------------------------------------------------------|-------|-------------|-------|-------|-------|-------|--------|-----------
GET      /                                                                                446     0(0.00%) |     76       6    1044     13 |    6.10        0.00
GET      /cart                                                                           1637     0(0.00%) |    545       4    1689    520 |   15.40        0.00
POST     /cart [add]                                                                     2097     0(0.00%) |    588       6    1805    560 |   21.60        0.00
POST     /cart/checkout                                                                   776     0(0.00%) |    573       8    1698    570 |    7.50        0.00
GET      /product/[id]                                                                   6963     0(0.00%) |    584       4    1729    560 |   75.60        0.00
POST     /setCurrency                                                                    1419     0(0.00%) |     76       8    1211     15 |   14.80        0.00
--------|----------------------------------------------------------------------------|-------|-------------|-------|-------|-------|-------|--------|-----------
         Aggregated                                                                     13338     0(0.00%) |    508       4    1805    470 |  141.00        0.00

Type     Name                                                                          # reqs      # fails |    Avg     Min     Max    Med |   req/s  failures/s
--------|----------------------------------------------------------------------------|-------|-------------|-------|-------|-------|-------|--------|-----------
GET      /                                                                                469     0(0.00%) |     95       6    1044     13 |    6.30        0.00
GET      /cart                                                                           1761     0(0.00%) |    517       4    1689    470 |   21.70        0.00
POST     /cart [add]                                                                     2268     0(0.00%) |    557       6    1805    520 |   29.80        0.00
POST     /cart/checkout                                                                   820     0(0.00%) |    548       8    1698    510 |   11.60        0.00
GET      /product/[id]                                                                   7415     0(0.00%) |    556       3    1729    530 |  103.10        0.00
POST     /setCurrency                                                                    1513     0(0.00%) |     92       8    1211     16 |   18.10        0.00
--------|----------------------------------------------------------------------------|-------|-------------|-------|-------|-------|-------|--------|-----------
         Aggregated                                                                     14246     0(0.00%) |    487       3    1805    420 |  190.60        0.00

Type     Name                                                                          # reqs      # fails |    Avg     Min     Max    Med |   req/s  failures/s
--------|----------------------------------------------------------------------------|-------|-------------|-------|-------|-------|-------|--------|-----------
GET      /                                                                                497     0(0.00%) |    107       6    1044     13 |    7.60        0.00
GET      /cart                                                                           1869     0(0.00%) |    495       4    1689    430 |   32.40        0.00
POST     /cart [add]                                                                     2396     0(0.00%) |    538       6    1805    480 |   42.00        0.00
POST     /cart/checkout                                                                   883     0(0.00%) |    519       8    1698    490 |   16.30        0.00
GET      /product/[id]                                                                   7918     0(0.00%) |    527       3    1729    490 |  135.90        0.00
POST     /setCurrency                                                                    1603     0(0.00%) |    106       8    1211     16 |   24.20        0.00
--------|----------------------------------------------------------------------------|-------|-------------|-------|-------|-------|-------|--------|-----------
         Aggregated                                                                     15166     0(0.00%) |    466       3    1805    380 |  258.40        0.00

Type     Name                                                                          # reqs      # fails |    Avg     Min     Max    Med |   req/s  failures/s
--------|----------------------------------------------------------------------------|-------|-------------|-------|-------|-------|-------|--------|-----------
GET      /                                                                                533     0(0.00%) |    125       6    1044     14 |    8.50        0.00
GET      /cart                                                                           2003     0(0.00%) |    470       4    1689    390 |   39.30        0.00
POST     /cart [add]                                                                     2594     0(0.00%) |    511       6    1805    420 |   53.20        0.00
POST     /cart/checkout                                                                   945     0(0.00%) |    492       7    1698    400 |   19.80        0.00
GET      /product/[id]                                                                   8458     0(0.00%) |    501       3    1729    430 |  173.60        0.00
POST     /setCurrency                                                                    1700     0(0.00%) |    122       8    1211     17 |   30.60        0.00
--------|----------------------------------------------------------------------------|-------|-------------|-------|-------|-------|-------|--------|-----------
         Aggregated                                                                     16233     0(0.00%) |    446       3    1805    330 |  325.00        0.00

Type     Name                                                                          # reqs      # fails |    Avg     Min     Max    Med |   req/s  failures/s
--------|----------------------------------------------------------------------------|-------|-------------|-------|-------|-------|-------|--------|-----------
GET      /                                                                                561     0(0.00%) |    136       6    1044     15 |   10.60        0.00
GET      /cart                                                                           2076     0(0.00%) |    463       4    1689    380 |   48.50        0.00
POST     /cart [add]                                                                     2707     0(0.00%) |    502       6    1805    400 |   67.00        0.00
POST     /cart/checkout                                                                   988     0(0.00%) |    480       7    1698    390 |   23.90        0.00
GET      /product/[id]                                                                   8781     0(0.00%) |    489       3    1729    410 |  206.80        0.00
POST     /setCurrency                                                                    1796     0(0.00%) |    134       8    1211     18 |   38.60        0.00
--------|----------------------------------------------------------------------------|-------|-------------|-------|-------|-------|-------|--------|-----------
         Aggregated                                                                     16909     0(0.00%) |    438       3    1805    310 |  395.40        0.00

Type     Name                                                                          # reqs      # fails |    Avg     Min     Max    Med |   req/s  failures/s
--------|----------------------------------------------------------------------------|-------|-------------|-------|-------|-------|-------|--------|-----------
GET      /                                                                                572     0(0.00%) |    134       6    1044     15 |   12.70        0.00
GET      /cart                                                                           2105     0(0.00%) |    475       4    1689    390 |   56.30        0.00
POST     /cart [add]                                                                     2746     0(0.00%) |    513       6    1805    410 |   76.90        0.00
POST     /cart/checkout                                                                   997     0(0.00%) |    488       7    1698    390 |   28.40        0.00
GET      /product/[id]                                                                   8926     0(0.00%) |    503       3    1729    420 |  239.40        0.00
POST     /setCurrency                                                                    1830     0(0.00%) |    132       8    1211     18 |   41.80        0.00
--------|----------------------------------------------------------------------------|-------|-------------|-------|-------|-------|-------|--------|-----------
         Aggregated                                                                     17176     0(0.00%) |    448       3    1805    320 |  455.50        0.00

Type     Name                                                                          # reqs      # fails |    Avg     Min     Max    Med |   req/s  failures/s
--------|----------------------------------------------------------------------------|-------|-------------|-------|-------|-------|-------|--------|-----------
GET      /                                                                                577     0(0.00%) |    132       6    1044     15 |   13.00        0.00
GET      /cart                                                                           2132     0(0.00%) |    489       4    1689    390 |   50.00        0.00
POST     /cart [add]                                                                     2788     0(0.00%) |    529       6    1805    430 |   69.40        0.00
POST     /cart/checkout                                                                  1012     0(0.00%) |    505       7    1794    400 |   23.90        0.00
GET      /product/[id]                                                                   9077     0(0.00%) |    521       3    1729    440 |  210.20        0.00
POST     /setCurrency                                                                    1862     0(0.00%) |    130       8    1211     18 |   42.40        0.00
--------|----------------------------------------------------------------------------|-------|-------------|-------|-------|-------|-------|--------|-----------
         Aggregated                                                                     17448     0(0.00%) |    463       3    1805    330 |  408.90        0.00

Type     Name                                                                          # reqs      # fails |    Avg     Min     Max    Med |   req/s  failures/s
--------|----------------------------------------------------------------------------|-------|-------------|-------|-------|-------|-------|--------|-----------
GET      /                                                                                584     0(0.00%) |    131       6    1044     15 |   11.40        0.00
GET      /cart                                                                           2165     0(0.00%) |    504       4    1689    400 |   39.30        0.00
POST     /cart [add]                                                                     2835     0(0.00%) |    546       6    1830    440 |   55.50        0.00
POST     /cart/checkout                                                                  1024     0(0.00%) |    517       7    1797    400 |   19.50        0.00
GET      /product/[id]                                                                   9224     0(0.00%) |    538       3    2095    450 |  177.60        0.00
POST     /setCurrency                                                                    1884     0(0.00%) |    129       8    1211     18 |   37.00        0.00
--------|----------------------------------------------------------------------------|-------|-------------|-------|-------|-------|-------|--------|-----------
         Aggregated                                                                     17716     0(0.00%) |    477       3    2095    340 |  340.30        0.00

Type     Name                                                                          # reqs      # fails |    Avg     Min     Max    Med |   req/s  failures/s
--------|----------------------------------------------------------------------------|-------|-------------|-------|-------|-------|-------|--------|-----------
GET      /                                                                                592     0(0.00%) |    130       6    1044     15 |    4.94        0.00
GET      /cart                                                                           2202     0(0.00%) |    524       4    1883    410 |   18.36        0.00
POST     /cart [add]                                                                     2862     0(0.00%) |    557       6    1830    450 |   23.87        0.00
POST     /cart/checkout                                                                  1039     0(0.00%) |    534       7    1803    400 |    8.67        0.00
GET      /product/[id]                                                                   9345     0(0.00%) |    552       3    2095    460 |   77.94        0.00
POST     /setCurrency                                                                    1905     0(0.00%) |    128       8    1211     17 |   15.89        0.00
--------|----------------------------------------------------------------------------|-------|-------------|-------|-------|-------|-------|--------|-----------
         Aggregated                                                                     17945     0(0.00%) |    490       3    2095    350 |  149.66        0.00

Response time percentiles (approximated)
Type     Name                                                                                  50%    66%    75%    80%    90%    95%    98%    99%  99.9% 99.99%   100% # reqs
--------|--------------------------------------------------------------------------------|--------|------|------|------|------|------|------|------|------|------|------|------
GET      /                                                                                      15     45    180    270    490    610    700    780   1000   1000   1000    592
GET      /cart                                                                                 410    680    860    970   1200   1400   1600   1700   1800   1900   1900   2202
POST     /cart [add]                                                                           450    720    920   1000   1200   1500   1600   1700   1800   1800   1800   2862
POST     /cart/checkout                                                                        400    700    900    990   1200   1500   1700   1700   1800   1800   1800   1039
GET      /product/[id]                                                                         460    760    930   1000   1200   1500   1600   1700   1800   2100   2100   9345
POST     /setCurrency                                                                           17     45    180    270    470    600    720    790   1100   1200   1200   1905
--------|--------------------------------------------------------------------------------|--------|------|------|------|------|------|------|------|------|------|------|------
         Aggregated                                                                            350    620    830    950   1200   1400   1600   1700   1800   2100   2100  17945

