/Users/edias/Library/Python/3.9/lib/python/site-packages/urllib3/__init__.py:35: NotOpenSSLWarning: urllib3 v2 only supports OpenSSL 1.1.1+, currently the 'ssl' module is compiled with 'LibreSSL 2.8.3'. See: https://github.com/urllib3/urllib3/issues/3020
  warnings.warn(
[2026-05-21 09:49:16,599] MacBook-Air-de-Eduardo/WARNING/locust.main: Python 3.9 support is deprecated and will be removed soon
Type     Name                                                                          # reqs      # fails |    Avg     Min     Max    Med |   req/s  failures/s
--------|----------------------------------------------------------------------------|-------|-------------|-------|-------|-------|-------|--------|-----------
--------|----------------------------------------------------------------------------|-------|-------------|-------|-------|-------|-------|--------|-----------
         Aggregated                                                                         0     0(0.00%) |      0       0       0      0 |    0.00        0.00

Type     Name                                                                          # reqs      # fails |    Avg     Min     Max    Med |   req/s  failures/s
--------|----------------------------------------------------------------------------|-------|-------------|-------|-------|-------|-------|--------|-----------
GET      /cart                                                                              3     0(0.00%) |     20      15      24     22 |    0.00        0.00
POST     /cart [add]                                                                        6     0(0.00%) |     18      12      25     16 |    0.00        0.00
POST     /cart/checkout                                                                     1     0(0.00%) |     17      17      17     17 |    0.00        0.00
GET      /product/[id]                                                                     12     0(0.00%) |     16      12      27     15 |    0.00        0.00
POST     /setCurrency                                                                       4     0(0.00%) |     28      21      39     23 |    0.00        0.00
--------|----------------------------------------------------------------------------|-------|-------------|-------|-------|-------|-------|--------|-----------
         Aggregated                                                                        26     0(0.00%) |     19      12      39     17 |    0.00        0.00

Type     Name                                                                          # reqs      # fails |    Avg     Min     Max    Med |   req/s  failures/s
--------|----------------------------------------------------------------------------|-------|-------------|-------|-------|-------|-------|--------|-----------
GET      /                                                                                  1     0(0.00%) |     17      17      17     17 |    0.00        0.00
GET      /cart                                                                             12     0(0.00%) |     16       9      26     13 |    1.00        0.00
POST     /cart [add]                                                                       16     0(0.00%) |     17      12      25     16 |    2.50        0.00
POST     /cart/checkout                                                                     4     0(0.00%) |     16      15      17     16 |    0.50        0.00
GET      /product/[id]                                                                     35     0(0.00%) |     13       8      27     12 |    4.00        0.00
POST     /setCurrency                                                                      10     0(0.00%) |     23      17      39     20 |    0.50        0.00
--------|----------------------------------------------------------------------------|-------|-------------|-------|-------|-------|-------|--------|-----------
         Aggregated                                                                        78     0(0.00%) |     16       8      39     15 |    8.50        0.00

Type     Name                                                                          # reqs      # fails |    Avg     Min     Max    Med |   req/s  failures/s
--------|----------------------------------------------------------------------------|-------|-------------|-------|-------|-------|-------|--------|-----------
GET      /                                                                                  3     0(0.00%) |     14      11      17     15 |    0.25        0.00
GET      /cart                                                                             19     0(0.00%) |     14       9      26     13 |    2.50        0.00
POST     /cart [add]                                                                       28     0(0.00%) |     16      11      25     15 |    3.25        0.00
POST     /cart/checkout                                                                     8     0(0.00%) |     15      12      17     16 |    1.00        0.00
GET      /product/[id]                                                                     85     0(0.00%) |     14       8     100     12 |    6.50        0.00
POST     /setCurrency                                                                      18     0(0.00%) |     23      13      63     18 |    2.25        0.00
--------|----------------------------------------------------------------------------|-------|-------------|-------|-------|-------|-------|--------|-----------
         Aggregated                                                                       161     0(0.00%) |     15       8     100     13 |   15.75        0.00

Type     Name                                                                          # reqs      # fails |    Avg     Min     Max    Med |   req/s  failures/s
--------|----------------------------------------------------------------------------|-------|-------------|-------|-------|-------|-------|--------|-----------
GET      /                                                                                  6     0(0.00%) |     29      11     105     13 |    0.33        0.00
GET      /cart                                                                             30     0(0.00%) |     14       9      45     12 |    2.83        0.00
POST     /cart [add]                                                                       49     0(0.00%) |     19      10     128     15 |    4.50        0.00
POST     /cart/checkout                                                                    18     0(0.00%) |     15      11      24     16 |    1.33        0.00
GET      /product/[id]                                                                    148     0(0.00%) |     14       7     224     11 |   11.50        0.00
POST     /setCurrency                                                                      26     0(0.00%) |     24      13     104     18 |    2.33        0.00
--------|----------------------------------------------------------------------------|-------|-------------|-------|-------|-------|-------|--------|-----------
         Aggregated                                                                       277     0(0.00%) |     16       7     224     13 |   22.83        0.00

Type     Name                                                                          # reqs      # fails |    Avg     Min     Max    Med |   req/s  failures/s
--------|----------------------------------------------------------------------------|-------|-------------|-------|-------|-------|-------|--------|-----------
GET      /                                                                                 11     0(0.00%) |     23      11     105     15 |    0.62        0.00
GET      /cart                                                                             46     0(0.00%) |     13       9      45     12 |    3.25        0.00
POST     /cart [add]                                                                       79     0(0.00%) |     19      10     128     16 |    5.12        0.00
POST     /cart/checkout                                                                    29     0(0.00%) |     16      11      24     16 |    1.88        0.00
GET      /product/[id]                                                                    214     0(0.00%) |     14       7     224     11 |   16.25        0.00
POST     /setCurrency                                                                      37     0(0.00%) |     22      13     104     18 |    2.88        0.00
--------|----------------------------------------------------------------------------|-------|-------------|-------|-------|-------|-------|--------|-----------
         Aggregated                                                                       416     0(0.00%) |     16       7     224     13 |   30.00        0.00

Type     Name                                                                          # reqs      # fails |    Avg     Min     Max    Med |   req/s  failures/s
--------|----------------------------------------------------------------------------|-------|-------------|-------|-------|-------|-------|--------|-----------
GET      /                                                                                 17     0(0.00%) |     20      11     105     16 |    1.00        0.00
GET      /cart                                                                             72     0(0.00%) |     15       9      65     12 |    4.10        0.00
POST     /cart [add]                                                                      113     0(0.00%) |     19      10     128     16 |    6.90        0.00
POST     /cart/checkout                                                                    37     0(0.00%) |     17      11      35     17 |    2.60        0.00
GET      /product/[id]                                                                    294     0(0.00%) |     13       7     224     11 |   19.40        0.00
POST     /setCurrency                                                                      54     0(0.00%) |     21      13     104     18 |    3.10        0.00
--------|----------------------------------------------------------------------------|-------|-------------|-------|-------|-------|-------|--------|-----------
         Aggregated                                                                       587     0(0.00%) |     16       7     224     13 |   37.10        0.00

Type     Name                                                                          # reqs      # fails |    Avg     Min     Max    Med |   req/s  failures/s
--------|----------------------------------------------------------------------------|-------|-------------|-------|-------|-------|-------|--------|-----------
GET      /                                                                                 25     0(0.00%) |     18      11     105     15 |    1.60        0.00
GET      /cart                                                                            101     0(0.00%) |     14       9      65     12 |    6.10        0.00
POST     /cart [add]                                                                      144     0(0.00%) |     19      10     128     16 |   10.00        0.00
POST     /cart/checkout                                                                    47     0(0.00%) |     18      11      44     17 |    3.50        0.00
GET      /product/[id]                                                                    393     0(0.00%) |     13       7     224     11 |   25.60        0.00
POST     /setCurrency                                                                      65     0(0.00%) |     21      13     104     18 |    4.80        0.00
--------|----------------------------------------------------------------------------|-------|-------------|-------|-------|-------|-------|--------|-----------
         Aggregated                                                                       775     0(0.00%) |     16       7     224     13 |   51.60        0.00

Type     Name                                                                          # reqs      # fails |    Avg     Min     Max    Med |   req/s  failures/s
--------|----------------------------------------------------------------------------|-------|-------------|-------|-------|-------|-------|--------|-----------
GET      /                                                                                 29     0(0.00%) |     78      11     956     16 |    2.00        0.00
GET      /cart                                                                            118     0(0.00%) |     38       8     917     12 |    8.00        0.00
POST     /cart [add]                                                                      167     0(0.00%) |     36      10    1017     16 |   12.30        0.00
POST     /cart/checkout                                                                    54     0(0.00%) |     19      11      53     17 |    4.10        0.00
GET      /product/[id]                                                                    461     0(0.00%) |     49       7    1035     12 |   34.00        0.00
POST     /setCurrency                                                                      77     0(0.00%) |     56      12     950     18 |    5.20        0.00
--------|----------------------------------------------------------------------------|-------|-------------|-------|-------|-------|-------|--------|-----------
         Aggregated                                                                       906     0(0.00%) |     45       7    1035     13 |   65.60        0.00

Type     Name                                                                          # reqs      # fails |    Avg     Min     Max    Med |   req/s  failures/s
--------|----------------------------------------------------------------------------|-------|-------------|-------|-------|-------|-------|--------|-----------
GET      /                                                                                 36     0(0.00%) |     68      11     956     16 |    2.50        0.00
GET      /cart                                                                            154     0(0.00%) |     34       7     917     12 |    9.70        0.00
POST     /cart [add]                                                                      206     0(0.00%) |     36      10    1017     17 |   13.70        0.00
POST     /cart/checkout                                                                    68     0(0.00%) |     24      11     150     17 |    4.60        0.00
GET      /product/[id]                                                                    588     0(0.00%) |     43       7    1035     12 |   37.10        0.00
POST     /setCurrency                                                                     100     0(0.00%) |     51      12     950     19 |    5.80        0.00
--------|----------------------------------------------------------------------------|-------|-------------|-------|-------|-------|-------|--------|-----------
         Aggregated                                                                      1152     0(0.00%) |     41       7    1035     14 |   73.40        0.00

Type     Name                                                                          # reqs      # fails |    Avg     Min     Max    Med |   req/s  failures/s
--------|----------------------------------------------------------------------------|-------|-------------|-------|-------|-------|-------|--------|-----------
GET      /                                                                                 46     0(0.00%) |     61      11     956     17 |    2.70        0.00
GET      /cart                                                                            192     0(0.00%) |     35       7     917     13 |   11.30        0.00
POST     /cart [add]                                                                      251     0(0.00%) |     36      10    1017     18 |   15.30        0.00
POST     /cart/checkout                                                                    83     0(0.00%) |     26      11     150     18 |    4.80        0.00
GET      /product/[id]                                                                    714     0(0.00%) |     40       7    1035     12 |   42.20        0.00
POST     /setCurrency                                                                     129     0(0.00%) |     50      12     950     19 |    7.10        0.00
--------|----------------------------------------------------------------------------|-------|-------------|-------|-------|-------|-------|--------|-----------
         Aggregated                                                                      1415     0(0.00%) |     39       7    1035     15 |   83.40        0.00

Type     Name                                                                          # reqs      # fails |    Avg     Min     Max    Med |   req/s  failures/s
--------|----------------------------------------------------------------------------|-------|-------------|-------|-------|-------|-------|--------|-----------
GET      /                                                                                 54     0(0.00%) |     58      11     956     17 |    3.30        0.00
GET      /cart                                                                            222     0(0.00%) |     38       7     917     14 |   13.90        0.00
POST     /cart [add]                                                                      305     0(0.00%) |     40      10    1017     19 |   16.90        0.00
POST     /cart/checkout                                                                   103     0(0.00%) |     33      11     150     19 |    5.10        0.00
GET      /product/[id]                                                                    845     0(0.00%) |     40       7    1035     13 |   48.30        0.00
POST     /setCurrency                                                                     161     0(0.00%) |     49      12     950     20 |    8.80        0.00
--------|----------------------------------------------------------------------------|-------|-------------|-------|-------|-------|-------|--------|-----------
         Aggregated                                                                      1690     0(0.00%) |     41       7    1035     16 |   96.30        0.00

Type     Name                                                                          # reqs      # fails |    Avg     Min     Max    Med |   req/s  failures/s
--------|----------------------------------------------------------------------------|-------|-------------|-------|-------|-------|-------|--------|-----------
GET      /                                                                                 59     0(0.00%) |     60      11     956     18 |    3.50        0.00
GET      /cart                                                                            270     0(0.00%) |     40       7     917     16 |   15.10        0.00
POST     /cart [add]                                                                      354     0(0.00%) |     46      10    1017     21 |   18.50        0.00
POST     /cart/checkout                                                                   121     0(0.00%) |     40      11     156     20 |    5.90        0.00
GET      /product/[id]                                                                    981     0(0.00%) |     44       7    1035     14 |   53.70        0.00
POST     /setCurrency                                                                     189     0(0.00%) |     51      12     950     21 |   10.50        0.00
--------|----------------------------------------------------------------------------|-------|-------------|-------|-------|-------|-------|--------|-----------
         Aggregated                                                                      1974     0(0.00%) |     45       7    1035     17 |  107.20        0.00

Type     Name                                                                          # reqs      # fails |    Avg     Min     Max    Med |   req/s  failures/s
--------|----------------------------------------------------------------------------|-------|-------------|-------|-------|-------|-------|--------|-----------
GET      /                                                                                 66     0(0.00%) |     60      11     956     18 |    3.60        0.00
GET      /cart                                                                            316     0(0.00%) |     44       7     917     20 |   16.20        0.00
POST     /cart [add]                                                                      403     0(0.00%) |     51      10    1017     26 |   20.30        0.00
POST     /cart/checkout                                                                   133     0(0.00%) |     45      11     186     23 |    7.00        0.00
GET      /product/[id]                                                                   1117     0(0.00%) |     47       7    1035     15 |   57.40        0.00
POST     /setCurrency                                                                     223     0(0.00%) |     52      12     950     23 |   11.50        0.00
--------|----------------------------------------------------------------------------|-------|-------------|-------|-------|-------|-------|--------|-----------
         Aggregated                                                                      2258     0(0.00%) |     48       7    1035     19 |  116.00        0.00

Type     Name                                                                          # reqs      # fails |    Avg     Min     Max    Med |   req/s  failures/s
--------|----------------------------------------------------------------------------|-------|-------------|-------|-------|-------|-------|--------|-----------
GET      /                                                                                 71     0(0.00%) |     64      11     956     19 |    3.60        0.00
GET      /cart                                                                            354     0(0.00%) |     50       7     917     27 |   18.80        0.00
POST     /cart [add]                                                                      451     0(0.00%) |     58      10    1017     31 |   22.40        0.00
POST     /cart/checkout                                                                   149     0(0.00%) |     51      11     194     29 |    7.50        0.00
GET      /product/[id]                                                                   1246     0(0.00%) |     52       7    1035     18 |   63.50        0.00
POST     /setCurrency                                                                     253     0(0.00%) |     58      12     950     26 |   14.20        0.00
--------|----------------------------------------------------------------------------|-------|-------------|-------|-------|-------|-------|--------|-----------
         Aggregated                                                                      2524     0(0.00%) |     54       7    1035     23 |  130.00        0.00

Type     Name                                                                          # reqs      # fails |    Avg     Min     Max    Med |   req/s  failures/s
--------|----------------------------------------------------------------------------|-------|-------------|-------|-------|-------|-------|--------|-----------
GET      /                                                                                 77     0(0.00%) |     62      11     956     19 |    2.62        0.00
GET      /cart                                                                            386     0(0.00%) |     50       7     917     29 |   13.12        0.00
POST     /cart [add]                                                                      482     0(0.00%) |     58      10    1017     33 |   16.39        0.00
POST     /cart/checkout                                                                   160     0(0.00%) |     54      11     194     33 |    5.44        0.00
GET      /product/[id]                                                                   1358     0(0.00%) |     52       7    1035     21 |   46.18        0.00
POST     /setCurrency                                                                     266     0(0.00%) |     57      12     950     26 |    9.04        0.00
--------|----------------------------------------------------------------------------|-------|-------------|-------|-------|-------|-------|--------|-----------
         Aggregated                                                                      2729     0(0.00%) |     54       7    1035     25 |   92.79        0.00

Response time percentiles (approximated)
Type     Name                                                                                  50%    66%    75%    80%    90%    95%    98%    99%  99.9% 99.99%   100% # reqs
--------|--------------------------------------------------------------------------------|--------|------|------|------|------|------|------|------|------|------|------|------
GET      /                                                                                      19     37     63     71    100    120    800    960    960    960    960     77
GET      /cart                                                                                  30     51     68     73     98    140    170    550    920    920    920    386
POST     /cart [add]                                                                            33     60     80     91    120    150    230    300   1000   1000   1000    482
POST     /cart/checkout                                                                         34     62     89     97    110    160    190    190    190    190    190    160
GET      /product/[id]                                                                          21     45     58     68    110    160    210    800   1000   1000   1000   1358
POST     /setCurrency                                                                           26     53     68     76    100    140    340    880    950    950    950    266
--------|--------------------------------------------------------------------------------|--------|------|------|------|------|------|------|------|------|------|------|------
         Aggregated                                                                             25     50     65     76    110    150    210    640   1000   1000   1000   2729

