/Users/edias/Library/Python/3.9/lib/python/site-packages/urllib3/__init__.py:35: NotOpenSSLWarning: urllib3 v2 only supports OpenSSL 1.1.1+, currently the 'ssl' module is compiled with 'LibreSSL 2.8.3'. See: https://github.com/urllib3/urllib3/issues/3020
  warnings.warn(
[2026-05-20 23:05:23,032] Mac/WARNING/locust.main: Python 3.9 support is deprecated and will be removed soon
Type     Name                                                                          # reqs      # fails |    Avg     Min     Max    Med |   req/s  failures/s
--------|----------------------------------------------------------------------------|-------|-------------|-------|-------|-------|-------|--------|-----------
--------|----------------------------------------------------------------------------|-------|-------------|-------|-------|-------|-------|--------|-----------
         Aggregated                                                                         0     0(0.00%) |      0       0       0      0 |    0.00        0.00

Type     Name                                                                          # reqs      # fails |    Avg     Min     Max    Med |   req/s  failures/s
--------|----------------------------------------------------------------------------|-------|-------------|-------|-------|-------|-------|--------|-----------
GET      /                                                                                  1     0(0.00%) |     32      32      32     32 |    0.00        0.00
GET      /cart                                                                              2     0(0.00%) |     11      10      12     10 |    0.00        0.00
POST     /cart [add]                                                                        4     0(0.00%) |     17      10      25     16 |    0.00        0.00
POST     /cart/checkout                                                                     2     0(0.00%) |     15      13      16     14 |    0.00        0.00
GET      /product/[id]                                                                     11     0(0.00%) |     34       8     106     15 |    0.00        0.00
POST     /setCurrency                                                                       5     0(0.00%) |     31      15      62     25 |    0.00        0.00
--------|----------------------------------------------------------------------------|-------|-------------|-------|-------|-------|-------|--------|-----------
         Aggregated                                                                        25     0(0.00%) |     27       8     106     17 |    0.00        0.00

Type     Name                                                                          # reqs      # fails |    Avg     Min     Max    Med |   req/s  failures/s
--------|----------------------------------------------------------------------------|-------|-------------|-------|-------|-------|-------|--------|-----------
GET      /                                                                                  2     0(0.00%) |     21      11      32     11 |    1.00        0.00
GET      /cart                                                                              9     0(0.00%) |     15       9      25     13 |    2.00        0.00
POST     /cart [add]                                                                       17     0(0.00%) |     15      10      25     16 |    1.00        0.00
POST     /cart/checkout                                                                     6     0(0.00%) |     15      12      17     15 |    0.00        0.00
GET      /product/[id]                                                                     33     0(0.00%) |     20       8     106     11 |    3.00        0.00
POST     /setCurrency                                                                       9     0(0.00%) |     24      13      62     22 |    1.00        0.00
--------|----------------------------------------------------------------------------|-------|-------------|-------|-------|-------|-------|--------|-----------
         Aggregated                                                                        76     0(0.00%) |     18       8     106     15 |    8.00        0.00

Type     Name                                                                          # reqs      # fails |    Avg     Min     Max    Med |   req/s  failures/s
--------|----------------------------------------------------------------------------|-------|-------------|-------|-------|-------|-------|--------|-----------
GET      /                                                                                  2     0(0.00%) |     21      11      32     11 |    0.50        0.00
GET      /cart                                                                             17     0(0.00%) |     12       6      25     10 |    2.25        0.00
POST     /cart [add]                                                                       31     0(0.00%) |     15       7      34     14 |    4.25        0.00
POST     /cart/checkout                                                                    12     0(0.00%) |     13       9      17     14 |    1.50        0.00
GET      /product/[id]                                                                     83     0(0.00%) |     13       5     106      9 |    8.25        0.00
POST     /setCurrency                                                                      18     0(0.00%) |     19      13      62     16 |    2.25        0.00
--------|----------------------------------------------------------------------------|-------|-------------|-------|-------|-------|-------|--------|-----------
         Aggregated                                                                       163     0(0.00%) |     14       5     106     11 |   19.00        0.00

Type     Name                                                                          # reqs      # fails |    Avg     Min     Max    Med |   req/s  failures/s
--------|----------------------------------------------------------------------------|-------|-------------|-------|-------|-------|-------|--------|-----------
GET      /                                                                                  4     0(0.00%) |     16      11      32     12 |    0.33        0.00
GET      /cart                                                                             40     0(0.00%) |     11       4      38      8 |    2.83        0.00
POST     /cart [add]                                                                       51     0(0.00%) |     16       7      58     13 |    5.00        0.00
POST     /cart/checkout                                                                    20     0(0.00%) |     14       9      23     14 |    2.00        0.00
GET      /product/[id]                                                                    133     0(0.00%) |     12       5     106      9 |   13.83        0.00
POST     /setCurrency                                                                      29     0(0.00%) |     17      11      62     15 |    3.00        0.00
--------|----------------------------------------------------------------------------|-------|-------------|-------|-------|-------|-------|--------|-----------
         Aggregated                                                                       277     0(0.00%) |     13       4     106     11 |   27.00        0.00

Type     Name                                                                          # reqs      # fails |    Avg     Min     Max    Med |   req/s  failures/s
--------|----------------------------------------------------------------------------|-------|-------------|-------|-------|-------|-------|--------|-----------
GET      /                                                                                  5     0(0.00%) |     15      11      32     12 |    0.50        0.00
GET      /cart                                                                             63     0(0.00%) |     10       4      38      9 |    5.00        0.00
POST     /cart [add]                                                                       72     0(0.00%) |     14       7      58     12 |    6.25        0.00
POST     /cart/checkout                                                                    28     0(0.00%) |     13       8      23     12 |    2.38        0.00
GET      /product/[id]                                                                    207     0(0.00%) |     11       5     106      9 |   16.38        0.00
POST     /setCurrency                                                                      42     0(0.00%) |     16      10      62     14 |    3.62        0.00
--------|----------------------------------------------------------------------------|-------|-------------|-------|-------|-------|-------|--------|-----------
         Aggregated                                                                       417     0(0.00%) |     12       4     106     10 |   34.12        0.00

Type     Name                                                                          # reqs      # fails |    Avg     Min     Max    Med |   req/s  failures/s
--------|----------------------------------------------------------------------------|-------|-------------|-------|-------|-------|-------|--------|-----------
GET      /                                                                                 11     0(0.00%) |     13       8      32     12 |    0.50        0.00
GET      /cart                                                                             82     0(0.00%) |      9       4      38      9 |    6.20        0.00
POST     /cart [add]                                                                      101     0(0.00%) |     13       7      58     12 |    7.20        0.00
POST     /cart/checkout                                                                    36     0(0.00%) |     13       8      23     12 |    2.80        0.00
GET      /product/[id]                                                                    283     0(0.00%) |     10       5     106      8 |   20.60        0.00
POST     /setCurrency                                                                      75     0(0.00%) |     15       8      62     14 |    4.20        0.00
--------|----------------------------------------------------------------------------|-------|-------------|-------|-------|-------|-------|--------|-----------
         Aggregated                                                                       588     0(0.00%) |     11       4     106     10 |   41.50        0.00

Type     Name                                                                          # reqs      # fails |    Avg     Min     Max    Med |   req/s  failures/s
--------|----------------------------------------------------------------------------|-------|-------------|-------|-------|-------|-------|--------|-----------
GET      /                                                                                 20     0(0.00%) |     12       8      32     11 |    1.00        0.00
GET      /cart                                                                            109     0(0.00%) |      9       4      38      8 |    8.00        0.00
POST     /cart [add]                                                                      132     0(0.00%) |     13       7      58     11 |    9.60        0.00
POST     /cart/checkout                                                                    46     0(0.00%) |     12       8      23     12 |    3.40        0.00
GET      /product/[id]                                                                    388     0(0.00%) |      9       4     106      8 |   27.10        0.00
POST     /setCurrency                                                                      92     0(0.00%) |     14       8      62     14 |    7.00        0.00
--------|----------------------------------------------------------------------------|-------|-------------|-------|-------|-------|-------|--------|-----------
         Aggregated                                                                       787     0(0.00%) |     10       4     106      9 |   56.10        0.00

Type     Name                                                                          # reqs      # fails |    Avg     Min     Max    Med |   req/s  failures/s
--------|----------------------------------------------------------------------------|-------|-------------|-------|-------|-------|-------|--------|-----------
GET      /                                                                                 22     0(0.00%) |     12       8      32     11 |    1.80        0.00
GET      /cart                                                                            143     0(0.00%) |      9       4      38      8 |    9.90        0.00
POST     /cart [add]                                                                      174     0(0.00%) |     13       7      58     11 |   11.50        0.00
POST     /cart/checkout                                                                    60     0(0.00%) |     12       8      28     12 |    4.00        0.00
GET      /product/[id]                                                                    514     0(0.00%) |      9       4     106      8 |   35.30        0.00
POST     /setCurrency                                                                     116     0(0.00%) |     15       8      62     14 |    8.30        0.00
--------|----------------------------------------------------------------------------|-------|-------------|-------|-------|-------|-------|--------|-----------
         Aggregated                                                                      1029     0(0.00%) |     10       4     106      9 |   70.80        0.00

Type     Name                                                                          # reqs      # fails |    Avg     Min     Max    Med |   req/s  failures/s
--------|----------------------------------------------------------------------------|-------|-------------|-------|-------|-------|-------|--------|-----------
GET      /                                                                                 27     0(0.00%) |     13       8      50     11 |    2.00        0.00
GET      /cart                                                                            173     0(0.00%) |     12       4     153      8 |   12.50        0.00
POST     /cart [add]                                                                      217     0(0.00%) |     16       7     173     12 |   14.20        0.00
POST     /cart/checkout                                                                    79     0(0.00%) |     17       8     123     12 |    4.70        0.00
GET      /product/[id]                                                                    648     0(0.00%) |     13       4     153      8 |   43.00        0.00
POST     /setCurrency                                                                     132     0(0.00%) |     14       8      62     14 |    9.80        0.00
--------|----------------------------------------------------------------------------|-------|-------------|-------|-------|-------|-------|--------|-----------
         Aggregated                                                                      1276     0(0.00%) |     14       4     173     10 |   86.20        0.00

Type     Name                                                                          # reqs      # fails |    Avg     Min     Max    Med |   req/s  failures/s
--------|----------------------------------------------------------------------------|-------|-------------|-------|-------|-------|-------|--------|-----------
GET      /                                                                                 36     0(0.00%) |     22       8     345     11 |    2.20        0.00
GET      /cart                                                                            203     0(0.00%) |     16       4     153      9 |   13.30        0.00
POST     /cart [add]                                                                      262     0(0.00%) |     21       7     279     12 |   16.50        0.00
POST     /cart/checkout                                                                    95     0(0.00%) |     24       8     140     12 |    5.90        0.00
GET      /product/[id]                                                                    769     0(0.00%) |     20       4     316      8 |   51.60        0.00
POST     /setCurrency                                                                     153     0(0.00%) |     18       8     246     14 |   10.20        0.00
--------|----------------------------------------------------------------------------|-------|-------------|-------|-------|-------|-------|--------|-----------
         Aggregated                                                                      1518     0(0.00%) |     20       4     345     10 |   99.70        0.00

Type     Name                                                                          # reqs      # fails |    Avg     Min     Max    Med |   req/s  failures/s
--------|----------------------------------------------------------------------------|-------|-------------|-------|-------|-------|-------|--------|-----------
GET      /                                                                                 50     0(0.00%) |     19       8     345     12 |    3.00        0.00
GET      /cart                                                                            244     0(0.00%) |     15       4     153      8 |   14.00        0.00
POST     /cart [add]                                                                      312     0(0.00%) |     20       7     279     12 |   19.00        0.00
POST     /cart/checkout                                                                   119     0(0.00%) |     23       8     140     12 |    6.70        0.00
GET      /product/[id]                                                                    913     0(0.00%) |     19       4     316      8 |   56.10        0.00
POST     /setCurrency                                                                     192     0(0.00%) |     18       8     246     14 |   10.90        0.00
--------|----------------------------------------------------------------------------|-------|-------------|-------|-------|-------|-------|--------|-----------
         Aggregated                                                                      1830     0(0.00%) |     19       4     345     10 |  109.70        0.00

Type     Name                                                                          # reqs      # fails |    Avg     Min     Max    Med |   req/s  failures/s
--------|----------------------------------------------------------------------------|-------|-------------|-------|-------|-------|-------|--------|-----------
GET      /                                                                                 59     0(0.00%) |     18       8     345     12 |    3.80        0.00
GET      /cart                                                                            286     0(0.00%) |     23       4     169      9 |   16.20        0.00
POST     /cart [add]                                                                      357     0(0.00%) |     25       7     279     13 |   21.20        0.00
POST     /cart/checkout                                                                   138     0(0.00%) |     30       8     140     13 |    8.20        0.00
GET      /product/[id]                                                                   1053     0(0.00%) |     25       4     316      9 |   63.10        0.00
POST     /setCurrency                                                                     224     0(0.00%) |     18       8     246     14 |   11.50        0.00
--------|----------------------------------------------------------------------------|-------|-------------|-------|-------|-------|-------|--------|-----------
         Aggregated                                                                      2117     0(0.00%) |     24       4     345     11 |  124.00        0.00

Type     Name                                                                          # reqs      # fails |    Avg     Min     Max    Med |   req/s  failures/s
--------|----------------------------------------------------------------------------|-------|-------------|-------|-------|-------|-------|--------|-----------
GET      /                                                                                 64     0(0.00%) |     30       8     786     12 |    3.90        0.00
GET      /cart                                                                            302     0(0.00%) |     45       4    1038      9 |   17.60        0.00
POST     /cart [add]                                                                      377     0(0.00%) |     50       7    1339     13 |   22.50        0.00
POST     /cart/checkout                                                                   144     0(0.00%) |     33       8     140     14 |    9.10        0.00
GET      /product/[id]                                                                   1134     0(0.00%) |     54       4    1257      9 |   66.50        0.00
POST     /setCurrency                                                                     243     0(0.00%) |     48       8    1048     14 |   13.20        0.00
--------|----------------------------------------------------------------------------|-------|-------------|-------|-------|-------|-------|--------|-----------
         Aggregated                                                                      2264     0(0.00%) |     49       4    1339     12 |  132.80        0.00

Type     Name                                                                          # reqs      # fails |    Avg     Min     Max    Med |   req/s  failures/s
--------|----------------------------------------------------------------------------|-------|-------------|-------|-------|-------|-------|--------|-----------
GET      /                                                                                 73     0(0.00%) |     28       8     786     12 |    4.20        0.00
GET      /cart                                                                            326     0(0.00%) |     56       4    1038     10 |   16.00        0.00
POST     /cart [add]                                                                      428     0(0.00%) |     64       7    1339     14 |   20.50        0.00
POST     /cart/checkout                                                                   166     0(0.00%) |     54       8     285     15 |    8.40        0.00
GET      /product/[id]                                                                   1268     0(0.00%) |     66       4    1257     10 |   61.20        0.00
POST     /setCurrency                                                                     257     0(0.00%) |     46       8    1048     14 |   12.30        0.00
--------|----------------------------------------------------------------------------|-------|-------------|-------|-------|-------|-------|--------|-----------
         Aggregated                                                                      2518     0(0.00%) |     60       4    1339     13 |  122.60        0.00

Type     Name                                                                          # reqs      # fails |    Avg     Min     Max    Med |   req/s  failures/s
--------|----------------------------------------------------------------------------|-------|-------------|-------|-------|-------|-------|--------|-----------
GET      /                                                                                 77     0(0.00%) |     27       8     786     12 |    4.60        0.00
GET      /cart                                                                            364     0(0.00%) |     69       4    1038     11 |   15.20        0.00
POST     /cart [add]                                                                      475     0(0.00%) |     76       7    1339     17 |   21.10        0.00
POST     /cart/checkout                                                                   185     0(0.00%) |     70       8     292     19 |    8.80        0.00
GET      /product/[id]                                                                   1401     0(0.00%) |     75       4    1257     13 |   61.60        0.00
POST     /setCurrency                                                                     286     0(0.00%) |     43       8    1048     14 |   12.60        0.00
--------|----------------------------------------------------------------------------|-------|-------------|-------|-------|-------|-------|--------|-----------
         Aggregated                                                                      2788     0(0.00%) |     70       4    1339     14 |  123.90        0.00

Type     Name                                                                          # reqs      # fails |    Avg     Min     Max    Med |   req/s  failures/s
--------|----------------------------------------------------------------------------|-------|-------------|-------|-------|-------|-------|--------|-----------
GET      /                                                                                 88     0(0.00%) |     26       8     786     12 |    4.10        0.00
GET      /cart                                                                            407     0(0.00%) |     82       4    1038     15 |   15.80        0.00
POST     /cart [add]                                                                      519     0(0.00%) |     88       7    1339     20 |   21.10        0.00
POST     /cart/checkout                                                                   200     0(0.00%) |     81       8     295     24 |    9.00        0.00
GET      /product/[id]                                                                   1528     0(0.00%) |     85       4    1257     19 |   62.70        0.00
POST     /setCurrency                                                                     310     0(0.00%) |     41       8    1048     14 |   13.40        0.00
--------|----------------------------------------------------------------------------|-------|-------------|-------|-------|-------|-------|--------|-----------
         Aggregated                                                                      3052     0(0.00%) |     79       4    1339     16 |  126.10        0.00

Type     Name                                                                          # reqs      # fails |    Avg     Min     Max    Med |   req/s  failures/s
--------|----------------------------------------------------------------------------|-------|-------------|-------|-------|-------|-------|--------|-----------
GET      /                                                                                103     0(0.00%) |     24       8     786     12 |    3.90        0.00
GET      /cart                                                                            449     0(0.00%) |     94       4    1038     25 |   16.20        0.00
POST     /cart [add]                                                                      568     0(0.00%) |     97       7    1339     28 |   20.20        0.00
POST     /cart/checkout                                                                   217     0(0.00%) |     91       8     301     52 |    8.10        0.00
GET      /product/[id]                                                                   1663     0(0.00%) |     95       4    1257     30 |   61.10        0.00
POST     /setCurrency                                                                     341     0(0.00%) |     39       8    1048     14 |   11.90        0.00
--------|----------------------------------------------------------------------------|-------|-------------|-------|-------|-------|-------|--------|-----------
         Aggregated                                                                      3341     0(0.00%) |     87       4    1339     18 |  121.40        0.00

Type     Name                                                                          # reqs      # fails |    Avg     Min     Max    Med |   req/s  failures/s
--------|----------------------------------------------------------------------------|-------|-------------|-------|-------|-------|-------|--------|-----------
GET      /                                                                                110     0(0.00%) |     23       8     786     11 |    4.30        0.00
GET      /cart                                                                            477     0(0.00%) |    102       4    1038     40 |   16.40        0.00
POST     /cart [add]                                                                      623     0(0.00%) |    110       7    1339     47 |   20.70        0.00
POST     /cart/checkout                                                                   239     0(0.00%) |    106       8     311     89 |    8.00        0.00
GET      /product/[id]                                                                   1804     0(0.00%) |    106       4    1257     50 |   61.00        0.00
POST     /setCurrency                                                                     372     0(0.00%) |     37       8    1048     14 |   11.60        0.00
--------|----------------------------------------------------------------------------|-------|-------------|-------|-------|-------|-------|--------|-----------
         Aggregated                                                                      3625     0(0.00%) |     97       4    1339     23 |  122.00        0.00

Type     Name                                                                          # reqs      # fails |    Avg     Min     Max    Med |   req/s  failures/s
--------|----------------------------------------------------------------------------|-------|-------------|-------|-------|-------|-------|--------|-----------
GET      /                                                                                120     0(0.00%) |     33       8     786     12 |    4.50        0.00
GET      /cart                                                                            503     0(0.00%) |    112       4    1038     54 |   17.40        0.00
POST     /cart [add]                                                                      671     0(0.00%) |    123       7    1339     67 |   24.30        0.00
POST     /cart/checkout                                                                   254     0(0.00%) |    120       8     665     95 |    9.50        0.00
GET      /product/[id]                                                                   1940     0(0.00%) |    119       4    1257     67 |   66.90        0.00
POST     /setCurrency                                                                     401     0(0.00%) |     40       8    1048     14 |   13.30        0.00
--------|----------------------------------------------------------------------------|-------|-------------|-------|-------|-------|-------|--------|-----------
         Aggregated                                                                      3889     0(0.00%) |    108       4    1339     33 |  135.90        0.00

Type     Name                                                                          # reqs      # fails |    Avg     Min     Max    Med |   req/s  failures/s
--------|----------------------------------------------------------------------------|-------|-------------|-------|-------|-------|-------|--------|-----------
GET      /                                                                                129     0(0.00%) |     31       8     786     12 |    4.80        0.00
GET      /cart                                                                            540     0(0.00%) |    130       4    1038     79 |   17.70        0.00
POST     /cart [add]                                                                      711     0(0.00%) |    137       7    1339     98 |   24.20        0.00
POST     /cart/checkout                                                                   270     0(0.00%) |    136       8     665    100 |    8.70        0.00
GET      /product/[id]                                                                   2068     0(0.00%) |    134       4    1257     91 |   67.00        0.00
POST     /setCurrency                                                                     420     0(0.00%) |     39       8    1048     14 |   14.30        0.00
--------|----------------------------------------------------------------------------|-------|-------------|-------|-------|-------|-------|--------|-----------
         Aggregated                                                                      4138     0(0.00%) |    121       4    1339     48 |  136.70        0.00

Type     Name                                                                          # reqs      # fails |    Avg     Min     Max    Med |   req/s  failures/s
--------|----------------------------------------------------------------------------|-------|-------------|-------|-------|-------|-------|--------|-----------
GET      /                                                                                139     0(0.00%) |     30       8     786     12 |    5.30        0.00
GET      /cart                                                                            573     0(0.00%) |    142       4    1038    110 |   17.60        0.00
POST     /cart [add]                                                                      748     0(0.00%) |    148       7    1339    110 |   23.60        0.00
POST     /cart/checkout                                                                   288     0(0.00%) |    150       8     665    110 |    8.40        0.00
GET      /product/[id]                                                                   2221     0(0.00%) |    148       4    1257    110 |   66.50        0.00
POST     /setCurrency                                                                     450     0(0.00%) |     37       8    1048     14 |   13.50        0.00
--------|----------------------------------------------------------------------------|-------|-------------|-------|-------|-------|-------|--------|-----------
         Aggregated                                                                      4419     0(0.00%) |    132       4    1339     63 |  134.90        0.00

Type     Name                                                                          # reqs      # fails |    Avg     Min     Max    Med |   req/s  failures/s
--------|----------------------------------------------------------------------------|-------|-------------|-------|-------|-------|-------|--------|-----------
GET      /                                                                                148     0(0.00%) |     29       8     786     12 |    5.00        0.00
GET      /cart                                                                            601     0(0.00%) |    153       4    1038    120 |   16.50        0.00
POST     /cart [add]                                                                      805     0(0.00%) |    165       7    1339    130 |   23.30        0.00
POST     /cart/checkout                                                                   308     0(0.00%) |    166       8     665    180 |    8.80        0.00
GET      /product/[id]                                                                   2345     0(0.00%) |    160       4    1257    130 |   68.50        0.00
POST     /setCurrency                                                                     475     0(0.00%) |     36       8    1048     14 |   13.80        0.00
--------|----------------------------------------------------------------------------|-------|-------------|-------|-------|-------|-------|--------|-----------
         Aggregated                                                                      4682     0(0.00%) |    144       4    1339     83 |  135.90        0.00

Type     Name                                                                          # reqs      # fails |    Avg     Min     Max    Med |   req/s  failures/s
--------|----------------------------------------------------------------------------|-------|-------------|-------|-------|-------|-------|--------|-----------
GET      /                                                                                164     0(0.00%) |     44       8     786     12 |    4.60        0.00
GET      /cart                                                                            634     0(0.00%) |    166       4    1038    140 |   15.20        0.00
POST     /cart [add]                                                                      836     0(0.00%) |    179       7    1339    150 |   23.80        0.00
POST     /cart/checkout                                                                   318     0(0.00%) |    181       8    1108    190 |    8.90        0.00
GET      /product/[id]                                                                   2460     0(0.00%) |    176       4    1257    150 |   67.60        0.00
POST     /setCurrency                                                                     509     0(0.00%) |     45       8    1048     14 |   13.50        0.00
--------|----------------------------------------------------------------------------|-------|-------------|-------|-------|-------|-------|--------|-----------
         Aggregated                                                                      4921     0(0.00%) |    158       4    1339     99 |  133.60        0.00

Type     Name                                                                          # reqs      # fails |    Avg     Min     Max    Med |   req/s  failures/s
--------|----------------------------------------------------------------------------|-------|-------------|-------|-------|-------|-------|--------|-----------
GET      /                                                                                170     0(0.00%) |     43       8     786     12 |    5.30        0.00
GET      /cart                                                                            658     0(0.00%) |    177       4    1038    160 |   15.70        0.00
POST     /cart [add]                                                                      879     0(0.00%) |    194       7    1339    170 |   21.40        0.00
POST     /cart/checkout                                                                   331     0(0.00%) |    194       8    1108    190 |    8.00        0.00
GET      /product/[id]                                                                   2601     0(0.00%) |    192       4    1257    160 |   65.80        0.00
POST     /setCurrency                                                                     537     0(0.00%) |     44       8    1048     14 |   13.70        0.00
--------|----------------------------------------------------------------------------|-------|-------------|-------|-------|-------|-------|--------|-----------
         Aggregated                                                                      5176     0(0.00%) |    170       4    1339    110 |  129.90        0.00

Type     Name                                                                          # reqs      # fails |    Avg     Min     Max    Med |   req/s  failures/s
--------|----------------------------------------------------------------------------|-------|-------------|-------|-------|-------|-------|--------|-----------
GET      /                                                                                175     0(0.00%) |     49       8     821     12 |    4.80        0.00
GET      /cart                                                                            683     0(0.00%) |    188       4    1038    170 |   15.40        0.00
POST     /cart [add]                                                                      910     0(0.00%) |    204       7    1339    180 |   21.00        0.00
POST     /cart/checkout                                                                   348     0(0.00%) |    208       8    1108    200 |    7.80        0.00
GET      /product/[id]                                                                   2687     0(0.00%) |    202       4    1257    170 |   66.10        0.00
POST     /setCurrency                                                                     556     0(0.00%) |     43       8    1048     14 |   13.60        0.00
--------|----------------------------------------------------------------------------|-------|-------------|-------|-------|-------|-------|--------|-----------
         Aggregated                                                                      5359     0(0.00%) |    179       4    1339    120 |  128.70        0.00

Type     Name                                                                          # reqs      # fails |    Avg     Min     Max    Med |   req/s  failures/s
--------|----------------------------------------------------------------------------|-------|-------------|-------|-------|-------|-------|--------|-----------
GET      /                                                                                179     0(0.00%) |     53       8     821     12 |    4.70        0.00
GET      /cart                                                                            707     0(0.00%) |    202       4    1104    180 |   15.10        0.00
POST     /cart [add]                                                                      936     0(0.00%) |    223       7    1762    190 |   21.60        0.00
POST     /cart/checkout                                                                   362     0(0.00%) |    226       8    1197    200 |    8.00        0.00
GET      /product/[id]                                                                   2788     0(0.00%) |    225       4    1642    180 |   66.10        0.00
POST     /setCurrency                                                                     576     0(0.00%) |     55       8    1048     14 |   14.20        0.00
--------|----------------------------------------------------------------------------|-------|-------------|-------|-------|-------|-------|--------|-----------
         Aggregated                                                                      5548     0(0.00%) |    198       4    1762    140 |  129.70        0.00

Type     Name                                                                          # reqs      # fails |    Avg     Min     Max    Med |   req/s  failures/s
--------|----------------------------------------------------------------------------|-------|-------------|-------|-------|-------|-------|--------|-----------
GET      /                                                                                193     0(0.00%) |     66       8    1400     12 |    4.10        0.00
GET      /cart                                                                            743     0(0.00%) |    219       4    1104    190 |   13.60        0.00
POST     /cart [add]                                                                      996     0(0.00%) |    249       7    1762    200 |   18.90        0.00
POST     /cart/checkout                                                                   384     0(0.00%) |    241       8    1197    200 |    7.50        0.00
GET      /product/[id]                                                                   2931     0(0.00%) |    243       4    1642    200 |   58.00        0.00
POST     /setCurrency                                                                     613     0(0.00%) |     71       8    1406     14 |   12.90        0.00
--------|----------------------------------------------------------------------------|-------|-------------|-------|-------|-------|-------|--------|-----------
         Aggregated                                                                      5860     0(0.00%) |    217       4    1762    160 |  115.00        0.00

Type     Name                                                                          # reqs      # fails |    Avg     Min     Max    Med |   req/s  failures/s
--------|----------------------------------------------------------------------------|-------|-------------|-------|-------|-------|-------|--------|-----------
GET      /                                                                                201     0(0.00%) |     63       8    1400     12 |    4.30        0.00
GET      /cart                                                                            775     0(0.00%) |    227       4    1104    200 |   14.10        0.00
POST     /cart [add]                                                                     1045     0(0.00%) |    256       7    1762    210 |   19.30        0.00
POST     /cart/checkout                                                                   406     0(0.00%) |    251       8    1197    210 |    7.60        0.00
GET      /product/[id]                                                                   3077     0(0.00%) |    251       4    1642    220 |   58.80        0.00
POST     /setCurrency                                                                     650     0(0.00%) |     68       8    1406     14 |   13.80        0.00
--------|----------------------------------------------------------------------------|-------|-------------|-------|-------|-------|-------|--------|-----------
         Aggregated                                                                      6154     0(0.00%) |    224       4    1762    170 |  117.90        0.00

Type     Name                                                                          # reqs      # fails |    Avg     Min     Max    Med |   req/s  failures/s
--------|----------------------------------------------------------------------------|-------|-------------|-------|-------|-------|-------|--------|-----------
GET      /                                                                                208     0(0.00%) |     62       8    1400     12 |    3.90        0.00
GET      /cart                                                                            806     0(0.00%) |    237       4    1104    210 |   14.10        0.00
POST     /cart [add]                                                                     1090     0(0.00%) |    265       7    1762    230 |   20.90        0.00
POST     /cart/checkout                                                                   419     0(0.00%) |    259       8    1197    220 |    8.80        0.00
GET      /product/[id]                                                                   3222     0(0.00%) |    262       4    1642    230 |   61.90        0.00
POST     /setCurrency                                                                     669     0(0.00%) |     66       8    1406     14 |   14.00        0.00
--------|----------------------------------------------------------------------------|-------|-------------|-------|-------|-------|-------|--------|-----------
         Aggregated                                                                      6414     0(0.00%) |    232       4    1762    190 |  123.60        0.00

Type     Name                                                                          # reqs      # fails |    Avg     Min     Max    Med |   req/s  failures/s
--------|----------------------------------------------------------------------------|-------|-------------|-------|-------|-------|-------|--------|-----------
GET      /                                                                                219     0(0.00%) |     77       8    1400     12 |    4.00        0.00
GET      /cart                                                                            821     0(0.00%) |    246       4    1104    220 |   15.00        0.00
POST     /cart [add]                                                                     1112     0(0.00%) |    293       7    2140    230 |   21.20        0.00
POST     /cart/checkout                                                                   424     0(0.00%) |    279       8    2101    220 |    8.80        0.00
GET      /product/[id]                                                                   3310     0(0.00%) |    276       4    1642    240 |   62.60        0.00
POST     /setCurrency                                                                     692     0(0.00%) |     79       8    1406     14 |   13.30        0.00
--------|----------------------------------------------------------------------------|-------|-------------|-------|-------|-------|-------|--------|-----------
         Aggregated                                                                      6578     0(0.00%) |    248       4    2140    190 |  124.90        0.00

Type     Name                                                                          # reqs      # fails |    Avg     Min     Max    Med |   req/s  failures/s
--------|----------------------------------------------------------------------------|-------|-------------|-------|-------|-------|-------|--------|-----------
GET      /                                                                                230     0(0.00%) |     74       8    1400     12 |    4.60        0.00
GET      /cart                                                                            869     0(0.00%) |    257       4    1104    240 |   13.90        0.00
POST     /cart [add]                                                                     1150     0(0.00%) |    305       7    2140    250 |   19.70        0.00
POST     /cart/checkout                                                                   441     0(0.00%) |    286       8    2101    270 |    7.60        0.00
GET      /product/[id]                                                                   3450     0(0.00%) |    283       4    1642    260 |   61.80        0.00
POST     /setCurrency                                                                     720     0(0.00%) |     77       8    1406     14 |   13.60        0.00
--------|----------------------------------------------------------------------------|-------|-------------|-------|-------|-------|-------|--------|-----------
         Aggregated                                                                      6860     0(0.00%) |    255       4    2140    200 |  121.20        0.00

Type     Name                                                                          # reqs      # fails |    Avg     Min     Max    Med |   req/s  failures/s
--------|----------------------------------------------------------------------------|-------|-------------|-------|-------|-------|-------|--------|-----------
GET      /                                                                                239     0(0.00%) |     72       8    1400     12 |    5.10        0.00
GET      /cart                                                                            905     0(0.00%) |    264       4    1104    250 |   16.10        0.00
POST     /cart [add]                                                                     1189     0(0.00%) |    310       7    2140    260 |   21.10        0.00
POST     /cart/checkout                                                                   455     0(0.00%) |    291       8    2101    290 |    7.90        0.00
GET      /product/[id]                                                                   3611     0(0.00%) |    290       4    1642    270 |   65.50        0.00
POST     /setCurrency                                                                     749     0(0.00%) |     75       8    1406     14 |   14.30        0.00
--------|----------------------------------------------------------------------------|-------|-------------|-------|-------|-------|-------|--------|-----------
         Aggregated                                                                      7148     0(0.00%) |    260       4    2140    210 |  130.00        0.00

Type     Name                                                                          # reqs      # fails |    Avg     Min     Max    Med |   req/s  failures/s
--------|----------------------------------------------------------------------------|-------|-------------|-------|-------|-------|-------|--------|-----------
GET      /                                                                                251     0(0.00%) |     69       8    1400     12 |    4.50        0.00
GET      /cart                                                                            936     0(0.00%) |    269       4    1104    270 |   16.20        0.00
POST     /cart [add]                                                                     1241     0(0.00%) |    315       7    2140    280 |   19.20        0.00
POST     /cart/checkout                                                                   476     0(0.00%) |    297       8    2101    290 |    7.30        0.00
GET      /product/[id]                                                                   3758     0(0.00%) |    295       4    1642    290 |   67.80        0.00
POST     /setCurrency                                                                     786     0(0.00%) |     72       8    1406     14 |   13.40        0.00
--------|----------------------------------------------------------------------------|-------|-------------|-------|-------|-------|-------|--------|-----------
         Aggregated                                                                      7448     0(0.00%) |    264       4    2140    230 |  128.40        0.00

Type     Name                                                                          # reqs      # fails |    Avg     Min     Max    Med |   req/s  failures/s
--------|----------------------------------------------------------------------------|-------|-------------|-------|-------|-------|-------|--------|-----------
GET      /                                                                                263     0(0.00%) |     66       8    1400     12 |    5.00        0.00
GET      /cart                                                                            971     0(0.00%) |    276       4    1104    280 |   16.10        0.00
POST     /cart [add]                                                                     1285     0(0.00%) |    320       7    2140    290 |   19.50        0.00
POST     /cart/checkout                                                                   498     0(0.00%) |    304       8    2101    300 |    7.00        0.00
GET      /product/[id]                                                                   3902     0(0.00%) |    301       4    1642    310 |   67.80        0.00
POST     /setCurrency                                                                     815     0(0.00%) |     70       8    1406     14 |   13.50        0.00
--------|----------------------------------------------------------------------------|-------|-------------|-------|-------|-------|-------|--------|-----------
         Aggregated                                                                      7734     0(0.00%) |    269       4    2140    240 |  128.90        0.00

Type     Name                                                                          # reqs      # fails |    Avg     Min     Max    Med |   req/s  failures/s
--------|----------------------------------------------------------------------------|-------|-------------|-------|-------|-------|-------|--------|-----------
GET      /                                                                                274     0(0.00%) |     71       8    1400     12 |    5.50        0.00
GET      /cart                                                                            993     0(0.00%) |    281       4    1104    290 |   16.20        0.00
POST     /cart [add]                                                                     1323     0(0.00%) |    331       7    2140    310 |   19.00        0.00
POST     /cart/checkout                                                                   512     0(0.00%) |    316       8    2101    300 |    7.80        0.00
GET      /product/[id]                                                                   4016     0(0.00%) |    309       4    1642    320 |   67.50        0.00
POST     /setCurrency                                                                     832     0(0.00%) |     70       8    1406     14 |   14.60        0.00
--------|----------------------------------------------------------------------------|-------|-------------|-------|-------|-------|-------|--------|-----------
         Aggregated                                                                      7950     0(0.00%) |    277       4    2140    250 |  130.60        0.00

Type     Name                                                                          # reqs      # fails |    Avg     Min     Max    Med |   req/s  failures/s
--------|----------------------------------------------------------------------------|-------|-------------|-------|-------|-------|-------|--------|-----------
GET      /                                                                                293     0(0.00%) |     67       8    1400     12 |    5.50        0.00
GET      /cart                                                                           1020     0(0.00%) |    291       4    1104    300 |   17.10        0.00
POST     /cart [add]                                                                     1356     0(0.00%) |    339       7    2140    320 |   21.60        0.00
POST     /cart/checkout                                                                   525     0(0.00%) |    324       8    2101    310 |    8.70        0.00
GET      /product/[id]                                                                   4140     0(0.00%) |    320       4    1642    330 |   70.70        0.00
POST     /setCurrency                                                                     853     0(0.00%) |     68       8    1406     14 |   13.80        0.00
--------|----------------------------------------------------------------------------|-------|-------------|-------|-------|-------|-------|--------|-----------
         Aggregated                                                                      8187     0(0.00%) |    284       4    2140    260 |  137.40        0.00

Type     Name                                                                          # reqs      # fails |    Avg     Min     Max    Med |   req/s  failures/s
--------|----------------------------------------------------------------------------|-------|-------------|-------|-------|-------|-------|--------|-----------
GET      /                                                                                302     0(0.00%) |     66       8    1400     12 |    6.10        0.00
GET      /cart                                                                           1041     0(0.00%) |    296       4    1104    310 |   15.10        0.00
POST     /cart [add]                                                                     1407     0(0.00%) |    347       7    2140    340 |   20.90        0.00
POST     /cart/checkout                                                                   548     0(0.00%) |    335       8    2101    390 |    8.40        0.00
GET      /product/[id]                                                                   4264     0(0.00%) |    327       4    1642    340 |   68.80        0.00
POST     /setCurrency                                                                     882     0(0.00%) |     67       8    1406     14 |   13.20        0.00
--------|----------------------------------------------------------------------------|-------|-------------|-------|-------|-------|-------|--------|-----------
         Aggregated                                                                      8444     0(0.00%) |    290       4    2140    270 |  132.50        0.00

Type     Name                                                                          # reqs      # fails |    Avg     Min     Max    Med |   req/s  failures/s
--------|----------------------------------------------------------------------------|-------|-------------|-------|-------|-------|-------|--------|-----------
GET      /                                                                                316     0(0.00%) |     63       8    1400     12 |    6.60        0.00
GET      /cart                                                                           1077     0(0.00%) |    303       4    1104    330 |   13.80        0.00
POST     /cart [add]                                                                     1456     0(0.00%) |    352       7    2140    350 |   21.70        0.00
POST     /cart/checkout                                                                   565     0(0.00%) |    340       8    2101    390 |    9.30        0.00
GET      /product/[id]                                                                   4397     0(0.00%) |    331       4    1642    360 |   65.10        0.00
POST     /setCurrency                                                                     909     0(0.00%) |     65       8    1406     14 |   13.30        0.00
--------|----------------------------------------------------------------------------|-------|-------------|-------|-------|-------|-------|--------|-----------
         Aggregated                                                                      8720     0(0.00%) |    294       4    2140    290 |  129.80        0.00

Type     Name                                                                          # reqs      # fails |    Avg     Min     Max    Med |   req/s  failures/s
--------|----------------------------------------------------------------------------|-------|-------------|-------|-------|-------|-------|--------|-----------
GET      /                                                                                321     0(0.00%) |     63       8    1400     12 |    6.40        0.00
GET      /cart                                                                           1104     0(0.00%) |    307       4    1104    340 |   14.10        0.00
POST     /cart [add]                                                                     1500     0(0.00%) |    357       7    2140    360 |   21.60        0.00
POST     /cart/checkout                                                                   578     0(0.00%) |    344       8    2101    390 |    8.70        0.00
GET      /product/[id]                                                                   4529     0(0.00%) |    336       4    1642    370 |   64.00        0.00
POST     /setCurrency                                                                     938     0(0.00%) |     64       8    1406     14 |   12.40        0.00
--------|----------------------------------------------------------------------------|-------|-------------|-------|-------|-------|-------|--------|-----------
         Aggregated                                                                      8970     0(0.00%) |    298       4    2140    300 |  127.20        0.00

Type     Name                                                                          # reqs      # fails |    Avg     Min     Max    Med |   req/s  failures/s
--------|----------------------------------------------------------------------------|-------|-------------|-------|-------|-------|-------|--------|-----------
GET      /                                                                                331     0(0.00%) |     61       8    1400     12 |    5.80        0.00
GET      /cart                                                                           1138     0(0.00%) |    314       4    1104    350 |   13.60        0.00
POST     /cart [add]                                                                     1539     0(0.00%) |    362       7    2140    370 |   21.80        0.00
POST     /cart/checkout                                                                   596     0(0.00%) |    350       8    2101    400 |    8.00        0.00
GET      /product/[id]                                                                   4662     0(0.00%) |    343       4    1642    380 |   62.80        0.00
POST     /setCurrency                                                                     963     0(0.00%) |     62       8    1406     14 |   12.10        0.00
--------|----------------------------------------------------------------------------|-------|-------------|-------|-------|-------|-------|--------|-----------
         Aggregated                                                                      9229     0(0.00%) |    304       4    2140    310 |  124.10        0.00

Type     Name                                                                          # reqs      # fails |    Avg     Min     Max    Med |   req/s  failures/s
--------|----------------------------------------------------------------------------|-------|-------------|-------|-------|-------|-------|--------|-----------
GET      /                                                                                340     0(0.00%) |     60       8    1400     12 |    5.60        0.00
GET      /cart                                                                           1170     0(0.00%) |    320       4    1104    360 |   14.50        0.00
POST     /cart [add]                                                                     1586     0(0.00%) |    368       7    2140    380 |   21.50        0.00
POST     /cart/checkout                                                                   610     0(0.00%) |    354       8    2101    400 |    8.40        0.00
GET      /product/[id]                                                                   4794     0(0.00%) |    348       4    1642    380 |   64.10        0.00
POST     /setCurrency                                                                     989     0(0.00%) |     61       8    1406     14 |   13.30        0.00
--------|----------------------------------------------------------------------------|-------|-------------|-------|-------|-------|-------|--------|-----------
         Aggregated                                                                      9489     0(0.00%) |    308       4    2140    320 |  127.40        0.00

Type     Name                                                                          # reqs      # fails |    Avg     Min     Max    Med |   req/s  failures/s
--------|----------------------------------------------------------------------------|-------|-------------|-------|-------|-------|-------|--------|-----------
GET      /                                                                                344     0(0.00%) |     59       7    1400     12 |    4.80        0.00
GET      /cart                                                                           1196     0(0.00%) |    323       4    1104    370 |   14.90        0.00
POST     /cart [add]                                                                     1640     0(0.00%) |    372       7    2140    400 |   22.80        0.00
POST     /cart/checkout                                                                   634     0(0.00%) |    359       8    2101    400 |    8.30        0.00
GET      /product/[id]                                                                   4928     0(0.00%) |    351       4    1642    390 |   65.60        0.00
POST     /setCurrency                                                                    1021     0(0.00%) |     60       8    1406     14 |   13.50        0.00
--------|----------------------------------------------------------------------------|-------|-------------|-------|-------|-------|-------|--------|-----------
         Aggregated                                                                      9763     0(0.00%) |    311       4    2140    340 |  129.90        0.00

Type     Name                                                                          # reqs      # fails |    Avg     Min     Max    Med |   req/s  failures/s
--------|----------------------------------------------------------------------------|-------|-------------|-------|-------|-------|-------|--------|-----------
GET      /                                                                                350     0(0.00%) |     59       7    1400     12 |    4.20        0.00
GET      /cart                                                                           1231     0(0.00%) |    327       4    1104    380 |   15.20        0.00
POST     /cart [add]                                                                     1688     0(0.00%) |    374       7    2140    410 |   23.40        0.00
POST     /cart/checkout                                                                   649     0(0.00%) |    362       8    2101    400 |    8.60        0.00
GET      /product/[id]                                                                   5077     0(0.00%) |    355       4    1642    400 |   66.70        0.00
POST     /setCurrency                                                                    1043     0(0.00%) |     59       8    1406     14 |   13.90        0.00
--------|----------------------------------------------------------------------------|-------|-------------|-------|-------|-------|-------|--------|-----------
         Aggregated                                                                     10038     0(0.00%) |    314       4    2140    350 |  132.00        0.00

Type     Name                                                                          # reqs      # fails |    Avg     Min     Max    Med |   req/s  failures/s
--------|----------------------------------------------------------------------------|-------|-------------|-------|-------|-------|-------|--------|-----------
GET      /                                                                                356     0(0.00%) |     58       7    1400     12 |    3.50        0.00
GET      /cart                                                                           1262     0(0.00%) |    334       4    1104    390 |   15.40        0.00
POST     /cart [add]                                                                     1726     0(0.00%) |    380       7    2140    410 |   23.10        0.00
POST     /cart/checkout                                                                   662     0(0.00%) |    366       8    2101    400 |    8.60        0.00
GET      /product/[id]                                                                   5193     0(0.00%) |    360       4    1642    410 |   68.00        0.00
POST     /setCurrency                                                                    1062     0(0.00%) |     58       8    1406     14 |   13.50        0.00
--------|----------------------------------------------------------------------------|-------|-------------|-------|-------|-------|-------|--------|-----------
         Aggregated                                                                     10261     0(0.00%) |    319       4    2140    360 |  132.10        0.00

Type     Name                                                                          # reqs      # fails |    Avg     Min     Max    Med |   req/s  failures/s
--------|----------------------------------------------------------------------------|-------|-------------|-------|-------|-------|-------|--------|-----------
GET      /                                                                                368     0(0.00%) |     57       7    1400     12 |    3.50        0.00
GET      /cart                                                                           1292     0(0.00%) |    339       4    1104    390 |   15.60        0.00
POST     /cart [add]                                                                     1767     0(0.00%) |    384       7    2140    420 |   22.40        0.00
POST     /cart/checkout                                                                   675     0(0.00%) |    372       8    2101    400 |    8.50        0.00
GET      /product/[id]                                                                   5326     0(0.00%) |    365       4    1642    410 |   66.30        0.00
POST     /setCurrency                                                                    1084     0(0.00%) |     57       8    1406     14 |   12.50        0.00
--------|----------------------------------------------------------------------------|-------|-------------|-------|-------|-------|-------|--------|-----------
         Aggregated                                                                     10512     0(0.00%) |    323       4    2140    360 |  128.80        0.00

Type     Name                                                                          # reqs      # fails |    Avg     Min     Max    Med |   req/s  failures/s
--------|----------------------------------------------------------------------------|-------|-------------|-------|-------|-------|-------|--------|-----------
GET      /                                                                                380     0(0.00%) |     55       7    1400     12 |    3.80        0.00
GET      /cart                                                                           1322     0(0.00%) |    346       4    1104    400 |   15.40        0.00
POST     /cart [add]                                                                     1805     0(0.00%) |    389       7    2140    420 |   22.70        0.00
POST     /cart/checkout                                                                   684     0(0.00%) |    375       8    2101    400 |    8.00        0.00
GET      /product/[id]                                                                   5446     0(0.00%) |    371       4    1642    420 |   66.80        0.00
POST     /setCurrency                                                                    1109     0(0.00%) |     57       8    1406     14 |   12.10        0.00
--------|----------------------------------------------------------------------------|-------|-------------|-------|-------|-------|-------|--------|-----------
         Aggregated                                                                     10746     0(0.00%) |    328       4    2140    370 |  128.80        0.00

Type     Name                                                                          # reqs      # fails |    Avg     Min     Max    Med |   req/s  failures/s
--------|----------------------------------------------------------------------------|-------|-------------|-------|-------|-------|-------|--------|-----------
GET      /                                                                                387     0(0.00%) |     55       7    1400     12 |    4.00        0.00
GET      /cart                                                                           1356     0(0.00%) |    350       4    1104    410 |   15.30        0.00
POST     /cart [add]                                                                     1848     0(0.00%) |    391       7    2140    430 |   21.70        0.00
POST     /cart/checkout                                                                   700     0(0.00%) |    378       8    2101    410 |    7.50        0.00
GET      /product/[id]                                                                   5594     0(0.00%) |    374       4    1642    420 |   65.50        0.00
POST     /setCurrency                                                                    1141     0(0.00%) |     55       8    1406     14 |   12.10        0.00
--------|----------------------------------------------------------------------------|-------|-------------|-------|-------|-------|-------|--------|-----------
         Aggregated                                                                     11026     0(0.00%) |    330       4    2140    380 |  126.10        0.00

Type     Name                                                                          # reqs      # fails |    Avg     Min     Max    Med |   req/s  failures/s
--------|----------------------------------------------------------------------------|-------|-------------|-------|-------|-------|-------|--------|-----------
GET      /                                                                                392     0(0.00%) |     54       7    1400     12 |    4.00        0.00
GET      /cart                                                                           1380     0(0.00%) |    354       4    1104    410 |   16.10        0.00
POST     /cart [add]                                                                     1884     0(0.00%) |    395       7    2140    430 |   20.80        0.00
POST     /cart/checkout                                                                   715     0(0.00%) |    383       8    2101    410 |    6.60        0.00
GET      /product/[id]                                                                   5710     0(0.00%) |    378       4    1642    420 |   66.70        0.00
POST     /setCurrency                                                                    1157     0(0.00%) |     55       8    1406     14 |   11.80        0.00
--------|----------------------------------------------------------------------------|-------|-------------|-------|-------|-------|-------|--------|-----------
         Aggregated                                                                     11238     0(0.00%) |    333       4    2140    390 |  126.00        0.00

Type     Name                                                                          # reqs      # fails |    Avg     Min     Max    Med |   req/s  failures/s
--------|----------------------------------------------------------------------------|-------|-------------|-------|-------|-------|-------|--------|-----------
GET      /                                                                                405     0(0.00%) |     53       7    1400     12 |    4.20        0.00
GET      /cart                                                                           1411     0(0.00%) |    361       4    1104    420 |   15.00        0.00
POST     /cart [add]                                                                     1922     0(0.00%) |    400       7    2140    430 |   19.90        0.00
POST     /cart/checkout                                                                   734     0(0.00%) |    390       8    2101    410 |    6.60        0.00
GET      /product/[id]                                                                   5832     0(0.00%) |    384       4    1642    430 |   63.50        0.00
POST     /setCurrency                                                                    1182     0(0.00%) |     54       8    1406     14 |   11.40        0.00
--------|----------------------------------------------------------------------------|-------|-------------|-------|-------|-------|-------|--------|-----------
         Aggregated                                                                     11486     0(0.00%) |    339       4    2140    390 |  120.60        0.00

Type     Name                                                                          # reqs      # fails |    Avg     Min     Max    Med |   req/s  failures/s
--------|----------------------------------------------------------------------------|-------|-------------|-------|-------|-------|-------|--------|-----------
GET      /                                                                                414     0(0.00%) |     52       7    1400     12 |    4.90        0.00
GET      /cart                                                                           1442     0(0.00%) |    363       4    1104    420 |   15.00        0.00
POST     /cart [add]                                                                     1955     0(0.00%) |    401       7    2140    430 |   19.80        0.00
POST     /cart/checkout                                                                   742     0(0.00%) |    391       8    2101    410 |    7.10        0.00
GET      /product/[id]                                                                   5994     0(0.00%) |    387       4    1642    430 |   63.80        0.00
POST     /setCurrency                                                                    1220     0(0.00%) |     53       8    1406     14 |   11.90        0.00
--------|----------------------------------------------------------------------------|-------|-------------|-------|-------|-------|-------|--------|-----------
         Aggregated                                                                     11767     0(0.00%) |    340       4    2140    400 |  122.50        0.00

Type     Name                                                                          # reqs      # fails |    Avg     Min     Max    Med |   req/s  failures/s
--------|----------------------------------------------------------------------------|-------|-------------|-------|-------|-------|-------|--------|-----------
GET      /                                                                                428     0(0.00%) |     51       7    1400     12 |    4.50        0.00
GET      /cart                                                                           1473     0(0.00%) |    366       4    1104    420 |   15.00        0.00
POST     /cart [add]                                                                     2004     0(0.00%) |    405       7    2140    440 |   18.70        0.00
POST     /cart/checkout                                                                   762     0(0.00%) |    395       8    2101    420 |    6.70        0.00
GET      /product/[id]                                                                   6118     0(0.00%) |    389       4    1642    430 |   66.70        0.00
POST     /setCurrency                                                                    1242     0(0.00%) |     53       8    1406     14 |   13.20        0.00
--------|----------------------------------------------------------------------------|-------|-------------|-------|-------|-------|-------|--------|-----------
         Aggregated                                                                     12027     0(0.00%) |    343       4    2140    400 |  124.80        0.00

Type     Name                                                                          # reqs      # fails |    Avg     Min     Max    Med |   req/s  failures/s
--------|----------------------------------------------------------------------------|-------|-------------|-------|-------|-------|-------|--------|-----------
GET      /                                                                                440     0(0.00%) |     51       7    1400     12 |    4.80        0.00
GET      /cart                                                                           1508     0(0.00%) |    370       4    1104    430 |   15.10        0.00
POST     /cart [add]                                                                     2050     0(0.00%) |    407       7    2140    440 |   20.20        0.00
POST     /cart/checkout                                                                   777     0(0.00%) |    397       8    2101    430 |    7.40        0.00
GET      /product/[id]                                                                   6246     0(0.00%) |    391       4    1642    440 |   66.40        0.00
POST     /setCurrency                                                                    1270     0(0.00%) |     52       8    1406     14 |   13.40        0.00
--------|----------------------------------------------------------------------------|-------|-------------|-------|-------|-------|-------|--------|-----------
         Aggregated                                                                     12291     0(0.00%) |    344       4    2140    400 |  127.30        0.00

Type     Name                                                                          # reqs      # fails |    Avg     Min     Max    Med |   req/s  failures/s
--------|----------------------------------------------------------------------------|-------|-------------|-------|-------|-------|-------|--------|-----------
GET      /                                                                                452     0(0.00%) |     50       7    1400     12 |    5.60        0.00
GET      /cart                                                                           1539     0(0.00%) |    372       4    1104    430 |   15.30        0.00
POST     /cart [add]                                                                     2086     0(0.00%) |    408       7    2140    440 |   20.20        0.00
POST     /cart/checkout                                                                   789     0(0.00%) |    398       8    2101    430 |    7.60        0.00
GET      /product/[id]                                                                   6402     0(0.00%) |    393       4    1642    440 |   65.00        0.00
POST     /setCurrency                                                                    1305     0(0.00%) |     51       8    1406     14 |   12.70        0.00
--------|----------------------------------------------------------------------------|-------|-------------|-------|-------|-------|-------|--------|-----------
         Aggregated                                                                     12573     0(0.00%) |    346       4    2140    410 |  126.40        0.00

Type     Name                                                                          # reqs      # fails |    Avg     Min     Max    Med |   req/s  failures/s
--------|----------------------------------------------------------------------------|-------|-------------|-------|-------|-------|-------|--------|-----------
GET      /                                                                                463     0(0.00%) |     49       7    1400     12 |    5.90        0.00
GET      /cart                                                                           1565     0(0.00%) |    375       4    1104    430 |   15.50        0.00
POST     /cart [add]                                                                     2131     0(0.00%) |    412       7    2140    450 |   20.10        0.00
POST     /cart/checkout                                                                   804     0(0.00%) |    402       8    2101    430 |    7.10        0.00
GET      /product/[id]                                                                   6528     0(0.00%) |    397       4    1642    440 |   69.20        0.00
POST     /setCurrency                                                                    1327     0(0.00%) |     51       8    1406     14 |   14.50        0.00
--------|----------------------------------------------------------------------------|-------|-------------|-------|-------|-------|-------|--------|-----------
         Aggregated                                                                     12818     0(0.00%) |    349       4    2140    410 |  132.30        0.00

Type     Name                                                                          # reqs      # fails |    Avg     Min     Max    Med |   req/s  failures/s
--------|----------------------------------------------------------------------------|-------|-------------|-------|-------|-------|-------|--------|-----------
GET      /                                                                                468     0(0.00%) |     49       7    1400     12 |    6.00        0.00
GET      /cart                                                                           1590     0(0.00%) |    378       4    1104    430 |   16.40        0.00
POST     /cart [add]                                                                     2164     0(0.00%) |    414       7    2140    450 |   20.70        0.00
POST     /cart/checkout                                                                   815     0(0.00%) |    404       8    2101    440 |    7.30        0.00
GET      /product/[id]                                                                   6636     0(0.00%) |    399       4    1642    440 |   70.00        0.00
POST     /setCurrency                                                                    1341     0(0.00%) |     50       8    1406     14 |   14.60        0.00
--------|----------------------------------------------------------------------------|-------|-------------|-------|-------|-------|-------|--------|-----------
         Aggregated                                                                     13014     0(0.00%) |    351       4    2140    410 |  135.00        0.00

Type     Name                                                                          # reqs      # fails |    Avg     Min     Max    Med |   req/s  failures/s
--------|----------------------------------------------------------------------------|-------|-------------|-------|-------|-------|-------|--------|-----------
GET      /                                                                                473     0(0.00%) |     50       7    1400     12 |    5.50        0.00
GET      /cart                                                                           1622     0(0.00%) |    382       4    1104    430 |   14.90        0.00
POST     /cart [add]                                                                     2210     0(0.00%) |    422       7    2140    450 |   21.20        0.00
POST     /cart/checkout                                                                   833     0(0.00%) |    413       8    2101    460 |    7.30        0.00
GET      /product/[id]                                                                   6770     0(0.00%) |    405       4    1642    440 |   64.90        0.00
POST     /setCurrency                                                                    1364     0(0.00%) |     52       8    1406     14 |   12.60        0.00
--------|----------------------------------------------------------------------------|-------|-------------|-------|-------|-------|-------|--------|-----------
         Aggregated                                                                     13272     0(0.00%) |    356       4    2140    420 |  126.40        0.00

Type     Name                                                                          # reqs      # fails |    Avg     Min     Max    Med |   req/s  failures/s
--------|----------------------------------------------------------------------------|-------|-------------|-------|-------|-------|-------|--------|-----------
GET      /                                                                                480     0(0.00%) |     52       7    1400     12 |    4.60        0.00
GET      /cart                                                                           1650     0(0.00%) |    384       4    1104    440 |   14.70        0.00
POST     /cart [add]                                                                     2254     0(0.00%) |    426       7    2140    450 |   20.20        0.00
POST     /cart/checkout                                                                   844     0(0.00%) |    415       8    2101    470 |    7.50        0.00
GET      /product/[id]                                                                   6899     0(0.00%) |    407       4    1642    450 |   65.70        0.00
POST     /setCurrency                                                                    1400     0(0.00%) |     53       8    1406     14 |   12.30        0.00
--------|----------------------------------------------------------------------------|-------|-------------|-------|-------|-------|-------|--------|-----------
         Aggregated                                                                     13527     0(0.00%) |    359       4    2140    420 |  125.00        0.00

Type     Name                                                                          # reqs      # fails |    Avg     Min     Max    Med |   req/s  failures/s
--------|----------------------------------------------------------------------------|-------|-------------|-------|-------|-------|-------|--------|-----------
GET      /                                                                                485     0(0.00%) |     52       7    1400     12 |    3.90        0.00
GET      /cart                                                                           1681     0(0.00%) |    386       4    1104    440 |   13.90        0.00
POST     /cart [add]                                                                     2298     0(0.00%) |    427       7    2140    450 |   20.60        0.00
POST     /cart/checkout                                                                   860     0(0.00%) |    417       8    2101    470 |    6.70        0.00
GET      /product/[id]                                                                   7035     0(0.00%) |    409       4    1642    450 |   65.20        0.00
POST     /setCurrency                                                                    1426     0(0.00%) |     52       8    1406     14 |   13.10        0.00
--------|----------------------------------------------------------------------------|-------|-------------|-------|-------|-------|-------|--------|-----------
         Aggregated                                                                     13785     0(0.00%) |    360       4    2140    420 |  123.40        0.00

Type     Name                                                                          # reqs      # fails |    Avg     Min     Max    Med |   req/s  failures/s
--------|----------------------------------------------------------------------------|-------|-------------|-------|-------|-------|-------|--------|-----------
GET      /                                                                                495     0(0.00%) |     51       7    1400     12 |    3.40        0.00
GET      /cart                                                                           1701     0(0.00%) |    387       4    1104    440 |   14.50        0.00
POST     /cart [add]                                                                     2343     0(0.00%) |    429       7    2140    460 |   20.80        0.00
POST     /cart/checkout                                                                   874     0(0.00%) |    419       8    2101    480 |    7.30        0.00
GET      /product/[id]                                                                   7175     0(0.00%) |    411       4    1642    450 |   63.30        0.00
POST     /setCurrency                                                                    1456     0(0.00%) |     52       8    1406     14 |   12.30        0.00
--------|----------------------------------------------------------------------------|-------|-------------|-------|-------|-------|-------|--------|-----------
         Aggregated                                                                     14044     0(0.00%) |    362       4    2140    420 |  121.60        0.00

Type     Name                                                                          # reqs      # fails |    Avg     Min     Max    Med |   req/s  failures/s
--------|----------------------------------------------------------------------------|-------|-------------|-------|-------|-------|-------|--------|-----------
GET      /                                                                                502     0(0.00%) |     51       7    1400     12 |    4.19        0.00
GET      /cart                                                                           1732     0(0.00%) |    389       4    1104    440 |   14.45        0.00
POST     /cart [add]                                                                     2383     0(0.00%) |    430       7    2140    460 |   19.88        0.00
POST     /cart/checkout                                                                   895     0(0.00%) |    421       8    2101    480 |    7.47        0.00
GET      /product/[id]                                                                   7304     0(0.00%) |    413       4    1642    450 |   60.94        0.00
POST     /setCurrency                                                                    1478     0(0.00%) |     52       8    1406     14 |   12.33        0.00
--------|----------------------------------------------------------------------------|-------|-------------|-------|-------|-------|-------|--------|-----------
         Aggregated                                                                     14294     0(0.00%) |    363       4    2140    430 |  119.26        0.00

Response time percentiles (approximated)
Type     Name                                                                                  50%    66%    75%    80%    90%    95%    98%    99%  99.9% 99.99%   100% # reqs
--------|--------------------------------------------------------------------------------|--------|------|------|------|------|------|------|------|------|------|------|------
GET      /                                                                                      12     14     17     19     52    350    610    790   1400   1400   1400    502
GET      /cart                                                                                 440    500    530    550    610    690    850    950   1100   1100   1100   1732
POST     /cart [add]                                                                           460    510    540    570    650    850   1300   1500   2000   2100   2100   2383
POST     /cart/checkout                                                                        480    500    510    590    610    700   1000   1500   2100   2100   2100    895
GET      /product/[id]                                                                         450    500    530    560    640    740    970   1100   1500   1600   1600   7304
POST     /setCurrency                                                                           14     16     18     20     41    300    740    930   1400   1400   1400   1478
--------|--------------------------------------------------------------------------------|--------|------|------|------|------|------|------|------|------|------|------|------
         Aggregated                                                                            430    490    520    540    620    710    970   1200   1800   2100   2100  14294

