/Users/edias/Library/Python/3.9/lib/python/site-packages/urllib3/__init__.py:35: NotOpenSSLWarning: urllib3 v2 only supports OpenSSL 1.1.1+, currently the 'ssl' module is compiled with 'LibreSSL 2.8.3'. See: https://github.com/urllib3/urllib3/issues/3020
  warnings.warn(
[2026-04-26 10:36:55,462] Mac/WARNING/locust.main: Python 3.9 support is deprecated and will be removed soon
Type     Name                                                                          # reqs      # fails |    Avg     Min     Max    Med |   req/s  failures/s
--------|----------------------------------------------------------------------------|-------|-------------|-------|-------|-------|-------|--------|-----------
--------|----------------------------------------------------------------------------|-------|-------------|-------|-------|-------|-------|--------|-----------
         Aggregated                                                                         0     0(0.00%) |      0       0       0      0 |    0.00        0.00

Type     Name                                                                          # reqs      # fails |    Avg     Min     Max    Med |   req/s  failures/s
--------|----------------------------------------------------------------------------|-------|-------------|-------|-------|-------|-------|--------|-----------
--------|----------------------------------------------------------------------------|-------|-------------|-------|-------|-------|-------|--------|-----------
         Aggregated                                                                         0     0(0.00%) |      0       0       0      0 |    0.00        0.00

Type     Name                                                                          # reqs      # fails |    Avg     Min     Max    Med |   req/s  failures/s
--------|----------------------------------------------------------------------------|-------|-------------|-------|-------|-------|-------|--------|-----------
--------|----------------------------------------------------------------------------|-------|-------------|-------|-------|-------|-------|--------|-----------
         Aggregated                                                                         0     0(0.00%) |      0       0       0      0 |    0.00        0.00

Type     Name                                                                          # reqs      # fails |    Avg     Min     Max    Med |   req/s  failures/s
--------|----------------------------------------------------------------------------|-------|-------------|-------|-------|-------|-------|--------|-----------
GET      /cart                                                                              9     0(0.00%) |     39      11     201     15 |    0.00        0.00
POST     /cart [add]                                                                       19     0(0.00%) |     94      17    1320     24 |    0.00        0.00
POST     /cart/checkout                                                                     9     0(0.00%) |     75      18     192     72 |    0.00        0.00
GET      /product/[id]                                                                     39     0(0.00%) |    437      10    4216     17 |    0.00        0.00
POST     /setCurrency                                                                       6     0(0.00%) |    773      19    4215     29 |    0.00        0.00
--------|----------------------------------------------------------------------------|-------|-------------|-------|-------|-------|-------|--------|-----------
         Aggregated                                                                        82     0(0.00%) |    299      10    4216     21 |    0.00        0.00

Type     Name                                                                          # reqs      # fails |    Avg     Min     Max    Med |   req/s  failures/s
--------|----------------------------------------------------------------------------|-------|-------------|-------|-------|-------|-------|--------|-----------
GET      /                                                                                  2     0(0.00%) |     19      13      26     14 |    0.00        0.00
GET      /cart                                                                             23     0(0.00%) |     23       9     201     13 |    0.83        0.00
POST     /cart [add]                                                                       39     0(0.00%) |     55      14    1320     21 |    2.50        0.00
POST     /cart/checkout                                                                    15     0(0.00%) |     56      16     192     28 |    1.17        0.00
GET      /product/[id]                                                                     91     0(0.00%) |    196       9    4216     14 |    4.33        0.00
POST     /setCurrency                                                                      21     0(0.00%) |    238      17    4215     23 |    0.67        0.00
--------|----------------------------------------------------------------------------|-------|-------------|-------|-------|-------|-------|--------|-----------
         Aggregated                                                                       191     0(0.00%) |    138       9    4216     18 |    9.50        0.00

Type     Name                                                                          # reqs      # fails |    Avg     Min     Max    Med |   req/s  failures/s
--------|----------------------------------------------------------------------------|-------|-------------|-------|-------|-------|-------|--------|-----------
GET      /                                                                                  4     0(0.00%) |     18      13      26     17 |    0.25        0.00
GET      /cart                                                                             43     0(0.00%) |     21       8     201     14 |    2.38        0.00
POST     /cart [add]                                                                       65     0(0.00%) |     53      14    1320     21 |    4.12        0.00
POST     /cart/checkout                                                                    26     0(0.00%) |     51      16     201     27 |    1.62        0.00
GET      /product/[id]                                                                    155     0(0.00%) |    124       8    4216     14 |    9.62        0.00
POST     /setCurrency                                                                      33     0(0.00%) |    164      17    4215     24 |    2.25        0.00
--------|----------------------------------------------------------------------------|-------|-------------|-------|-------|-------|-------|--------|-----------
         Aggregated                                                                       326     0(0.00%) |     93       8    4216     18 |   20.25        0.00

Type     Name                                                                          # reqs      # fails |    Avg     Min     Max    Med |   req/s  failures/s
--------|----------------------------------------------------------------------------|-------|-------------|-------|-------|-------|-------|--------|-----------
GET      /                                                                                  5     0(0.00%) |     18      13      26     17 |    0.40        0.00
GET      /cart                                                                             60     0(0.00%) |     35       8     509     15 |    3.60        0.00
POST     /cart [add]                                                                       88     0(0.00%) |     65      14    1320     22 |    5.90        0.00
POST     /cart/checkout                                                                    36     0(0.00%) |     68      16     635     28 |    2.40        0.00
GET      /product/[id]                                                                    221     0(0.00%) |    106       8    4216     16 |   14.00        0.00
POST     /setCurrency                                                                      49     0(0.00%) |    147      17    4215     24 |    2.80        0.00
--------|----------------------------------------------------------------------------|-------|-------------|-------|-------|-------|-------|--------|-----------
         Aggregated                                                                       459     0(0.00%) |     89       8    4216     19 |   29.10        0.00

Type     Name                                                                          # reqs      # fails |    Avg     Min     Max    Med |   req/s  failures/s
--------|----------------------------------------------------------------------------|-------|-------------|-------|-------|-------|-------|--------|-----------
GET      /                                                                                  9     0(0.00%) |    125      13     551     25 |    0.50        0.00
GET      /cart                                                                             75     0(0.00%) |     84       8     986     15 |    5.30        0.00
POST     /cart [add]                                                                      113     0(0.00%) |    110      14    1320     24 |    8.20        0.00
POST     /cart/checkout                                                                    46     0(0.00%) |     95      16    1105     32 |    3.40        0.00
GET      /product/[id]                                                                    272     0(0.00%) |    121       8    4216     17 |   20.20        0.00
POST     /setCurrency                                                                      58     0(0.00%) |    135      16    4215     24 |    4.50        0.00
--------|----------------------------------------------------------------------------|-------|-------------|-------|-------|-------|-------|--------|-----------
         Aggregated                                                                       573     0(0.00%) |    113       8    4216     20 |   42.10        0.00

Type     Name                                                                          # reqs      # fails |    Avg     Min     Max    Med |   req/s  failures/s
--------|----------------------------------------------------------------------------|-------|-------------|-------|-------|-------|-------|--------|-----------
GET      /                                                                                 16     0(0.00%) |     98      13     551     32 |    0.60        0.00
GET      /cart                                                                            104     0(0.00%) |     73       8     986     16 |    6.90        0.00
POST     /cart [add]                                                                      157     0(0.00%) |     95      14    1320     25 |   10.20        0.00
POST     /cart/checkout                                                                    59     0(0.00%) |     88      16    1105     41 |    4.20        0.00
GET      /product/[id]                                                                    372     0(0.00%) |     98       8    4216     17 |   25.50        0.00
POST     /setCurrency                                                                      71     0(0.00%) |    121      16    4215     25 |    5.70        0.00
--------|----------------------------------------------------------------------------|-------|-------------|-------|-------|-------|-------|--------|-----------
         Aggregated                                                                       779     0(0.00%) |     95       8    4216     21 |   53.10        0.00

Type     Name                                                                          # reqs      # fails |    Avg     Min     Max    Med |   req/s  failures/s
--------|----------------------------------------------------------------------------|-------|-------------|-------|-------|-------|-------|--------|-----------
GET      /                                                                                 22     0(0.00%) |     91      13     551     32 |    1.30        0.00
GET      /cart                                                                            117     0(0.00%) |     75       8     986     17 |    8.90        0.00
POST     /cart [add]                                                                      198     0(0.00%) |     98      13    1320     28 |   13.10        0.00
POST     /cart/checkout                                                                    73     0(0.00%) |     87      16    1105     43 |    4.90        0.00
GET      /product/[id]                                                                    467     0(0.00%) |     90       8    4216     19 |   32.50        0.00
POST     /setCurrency                                                                      86     0(0.00%) |    111      15    4215     25 |    6.20        0.00
--------|----------------------------------------------------------------------------|-------|-------------|-------|-------|-------|-------|--------|-----------
         Aggregated                                                                       963     0(0.00%) |     91       8    4216     24 |   66.90        0.00

Type     Name                                                                          # reqs      # fails |    Avg     Min     Max    Med |   req/s  failures/s
--------|----------------------------------------------------------------------------|-------|-------------|-------|-------|-------|-------|--------|-----------
GET      /                                                                                 25     0(0.00%) |    123      13     611     54 |    2.00        0.00
GET      /cart                                                                            145     0(0.00%) |    107       8     986     30 |    9.70        0.00
POST     /cart [add]                                                                      214     0(0.00%) |    122      13    1320     35 |   15.80        0.00
POST     /cart/checkout                                                                    76     0(0.00%) |     89      16    1105     47 |    6.00        0.00
GET      /product/[id]                                                                    542     0(0.00%) |    116       8    4216     26 |   36.90        0.00
POST     /setCurrency                                                                      97     0(0.00%) |    127      15    4215     36 |    6.70        0.00
--------|----------------------------------------------------------------------------|-------|-------------|-------|-------|-------|-------|--------|-----------
         Aggregated                                                                      1099     0(0.00%) |    115       8    4216     30 |   77.10        0.00

Type     Name                                                                          # reqs      # fails |    Avg     Min     Max    Med |   req/s  failures/s
--------|----------------------------------------------------------------------------|-------|-------------|-------|-------|-------|-------|--------|-----------
GET      /                                                                                 30     0(0.00%) |    147      13     611     58 |    2.00        0.00
GET      /cart                                                                            164     0(0.00%) |    131       8     986     43 |    9.70        0.00
POST     /cart [add]                                                                      228     0(0.00%) |    135      13    1320     43 |   15.20        0.00
POST     /cart/checkout                                                                    80     0(0.00%) |    105      16    1105     52 |    5.20        0.00
GET      /product/[id]                                                                    637     0(0.00%) |    137       8    4216     34 |   37.80        0.00
POST     /setCurrency                                                                     112     0(0.00%) |    148      15    4215     50 |    6.70        0.00
--------|----------------------------------------------------------------------------|-------|-------------|-------|-------|-------|-------|--------|-----------
         Aggregated                                                                      1251     0(0.00%) |    135       8    4216     42 |   76.60        0.00

Type     Name                                                                          # reqs      # fails |    Avg     Min     Max    Med |   req/s  failures/s
--------|----------------------------------------------------------------------------|-------|-------------|-------|-------|-------|-------|--------|-----------
GET      /                                                                                 36     0(0.00%) |    139      13     611     71 |    2.40        0.00
GET      /cart                                                                            192     0(0.00%) |    124       8     986     56 |   10.30        0.00
POST     /cart [add]                                                                      266     0(0.00%) |    133      12    1320     56 |   14.30        0.00
POST     /cart/checkout                                                                    98     0(0.00%) |    110      16    1105     71 |    4.50        0.00
GET      /product/[id]                                                                    763     0(0.00%) |    131       8    4216     46 |   40.00        0.00
POST     /setCurrency                                                                     147     0(0.00%) |    135      15    4215     56 |    6.20        0.00
--------|----------------------------------------------------------------------------|-------|-------------|-------|-------|-------|-------|--------|-----------
         Aggregated                                                                      1502     0(0.00%) |    130       8    4216     52 |   77.70        0.00

Type     Name                                                                          # reqs      # fails |    Avg     Min     Max    Med |   req/s  failures/s
--------|----------------------------------------------------------------------------|-------|-------------|-------|-------|-------|-------|--------|-----------
GET      /                                                                                 49     0(0.00%) |    126      13     611     71 |    2.80        0.00
GET      /cart                                                                            226     0(0.00%) |    123       8     986     67 |   12.00        0.00
POST     /cart [add]                                                                      319     0(0.00%) |    137      12    1320     78 |   15.40        0.00
POST     /cart/checkout                                                                   118     0(0.00%) |    120      16    1105     95 |    4.80        0.00
GET      /product/[id]                                                                    875     0(0.00%) |    129       8    4216     54 |   47.40        0.00
POST     /setCurrency                                                                     175     0(0.00%) |    129      14    4215     62 |    8.30        0.00
--------|----------------------------------------------------------------------------|-------|-------------|-------|-------|-------|-------|--------|-----------
         Aggregated                                                                      1762     0(0.00%) |    129       8    4216     63 |   90.70        0.00

Type     Name                                                                          # reqs      # fails |    Avg     Min     Max    Med |   req/s  failures/s
--------|----------------------------------------------------------------------------|-------|-------------|-------|-------|-------|-------|--------|-----------
GET      /                                                                                 60     0(0.00%) |    132      13     624     65 |    3.30        0.00
GET      /cart                                                                            256     0(0.00%) |    128       8     986     71 |   12.30        0.00
POST     /cart [add]                                                                      374     0(0.00%) |    139      12    1320     90 |   16.40        0.00
POST     /cart/checkout                                                                   134     0(0.00%) |    124      16    1105     95 |    5.60        0.00
GET      /product/[id]                                                                   1010     0(0.00%) |    131       8    4216     62 |   48.80        0.00
POST     /setCurrency                                                                     191     0(0.00%) |    128      14    4215     62 |   10.20        0.00
--------|----------------------------------------------------------------------------|-------|-------------|-------|-------|-------|-------|--------|-----------
         Aggregated                                                                      2025     0(0.00%) |    131       8    4216     70 |   96.60        0.00

Type     Name                                                                          # reqs      # fails |    Avg     Min     Max    Med |   req/s  failures/s
--------|----------------------------------------------------------------------------|-------|-------------|-------|-------|-------|-------|--------|-----------
GET      /                                                                                 66     0(0.00%) |    125      13     624     58 |    2.22        0.00
GET      /cart                                                                            297     0(0.00%) |    134       8     986     82 |    9.99        0.00
POST     /cart [add]                                                                      402     0(0.00%) |    142      12    1320     95 |   13.52        0.00
POST     /cart/checkout                                                                   150     0(0.00%) |    129      16    1105     96 |    5.04        0.00
GET      /product/[id]                                                                   1124     0(0.00%) |    133       8    4216     66 |   37.80        0.00
POST     /setCurrency                                                                     217     0(0.00%) |    121      14    4215     60 |    7.30        0.00
--------|----------------------------------------------------------------------------|-------|-------------|-------|-------|-------|-------|--------|-----------
         Aggregated                                                                      2256     0(0.00%) |    133       8    4216     75 |   75.87        0.00

Response time percentiles (approximated)
Type     Name                                                                                  50%    66%    75%    80%    90%    95%    98%    99%  99.9% 99.99%   100% # reqs
--------|--------------------------------------------------------------------------------|--------|------|------|------|------|------|------|------|------|------|------|------
GET      /                                                                                      61    110    140    160    370    550    610    620    620    620    620     66
GET      /cart                                                                                  82    130    180    210    290    470    670    850    990    990    990    297
POST     /cart [add]                                                                            95    150    180    200    280    470    780    830   1300   1300   1300    402
POST     /cart/checkout                                                                         96    130    190    200    250    300    640    730   1100   1100   1100    150
GET      /product/[id]                                                                          66    110    170    200    290    420    660    900   3200   4200   4200   1124
POST     /setCurrency                                                                           60     98    120    150    190    470    690    700   4200   4200   4200    217
--------|--------------------------------------------------------------------------------|--------|------|------|------|------|------|------|------|------|------|------|------
         Aggregated                                                                             75    120    170    200    290    450    680    870   3200   4200   4200   2256

