/Users/edias/Library/Python/3.9/lib/python/site-packages/urllib3/__init__.py:35: NotOpenSSLWarning: urllib3 v2 only supports OpenSSL 1.1.1+, currently the 'ssl' module is compiled with 'LibreSSL 2.8.3'. See: https://github.com/urllib3/urllib3/issues/3020
  warnings.warn(
[2026-04-26 10:37:25,788] Mac/WARNING/locust.main: Python 3.9 support is deprecated and will be removed soon
Type     Name                                                                          # reqs      # fails |    Avg     Min     Max    Med |   req/s  failures/s
--------|----------------------------------------------------------------------------|-------|-------------|-------|-------|-------|-------|--------|-----------
--------|----------------------------------------------------------------------------|-------|-------------|-------|-------|-------|-------|--------|-----------
         Aggregated                                                                         0     0(0.00%) |      0       0       0      0 |    0.00        0.00

Type     Name                                                                          # reqs      # fails |    Avg     Min     Max    Med |   req/s  failures/s
--------|----------------------------------------------------------------------------|-------|-------------|-------|-------|-------|-------|--------|-----------
GET      /cart                                                                              2     0(0.00%) |     12      12      12     12 |    0.00        0.00
POST     /cart [add]                                                                        7     0(0.00%) |     22      15      32     22 |    0.00        0.00
POST     /cart/checkout                                                                     3     0(0.00%) |     18      15      23     16 |    0.00        0.00
GET      /product/[id]                                                                      8     0(0.00%) |     22      13      39     18 |    0.00        0.00
--------|----------------------------------------------------------------------------|-------|-------------|-------|-------|-------|-------|--------|-----------
         Aggregated                                                                        20     0(0.00%) |     20      12      39     18 |    0.00        0.00

Type     Name                                                                          # reqs      # fails |    Avg     Min     Max    Med |   req/s  failures/s
--------|----------------------------------------------------------------------------|-------|-------------|-------|-------|-------|-------|--------|-----------
GET      /                                                                                  2     0(0.00%) |    769     652     886    652 |    0.00        0.00
GET      /cart                                                                              5     0(0.00%) |     16      11      29     13 |    0.50        0.00
POST     /cart [add]                                                                       12     0(0.00%) |     82      15     751     21 |    3.00        0.00
POST     /cart/checkout                                                                     6     0(0.00%) |     31      15      89     23 |    1.50        0.00
GET      /product/[id]                                                                     27     0(0.00%) |    203      11     846     24 |    3.00        0.00
POST     /setCurrency                                                                       1     0(0.00%) |     20      20      20     20 |    0.00        0.00
--------|----------------------------------------------------------------------------|-------|-------------|-------|-------|-------|-------|--------|-----------
         Aggregated                                                                        53     0(0.00%) |    157      11     886     22 |    8.00        0.00

Type     Name                                                                          # reqs      # fails |    Avg     Min     Max    Med |   req/s  failures/s
--------|----------------------------------------------------------------------------|-------|-------------|-------|-------|-------|-------|--------|-----------
GET      /                                                                                  6     0(0.00%) |    269      15     886     20 |    0.25        0.00
GET      /cart                                                                             17     0(0.00%) |     14       9      29     13 |    1.00        0.00
POST     /cart [add]                                                                       25     0(0.00%) |     54      15     751     20 |    2.75        0.00
POST     /cart/checkout                                                                     9     0(0.00%) |     27      15      89     21 |    1.25        0.00
GET      /product/[id]                                                                     61     0(0.00%) |     97       9     846     14 |    4.75        0.00
POST     /setCurrency                                                                      17     0(0.00%) |     25      15      75     20 |    0.25        0.00
--------|----------------------------------------------------------------------------|-------|-------------|-------|-------|-------|-------|--------|-----------
         Aggregated                                                                       135     0(0.00%) |     72       9     886     17 |   10.25        0.00

Type     Name                                                                          # reqs      # fails |    Avg     Min     Max    Med |   req/s  failures/s
--------|----------------------------------------------------------------------------|-------|-------------|-------|-------|-------|-------|--------|-----------
GET      /                                                                                  8     0(0.00%) |    215      15     886     20 |    0.83        0.00
GET      /cart                                                                             33     0(0.00%) |     13       9      29     13 |    1.83        0.00
POST     /cart [add]                                                                       38     0(0.00%) |     43      14     751     18 |    3.00        0.00
POST     /cart/checkout                                                                    12     0(0.00%) |     25      15      89     19 |    1.50        0.00
GET      /product/[id]                                                                    125     0(0.00%) |     54       8     846     13 |    7.67        0.00
POST     /setCurrency                                                                      27     0(0.00%) |     23      15      75     20 |    1.83        0.00
--------|----------------------------------------------------------------------------|-------|-------------|-------|-------|-------|-------|--------|-----------
         Aggregated                                                                       243     0(0.00%) |     47       8     886     15 |   16.67        0.00

Type     Name                                                                          # reqs      # fails |    Avg     Min     Max    Med |   req/s  failures/s
--------|----------------------------------------------------------------------------|-------|-------------|-------|-------|-------|-------|--------|-----------
GET      /                                                                                 14     0(0.00%) |    131      15     886     19 |    0.88        0.00
GET      /cart                                                                             53     0(0.00%) |     13       9      29     13 |    3.38        0.00
POST     /cart [add]                                                                       58     0(0.00%) |     35      14     751     19 |    3.88        0.00
POST     /cart/checkout                                                                    23     0(0.00%) |     24      14      89     19 |    1.38        0.00
GET      /product/[id]                                                                    187     0(0.00%) |     41       8     846     13 |   12.38        0.00
POST     /setCurrency                                                                      40     0(0.00%) |     22      15      75     20 |    2.62        0.00
--------|----------------------------------------------------------------------------|-------|-------------|-------|-------|-------|-------|--------|-----------
         Aggregated                                                                       375     0(0.00%) |     36       8     886     15 |   24.50        0.00

Type     Name                                                                          # reqs      # fails |    Avg     Min     Max    Med |   req/s  failures/s
--------|----------------------------------------------------------------------------|-------|-------------|-------|-------|-------|-------|--------|-----------
GET      /                                                                                 18     0(0.00%) |    119      15     886     20 |    1.10        0.00
GET      /cart                                                                             66     0(0.00%) |     32       9     619     13 |    4.40        0.00
POST     /cart [add]                                                                       77     0(0.00%) |     80      14     918     20 |    4.90        0.00
POST     /cart/checkout                                                                    30     0(0.00%) |     23      14      89     19 |    1.60        0.00
GET      /product/[id]                                                                    259     0(0.00%) |     59       7     846     13 |   16.40        0.00
POST     /setCurrency                                                                      50     0(0.00%) |     50      15     691     20 |    3.40        0.00
--------|----------------------------------------------------------------------------|-------|-------------|-------|-------|-------|-------|--------|-----------
         Aggregated                                                                       500     0(0.00%) |     58       7     918     16 |   31.80        0.00

Type     Name                                                                          # reqs      # fails |    Avg     Min     Max    Med |   req/s  failures/s
--------|----------------------------------------------------------------------------|-------|-------------|-------|-------|-------|-------|--------|-----------
GET      /                                                                                 22     0(0.00%) |    106      15     886     20 |    1.70        0.00
GET      /cart                                                                             88     0(0.00%) |     32       9     619     14 |    5.90        0.00
POST     /cart [add]                                                                      117     0(0.00%) |     63      13     918     20 |    5.90        0.00
POST     /cart/checkout                                                                    46     0(0.00%) |     28      14      89     20 |    2.30        0.00
GET      /product/[id]                                                                    343     0(0.00%) |     50       7     846     13 |   22.10        0.00
POST     /setCurrency                                                                      68     0(0.00%) |     45      15     691     20 |    4.50        0.00
--------|----------------------------------------------------------------------------|-------|-------------|-------|-------|-------|-------|--------|-----------
         Aggregated                                                                       684     0(0.00%) |     50       7     918     17 |   42.40        0.00

Type     Name                                                                          # reqs      # fails |    Avg     Min     Max    Med |   req/s  failures/s
--------|----------------------------------------------------------------------------|-------|-------------|-------|-------|-------|-------|--------|-----------
GET      /                                                                                 26     0(0.00%) |     97      15     886     20 |    2.10        0.00
GET      /cart                                                                            120     0(0.00%) |     50       9     619     14 |    7.30        0.00
POST     /cart [add]                                                                      152     0(0.00%) |     71      11     918     22 |    9.50        0.00
POST     /cart/checkout                                                                    55     0(0.00%) |     28      14      89     21 |    3.60        0.00
GET      /product/[id]                                                                    427     0(0.00%) |     52       7     846     14 |   29.10        0.00
POST     /setCurrency                                                                      88     0(0.00%) |     63      15     691     20 |    5.90        0.00
--------|----------------------------------------------------------------------------|-------|-------------|-------|-------|-------|-------|--------|-----------
         Aggregated                                                                       868     0(0.00%) |     56       7     918     17 |   57.50        0.00

Type     Name                                                                          # reqs      # fails |    Avg     Min     Max    Med |   req/s  failures/s
--------|----------------------------------------------------------------------------|-------|-------------|-------|-------|-------|-------|--------|-----------
GET      /                                                                                 32     0(0.00%) |     89      15     886     24 |    1.90        0.00
GET      /cart                                                                            139     0(0.00%) |     53       9     619     16 |    9.60        0.00
POST     /cart [add]                                                                      187     0(0.00%) |     72      11     918     24 |   11.60        0.00
POST     /cart/checkout                                                                    68     0(0.00%) |     37      14     173     23 |    4.10        0.00
GET      /product/[id]                                                                    552     0(0.00%) |     54       7     846     16 |   34.10        0.00
POST     /setCurrency                                                                     102     0(0.00%) |     60      15     691     21 |    7.20        0.00
--------|----------------------------------------------------------------------------|-------|-------------|-------|-------|-------|-------|--------|-----------
         Aggregated                                                                      1080     0(0.00%) |     57       7     918     19 |   68.50        0.00

Type     Name                                                                          # reqs      # fails |    Avg     Min     Max    Med |   req/s  failures/s
--------|----------------------------------------------------------------------------|-------|-------------|-------|-------|-------|-------|--------|-----------
GET      /                                                                                 43     0(0.00%) |     77      15     886     34 |    2.30        0.00
GET      /cart                                                                            166     0(0.00%) |     61       9     619     20 |   10.20        0.00
POST     /cart [add]                                                                      224     0(0.00%) |     73      11     918     28 |   14.20        0.00
POST     /cart/checkout                                                                    85     0(0.00%) |     54      14     317     30 |    5.20        0.00
GET      /product/[id]                                                                    662     0(0.00%) |     59       7     846     18 |   40.10        0.00
POST     /setCurrency                                                                     119     0(0.00%) |     59      15     691     22 |    7.30        0.00
--------|----------------------------------------------------------------------------|-------|-------------|-------|-------|-------|-------|--------|-----------
         Aggregated                                                                      1299     0(0.00%) |     62       7     918     22 |   79.30        0.00

Type     Name                                                                          # reqs      # fails |    Avg     Min     Max    Med |   req/s  failures/s
--------|----------------------------------------------------------------------------|-------|-------------|-------|-------|-------|-------|--------|-----------
GET      /                                                                                 51     0(0.00%) |     70      15     886     34 |    2.90        0.00
GET      /cart                                                                            200     0(0.00%) |     69       9     619     25 |   10.50        0.00
POST     /cart [add]                                                                      257     0(0.00%) |     81      11     918     30 |   16.50        0.00
POST     /cart/checkout                                                                   101     0(0.00%) |     71      14     323     43 |    6.30        0.00
GET      /product/[id]                                                                    764     0(0.00%) |     65       7     846     22 |   45.00        0.00
POST     /setCurrency                                                                     144     0(0.00%) |     60      15     691     24 |    7.80        0.00
--------|----------------------------------------------------------------------------|-------|-------------|-------|-------|-------|-------|--------|-----------
         Aggregated                                                                      1517     0(0.00%) |     69       7     918     25 |   89.00        0.00

Type     Name                                                                          # reqs      # fails |    Avg     Min     Max    Med |   req/s  failures/s
--------|----------------------------------------------------------------------------|-------|-------------|-------|-------|-------|-------|--------|-----------
GET      /                                                                                 55     0(0.00%) |     79      15     886     34 |    2.90        0.00
GET      /cart                                                                            229     0(0.00%) |     82       9     619     33 |   13.30        0.00
POST     /cart [add]                                                                      288     0(0.00%) |     94      11     918     39 |   17.80        0.00
POST     /cart/checkout                                                                   113     0(0.00%) |     81      14     323     53 |    6.80        0.00
GET      /product/[id]                                                                    874     0(0.00%) |     79       7     846     28 |   49.40        0.00
POST     /setCurrency                                                                     157     0(0.00%) |     67      15     691     24 |    8.80        0.00
--------|----------------------------------------------------------------------------|-------|-------------|-------|-------|-------|-------|--------|-----------
         Aggregated                                                                      1716     0(0.00%) |     81       7     918     30 |   99.00        0.00

Type     Name                                                                          # reqs      # fails |    Avg     Min     Max    Med |   req/s  failures/s
--------|----------------------------------------------------------------------------|-------|-------------|-------|-------|-------|-------|--------|-----------
GET      /                                                                                 62     0(0.00%) |     73      15     886     31 |    3.10        0.00
GET      /cart                                                                            271     0(0.00%) |     93       9     619     45 |   13.70        0.00
POST     /cart [add]                                                                      326     0(0.00%) |     99      11     918     50 |   17.10        0.00
POST     /cart/checkout                                                                   127     0(0.00%) |     90      14     328     54 |    6.90        0.00
GET      /product/[id]                                                                    992     0(0.00%) |     87       7     846     33 |   51.40        0.00
POST     /setCurrency                                                                     179     0(0.00%) |     65      14     691     24 |    9.10        0.00
--------|----------------------------------------------------------------------------|-------|-------------|-------|-------|-------|-------|--------|-----------
         Aggregated                                                                      1957     0(0.00%) |     88       7     918     35 |  101.30        0.00

Type     Name                                                                          # reqs      # fails |    Avg     Min     Max    Med |   req/s  failures/s
--------|----------------------------------------------------------------------------|-------|-------------|-------|-------|-------|-------|--------|-----------
GET      /                                                                                 66     0(0.00%) |     71      15     886     31 |    3.70        0.00
GET      /cart                                                                            296     0(0.00%) |    102       9     619     48 |   14.60        0.00
POST     /cart [add]                                                                      367     0(0.00%) |    111      11     918     62 |   18.00        0.00
POST     /cart/checkout                                                                   146     0(0.00%) |    106      14     395     68 |    7.10        0.00
GET      /product/[id]                                                                   1113     0(0.00%) |     97       7     846     40 |   55.40        0.00
POST     /setCurrency                                                                     204     0(0.00%) |     65      14     691     25 |    8.80        0.00
--------|----------------------------------------------------------------------------|-------|-------------|-------|-------|-------|-------|--------|-----------
         Aggregated                                                                      2192     0(0.00%) |     97       7     918     43 |  107.60        0.00

Type     Name                                                                          # reqs      # fails |    Avg     Min     Max    Med |   req/s  failures/s
--------|----------------------------------------------------------------------------|-------|-------------|-------|-------|-------|-------|--------|-----------
GET      /                                                                                 76     0(0.00%) |     68      15     886     31 |    3.30        0.00
GET      /cart                                                                            326     0(0.00%) |    113       9     619     55 |   15.70        0.00
POST     /cart [add]                                                                      404     0(0.00%) |    119      11     918     66 |   17.50        0.00
POST     /cart/checkout                                                                   162     0(0.00%) |    118      14     451     78 |    7.40        0.00
GET      /product/[id]                                                                   1238     0(0.00%) |    107       7     846     45 |   56.70        0.00
POST     /setCurrency                                                                     227     0(0.00%) |     66      14     691     27 |   10.00        0.00
--------|----------------------------------------------------------------------------|-------|-------------|-------|-------|-------|-------|--------|-----------
         Aggregated                                                                      2433     0(0.00%) |    106       7     918     49 |  110.60        0.00

Type     Name                                                                          # reqs      # fails |    Avg     Min     Max    Med |   req/s  failures/s
--------|----------------------------------------------------------------------------|-------|-------------|-------|-------|-------|-------|--------|-----------
GET      /                                                                                 88     0(0.00%) |     69      15     886     34 |    3.30        0.00
GET      /cart                                                                            360     0(0.00%) |    122       9     619     60 |   16.80        0.00
POST     /cart [add]                                                                      444     0(0.00%) |    131      11     918     73 |   17.40        0.00
POST     /cart/checkout                                                                   179     0(0.00%) |    133      14     476     87 |    7.30        0.00
GET      /product/[id]                                                                   1358     0(0.00%) |    117       7     846     49 |   57.00        0.00
POST     /setCurrency                                                                     251     0(0.00%) |     65      14     691     29 |   10.50        0.00
--------|----------------------------------------------------------------------------|-------|-------------|-------|-------|-------|-------|--------|-----------
         Aggregated                                                                      2680     0(0.00%) |    115       7     918     53 |  112.30        0.00

Type     Name                                                                          # reqs      # fails |    Avg     Min     Max    Med |   req/s  failures/s
--------|----------------------------------------------------------------------------|-------|-------------|-------|-------|-------|-------|--------|-----------
GET      /                                                                                 96     0(0.00%) |     67      15     886     34 |    3.70        0.00
GET      /cart                                                                            400     0(0.00%) |    137       9     619     72 |   15.20        0.00
POST     /cart [add]                                                                      478     0(0.00%) |    141      11     918     75 |   18.30        0.00
POST     /cart/checkout                                                                   188     0(0.00%) |    140      14     643     90 |    7.80        0.00
GET      /product/[id]                                                                   1496     0(0.00%) |    130       7     846     54 |   58.80        0.00
POST     /setCurrency                                                                     272     0(0.00%) |     66      14     691     30 |   11.10        0.00
--------|----------------------------------------------------------------------------|-------|-------------|-------|-------|-------|-------|--------|-----------
         Aggregated                                                                      2930     0(0.00%) |    126       7     918     57 |  114.90        0.00

Type     Name                                                                          # reqs      # fails |    Avg     Min     Max    Med |   req/s  failures/s
--------|----------------------------------------------------------------------------|-------|-------------|-------|-------|-------|-------|--------|-----------
GET      /                                                                                100     0(0.00%) |     67      15     886     34 |    4.10        0.00
GET      /cart                                                                            430     0(0.00%) |    146       9     619     79 |   17.00        0.00
POST     /cart [add]                                                                      519     0(0.00%) |    155      11     918     83 |   18.20        0.00
POST     /cart/checkout                                                                   203     0(0.00%) |    153      14     643     92 |    7.20        0.00
GET      /product/[id]                                                                   1629     0(0.00%) |    138       7     846     60 |   61.30        0.00
POST     /setCurrency                                                                     302     0(0.00%) |     65      14     691     30 |   11.10        0.00
--------|----------------------------------------------------------------------------|-------|-------------|-------|-------|-------|-------|--------|-----------
         Aggregated                                                                      3183     0(0.00%) |    134       7     918     61 |  118.90        0.00

Type     Name                                                                          # reqs      # fails |    Avg     Min     Max    Med |   req/s  failures/s
--------|----------------------------------------------------------------------------|-------|-------------|-------|-------|-------|-------|--------|-----------
GET      /                                                                                110     0(0.00%) |     68      15     886     34 |    3.70        0.00
GET      /cart                                                                            458     0(0.00%) |    154       9     626     83 |   17.00        0.00
POST     /cart [add]                                                                      558     0(0.00%) |    170      11    1114     87 |   18.90        0.00
POST     /cart/checkout                                                                   220     0(0.00%) |    177      14    1071     95 |    7.90        0.00
GET      /product/[id]                                                                   1764     0(0.00%) |    152       7     858     64 |   63.30        0.00
POST     /setCurrency                                                                     327     0(0.00%) |     69      14     743     36 |   11.80        0.00
--------|----------------------------------------------------------------------------|-------|-------------|-------|-------|-------|-------|--------|-----------
         Aggregated                                                                      3437     0(0.00%) |    146       7    1114     66 |  122.60        0.00

Type     Name                                                                          # reqs      # fails |    Avg     Min     Max    Med |   req/s  failures/s
--------|----------------------------------------------------------------------------|-------|-------------|-------|-------|-------|-------|--------|-----------
GET      /                                                                                119     0(0.00%) |     67      15     886     34 |    4.20        0.00
GET      /cart                                                                            500     0(0.00%) |    167       9     626     93 |   16.00        0.00
POST     /cart [add]                                                                      597     0(0.00%) |    178      11    1114     90 |   19.40        0.00
POST     /cart/checkout                                                                   234     0(0.00%) |    187      14    1071     98 |    7.80        0.00
GET      /product/[id]                                                                   1896     0(0.00%) |    163       7     858     69 |   63.40        0.00
POST     /setCurrency                                                                     352     0(0.00%) |     69      14     743     38 |   11.90        0.00
--------|----------------------------------------------------------------------------|-------|-------------|-------|-------|-------|-------|--------|-----------
         Aggregated                                                                      3698     0(0.00%) |    155       7    1114     70 |  122.70        0.00

Type     Name                                                                          # reqs      # fails |    Avg     Min     Max    Med |   req/s  failures/s
--------|----------------------------------------------------------------------------|-------|-------------|-------|-------|-------|-------|--------|-----------
GET      /                                                                                126     0(0.00%) |     70      15     886     34 |    4.30        0.00
GET      /cart                                                                            519     0(0.00%) |    173       9     803     95 |   17.20        0.00
POST     /cart [add]                                                                      624     0(0.00%) |    186      11    1114     97 |   19.10        0.00
POST     /cart/checkout                                                                   243     0(0.00%) |    195      14    1071     99 |    7.60        0.00
GET      /product/[id]                                                                   2011     0(0.00%) |    176       7     909     79 |   65.30        0.00
POST     /setCurrency                                                                     371     0(0.00%) |     71      14     743     41 |   12.20        0.00
--------|----------------------------------------------------------------------------|-------|-------------|-------|-------|-------|-------|--------|-----------
         Aggregated                                                                      3894     0(0.00%) |    165       7    1114     76 |  125.70        0.00

Type     Name                                                                          # reqs      # fails |    Avg     Min     Max    Med |   req/s  failures/s
--------|----------------------------------------------------------------------------|-------|-------------|-------|-------|-------|-------|--------|-----------
GET      /                                                                                132     0(0.00%) |     98      15     961     37 |    4.00        0.00
GET      /cart                                                                            534     0(0.00%) |    197       9    1839    100 |   16.90        0.00
POST     /cart [add]                                                                      644     0(0.00%) |    209      11    1716    100 |   18.80        0.00
POST     /cart/checkout                                                                   250     0(0.00%) |    212      14    1640     99 |    6.90        0.00
GET      /product/[id]                                                                   2095     0(0.00%) |    209       7    1834     89 |   67.10        0.00
POST     /setCurrency                                                                     391     0(0.00%) |    114      14    1526     47 |   12.10        0.00
--------|----------------------------------------------------------------------------|-------|-------------|-------|-------|-------|-------|--------|-----------
         Aggregated                                                                      4046     0(0.00%) |    195       7    1839     83 |  125.80        0.00

Type     Name                                                                          # reqs      # fails |    Avg     Min     Max    Med |   req/s  failures/s
--------|----------------------------------------------------------------------------|-------|-------------|-------|-------|-------|-------|--------|-----------
GET      /                                                                                141     0(0.00%) |    106      15     961     43 |    3.70        0.00
GET      /cart                                                                            565     0(0.00%) |    211       9    1839    120 |   13.90        0.00
POST     /cart [add]                                                                      675     0(0.00%) |    227      11    1716    110 |   17.20        0.00
POST     /cart/checkout                                                                   257     0(0.00%) |    229      14    1640    100 |    6.30        0.00
GET      /product/[id]                                                                   2208     0(0.00%) |    227       7    1834     98 |   61.20        0.00
POST     /setCurrency                                                                     413     0(0.00%) |    127      14    1526     51 |   11.90        0.00
--------|----------------------------------------------------------------------------|-------|-------------|-------|-------|-------|-------|--------|-----------
         Aggregated                                                                      4259     0(0.00%) |    211       7    1839     90 |  114.20        0.00

Type     Name                                                                          # reqs      # fails |    Avg     Min     Max    Med |   req/s  failures/s
--------|----------------------------------------------------------------------------|-------|-------------|-------|-------|-------|-------|--------|-----------
GET      /                                                                                149     0(0.00%) |    113      15     961     46 |    4.20        0.00
GET      /cart                                                                            585     0(0.00%) |    222       9    1839    130 |   12.80        0.00
POST     /cart [add]                                                                      709     0(0.00%) |    246      11    1716    130 |   16.00        0.00
POST     /cart/checkout                                                                   267     0(0.00%) |    246      14    1640    120 |    5.30        0.00
GET      /product/[id]                                                                   2314     0(0.00%) |    242       7    1834    110 |   58.40        0.00
POST     /setCurrency                                                                     430     0(0.00%) |    131      14    1526     53 |   11.30        0.00
--------|----------------------------------------------------------------------------|-------|-------------|-------|-------|-------|-------|--------|-----------
         Aggregated                                                                      4454     0(0.00%) |    225       7    1839     96 |  108.00        0.00

Type     Name                                                                          # reqs      # fails |    Avg     Min     Max    Med |   req/s  failures/s
--------|----------------------------------------------------------------------------|-------|-------------|-------|-------|-------|-------|--------|-----------
GET      /                                                                                156     0(0.00%) |    128      15     961     49 |    3.90        0.00
GET      /cart                                                                            613     0(0.00%) |    248       9    1839    140 |   13.40        0.00
POST     /cart [add]                                                                      740     0(0.00%) |    280      11    1778    140 |   15.20        0.00
POST     /cart/checkout                                                                   279     0(0.00%) |    276      14    1693    140 |    4.80        0.00
GET      /product/[id]                                                                   2399     0(0.00%) |    264       7    1834    120 |   58.00        0.00
POST     /setCurrency                                                                     443     0(0.00%) |    136      14    1526     54 |   11.00        0.00
--------|----------------------------------------------------------------------------|-------|-------------|-------|-------|-------|-------|--------|-----------
         Aggregated                                                                      4630     0(0.00%) |    248       7    1839    100 |  106.30        0.00

Type     Name                                                                          # reqs      # fails |    Avg     Min     Max    Med |   req/s  failures/s
--------|----------------------------------------------------------------------------|-------|-------------|-------|-------|-------|-------|--------|-----------
GET      /                                                                                165     0(0.00%) |    166      15    1504     55 |    3.80        0.00
GET      /cart                                                                            628     0(0.00%) |    268       9    1903    140 |   10.70        0.00
POST     /cart [add]                                                                      763     0(0.00%) |    311      11    2106    150 |   14.40        0.00
POST     /cart/checkout                                                                   290     0(0.00%) |    310      14    1856    160 |    4.40        0.00
GET      /product/[id]                                                                   2473     0(0.00%) |    288       7    1953    130 |   52.40        0.00
POST     /setCurrency                                                                     458     0(0.00%) |    164      14    1562     57 |    9.50        0.00
--------|----------------------------------------------------------------------------|-------|-------------|-------|-------|-------|-------|--------|-----------
         Aggregated                                                                      4777     0(0.00%) |    274       7    2106    110 |   95.20        0.00

Type     Name                                                                          # reqs      # fails |    Avg     Min     Max    Med |   req/s  failures/s
--------|----------------------------------------------------------------------------|-------|-------------|-------|-------|-------|-------|--------|-----------
GET      /                                                                                174     0(0.00%) |    169      15    1504     55 |    3.40        0.00
GET      /cart                                                                            664     0(0.00%) |    286       9    1903    150 |   10.10        0.00
POST     /cart [add]                                                                      803     0(0.00%) |    326      11    2106    170 |   13.20        0.00
POST     /cart/checkout                                                                   308     0(0.00%) |    343      14    2199    170 |    4.30        0.00
GET      /product/[id]                                                                   2620     0(0.00%) |    299       7    1953    150 |   44.00        0.00
POST     /setCurrency                                                                     487     0(0.00%) |    167      14    1562     60 |    7.80        0.00
--------|----------------------------------------------------------------------------|-------|-------------|-------|-------|-------|-------|--------|-----------
         Aggregated                                                                      5056     0(0.00%) |    287       7    2199    120 |   82.80        0.00

Type     Name                                                                          # reqs      # fails |    Avg     Min     Max    Med |   req/s  failures/s
--------|----------------------------------------------------------------------------|-------|-------------|-------|-------|-------|-------|--------|-----------
GET      /                                                                                186     0(0.00%) |    171      15    1504     63 |    3.90        0.00
GET      /cart                                                                            696     0(0.00%) |    298       9    1903    160 |   12.10        0.00
POST     /cart [add]                                                                      846     0(0.00%) |    341      11    2106    190 |   15.70        0.00
POST     /cart/checkout                                                                   321     0(0.00%) |    355      14    2199    180 |    5.70        0.00
GET      /product/[id]                                                                   2745     0(0.00%) |    312       7    1953    160 |   50.60        0.00
POST     /setCurrency                                                                     517     0(0.00%) |    169      14    1562     65 |    8.90        0.00
--------|----------------------------------------------------------------------------|-------|-------------|-------|-------|-------|-------|--------|-----------
         Aggregated                                                                      5311     0(0.00%) |    299       7    2199    140 |   96.90        0.00

Type     Name                                                                          # reqs      # fails |    Avg     Min     Max    Med |   req/s  failures/s
--------|----------------------------------------------------------------------------|-------|-------------|-------|-------|-------|-------|--------|-----------
GET      /                                                                                188     0(0.00%) |    170      15    1504     63 |    4.10        0.00
GET      /cart                                                                            715     0(0.00%) |    316       9    1907    170 |   12.90        0.00
POST     /cart [add]                                                                      865     0(0.00%) |    352      11    2106    190 |   16.50        0.00
POST     /cart/checkout                                                                   329     0(0.00%) |    366      14    2199    180 |    6.00        0.00
GET      /product/[id]                                                                   2821     0(0.00%) |    324       7    1953    170 |   53.20        0.00
POST     /setCurrency                                                                     529     0(0.00%) |    169      14    1562     66 |   10.20        0.00
--------|----------------------------------------------------------------------------|-------|-------------|-------|-------|-------|-------|--------|-----------
         Aggregated                                                                      5447     0(0.00%) |    309       7    2199    140 |  102.90        0.00

Type     Name                                                                          # reqs      # fails |    Avg     Min     Max    Med |   req/s  failures/s
--------|----------------------------------------------------------------------------|-------|-------------|-------|-------|-------|-------|--------|-----------
GET      /                                                                                202     0(0.00%) |    218      15    1917     67 |    4.40        0.00
GET      /cart                                                                            754     0(0.00%) |    345       9    2363    180 |   13.20        0.00
POST     /cart [add]                                                                      895     0(0.00%) |    375      11    2320    200 |   16.60        0.00
POST     /cart/checkout                                                                   339     0(0.00%) |    386      14    2199    190 |    6.50        0.00
GET      /product/[id]                                                                   2954     0(0.00%) |    347       7    1953    180 |   51.50        0.00
POST     /setCurrency                                                                     557     0(0.00%) |    204      14    2024     71 |   10.30        0.00
--------|----------------------------------------------------------------------------|-------|-------------|-------|-------|-------|-------|--------|-----------
         Aggregated                                                                      5701     0(0.00%) |    335       7    2363    160 |  102.50        0.00

Type     Name                                                                          # reqs      # fails |    Avg     Min     Max    Med |   req/s  failures/s
--------|----------------------------------------------------------------------------|-------|-------------|-------|-------|-------|-------|--------|-----------
GET      /                                                                                207     0(0.00%) |    227      15    1917     70 |    4.70        0.00
GET      /cart                                                                            777     0(0.00%) |    359       9    2363    190 |   14.70        0.00
POST     /cart [add]                                                                      919     0(0.00%) |    387      11    2320    210 |   16.00        0.00
POST     /cart/checkout                                                                   349     0(0.00%) |    403      14    2199    200 |    6.50        0.00
GET      /product/[id]                                                                   3059     0(0.00%) |    365       7    1953    190 |   53.90        0.00
POST     /setCurrency                                                                     582     0(0.00%) |    216      14    2024     74 |   11.60        0.00
--------|----------------------------------------------------------------------------|-------|-------------|-------|-------|-------|-------|--------|-----------
         Aggregated                                                                      5893     0(0.00%) |    350       7    2363    170 |  107.40        0.00

Type     Name                                                                          # reqs      # fails |    Avg     Min     Max    Med |   req/s  failures/s
--------|----------------------------------------------------------------------------|-------|-------------|-------|-------|-------|-------|--------|-----------
GET      /                                                                                212     0(0.00%) |    235      15    1917     70 |    4.80        0.00
GET      /cart                                                                            800     0(0.00%) |    389       9    2617    200 |   15.10        0.00
POST     /cart [add]                                                                      947     0(0.00%) |    418      11    2595    220 |   16.60        0.00
POST     /cart/checkout                                                                   354     0(0.00%) |    421      14    2443    200 |    6.00        0.00
GET      /product/[id]                                                                   3129     0(0.00%) |    386       7    2510    200 |   60.00        0.00
POST     /setCurrency                                                                     594     0(0.00%) |    224      14    2024     75 |   12.60        0.00
--------|----------------------------------------------------------------------------|-------|-------------|-------|-------|-------|-------|--------|-----------
         Aggregated                                                                      6036     0(0.00%) |    372       7    2617    180 |  115.10        0.00

Type     Name                                                                          # reqs      # fails |    Avg     Min     Max    Med |   req/s  failures/s
--------|----------------------------------------------------------------------------|-------|-------------|-------|-------|-------|-------|--------|-----------
GET      /                                                                                223     0(0.00%) |    240      15    1917     73 |    4.00        0.00
GET      /cart                                                                            829     0(0.00%) |    416       9    2617    220 |   14.50        0.00
POST     /cart [add]                                                                      992     0(0.00%) |    443      11    2595    240 |   14.80        0.00
POST     /cart/checkout                                                                   363     0(0.00%) |    435      14    2443    200 |    5.00        0.00
GET      /product/[id]                                                                   3262     0(0.00%) |    408       7    2510    210 |   54.40        0.00
POST     /setCurrency                                                                     614     0(0.00%) |    230      14    2024     77 |   12.40        0.00
--------|----------------------------------------------------------------------------|-------|-------------|-------|-------|-------|-------|--------|-----------
         Aggregated                                                                      6283     0(0.00%) |    393       7    2617    190 |  105.10        0.00

Type     Name                                                                          # reqs      # fails |    Avg     Min     Max    Med |   req/s  failures/s
--------|----------------------------------------------------------------------------|-------|-------------|-------|-------|-------|-------|--------|-----------
GET      /                                                                                227     0(0.00%) |    251      15    1917     73 |    4.00        0.00
GET      /cart                                                                            837     0(0.00%) |    421       9    2617    220 |   13.80        0.00
POST     /cart [add]                                                                     1013     0(0.00%) |    460      11    2595    250 |   14.50        0.00
POST     /cart/checkout                                                                   371     0(0.00%) |    453      14    2443    200 |    4.60        0.00
GET      /product/[id]                                                                   3317     0(0.00%) |    422       7    2556    220 |   51.90        0.00
POST     /setCurrency                                                                     631     0(0.00%) |    247      14    2024     80 |   10.30        0.00
--------|----------------------------------------------------------------------------|-------|-------------|-------|-------|-------|-------|--------|-----------
         Aggregated                                                                      6396     0(0.00%) |    407       7    2617    200 |   99.10        0.00

Type     Name                                                                          # reqs      # fails |    Avg     Min     Max    Med |   req/s  failures/s
--------|----------------------------------------------------------------------------|-------|-------------|-------|-------|-------|-------|--------|-----------
GET      /                                                                                238     0(0.00%) |    308      15    2181     88 |    3.70        0.00
GET      /cart                                                                            858     0(0.00%) |    458       9    3465    230 |   12.40        0.00
POST     /cart [add]                                                                     1041     0(0.00%) |    506      11    3810    260 |   14.90        0.00
POST     /cart/checkout                                                                   383     0(0.00%) |    496      14    3359    220 |    3.90        0.00
GET      /product/[id]                                                                   3392     0(0.00%) |    454       7    3175    230 |   50.30        0.00
POST     /setCurrency                                                                     654     0(0.00%) |    278      14    2215     83 |    9.90        0.00
--------|----------------------------------------------------------------------------|-------|-------------|-------|-------|-------|-------|--------|-----------
         Aggregated                                                                      6566     0(0.00%) |    443       7    3810    210 |   95.10        0.00

Type     Name                                                                          # reqs      # fails |    Avg     Min     Max    Med |   req/s  failures/s
--------|----------------------------------------------------------------------------|-------|-------------|-------|-------|-------|-------|--------|-----------
GET      /                                                                                245     0(0.00%) |    304      15    2181     91 |    3.00        0.00
GET      /cart                                                                            887     0(0.00%) |    463       9    3465    250 |   10.20        0.00
POST     /cart [add]                                                                     1086     0(0.00%) |    517      11    3810    270 |   14.20        0.00
POST     /cart/checkout                                                                   394     0(0.00%) |    510      14    3359    220 |    3.60        0.00
GET      /product/[id]                                                                   3529     0(0.00%) |    471       7    3175    240 |   46.20        0.00
POST     /setCurrency                                                                     684     0(0.00%) |    284      14    2215     87 |    9.30        0.00
--------|----------------------------------------------------------------------------|-------|-------------|-------|-------|-------|-------|--------|-----------
         Aggregated                                                                      6825     0(0.00%) |    455       7    3810    220 |   86.50        0.00

Type     Name                                                                          # reqs      # fails |    Avg     Min     Max    Med |   req/s  failures/s
--------|----------------------------------------------------------------------------|-------|-------------|-------|-------|-------|-------|--------|-----------
GET      /                                                                                252     0(0.00%) |    302      15    2181     91 |    3.40        0.00
GET      /cart                                                                            908     0(0.00%) |    473       9    3465    250 |   10.90        0.00
POST     /cart [add]                                                                     1116     0(0.00%) |    528      11    3810    280 |   15.10        0.00
POST     /cart/checkout                                                                   401     0(0.00%) |    515      14    3359    230 |    4.40        0.00
GET      /product/[id]                                                                   3641     0(0.00%) |    482       7    3175    240 |   44.60        0.00
POST     /setCurrency                                                                     707     0(0.00%) |    281      14    2215     87 |   10.50        0.00
--------|----------------------------------------------------------------------------|-------|-------------|-------|-------|-------|-------|--------|-----------
         Aggregated                                                                      7025     0(0.00%) |    463       7    3810    220 |   88.90        0.00

Type     Name                                                                          # reqs      # fails |    Avg     Min     Max    Med |   req/s  failures/s
--------|----------------------------------------------------------------------------|-------|-------------|-------|-------|-------|-------|--------|-----------
GET      /                                                                                262     0(0.00%) |    318      15    2181     93 |    4.20        0.00
GET      /cart                                                                            941     0(0.00%) |    505       9    3465    260 |   11.70        0.00
POST     /cart [add]                                                                     1151     0(0.00%) |    557      11    3810    290 |   17.40        0.00
POST     /cart/checkout                                                                   416     0(0.00%) |    545      14    3359    250 |    4.90        0.00
GET      /product/[id]                                                                   3783     0(0.00%) |    508       7    3175    260 |   52.10        0.00
POST     /setCurrency                                                                     745     0(0.00%) |    298      14    2215     90 |   10.90        0.00
--------|----------------------------------------------------------------------------|-------|-------------|-------|-------|-------|-------|--------|-----------
         Aggregated                                                                      7298     0(0.00%) |    489       7    3810    240 |  101.20        0.00

Type     Name                                                                          # reqs      # fails |    Avg     Min     Max    Med |   req/s  failures/s
--------|----------------------------------------------------------------------------|-------|-------------|-------|-------|-------|-------|--------|-----------
GET      /                                                                                277     0(0.00%) |    313      15    2181     95 |    3.50        0.00
GET      /cart                                                                            974     0(0.00%) |    508       9    3465    270 |   11.30        0.00
POST     /cart [add]                                                                     1190     0(0.00%) |    565      11    3810    300 |   16.00        0.00
POST     /cart/checkout                                                                   425     0(0.00%) |    552      14    3359    250 |    4.60        0.00
GET      /product/[id]                                                                   3953     0(0.00%) |    517       7    3175    270 |   50.00        0.00
POST     /setCurrency                                                                     779     0(0.00%) |    296      14    2215     94 |   12.10        0.00
--------|----------------------------------------------------------------------------|-------|-------------|-------|-------|-------|-------|--------|-----------
         Aggregated                                                                      7598     0(0.00%) |    495       7    3810    250 |   97.50        0.00

Type     Name                                                                          # reqs      # fails |    Avg     Min     Max    Med |   req/s  failures/s
--------|----------------------------------------------------------------------------|-------|-------------|-------|-------|-------|-------|--------|-----------
GET      /                                                                                283     0(0.00%) |    320      15    2181     98 |    4.20        0.00
GET      /cart                                                                           1013     0(0.00%) |    519       9    3465    270 |   12.80        0.00
POST     /cart [add]                                                                     1231     0(0.00%) |    580      11    3810    320 |   16.90        0.00
POST     /cart/checkout                                                                   443     0(0.00%) |    564      14    3359    290 |    5.30        0.00
GET      /product/[id]                                                                   4103     0(0.00%) |    531       7    3175    280 |   57.70        0.00
POST     /setCurrency                                                                     803     0(0.00%) |    296      14    2215     98 |   13.80        0.00
--------|----------------------------------------------------------------------------|-------|-------------|-------|-------|-------|-------|--------|-----------
         Aggregated                                                                      7876     0(0.00%) |    507       7    3810    260 |  110.70        0.00

Type     Name                                                                          # reqs      # fails |    Avg     Min     Max    Med |   req/s  failures/s
--------|----------------------------------------------------------------------------|-------|-------------|-------|-------|-------|-------|--------|-----------
GET      /                                                                                290     0(0.00%) |    324      15    2181    110 |    5.10        0.00
GET      /cart                                                                           1033     0(0.00%) |    528       9    3465    280 |   14.70        0.00
POST     /cart [add]                                                                     1244     0(0.00%) |    593      11    3810    320 |   18.80        0.00
POST     /cart/checkout                                                                   443     0(0.00%) |    564      14    3359    290 |    6.10        0.00
GET      /product/[id]                                                                   4175     0(0.00%) |    548       7    3175    290 |   65.30        0.00
POST     /setCurrency                                                                     820     0(0.00%) |    300      14    2215     99 |   14.90        0.00
--------|----------------------------------------------------------------------------|-------|-------------|-------|-------|-------|-------|--------|-----------
         Aggregated                                                                      8005     0(0.00%) |    520       7    3810    270 |  124.90        0.00

Type     Name                                                                          # reqs      # fails |    Avg     Min     Max    Med |   req/s  failures/s
--------|----------------------------------------------------------------------------|-------|-------------|-------|-------|-------|-------|--------|-----------
GET      /                                                                                294     0(0.00%) |    329      15    2181    120 |    5.10        0.00
GET      /cart                                                                           1057     0(0.00%) |    548       9    3465    290 |   15.20        0.00
POST     /cart [add]                                                                     1267     0(0.00%) |    614      11    3810    340 |   17.00        0.00
POST     /cart/checkout                                                                   449     0(0.00%) |    568      14    3359    290 |    5.50        0.00
GET      /product/[id]                                                                   4271     0(0.00%) |    572       7    3175    310 |   66.60        0.00
POST     /setCurrency                                                                     830     0(0.00%) |    304      14    2215    100 |   14.10        0.00
--------|----------------------------------------------------------------------------|-------|-------------|-------|-------|-------|-------|--------|-----------
         Aggregated                                                                      8168     0(0.00%) |    539       7    3810    270 |  123.50        0.00

Type     Name                                                                          # reqs      # fails |    Avg     Min     Max    Med |   req/s  failures/s
--------|----------------------------------------------------------------------------|-------|-------------|-------|-------|-------|-------|--------|-----------
GET      /                                                                                309     0(0.00%) |    357      15    2181    130 |    4.20        0.00
GET      /cart                                                                           1087     0(0.00%) |    557       9    3465    310 |   13.70        0.00
POST     /cart [add]                                                                     1311     0(0.00%) |    634      11    3810    350 |   14.80        0.00
POST     /cart/checkout                                                                   462     0(0.00%) |    589      14    3359    300 |    4.60        0.00
GET      /product/[id]                                                                   4424     0(0.00%) |    589       7    3175    320 |   59.80        0.00
POST     /setCurrency                                                                     863     0(0.00%) |    316      14    2215    110 |   12.40        0.00
--------|----------------------------------------------------------------------------|-------|-------------|-------|-------|-------|-------|--------|-----------
         Aggregated                                                                      8456     0(0.00%) |    555       7    3810    290 |  109.50        0.00

Type     Name                                                                          # reqs      # fails |    Avg     Min     Max    Med |   req/s  failures/s
--------|----------------------------------------------------------------------------|-------|-------------|-------|-------|-------|-------|--------|-----------
GET      /                                                                                321     0(0.00%) |    352      15    2181    140 |    5.10        0.00
GET      /cart                                                                           1112     0(0.00%) |    563       9    3465    310 |   14.10        0.00
POST     /cart [add]                                                                     1350     0(0.00%) |    638      11    3810    360 |   15.20        0.00
POST     /cart/checkout                                                                   476     0(0.00%) |    598      14    3359    300 |    4.90        0.00
GET      /product/[id]                                                                   4556     0(0.00%) |    596       7    3175    330 |   63.80        0.00
POST     /setCurrency                                                                     887     0(0.00%) |    313      14    2215    110 |   12.20        0.00
--------|----------------------------------------------------------------------------|-------|-------------|-------|-------|-------|-------|--------|-----------
         Aggregated                                                                      8702     0(0.00%) |    561       7    3810    300 |  115.30        0.00

Type     Name                                                                          # reqs      # fails |    Avg     Min     Max    Med |   req/s  failures/s
--------|----------------------------------------------------------------------------|-------|-------------|-------|-------|-------|-------|--------|-----------
GET      /                                                                                332     0(0.00%) |    346      15    2181    140 |    5.20        0.00
GET      /cart                                                                           1145     0(0.00%) |    579       9    3465    320 |   14.00        0.00
POST     /cart [add]                                                                     1389     0(0.00%) |    645      11    3810    360 |   15.10        0.00
POST     /cart/checkout                                                                   493     0(0.00%) |    610      14    3359    300 |    5.00        0.00
GET      /product/[id]                                                                   4696     0(0.00%) |    607       7    3175    330 |   62.10        0.00
POST     /setCurrency                                                                     926     0(0.00%) |    307      14    2215    110 |   11.20        0.00
--------|----------------------------------------------------------------------------|-------|-------------|-------|-------|-------|-------|--------|-----------
         Aggregated                                                                      8981     0(0.00%) |    569       7    3810    300 |  112.60        0.00

Type     Name                                                                          # reqs      # fails |    Avg     Min     Max    Med |   req/s  failures/s
--------|----------------------------------------------------------------------------|-------|-------------|-------|-------|-------|-------|--------|-----------
GET      /                                                                                345     0(0.00%) |    338      15    2181    130 |    4.40        0.00
GET      /cart                                                                           1175     0(0.00%) |    587       9    3465    330 |   13.40        0.00
POST     /cart [add]                                                                     1440     0(0.00%) |    654      11    3810    370 |   16.00        0.00
POST     /cart/checkout                                                                   507     0(0.00%) |    610      14    3359    300 |    4.80        0.00
GET      /product/[id]                                                                   4832     0(0.00%) |    614       7    3175    340 |   61.50        0.00
POST     /setCurrency                                                                     962     0(0.00%) |    300      14    2215    110 |   11.50        0.00
--------|----------------------------------------------------------------------------|-------|-------------|-------|-------|-------|-------|--------|-----------
         Aggregated                                                                      9261     0(0.00%) |    574       7    3810    300 |  111.60        0.00

Type     Name                                                                          # reqs      # fails |    Avg     Min     Max    Med |   req/s  failures/s
--------|----------------------------------------------------------------------------|-------|-------------|-------|-------|-------|-------|--------|-----------
GET      /                                                                                359     0(0.00%) |    330      15    2181    130 |    4.90        0.00
GET      /cart                                                                           1210     0(0.00%) |    594       9    3465    330 |   13.60        0.00
POST     /cart [add]                                                                     1486     0(0.00%) |    662      11    3810    380 |   19.00        0.00
POST     /cart/checkout                                                                   524     0(0.00%) |    619      14    3359    300 |    5.80        0.00
GET      /product/[id]                                                                   4963     0(0.00%) |    622       7    3175    350 |   63.20        0.00
POST     /setCurrency                                                                     991     0(0.00%) |    298      14    2215    120 |   13.50        0.00
--------|----------------------------------------------------------------------------|-------|-------------|-------|-------|-------|-------|--------|-----------
         Aggregated                                                                      9533     0(0.00%) |    580       7    3810    310 |  120.00        0.00

Type     Name                                                                          # reqs      # fails |    Avg     Min     Max    Med |   req/s  failures/s
--------|----------------------------------------------------------------------------|-------|-------------|-------|-------|-------|-------|--------|-----------
GET      /                                                                                368     0(0.00%) |    325      14    2181    130 |    5.70        0.00
GET      /cart                                                                           1242     0(0.00%) |    602       9    3465    330 |   14.80        0.00
POST     /cart [add]                                                                     1540     0(0.00%) |    671      11    3810    390 |   20.10        0.00
POST     /cart/checkout                                                                   542     0(0.00%) |    623      14    3359    300 |    6.80        0.00
GET      /product/[id]                                                                   5100     0(0.00%) |    630       7    3175    350 |   67.50        0.00
POST     /setCurrency                                                                    1018     0(0.00%) |    293      14    2215    120 |   14.80        0.00
--------|----------------------------------------------------------------------------|-------|-------------|-------|-------|-------|-------|--------|-----------
         Aggregated                                                                      9810     0(0.00%) |    586       7    3810    320 |  129.70        0.00

Type     Name                                                                          # reqs      # fails |    Avg     Min     Max    Med |   req/s  failures/s
--------|----------------------------------------------------------------------------|-------|-------------|-------|-------|-------|-------|--------|-----------
GET      /                                                                                379     0(0.00%) |    320      14    2181    130 |    5.50        0.00
GET      /cart                                                                           1277     0(0.00%) |    611       9    3465    330 |   15.30        0.00
POST     /cart [add]                                                                     1575     0(0.00%) |    676      11    3810    390 |   22.60        0.00
POST     /cart/checkout                                                                   557     0(0.00%) |    631      14    3359    310 |    7.60        0.00
GET      /product/[id]                                                                   5248     0(0.00%) |    633       7    3175    350 |   68.40        0.00
POST     /setCurrency                                                                    1052     0(0.00%) |    288      14    2215    120 |   15.50        0.00
--------|----------------------------------------------------------------------------|-------|-------------|-------|-------|-------|-------|--------|-----------
         Aggregated                                                                     10088     0(0.00%) |    589       7    3810    320 |  134.90        0.00

Type     Name                                                                          # reqs      # fails |    Avg     Min     Max    Med |   req/s  failures/s
--------|----------------------------------------------------------------------------|-------|-------------|-------|-------|-------|-------|--------|-----------
GET      /                                                                                390     0(0.00%) |    314      14    2181    130 |    5.70        0.00
GET      /cart                                                                           1317     0(0.00%) |    618       9    3465    340 |   16.10        0.00
POST     /cart [add]                                                                     1627     0(0.00%) |    686      11    3810    400 |   23.30        0.00
POST     /cart/checkout                                                                   573     0(0.00%) |    630      14    3359    310 |    7.90        0.00
GET      /product/[id]                                                                   5399     0(0.00%) |    638       7    3175    360 |   68.80        0.00
POST     /setCurrency                                                                    1087     0(0.00%) |    286      14    2215    120 |   16.30        0.00
--------|----------------------------------------------------------------------------|-------|-------------|-------|-------|-------|-------|--------|-----------
         Aggregated                                                                     10393     0(0.00%) |    594       7    3810    320 |  138.10        0.00

Type     Name                                                                          # reqs      # fails |    Avg     Min     Max    Med |   req/s  failures/s
--------|----------------------------------------------------------------------------|-------|-------------|-------|-------|-------|-------|--------|-----------
GET      /                                                                                394     0(0.00%) |    319      14    2181    130 |    5.80        0.00
GET      /cart                                                                           1347     0(0.00%) |    624       9    3465    340 |   17.00        0.00
POST     /cart [add]                                                                     1654     0(0.00%) |    690      11    3810    410 |   23.00        0.00
POST     /cart/checkout                                                                   586     0(0.00%) |    638      14    3359    320 |    8.20        0.00
GET      /product/[id]                                                                   5478     0(0.00%) |    641       7    3175    360 |   68.90        0.00
POST     /setCurrency                                                                    1098     0(0.00%) |    291      14    2215    120 |   16.00        0.00
--------|----------------------------------------------------------------------------|-------|-------------|-------|-------|-------|-------|--------|-----------
         Aggregated                                                                     10557     0(0.00%) |    598       7    3810    320 |  138.90        0.00

Type     Name                                                                          # reqs      # fails |    Avg     Min     Max    Med |   req/s  failures/s
--------|----------------------------------------------------------------------------|-------|-------------|-------|-------|-------|-------|--------|-----------
GET      /                                                                                404     0(0.00%) |    324      14    2181    140 |    5.20        0.00
GET      /cart                                                                           1379     0(0.00%) |    637       9    3465    350 |   16.90        0.00
POST     /cart [add]                                                                     1710     0(0.00%) |    712      11    3810    420 |   22.30        0.00
POST     /cart/checkout                                                                   608     0(0.00%) |    651      14    3359    330 |    8.10        0.00
GET      /product/[id]                                                                   5621     0(0.00%) |    653       7    3175    370 |   68.90        0.00
POST     /setCurrency                                                                    1135     0(0.00%) |    293      14    2215    130 |   13.80        0.00
--------|----------------------------------------------------------------------------|-------|-------------|-------|-------|-------|-------|--------|-----------
         Aggregated                                                                     10857     0(0.00%) |    610       7    3810    330 |  135.20        0.00

Type     Name                                                                          # reqs      # fails |    Avg     Min     Max    Med |   req/s  failures/s
--------|----------------------------------------------------------------------------|-------|-------------|-------|-------|-------|-------|--------|-----------
GET      /                                                                                410     0(0.00%) |    321      14    2181    140 |    5.00        0.00
GET      /cart                                                                           1415     0(0.00%) |    639       9    3465    350 |   16.90        0.00
POST     /cart [add]                                                                     1769     0(0.00%) |    712      11    3810    420 |   22.20        0.00
POST     /cart/checkout                                                                   620     0(0.00%) |    647      14    3359    330 |    8.00        0.00
GET      /product/[id]                                                                   5785     0(0.00%) |    653       7    3175    370 |   65.60        0.00
POST     /setCurrency                                                                    1166     0(0.00%) |    288      14    2215    130 |   14.20        0.00
--------|----------------------------------------------------------------------------|-------|-------------|-------|-------|-------|-------|--------|-----------
         Aggregated                                                                     11165     0(0.00%) |    610       7    3810    330 |  131.90        0.00

Type     Name                                                                          # reqs      # fails |    Avg     Min     Max    Med |   req/s  failures/s
--------|----------------------------------------------------------------------------|-------|-------------|-------|-------|-------|-------|--------|-----------
GET      /                                                                                414     0(0.00%) |    319      14    2181    130 |    4.30        0.00
GET      /cart                                                                           1449     0(0.00%) |    645       9    3465    350 |   17.50        0.00
POST     /cart [add]                                                                     1808     0(0.00%) |    718      11    3810    420 |   23.20        0.00
POST     /cart/checkout                                                                   635     0(0.00%) |    656      14    3359    340 |    8.60        0.00
GET      /product/[id]                                                                   5909     0(0.00%) |    657       7    3175    370 |   68.20        0.00
POST     /setCurrency                                                                    1184     0(0.00%) |    286      14    2215    130 |   14.80        0.00
--------|----------------------------------------------------------------------------|-------|-------------|-------|-------|-------|-------|--------|-----------
         Aggregated                                                                     11399     0(0.00%) |    614       7    3810    330 |  136.60        0.00

Type     Name                                                                          # reqs      # fails |    Avg     Min     Max    Med |   req/s  failures/s
--------|----------------------------------------------------------------------------|-------|-------------|-------|-------|-------|-------|--------|-----------
GET      /                                                                                427     0(0.00%) |    316      14    2181    140 |    3.50        0.00
GET      /cart                                                                           1485     0(0.00%) |    654       9    3465    360 |   16.90        0.00
POST     /cart [add]                                                                     1852     0(0.00%) |    727      11    3810    430 |   22.90        0.00
POST     /cart/checkout                                                                   649     0(0.00%) |    662      14    3359    340 |    7.70        0.00
GET      /product/[id]                                                                   6062     0(0.00%) |    664       7    3175    380 |   66.50        0.00
POST     /setCurrency                                                                    1217     0(0.00%) |    283      14    2215    130 |   14.10        0.00
--------|----------------------------------------------------------------------------|-------|-------------|-------|-------|-------|-------|--------|-----------
         Aggregated                                                                     11692     0(0.00%) |    620       7    3810    340 |  131.60        0.00

Type     Name                                                                          # reqs      # fails |    Avg     Min     Max    Med |   req/s  failures/s
--------|----------------------------------------------------------------------------|-------|-------------|-------|-------|-------|-------|--------|-----------
GET      /                                                                                434     0(0.00%) |    313      14    2181    140 |    3.60        0.00
GET      /cart                                                                           1525     0(0.00%) |    655       9    3465    360 |   17.50        0.00
POST     /cart [add]                                                                     1896     0(0.00%) |    727      11    3810    430 |   22.70        0.00
POST     /cart/checkout                                                                   667     0(0.00%) |    664      14    3359    340 |    7.70        0.00
GET      /product/[id]                                                                   6233     0(0.00%) |    665       7    3175    380 |   65.80        0.00
POST     /setCurrency                                                                    1250     0(0.00%) |    278      14    2215    120 |   13.00        0.00
--------|----------------------------------------------------------------------------|-------|-------------|-------|-------|-------|-------|--------|-----------
         Aggregated                                                                     12005     0(0.00%) |    620       7    3810    340 |  130.30        0.00

Type     Name                                                                          # reqs      # fails |    Avg     Min     Max    Med |   req/s  failures/s
--------|----------------------------------------------------------------------------|-------|-------------|-------|-------|-------|-------|--------|-----------
GET      /                                                                                444     0(0.00%) |    309      14    2181    140 |    3.80        0.00
GET      /cart                                                                           1558     0(0.00%) |    658       9    3465    360 |   17.40        0.00
POST     /cart [add]                                                                     1941     0(0.00%) |    731      11    3810    440 |   22.80        0.00
POST     /cart/checkout                                                                   679     0(0.00%) |    669      14    3359    350 |    7.70        0.00
GET      /product/[id]                                                                   6387     0(0.00%) |    667       7    3175    380 |   69.00        0.00
POST     /setCurrency                                                                    1283     0(0.00%) |    274      14    2215    120 |   14.90        0.00
--------|----------------------------------------------------------------------------|-------|-------------|-------|-------|-------|-------|--------|-----------
         Aggregated                                                                     12292     0(0.00%) |    622       7    3810    340 |  135.60        0.00

Type     Name                                                                          # reqs      # fails |    Avg     Min     Max    Med |   req/s  failures/s
--------|----------------------------------------------------------------------------|-------|-------------|-------|-------|-------|-------|--------|-----------
GET      /                                                                                455     0(0.00%) |    303      14    2181    130 |    4.00        0.00
GET      /cart                                                                           1588     0(0.00%) |    659       9    3465    360 |   18.20        0.00
POST     /cart [add]                                                                     1991     0(0.00%) |    730      11    3810    430 |   23.60        0.00
POST     /cart/checkout                                                                   696     0(0.00%) |    672      14    3359    360 |    7.80        0.00
GET      /product/[id]                                                                   6534     0(0.00%) |    669       7    3175    380 |   75.70        0.00
POST     /setCurrency                                                                    1314     0(0.00%) |    270      14    2215    120 |   14.90        0.00
--------|----------------------------------------------------------------------------|-------|-------------|-------|-------|-------|-------|--------|-----------
         Aggregated                                                                     12578     0(0.00%) |    622       7    3810    340 |  144.20        0.00

Type     Name                                                                          # reqs      # fails |    Avg     Min     Max    Med |   req/s  failures/s
--------|----------------------------------------------------------------------------|-------|-------------|-------|-------|-------|-------|--------|-----------
GET      /                                                                                467     0(0.00%) |    300      14    2181    130 |    4.70        0.00
GET      /cart                                                                           1626     0(0.00%) |    670       9    3465    370 |   17.20        0.00
POST     /cart [add]                                                                     2030     0(0.00%) |    736      11    3810    440 |   23.20        0.00
POST     /cart/checkout                                                                   708     0(0.00%) |    676      14    3359    380 |    7.40        0.00
GET      /product/[id]                                                                   6674     0(0.00%) |    673       7    3175    390 |   76.10        0.00
POST     /setCurrency                                                                    1343     0(0.00%) |    268      14    2215    120 |   14.60        0.00
--------|----------------------------------------------------------------------------|-------|-------------|-------|-------|-------|-------|--------|-----------
         Aggregated                                                                     12848     0(0.00%) |    627       7    3810    340 |  143.20        0.00

Type     Name                                                                          # reqs      # fails |    Avg     Min     Max    Med |   req/s  failures/s
--------|----------------------------------------------------------------------------|-------|-------------|-------|-------|-------|-------|--------|-----------
GET      /                                                                                472     0(0.00%) |    299      14    2181    130 |    3.94        0.00
GET      /cart                                                                           1657     0(0.00%) |    674       9    3465    370 |   13.83        0.00
POST     /cart [add]                                                                     2065     0(0.00%) |    741      11    3810    440 |   17.24        0.00
POST     /cart/checkout                                                                   721     0(0.00%) |    679      14    3359    380 |    6.02        0.00
GET      /product/[id]                                                                   6790     0(0.00%) |    678       7    3175    390 |   56.67        0.00
POST     /setCurrency                                                                    1374     0(0.00%) |    265      14    2215    120 |   11.47        0.00
--------|----------------------------------------------------------------------------|-------|-------------|-------|-------|-------|-------|--------|-----------
         Aggregated                                                                     13079     0(0.00%) |    630       7    3810    340 |  109.17        0.00

Response time percentiles (approximated)
Type     Name                                                                                  50%    66%    75%    80%    90%    95%    98%    99%  99.9% 99.99%   100% # reqs
--------|--------------------------------------------------------------------------------|--------|------|------|------|------|------|------|------|------|------|------|------
GET      /                                                                                     130    230    350    410    890   1400   1700   1900   2200   2200   2200    472
GET      /cart                                                                                 370    900   1200   1300   1600   1800   2200   2500   3000   3500   3500   1657
POST     /cart [add]                                                                           440   1000   1300   1400   1600   2000   2400   2700   3600   3800   3800   2065
POST     /cart/checkout                                                                        380    910   1200   1300   1600   1800   2200   2700   3400   3400   3400    721
GET      /product/[id]                                                                         390    950   1200   1300   1600   1800   2200   2500   3000   3200   3200   6790
POST     /setCurrency                                                                          120    200    290    360    710   1200   1600   1800   2100   2200   2200   1374
--------|--------------------------------------------------------------------------------|--------|------|------|------|------|------|------|------|------|------|------|------
         Aggregated                                                                            340    780   1100   1300   1500   1800   2200   2500   3100   3800   3800  13079

