/Users/martinho/Library/Python/3.9/lib/python/site-packages/urllib3/__init__.py:35: NotOpenSSLWarning: urllib3 v2 only supports OpenSSL 1.1.1+, currently the 'ssl' module is compiled with 'LibreSSL 2.8.3'. See: https://github.com/urllib3/urllib3/issues/3020
  warnings.warn(
[2026-05-05 17:03:20,126] MacBook-Air-de-Nuno/WARNING/locust.main: Python 3.9 support is deprecated and will be removed soon
Type     Name                                                                          # reqs      # fails |    Avg     Min     Max    Med |   req/s  failures/s
--------|----------------------------------------------------------------------------|-------|-------------|-------|-------|-------|-------|--------|-----------
--------|----------------------------------------------------------------------------|-------|-------------|-------|-------|-------|-------|--------|-----------
         Aggregated                                                                         0     0(0.00%) |      0       0       0      0 |    0.00        0.00

Type     Name                                                                          # reqs      # fails |    Avg     Min     Max    Med |   req/s  failures/s
--------|----------------------------------------------------------------------------|-------|-------------|-------|-------|-------|-------|--------|-----------
GET      /cart                                                                              2     0(0.00%) |     12      10      14     11 |    0.00        0.00
POST     /cart [add]                                                                        5     0(0.00%) |     30      17      40     36 |    0.00        0.00
POST     /cart/checkout                                                                     2     0(0.00%) |     25      24      26     24 |    0.00        0.00
GET      /product/[id]                                                                     12     0(0.00%) |     18      13      27     19 |    0.00        0.00
POST     /setCurrency                                                                       4     0(0.00%) |     37      21      47     34 |    0.00        0.00
--------|----------------------------------------------------------------------------|-------|-------------|-------|-------|-------|-------|--------|-----------
         Aggregated                                                                        25     0(0.00%) |     24      10      47     21 |    0.00        0.00

Type     Name                                                                          # reqs      # fails |    Avg     Min     Max    Med |   req/s  failures/s
--------|----------------------------------------------------------------------------|-------|-------------|-------|-------|-------|-------|--------|-----------
GET      /                                                                                  5     0(0.00%) |     22      17      29     23 |    0.00        0.00
GET      /cart                                                                              8     0(0.00%) |     13      10      19     12 |    0.50        0.00
POST     /cart [add]                                                                       13     0(0.00%) |     21      13      40     18 |    2.00        0.00
POST     /cart/checkout                                                                     4     0(0.00%) |     20      14      26     17 |    0.50        0.00
GET      /product/[id]                                                                     37     0(0.00%) |     15       9      27     15 |    5.50        0.00
POST     /setCurrency                                                                       8     0(0.00%) |     31      21      47     26 |    2.00        0.00
--------|----------------------------------------------------------------------------|-------|-------------|-------|-------|-------|-------|--------|-----------
         Aggregated                                                                        75     0(0.00%) |     18       9      47     16 |   10.50        0.00

Type     Name                                                                          # reqs      # fails |    Avg     Min     Max    Med |   req/s  failures/s
--------|----------------------------------------------------------------------------|-------|-------------|-------|-------|-------|-------|--------|-----------
GET      /                                                                                  9     0(0.00%) |     20      15      29     19 |    1.25        0.00
GET      /cart                                                                             19     0(0.00%) |     12       8      19     11 |    1.75        0.00
POST     /cart [add]                                                                       35     0(0.00%) |     17      10      40     16 |    3.25        0.00
POST     /cart/checkout                                                                    12     0(0.00%) |     16      12      26     16 |    1.00        0.00
GET      /product/[id]                                                                     78     0(0.00%) |     12       7      27     12 |    9.00        0.00
POST     /setCurrency                                                                      12     0(0.00%) |     27      16      47     23 |    2.00        0.00
--------|----------------------------------------------------------------------------|-------|-------------|-------|-------|-------|-------|--------|-----------
         Aggregated                                                                       165     0(0.00%) |     15       7      47     14 |   18.25        0.00

Type     Name                                                                          # reqs      # fails |    Avg     Min     Max    Med |   req/s  failures/s
--------|----------------------------------------------------------------------------|-------|-------------|-------|-------|-------|-------|--------|-----------
GET      /                                                                                 12     0(0.00%) |     18      13      29     17 |    1.33        0.00
GET      /cart                                                                             29     0(0.00%) |     11       8      19     11 |    3.00        0.00
POST     /cart [add]                                                                       64     0(0.00%) |     16      10      40     15 |    5.67        0.00
POST     /cart/checkout                                                                    23     0(0.00%) |     16      12      26     16 |    1.83        0.00
GET      /product/[id]                                                                    132     0(0.00%) |     11       7      27     11 |   12.67        0.00
POST     /setCurrency                                                                      23     0(0.00%) |     22      13      47     20 |    2.00        0.00
--------|----------------------------------------------------------------------------|-------|-------------|-------|-------|-------|-------|--------|-----------
         Aggregated                                                                       283     0(0.00%) |     14       7      47     13 |   26.50        0.00

Type     Name                                                                          # reqs      # fails |    Avg     Min     Max    Med |   req/s  failures/s
--------|----------------------------------------------------------------------------|-------|-------------|-------|-------|-------|-------|--------|-----------
GET      /                                                                                 15     0(0.00%) |     18      13      29     17 |    1.50        0.00
GET      /cart                                                                             51     0(0.00%) |     11       7      19     10 |    3.62        0.00
POST     /cart [add]                                                                       89     0(0.00%) |     15      10      40     15 |    7.88        0.00
POST     /cart/checkout                                                                    36     0(0.00%) |     15      11      26     15 |    2.62        0.00
GET      /product/[id]                                                                    195     0(0.00%) |     10       7      27     10 |   16.12        0.00
POST     /setCurrency                                                                      40     0(0.00%) |     20      13      47     18 |    2.75        0.00
--------|----------------------------------------------------------------------------|-------|-------------|-------|-------|-------|-------|--------|-----------
         Aggregated                                                                       426     0(0.00%) |     13       7      47     13 |   34.50        0.00

Type     Name                                                                          # reqs      # fails |    Avg     Min     Max    Med |   req/s  failures/s
--------|----------------------------------------------------------------------------|-------|-------------|-------|-------|-------|-------|--------|-----------
GET      /                                                                                 17     0(0.00%) |     18      13      29     17 |    1.40        0.00
GET      /cart                                                                             75     0(0.00%) |     10       7      19     10 |    4.90        0.00
POST     /cart [add]                                                                      120     0(0.00%) |     15      10      40     14 |    8.70        0.00
POST     /cart/checkout                                                                    48     0(0.00%) |     15      11      26     15 |    3.60        0.00
GET      /product/[id]                                                                    280     0(0.00%) |     10       7      27     10 |   19.10        0.00
POST     /setCurrency                                                                      58     0(0.00%) |     19      13      47     17 |    3.90        0.00
--------|----------------------------------------------------------------------------|-------|-------------|-------|-------|-------|-------|--------|-----------
         Aggregated                                                                       598     0(0.00%) |     13       7      47     12 |   41.60        0.00

Type     Name                                                                          # reqs      # fails |    Avg     Min     Max    Med |   req/s  failures/s
--------|----------------------------------------------------------------------------|-------|-------------|-------|-------|-------|-------|--------|-----------
GET      /                                                                                 25     0(0.00%) |     17      13      29     17 |    1.70        0.00
GET      /cart                                                                            105     0(0.00%) |     10       7      19     10 |    7.20        0.00
POST     /cart [add]                                                                      164     0(0.00%) |     15      10      40     14 |   11.30        0.00
POST     /cart/checkout                                                                    59     0(0.00%) |     15      11      26     15 |    4.60        0.00
GET      /product/[id]                                                                    372     0(0.00%) |     10       6      27     10 |   26.60        0.00
POST     /setCurrency                                                                      71     0(0.00%) |     19      13      47     18 |    5.30        0.00
--------|----------------------------------------------------------------------------|-------|-------------|-------|-------|-------|-------|--------|-----------
         Aggregated                                                                       796     0(0.00%) |     12       6      47     12 |   56.70        0.00

Type     Name                                                                          # reqs      # fails |    Avg     Min     Max    Med |   req/s  failures/s
--------|----------------------------------------------------------------------------|-------|-------------|-------|-------|-------|-------|--------|-----------
GET      /                                                                                 32     0(0.00%) |     17      13      29     17 |    2.00        0.00
GET      /cart                                                                            135     0(0.00%) |     10       6      37     10 |    9.60        0.00
POST     /cart [add]                                                                      204     0(0.00%) |     15      10      40     14 |   14.70        0.00
POST     /cart/checkout                                                                    78     0(0.00%) |     16      11      51     15 |    5.30        0.00
GET      /product/[id]                                                                    488     0(0.00%) |     10       6      27     10 |   33.00        0.00
POST     /setCurrency                                                                      96     0(0.00%) |     19      13      47     18 |    6.20        0.00
--------|----------------------------------------------------------------------------|-------|-------------|-------|-------|-------|-------|--------|-----------
         Aggregated                                                                      1033     0(0.00%) |     12       6      51     12 |   70.80        0.00

Type     Name                                                                          # reqs      # fails |    Avg     Min     Max    Med |   req/s  failures/s
--------|----------------------------------------------------------------------------|-------|-------------|-------|-------|-------|-------|--------|-----------
GET      /                                                                                 42     0(0.00%) |     18      13      31     17 |    2.40        0.00
GET      /cart                                                                            171     0(0.00%) |     10       6      37     10 |   11.60        0.00
POST     /cart [add]                                                                      254     0(0.00%) |     15      10      40     14 |   16.40        0.00
POST     /cart/checkout                                                                    97     0(0.00%) |     16      11      51     15 |    6.70        0.00
GET      /product/[id]                                                                    610     0(0.00%) |     10       6      27     10 |   40.50        0.00
POST     /setCurrency                                                                     123     0(0.00%) |     19      13      47     18 |    8.00        0.00
--------|----------------------------------------------------------------------------|-------|-------------|-------|-------|-------|-------|--------|-----------
         Aggregated                                                                      1297     0(0.00%) |     12       6      51     12 |   85.60        0.00

Type     Name                                                                          # reqs      # fails |    Avg     Min     Max    Med |   req/s  failures/s
--------|----------------------------------------------------------------------------|-------|-------------|-------|-------|-------|-------|--------|-----------
GET      /                                                                                 45     0(0.00%) |     18      13      31     17 |    3.00        0.00
GET      /cart                                                                            208     0(0.00%) |     11       6      82     10 |   14.00        0.00
POST     /cart [add]                                                                      307     0(0.00%) |     15      10      69     14 |   18.70        0.00
POST     /cart/checkout                                                                   115     0(0.00%) |     16      11      51     16 |    7.40        0.00
GET      /product/[id]                                                                    757     0(0.00%) |     10       6      65     10 |   46.80        0.00
POST     /setCurrency                                                                     146     0(0.00%) |     19      13      74     18 |    9.90        0.00
--------|----------------------------------------------------------------------------|-------|-------------|-------|-------|-------|-------|--------|-----------
         Aggregated                                                                      1578     0(0.00%) |     13       6      82     12 |   99.80        0.00

Type     Name                                                                          # reqs      # fails |    Avg     Min     Max    Med |   req/s  failures/s
--------|----------------------------------------------------------------------------|-------|-------------|-------|-------|-------|-------|--------|-----------
GET      /                                                                                 56     0(0.00%) |     20      13      69     17 |    3.00        0.00
GET      /cart                                                                            243     0(0.00%) |     12       6      82     10 |   15.60        0.00
POST     /cart [add]                                                                      366     0(0.00%) |     16      10      75     15 |   22.00        0.00
POST     /cart/checkout                                                                   140     0(0.00%) |     17      11      70     16 |    7.90        0.00
GET      /product/[id]                                                                    918     0(0.00%) |     11       6      65     10 |   55.20        0.00
POST     /setCurrency                                                                     180     0(0.00%) |     22      13      88     19 |   10.50        0.00
--------|----------------------------------------------------------------------------|-------|-------------|-------|-------|-------|-------|--------|-----------
         Aggregated                                                                      1903     0(0.00%) |     14       6      88     12 |  114.20        0.00

Type     Name                                                                          # reqs      # fails |    Avg     Min     Max    Med |   req/s  failures/s
--------|----------------------------------------------------------------------------|-------|-------------|-------|-------|-------|-------|--------|-----------
GET      /                                                                                 67     0(0.00%) |     27      13     149     18 |    3.80        0.00
GET      /cart                                                                            289     0(0.00%) |     13       6      82     11 |   16.30        0.00
POST     /cart [add]                                                                      429     0(0.00%) |     18      10      97     15 |   24.50        0.00
POST     /cart/checkout                                                                   164     0(0.00%) |     19      11     100     16 |    9.00        0.00
GET      /product/[id]                                                                   1076     0(0.00%) |     11       6      92     10 |   63.20        0.00
POST     /setCurrency                                                                     214     0(0.00%) |     24      13     131     19 |   11.70        0.00
--------|----------------------------------------------------------------------------|-------|-------------|-------|-------|-------|-------|--------|-----------
         Aggregated                                                                      2239     0(0.00%) |     15       6     149     12 |  128.50        0.00

Type     Name                                                                          # reqs      # fails |    Avg     Min     Max    Med |   req/s  failures/s
--------|----------------------------------------------------------------------------|-------|-------------|-------|-------|-------|-------|--------|-----------
GET      /                                                                                 76     0(0.00%) |     28      13     149     18 |    4.20        0.00
GET      /cart                                                                            346     0(0.00%) |     14       6      82     11 |   18.20        0.00
POST     /cart [add]                                                                      493     0(0.00%) |     19      10      97     16 |   26.60        0.00
POST     /cart/checkout                                                                   188     0(0.00%) |     21      11     120     16 |   10.50        0.00
GET      /product/[id]                                                                   1245     0(0.00%) |     12       6      92     10 |   69.80        0.00
POST     /setCurrency                                                                     251     0(0.00%) |     26      13     131     20 |   13.70        0.00
--------|----------------------------------------------------------------------------|-------|-------------|-------|-------|-------|-------|--------|-----------
         Aggregated                                                                      2599     0(0.00%) |     16       6     149     13 |  143.00        0.00

Type     Name                                                                          # reqs      # fails |    Avg     Min     Max    Med |   req/s  failures/s
--------|----------------------------------------------------------------------------|-------|-------------|-------|-------|-------|-------|--------|-----------
GET      /                                                                                 82     0(0.00%) |     29      13     149     19 |    4.30        0.00
GET      /cart                                                                            393     0(0.00%) |     16       6     107     11 |   20.50        0.00
POST     /cart [add]                                                                      557     0(0.00%) |     21      10     117     16 |   29.30        0.00
POST     /cart/checkout                                                                   220     0(0.00%) |     25      11     120     17 |   10.90        0.00
GET      /product/[id]                                                                   1435     0(0.00%) |     14       6     132     10 |   74.70        0.00
POST     /setCurrency                                                                     293     0(0.00%) |     33      13     184     20 |   15.40        0.00
--------|----------------------------------------------------------------------------|-------|-------------|-------|-------|-------|-------|--------|-----------
         Aggregated                                                                      2980     0(0.00%) |     19       6     184     13 |  155.10        0.00

Type     Name                                                                          # reqs      # fails |    Avg     Min     Max    Med |   req/s  failures/s
--------|----------------------------------------------------------------------------|-------|-------------|-------|-------|-------|-------|--------|-----------
GET      /                                                                                 91     0(0.00%) |     32      13     149     20 |    3.90        0.00
GET      /cart                                                                            448     0(0.00%) |     17       6     107     11 |   22.10        0.00
POST     /cart [add]                                                                      625     0(0.00%) |     24      10     162     16 |   30.00        0.00
POST     /cart/checkout                                                                   246     0(0.00%) |     26      11     120     18 |   12.30        0.00
GET      /product/[id]                                                                   1646     0(0.00%) |     15       6     132     11 |   82.20        0.00
POST     /setCurrency                                                                     322     0(0.00%) |     35      13     184     21 |   16.70        0.00
--------|----------------------------------------------------------------------------|-------|-------------|-------|-------|-------|-------|--------|-----------
         Aggregated                                                                      3378     0(0.00%) |     20       6     184     13 |  167.20        0.00

Type     Name                                                                          # reqs      # fails |    Avg     Min     Max    Med |   req/s  failures/s
--------|----------------------------------------------------------------------------|-------|-------------|-------|-------|-------|-------|--------|-----------
GET      /                                                                                 99     0(0.00%) |     36      13     149     21 |    4.60        0.00
GET      /cart                                                                            493     0(0.00%) |     19       6     159     12 |   23.70        0.00
POST     /cart [add]                                                                      696     0(0.00%) |     27      10     190     17 |   31.40        0.00
POST     /cart/checkout                                                                   268     0(0.00%) |     29      11     141     18 |   13.00        0.00
GET      /product/[id]                                                                   1856     0(0.00%) |     18       6     132     11 |   88.70        0.00
POST     /setCurrency                                                                     365     0(0.00%) |     42      13     228     23 |   17.50        0.00
--------|----------------------------------------------------------------------------|-------|-------------|-------|-------|-------|-------|--------|-----------
         Aggregated                                                                      3777     0(0.00%) |     23       6     228     14 |  178.90        0.00

Type     Name                                                                          # reqs      # fails |    Avg     Min     Max    Med |   req/s  failures/s
--------|----------------------------------------------------------------------------|-------|-------------|-------|-------|-------|-------|--------|-----------
GET      /                                                                                111     0(0.00%) |     43      13     239     23 |    4.30        0.00
GET      /cart                                                                            546     0(0.00%) |     22       6     159     12 |   25.40        0.00
POST     /cart [add]                                                                      761     0(0.00%) |     31      10     235     18 |   33.10        0.00
POST     /cart/checkout                                                                   293     0(0.00%) |     32      11     141     18 |   12.90        0.00
GET      /product/[id]                                                                   2063     0(0.00%) |     20       6     145     11 |   92.40        0.00
POST     /setCurrency                                                                     415     0(0.00%) |     49      13     247     26 |   18.50        0.00
--------|----------------------------------------------------------------------------|-------|-------------|-------|-------|-------|-------|--------|-----------
         Aggregated                                                                      4189     0(0.00%) |     26       6     247     15 |  186.60        0.00

Type     Name                                                                          # reqs      # fails |    Avg     Min     Max    Med |   req/s  failures/s
--------|----------------------------------------------------------------------------|-------|-------------|-------|-------|-------|-------|--------|-----------
GET      /                                                                                118     0(0.00%) |     47      13     242     27 |    4.30        0.00
GET      /cart                                                                            603     0(0.00%) |     25       6     159     13 |   25.60        0.00
POST     /cart [add]                                                                      833     0(0.00%) |     35      10     235     18 |   33.10        0.00
POST     /cart/checkout                                                                   317     0(0.00%) |     34      11     174     19 |   12.90        0.00
GET      /product/[id]                                                                   2268     0(0.00%) |     22       6     189     12 |   97.10        0.00
POST     /setCurrency                                                                     461     0(0.00%) |     56      13     311     30 |   20.40        0.00
--------|----------------------------------------------------------------------------|-------|-------------|-------|-------|-------|-------|--------|-----------
         Aggregated                                                                      4600     0(0.00%) |     29       6     311     16 |  193.40        0.00

Type     Name                                                                          # reqs      # fails |    Avg     Min     Max    Med |   req/s  failures/s
--------|----------------------------------------------------------------------------|-------|-------------|-------|-------|-------|-------|--------|-----------
GET      /                                                                                133     0(0.00%) |     55      13     299     31 |    4.20        0.00
GET      /cart                                                                            654     0(0.00%) |     29       6     341     14 |   26.10        0.00
POST     /cart [add]                                                                      909     0(0.00%) |     42      10     646     19 |   33.50        0.00
POST     /cart/checkout                                                                   350     0(0.00%) |     40      11     200     20 |   12.60        0.00
GET      /product/[id]                                                                   2479     0(0.00%) |     25       6     505     12 |  102.40        0.00
POST     /setCurrency                                                                     498     0(0.00%) |     64      13     634     35 |   21.10        0.00
--------|----------------------------------------------------------------------------|-------|-------------|-------|-------|-------|-------|--------|-----------
         Aggregated                                                                      5023     0(0.00%) |     34       6     646     17 |  199.90        0.00

Type     Name                                                                          # reqs      # fails |    Avg     Min     Max    Med |   req/s  failures/s
--------|----------------------------------------------------------------------------|-------|-------------|-------|-------|-------|-------|--------|-----------
GET      /                                                                                143     0(0.00%) |     62      13     299     34 |    5.20        0.00
GET      /cart                                                                            705     0(0.00%) |     33       6     341     15 |   26.00        0.00
POST     /cart [add]                                                                      994     0(0.00%) |     48      10     646     22 |   35.20        0.00
POST     /cart/checkout                                                                   381     0(0.00%) |     43      11     200     21 |   12.90        0.00
GET      /product/[id]                                                                   2705     0(0.00%) |     28       6     505     13 |  104.50        0.00
POST     /setCurrency                                                                     542     0(0.00%) |     70      13     634     42 |   20.40        0.00
--------|----------------------------------------------------------------------------|-------|-------------|-------|-------|-------|-------|--------|-----------
         Aggregated                                                                      5470     0(0.00%) |     38       6     646     18 |  204.20        0.00

Type     Name                                                                          # reqs      # fails |    Avg     Min     Max    Med |   req/s  failures/s
--------|----------------------------------------------------------------------------|-------|-------------|-------|-------|-------|-------|--------|-----------
GET      /                                                                                155     0(0.00%) |     73      13     377     42 |    5.20        0.00
GET      /cart                                                                            771     0(0.00%) |     39       6     341     17 |   26.00        0.00
POST     /cart [add]                                                                     1076     0(0.00%) |     55      10     646     25 |   36.60        0.00
POST     /cart/checkout                                                                   415     0(0.00%) |     49      11     219     24 |   13.30        0.00
GET      /product/[id]                                                                   2913     0(0.00%) |     31       6     505     14 |  105.50        0.00
POST     /setCurrency                                                                     578     0(0.00%) |     79      13     634     47 |   21.60        0.00
--------|----------------------------------------------------------------------------|-------|-------------|-------|-------|-------|-------|--------|-----------
         Aggregated                                                                      5908     0(0.00%) |     44       6     646     20 |  208.20        0.00

Type     Name                                                                          # reqs      # fails |    Avg     Min     Max    Med |   req/s  failures/s
--------|----------------------------------------------------------------------------|-------|-------------|-------|-------|-------|-------|--------|-----------
GET      /                                                                                168     0(0.00%) |     83      13     377     49 |    5.50        0.00
GET      /cart                                                                            823     0(0.00%) |     41       6     341     19 |   27.30        0.00
POST     /cart [add]                                                                     1146     0(0.00%) |     59      10     646     28 |   37.20        0.00
POST     /cart/checkout                                                                   443     0(0.00%) |     53      11     219     28 |   14.50        0.00
GET      /product/[id]                                                                   3134     0(0.00%) |     34       6     505     16 |  107.30        0.00
POST     /setCurrency                                                                     639     0(0.00%) |     91      13     634     64 |   21.00        0.00
--------|----------------------------------------------------------------------------|-------|-------------|-------|-------|-------|-------|--------|-----------
         Aggregated                                                                      6353     0(0.00%) |     48       6     646     22 |  212.80        0.00

Type     Name                                                                          # reqs      # fails |    Avg     Min     Max    Med |   req/s  failures/s
--------|----------------------------------------------------------------------------|-------|-------------|-------|-------|-------|-------|--------|-----------
GET      /                                                                                182     0(0.00%) |     91      13     377     54 |    5.80        0.00
GET      /cart                                                                            877     0(0.00%) |     46       6    1150     22 |   27.50        0.00
POST     /cart [add]                                                                     1218     0(0.00%) |     63      10    1102     32 |   38.00        0.00
POST     /cart/checkout                                                                   469     0(0.00%) |     59      11     755     35 |   15.20        0.00
GET      /product/[id]                                                                   3372     0(0.00%) |     39       6     869     18 |  108.20        0.00
POST     /setCurrency                                                                     679     0(0.00%) |     99      13    1178     70 |   22.40        0.00
--------|----------------------------------------------------------------------------|-------|-------------|-------|-------|-------|-------|--------|-----------
         Aggregated                                                                      6797     0(0.00%) |     53       6    1178     25 |  217.10        0.00

Type     Name                                                                          # reqs      # fails |    Avg     Min     Max    Med |   req/s  failures/s
--------|----------------------------------------------------------------------------|-------|-------------|-------|-------|-------|-------|--------|-----------
GET      /                                                                                201     0(0.00%) |    106      13     687     71 |    6.30        0.00
GET      /cart                                                                            936     0(0.00%) |     50       6    1150     26 |   27.20        0.00
POST     /cart [add]                                                                     1300     0(0.00%) |     70      10    1102     38 |   38.50        0.00
POST     /cart/checkout                                                                   495     0(0.00%) |     62      11     755     43 |   15.30        0.00
GET      /product/[id]                                                                   3595     0(0.00%) |     43       6     869     22 |  110.00        0.00
POST     /setCurrency                                                                     722     0(0.00%) |    107      13    1178     80 |   22.00        0.00
--------|----------------------------------------------------------------------------|-------|-------------|-------|-------|-------|-------|--------|-----------
         Aggregated                                                                      7249     0(0.00%) |     58       6    1178     29 |  219.30        0.00

Type     Name                                                                          # reqs      # fails |    Avg     Min     Max    Med |   req/s  failures/s
--------|----------------------------------------------------------------------------|-------|-------------|-------|-------|-------|-------|--------|-----------
GET      /                                                                                222     0(0.00%) |    118      13     687     89 |    6.60        0.00
GET      /cart                                                                           1000     0(0.00%) |     55       6    1150     31 |   28.30        0.00
POST     /cart [add]                                                                     1367     0(0.00%) |     75      10    1102     43 |   39.20        0.00
POST     /cart/checkout                                                                   520     0(0.00%) |     65      11     755     50 |   14.60        0.00
GET      /product/[id]                                                                   3819     0(0.00%) |     47       6     869     25 |  110.30        0.00
POST     /setCurrency                                                                     778     0(0.00%) |    116      13    1178     92 |   22.60        0.00
--------|----------------------------------------------------------------------------|-------|-------------|-------|-------|-------|-------|--------|-----------
         Aggregated                                                                      7706     0(0.00%) |     63       6    1178     34 |  221.60        0.00

Type     Name                                                                          # reqs      # fails |    Avg     Min     Max    Med |   req/s  failures/s
--------|----------------------------------------------------------------------------|-------|-------------|-------|-------|-------|-------|--------|-----------
GET      /                                                                                236     0(0.00%) |    127      13     687    110 |    7.90        0.00
GET      /cart                                                                           1056     0(0.00%) |     61       6    1150     34 |   29.50        0.00
POST     /cart [add]                                                                     1453     0(0.00%) |     82      10    1102     51 |   37.40        0.00
POST     /cart/checkout                                                                   541     0(0.00%) |     70      11     755     56 |   13.90        0.00
GET      /product/[id]                                                                   4048     0(0.00%) |     51       6     869     28 |  111.40        0.00
POST     /setCurrency                                                                     822     0(0.00%) |    126      13    1178    100 |   24.10        0.00
--------|----------------------------------------------------------------------------|-------|-------------|-------|-------|-------|-------|--------|-----------
         Aggregated                                                                      8156     0(0.00%) |     69       6    1178     38 |  224.20        0.00

Type     Name                                                                          # reqs      # fails |    Avg     Min     Max    Med |   req/s  failures/s
--------|----------------------------------------------------------------------------|-------|-------------|-------|-------|-------|-------|--------|-----------
GET      /                                                                                255     0(0.00%) |    139      13     729    120 |    7.90        0.00
GET      /cart                                                                           1126     0(0.00%) |     68       6    1150     38 |   28.70        0.00
POST     /cart [add]                                                                     1520     0(0.00%) |     87      10    1102     57 |   37.80        0.00
POST     /cart/checkout                                                                   567     0(0.00%) |     77      11     903     58 |   12.80        0.00
GET      /product/[id]                                                                   4290     0(0.00%) |     54       6     893     32 |  112.20        0.00
POST     /setCurrency                                                                     873     0(0.00%) |    136      13    1178    110 |   24.90        0.00
--------|----------------------------------------------------------------------------|-------|-------------|-------|-------|-------|-------|--------|-----------
         Aggregated                                                                      8631     0(0.00%) |     74       6    1178     43 |  224.30        0.00

Type     Name                                                                          # reqs      # fails |    Avg     Min     Max    Med |   req/s  failures/s
--------|----------------------------------------------------------------------------|-------|-------------|-------|-------|-------|-------|--------|-----------
GET      /                                                                                276     0(0.00%) |    147      13     729    130 |    8.60        0.00
GET      /cart                                                                           1192     0(0.00%) |     73       6    1150     43 |   30.20        0.00
POST     /cart [add]                                                                     1599     0(0.00%) |     92      10    1102     64 |   37.90        0.00
POST     /cart/checkout                                                                   594     0(0.00%) |     79      11     903     61 |   12.40        0.00
GET      /product/[id]                                                                   4552     0(0.00%) |     58       6     893     35 |  115.00        0.00
POST     /setCurrency                                                                     919     0(0.00%) |    144      13    1178    120 |   23.10        0.00
--------|----------------------------------------------------------------------------|-------|-------------|-------|-------|-------|-------|--------|-----------
         Aggregated                                                                      9132     0(0.00%) |     79       6    1178     48 |  227.20        0.00

Type     Name                                                                          # reqs      # fails |    Avg     Min     Max    Med |   req/s  failures/s
--------|----------------------------------------------------------------------------|-------|-------------|-------|-------|-------|-------|--------|-----------
GET      /                                                                                285     0(0.00%) |    151      13     729    140 |    9.40        0.00
GET      /cart                                                                           1252     0(0.00%) |     76       6    1150     48 |   31.20        0.00
POST     /cart [add]                                                                     1677     0(0.00%) |     98      10    1102     72 |   38.20        0.00
POST     /cart/checkout                                                                   625     0(0.00%) |     82      11     903     66 |   12.40        0.00
GET      /product/[id]                                                                   4836     0(0.00%) |     62       6     893     40 |  117.80        0.00
POST     /setCurrency                                                                     974     0(0.00%) |    151      13    1178    130 |   23.60        0.00
--------|----------------------------------------------------------------------------|-------|-------------|-------|-------|-------|-------|--------|-----------
         Aggregated                                                                      9649     0(0.00%) |     83       6    1178     53 |  232.60        0.00

Type     Name                                                                          # reqs      # fails |    Avg     Min     Max    Med |   req/s  failures/s
--------|----------------------------------------------------------------------------|-------|-------------|-------|-------|-------|-------|--------|-----------
GET      /                                                                                299     0(0.00%) |    157      13     729    150 |    8.50        0.00
GET      /cart                                                                           1317     0(0.00%) |     79       6    1150     52 |   31.50        0.00
POST     /cart [add]                                                                     1757     0(0.00%) |    103      10    1102     76 |   37.30        0.00
POST     /cart/checkout                                                                   656     0(0.00%) |     85      11     903     71 |   13.00        0.00
GET      /product/[id]                                                                   5111     0(0.00%) |     65       6     893     44 |  123.90        0.00
POST     /setCurrency                                                                    1034     0(0.00%) |    159      13    1178    140 |   25.30        0.00
--------|----------------------------------------------------------------------------|-------|-------------|-------|-------|-------|-------|--------|-----------
         Aggregated                                                                     10174     0(0.00%) |     87       6    1178     58 |  239.50        0.00

Type     Name                                                                          # reqs      # fails |    Avg     Min     Max    Med |   req/s  failures/s
--------|----------------------------------------------------------------------------|-------|-------------|-------|-------|-------|-------|--------|-----------
GET      /                                                                                326     0(0.00%) |    168      13     729    170 |    7.80        0.00
GET      /cart                                                                           1383     0(0.00%) |     82       6    1150     58 |   31.60        0.00
POST     /cart [add]                                                                     1853     0(0.00%) |    109      10    1102     85 |   38.30        0.00
POST     /cart/checkout                                                                   690     0(0.00%) |     89      11     903     76 |   13.80        0.00
GET      /product/[id]                                                                   5356     0(0.00%) |     68       6     893     48 |  129.20        0.00
POST     /setCurrency                                                                    1090     0(0.00%) |    168      13    1178    150 |   25.30        0.00
--------|----------------------------------------------------------------------------|-------|-------------|-------|-------|-------|-------|--------|-----------
         Aggregated                                                                     10698     0(0.00%) |     91       6    1178     64 |  246.00        0.00

Type     Name                                                                          # reqs      # fails |    Avg     Min     Max    Med |   req/s  failures/s
--------|----------------------------------------------------------------------------|-------|-------------|-------|-------|-------|-------|--------|-----------
GET      /                                                                                342     0(0.00%) |    178      13    1086    180 |    9.00        0.00
GET      /cart                                                                           1437     0(0.00%) |     85       6    1150     60 |   32.50        0.00
POST     /cart [add]                                                                     1932     0(0.00%) |    114      10    1235     90 |   40.00        0.00
POST     /cart/checkout                                                                   719     0(0.00%) |     92      11     903     84 |   15.10        0.00
GET      /product/[id]                                                                   5623     0(0.00%) |     72       6    1118     51 |  130.40        0.00
POST     /setCurrency                                                                    1153     0(0.00%) |    177      13    1178    160 |   26.70        0.00
--------|----------------------------------------------------------------------------|-------|-------------|-------|-------|-------|-------|--------|-----------
         Aggregated                                                                     11206     0(0.00%) |     96       6    1235     68 |  253.70        0.00

Type     Name                                                                          # reqs      # fails |    Avg     Min     Max    Med |   req/s  failures/s
--------|----------------------------------------------------------------------------|-------|-------------|-------|-------|-------|-------|--------|-----------
GET      /                                                                                356     0(0.00%) |    185      13    1086    180 |    8.80        0.00
GET      /cart                                                                           1499     0(0.00%) |     89       6    1150     64 |   31.40        0.00
POST     /cart [add]                                                                     2025     0(0.00%) |    120      10    1235     97 |   40.90        0.00
POST     /cart/checkout                                                                   748     0(0.00%) |     95      11     903     90 |   15.00        0.00
GET      /product/[id]                                                                   5886     0(0.00%) |     76       6    1118     56 |  133.60        0.00
POST     /setCurrency                                                                    1210     0(0.00%) |    185      13    1178    170 |   28.10        0.00
--------|----------------------------------------------------------------------------|-------|-------------|-------|-------|-------|-------|--------|-----------
         Aggregated                                                                     11724     0(0.00%) |    101       6    1235     74 |  257.80        0.00

Type     Name                                                                          # reqs      # fails |    Avg     Min     Max    Med |   req/s  failures/s
--------|----------------------------------------------------------------------------|-------|-------------|-------|-------|-------|-------|--------|-----------
GET      /                                                                                372     0(0.00%) |    194      13    1086    190 |    8.00        0.00
GET      /cart                                                                           1574     0(0.00%) |     96       6    1150     69 |   31.10        0.00
POST     /cart [add]                                                                     2115     0(0.00%) |    128      10    1235    100 |   42.00        0.00
POST     /cart/checkout                                                                   786     0(0.00%) |    103      11    1006     95 |   15.70        0.00
GET      /product/[id]                                                                   6128     0(0.00%) |     80       6    1118     59 |  133.60        0.00
POST     /setCurrency                                                                    1262     0(0.00%) |    193      13    1178    180 |   29.30        0.00
--------|----------------------------------------------------------------------------|-------|-------------|-------|-------|-------|-------|--------|-----------
         Aggregated                                                                     12237     0(0.00%) |    107       6    1235     79 |  259.70        0.00

Type     Name                                                                          # reqs      # fails |    Avg     Min     Max    Med |   req/s  failures/s
--------|----------------------------------------------------------------------------|-------|-------------|-------|-------|-------|-------|--------|-----------
GET      /                                                                                390     0(0.00%) |    202      13    1086    200 |    8.80        0.00
GET      /cart                                                                           1640     0(0.00%) |    100       6    1150     76 |   31.90        0.00
POST     /cart [add]                                                                     2208     0(0.00%) |    134      10    1235    110 |   44.30        0.00
POST     /cart/checkout                                                                   826     0(0.00%) |    109      11    1006     98 |   15.80        0.00
GET      /product/[id]                                                                   6415     0(0.00%) |     84       6    1118     65 |  129.70        0.00
POST     /setCurrency                                                                    1322     0(0.00%) |    204      13    1178    190 |   28.80        0.00
--------|----------------------------------------------------------------------------|-------|-------------|-------|-------|-------|-------|--------|-----------
         Aggregated                                                                     12801     0(0.00%) |    112       6    1235     84 |  259.30        0.00

Type     Name                                                                          # reqs      # fails |    Avg     Min     Max    Med |   req/s  failures/s
--------|----------------------------------------------------------------------------|-------|-------------|-------|-------|-------|-------|--------|-----------
GET      /                                                                                407     0(0.00%) |    208      13    1086    200 |    9.00        0.00
GET      /cart                                                                           1700     0(0.00%) |    104       6    1150     78 |   32.20        0.00
POST     /cart [add]                                                                     2301     0(0.00%) |    140      10    1235    110 |   45.40        0.00
POST     /cart/checkout                                                                   855     0(0.00%) |    114      11    1092     99 |   16.80        0.00
GET      /product/[id]                                                                   6701     0(0.00%) |     88       6    1118     69 |  128.50        0.00
POST     /setCurrency                                                                    1368     0(0.00%) |    210      13    1465    200 |   28.60        0.00
--------|----------------------------------------------------------------------------|-------|-------------|-------|-------|-------|-------|--------|-----------
         Aggregated                                                                     13332     0(0.00%) |    117       6    1465     90 |  260.50        0.00

Type     Name                                                                          # reqs      # fails |    Avg     Min     Max    Med |   req/s  failures/s
--------|----------------------------------------------------------------------------|-------|-------------|-------|-------|-------|-------|--------|-----------
GET      /                                                                                422     0(0.00%) |    218      13    1086    210 |    8.40        0.00
GET      /cart                                                                           1766     0(0.00%) |    109       6    1150     83 |   31.80        0.00
POST     /cart [add]                                                                     2394     0(0.00%) |    148      10    1235    120 |   44.70        0.00
POST     /cart/checkout                                                                   895     0(0.00%) |    118      11    1092    100 |   15.90        0.00
GET      /product/[id]                                                                   6969     0(0.00%) |     92       6    1118     74 |  133.70        0.00
POST     /setCurrency                                                                    1416     0(0.00%) |    217      13    1465    210 |   27.80        0.00
--------|----------------------------------------------------------------------------|-------|-------------|-------|-------|-------|-------|--------|-----------
         Aggregated                                                                     13862     0(0.00%) |    122       6    1465     95 |  262.30        0.00

Type     Name                                                                          # reqs      # fails |    Avg     Min     Max    Med |   req/s  failures/s
--------|----------------------------------------------------------------------------|-------|-------------|-------|-------|-------|-------|--------|-----------
GET      /                                                                                448     0(0.00%) |    232      13    1086    220 |    7.80        0.00
GET      /cart                                                                           1823     0(0.00%) |    112       6    1150     88 |   32.90        0.00
POST     /cart [add]                                                                     2489     0(0.00%) |    154      10    1235    130 |   46.00        0.00
POST     /cart/checkout                                                                   927     0(0.00%) |    122      11    1092    100 |   17.10        0.00
GET      /product/[id]                                                                   7243     0(0.00%) |     95       6    1118     78 |  134.20        0.00
POST     /setCurrency                                                                    1474     0(0.00%) |    227      13    1465    220 |   26.10        0.00
--------|----------------------------------------------------------------------------|-------|-------------|-------|-------|-------|-------|--------|-----------
         Aggregated                                                                     14404     0(0.00%) |    127       6    1465     99 |  264.10        0.00

Type     Name                                                                          # reqs      # fails |    Avg     Min     Max    Med |   req/s  failures/s
--------|----------------------------------------------------------------------------|-------|-------------|-------|-------|-------|-------|--------|-----------
GET      /                                                                                467     0(0.00%) |    241      13    1343    230 |    9.30        0.00
GET      /cart                                                                           1880     0(0.00%) |    117       6    1150     92 |   32.40        0.00
POST     /cart [add]                                                                     2581     0(0.00%) |    161      10    1235    140 |   46.60        0.00
POST     /cart/checkout                                                                   959     0(0.00%) |    125      11    1092    100 |   17.50        0.00
GET      /product/[id]                                                                   7508     0(0.00%) |     99       6    1118     82 |  135.00        0.00
POST     /setCurrency                                                                    1530     0(0.00%) |    236      13    1465    220 |   26.30        0.00
--------|----------------------------------------------------------------------------|-------|-------------|-------|-------|-------|-------|--------|-----------
         Aggregated                                                                     14925     0(0.00%) |    132       6    1465    100 |  267.10        0.00

Type     Name                                                                          # reqs      # fails |    Avg     Min     Max    Med |   req/s  failures/s
--------|----------------------------------------------------------------------------|-------|-------------|-------|-------|-------|-------|--------|-----------
GET      /                                                                                480     0(0.00%) |    247      13    1343    230 |    9.20        0.00
GET      /cart                                                                           1941     0(0.00%) |    121       6    1150     96 |   30.60        0.00
POST     /cart [add]                                                                     2666     0(0.00%) |    166      10    1235    140 |   46.40        0.00
POST     /cart/checkout                                                                   991     0(0.00%) |    127      11    1092    110 |   17.10        0.00
GET      /product/[id]                                                                   7798     0(0.00%) |    103       6    1118     87 |  137.90        0.00
POST     /setCurrency                                                                    1584     0(0.00%) |    245      13    1465    230 |   26.50        0.00
--------|----------------------------------------------------------------------------|-------|-------------|-------|-------|-------|-------|--------|-----------
         Aggregated                                                                     15460     0(0.00%) |    137       6    1465    110 |  267.70        0.00

Type     Name                                                                          # reqs      # fails |    Avg     Min     Max    Med |   req/s  failures/s
--------|----------------------------------------------------------------------------|-------|-------------|-------|-------|-------|-------|--------|-----------
GET      /                                                                                499     0(0.00%) |    254      13    1343    240 |    8.90        0.00
GET      /cart                                                                           2012     0(0.00%) |    126       6    1150    100 |   29.60        0.00
POST     /cart [add]                                                                     2761     0(0.00%) |    172      10    1235    150 |   45.60        0.00
POST     /cart/checkout                                                                  1026     0(0.00%) |    131      11    1092    110 |   16.50        0.00
GET      /product/[id]                                                                   8079     0(0.00%) |    106       6    1118     91 |  140.00        0.00
POST     /setCurrency                                                                    1642     0(0.00%) |    253      13    1465    240 |   26.80        0.00
--------|----------------------------------------------------------------------------|-------|-------------|-------|-------|-------|-------|--------|-----------
         Aggregated                                                                     16019     0(0.00%) |    141       6    1465    110 |  267.40        0.00

Type     Name                                                                          # reqs      # fails |    Avg     Min     Max    Med |   req/s  failures/s
--------|----------------------------------------------------------------------------|-------|-------------|-------|-------|-------|-------|--------|-----------
GET      /                                                                                514     0(0.00%) |    259      13    1343    250 |    9.10        0.00
GET      /cart                                                                           2071     0(0.00%) |    130       6    1150    100 |   31.20        0.00
POST     /cart [add]                                                                     2845     0(0.00%) |    176      10    1235    160 |   46.10        0.00
POST     /cart/checkout                                                                  1060     0(0.00%) |    133      11    1092    110 |   17.20        0.00
GET      /product/[id]                                                                   8374     0(0.00%) |    109       6    1118     96 |  138.50        0.00
POST     /setCurrency                                                                    1701     0(0.00%) |    261      13    1465    250 |   27.00        0.00
--------|----------------------------------------------------------------------------|-------|-------------|-------|-------|-------|-------|--------|-----------
         Aggregated                                                                     16565     0(0.00%) |    145       6    1465    120 |  269.10        0.00

Type     Name                                                                          # reqs      # fails |    Avg     Min     Max    Med |   req/s  failures/s
--------|----------------------------------------------------------------------------|-------|-------------|-------|-------|-------|-------|--------|-----------
GET      /                                                                                532     0(0.00%) |    264      13    1343    260 |    9.20        0.00
GET      /cart                                                                           2145     0(0.00%) |    133       6    1150    110 |   30.50        0.00
POST     /cart [add]                                                                     2937     0(0.00%) |    180      10    1235    160 |   45.30        0.00
POST     /cart/checkout                                                                  1093     0(0.00%) |    136      11    1092    110 |   17.10        0.00
GET      /product/[id]                                                                   8648     0(0.00%) |    111       6    1118     99 |  138.70        0.00
POST     /setCurrency                                                                    1740     0(0.00%) |    265      13    1465    260 |   28.70        0.00
--------|----------------------------------------------------------------------------|-------|-------------|-------|-------|-------|-------|--------|-----------
         Aggregated                                                                     17095     0(0.00%) |    148       6    1465    120 |  269.50        0.00

Type     Name                                                                          # reqs      # fails |    Avg     Min     Max    Med |   req/s  failures/s
--------|----------------------------------------------------------------------------|-------|-------------|-------|-------|-------|-------|--------|-----------
GET      /                                                                                550     0(0.00%) |    271      13    1343    260 |    8.40        0.00
GET      /cart                                                                           2211     0(0.00%) |    136       6    1150    110 |   31.90        0.00
POST     /cart [add]                                                                     3028     0(0.00%) |    185      10    1235    170 |   45.00        0.00
POST     /cart/checkout                                                                  1131     0(0.00%) |    139      11    1092    110 |   16.50        0.00
GET      /product/[id]                                                                   8905     0(0.00%) |    114       6    1118    100 |  140.20        0.00
POST     /setCurrency                                                                    1799     0(0.00%) |    272      13    1465    260 |   26.70        0.00
--------|----------------------------------------------------------------------------|-------|-------------|-------|-------|-------|-------|--------|-----------
         Aggregated                                                                     17624     0(0.00%) |    152       6    1465    120 |  268.70        0.00

Type     Name                                                                          # reqs      # fails |    Avg     Min     Max    Med |   req/s  failures/s
--------|----------------------------------------------------------------------------|-------|-------------|-------|-------|-------|-------|--------|-----------
GET      /                                                                                564     0(0.00%) |    276      13    1343    270 |    8.40        0.00
GET      /cart                                                                           2284     0(0.00%) |    140       6    1150    110 |   33.30        0.00
POST     /cart [add]                                                                     3126     0(0.00%) |    190      10    1235    170 |   44.40        0.00
POST     /cart/checkout                                                                  1164     0(0.00%) |    142      11    1092    120 |   17.40        0.00
GET      /product/[id]                                                                   9175     0(0.00%) |    116       6    1118    110 |  140.50        0.00
POST     /setCurrency                                                                    1857     0(0.00%) |    279      13    1465    270 |   27.00        0.00
--------|----------------------------------------------------------------------------|-------|-------------|-------|-------|-------|-------|--------|-----------
         Aggregated                                                                     18170     0(0.00%) |    155       6    1465    130 |  271.00        0.00

Type     Name                                                                          # reqs      # fails |    Avg     Min     Max    Med |   req/s  failures/s
--------|----------------------------------------------------------------------------|-------|-------------|-------|-------|-------|-------|--------|-----------
GET      /                                                                                580     0(0.00%) |    280      13    1343    270 |    8.60        0.00
GET      /cart                                                                           2351     0(0.00%) |    142       6    1150    120 |   34.50        0.00
POST     /cart [add]                                                                     3217     0(0.00%) |    194      10    1235    180 |   46.40        0.00
POST     /cart/checkout                                                                  1202     0(0.00%) |    144      11    1092    120 |   17.30        0.00
GET      /product/[id]                                                                   9446     0(0.00%) |    118       6    1118    110 |  136.40        0.00
POST     /setCurrency                                                                    1926     0(0.00%) |    285      13    1465    280 |   26.60        0.00
--------|----------------------------------------------------------------------------|-------|-------------|-------|-------|-------|-------|--------|-----------
         Aggregated                                                                     18722     0(0.00%) |    158       6    1465    130 |  269.80        0.00

Type     Name                                                                          # reqs      # fails |    Avg     Min     Max    Med |   req/s  failures/s
--------|----------------------------------------------------------------------------|-------|-------------|-------|-------|-------|-------|--------|-----------
GET      /                                                                                597     0(0.00%) |    283      13    1343    280 |    8.10        0.00
GET      /cart                                                                           2408     0(0.00%) |    145       6    1150    120 |   34.00        0.00
POST     /cart [add]                                                                     3306     0(0.00%) |    197      10    1235    180 |   45.70        0.00
POST     /cart/checkout                                                                  1241     0(0.00%) |    146      11    1092    120 |   17.80        0.00
GET      /product/[id]                                                                   9727     0(0.00%) |    120       6    1118    110 |  135.30        0.00
POST     /setCurrency                                                                    1996     0(0.00%) |    290      13    1465    290 |   28.10        0.00
--------|----------------------------------------------------------------------------|-------|-------------|-------|-------|-------|-------|--------|-----------
         Aggregated                                                                     19275     0(0.00%) |    161       6    1465    130 |  269.00        0.00

Type     Name                                                                          # reqs      # fails |    Avg     Min     Max    Med |   req/s  failures/s
--------|----------------------------------------------------------------------------|-------|-------------|-------|-------|-------|-------|--------|-----------
GET      /                                                                                619     0(0.00%) |    287      13    1343    290 |    8.30        0.00
GET      /cart                                                                           2478     0(0.00%) |    147       6    1150    120 |   33.60        0.00
POST     /cart [add]                                                                     3406     0(0.00%) |    201      10    1235    190 |   46.20        0.00
POST     /cart/checkout                                                                  1276     0(0.00%) |    148      11    1092    130 |   17.80        0.00
GET      /product/[id]                                                                  10002     0(0.00%) |    122       6    1118    110 |  135.70        0.00
POST     /setCurrency                                                                    2040     0(0.00%) |    293      13    1465    290 |   28.90        0.00
--------|----------------------------------------------------------------------------|-------|-------------|-------|-------|-------|-------|--------|-----------
         Aggregated                                                                     19821     0(0.00%) |    163       6    1465    140 |  270.50        0.00

Type     Name                                                                          # reqs      # fails |    Avg     Min     Max    Med |   req/s  failures/s
--------|----------------------------------------------------------------------------|-------|-------------|-------|-------|-------|-------|--------|-----------
GET      /                                                                                633     0(0.00%) |    291      13    1343    290 |    8.50        0.00
GET      /cart                                                                           2555     0(0.00%) |    151       6    1150    130 |   32.90        0.00
POST     /cart [add]                                                                     3495     0(0.00%) |    204      10    1235    190 |   46.90        0.00
POST     /cart/checkout                                                                  1308     0(0.00%) |    149      11    1092    130 |   18.90        0.00
GET      /product/[id]                                                                  10253     0(0.00%) |    124       6    1118    120 |  135.50        0.00
POST     /setCurrency                                                                    2108     0(0.00%) |    300      13    1465    300 |   29.90        0.00
--------|----------------------------------------------------------------------------|-------|-------------|-------|-------|-------|-------|--------|-----------
         Aggregated                                                                     20352     0(0.00%) |    166       6    1465    140 |  272.60        0.00

Type     Name                                                                          # reqs      # fails |    Avg     Min     Max    Med |   req/s  failures/s
--------|----------------------------------------------------------------------------|-------|-------------|-------|-------|-------|-------|--------|-----------
GET      /                                                                                653     0(0.00%) |    294      13    1343    290 |    8.10        0.00
GET      /cart                                                                           2619     0(0.00%) |    153       6    1150    130 |   33.90        0.00
POST     /cart [add]                                                                     3593     0(0.00%) |    208      10    1235    200 |   46.80        0.00
POST     /cart/checkout                                                                  1353     0(0.00%) |    152      11    1092    140 |   17.70        0.00
GET      /product/[id]                                                                  10513     0(0.00%) |    126       6    1118    120 |  133.20        0.00
POST     /setCurrency                                                                    2159     0(0.00%) |    303      13    1465    310 |   30.40        0.00
--------|----------------------------------------------------------------------------|-------|-------------|-------|-------|-------|-------|--------|-----------
         Aggregated                                                                     20890     0(0.00%) |    168       6    1465    140 |  270.10        0.00

Type     Name                                                                          # reqs      # fails |    Avg     Min     Max    Med |   req/s  failures/s
--------|----------------------------------------------------------------------------|-------|-------------|-------|-------|-------|-------|--------|-----------
GET      /                                                                                668     0(0.00%) |    296      13    1343    300 |    8.80        0.00
GET      /cart                                                                           2680     0(0.00%) |    155       6    1150    130 |   33.70        0.00
POST     /cart [add]                                                                     3701     0(0.00%) |    211      10    1235    200 |   46.50        0.00
POST     /cart/checkout                                                                  1391     0(0.00%) |    153      11    1092    140 |   18.80        0.00
GET      /product/[id]                                                                  10802     0(0.00%) |    127       6    1118    120 |  133.70        0.00
POST     /setCurrency                                                                    2211     0(0.00%) |    306      13    1465    310 |   30.30        0.00
--------|----------------------------------------------------------------------------|-------|-------------|-------|-------|-------|-------|--------|-----------
         Aggregated                                                                     21453     0(0.00%) |    171       6    1465    140 |  271.80        0.00

Type     Name                                                                          # reqs      # fails |    Avg     Min     Max    Med |   req/s  failures/s
--------|----------------------------------------------------------------------------|-------|-------------|-------|-------|-------|-------|--------|-----------
GET      /                                                                                683     0(0.00%) |    298      13    1343    300 |    8.80        0.00
GET      /cart                                                                           2747     0(0.00%) |    159       6    1219    140 |   33.00        0.00
POST     /cart [add]                                                                     3789     0(0.00%) |    215      10    1235    210 |   47.90        0.00
POST     /cart/checkout                                                                  1426     0(0.00%) |    154      11    1092    140 |   18.90        0.00
GET      /product/[id]                                                                  11089     0(0.00%) |    129       6    1118    120 |  136.30        0.00
POST     /setCurrency                                                                    2263     0(0.00%) |    309      13    1465    310 |   28.90        0.00
--------|----------------------------------------------------------------------------|-------|-------------|-------|-------|-------|-------|--------|-----------
         Aggregated                                                                     21997     0(0.00%) |    173       6    1465    150 |  273.80        0.00

Type     Name                                                                          # reqs      # fails |    Avg     Min     Max    Med |   req/s  failures/s
--------|----------------------------------------------------------------------------|-------|-------------|-------|-------|-------|-------|--------|-----------
GET      /                                                                                707     0(0.00%) |    304      13    1343    310 |    8.40        0.00
GET      /cart                                                                           2812     0(0.00%) |    160       6    1219    140 |   34.00        0.00
POST     /cart [add]                                                                     3885     0(0.00%) |    217      10    1235    210 |   48.00        0.00
POST     /cart/checkout                                                                  1459     0(0.00%) |    155      11    1092    140 |   18.50        0.00
GET      /product/[id]                                                                  11371     0(0.00%) |    130       6    1118    120 |  136.50        0.00
POST     /setCurrency                                                                    2315     0(0.00%) |    312      13    1465    320 |   27.10        0.00
--------|----------------------------------------------------------------------------|-------|-------------|-------|-------|-------|-------|--------|-----------
         Aggregated                                                                     22549     0(0.00%) |    174       6    1465    150 |  272.50        0.00

Type     Name                                                                          # reqs      # fails |    Avg     Min     Max    Med |   req/s  failures/s
--------|----------------------------------------------------------------------------|-------|-------------|-------|-------|-------|-------|--------|-----------
GET      /                                                                                723     0(0.00%) |    307      13    1343    310 |    8.90        0.00
GET      /cart                                                                           2881     0(0.00%) |    162       6    1219    140 |   33.60        0.00
POST     /cart [add]                                                                     3969     0(0.00%) |    220      10    1235    210 |   47.80        0.00
POST     /cart/checkout                                                                  1482     0(0.00%) |    156      11    1092    140 |   17.80        0.00
GET      /product/[id]                                                                  11653     0(0.00%) |    131       6    1118    130 |  136.40        0.00
POST     /setCurrency                                                                    2368     0(0.00%) |    315      13    1465    320 |   27.70        0.00
--------|----------------------------------------------------------------------------|-------|-------------|-------|-------|-------|-------|--------|-----------
         Aggregated                                                                     23076     0(0.00%) |    176       6    1465    150 |  272.20        0.00

Type     Name                                                                          # reqs      # fails |    Avg     Min     Max    Med |   req/s  failures/s
--------|----------------------------------------------------------------------------|-------|-------------|-------|-------|-------|-------|--------|-----------
GET      /                                                                                741     0(0.00%) |    310      13    1343    320 |    9.00        0.00
GET      /cart                                                                           2952     0(0.00%) |    164       6    1219    150 |   32.40        0.00
POST     /cart [add]                                                                     4055     0(0.00%) |    222      10    1235    220 |   47.80        0.00
POST     /cart/checkout                                                                  1517     0(0.00%) |    158      11    1092    140 |   17.60        0.00
GET      /product/[id]                                                                  11919     0(0.00%) |    132       6    1118    130 |  140.70        0.00
POST     /setCurrency                                                                    2428     0(0.00%) |    319      13    1465    330 |   26.70        0.00
--------|----------------------------------------------------------------------------|-------|-------------|-------|-------|-------|-------|--------|-----------
         Aggregated                                                                     23612     0(0.00%) |    178       6    1465    150 |  274.20        0.00

Type     Name                                                                          # reqs      # fails |    Avg     Min     Max    Med |   req/s  failures/s
--------|----------------------------------------------------------------------------|-------|-------------|-------|-------|-------|-------|--------|-----------
GET      /                                                                                756     0(0.00%) |    313      13    1343    320 |    8.80        0.00
GET      /cart                                                                           3020     0(0.00%) |    167       6    1219    150 |   32.70        0.00
POST     /cart [add]                                                                     4143     0(0.00%) |    225      10    1235    220 |   46.40        0.00
POST     /cart/checkout                                                                  1550     0(0.00%) |    159      11    1092    150 |   16.00        0.00
GET      /product/[id]                                                                  12191     0(0.00%) |    134       6    1118    130 |  142.40        0.00
POST     /setCurrency                                                                    2490     0(0.00%) |    323      13    1465    330 |   26.70        0.00
--------|----------------------------------------------------------------------------|-------|-------------|-------|-------|-------|-------|--------|-----------
         Aggregated                                                                     24150     0(0.00%) |    180       6    1465    160 |  273.00        0.00

Type     Name                                                                          # reqs      # fails |    Avg     Min     Max    Med |   req/s  failures/s
--------|----------------------------------------------------------------------------|-------|-------------|-------|-------|-------|-------|--------|-----------
GET      /                                                                                770     0(0.00%) |    316      13    1343    330 |    8.80        0.00
GET      /cart                                                                           3100     0(0.00%) |    169       6    1219    150 |   33.60        0.00
POST     /cart [add]                                                                     4239     0(0.00%) |    227      10    1235    220 |   44.60        0.00
POST     /cart/checkout                                                                  1581     0(0.00%) |    161      11    1092    150 |   15.80        0.00
GET      /product/[id]                                                                  12452     0(0.00%) |    135       6    1118    130 |  139.20        0.00
POST     /setCurrency                                                                    2539     0(0.00%) |    326      13    1465    340 |   28.40        0.00
--------|----------------------------------------------------------------------------|-------|-------------|-------|-------|-------|-------|--------|-----------
         Aggregated                                                                     24681     0(0.00%) |    182       6    1465    160 |  270.40        0.00

Type     Name                                                                          # reqs      # fails |    Avg     Min     Max    Med |   req/s  failures/s
--------|----------------------------------------------------------------------------|-------|-------------|-------|-------|-------|-------|--------|-----------
GET      /                                                                                789     0(0.00%) |    318      13    1343    330 |    8.80        0.00
GET      /cart                                                                           3163     0(0.00%) |    171       6    1219    150 |   34.90        0.00
POST     /cart [add]                                                                     4333     0(0.00%) |    230      10    1235    230 |   44.50        0.00
POST     /cart/checkout                                                                  1620     0(0.00%) |    161      11    1092    150 |   15.50        0.00
GET      /product/[id]                                                                  12711     0(0.00%) |    136       6    1118    130 |  136.30        0.00
POST     /setCurrency                                                                    2601     0(0.00%) |    330      13    1465    340 |   28.10        0.00
--------|----------------------------------------------------------------------------|-------|-------------|-------|-------|-------|-------|--------|-----------
         Aggregated                                                                     25217     0(0.00%) |    184       6    1465    160 |  268.10        0.00

Type     Name                                                                          # reqs      # fails |    Avg     Min     Max    Med |   req/s  failures/s
--------|----------------------------------------------------------------------------|-------|-------------|-------|-------|-------|-------|--------|-----------
GET      /                                                                                803     0(0.00%) |    321      13    1343    330 |    8.30        0.00
GET      /cart                                                                           3236     0(0.00%) |    172       6    1219    160 |   35.40        0.00
POST     /cart [add]                                                                     4421     0(0.00%) |    232      10    1235    230 |   45.00        0.00
POST     /cart/checkout                                                                  1650     0(0.00%) |    162      11    1092    150 |   16.10        0.00
GET      /product/[id]                                                                  13000     0(0.00%) |    137       6    1118    130 |  134.50        0.00
POST     /setCurrency                                                                    2653     0(0.00%) |    332      13    1465    340 |   28.10        0.00
--------|----------------------------------------------------------------------------|-------|-------------|-------|-------|-------|-------|--------|-----------
         Aggregated                                                                     25763     0(0.00%) |    185       6    1465    160 |  267.40        0.00

Type     Name                                                                          # reqs      # fails |    Avg     Min     Max    Med |   req/s  failures/s
--------|----------------------------------------------------------------------------|-------|-------------|-------|-------|-------|-------|--------|-----------
GET      /                                                                                821     0(0.00%) |    324      13    1343    340 |    6.85        0.00
GET      /cart                                                                           3305     0(0.00%) |    174       6    1219    160 |   27.56        0.00
POST     /cart [add]                                                                     4503     0(0.00%) |    234      10    1235    230 |   37.55        0.00
POST     /cart/checkout                                                                  1680     0(0.00%) |    163      11    1092    150 |   14.01        0.00
GET      /product/[id]                                                                  13243     0(0.00%) |    139       6    1118    140 |  110.42        0.00
POST     /setCurrency                                                                    2703     0(0.00%) |    334      13    1465    350 |   22.54        0.00
--------|----------------------------------------------------------------------------|-------|-------------|-------|-------|-------|-------|--------|-----------
         Aggregated                                                                     26255     0(0.00%) |    187       6    1465    160 |  218.91        0.00

Response time percentiles (approximated)
Type     Name                                                                                  50%    66%    75%    80%    90%    95%    98%    99%  99.9% 99.99%   100% # reqs
--------|--------------------------------------------------------------------------------|--------|------|------|------|------|------|------|------|------|------|------|------
GET      /                                                                                     340    410    440    470    520    600    690    760   1300   1300   1300    821
GET      /cart                                                                                 160    210    250    270    340    410    490    620   1100   1200   1200   3305
POST     /cart [add]                                                                           230    300    330    360    420    480    590    680   1100   1200   1200   4503
POST     /cart/checkout                                                                        150    200    200    230    300    330    400    590   1000   1100   1100   1680
GET      /product/[id]                                                                         140    170    200    210    260    290    340    390    970   1100   1100  13243
POST     /setCurrency                                                                          350    430    470    490    570    620    690    770   1300   1500   1500   2703
--------|--------------------------------------------------------------------------------|--------|------|------|------|------|------|------|------|------|------|------|------
         Aggregated                                                                            160    220    260    290    380    470    570    660   1100   1300   1500  26255

