/Users/edias/Library/Python/3.9/lib/python/site-packages/urllib3/__init__.py:35: NotOpenSSLWarning: urllib3 v2 only supports OpenSSL 1.1.1+, currently the 'ssl' module is compiled with 'LibreSSL 2.8.3'. See: https://github.com/urllib3/urllib3/issues/3020
  warnings.warn(
[2026-05-20 23:02:40,018] Mac/WARNING/locust.main: Python 3.9 support is deprecated and will be removed soon
Type     Name                                                                          # reqs      # fails |    Avg     Min     Max    Med |   req/s  failures/s
--------|----------------------------------------------------------------------------|-------|-------------|-------|-------|-------|-------|--------|-----------
--------|----------------------------------------------------------------------------|-------|-------------|-------|-------|-------|-------|--------|-----------
         Aggregated                                                                         0     0(0.00%) |      0       0       0      0 |    0.00        0.00

Type     Name                                                                          # reqs      # fails |    Avg     Min     Max    Med |   req/s  failures/s
--------|----------------------------------------------------------------------------|-------|-------------|-------|-------|-------|-------|--------|-----------
GET      /cart                                                                              1     0(0.00%) |      9       9       9      9 |    0.00        0.00
POST     /cart [add]                                                                        8     0(0.00%) |     14       8      23     13 |    0.00        0.00
POST     /cart/checkout                                                                     3     0(0.00%) |     14       9      19     16 |    0.00        0.00
GET      /product/[id]                                                                     15     0(0.00%) |     15       7      28     14 |    0.00        0.00
--------|----------------------------------------------------------------------------|-------|-------------|-------|-------|-------|-------|--------|-----------
         Aggregated                                                                        27     0(0.00%) |     15       7      28     14 |    0.00        0.00

Type     Name                                                                          # reqs      # fails |    Avg     Min     Max    Med |   req/s  failures/s
--------|----------------------------------------------------------------------------|-------|-------------|-------|-------|-------|-------|--------|-----------
GET      /cart                                                                             10     0(0.00%) |     11       7      14     10 |    1.00        0.00
POST     /cart [add]                                                                       18     0(0.00%) |     14       8      23     14 |    1.00        0.00
POST     /cart/checkout                                                                     6     0(0.00%) |     15       9      19     15 |    0.00        0.00
GET      /product/[id]                                                                     40     0(0.00%) |     13       7      28     13 |    7.00        0.00
POST     /setCurrency                                                                       4     0(0.00%) |     22      16      29     17 |    0.00        0.00
--------|----------------------------------------------------------------------------|-------|-------------|-------|-------|-------|-------|--------|-----------
         Aggregated                                                                        78     0(0.00%) |     13       7      29     13 |    9.00        0.00

Type     Name                                                                          # reqs      # fails |    Avg     Min     Max    Med |   req/s  failures/s
--------|----------------------------------------------------------------------------|-------|-------------|-------|-------|-------|-------|--------|-----------
GET      /                                                                                  2     0(0.00%) |     12      11      12     12 |    0.00        0.00
GET      /cart                                                                             27     0(0.00%) |     10       6      17     10 |    2.50        0.00
POST     /cart [add]                                                                       36     0(0.00%) |     13       8      23     13 |    4.50        0.00
POST     /cart/checkout                                                                    11     0(0.00%) |     14       9      19     14 |    1.50        0.00
GET      /product/[id]                                                                     83     0(0.00%) |     11       6      28     11 |   10.00        0.00
POST     /setCurrency                                                                       8     0(0.00%) |     18      13      29     16 |    1.00        0.00
--------|----------------------------------------------------------------------------|-------|-------------|-------|-------|-------|-------|--------|-----------
         Aggregated                                                                       167     0(0.00%) |     12       6      29     12 |   19.50        0.00

Type     Name                                                                          # reqs      # fails |    Avg     Min     Max    Med |   req/s  failures/s
--------|----------------------------------------------------------------------------|-------|-------------|-------|-------|-------|-------|--------|-----------
GET      /                                                                                  5     0(0.00%) |     14       9      20     13 |    0.33        0.00
GET      /cart                                                                             50     0(0.00%) |      9       5      17      9 |    4.50        0.00
POST     /cart [add]                                                                       48     0(0.00%) |     13       8      23     13 |    5.83        0.00
POST     /cart/checkout                                                                    16     0(0.00%) |     14       9      19     14 |    1.83        0.00
GET      /product/[id]                                                                    140     0(0.00%) |     10       5      28     10 |   13.50        0.00
POST     /setCurrency                                                                      16     0(0.00%) |     16      12      29     16 |    1.33        0.00
--------|----------------------------------------------------------------------------|-------|-------------|-------|-------|-------|-------|--------|-----------
         Aggregated                                                                       275     0(0.00%) |     11       5      29     11 |   27.33        0.00

Type     Name                                                                          # reqs      # fails |    Avg     Min     Max    Med |   req/s  failures/s
--------|----------------------------------------------------------------------------|-------|-------------|-------|-------|-------|-------|--------|-----------
GET      /                                                                                  9     0(0.00%) |     15       9      27     13 |    0.43        0.00
GET      /cart                                                                             71     0(0.00%) |      9       5      19      9 |    5.57        0.00
POST     /cart [add]                                                                       66     0(0.00%) |     13       8      23     13 |    5.86        0.00
POST     /cart/checkout                                                                    21     0(0.00%) |     14       9      19     13 |    1.86        0.00
GET      /product/[id]                                                                    210     0(0.00%) |     10       5      28      9 |   16.14        0.00
POST     /setCurrency                                                                      36     0(0.00%) |     16      10      29     15 |    1.43        0.00
--------|----------------------------------------------------------------------------|-------|-------------|-------|-------|-------|-------|--------|-----------
         Aggregated                                                                       413     0(0.00%) |     11       5      29     11 |   31.29        0.00

Type     Name                                                                          # reqs      # fails |    Avg     Min     Max    Med |   req/s  failures/s
--------|----------------------------------------------------------------------------|-------|-------------|-------|-------|-------|-------|--------|-----------
GET      /                                                                                 10     0(0.00%) |     79       9     655     13 |    0.90        0.00
GET      /cart                                                                             78     0(0.00%) |      9       5      19      9 |    7.10        0.00
POST     /cart [add]                                                                       84     0(0.00%) |     56       7     996     13 |    6.60        0.00
POST     /cart/checkout                                                                    29     0(0.00%) |     14       8      42     13 |    2.10        0.00
GET      /product/[id]                                                                    268     0(0.00%) |     53       5    1025      9 |   21.00        0.00
POST     /setCurrency                                                                      48     0(0.00%) |     63       9     913     15 |    3.60        0.00
--------|----------------------------------------------------------------------------|-------|-------------|-------|-------|-------|-------|--------|-----------
         Aggregated                                                                       517     0(0.00%) |     46       5    1025     11 |   41.30        0.00

Type     Name                                                                          # reqs      # fails |    Avg     Min     Max    Med |   req/s  failures/s
--------|----------------------------------------------------------------------------|-------|-------------|-------|-------|-------|-------|--------|-----------
GET      /                                                                                 13     0(0.00%) |     63       9     655     13 |    1.00        0.00
GET      /cart                                                                             96     0(0.00%) |     35       5     703      9 |    7.60        0.00
POST     /cart [add]                                                                      105     0(0.00%) |     62       7     996     13 |    7.60        0.00
POST     /cart/checkout                                                                    35     0(0.00%) |     38       8     879     13 |    2.60        0.00
GET      /product/[id]                                                                    341     0(0.00%) |     74       5    1025      9 |   25.20        0.00
POST     /setCurrency                                                                      59     0(0.00%) |     98       9     913     15 |    4.80        0.00
--------|----------------------------------------------------------------------------|-------|-------------|-------|-------|-------|-------|--------|-----------
         Aggregated                                                                       649     0(0.00%) |     66       5    1025     11 |   48.80        0.00

Type     Name                                                                          # reqs      # fails |    Avg     Min     Max    Med |   req/s  failures/s
--------|----------------------------------------------------------------------------|-------|-------------|-------|-------|-------|-------|--------|-----------
GET      /                                                                                 18     0(0.00%) |     48       9     655     11 |    1.30        0.00
GET      /cart                                                                            124     0(0.00%) |     31       5     703      9 |    8.50        0.00
POST     /cart [add]                                                                      148     0(0.00%) |     51       7     996     12 |    8.70        0.00
POST     /cart/checkout                                                                    51     0(0.00%) |     30       8     879     12 |    2.90        0.00
GET      /product/[id]                                                                    447     0(0.00%) |     62       4    1025      9 |   29.90        0.00
POST     /setCurrency                                                                      85     0(0.00%) |     75       9     913     15 |    5.50        0.00
--------|----------------------------------------------------------------------------|-------|-------------|-------|-------|-------|-------|--------|-----------
         Aggregated                                                                       873     0(0.00%) |     55       4    1025     10 |   56.80        0.00

Type     Name                                                                          # reqs      # fails |    Avg     Min     Max    Med |   req/s  failures/s
--------|----------------------------------------------------------------------------|-------|-------------|-------|-------|-------|-------|--------|-----------
GET      /                                                                                 22     0(0.00%) |     42       9     655     11 |    1.60        0.00
GET      /cart                                                                            153     0(0.00%) |     31       5     703      9 |    9.50        0.00
POST     /cart [add]                                                                      206     0(0.00%) |     48       7     996     13 |   11.20        0.00
POST     /cart/checkout                                                                    67     0(0.00%) |     31       8     879     12 |    4.00        0.00
GET      /product/[id]                                                                    558     0(0.00%) |     57       4    1025      9 |   36.50        0.00
POST     /setCurrency                                                                     105     0(0.00%) |     64       9     913     14 |    7.70        0.00
--------|----------------------------------------------------------------------------|-------|-------------|-------|-------|-------|-------|--------|-----------
         Aggregated                                                                      1111     0(0.00%) |     51       4    1025     11 |   70.50        0.00

Type     Name                                                                          # reqs      # fails |    Avg     Min     Max    Med |   req/s  failures/s
--------|----------------------------------------------------------------------------|-------|-------------|-------|-------|-------|-------|--------|-----------
GET      /                                                                                 31     0(0.00%) |     34       8     655     11 |    1.70        0.00
GET      /cart                                                                            189     0(0.00%) |     29       5     703      9 |   10.30        0.00
POST     /cart [add]                                                                      250     0(0.00%) |     44       7     996     13 |   15.80        0.00
POST     /cart/checkout                                                                    88     0(0.00%) |     33       8     879     13 |    5.00        0.00
GET      /product/[id]                                                                    696     0(0.00%) |     50       4    1025      9 |   41.40        0.00
POST     /setCurrency                                                                     126     0(0.00%) |     56       9     913     13 |    8.60        0.00
--------|----------------------------------------------------------------------------|-------|-------------|-------|-------|-------|-------|--------|-----------
         Aggregated                                                                      1380     0(0.00%) |     45       4    1025     11 |   82.80        0.00

Type     Name                                                                          # reqs      # fails |    Avg     Min     Max    Med |   req/s  failures/s
--------|----------------------------------------------------------------------------|-------|-------------|-------|-------|-------|-------|--------|-----------
GET      /                                                                                 41     0(0.00%) |     29       8     655     11 |    2.20        0.00
GET      /cart                                                                            225     0(0.00%) |     33       5     703     10 |   11.60        0.00
POST     /cart [add]                                                                      305     0(0.00%) |     46       7     996     14 |   18.10        0.00
POST     /cart/checkout                                                                   105     0(0.00%) |     37       8     879     14 |    6.60        0.00
GET      /product/[id]                                                                    824     0(0.00%) |     50       4    1025     10 |   48.20        0.00
POST     /setCurrency                                                                     152     0(0.00%) |     49       9     913     14 |    9.00        0.00
--------|----------------------------------------------------------------------------|-------|-------------|-------|-------|-------|-------|--------|-----------
         Aggregated                                                                      1652     0(0.00%) |     46       4    1025     12 |   95.70        0.00

Type     Name                                                                          # reqs      # fails |    Avg     Min     Max    Med |   req/s  failures/s
--------|----------------------------------------------------------------------------|-------|-------------|-------|-------|-------|-------|--------|-----------
GET      /                                                                                 46     0(0.00%) |     27       8     655     11 |    3.10        0.00
GET      /cart                                                                            256     0(0.00%) |     42       5     703     10 |   14.80        0.00
POST     /cart [add]                                                                      357     0(0.00%) |     55       7     996     16 |   21.90        0.00
POST     /cart/checkout                                                                   124     0(0.00%) |     54       8     879     15 |    7.60        0.00
GET      /product/[id]                                                                    955     0(0.00%) |     56       4    1025     12 |   55.40        0.00
POST     /setCurrency                                                                     176     0(0.00%) |     44       9     913     13 |   10.30        0.00
--------|----------------------------------------------------------------------------|-------|-------------|-------|-------|-------|-------|--------|-----------
         Aggregated                                                                      1914     0(0.00%) |     52       4    1025     13 |  113.10        0.00

Type     Name                                                                          # reqs      # fails |    Avg     Min     Max    Med |   req/s  failures/s
--------|----------------------------------------------------------------------------|-------|-------------|-------|-------|-------|-------|--------|-----------
GET      /                                                                                 54     0(0.00%) |     25       8     655     11 |    3.30        0.00
GET      /cart                                                                            298     0(0.00%) |     48       5     703     13 |   16.00        0.00
POST     /cart [add]                                                                      412     0(0.00%) |     60       7     996     20 |   25.00        0.00
POST     /cart/checkout                                                                   140     0(0.00%) |     60       8     879     19 |    8.90        0.00
GET      /product/[id]                                                                   1092     0(0.00%) |     60       4    1025     15 |   60.60        0.00
POST     /setCurrency                                                                     203     0(0.00%) |     40       9     913     13 |   11.40        0.00
--------|----------------------------------------------------------------------------|-------|-------------|-------|-------|-------|-------|--------|-----------
         Aggregated                                                                      2199     0(0.00%) |     56       4    1025     15 |  125.20        0.00

Type     Name                                                                          # reqs      # fails |    Avg     Min     Max    Med |   req/s  failures/s
--------|----------------------------------------------------------------------------|-------|-------------|-------|-------|-------|-------|--------|-----------
GET      /                                                                                 61     0(0.00%) |     24       7     655     11 |    3.50        0.00
GET      /cart                                                                            333     0(0.00%) |     57       5     703     18 |   17.40        0.00
POST     /cart [add]                                                                      454     0(0.00%) |     69       7     996     29 |   26.20        0.00
POST     /cart/checkout                                                                   156     0(0.00%) |     70       8     879     43 |    8.90        0.00
GET      /product/[id]                                                                   1229     0(0.00%) |     69       4    1025     25 |   63.90        0.00
POST     /setCurrency                                                                     231     0(0.00%) |     38       9     913     13 |   11.70        0.00
--------|----------------------------------------------------------------------------|-------|-------------|-------|-------|-------|-------|--------|-----------
         Aggregated                                                                      2464     0(0.00%) |     63       4    1025     18 |  131.60        0.00

Type     Name                                                                          # reqs      # fails |    Avg     Min     Max    Med |   req/s  failures/s
--------|----------------------------------------------------------------------------|-------|-------------|-------|-------|-------|-------|--------|-----------
GET      /                                                                                 66     0(0.00%) |     23       7     655     11 |    3.80        0.00
GET      /cart                                                                            358     0(0.00%) |     66       5     703     27 |   17.90        0.00
POST     /cart [add]                                                                      490     0(0.00%) |     79       7     996     40 |   25.20        0.00
POST     /cart/checkout                                                                   173     0(0.00%) |     84       8     879     53 |    9.10        0.00
GET      /product/[id]                                                                   1338     0(0.00%) |     79       4    1025     33 |   65.90        0.00
POST     /setCurrency                                                                     248     0(0.00%) |     37       9     913     13 |   12.20        0.00
--------|----------------------------------------------------------------------------|-------|-------------|-------|-------|-------|-------|--------|-----------
         Aggregated                                                                      2673     0(0.00%) |     72       4    1025     23 |  134.10        0.00

Type     Name                                                                          # reqs      # fails |    Avg     Min     Max    Med |   req/s  failures/s
--------|----------------------------------------------------------------------------|-------|-------------|-------|-------|-------|-------|--------|-----------
GET      /                                                                                 75     0(0.00%) |     44       7     655     11 |    3.50        0.00
GET      /cart                                                                            389     0(0.00%) |     81       5     703     41 |   17.10        0.00
POST     /cart [add]                                                                      536     0(0.00%) |     98       7     996     53 |   24.30        0.00
POST     /cart/checkout                                                                   192     0(0.00%) |    106       8     879     91 |    8.60        0.00
GET      /product/[id]                                                                   1462     0(0.00%) |     96       4    1025     45 |   64.60        0.00
POST     /setCurrency                                                                     270     0(0.00%) |     47       9     913     13 |   12.20        0.00
--------|----------------------------------------------------------------------------|-------|-------------|-------|-------|-------|-------|--------|-----------
         Aggregated                                                                      2924     0(0.00%) |     89       4    1025     32 |  130.30        0.00

Type     Name                                                                          # reqs      # fails |    Avg     Min     Max    Med |   req/s  failures/s
--------|----------------------------------------------------------------------------|-------|-------------|-------|-------|-------|-------|--------|-----------
GET      /                                                                                 78     0(0.00%) |     50       7     655     12 |    3.40        0.00
GET      /cart                                                                            416     0(0.00%) |    104       5     911     50 |   16.30        0.00
POST     /cart [add]                                                                      557     0(0.00%) |    103       7     996     57 |   23.20        0.00
POST     /cart/checkout                                                                   199     0(0.00%) |    115       8    1004     92 |    8.70        0.00
GET      /product/[id]                                                                   1554     0(0.00%) |    119       4    1223     55 |   63.70        0.00
POST     /setCurrency                                                                     290     0(0.00%) |     59       9     913     14 |   11.90        0.00
--------|----------------------------------------------------------------------------|-------|-------------|-------|-------|-------|-------|--------|-----------
         Aggregated                                                                      3094     0(0.00%) |    106       4    1223     40 |  127.20        0.00

Type     Name                                                                          # reqs      # fails |    Avg     Min     Max    Med |   req/s  failures/s
--------|----------------------------------------------------------------------------|-------|-------------|-------|-------|-------|-------|--------|-----------
GET      /                                                                                 87     0(0.00%) |     46       7     655     12 |    3.10        0.00
GET      /cart                                                                            439     0(0.00%) |    113       5     911     58 |   16.10        0.00
POST     /cart [add]                                                                      608     0(0.00%) |    134       7    1471     74 |   20.20        0.00
POST     /cart/checkout                                                                   221     0(0.00%) |    142       8    1395     97 |    7.50        0.00
GET      /product/[id]                                                                   1688     0(0.00%) |    131       4    1223     69 |   59.70        0.00
POST     /setCurrency                                                                     319     0(0.00%) |     56       9     913     14 |   11.70        0.00
--------|----------------------------------------------------------------------------|-------|-------------|-------|-------|-------|-------|--------|-----------
         Aggregated                                                                      3362     0(0.00%) |    120       4    1471     51 |  118.30        0.00

Type     Name                                                                          # reqs      # fails |    Avg     Min     Max    Med |   req/s  failures/s
--------|----------------------------------------------------------------------------|-------|-------------|-------|-------|-------|-------|--------|-----------
GET      /                                                                                 97     0(0.00%) |     42       7     655     11 |    3.40        0.00
GET      /cart                                                                            471     0(0.00%) |    122       5     911     68 |   14.30        0.00
POST     /cart [add]                                                                      659     0(0.00%) |    145       7    1471     92 |   19.50        0.00
POST     /cart/checkout                                                                   245     0(0.00%) |    157       8    1395    100 |    8.00        0.00
GET      /product/[id]                                                                   1829     0(0.00%) |    140       4    1223     88 |   59.50        0.00
POST     /setCurrency                                                                     343     0(0.00%) |     53       9     913     14 |   11.70        0.00
--------|----------------------------------------------------------------------------|-------|-------------|-------|-------|-------|-------|--------|-----------
         Aggregated                                                                      3644     0(0.00%) |    129       4    1471     63 |  116.40        0.00

Type     Name                                                                          # reqs      # fails |    Avg     Min     Max    Med |   req/s  failures/s
--------|----------------------------------------------------------------------------|-------|-------------|-------|-------|-------|-------|--------|-----------
GET      /                                                                                109     0(0.00%) |     43       7     655     11 |    3.50        0.00
GET      /cart                                                                            506     0(0.00%) |    143       5     911     86 |   13.80        0.00
POST     /cart [add]                                                                      691     0(0.00%) |    157       7    1471    100 |   20.80        0.00
POST     /cart/checkout                                                                   262     0(0.00%) |    176       8    1395    110 |    9.00        0.00
GET      /product/[id]                                                                   1951     0(0.00%) |    159       4    1223    110 |   60.50        0.00
POST     /setCurrency                                                                     362     0(0.00%) |     52       9     913     14 |   11.10        0.00
--------|----------------------------------------------------------------------------|-------|-------------|-------|-------|-------|-------|--------|-----------
         Aggregated                                                                      3881     0(0.00%) |    144       4    1471     77 |  118.70        0.00

Type     Name                                                                          # reqs      # fails |    Avg     Min     Max    Med |   req/s  failures/s
--------|----------------------------------------------------------------------------|-------|-------------|-------|-------|-------|-------|--------|-----------
GET      /                                                                                117     0(0.00%) |     41       7     655     12 |    4.30        0.00
GET      /cart                                                                            543     0(0.00%) |    154       5     911    110 |   14.70        0.00
POST     /cart [add]                                                                      744     0(0.00%) |    168       7    1471    120 |   19.70        0.00
POST     /cart/checkout                                                                   283     0(0.00%) |    186       8    1395    190 |    8.70        0.00
GET      /product/[id]                                                                   2081     0(0.00%) |    169       4    1223    120 |   60.60        0.00
POST     /setCurrency                                                                     397     0(0.00%) |     49       9     913     13 |   11.20        0.00
--------|----------------------------------------------------------------------------|-------|-------------|-------|-------|-------|-------|--------|-----------
         Aggregated                                                                      4165     0(0.00%) |    153       4    1471     92 |  119.20        0.00

Type     Name                                                                          # reqs      # fails |    Avg     Min     Max    Med |   req/s  failures/s
--------|----------------------------------------------------------------------------|-------|-------------|-------|-------|-------|-------|--------|-----------
GET      /                                                                                126     0(0.00%) |     39       7     655     12 |    4.20        0.00
GET      /cart                                                                            571     0(0.00%) |    166       5     911    120 |   15.30        0.00
POST     /cart [add]                                                                      790     0(0.00%) |    181       7    1471    130 |   20.80        0.00
POST     /cart/checkout                                                                   302     0(0.00%) |    199       8    1395    190 |    9.00        0.00
GET      /product/[id]                                                                   2216     0(0.00%) |    183       4    1223    140 |   62.00        0.00
POST     /setCurrency                                                                     426     0(0.00%) |     46       9     913     13 |   12.60        0.00
--------|----------------------------------------------------------------------------|-------|-------------|-------|-------|-------|-------|--------|-----------
         Aggregated                                                                      4431     0(0.00%) |    164       4    1471    100 |  123.90        0.00

Type     Name                                                                          # reqs      # fails |    Avg     Min     Max    Med |   req/s  failures/s
--------|----------------------------------------------------------------------------|-------|-------------|-------|-------|-------|-------|--------|-----------
GET      /                                                                                132     0(0.00%) |     49       7     721     12 |    4.90        0.00
GET      /cart                                                                            600     0(0.00%) |    180       5     911    130 |   15.10        0.00
POST     /cart [add]                                                                      834     0(0.00%) |    205       7    1471    150 |   23.30        0.00
POST     /cart/checkout                                                                   313     0(0.00%) |    209       8    1395    190 |   10.30        0.00
GET      /product/[id]                                                                   2334     0(0.00%) |    200       4    1223    160 |   66.50        0.00
POST     /setCurrency                                                                     448     0(0.00%) |     50       9     913     14 |   13.60        0.00
--------|----------------------------------------------------------------------------|-------|-------------|-------|-------|-------|-------|--------|-----------
         Aggregated                                                                      4661     0(0.00%) |    180       4    1471    120 |  133.70        0.00

Type     Name                                                                          # reqs      # fails |    Avg     Min     Max    Med |   req/s  failures/s
--------|----------------------------------------------------------------------------|-------|-------------|-------|-------|-------|-------|--------|-----------
GET      /                                                                                143     0(0.00%) |     46       7     721     12 |    4.50        0.00
GET      /cart                                                                            632     0(0.00%) |    191       5     911    150 |   15.90        0.00
POST     /cart [add]                                                                      879     0(0.00%) |    217       7    1471    160 |   23.00        0.00
POST     /cart/checkout                                                                   330     0(0.00%) |    219       8    1395    190 |    9.10        0.00
GET      /product/[id]                                                                   2485     0(0.00%) |    212       4    1223    180 |   64.30        0.00
POST     /setCurrency                                                                     473     0(0.00%) |     48       9     913     13 |   12.50        0.00
--------|----------------------------------------------------------------------------|-------|-------------|-------|-------|-------|-------|--------|-----------
         Aggregated                                                                      4942     0(0.00%) |    190       4    1471    130 |  129.30        0.00

Type     Name                                                                          # reqs      # fails |    Avg     Min     Max    Med |   req/s  failures/s
--------|----------------------------------------------------------------------------|-------|-------------|-------|-------|-------|-------|--------|-----------
GET      /                                                                                151     0(0.00%) |     44       7     721     12 |    4.60        0.00
GET      /cart                                                                            661     0(0.00%) |    204       5     911    170 |   16.10        0.00
POST     /cart [add]                                                                      921     0(0.00%) |    229       7    1471    180 |   22.00        0.00
POST     /cart/checkout                                                                   351     0(0.00%) |    236       8    1395    200 |    8.40        0.00
GET      /product/[id]                                                                   2622     0(0.00%) |    227       4    1223    190 |   65.50        0.00
POST     /setCurrency                                                                     504     0(0.00%) |     47       9     913     13 |   13.00        0.00
--------|----------------------------------------------------------------------------|-------|-------------|-------|-------|-------|-------|--------|-----------
         Aggregated                                                                      5210     0(0.00%) |    202       4    1471    150 |  129.60        0.00

Type     Name                                                                          # reqs      # fails |    Avg     Min     Max    Med |   req/s  failures/s
--------|----------------------------------------------------------------------------|-------|-------------|-------|-------|-------|-------|--------|-----------
GET      /                                                                                159     0(0.00%) |     44       7     721     12 |    4.10        0.00
GET      /cart                                                                            698     0(0.00%) |    217       5     911    190 |   15.30        0.00
POST     /cart [add]                                                                      964     0(0.00%) |    240       7    1471    190 |   23.20        0.00
POST     /cart/checkout                                                                   366     0(0.00%) |    246       8    1395    200 |    9.00        0.00
GET      /product/[id]                                                                   2766     0(0.00%) |    240       4    1223    210 |   66.90        0.00
POST     /setCurrency                                                                     544     0(0.00%) |     44       8     913     14 |   14.40        0.00
--------|----------------------------------------------------------------------------|-------|-------------|-------|-------|-------|-------|--------|-----------
         Aggregated                                                                      5497     0(0.00%) |    212       4    1471    160 |  132.90        0.00

Type     Name                                                                          # reqs      # fails |    Avg     Min     Max    Med |   req/s  failures/s
--------|----------------------------------------------------------------------------|-------|-------------|-------|-------|-------|-------|--------|-----------
GET      /                                                                                171     0(0.00%) |     42       7     721     12 |    4.10        0.00
GET      /cart                                                                            736     0(0.00%) |    231       5     911    210 |   15.50        0.00
POST     /cart [add]                                                                     1011     0(0.00%) |    252       7    1471    210 |   22.00        0.00
POST     /cart/checkout                                                                   378     0(0.00%) |    254       8    1395    210 |    8.40        0.00
GET      /product/[id]                                                                   2919     0(0.00%) |    252       4    1223    230 |   68.20        0.00
POST     /setCurrency                                                                     569     0(0.00%) |     43       8     913     14 |   14.60        0.00
--------|----------------------------------------------------------------------------|-------|-------------|-------|-------|-------|-------|--------|-----------
         Aggregated                                                                      5784     0(0.00%) |    223       4    1471    180 |  132.80        0.00

Type     Name                                                                          # reqs      # fails |    Avg     Min     Max    Med |   req/s  failures/s
--------|----------------------------------------------------------------------------|-------|-------------|-------|-------|-------|-------|--------|-----------
GET      /                                                                                179     0(0.00%) |     41       7     721     12 |    4.50        0.00
GET      /cart                                                                            765     0(0.00%) |    242       5     911    220 |   16.90        0.00
POST     /cart [add]                                                                     1050     0(0.00%) |    263       7    1471    230 |   22.00        0.00
POST     /cart/checkout                                                                   388     0(0.00%) |    261       8    1395    210 |    7.50        0.00
GET      /product/[id]                                                                   3086     0(0.00%) |    267       4    1223    250 |   70.00        0.00
POST     /setCurrency                                                                     604     0(0.00%) |     42       8     913     14 |   14.10        0.00
--------|----------------------------------------------------------------------------|-------|-------------|-------|-------|-------|-------|--------|-----------
         Aggregated                                                                      6072     0(0.00%) |    234       4    1471    190 |  135.00        0.00

Type     Name                                                                          # reqs      # fails |    Avg     Min     Max    Med |   req/s  failures/s
--------|----------------------------------------------------------------------------|-------|-------------|-------|-------|-------|-------|--------|-----------
GET      /                                                                                186     0(0.00%) |     45       7     721     12 |    4.70        0.00
GET      /cart                                                                            803     0(0.00%) |    258       5     911    250 |   16.60        0.00
POST     /cart [add]                                                                     1089     0(0.00%) |    274       7    1471    240 |   21.50        0.00
POST     /cart/checkout                                                                   412     0(0.00%) |    281       8    1395    290 |    7.70        0.00
GET      /product/[id]                                                                   3212     0(0.00%) |    280       4    1223    260 |   75.20        0.00
POST     /setCurrency                                                                     638     0(0.00%) |     44       8     913     13 |   15.80        0.00
--------|----------------------------------------------------------------------------|-------|-------------|-------|-------|-------|-------|--------|-----------
         Aggregated                                                                      6340     0(0.00%) |    246       4    1471    200 |  141.50        0.00

Type     Name                                                                          # reqs      # fails |    Avg     Min     Max    Med |   req/s  failures/s
--------|----------------------------------------------------------------------------|-------|-------------|-------|-------|-------|-------|--------|-----------
GET      /                                                                                201     0(0.00%) |     58       7     721     12 |    4.30        0.00
GET      /cart                                                                            836     0(0.00%) |    269       5     911    260 |   17.20        0.00
POST     /cart [add]                                                                     1135     0(0.00%) |    294       7    1471    260 |   21.30        0.00
POST     /cart/checkout                                                                   425     0(0.00%) |    300       8    1450    290 |    8.10        0.00
GET      /product/[id]                                                                   3346     0(0.00%) |    294       4    1223    280 |   72.10        0.00
POST     /setCurrency                                                                     665     0(0.00%) |     50       8     913     14 |   16.40        0.00
--------|----------------------------------------------------------------------------|-------|-------------|-------|-------|-------|-------|--------|-----------
         Aggregated                                                                      6608     0(0.00%) |    260       4    1471    220 |  139.40        0.00

Type     Name                                                                          # reqs      # fails |    Avg     Min     Max    Med |   req/s  failures/s
--------|----------------------------------------------------------------------------|-------|-------------|-------|-------|-------|-------|--------|-----------
GET      /                                                                                213     0(0.00%) |     56       7     721     12 |    5.00        0.00
GET      /cart                                                                            874     0(0.00%) |    286       5     911    280 |   17.80        0.00
POST     /cart [add]                                                                     1169     0(0.00%) |    305       7    1471    270 |   21.20        0.00
POST     /cart/checkout                                                                   439     0(0.00%) |    310       8    1450    290 |    7.50        0.00
GET      /product/[id]                                                                   3479     0(0.00%) |    307       4    1223    300 |   72.50        0.00
POST     /setCurrency                                                                     693     0(0.00%) |     49       8     913     14 |   16.00        0.00
--------|----------------------------------------------------------------------------|-------|-------------|-------|-------|-------|-------|--------|-----------
         Aggregated                                                                      6867     0(0.00%) |    270       4    1471    230 |  140.00        0.00

Type     Name                                                                          # reqs      # fails |    Avg     Min     Max    Med |   req/s  failures/s
--------|----------------------------------------------------------------------------|-------|-------------|-------|-------|-------|-------|--------|-----------
GET      /                                                                                221     0(0.00%) |     55       7     721     12 |    5.50        0.00
GET      /cart                                                                            912     0(0.00%) |    306       5     941    300 |   17.50        0.00
POST     /cart [add]                                                                     1206     0(0.00%) |    318       7    1471    280 |   20.50        0.00
POST     /cart/checkout                                                                   455     0(0.00%) |    328       8    1450    300 |    7.30        0.00
GET      /product/[id]                                                                   3622     0(0.00%) |    325       4    1223    330 |   71.10        0.00
POST     /setCurrency                                                                     716     0(0.00%) |     48       8     913     14 |   14.90        0.00
--------|----------------------------------------------------------------------------|-------|-------------|-------|-------|-------|-------|--------|-----------
         Aggregated                                                                      7132     0(0.00%) |    286       4    1471    250 |  136.80        0.00

Type     Name                                                                          # reqs      # fails |    Avg     Min     Max    Med |   req/s  failures/s
--------|----------------------------------------------------------------------------|-------|-------------|-------|-------|-------|-------|--------|-----------
GET      /                                                                                229     0(0.00%) |     65       7     961     12 |    5.00        0.00
GET      /cart                                                                            942     0(0.00%) |    316       5     941    300 |   17.50        0.00
POST     /cart [add]                                                                     1244     0(0.00%) |    334       7    1550    300 |   19.40        0.00
POST     /cart/checkout                                                                   472     0(0.00%) |    356       8    1689    300 |    7.70        0.00
GET      /product/[id]                                                                   3750     0(0.00%) |    341       4    1326    340 |   70.90        0.00
POST     /setCurrency                                                                     740     0(0.00%) |     55       8     913     14 |   14.90        0.00
--------|----------------------------------------------------------------------------|-------|-------------|-------|-------|-------|-------|--------|-----------
         Aggregated                                                                      7377     0(0.00%) |    300       4    1689    260 |  135.40        0.00

Type     Name                                                                          # reqs      # fails |    Avg     Min     Max    Med |   req/s  failures/s
--------|----------------------------------------------------------------------------|-------|-------------|-------|-------|-------|-------|--------|-----------
GET      /                                                                                246     0(0.00%) |     62       7     961     12 |    4.90        0.00
GET      /cart                                                                            976     0(0.00%) |    331       5     941    330 |   17.60        0.00
POST     /cart [add]                                                                     1288     0(0.00%) |    348       7    1550    310 |   19.20        0.00
POST     /cart/checkout                                                                   483     0(0.00%) |    366       8    1689    300 |    8.20        0.00
GET      /product/[id]                                                                   3898     0(0.00%) |    356       4    1326    370 |   66.90        0.00
POST     /setCurrency                                                                     761     0(0.00%) |     54       8     913     14 |   13.60        0.00
--------|----------------------------------------------------------------------------|-------|-------------|-------|-------|-------|-------|--------|-----------
         Aggregated                                                                      7652     0(0.00%) |    313       4    1689    280 |  130.40        0.00

Type     Name                                                                          # reqs      # fails |    Avg     Min     Max    Med |   req/s  failures/s
--------|----------------------------------------------------------------------------|-------|-------------|-------|-------|-------|-------|--------|-----------
GET      /                                                                                259     0(0.00%) |     60       7     961     12 |    6.00        0.00
GET      /cart                                                                           1009     0(0.00%) |    349       5    1022    350 |   17.10        0.00
POST     /cart [add]                                                                     1320     0(0.00%) |    361       7    1550    320 |   19.80        0.00
POST     /cart/checkout                                                                   498     0(0.00%) |    381       8    1689    310 |    7.30        0.00
GET      /product/[id]                                                                   4032     0(0.00%) |    372       4    1326    390 |   68.80        0.00
POST     /setCurrency                                                                     782     0(0.00%) |     53       8     913     14 |   12.10        0.00
--------|----------------------------------------------------------------------------|-------|-------------|-------|-------|-------|-------|--------|-----------
         Aggregated                                                                      7900     0(0.00%) |    326       4    1689    290 |  131.10        0.00

Type     Name                                                                          # reqs      # fails |    Avg     Min     Max    Med |   req/s  failures/s
--------|----------------------------------------------------------------------------|-------|-------------|-------|-------|-------|-------|--------|-----------
GET      /                                                                                269     0(0.00%) |     58       7     961     12 |    5.80        0.00
GET      /cart                                                                           1051     0(0.00%) |    366       5    1022    360 |   17.20        0.00
POST     /cart [add]                                                                     1373     0(0.00%) |    379       7    1550    350 |   18.80        0.00
POST     /cart/checkout                                                                   511     0(0.00%) |    391       8    1689    340 |    7.00        0.00
GET      /product/[id]                                                                   4161     0(0.00%) |    385       4    1326    400 |   68.40        0.00
POST     /setCurrency                                                                     806     0(0.00%) |     52       8     913     14 |   11.80        0.00
--------|----------------------------------------------------------------------------|-------|-------------|-------|-------|-------|-------|--------|-----------
         Aggregated                                                                      8171     0(0.00%) |    338       4    1689    300 |  129.00        0.00

Type     Name                                                                          # reqs      # fails |    Avg     Min     Max    Med |   req/s  failures/s
--------|----------------------------------------------------------------------------|-------|-------------|-------|-------|-------|-------|--------|-----------
GET      /                                                                                283     0(0.00%) |     56       7     961     12 |    5.60        0.00
GET      /cart                                                                           1079     0(0.00%) |    379       5    1022    390 |   17.90        0.00
POST     /cart [add]                                                                     1412     0(0.00%) |    392       7    1550    380 |   20.30        0.00
POST     /cart/checkout                                                                   529     0(0.00%) |    408       8    1689    390 |    7.20        0.00
GET      /product/[id]                                                                   4319     0(0.00%) |    403       4    1326    420 |   68.50        0.00
POST     /setCurrency                                                                     847     0(0.00%) |     50       8     913     14 |   11.40        0.00
--------|----------------------------------------------------------------------------|-------|-------------|-------|-------|-------|-------|--------|-----------
         Aggregated                                                                      8469     0(0.00%) |    351       4    1689    320 |  130.90        0.00

Type     Name                                                                          # reqs      # fails |    Avg     Min     Max    Med |   req/s  failures/s
--------|----------------------------------------------------------------------------|-------|-------------|-------|-------|-------|-------|--------|-----------
GET      /                                                                                289     0(0.00%) |     55       7     961     12 |    6.10        0.00
GET      /cart                                                                           1110     0(0.00%) |    391       5    1022    400 |   16.70        0.00
POST     /cart [add]                                                                     1452     0(0.00%) |    404       7    1550    390 |   20.50        0.00
POST     /cart/checkout                                                                   544     0(0.00%) |    419       8    1689    400 |    7.40        0.00
GET      /product/[id]                                                                   4469     0(0.00%) |    416       4    1326    430 |   69.50        0.00
POST     /setCurrency                                                                     870     0(0.00%) |     49       8     913     14 |   12.80        0.00
--------|----------------------------------------------------------------------------|-------|-------------|-------|-------|-------|-------|--------|-----------
         Aggregated                                                                      8734     0(0.00%) |    363       4    1689    340 |  133.00        0.00

Type     Name                                                                          # reqs      # fails |    Avg     Min     Max    Med |   req/s  failures/s
--------|----------------------------------------------------------------------------|-------|-------------|-------|-------|-------|-------|--------|-----------
GET      /                                                                                299     0(0.00%) |     54       7     961     12 |    6.10        0.00
GET      /cart                                                                           1151     0(0.00%) |    410       5    1029    420 |   17.00        0.00
POST     /cart [add]                                                                     1495     0(0.00%) |    419       7    1550    400 |   21.00        0.00
POST     /cart/checkout                                                                   557     0(0.00%) |    432       8    1689    400 |    7.30        0.00
GET      /product/[id]                                                                   4608     0(0.00%) |    432       4    1326    440 |   71.60        0.00
POST     /setCurrency                                                                     907     0(0.00%) |     48       8     913     14 |   13.10        0.00
--------|----------------------------------------------------------------------------|-------|-------------|-------|-------|-------|-------|--------|-----------
         Aggregated                                                                      9017     0(0.00%) |    376       4    1689    350 |  136.10        0.00

Type     Name                                                                          # reqs      # fails |    Avg     Min     Max    Med |   req/s  failures/s
--------|----------------------------------------------------------------------------|-------|-------------|-------|-------|-------|-------|--------|-----------
GET      /                                                                                310     0(0.00%) |     52       7     961     12 |    5.30        0.00
GET      /cart                                                                           1182     0(0.00%) |    424       5    1078    430 |   17.70        0.00
POST     /cart [add]                                                                     1532     0(0.00%) |    433       7    1550    420 |   20.80        0.00
POST     /cart/checkout                                                                   572     0(0.00%) |    447       8    1689    400 |    7.30        0.00
GET      /product/[id]                                                                   4757     0(0.00%) |    449       4    1326    450 |   71.00        0.00
POST     /setCurrency                                                                     935     0(0.00%) |     47       8     913     14 |   14.80        0.00
--------|----------------------------------------------------------------------------|-------|-------------|-------|-------|-------|-------|--------|-----------
         Aggregated                                                                      9288     0(0.00%) |    389       4    1689    370 |  136.90        0.00

Type     Name                                                                          # reqs      # fails |    Avg     Min     Max    Med |   req/s  failures/s
--------|----------------------------------------------------------------------------|-------|-------------|-------|-------|-------|-------|--------|-----------
GET      /                                                                                320     0(0.00%) |     51       7     961     12 |    5.20        0.00
GET      /cart                                                                           1220     0(0.00%) |    440       5    1095    440 |   17.40        0.00
POST     /cart [add]                                                                     1577     0(0.00%) |    448       7    1550    440 |   21.10        0.00
POST     /cart/checkout                                                                   587     0(0.00%) |    460       8    1689    410 |    7.40        0.00
GET      /product/[id]                                                                   4899     0(0.00%) |    463       4    1326    460 |   72.40        0.00
POST     /setCurrency                                                                     974     0(0.00%) |     47       8     913     14 |   15.10        0.00
--------|----------------------------------------------------------------------------|-------|-------------|-------|-------|-------|-------|--------|-----------
         Aggregated                                                                      9577     0(0.00%) |    401       4    1689    390 |  138.60        0.00

Type     Name                                                                          # reqs      # fails |    Avg     Min     Max    Med |   req/s  failures/s
--------|----------------------------------------------------------------------------|-------|-------------|-------|-------|-------|-------|--------|-----------
GET      /                                                                                331     0(0.00%) |     50       7     961     12 |    5.00        0.00
GET      /cart                                                                           1265     0(0.00%) |    460       5    1107    450 |   16.80        0.00
POST     /cart [add]                                                                     1618     0(0.00%) |    461       7    1550    440 |   20.50        0.00
POST     /cart/checkout                                                                   601     0(0.00%) |    472       8    1689    410 |    7.60        0.00
GET      /product/[id]                                                                   5039     0(0.00%) |    477       4    1326    470 |   73.80        0.00
POST     /setCurrency                                                                    1010     0(0.00%) |     45       8     913     14 |   16.70        0.00
--------|----------------------------------------------------------------------------|-------|-------------|-------|-------|-------|-------|--------|-----------
         Aggregated                                                                      9864     0(0.00%) |    414       4    1689    400 |  140.40        0.00

Type     Name                                                                          # reqs      # fails |    Avg     Min     Max    Med |   req/s  failures/s
--------|----------------------------------------------------------------------------|-------|-------------|-------|-------|-------|-------|--------|-----------
GET      /                                                                                346     0(0.00%) |     53       7     961     12 |    4.80        0.00
GET      /cart                                                                           1300     0(0.00%) |    473       5    1384    460 |   18.60        0.00
POST     /cart [add]                                                                     1656     0(0.00%) |    472       7    1550    460 |   20.50        0.00
POST     /cart/checkout                                                                   622     0(0.00%) |    489       8    1689    480 |    7.20        0.00
GET      /product/[id]                                                                   5194     0(0.00%) |    492       4    1470    480 |   72.20        0.00
POST     /setCurrency                                                                    1044     0(0.00%) |     48       8     913     14 |   16.40        0.00
--------|----------------------------------------------------------------------------|-------|-------------|-------|-------|-------|-------|--------|-----------
         Aggregated                                                                     10162     0(0.00%) |    425       4    1689    410 |  139.70        0.00

Type     Name                                                                          # reqs      # fails |    Avg     Min     Max    Med |   req/s  failures/s
--------|----------------------------------------------------------------------------|-------|-------------|-------|-------|-------|-------|--------|-----------
GET      /                                                                                356     0(0.00%) |     52       7     961     12 |    5.70        0.00
GET      /cart                                                                           1332     0(0.00%) |    485       5    1384    470 |   18.70        0.00
POST     /cart [add]                                                                     1691     0(0.00%) |    484       7    1565    460 |   20.50        0.00
POST     /cart/checkout                                                                   634     0(0.00%) |    498       8    1689    490 |    7.90        0.00
GET      /product/[id]                                                                   5343     0(0.00%) |    506       4    1470    490 |   72.30        0.00
POST     /setCurrency                                                                    1074     0(0.00%) |     47       8     913     14 |   17.20        0.00
--------|----------------------------------------------------------------------------|-------|-------------|-------|-------|-------|-------|--------|-----------
         Aggregated                                                                     10430     0(0.00%) |    436       4    1689    420 |  142.30        0.00

Type     Name                                                                          # reqs      # fails |    Avg     Min     Max    Med |   req/s  failures/s
--------|----------------------------------------------------------------------------|-------|-------------|-------|-------|-------|-------|--------|-----------
GET      /                                                                                362     0(0.00%) |     52       7     961     12 |    5.80        0.00
GET      /cart                                                                           1365     0(0.00%) |    505       5    1407    480 |   17.90        0.00
POST     /cart [add]                                                                     1727     0(0.00%) |    501       7    1565    470 |   19.40        0.00
POST     /cart/checkout                                                                   643     0(0.00%) |    509       8    1689    490 |    7.80        0.00
GET      /product/[id]                                                                   5480     0(0.00%) |    525       4    1470    510 |   73.80        0.00
POST     /setCurrency                                                                    1099     0(0.00%) |     46       8     913     14 |   16.70        0.00
--------|----------------------------------------------------------------------------|-------|-------------|-------|-------|-------|-------|--------|-----------
         Aggregated                                                                     10676     0(0.00%) |    452       4    1689    430 |  141.40        0.00

Type     Name                                                                          # reqs      # fails |    Avg     Min     Max    Med |   req/s  failures/s
--------|----------------------------------------------------------------------------|-------|-------------|-------|-------|-------|-------|--------|-----------
GET      /                                                                                371     0(0.00%) |     51       7     961     12 |    5.10        0.00
GET      /cart                                                                           1401     0(0.00%) |    522       5    1407    500 |   18.10        0.00
POST     /cart [add]                                                                     1762     0(0.00%) |    514       7    1565    480 |   19.60        0.00
POST     /cart/checkout                                                                   657     0(0.00%) |    523       8    1689    490 |    7.30        0.00
GET      /product/[id]                                                                   5618     0(0.00%) |    541       4    1470    520 |   72.40        0.00
POST     /setCurrency                                                                    1132     0(0.00%) |     45       8     913     14 |   16.50        0.00
--------|----------------------------------------------------------------------------|-------|-------------|-------|-------|-------|-------|--------|-----------
         Aggregated                                                                     10941     0(0.00%) |    465       4    1689    440 |  139.00        0.00

Type     Name                                                                          # reqs      # fails |    Avg     Min     Max    Med |   req/s  failures/s
--------|----------------------------------------------------------------------------|-------|-------------|-------|-------|-------|-------|--------|-----------
GET      /                                                                                380     0(0.00%) |     50       7     961     12 |    5.00        0.00
GET      /cart                                                                           1447     0(0.00%) |    542       5    1407    520 |   18.30        0.00
POST     /cart [add]                                                                     1799     0(0.00%) |    528       7    1565    490 |   18.60        0.00
POST     /cart/checkout                                                                   672     0(0.00%) |    538       8    1689    490 |    7.00        0.00
GET      /product/[id]                                                                   5768     0(0.00%) |    557       4    1470    530 |   71.90        0.00
POST     /setCurrency                                                                    1174     0(0.00%) |     45       8     913     14 |   15.60        0.00
--------|----------------------------------------------------------------------------|-------|-------------|-------|-------|-------|-------|--------|-----------
         Aggregated                                                                     11240     0(0.00%) |    479       4    1689    450 |  136.40        0.00

Type     Name                                                                          # reqs      # fails |    Avg     Min     Max    Med |   req/s  failures/s
--------|----------------------------------------------------------------------------|-------|-------------|-------|-------|-------|-------|--------|-----------
GET      /                                                                                394     0(0.00%) |     49       7     961     12 |    5.00        0.00
GET      /cart                                                                           1489     0(0.00%) |    560       5    1407    540 |   18.10        0.00
POST     /cart [add]                                                                     1839     0(0.00%) |    541       7    1565    500 |   18.30        0.00
POST     /cart/checkout                                                                   687     0(0.00%) |    552       8    1689    500 |    7.20        0.00
GET      /product/[id]                                                                   5918     0(0.00%) |    572       4    1470    550 |   73.00        0.00
POST     /setCurrency                                                                    1208     0(0.00%) |     44       8     913     14 |   16.50        0.00
--------|----------------------------------------------------------------------------|-------|-------------|-------|-------|-------|-------|--------|-----------
         Aggregated                                                                     11535     0(0.00%) |    491       4    1689    460 |  138.10        0.00

Type     Name                                                                          # reqs      # fails |    Avg     Min     Max    Med |   req/s  failures/s
--------|----------------------------------------------------------------------------|-------|-------------|-------|-------|-------|-------|--------|-----------
GET      /                                                                                406     0(0.00%) |     48       7     961     12 |    4.70        0.00
GET      /cart                                                                           1531     0(0.00%) |    576       5    1407    560 |   19.10        0.00
POST     /cart [add]                                                                     1879     0(0.00%) |    554       7    1565    520 |   18.10        0.00
POST     /cart/checkout                                                                   704     0(0.00%) |    567       8    1689    500 |    6.40        0.00
GET      /product/[id]                                                                   6068     0(0.00%) |    586       4    1470    560 |   72.60        0.00
POST     /setCurrency                                                                    1249     0(0.00%) |     43       8     913     14 |   16.60        0.00
--------|----------------------------------------------------------------------------|-------|-------------|-------|-------|-------|-------|--------|-----------
         Aggregated                                                                     11837     0(0.00%) |    503       4    1689    470 |  137.50        0.00

Type     Name                                                                          # reqs      # fails |    Avg     Min     Max    Med |   req/s  failures/s
--------|----------------------------------------------------------------------------|-------|-------------|-------|-------|-------|-------|--------|-----------
GET      /                                                                                415     0(0.00%) |     47       7     961     12 |    4.80        0.00
GET      /cart                                                                           1564     0(0.00%) |    590       5    1466    570 |   20.00        0.00
POST     /cart [add]                                                                     1923     0(0.00%) |    570       7    1565    530 |   18.90        0.00
POST     /cart/checkout                                                                   718     0(0.00%) |    581       8    1689    500 |    6.70        0.00
GET      /product/[id]                                                                   6195     0(0.00%) |    600       4    1470    580 |   72.10        0.00
POST     /setCurrency                                                                    1282     0(0.00%) |     43       8     913     14 |   17.30        0.00
--------|----------------------------------------------------------------------------|-------|-------------|-------|-------|-------|-------|--------|-----------
         Aggregated                                                                     12097     0(0.00%) |    515       4    1689    480 |  139.80        0.00

Type     Name                                                                          # reqs      # fails |    Avg     Min     Max    Med |   req/s  failures/s
--------|----------------------------------------------------------------------------|-------|-------------|-------|-------|-------|-------|--------|-----------
GET      /                                                                                423     0(0.00%) |     46       7     961     12 |    5.40        0.00
GET      /cart                                                                           1588     0(0.00%) |    602       5    1466    580 |   20.00        0.00
POST     /cart [add]                                                                     1971     0(0.00%) |    589       7    1565    540 |   19.70        0.00
POST     /cart/checkout                                                                   734     0(0.00%) |    598       8    1689    510 |    7.50        0.00
GET      /product/[id]                                                                   6341     0(0.00%) |    617       4    1490    590 |   71.30        0.00
POST     /setCurrency                                                                    1308     0(0.00%) |     42       8     913     14 |   17.80        0.00
--------|----------------------------------------------------------------------------|-------|-------------|-------|-------|-------|-------|--------|-----------
         Aggregated                                                                     12365     0(0.00%) |    529       4    1689    490 |  141.70        0.00

Type     Name                                                                          # reqs      # fails |    Avg     Min     Max    Med |   req/s  failures/s
--------|----------------------------------------------------------------------------|-------|-------------|-------|-------|-------|-------|--------|-----------
GET      /                                                                                430     0(0.00%) |     46       7     961     12 |    5.10        0.00
GET      /cart                                                                           1616     0(0.00%) |    617       5    1572    600 |   18.70        0.00
POST     /cart [add]                                                                     2018     0(0.00%) |    609       7    1567    560 |   20.40        0.00
POST     /cart/checkout                                                                   754     0(0.00%) |    621       8    1689    570 |    7.70        0.00
GET      /product/[id]                                                                   6483     0(0.00%) |    635       4    1581    610 |   72.20        0.00
POST     /setCurrency                                                                    1337     0(0.00%) |     41       8     913     14 |   17.70        0.00
--------|----------------------------------------------------------------------------|-------|-------------|-------|-------|-------|-------|--------|-----------
         Aggregated                                                                     12638     0(0.00%) |    545       4    1689    490 |  141.80        0.00

Type     Name                                                                          # reqs      # fails |    Avg     Min     Max    Med |   req/s  failures/s
--------|----------------------------------------------------------------------------|-------|-------------|-------|-------|-------|-------|--------|-----------
GET      /                                                                                441     0(0.00%) |     52       7     961     12 |    4.70        0.00
GET      /cart                                                                           1707     0(0.00%) |    608       2    1572    580 |   16.90        0.00
POST     /cart [add]                                                                     2115     0(0.00%) |    606       4    1567    550 |   21.90        0.00
POST     /cart/checkout                                                                   801     0(0.00%) |    609       7    1689    510 |    8.00        0.00
GET      /product/[id]                                                                   6860     0(0.00%) |    631       2    1581    600 |   71.00        0.00
POST     /setCurrency                                                                    1373     0(0.00%) |     46       8     913     14 |   16.30        0.00
--------|----------------------------------------------------------------------------|-------|-------------|-------|-------|-------|-------|--------|-----------
         Aggregated                                                                     13297     0(0.00%) |    543       2    1689    490 |  138.80        0.00

Type     Name                                                                          # reqs      # fails |    Avg     Min     Max    Med |   req/s  failures/s
--------|----------------------------------------------------------------------------|-------|-------------|-------|-------|-------|-------|--------|-----------
GET      /                                                                                462     0(0.00%) |     65       7     961     12 |    4.70        0.00
GET      /cart                                                                           1828     0(0.00%) |    578       2    1572    530 |   20.20        0.00
POST     /cart [add]                                                                     2274     0(0.00%) |    577       4    1567    510 |   25.70        0.00
POST     /cart/checkout                                                                   857     0(0.00%) |    578       7    1689    500 |   10.90        0.00
GET      /product/[id]                                                                   7341     0(0.00%) |    597       2    1581    550 |   90.60        0.00
POST     /setCurrency                                                                    1467     0(0.00%) |     68       8     913     14 |   16.00        0.00
--------|----------------------------------------------------------------------------|-------|-------------|-------|-------|-------|-------|--------|-----------
         Aggregated                                                                     14229     0(0.00%) |    518       2    1689    450 |  168.10        0.00

Type     Name                                                                          # reqs      # fails |    Avg     Min     Max    Med |   req/s  failures/s
--------|----------------------------------------------------------------------------|-------|-------------|-------|-------|-------|-------|--------|-----------
GET      /                                                                                494     0(0.00%) |     88       7     961     12 |    5.70        0.00
GET      /cart                                                                           1933     0(0.00%) |    557       2    1572    490 |   29.10        0.00
POST     /cart [add]                                                                     2432     0(0.00%) |    555       4    1567    480 |   38.90        0.00
POST     /cart/checkout                                                                   910     0(0.00%) |    552       7    1689    490 |   15.40        0.00
GET      /product/[id]                                                                   7791     0(0.00%) |    570       2    1581    510 |  124.50        0.00
POST     /setCurrency                                                                    1560     0(0.00%) |     93       8     913     15 |   21.50        0.00
--------|----------------------------------------------------------------------------|-------|-------------|-------|-------|-------|-------|--------|-----------
         Aggregated                                                                     15120     0(0.00%) |    500       2    1689    420 |  235.10        0.00

Type     Name                                                                          # reqs      # fails |    Avg     Min     Max    Med |   req/s  failures/s
--------|----------------------------------------------------------------------------|-------|-------------|-------|-------|-------|-------|--------|-----------
GET      /                                                                                529     0(0.00%) |    111       7     961     13 |    7.80        0.00
GET      /cart                                                                           2059     0(0.00%) |    536       2    1572    450 |   36.30        0.00
POST     /cart [add]                                                                     2553     0(0.00%) |    542       4    1567    460 |   49.60        0.00
POST     /cart/checkout                                                                   946     0(0.00%) |    536       7    1689    410 |   19.20        0.00
GET      /product/[id]                                                                   8246     0(0.00%) |    547       2    1581    470 |  157.90        0.00
POST     /setCurrency                                                                    1668     0(0.00%) |    118       8    1004     15 |   27.20        0.00
--------|----------------------------------------------------------------------------|-------|-------------|-------|-------|-------|-------|--------|-----------
         Aggregated                                                                     16001     0(0.00%) |    485       2    1689    390 |  298.00        0.00

Type     Name                                                                          # reqs      # fails |    Avg     Min     Max    Med |   req/s  failures/s
--------|----------------------------------------------------------------------------|-------|-------------|-------|-------|-------|-------|--------|-----------
GET      /                                                                                564     0(0.00%) |    125       7     961     13 |   10.30        0.00
GET      /cart                                                                           2169     0(0.00%) |    519       2    1572    440 |   45.60        0.00
POST     /cart [add]                                                                     2706     0(0.00%) |    525       4    1567    440 |   57.20        0.00
POST     /cart/checkout                                                                  1003     0(0.00%) |    515       7    1689    400 |   21.10        0.00
GET      /product/[id]                                                                   8696     0(0.00%) |    525       2    1581    440 |  188.40        0.00
POST     /setCurrency                                                                    1751     0(0.00%) |    132       8    1004     16 |   34.80        0.00
--------|----------------------------------------------------------------------------|-------|-------------|-------|-------|-------|-------|--------|-----------
         Aggregated                                                                     16889     0(0.00%) |    470       2    1689    350 |  357.40        0.00

Type     Name                                                                          # reqs      # fails |    Avg     Min     Max    Med |   req/s  failures/s
--------|----------------------------------------------------------------------------|-------|-------------|-------|-------|-------|-------|--------|-----------
GET      /                                                                                584     0(0.00%) |    130       7     961     14 |   13.40        0.00
GET      /cart                                                                           2252     0(0.00%) |    510       2    1572    430 |   54.60        0.00
POST     /cart [add]                                                                     2817     0(0.00%) |    517       4    1567    420 |   67.70        0.00
POST     /cart/checkout                                                                  1039     0(0.00%) |    503       7    1689    390 |   24.40        0.00
GET      /product/[id]                                                                   9030     0(0.00%) |    516       2    1581    420 |  218.50        0.00
POST     /setCurrency                                                                    1834     0(0.00%) |    135       8    1004     16 |   41.30        0.00
--------|----------------------------------------------------------------------------|-------|-------------|-------|-------|-------|-------|--------|-----------
         Aggregated                                                                     17556     0(0.00%) |    462       2    1689    330 |  419.90        0.00

Type     Name                                                                          # reqs      # fails |    Avg     Min     Max    Med |   req/s  failures/s
--------|----------------------------------------------------------------------------|-------|-------------|-------|-------|-------|-------|--------|-----------
GET      /                                                                                592     0(0.00%) |    128       7     961     14 |   14.40        0.00
GET      /cart                                                                           2282     0(0.00%) |    521       2    1598    430 |   55.90        0.00
POST     /cart [add]                                                                     2855     0(0.00%) |    528       4    1594    440 |   72.10        0.00
POST     /cart/checkout                                                                  1053     0(0.00%) |    515       7    1689    390 |   24.40        0.00
GET      /product/[id]                                                                   9182     0(0.00%) |    529       2    1598    440 |  220.10        0.00
POST     /setCurrency                                                                    1860     0(0.00%) |    133       8    1004     16 |   46.30        0.00
--------|----------------------------------------------------------------------------|-------|-------------|-------|-------|-------|-------|--------|-----------
         Aggregated                                                                     17824     0(0.00%) |    472       2    1689    350 |  433.20        0.00

Type     Name                                                                          # reqs      # fails |    Avg     Min     Max    Med |   req/s  failures/s
--------|----------------------------------------------------------------------------|-------|-------------|-------|-------|-------|-------|--------|-----------
GET      /                                                                                604     0(0.00%) |    126       7     961     13 |    5.04        0.00
GET      /cart                                                                           2309     0(0.00%) |    534       2    1737    440 |   19.26        0.00
POST     /cart [add]                                                                     2882     0(0.00%) |    538       4    1711    440 |   24.04        0.00
POST     /cart/checkout                                                                  1067     0(0.00%) |    529       7    1737    400 |    8.90        0.00
GET      /product/[id]                                                                   9325     0(0.00%) |    546       2    1756    450 |   77.79        0.00
POST     /setCurrency                                                                    1898     0(0.00%) |    131       8    1004     16 |   15.83        0.00
--------|----------------------------------------------------------------------------|-------|-------------|-------|-------|-------|-------|--------|-----------
         Aggregated                                                                     18085     0(0.00%) |    485       2    1756    350 |  150.86        0.00

Response time percentiles (approximated)
Type     Name                                                                                  50%    66%    75%    80%    90%    95%    98%    99%  99.9% 99.99%   100% # reqs
--------|--------------------------------------------------------------------------------|--------|------|------|------|------|------|------|------|------|------|------|------
GET      /                                                                                      13     29    140    210    510    700    790    810    960    960    960    604
GET      /cart                                                                                 440    710    900    970   1200   1300   1500   1600   1700   1700   1700   2309
POST     /cart [add]                                                                           440    700    900    970   1200   1400   1500   1600   1700   1700   1700   2882
POST     /cart/checkout                                                                        400    700    900   1000   1200   1400   1500   1600   1700   1700   1700   1067
GET      /product/[id]                                                                         450    750    930    990   1200   1400   1500   1600   1700   1800   1800   9325
POST     /setCurrency                                                                           16     31    140    240    510    710    830    870    990   1000   1000   1898
--------|--------------------------------------------------------------------------------|--------|------|------|------|------|------|------|------|------|------|------|------
         Aggregated                                                                            350    630    860    940   1200   1300   1500   1600   1700   1800   1800  18085

