/Users/edias/Library/Python/3.9/lib/python/site-packages/urllib3/__init__.py:35: NotOpenSSLWarning: urllib3 v2 only supports OpenSSL 1.1.1+, currently the 'ssl' module is compiled with 'LibreSSL 2.8.3'. See: https://github.com/urllib3/urllib3/issues/3020
  warnings.warn(
[2026-05-20 23:02:09,776] Mac/WARNING/locust.main: Python 3.9 support is deprecated and will be removed soon
Type     Name                                                                          # reqs      # fails |    Avg     Min     Max    Med |   req/s  failures/s
--------|----------------------------------------------------------------------------|-------|-------------|-------|-------|-------|-------|--------|-----------
--------|----------------------------------------------------------------------------|-------|-------------|-------|-------|-------|-------|--------|-----------
         Aggregated                                                                         0     0(0.00%) |      0       0       0      0 |    0.00        0.00

Type     Name                                                                          # reqs      # fails |    Avg     Min     Max    Med |   req/s  failures/s
--------|----------------------------------------------------------------------------|-------|-------------|-------|-------|-------|-------|--------|-----------
GET      /                                                                                  2     0(0.00%) |     14      14      15     14 |    0.00        0.00
GET      /cart                                                                              1     0(0.00%) |     13      13      13     13 |    0.00        0.00
POST     /cart [add]                                                                        9     0(0.00%) |     27      12      47     18 |    0.00        0.00
POST     /cart/checkout                                                                     2     0(0.00%) |     19      15      23     15 |    0.00        0.00
GET      /product/[id]                                                                      8     0(0.00%) |     18      12      26     16 |    0.00        0.00
POST     /setCurrency                                                                       3     0(0.00%) |     18      15      23     17 |    0.00        0.00
--------|----------------------------------------------------------------------------|-------|-------------|-------|-------|-------|-------|--------|-----------
         Aggregated                                                                        25     0(0.00%) |     21      12      47     16 |    0.00        0.00

Type     Name                                                                          # reqs      # fails |    Avg     Min     Max    Med |   req/s  failures/s
--------|----------------------------------------------------------------------------|-------|-------------|-------|-------|-------|-------|--------|-----------
GET      /                                                                                  3     0(0.00%) |     15      14      17     16 |    0.50        0.00
GET      /cart                                                                             12     0(0.00%) |     12       7      17     12 |    0.50        0.00
POST     /cart [add]                                                                       16     0(0.00%) |     22      10      47     17 |    2.50        0.00
POST     /cart/checkout                                                                     6     0(0.00%) |     17      12      23     15 |    1.00        0.00
GET      /product/[id]                                                                     34     0(0.00%) |     12       7      26     11 |    2.50        0.00
POST     /setCurrency                                                                       8     0(0.00%) |     16      13      23     15 |    0.50        0.00
--------|----------------------------------------------------------------------------|-------|-------------|-------|-------|-------|-------|--------|-----------
         Aggregated                                                                        79     0(0.00%) |     15       7      47     13 |    7.50        0.00

Type     Name                                                                          # reqs      # fails |    Avg     Min     Max    Med |   req/s  failures/s
--------|----------------------------------------------------------------------------|-------|-------------|-------|-------|-------|-------|--------|-----------
GET      /                                                                                  7     0(0.00%) |     13      10      17     14 |    0.75        0.00
GET      /cart                                                                             30     0(0.00%) |      9       5      17      9 |    2.25        0.00
POST     /cart [add]                                                                       31     0(0.00%) |     17       8      47     13 |    3.50        0.00
POST     /cart/checkout                                                                    16     0(0.00%) |     14       9      23     13 |    1.00        0.00
GET      /product/[id]                                                                     69     0(0.00%) |     10       6      26     10 |    5.75        0.00
POST     /setCurrency                                                                      17     0(0.00%) |     15      12      23     15 |    0.75        0.00
--------|----------------------------------------------------------------------------|-------|-------------|-------|-------|-------|-------|--------|-----------
         Aggregated                                                                       170     0(0.00%) |     12       5      47     11 |   14.00        0.00

Type     Name                                                                          # reqs      # fails |    Avg     Min     Max    Med |   req/s  failures/s
--------|----------------------------------------------------------------------------|-------|-------------|-------|-------|-------|-------|--------|-----------
GET      /                                                                                 11     0(0.00%) |     14      10      24     13 |    0.83        0.00
GET      /cart                                                                             38     0(0.00%) |      9       5      17      9 |    3.17        0.00
POST     /cart [add]                                                                       45     0(0.00%) |     15       8      47     13 |    4.17        0.00
POST     /cart/checkout                                                                    20     0(0.00%) |     14       9      23     13 |    2.00        0.00
GET      /product/[id]                                                                    136     0(0.00%) |     12       5      75      9 |    9.17        0.00
POST     /setCurrency                                                                      28     0(0.00%) |     15      10      23     14 |    2.33        0.00
--------|----------------------------------------------------------------------------|-------|-------------|-------|-------|-------|-------|--------|-----------
         Aggregated                                                                       278     0(0.00%) |     13       5      75     11 |   21.67        0.00

Type     Name                                                                          # reqs      # fails |    Avg     Min     Max    Med |   req/s  failures/s
--------|----------------------------------------------------------------------------|-------|-------------|-------|-------|-------|-------|--------|-----------
GET      /                                                                                 15     0(0.00%) |     34      10     245     13 |    1.12        0.00
GET      /cart                                                                             61     0(0.00%) |     15       5     230      9 |    4.00        0.00
POST     /cart [add]                                                                       67     0(0.00%) |     17       8     212     12 |    4.75        0.00
POST     /cart/checkout                                                                    32     0(0.00%) |     13       9      23     12 |    2.38        0.00
GET      /product/[id]                                                                    207     0(0.00%) |     11       4     118      9 |   13.25        0.00
POST     /setCurrency                                                                      37     0(0.00%) |     17      10     119     15 |    3.00        0.00
--------|----------------------------------------------------------------------------|-------|-------------|-------|-------|-------|-------|--------|-----------
         Aggregated                                                                       419     0(0.00%) |     14       4     245     10 |   28.50        0.00

Type     Name                                                                          # reqs      # fails |    Avg     Min     Max    Med |   req/s  failures/s
--------|----------------------------------------------------------------------------|-------|-------------|-------|-------|-------|-------|--------|-----------
GET      /                                                                                 18     0(0.00%) |     30      10     245     11 |    1.30        0.00
GET      /cart                                                                             85     0(0.00%) |     13       5     230      9 |    5.00        0.00
POST     /cart [add]                                                                       92     0(0.00%) |     15       7     212     12 |    5.80        0.00
POST     /cart/checkout                                                                    40     0(0.00%) |     12       9      23     12 |    2.60        0.00
GET      /product/[id]                                                                    301     0(0.00%) |     10       4     118      9 |   18.20        0.00
POST     /setCurrency                                                                      54     0(0.00%) |     16      10     119     14 |    3.30        0.00
--------|----------------------------------------------------------------------------|-------|-------------|-------|-------|-------|-------|--------|-----------
         Aggregated                                                                       590     0(0.00%) |     13       4     245     10 |   36.20        0.00

Type     Name                                                                          # reqs      # fails |    Avg     Min     Max    Med |   req/s  failures/s
--------|----------------------------------------------------------------------------|-------|-------------|-------|-------|-------|-------|--------|-----------
GET      /                                                                                 23     0(0.00%) |     26      10     245     12 |    1.60        0.00
GET      /cart                                                                            109     0(0.00%) |     12       4     230      8 |    7.30        0.00
POST     /cart [add]                                                                      125     0(0.00%) |     14       7     212     11 |    7.50        0.00
POST     /cart/checkout                                                                    56     0(0.00%) |     12       7      23     11 |    3.30        0.00
GET      /product/[id]                                                                    409     0(0.00%) |      9       4     118      8 |   26.20        0.00
POST     /setCurrency                                                                      73     0(0.00%) |     15       8     119     14 |    4.70        0.00
--------|----------------------------------------------------------------------------|-------|-------------|-------|-------|-------|-------|--------|-----------
         Aggregated                                                                       795     0(0.00%) |     12       4     245      9 |   50.60        0.00

Type     Name                                                                          # reqs      # fails |    Avg     Min     Max    Med |   req/s  failures/s
--------|----------------------------------------------------------------------------|-------|-------------|-------|-------|-------|-------|--------|-----------
GET      /                                                                                 27     0(0.00%) |     24       8     245     11 |    2.00        0.00
GET      /cart                                                                            143     0(0.00%) |     11       4     230      8 |    9.10        0.00
POST     /cart [add]                                                                      172     0(0.00%) |     13       7     212     11 |    9.70        0.00
POST     /cart/checkout                                                                    75     0(0.00%) |     12       7      23     11 |    4.50        0.00
GET      /product/[id]                                                                    516     0(0.00%) |      9       4     118      8 |   34.00        0.00
POST     /setCurrency                                                                      94     0(0.00%) |     15       8     119     14 |    6.30        0.00
--------|----------------------------------------------------------------------------|-------|-------------|-------|-------|-------|-------|--------|-----------
         Aggregated                                                                      1027     0(0.00%) |     11       4     245      9 |   65.60        0.00

Type     Name                                                                          # reqs      # fails |    Avg     Min     Max    Med |   req/s  failures/s
--------|----------------------------------------------------------------------------|-------|-------------|-------|-------|-------|-------|--------|-----------
GET      /                                                                                 29     0(0.00%) |     23       8     245     11 |    2.00        0.00
GET      /cart                                                                            177     0(0.00%) |     11       4     230      8 |   11.10        0.00
POST     /cart [add]                                                                      208     0(0.00%) |     13       6     212     11 |   12.30        0.00
POST     /cart/checkout                                                                    89     0(0.00%) |     12       7      41     11 |    5.40        0.00
GET      /product/[id]                                                                    631     0(0.00%) |      9       4     118      8 |   42.40        0.00
POST     /setCurrency                                                                     117     0(0.00%) |     14       8     119     13 |    6.90        0.00
--------|----------------------------------------------------------------------------|-------|-------------|-------|-------|-------|-------|--------|-----------
         Aggregated                                                                      1251     0(0.00%) |     11       4     245      9 |   80.10        0.00

Type     Name                                                                          # reqs      # fails |    Avg     Min     Max    Med |   req/s  failures/s
--------|----------------------------------------------------------------------------|-------|-------------|-------|-------|-------|-------|--------|-----------
GET      /                                                                                 34     0(0.00%) |     68       8     719     12 |    1.90        0.00
GET      /cart                                                                            189     0(0.00%) |     48       4     971      8 |   13.70        0.00
POST     /cart [add]                                                                      223     0(0.00%) |     80       6    1631     11 |   15.50        0.00
POST     /cart/checkout                                                                    97     0(0.00%) |     59       7    1740     11 |    6.40        0.00
GET      /product/[id]                                                                    680     0(0.00%) |     48       4    1277      8 |   49.50        0.00
POST     /setCurrency                                                                     123     0(0.00%) |     36       8    1056     14 |    8.40        0.00
--------|----------------------------------------------------------------------------|-------|-------------|-------|-------|-------|-------|--------|-----------
         Aggregated                                                                      1346     0(0.00%) |     54       4    1740     10 |   95.40        0.00

Type     Name                                                                          # reqs      # fails |    Avg     Min     Max    Med |   req/s  failures/s
--------|----------------------------------------------------------------------------|-------|-------------|-------|-------|-------|-------|--------|-----------
GET      /                                                                                 40     0(0.00%) |     59       8     719     12 |    1.80        0.00
GET      /cart                                                                            231     0(0.00%) |     50       4     971      9 |   12.90        0.00
POST     /cart [add]                                                                      269     0(0.00%) |     77       6    1631     11 |   15.10        0.00
POST     /cart/checkout                                                                   118     0(0.00%) |     63       7    1740     12 |    6.30        0.00
GET      /product/[id]                                                                    810     0(0.00%) |     49       4    1277      9 |   46.70        0.00
POST     /setCurrency                                                                     156     0(0.00%) |     34       8    1056     14 |    8.60        0.00
--------|----------------------------------------------------------------------------|-------|-------------|-------|-------|-------|-------|--------|-----------
         Aggregated                                                                      1624     0(0.00%) |     53       4    1740     10 |   91.40        0.00

Type     Name                                                                          # reqs      # fails |    Avg     Min     Max    Med |   req/s  failures/s
--------|----------------------------------------------------------------------------|-------|-------------|-------|-------|-------|-------|--------|-----------
GET      /                                                                                 45     0(0.00%) |     54       8     719     12 |    2.20        0.00
GET      /cart                                                                            261     0(0.00%) |     54       4     971      9 |   13.20        0.00
POST     /cart [add]                                                                      321     0(0.00%) |     78       6    1631     12 |   17.20        0.00
POST     /cart/checkout                                                                   135     0(0.00%) |     67       7    1740     13 |    7.30        0.00
GET      /product/[id]                                                                    951     0(0.00%) |     53       4    1277      9 |   49.50        0.00
POST     /setCurrency                                                                     189     0(0.00%) |     31       8    1056     14 |    9.70        0.00
--------|----------------------------------------------------------------------------|-------|-------------|-------|-------|-------|-------|--------|-----------
         Aggregated                                                                      1902     0(0.00%) |     56       4    1740     11 |   99.10        0.00

Type     Name                                                                          # reqs      # fails |    Avg     Min     Max    Med |   req/s  failures/s
--------|----------------------------------------------------------------------------|-------|-------------|-------|-------|-------|-------|--------|-----------
GET      /                                                                                 54     0(0.00%) |     49       8     719     12 |    1.90        0.00
GET      /cart                                                                            301     0(0.00%) |     59       4     971     11 |   15.00        0.00
POST     /cart [add]                                                                      376     0(0.00%) |     78       6    1631     15 |   18.90        0.00
POST     /cart/checkout                                                                   156     0(0.00%) |     71       7    1740     15 |    8.10        0.00
GET      /product/[id]                                                                   1089     0(0.00%) |     58       4    1277     11 |   53.10        0.00
POST     /setCurrency                                                                     208     0(0.00%) |     29       8    1056     13 |   10.90        0.00
--------|----------------------------------------------------------------------------|-------|-------------|-------|-------|-------|-------|--------|-----------
         Aggregated                                                                      2184     0(0.00%) |     60       4    1740     12 |  107.90        0.00

Type     Name                                                                          # reqs      # fails |    Avg     Min     Max    Med |   req/s  failures/s
--------|----------------------------------------------------------------------------|-------|-------------|-------|-------|-------|-------|--------|-----------
GET      /                                                                                 67     0(0.00%) |     41       7     719     12 |    2.70        0.00
GET      /cart                                                                            338     0(0.00%) |     67       4     971     13 |   15.30        0.00
POST     /cart [add]                                                                      430     0(0.00%) |     85       6    1631     22 |   20.50        0.00
POST     /cart/checkout                                                                   177     0(0.00%) |     81       7    1740     22 |    8.30        0.00
GET      /product/[id]                                                                   1223     0(0.00%) |     66       4    1277     13 |   55.10        0.00
POST     /setCurrency                                                                     241     0(0.00%) |     27       8    1056     13 |   11.60        0.00
--------|----------------------------------------------------------------------------|-------|-------------|-------|-------|-------|-------|--------|-----------
         Aggregated                                                                      2476     0(0.00%) |     66       4    1740     14 |  113.50        0.00

Type     Name                                                                          # reqs      # fails |    Avg     Min     Max    Med |   req/s  failures/s
--------|----------------------------------------------------------------------------|-------|-------------|-------|-------|-------|-------|--------|-----------
GET      /                                                                                 77     0(0.00%) |     39       7     719     12 |    2.58        0.00
GET      /cart                                                                            365     0(0.00%) |     73       4     971     21 |   12.23        0.00
POST     /cart [add]                                                                      487     0(0.00%) |     94       6    1631     40 |   16.32        0.00
POST     /cart/checkout                                                                   197     0(0.00%) |     92       7    1740     42 |    6.60        0.00
GET      /product/[id]                                                                   1341     0(0.00%) |     75       4    1277     26 |   44.94        0.00
POST     /setCurrency                                                                     263     0(0.00%) |     27       8    1056     13 |    8.81        0.00
--------|----------------------------------------------------------------------------|-------|-------------|-------|-------|-------|-------|--------|-----------
         Aggregated                                                                      2730     0(0.00%) |     74       4    1740     17 |   91.50        0.00

Response time percentiles (approximated)
Type     Name                                                                                  50%    66%    75%    80%    90%    95%    98%    99%  99.9% 99.99%   100% # reqs
--------|--------------------------------------------------------------------------------|--------|------|------|------|------|------|------|------|------|------|------|------
GET      /                                                                                      12     13     15     16     47    250    550    720    720    720    720     77
GET      /cart                                                                                  21     75    110    130    160    220    420    810    970    970    970    365
POST     /cart [add]                                                                            40     91    110    140    180    230    920   1500   1600   1600   1600    487
POST     /cart/checkout                                                                         42     97    140    150    200    260    380   1300   1700   1700   1700    197
GET      /product/[id]                                                                          26     76    110    130    170    200    480    720   1200   1300   1300   1341
POST     /setCurrency                                                                           13     14     16     17     20     59    230    480   1100   1100   1100    263
--------|--------------------------------------------------------------------------------|--------|------|------|------|------|------|------|------|------|------|------|------
         Aggregated                                                                             17     68    100    120    170    210    470    810   1600   1700   1700   2730

