/Users/edias/Library/Python/3.9/lib/python/site-packages/urllib3/__init__.py:35: NotOpenSSLWarning: urllib3 v2 only supports OpenSSL 1.1.1+, currently the 'ssl' module is compiled with 'LibreSSL 2.8.3'. See: https://github.com/urllib3/urllib3/issues/3020
  warnings.warn(
[2026-05-20 20:26:13,471] Mac/WARNING/locust.main: Python 3.9 support is deprecated and will be removed soon
Type     Name                                                                          # reqs      # fails |    Avg     Min     Max    Med |   req/s  failures/s
--------|----------------------------------------------------------------------------|-------|-------------|-------|-------|-------|-------|--------|-----------
--------|----------------------------------------------------------------------------|-------|-------------|-------|-------|-------|-------|--------|-----------
         Aggregated                                                                         0     0(0.00%) |      0       0       0      0 |    0.00        0.00

Type     Name                                                                          # reqs      # fails |    Avg     Min     Max    Med |   req/s  failures/s
--------|----------------------------------------------------------------------------|-------|-------------|-------|-------|-------|-------|--------|-----------
GET      /cart                                                                              4     0(0.00%) |     16      10      22     14 |    0.00        0.00
POST     /cart [add]                                                                        2     0(0.00%) |     17      15      18     16 |    0.00        0.00
POST     /cart/checkout                                                                     1     0(0.00%) |     36      36      36     36 |    0.00        0.00
GET      /product/[id]                                                                     17     0(0.00%) |     16       7      26     15 |    0.00        0.00
POST     /setCurrency                                                                       2     0(0.00%) |     26      19      33     19 |    0.00        0.00
--------|----------------------------------------------------------------------------|-------|-------------|-------|-------|-------|-------|--------|-----------
         Aggregated                                                                        26     0(0.00%) |     17       7      36     17 |    0.00        0.00

Type     Name                                                                          # reqs      # fails |    Avg     Min     Max    Med |   req/s  failures/s
--------|----------------------------------------------------------------------------|-------|-------------|-------|-------|-------|-------|--------|-----------
GET      /cart                                                                              9     0(0.00%) |     67       8     497     13 |    1.00        0.00
POST     /cart [add]                                                                        8     0(0.00%) |     88      11     585     16 |    0.50        0.00
POST     /cart/checkout                                                                     3     0(0.00%) |     23       9      36     24 |    0.50        0.00
GET      /product/[id]                                                                     39     0(0.00%) |     79       7     623     15 |    7.00        0.00
POST     /setCurrency                                                                       6     0(0.00%) |     38      15     120     19 |    0.00        0.00
--------|----------------------------------------------------------------------------|-------|-------------|-------|-------|-------|-------|--------|-----------
         Aggregated                                                                        65     0(0.00%) |     72       7     623     16 |    9.00        0.00

Type     Name                                                                          # reqs      # fails |    Avg     Min     Max    Med |   req/s  failures/s
--------|----------------------------------------------------------------------------|-------|-------------|-------|-------|-------|-------|--------|-----------
GET      /                                                                                  2     0(0.00%) |     10      10      10     10 |    0.00        0.00
GET      /cart                                                                             18     0(0.00%) |     38       5     497     10 |    2.00        0.00
POST     /cart [add]                                                                       25     0(0.00%) |     35       8     585     12 |    1.25        0.00
POST     /cart/checkout                                                                     9     0(0.00%) |     15       9      36     12 |    0.25        0.00
GET      /product/[id]                                                                     76     0(0.00%) |     45       5     623     10 |    8.25        0.00
POST     /setCurrency                                                                      19     0(0.00%) |     21      10     120     15 |    1.00        0.00
--------|----------------------------------------------------------------------------|-------|-------------|-------|-------|-------|-------|--------|-----------
         Aggregated                                                                       149     0(0.00%) |     37       5     623     11 |   12.75        0.00

Type     Name                                                                          # reqs      # fails |    Avg     Min     Max    Med |   req/s  failures/s
--------|----------------------------------------------------------------------------|-------|-------------|-------|-------|-------|-------|--------|-----------
GET      /                                                                                  3     0(0.00%) |     10      10      10     10 |    0.33        0.00
GET      /cart                                                                             36     0(0.00%) |     33       5     497      9 |    2.67        0.00
POST     /cart [add]                                                                       46     0(0.00%) |     35       7     585     12 |    3.50        0.00
POST     /cart/checkout                                                                    17     0(0.00%) |     13       9      36     12 |    1.50        0.00
GET      /product/[id]                                                                    123     0(0.00%) |     40       5     623      9 |   11.67        0.00
POST     /setCurrency                                                                      32     0(0.00%) |     45      10     330     14 |    2.50        0.00
--------|----------------------------------------------------------------------------|-------|-------------|-------|-------|-------|-------|--------|-----------
         Aggregated                                                                       257     0(0.00%) |     37       5     623     11 |   22.17        0.00

Type     Name                                                                          # reqs      # fails |    Avg     Min     Max    Med |   req/s  failures/s
--------|----------------------------------------------------------------------------|-------|-------------|-------|-------|-------|-------|--------|-----------
GET      /                                                                                  5     0(0.00%) |     17      10      45     11 |    0.38        0.00
GET      /cart                                                                             56     0(0.00%) |     28       5     497      9 |    3.88        0.00
POST     /cart [add]                                                                       67     0(0.00%) |     28       7     585     12 |    5.50        0.00
POST     /cart/checkout                                                                    23     0(0.00%) |     23       9      94     12 |    2.00        0.00
GET      /product/[id]                                                                    196     0(0.00%) |     30       4     623      9 |   13.25        0.00
POST     /setCurrency                                                                      47     0(0.00%) |     36      10     330     14 |    3.50        0.00
--------|----------------------------------------------------------------------------|-------|-------------|-------|-------|-------|-------|--------|-----------
         Aggregated                                                                       394     0(0.00%) |     30       4     623     10 |   28.50        0.00

Type     Name                                                                          # reqs      # fails |    Avg     Min     Max    Med |   req/s  failures/s
--------|----------------------------------------------------------------------------|-------|-------------|-------|-------|-------|-------|--------|-----------
GET      /                                                                                 12     0(0.00%) |     13       8      45     11 |    0.50        0.00
GET      /cart                                                                             79     0(0.00%) |     22       4     497      8 |    4.80        0.00
POST     /cart [add]                                                                       95     0(0.00%) |     25       7     585     11 |    6.20        0.00
POST     /cart/checkout                                                                    31     0(0.00%) |     19       9      94     11 |    2.20        0.00
GET      /product/[id]                                                                    278     0(0.00%) |     24       4     623      8 |   17.10        0.00
POST     /setCurrency                                                                      67     0(0.00%) |     29       9     330     13 |    4.60        0.00
--------|----------------------------------------------------------------------------|-------|-------------|-------|-------|-------|-------|--------|-----------
         Aggregated                                                                       562     0(0.00%) |     24       4     623     10 |   35.40        0.00

Type     Name                                                                          # reqs      # fails |    Avg     Min     Max    Med |   req/s  failures/s
--------|----------------------------------------------------------------------------|-------|-------------|-------|-------|-------|-------|--------|-----------
GET      /                                                                                 23     0(0.00%) |     19       8     135     11 |    1.00        0.00
GET      /cart                                                                            109     0(0.00%) |     23       3     497      8 |    7.00        0.00
POST     /cart [add]                                                                      125     0(0.00%) |     23       7     585     11 |    8.70        0.00
POST     /cart/checkout                                                                    40     0(0.00%) |     17       8      94     10 |    2.90        0.00
GET      /product/[id]                                                                    367     0(0.00%) |     21       3     623      8 |   24.80        0.00
POST     /setCurrency                                                                      85     0(0.00%) |     30       9     330     13 |    5.90        0.00
--------|----------------------------------------------------------------------------|-------|-------------|-------|-------|-------|-------|--------|-----------
         Aggregated                                                                       749     0(0.00%) |     22       3     623      9 |   50.30        0.00

Type     Name                                                                          # reqs      # fails |    Avg     Min     Max    Med |   req/s  failures/s
--------|----------------------------------------------------------------------------|-------|-------------|-------|-------|-------|-------|--------|-----------
GET      /                                                                                 26     0(0.00%) |     18       8     135     11 |    2.10        0.00
GET      /cart                                                                            136     0(0.00%) |     19       3     497      8 |    9.40        0.00
POST     /cart [add]                                                                      163     0(0.00%) |     20       6     585     10 |   11.50        0.00
POST     /cart/checkout                                                                    57     0(0.00%) |     15       8      94     10 |    3.70        0.00
GET      /product/[id]                                                                    457     0(0.00%) |     18       3     623      8 |   30.50        0.00
POST     /setCurrency                                                                     103     0(0.00%) |     27       9     330     13 |    7.80        0.00
--------|----------------------------------------------------------------------------|-------|-------------|-------|-------|-------|-------|--------|-----------
         Aggregated                                                                       942     0(0.00%) |     20       3     623      9 |   65.00        0.00

Type     Name                                                                          # reqs      # fails |    Avg     Min     Max    Med |   req/s  failures/s
--------|----------------------------------------------------------------------------|-------|-------------|-------|-------|-------|-------|--------|-----------
GET      /                                                                                 30     0(0.00%) |     17       8     135     11 |    2.40        0.00
GET      /cart                                                                            157     0(0.00%) |     19       3     497      8 |   11.70        0.00
POST     /cart [add]                                                                      202     0(0.00%) |     20       6     585     10 |   12.90        0.00
POST     /cart/checkout                                                                    76     0(0.00%) |     17       7      94     10 |    4.20        0.00
GET      /product/[id]                                                                    551     0(0.00%) |     17       3     623      7 |   36.70        0.00
POST     /setCurrency                                                                     121     0(0.00%) |     25       8     330     12 |    8.00        0.00
--------|----------------------------------------------------------------------------|-------|-------------|-------|-------|-------|-------|--------|-----------
         Aggregated                                                                      1137     0(0.00%) |     19       3     623      9 |   75.90        0.00

Type     Name                                                                          # reqs      # fails |    Avg     Min     Max    Med |   req/s  failures/s
--------|----------------------------------------------------------------------------|-------|-------------|-------|-------|-------|-------|--------|-----------
GET      /                                                                                 36     0(0.00%) |     19       7     135     11 |    2.50        0.00
GET      /cart                                                                            183     0(0.00%) |     17       3     497      8 |   11.80        0.00
POST     /cart [add]                                                                      235     0(0.00%) |     19       6     585     10 |   15.30        0.00
POST     /cart/checkout                                                                    90     0(0.00%) |     16       7      94     10 |    5.70        0.00
GET      /product/[id]                                                                    640     0(0.00%) |     16       3     623      7 |   42.00        0.00
POST     /setCurrency                                                                     143     0(0.00%) |     24       8     330     12 |    8.70        0.00
--------|----------------------------------------------------------------------------|-------|-------------|-------|-------|-------|-------|--------|-----------
         Aggregated                                                                      1327     0(0.00%) |     18       3     623      9 |   86.00        0.00

Type     Name                                                                          # reqs      # fails |    Avg     Min     Max    Med |   req/s  failures/s
--------|----------------------------------------------------------------------------|-------|-------------|-------|-------|-------|-------|--------|-----------
GET      /                                                                                 40     0(0.00%) |     18       7     135     11 |    3.10        0.00
GET      /cart                                                                            204     0(0.00%) |     16       3     497      7 |   13.00        0.00
POST     /cart [add]                                                                      270     0(0.00%) |     18       6     585     10 |   16.30        0.00
POST     /cart/checkout                                                                   100     0(0.00%) |     15       7      94     10 |    6.40        0.00
GET      /product/[id]                                                                    734     0(0.00%) |     15       3     623      7 |   44.70        0.00
POST     /setCurrency                                                                     162     0(0.00%) |     22       8     330     12 |    9.20        0.00
--------|----------------------------------------------------------------------------|-------|-------------|-------|-------|-------|-------|--------|-----------
         Aggregated                                                                      1510     0(0.00%) |     16       3     623      9 |   92.70        0.00

Type     Name                                                                          # reqs      # fails |    Avg     Min     Max    Med |   req/s  failures/s
--------|----------------------------------------------------------------------------|-------|-------------|-------|-------|-------|-------|--------|-----------
GET      /                                                                                 47     0(0.00%) |     23       7     135     11 |    3.00        0.00
GET      /cart                                                                            228     0(0.00%) |     17       3     497      7 |   12.90        0.00
POST     /cart [add]                                                                      304     0(0.00%) |     19       6     585     10 |   17.50        0.00
POST     /cart/checkout                                                                   107     0(0.00%) |     15       7      94     10 |    6.70        0.00
GET      /product/[id]                                                                    826     0(0.00%) |     16       3     623      7 |   44.90        0.00
POST     /setCurrency                                                                     183     0(0.00%) |     24       8     330     12 |   10.00        0.00
--------|----------------------------------------------------------------------------|-------|-------------|-------|-------|-------|-------|--------|-----------
         Aggregated                                                                      1695     0(0.00%) |     18       3     623      9 |   95.00        0.00

Type     Name                                                                          # reqs      # fails |    Avg     Min     Max    Med |   req/s  failures/s
--------|----------------------------------------------------------------------------|-------|-------------|-------|-------|-------|-------|--------|-----------
GET      /                                                                                 51     0(0.00%) |     22       7     135     11 |    2.40        0.00
GET      /cart                                                                            251     0(0.00%) |     17       3     497      7 |   11.80        0.00
POST     /cart [add]                                                                      333     0(0.00%) |     19       6     585     10 |   17.30        0.00
POST     /cart/checkout                                                                   120     0(0.00%) |     16       7      94     10 |    6.80        0.00
GET      /product/[id]                                                                    922     0(0.00%) |     15       3     623      7 |   46.40        0.00
POST     /setCurrency                                                                     205     0(0.00%) |     24       8     330     12 |    9.90        0.00
--------|----------------------------------------------------------------------------|-------|-------------|-------|-------|-------|-------|--------|-----------
         Aggregated                                                                      1882     0(0.00%) |     17       3     623      9 |   94.60        0.00

Type     Name                                                                          # reqs      # fails |    Avg     Min     Max    Med |   req/s  failures/s
--------|----------------------------------------------------------------------------|-------|-------------|-------|-------|-------|-------|--------|-----------
GET      /                                                                                 53     0(0.00%) |     21       7     135     11 |    2.20        0.00
GET      /cart                                                                            273     0(0.00%) |     16       3     497      7 |   11.30        0.00
POST     /cart [add]                                                                      365     0(0.00%) |     18       6     585     10 |   17.80        0.00
POST     /cart/checkout                                                                   132     0(0.00%) |     15       7      94     10 |    6.80        0.00
GET      /product/[id]                                                                   1011     0(0.00%) |     15       3     623      7 |   45.70        0.00
POST     /setCurrency                                                                     229     0(0.00%) |     23       8     330     12 |   10.70        0.00
--------|----------------------------------------------------------------------------|-------|-------------|-------|-------|-------|-------|--------|-----------
         Aggregated                                                                      2063     0(0.00%) |     17       3     623      9 |   94.50        0.00

Type     Name                                                                          # reqs      # fails |    Avg     Min     Max    Med |   req/s  failures/s
--------|----------------------------------------------------------------------------|-------|-------------|-------|-------|-------|-------|--------|-----------
GET      /                                                                                 61     0(0.00%) |     21       7     135     11 |    2.50        0.00
GET      /cart                                                                            292     0(0.00%) |     16       3     497      7 |   11.50        0.00
POST     /cart [add]                                                                      412     0(0.00%) |     19       5     585     10 |   16.30        0.00
POST     /cart/checkout                                                                   146     0(0.00%) |     15       6      94     10 |    5.80        0.00
GET      /product/[id]                                                                   1101     0(0.00%) |     14       3     623      7 |   46.80        0.00
POST     /setCurrency                                                                     244     0(0.00%) |     22       8     330     12 |   11.00        0.00
--------|----------------------------------------------------------------------------|-------|-------------|-------|-------|-------|-------|--------|-----------
         Aggregated                                                                      2256     0(0.00%) |     16       3     623      9 |   93.90        0.00

Type     Name                                                                          # reqs      # fails |    Avg     Min     Max    Med |   req/s  failures/s
--------|----------------------------------------------------------------------------|-------|-------------|-------|-------|-------|-------|--------|-----------
GET      /                                                                                 65     0(0.00%) |     20       7     135     11 |    2.30        0.00
GET      /cart                                                                            318     0(0.00%) |     16       3     497      7 |   10.80        0.00
POST     /cart [add]                                                                      439     0(0.00%) |     20       5     585     10 |   17.60        0.00
POST     /cart/checkout                                                                   158     0(0.00%) |     17       6     185     10 |    5.80        0.00
GET      /product/[id]                                                                   1193     0(0.00%) |     15       3     623      7 |   46.20        0.00
POST     /setCurrency                                                                     264     0(0.00%) |     23       8     330     12 |   10.10        0.00
--------|----------------------------------------------------------------------------|-------|-------------|-------|-------|-------|-------|--------|-----------
         Aggregated                                                                      2437     0(0.00%) |     17       3     623      9 |   92.80        0.00

Type     Name                                                                          # reqs      # fails |    Avg     Min     Max    Med |   req/s  failures/s
--------|----------------------------------------------------------------------------|-------|-------------|-------|-------|-------|-------|--------|-----------
GET      /                                                                                 74     0(0.00%) |     19       7     135     11 |    2.30        0.00
GET      /cart                                                                            346     0(0.00%) |     15       3     497      7 |   10.60        0.00
POST     /cart [add]                                                                      473     0(0.00%) |     19       5     585     10 |   17.30        0.00
POST     /cart/checkout                                                                   169     0(0.00%) |     17       6     185     10 |    6.00        0.00
GET      /product/[id]                                                                   1285     0(0.00%) |     15       3     623      7 |   45.70        0.00
POST     /setCurrency                                                                     280     0(0.00%) |     23       8     330     12 |   10.00        0.00
--------|----------------------------------------------------------------------------|-------|-------------|-------|-------|-------|-------|--------|-----------
         Aggregated                                                                      2627     0(0.00%) |     17       3     623      9 |   91.90        0.00

Type     Name                                                                          # reqs      # fails |    Avg     Min     Max    Med |   req/s  failures/s
--------|----------------------------------------------------------------------------|-------|-------------|-------|-------|-------|-------|--------|-----------
GET      /                                                                                 80     0(0.00%) |     19       7     135     11 |    2.80        0.00
GET      /cart                                                                            370     0(0.00%) |     15       3     497      7 |   12.20        0.00
POST     /cart [add]                                                                      509     0(0.00%) |     19       5     585     10 |   16.90        0.00
POST     /cart/checkout                                                                   183     0(0.00%) |     16       6     185     10 |    5.70        0.00
GET      /product/[id]                                                                   1378     0(0.00%) |     14       3     623      7 |   45.70        0.00
POST     /setCurrency                                                                     297     0(0.00%) |     22       8     330     12 |    9.50        0.00
--------|----------------------------------------------------------------------------|-------|-------------|-------|-------|-------|-------|--------|-----------
         Aggregated                                                                      2817     0(0.00%) |     16       3     623      9 |   92.80        0.00

Type     Name                                                                          # reqs      # fails |    Avg     Min     Max    Med |   req/s  failures/s
--------|----------------------------------------------------------------------------|-------|-------------|-------|-------|-------|-------|--------|-----------
GET      /                                                                                 84     0(0.00%) |     19       7     135     11 |    3.10        0.00
GET      /cart                                                                            393     0(0.00%) |     15       3     497      7 |   12.00        0.00
POST     /cart [add]                                                                      537     0(0.00%) |     19       5     585     10 |   16.40        0.00
POST     /cart/checkout                                                                   191     0(0.00%) |     16       6     185     10 |    5.80        0.00
GET      /product/[id]                                                                   1475     0(0.00%) |     14       3     623      7 |   46.30        0.00
POST     /setCurrency                                                                     314     0(0.00%) |     22       8     330     12 |    9.20        0.00
--------|----------------------------------------------------------------------------|-------|-------------|-------|-------|-------|-------|--------|-----------
         Aggregated                                                                      2994     0(0.00%) |     16       3     623      9 |   92.80        0.00

Type     Name                                                                          # reqs      # fails |    Avg     Min     Max    Med |   req/s  failures/s
--------|----------------------------------------------------------------------------|-------|-------------|-------|-------|-------|-------|--------|-----------
GET      /                                                                                 90     0(0.00%) |     21       7     142     11 |    3.10        0.00
GET      /cart                                                                            413     0(0.00%) |     15       3     497      7 |   12.20        0.00
POST     /cart [add]                                                                      577     0(0.00%) |     18       5     585     10 |   16.90        0.00
POST     /cart/checkout                                                                   207     0(0.00%) |     16       6     185     10 |    5.80        0.00
GET      /product/[id]                                                                   1569     0(0.00%) |     14       3     623      7 |   45.60        0.00
POST     /setCurrency                                                                     335     0(0.00%) |     22       8     330     12 |    8.70        0.00
--------|----------------------------------------------------------------------------|-------|-------------|-------|-------|-------|-------|--------|-----------
         Aggregated                                                                      3191     0(0.00%) |     16       3     623      9 |   92.30        0.00

Type     Name                                                                          # reqs      # fails |    Avg     Min     Max    Med |   req/s  failures/s
--------|----------------------------------------------------------------------------|-------|-------------|-------|-------|-------|-------|--------|-----------
GET      /                                                                                 96     0(0.00%) |     20       7     142     11 |    2.80        0.00
GET      /cart                                                                            439     0(0.00%) |     14       3     497      7 |   12.10        0.00
POST     /cart [add]                                                                      610     0(0.00%) |     18       5     585     10 |   16.10        0.00
POST     /cart/checkout                                                                   217     0(0.00%) |     16       6     185     10 |    5.60        0.00
GET      /product/[id]                                                                   1661     0(0.00%) |     14       3     623      7 |   46.60        0.00
POST     /setCurrency                                                                     358     0(0.00%) |     21       7     330     12 |    9.00        0.00
--------|----------------------------------------------------------------------------|-------|-------------|-------|-------|-------|-------|--------|-----------
         Aggregated                                                                      3381     0(0.00%) |     16       3     623      9 |   92.20        0.00

Type     Name                                                                          # reqs      # fails |    Avg     Min     Max    Med |   req/s  failures/s
--------|----------------------------------------------------------------------------|-------|-------------|-------|-------|-------|-------|--------|-----------
GET      /                                                                                 97     0(0.00%) |     20       7     142     11 |    3.20        0.00
GET      /cart                                                                            458     0(0.00%) |     15       3     497      7 |   13.00        0.00
POST     /cart [add]                                                                      639     0(0.00%) |     18       5     585     10 |   16.20        0.00
POST     /cart/checkout                                                                   225     0(0.00%) |     16       6     185     10 |    5.40        0.00
GET      /product/[id]                                                                   1770     0(0.00%) |     14       3     623      7 |   46.70        0.00
POST     /setCurrency                                                                     373     0(0.00%) |     21       7     330     12 |    9.30        0.00
--------|----------------------------------------------------------------------------|-------|-------------|-------|-------|-------|-------|--------|-----------
         Aggregated                                                                      3562     0(0.00%) |     16       3     623      9 |   93.80        0.00

Type     Name                                                                          # reqs      # fails |    Avg     Min     Max    Med |   req/s  failures/s
--------|----------------------------------------------------------------------------|-------|-------------|-------|-------|-------|-------|--------|-----------
GET      /                                                                                100     0(0.00%) |     20       7     142     11 |    2.30        0.00
GET      /cart                                                                            480     0(0.00%) |     15       3     497      7 |   11.20        0.00
POST     /cart [add]                                                                      681     0(0.00%) |     18       5     585     10 |   16.80        0.00
POST     /cart/checkout                                                                   239     0(0.00%) |     16       6     185     10 |    5.80        0.00
GET      /product/[id]                                                                   1859     0(0.00%) |     14       3     623      7 |   48.20        0.00
POST     /setCurrency                                                                     387     0(0.00%) |     21       7     330     13 |    9.20        0.00
--------|----------------------------------------------------------------------------|-------|-------------|-------|-------|-------|-------|--------|-----------
         Aggregated                                                                      3746     0(0.00%) |     16       3     623      9 |   93.50        0.00

Type     Name                                                                          # reqs      # fails |    Avg     Min     Max    Med |   req/s  failures/s
--------|----------------------------------------------------------------------------|-------|-------------|-------|-------|-------|-------|--------|-----------
GET      /                                                                                104     0(0.00%) |     20       7     142     11 |    2.00        0.00
GET      /cart                                                                            504     0(0.00%) |     14       3     497      7 |   10.90        0.00
POST     /cart [add]                                                                      723     0(0.00%) |     18       5     585     10 |   17.70        0.00
POST     /cart/checkout                                                                   254     0(0.00%) |     16       6     185     10 |    5.80        0.00
GET      /product/[id]                                                                   1943     0(0.00%) |     14       3     623      7 |   47.80        0.00
POST     /setCurrency                                                                     412     0(0.00%) |     21       7     330     12 |    8.90        0.00
--------|----------------------------------------------------------------------------|-------|-------------|-------|-------|-------|-------|--------|-----------
         Aggregated                                                                      3940     0(0.00%) |     16       3     623      9 |   93.10        0.00

Type     Name                                                                          # reqs      # fails |    Avg     Min     Max    Med |   req/s  failures/s
--------|----------------------------------------------------------------------------|-------|-------------|-------|-------|-------|-------|--------|-----------
GET      /                                                                                108     0(0.00%) |     22       7     142     11 |    1.80        0.00
GET      /cart                                                                            525     0(0.00%) |     16       3     497      8 |   11.10        0.00
POST     /cart [add]                                                                      754     0(0.00%) |     21       5     585     10 |   18.30        0.00
POST     /cart/checkout                                                                   263     0(0.00%) |     19       6     291     10 |    6.20        0.00
GET      /product/[id]                                                                   2016     0(0.00%) |     15       3     623      7 |   47.10        0.00
POST     /setCurrency                                                                     426     0(0.00%) |     22       7     330     13 |    9.30        0.00
--------|----------------------------------------------------------------------------|-------|-------------|-------|-------|-------|-------|--------|-----------
         Aggregated                                                                      4092     0(0.00%) |     17       3     623      9 |   93.80        0.00

Type     Name                                                                          # reqs      # fails |    Avg     Min     Max    Med |   req/s  failures/s
--------|----------------------------------------------------------------------------|-------|-------------|-------|-------|-------|-------|--------|-----------
GET      /                                                                                114     0(0.00%) |     23       7     142     11 |    1.90        0.00
GET      /cart                                                                            544     0(0.00%) |     17       3     497      8 |   11.10        0.00
POST     /cart [add]                                                                      793     0(0.00%) |     21       5     585     10 |   18.30        0.00
POST     /cart/checkout                                                                   279     0(0.00%) |     18       6     291     10 |    6.20        0.00
GET      /product/[id]                                                                   2109     0(0.00%) |     14       3     623      7 |   44.60        0.00
POST     /setCurrency                                                                     443     0(0.00%) |     22       7     330     13 |    9.40        0.00
--------|----------------------------------------------------------------------------|-------|-------------|-------|-------|-------|-------|--------|-----------
         Aggregated                                                                      4282     0(0.00%) |     17       3     623      9 |   91.50        0.00

Type     Name                                                                          # reqs      # fails |    Avg     Min     Max    Med |   req/s  failures/s
--------|----------------------------------------------------------------------------|-------|-------------|-------|-------|-------|-------|--------|-----------
GET      /                                                                                120     0(0.00%) |     22       7     142     11 |    1.90        0.00
GET      /cart                                                                            562     0(0.00%) |     16       3     497      8 |   10.20        0.00
POST     /cart [add]                                                                      837     0(0.00%) |     21       5     585     10 |   18.70        0.00
POST     /cart/checkout                                                                   296     0(0.00%) |     18       6     291     10 |    6.60        0.00
GET      /product/[id]                                                                   2202     0(0.00%) |     15       3     623      7 |   44.30        0.00
POST     /setCurrency                                                                     458     0(0.00%) |     22       7     330     13 |    8.70        0.00
--------|----------------------------------------------------------------------------|-------|-------------|-------|-------|-------|-------|--------|-----------
         Aggregated                                                                      4475     0(0.00%) |     17       3     623      9 |   90.40        0.00

Type     Name                                                                          # reqs      # fails |    Avg     Min     Max    Med |   req/s  failures/s
--------|----------------------------------------------------------------------------|-------|-------------|-------|-------|-------|-------|--------|-----------
GET      /                                                                                123     0(0.00%) |     22       7     142     11 |    2.40        0.00
GET      /cart                                                                            584     0(0.00%) |     16       3     497      8 |   10.40        0.00
POST     /cart [add]                                                                      872     0(0.00%) |     21       5     585     10 |   19.40        0.00
POST     /cart/checkout                                                                   311     0(0.00%) |     18       6     291     10 |    7.00        0.00
GET      /product/[id]                                                                   2288     0(0.00%) |     14       3     623      7 |   43.30        0.00
POST     /setCurrency                                                                     481     0(0.00%) |     23       7     330     13 |    8.40        0.00
--------|----------------------------------------------------------------------------|-------|-------------|-------|-------|-------|-------|--------|-----------
         Aggregated                                                                      4659     0(0.00%) |     17       3     623      9 |   90.90        0.00

Type     Name                                                                          # reqs      # fails |    Avg     Min     Max    Med |   req/s  failures/s
--------|----------------------------------------------------------------------------|-------|-------------|-------|-------|-------|-------|--------|-----------
GET      /                                                                                132     0(0.00%) |     22       7     142     11 |    2.40        0.00
GET      /cart                                                                            612     0(0.00%) |     16       3     497      7 |   10.20        0.00
POST     /cart [add]                                                                      911     0(0.00%) |     20       5     585     10 |   19.10        0.00
POST     /cart/checkout                                                                   325     0(0.00%) |     18       6     291     10 |    7.10        0.00
GET      /product/[id]                                                                   2367     0(0.00%) |     14       3     623      7 |   43.20        0.00
POST     /setCurrency                                                                     503     0(0.00%) |     23       7     330     12 |    9.00        0.00
--------|----------------------------------------------------------------------------|-------|-------------|-------|-------|-------|-------|--------|-----------
         Aggregated                                                                      4850     0(0.00%) |     17       3     623      9 |   91.00        0.00

Type     Name                                                                          # reqs      # fails |    Avg     Min     Max    Med |   req/s  failures/s
--------|----------------------------------------------------------------------------|-------|-------------|-------|-------|-------|-------|--------|-----------
GET      /                                                                                138     0(0.00%) |     21       7     142     11 |    2.70        0.00
GET      /cart                                                                            643     0(0.00%) |     16       3     497      7 |   10.50        0.00
POST     /cart [add]                                                                      947     0(0.00%) |     20       5     585     10 |   19.20        0.00
POST     /cart/checkout                                                                   338     0(0.00%) |     18       6     291     10 |    7.20        0.00
GET      /product/[id]                                                                   2455     0(0.00%) |     14       3     623      7 |   42.00        0.00
POST     /setCurrency                                                                     520     0(0.00%) |     22       7     330     12 |    9.30        0.00
--------|----------------------------------------------------------------------------|-------|-------------|-------|-------|-------|-------|--------|-----------
         Aggregated                                                                      5041     0(0.00%) |     17       3     623      9 |   90.90        0.00

Type     Name                                                                          # reqs      # fails |    Avg     Min     Max    Med |   req/s  failures/s
--------|----------------------------------------------------------------------------|-------|-------------|-------|-------|-------|-------|--------|-----------
GET      /                                                                                140     0(0.00%) |     24       7     394     11 |    2.80        0.00
GET      /cart                                                                            657     0(0.00%) |     19       3     787      7 |   12.00        0.00
POST     /cart [add]                                                                      965     0(0.00%) |     21       5     902     10 |   19.70        0.00
POST     /cart/checkout                                                                   341     0(0.00%) |     18       6     291     10 |    7.30        0.00
GET      /product/[id]                                                                   2523     0(0.00%) |     19       3     983      7 |   43.70        0.00
POST     /setCurrency                                                                     531     0(0.00%) |     26       7     723     12 |    8.80        0.00
--------|----------------------------------------------------------------------------|-------|-------------|-------|-------|-------|-------|--------|-----------
         Aggregated                                                                      5157     0(0.00%) |     20       3     983      9 |   94.30        0.00

Type     Name                                                                          # reqs      # fails |    Avg     Min     Max    Med |   req/s  failures/s
--------|----------------------------------------------------------------------------|-------|-------------|-------|-------|-------|-------|--------|-----------
GET      /                                                                                147     0(0.00%) |     23       7     394     11 |    2.60        0.00
GET      /cart                                                                            677     0(0.00%) |     19       3     787      7 |   11.10        0.00
POST     /cart [add]                                                                     1010     0(0.00%) |     21       5     902     10 |   17.10        0.00
POST     /cart/checkout                                                                   357     0(0.00%) |     17       6     291     10 |    6.20        0.00
GET      /product/[id]                                                                   2608     0(0.00%) |     18       3     983      7 |   41.30        0.00
POST     /setCurrency                                                                     548     0(0.00%) |     25       7     723     12 |    8.80        0.00
--------|----------------------------------------------------------------------------|-------|-------------|-------|-------|-------|-------|--------|-----------
         Aggregated                                                                      5347     0(0.00%) |     20       3     983      9 |   87.10        0.00

Type     Name                                                                          # reqs      # fails |    Avg     Min     Max    Med |   req/s  failures/s
--------|----------------------------------------------------------------------------|-------|-------------|-------|-------|-------|-------|--------|-----------
GET      /                                                                                154     0(0.00%) |     24       7     394     11 |    2.50        0.00
GET      /cart                                                                            689     0(0.00%) |     19       3     787      8 |   11.30        0.00
POST     /cart [add]                                                                     1053     0(0.00%) |     21       5     902     10 |   17.50        0.00
POST     /cart/checkout                                                                   376     0(0.00%) |     17       6     291     10 |    6.20        0.00
GET      /product/[id]                                                                   2697     0(0.00%) |     18       3     983      7 |   40.90        0.00
POST     /setCurrency                                                                     567     0(0.00%) |     26       7     723     12 |    9.10        0.00
--------|----------------------------------------------------------------------------|-------|-------------|-------|-------|-------|-------|--------|-----------
         Aggregated                                                                      5536     0(0.00%) |     20       3     983      9 |   87.50        0.00

Type     Name                                                                          # reqs      # fails |    Avg     Min     Max    Med |   req/s  failures/s
--------|----------------------------------------------------------------------------|-------|-------------|-------|-------|-------|-------|--------|-----------
GET      /                                                                                155     0(0.00%) |     24       7     394     11 |    2.90        0.00
GET      /cart                                                                            713     0(0.00%) |     18       3     787      8 |   10.80        0.00
POST     /cart [add]                                                                     1084     0(0.00%) |     21       5     902     10 |   17.90        0.00
POST     /cart/checkout                                                                   388     0(0.00%) |     17       6     291     10 |    6.40        0.00
GET      /product/[id]                                                                   2795     0(0.00%) |     18       3     983      7 |   40.70        0.00
POST     /setCurrency                                                                     587     0(0.00%) |     25       7     723     12 |    8.90        0.00
--------|----------------------------------------------------------------------------|-------|-------------|-------|-------|-------|-------|--------|-----------
         Aggregated                                                                      5722     0(0.00%) |     19       3     983      9 |   87.60        0.00

Type     Name                                                                          # reqs      # fails |    Avg     Min     Max    Med |   req/s  failures/s
--------|----------------------------------------------------------------------------|-------|-------------|-------|-------|-------|-------|--------|-----------
GET      /                                                                                158     0(0.00%) |     24       7     394     11 |    2.60        0.00
GET      /cart                                                                            737     0(0.00%) |     18       3     787      8 |   10.80        0.00
POST     /cart [add]                                                                     1113     0(0.00%) |     20       5     902     10 |   17.10        0.00
POST     /cart/checkout                                                                   397     0(0.00%) |     17       6     291     10 |    6.00        0.00
GET      /product/[id]                                                                   2901     0(0.00%) |     18       3     983      7 |   42.50        0.00
POST     /setCurrency                                                                     604     0(0.00%) |     25       7     723     12 |    8.00        0.00
--------|----------------------------------------------------------------------------|-------|-------------|-------|-------|-------|-------|--------|-----------
         Aggregated                                                                      5910     0(0.00%) |     19       3     983      9 |   87.00        0.00

Type     Name                                                                          # reqs      # fails |    Avg     Min     Max    Med |   req/s  failures/s
--------|----------------------------------------------------------------------------|-------|-------------|-------|-------|-------|-------|--------|-----------
GET      /                                                                                164     0(0.00%) |     24       7     394     11 |    2.40        0.00
GET      /cart                                                                            773     0(0.00%) |     18       3     787      7 |    9.10        0.00
POST     /cart [add]                                                                     1139     0(0.00%) |     20       5     902     10 |   16.10        0.00
POST     /cart/checkout                                                                   408     0(0.00%) |     17       6     291     10 |    6.00        0.00
GET      /product/[id]                                                                   2990     0(0.00%) |     17       3     983      7 |   44.50        0.00
POST     /setCurrency                                                                     623     0(0.00%) |     25       7     723     12 |    8.90        0.00
--------|----------------------------------------------------------------------------|-------|-------------|-------|-------|-------|-------|--------|-----------
         Aggregated                                                                      6097     0(0.00%) |     19       3     983      9 |   87.00        0.00

Type     Name                                                                          # reqs      # fails |    Avg     Min     Max    Med |   req/s  failures/s
--------|----------------------------------------------------------------------------|-------|-------------|-------|-------|-------|-------|--------|-----------
GET      /                                                                                167     0(0.00%) |     24       7     394     11 |    2.30        0.00
GET      /cart                                                                            795     0(0.00%) |     18       3     787      7 |   10.90        0.00
POST     /cart [add]                                                                     1173     0(0.00%) |     20       5     902     10 |   17.10        0.00
POST     /cart/checkout                                                                   420     0(0.00%) |     17       6     291     10 |    6.30        0.00
GET      /product/[id]                                                                   3082     0(0.00%) |     17       3     983      7 |   47.90        0.00
POST     /setCurrency                                                                     646     0(0.00%) |     25       7     723     12 |    9.30        0.00
--------|----------------------------------------------------------------------------|-------|-------------|-------|-------|-------|-------|--------|-----------
         Aggregated                                                                      6283     0(0.00%) |     19       3     983      9 |   93.80        0.00

Type     Name                                                                          # reqs      # fails |    Avg     Min     Max    Med |   req/s  failures/s
--------|----------------------------------------------------------------------------|-------|-------------|-------|-------|-------|-------|--------|-----------
GET      /                                                                                173     0(0.00%) |     25       7     394     11 |    2.10        0.00
GET      /cart                                                                            822     0(0.00%) |     18       3     787      8 |   11.70        0.00
POST     /cart [add]                                                                     1202     0(0.00%) |     20       5     902     10 |   16.30        0.00
POST     /cart/checkout                                                                   429     0(0.00%) |     17       6     291     10 |    6.40        0.00
GET      /product/[id]                                                                   3169     0(0.00%) |     17       3     983      7 |   47.50        0.00
POST     /setCurrency                                                                     658     0(0.00%) |     25       7     723     13 |    9.50        0.00
--------|----------------------------------------------------------------------------|-------|-------------|-------|-------|-------|-------|--------|-----------
         Aggregated                                                                      6453     0(0.00%) |     19       3     983      9 |   93.50        0.00

Type     Name                                                                          # reqs      # fails |    Avg     Min     Max    Med |   req/s  failures/s
--------|----------------------------------------------------------------------------|-------|-------------|-------|-------|-------|-------|--------|-----------
GET      /                                                                                177     0(0.00%) |     24       7     394     11 |    1.80        0.00
GET      /cart                                                                            841     0(0.00%) |     18       3     787      8 |   12.90        0.00
POST     /cart [add]                                                                     1233     0(0.00%) |     20       5     902     10 |   15.60        0.00
POST     /cart/checkout                                                                   442     0(0.00%) |     17       6     291     10 |    5.60        0.00
GET      /product/[id]                                                                   3275     0(0.00%) |     17       3     983      7 |   46.70        0.00
POST     /setCurrency                                                                     670     0(0.00%) |     25       7     723     13 |    9.10        0.00
--------|----------------------------------------------------------------------------|-------|-------------|-------|-------|-------|-------|--------|-----------
         Aggregated                                                                      6638     0(0.00%) |     19       3     983      9 |   91.70        0.00

Type     Name                                                                          # reqs      # fails |    Avg     Min     Max    Med |   req/s  failures/s
--------|----------------------------------------------------------------------------|-------|-------------|-------|-------|-------|-------|--------|-----------
GET      /                                                                                180     0(0.00%) |     24       7     394     11 |    2.00        0.00
GET      /cart                                                                            864     0(0.00%) |     18       3     787      8 |   12.60        0.00
POST     /cart [add]                                                                     1268     0(0.00%) |     20       5     902     10 |   14.90        0.00
POST     /cart/checkout                                                                   450     0(0.00%) |     17       6     291     10 |    5.60        0.00
GET      /product/[id]                                                                   3377     0(0.00%) |     17       3     983      7 |   48.20        0.00
POST     /setCurrency                                                                     686     0(0.00%) |     25       7     723     13 |    8.80        0.00
--------|----------------------------------------------------------------------------|-------|-------------|-------|-------|-------|-------|--------|-----------
         Aggregated                                                                      6825     0(0.00%) |     19       3     983      9 |   92.10        0.00

Type     Name                                                                          # reqs      # fails |    Avg     Min     Max    Med |   req/s  failures/s
--------|----------------------------------------------------------------------------|-------|-------------|-------|-------|-------|-------|--------|-----------
GET      /                                                                                187     0(0.00%) |     25       7     394     11 |    2.10        0.00
GET      /cart                                                                            890     0(0.00%) |     18       3     787      7 |   12.70        0.00
POST     /cart [add]                                                                     1297     0(0.00%) |     20       5     902     10 |   15.60        0.00
POST     /cart/checkout                                                                   466     0(0.00%) |     17       6     291     10 |    5.20        0.00
GET      /product/[id]                                                                   3462     0(0.00%) |     17       3     983      7 |   47.10        0.00
POST     /setCurrency                                                                     709     0(0.00%) |     26       7     723     13 |    8.20        0.00
--------|----------------------------------------------------------------------------|-------|-------------|-------|-------|-------|-------|--------|-----------
         Aggregated                                                                      7011     0(0.00%) |     19       3     983      9 |   90.90        0.00

Type     Name                                                                          # reqs      # fails |    Avg     Min     Max    Med |   req/s  failures/s
--------|----------------------------------------------------------------------------|-------|-------------|-------|-------|-------|-------|--------|-----------
GET      /                                                                                195     0(0.00%) |     25       7     394     11 |    2.20        0.00
GET      /cart                                                                            914     0(0.00%) |     18       3     787      7 |   12.50        0.00
POST     /cart [add]                                                                     1332     0(0.00%) |     20       5     902     10 |   16.20        0.00
POST     /cart/checkout                                                                   481     0(0.00%) |     17       6     291     10 |    5.90        0.00
GET      /product/[id]                                                                   3554     0(0.00%) |     17       3     983      7 |   47.40        0.00
POST     /setCurrency                                                                     727     0(0.00%) |     25       7     723     13 |    8.20        0.00
--------|----------------------------------------------------------------------------|-------|-------------|-------|-------|-------|-------|--------|-----------
         Aggregated                                                                      7203     0(0.00%) |     19       3     983      9 |   92.40        0.00

Type     Name                                                                          # reqs      # fails |    Avg     Min     Max    Med |   req/s  failures/s
--------|----------------------------------------------------------------------------|-------|-------------|-------|-------|-------|-------|--------|-----------
GET      /                                                                                199     0(0.00%) |     25       7     394     11 |    2.70        0.00
GET      /cart                                                                            944     0(0.00%) |     17       3     787      7 |   12.00        0.00
POST     /cart [add]                                                                     1366     0(0.00%) |     20       5     902     10 |   16.00        0.00
POST     /cart/checkout                                                                   496     0(0.00%) |     17       6     291     10 |    5.80        0.00
GET      /product/[id]                                                                   3643     0(0.00%) |     16       3     983      7 |   46.80        0.00
POST     /setCurrency                                                                     744     0(0.00%) |     25       7     723     13 |    8.40        0.00
--------|----------------------------------------------------------------------------|-------|-------------|-------|-------|-------|-------|--------|-----------
         Aggregated                                                                      7392     0(0.00%) |     18       3     983      9 |   91.70        0.00

Type     Name                                                                          # reqs      # fails |    Avg     Min     Max    Med |   req/s  failures/s
--------|----------------------------------------------------------------------------|-------|-------------|-------|-------|-------|-------|--------|-----------
GET      /                                                                                199     0(0.00%) |     25       7     394     11 |    2.70        0.00
GET      /cart                                                                            967     0(0.00%) |     17       3     787      7 |   12.10        0.00
POST     /cart [add]                                                                     1413     0(0.00%) |     20       5     902     10 |   15.80        0.00
POST     /cart/checkout                                                                   515     0(0.00%) |     17       6     291     10 |    6.30        0.00
GET      /product/[id]                                                                   3734     0(0.00%) |     16       3     983      7 |   47.40        0.00
POST     /setCurrency                                                                     763     0(0.00%) |     25       7     723     12 |    8.90        0.00
--------|----------------------------------------------------------------------------|-------|-------------|-------|-------|-------|-------|--------|-----------
         Aggregated                                                                      7591     0(0.00%) |     18       3     983      9 |   93.20        0.00

Type     Name                                                                          # reqs      # fails |    Avg     Min     Max    Med |   req/s  failures/s
--------|----------------------------------------------------------------------------|-------|-------------|-------|-------|-------|-------|--------|-----------
GET      /                                                                                205     0(0.00%) |     24       7     394     11 |    2.40        0.00
GET      /cart                                                                            989     0(0.00%) |     17       3     787      7 |   12.40        0.00
POST     /cart [add]                                                                     1447     0(0.00%) |     19       5     902     10 |   17.50        0.00
POST     /cart/checkout                                                                   529     0(0.00%) |     17       6     291     10 |    7.10        0.00
GET      /product/[id]                                                                   3834     0(0.00%) |     16       3     983      7 |   45.80        0.00
POST     /setCurrency                                                                     781     0(0.00%) |     24       7     723     12 |    9.40        0.00
--------|----------------------------------------------------------------------------|-------|-------------|-------|-------|-------|-------|--------|-----------
         Aggregated                                                                      7785     0(0.00%) |     18       3     983      9 |   94.60        0.00

Type     Name                                                                          # reqs      # fails |    Avg     Min     Max    Med |   req/s  failures/s
--------|----------------------------------------------------------------------------|-------|-------------|-------|-------|-------|-------|--------|-----------
GET      /                                                                                211     0(0.00%) |     24       7     394     11 |    2.40        0.00
GET      /cart                                                                           1015     0(0.00%) |     17       3     787      7 |   12.80        0.00
POST     /cart [add]                                                                     1467     0(0.00%) |     19       5     902     10 |   17.90        0.00
POST     /cart/checkout                                                                   539     0(0.00%) |     17       6     291     10 |    7.80        0.00
GET      /product/[id]                                                                   3933     0(0.00%) |     16       3     983      7 |   46.10        0.00
POST     /setCurrency                                                                     801     0(0.00%) |     24       7     723     12 |    9.40        0.00
--------|----------------------------------------------------------------------------|-------|-------------|-------|-------|-------|-------|--------|-----------
         Aggregated                                                                      7966     0(0.00%) |     18       3     983      9 |   96.40        0.00

Type     Name                                                                          # reqs      # fails |    Avg     Min     Max    Med |   req/s  failures/s
--------|----------------------------------------------------------------------------|-------|-------------|-------|-------|-------|-------|--------|-----------
GET      /                                                                                215     0(0.00%) |     24       7     394     11 |    2.50        0.00
GET      /cart                                                                           1034     0(0.00%) |     17       3     787      7 |   12.60        0.00
POST     /cart [add]                                                                     1501     0(0.00%) |     19       5     902     10 |   17.40        0.00
POST     /cart/checkout                                                                   551     0(0.00%) |     17       6     291     10 |    7.50        0.00
GET      /product/[id]                                                                   4035     0(0.00%) |     16       3     983      7 |   45.60        0.00
POST     /setCurrency                                                                     821     0(0.00%) |     24       7     723     12 |    9.50        0.00
--------|----------------------------------------------------------------------------|-------|-------------|-------|-------|-------|-------|--------|-----------
         Aggregated                                                                      8157     0(0.00%) |     18       3     983      9 |   95.10        0.00

Type     Name                                                                          # reqs      # fails |    Avg     Min     Max    Med |   req/s  failures/s
--------|----------------------------------------------------------------------------|-------|-------------|-------|-------|-------|-------|--------|-----------
GET      /                                                                                220     0(0.00%) |     23       7     394     11 |    2.00        0.00
GET      /cart                                                                           1064     0(0.00%) |     17       3     787      7 |   12.00        0.00
POST     /cart [add]                                                                     1539     0(0.00%) |     19       5     902     10 |   16.90        0.00
POST     /cart/checkout                                                                   570     0(0.00%) |     17       6     291     10 |    7.20        0.00
GET      /product/[id]                                                                   4125     0(0.00%) |     16       3     983      7 |   48.70        0.00
POST     /setCurrency                                                                     837     0(0.00%) |     24       7     723     12 |    9.30        0.00
--------|----------------------------------------------------------------------------|-------|-------------|-------|-------|-------|-------|--------|-----------
         Aggregated                                                                      8355     0(0.00%) |     17       3     983      9 |   96.10        0.00

Type     Name                                                                          # reqs      # fails |    Avg     Min     Max    Med |   req/s  failures/s
--------|----------------------------------------------------------------------------|-------|-------------|-------|-------|-------|-------|--------|-----------
GET      /                                                                                227     0(0.00%) |     24       7     394     11 |    2.30        0.00
GET      /cart                                                                           1083     0(0.00%) |     17       3     787      7 |   11.80        0.00
POST     /cart [add]                                                                     1566     0(0.00%) |     19       5     902     10 |   17.40        0.00
POST     /cart/checkout                                                                   581     0(0.00%) |     17       6     291     10 |    7.40        0.00
GET      /product/[id]                                                                   4222     0(0.00%) |     16       3     983      7 |   48.80        0.00
POST     /setCurrency                                                                     852     0(0.00%) |     24       7     723     12 |    9.00        0.00
--------|----------------------------------------------------------------------------|-------|-------------|-------|-------|-------|-------|--------|-----------
         Aggregated                                                                      8531     0(0.00%) |     18       3     983      9 |   96.70        0.00

Type     Name                                                                          # reqs      # fails |    Avg     Min     Max    Med |   req/s  failures/s
--------|----------------------------------------------------------------------------|-------|-------------|-------|-------|-------|-------|--------|-----------
GET      /                                                                                231     0(0.00%) |     24       7     394     11 |    2.70        0.00
GET      /cart                                                                           1107     0(0.00%) |     17       3     787      7 |   11.90        0.00
POST     /cart [add]                                                                     1592     0(0.00%) |     20       5     902     10 |   15.80        0.00
POST     /cart/checkout                                                                   591     0(0.00%) |     17       6     291     10 |    6.70        0.00
GET      /product/[id]                                                                   4314     0(0.00%) |     16       3     983      7 |   49.40        0.00
POST     /setCurrency                                                                     866     0(0.00%) |     24       7     723     12 |    8.80        0.00
--------|----------------------------------------------------------------------------|-------|-------------|-------|-------|-------|-------|--------|-----------
         Aggregated                                                                      8701     0(0.00%) |     18       3     983      9 |   95.30        0.00

Type     Name                                                                          # reqs      # fails |    Avg     Min     Max    Med |   req/s  failures/s
--------|----------------------------------------------------------------------------|-------|-------------|-------|-------|-------|-------|--------|-----------
GET      /                                                                                236     0(0.00%) |     24       7     394     11 |    2.80        0.00
GET      /cart                                                                           1136     0(0.00%) |     17       3     787      7 |   12.00        0.00
POST     /cart [add]                                                                     1619     0(0.00%) |     20       5     902     10 |   14.80        0.00
POST     /cart/checkout                                                                   599     0(0.00%) |     17       6     291     10 |    6.40        0.00
GET      /product/[id]                                                                   4406     0(0.00%) |     16       3     983      7 |   48.50        0.00
POST     /setCurrency                                                                     887     0(0.00%) |     24       7     723     12 |    8.60        0.00
--------|----------------------------------------------------------------------------|-------|-------------|-------|-------|-------|-------|--------|-----------
         Aggregated                                                                      8883     0(0.00%) |     18       3     983      9 |   93.10        0.00

Type     Name                                                                          # reqs      # fails |    Avg     Min     Max    Med |   req/s  failures/s
--------|----------------------------------------------------------------------------|-------|-------------|-------|-------|-------|-------|--------|-----------
GET      /                                                                                247     0(0.00%) |     24       7     394     11 |    2.40        0.00
GET      /cart                                                                           1160     0(0.00%) |     17       3     787      7 |   11.60        0.00
POST     /cart [add]                                                                     1656     0(0.00%) |     20       5     902     10 |   15.10        0.00
POST     /cart/checkout                                                                   616     0(0.00%) |     17       6     291     10 |    6.20        0.00
GET      /product/[id]                                                                   4496     0(0.00%) |     16       3     983      7 |   48.10        0.00
POST     /setCurrency                                                                     899     0(0.00%) |     24       7     723     13 |    8.40        0.00
--------|----------------------------------------------------------------------------|-------|-------------|-------|-------|-------|-------|--------|-----------
         Aggregated                                                                      9074     0(0.00%) |     18       3     983      9 |   91.80        0.00

Type     Name                                                                          # reqs      # fails |    Avg     Min     Max    Med |   req/s  failures/s
--------|----------------------------------------------------------------------------|-------|-------------|-------|-------|-------|-------|--------|-----------
GET      /                                                                                250     0(0.00%) |     24       7     394     11 |    3.20        0.00
GET      /cart                                                                           1185     0(0.00%) |     17       3     787      7 |   12.60        0.00
POST     /cart [add]                                                                     1690     0(0.00%) |     20       5     902     10 |   15.40        0.00
POST     /cart/checkout                                                                   627     0(0.00%) |     17       6     291     10 |    6.60        0.00
GET      /product/[id]                                                                   4598     0(0.00%) |     15       3     983      7 |   45.30        0.00
POST     /setCurrency                                                                     912     0(0.00%) |     24       7     723     13 |    8.20        0.00
--------|----------------------------------------------------------------------------|-------|-------------|-------|-------|-------|-------|--------|-----------
         Aggregated                                                                      9262     0(0.00%) |     18       3     983      9 |   91.30        0.00

Type     Name                                                                          # reqs      # fails |    Avg     Min     Max    Med |   req/s  failures/s
--------|----------------------------------------------------------------------------|-------|-------------|-------|-------|-------|-------|--------|-----------
GET      /                                                                                253     0(0.00%) |     24       7     394     11 |    3.00        0.00
GET      /cart                                                                           1199     0(0.00%) |     17       3     787      8 |   12.60        0.00
POST     /cart [add]                                                                     1729     0(0.00%) |     20       5     902     10 |   14.90        0.00
POST     /cart/checkout                                                                   642     0(0.00%) |     17       6     291     10 |    6.20        0.00
GET      /product/[id]                                                                   4690     0(0.00%) |     15       3     983      7 |   46.60        0.00
POST     /setCurrency                                                                     932     0(0.00%) |     24       7     723     13 |    7.40        0.00
--------|----------------------------------------------------------------------------|-------|-------------|-------|-------|-------|-------|--------|-----------
         Aggregated                                                                      9445     0(0.00%) |     18       3     983      9 |   90.70        0.00

Type     Name                                                                          # reqs      # fails |    Avg     Min     Max    Med |   req/s  failures/s
--------|----------------------------------------------------------------------------|-------|-------------|-------|-------|-------|-------|--------|-----------
GET      /                                                                                257     0(0.00%) |     24       7     394     11 |    2.70        0.00
GET      /cart                                                                           1221     0(0.00%) |     17       3     787      7 |   11.70        0.00
POST     /cart [add]                                                                     1754     0(0.00%) |     20       5     902     10 |   15.60        0.00
POST     /cart/checkout                                                                   653     0(0.00%) |     17       6     291     10 |    5.90        0.00
GET      /product/[id]                                                                   4798     0(0.00%) |     15       3     983      7 |   46.60        0.00
POST     /setCurrency                                                                     948     0(0.00%) |     24       7     723     13 |    7.40        0.00
--------|----------------------------------------------------------------------------|-------|-------------|-------|-------|-------|-------|--------|-----------
         Aggregated                                                                      9631     0(0.00%) |     18       3     983      9 |   89.90        0.00

Type     Name                                                                          # reqs      # fails |    Avg     Min     Max    Med |   req/s  failures/s
--------|----------------------------------------------------------------------------|-------|-------------|-------|-------|-------|-------|--------|-----------
GET      /                                                                                258     0(0.00%) |     27       7     673     11 |    2.60        0.00
GET      /cart                                                                           1250     0(0.00%) |     18       3     787      8 |   10.80        0.00
POST     /cart [add]                                                                     1765     0(0.00%) |     21       5     902     10 |   16.10        0.00
POST     /cart/checkout                                                                   657     0(0.00%) |     17       6     291     10 |    6.10        0.00
GET      /product/[id]                                                                   4854     0(0.00%) |     17       3     983      7 |   47.50        0.00
POST     /setCurrency                                                                     965     0(0.00%) |     27       7     723     13 |    8.00        0.00
--------|----------------------------------------------------------------------------|-------|-------------|-------|-------|-------|-------|--------|-----------
         Aggregated                                                                      9749     0(0.00%) |     19       3     983      9 |   91.10        0.00

Type     Name                                                                          # reqs      # fails |    Avg     Min     Max    Med |   req/s  failures/s
--------|----------------------------------------------------------------------------|-------|-------------|-------|-------|-------|-------|--------|-----------
GET      /                                                                                264     0(0.00%) |     26       7     673     11 |    2.40        0.00
GET      /cart                                                                           1274     0(0.00%) |     19       3     787      8 |   10.90        0.00
POST     /cart [add]                                                                     1801     0(0.00%) |     21       5     902     10 |   14.80        0.00
POST     /cart/checkout                                                                   676     0(0.00%) |     17       6     291     10 |    5.70        0.00
GET      /product/[id]                                                                   4925     0(0.00%) |     17       3     983      7 |   45.10        0.00
POST     /setCurrency                                                                     991     0(0.00%) |     27       7     723     13 |    7.50        0.00
--------|----------------------------------------------------------------------------|-------|-------------|-------|-------|-------|-------|--------|-----------
         Aggregated                                                                      9931     0(0.00%) |     19       3     983      9 |   86.40        0.00

Type     Name                                                                          # reqs      # fails |    Avg     Min     Max    Med |   req/s  failures/s
--------|----------------------------------------------------------------------------|-------|-------------|-------|-------|-------|-------|--------|-----------
GET      /                                                                                270     0(0.00%) |     27       7     673     11 |    1.60        0.00
GET      /cart                                                                           1298     0(0.00%) |     19       3     787      8 |   11.10        0.00
POST     /cart [add]                                                                     1833     0(0.00%) |     21       5     902     10 |   14.60        0.00
POST     /cart/checkout                                                                   685     0(0.00%) |     17       6     291     10 |    5.90        0.00
GET      /product/[id]                                                                   5008     0(0.00%) |     17       3     983      7 |   43.70        0.00
POST     /setCurrency                                                                    1012     0(0.00%) |     27       7     723     13 |    9.00        0.00
--------|----------------------------------------------------------------------------|-------|-------------|-------|-------|-------|-------|--------|-----------
         Aggregated                                                                     10106     0(0.00%) |     19       3     983      9 |   85.90        0.00

Type     Name                                                                          # reqs      # fails |    Avg     Min     Max    Med |   req/s  failures/s
--------|----------------------------------------------------------------------------|-------|-------------|-------|-------|-------|-------|--------|-----------
GET      /                                                                                274     0(0.00%) |     27       7     673     11 |    1.90        0.00
GET      /cart                                                                           1325     0(0.00%) |     19       3     787      8 |   11.20        0.00
POST     /cart [add]                                                                     1866     0(0.00%) |     21       5     902     10 |   14.80        0.00
POST     /cart/checkout                                                                   701     0(0.00%) |     17       6     291     10 |    5.80        0.00
GET      /product/[id]                                                                   5105     0(0.00%) |     17       3     983      7 |   42.00        0.00
POST     /setCurrency                                                                    1027     0(0.00%) |     27       7     723     13 |    9.90        0.00
--------|----------------------------------------------------------------------------|-------|-------------|-------|-------|-------|-------|--------|-----------
         Aggregated                                                                     10298     0(0.00%) |     19       3     983      9 |   85.60        0.00

Type     Name                                                                          # reqs      # fails |    Avg     Min     Max    Med |   req/s  failures/s
--------|----------------------------------------------------------------------------|-------|-------------|-------|-------|-------|-------|--------|-----------
GET      /                                                                                278     0(0.00%) |     26       7     673     11 |    2.32        0.00
GET      /cart                                                                           1347     0(0.00%) |     19       3     787      8 |   11.24        0.00
POST     /cart [add]                                                                     1892     0(0.00%) |     21       5     902     10 |   15.79        0.00
POST     /cart/checkout                                                                   710     0(0.00%) |     17       6     291     10 |    5.92        0.00
GET      /product/[id]                                                                   5195     0(0.00%) |     17       3     983      7 |   43.34        0.00
POST     /setCurrency                                                                    1034     0(0.00%) |     27       7     723     13 |    8.63        0.00
--------|----------------------------------------------------------------------------|-------|-------------|-------|-------|-------|-------|--------|-----------
         Aggregated                                                                     10456     0(0.00%) |     19       3     983      9 |   87.24        0.00

Response time percentiles (approximated)
Type     Name                                                                                  50%    66%    75%    80%    90%    95%    98%    99%  99.9% 99.99%   100% # reqs
--------|--------------------------------------------------------------------------------|--------|------|------|------|------|------|------|------|------|------|------|------
GET      /                                                                                      11     13     17     25     66    110    140    280    670    670    670    278
GET      /cart                                                                                   8      9     10     12     35     75    150    180    640    790    790   1347
POST     /cart [add]                                                                            10     12     13     16     42     78    130    170    790    900    900   1892
POST     /cart/checkout                                                                         10     12     13     15     35     75     93     99    290    290    290    710
GET      /product/[id]                                                                           7      8     10     11     29     56     94    140    880    980    980   5195
POST     /setCurrency                                                                           13     14     16     20     50     86    190    230    680    720    720   1034
--------|--------------------------------------------------------------------------------|--------|------|------|------|------|------|------|------|------|------|------|------
         Aggregated                                                                              9     11     12     14     35     69    110    170    790    970    980  10456

