/Users/edias/Library/Python/3.9/lib/python/site-packages/urllib3/__init__.py:35: NotOpenSSLWarning: urllib3 v2 only supports OpenSSL 1.1.1+, currently the 'ssl' module is compiled with 'LibreSSL 2.8.3'. See: https://github.com/urllib3/urllib3/issues/3020
  warnings.warn(
[2026-05-21 09:53:19,032] MacBook-Air-de-Eduardo/WARNING/locust.main: Python 3.9 support is deprecated and will be removed soon
Type     Name                                                                          # reqs      # fails |    Avg     Min     Max    Med |   req/s  failures/s
--------|----------------------------------------------------------------------------|-------|-------------|-------|-------|-------|-------|--------|-----------
--------|----------------------------------------------------------------------------|-------|-------------|-------|-------|-------|-------|--------|-----------
         Aggregated                                                                         0     0(0.00%) |      0       0       0      0 |    0.00        0.00

Type     Name                                                                          # reqs      # fails |    Avg     Min     Max    Med |   req/s  failures/s
--------|----------------------------------------------------------------------------|-------|-------------|-------|-------|-------|-------|--------|-----------
GET      /cart                                                                              7     0(0.00%) |     16      10      26     15 |    0.00        0.00
POST     /cart [add]                                                                        4     0(0.00%) |     21      15      35     17 |    0.00        0.00
POST     /cart/checkout                                                                     2     0(0.00%) |     19      18      21     18 |    0.00        0.00
GET      /product/[id]                                                                     10     0(0.00%) |     15      11      21     14 |    0.00        0.00
POST     /setCurrency                                                                       1     0(0.00%) |     44      44      44     44 |    0.00        0.00
--------|----------------------------------------------------------------------------|-------|-------------|-------|-------|-------|-------|--------|-----------
         Aggregated                                                                        24     0(0.00%) |     18      10      44     15 |    0.00        0.00

Type     Name                                                                          # reqs      # fails |    Avg     Min     Max    Med |   req/s  failures/s
--------|----------------------------------------------------------------------------|-------|-------------|-------|-------|-------|-------|--------|-----------
GET      /                                                                                  2     0(0.00%) |     17      17      17     17 |    0.00        0.00
GET      /cart                                                                             15     0(0.00%) |     13       8      26     13 |    3.50        0.00
POST     /cart [add]                                                                       10     0(0.00%) |     18      12      35     17 |    2.00        0.00
POST     /cart/checkout                                                                     5     0(0.00%) |     17      13      21     18 |    1.00        0.00
GET      /product/[id]                                                                     36     0(0.00%) |     13       9      21     14 |    5.00        0.00
POST     /setCurrency                                                                       5     0(0.00%) |     21      14      44     16 |    0.50        0.00
--------|----------------------------------------------------------------------------|-------|-------------|-------|-------|-------|-------|--------|-----------
         Aggregated                                                                        73     0(0.00%) |     15       8      44     15 |   12.00        0.00

Type     Name                                                                          # reqs      # fails |    Avg     Min     Max    Med |   req/s  failures/s
--------|----------------------------------------------------------------------------|-------|-------------|-------|-------|-------|-------|--------|-----------
GET      /                                                                                  3     0(0.00%) |     16      13      17     17 |    0.50        0.00
GET      /cart                                                                             24     0(0.00%) |     12       7      26     11 |    3.75        0.00
POST     /cart [add]                                                                       25     0(0.00%) |     16      11      35     16 |    2.50        0.00
POST     /cart/checkout                                                                     9     0(0.00%) |     17      13      21     17 |    1.25        0.00
GET      /product/[id]                                                                     81     0(0.00%) |     12       8      21     12 |    8.75        0.00
POST     /setCurrency                                                                      14     0(0.00%) |     19      13      44     17 |    1.25        0.00
--------|----------------------------------------------------------------------------|-------|-------------|-------|-------|-------|-------|--------|-----------
         Aggregated                                                                       156     0(0.00%) |     14       7      44     13 |   18.00        0.00

Type     Name                                                                          # reqs      # fails |    Avg     Min     Max    Med |   req/s  failures/s
--------|----------------------------------------------------------------------------|-------|-------------|-------|-------|-------|-------|--------|-----------
GET      /                                                                                  7     0(0.00%) |     14      12      17     15 |    0.50        0.00
GET      /cart                                                                             42     0(0.00%) |     11       7      26     11 |    4.00        0.00
POST     /cart [add]                                                                       46     0(0.00%) |     16      11      43     15 |    4.17        0.00
POST     /cart/checkout                                                                    19     0(0.00%) |     18      13      44     16 |    1.50        0.00
GET      /product/[id]                                                                    134     0(0.00%) |     12       8      21     11 |   13.33        0.00
POST     /setCurrency                                                                      22     0(0.00%) |     18      13      44     16 |    2.17        0.00
--------|----------------------------------------------------------------------------|-------|-------------|-------|-------|-------|-------|--------|-----------
         Aggregated                                                                       270     0(0.00%) |     13       7      44     13 |   25.67        0.00

Type     Name                                                                          # reqs      # fails |    Avg     Min     Max    Med |   req/s  failures/s
--------|----------------------------------------------------------------------------|-------|-------------|-------|-------|-------|-------|--------|-----------
GET      /                                                                                 10     0(0.00%) |     14      12      17     14 |    0.88        0.00
GET      /cart                                                                             61     0(0.00%) |     11       7      26     11 |    5.25        0.00
POST     /cart [add]                                                                       64     0(0.00%) |     16      10      43     15 |    5.50        0.00
POST     /cart/checkout                                                                    26     0(0.00%) |     17      13      44     16 |    2.25        0.00
GET      /product/[id]                                                                    205     0(0.00%) |     11       8      21     11 |   16.62        0.00
POST     /setCurrency                                                                      41     0(0.00%) |     17      13      44     17 |    2.62        0.00
--------|----------------------------------------------------------------------------|-------|-------------|-------|-------|-------|-------|--------|-----------
         Aggregated                                                                       407     0(0.00%) |     13       7      44     12 |   33.12        0.00

Type     Name                                                                          # reqs      # fails |    Avg     Min     Max    Med |   req/s  failures/s
--------|----------------------------------------------------------------------------|-------|-------------|-------|-------|-------|-------|--------|-----------
GET      /                                                                                 16     0(0.00%) |     16      12      31     15 |    1.00        0.00
GET      /cart                                                                             87     0(0.00%) |     16       7     319     11 |    6.10        0.00
POST     /cart [add]                                                                       94     0(0.00%) |     17      10     145     15 |    6.40        0.00
POST     /cart/checkout                                                                    35     0(0.00%) |     19      13      52     16 |    2.60        0.00
GET      /product/[id]                                                                    281     0(0.00%) |     18       8     303     11 |   20.40        0.00
POST     /setCurrency                                                                      56     0(0.00%) |     24      13     358     17 |    4.10        0.00
--------|----------------------------------------------------------------------------|-------|-------------|-------|-------|-------|-------|--------|-----------
         Aggregated                                                                       569     0(0.00%) |     18       7     358     13 |   40.60        0.00

Type     Name                                                                          # reqs      # fails |    Avg     Min     Max    Med |   req/s  failures/s
--------|----------------------------------------------------------------------------|-------|-------------|-------|-------|-------|-------|--------|-----------
GET      /                                                                                 20     0(0.00%) |     17      12      40     15 |    1.60        0.00
GET      /cart                                                                            110     0(0.00%) |     15       7     319     11 |    7.90        0.00
POST     /cart [add]                                                                      132     0(0.00%) |     17      10     145     15 |    8.90        0.00
POST     /cart/checkout                                                                    54     0(0.00%) |     20      12      53     17 |    3.30        0.00
GET      /product/[id]                                                                    376     0(0.00%) |     17       7     303     11 |   26.90        0.00
POST     /setCurrency                                                                      76     0(0.00%) |     23      13     358     17 |    5.40        0.00
--------|----------------------------------------------------------------------------|-------|-------------|-------|-------|-------|-------|--------|-----------
         Aggregated                                                                       768     0(0.00%) |     17       7     358     13 |   54.00        0.00

Type     Name                                                                          # reqs      # fails |    Avg     Min     Max    Med |   req/s  failures/s
--------|----------------------------------------------------------------------------|-------|-------------|-------|-------|-------|-------|--------|-----------
GET      /                                                                                 24     0(0.00%) |     21      12     121     16 |    1.80        0.00
GET      /cart                                                                            134     0(0.00%) |     19       7     319     11 |    9.40        0.00
POST     /cart [add]                                                                      169     0(0.00%) |     19      10     145     15 |   12.10        0.00
POST     /cart/checkout                                                                    70     0(0.00%) |     23      12      96     17 |    4.90        0.00
GET      /product/[id]                                                                    496     0(0.00%) |     18       7     303     11 |   33.80        0.00
POST     /setCurrency                                                                      95     0(0.00%) |     23      13     358     17 |    7.10        0.00
--------|----------------------------------------------------------------------------|-------|-------------|-------|-------|-------|-------|--------|-----------
         Aggregated                                                                       988     0(0.00%) |     20       7     358     13 |   69.10        0.00

Type     Name                                                                          # reqs      # fails |    Avg     Min     Max    Med |   req/s  failures/s
--------|----------------------------------------------------------------------------|-------|-------------|-------|-------|-------|-------|--------|-----------
GET      /                                                                                 32     0(0.00%) |     23      12     121     16 |    2.10        0.00
GET      /cart                                                                            170     0(0.00%) |     21       7     319     12 |   11.00        0.00
POST     /cart [add]                                                                      207     0(0.00%) |     23      10     162     16 |   14.20        0.00
POST     /cart/checkout                                                                    88     0(0.00%) |     27      12     106     18 |    6.00        0.00
GET      /product/[id]                                                                    610     0(0.00%) |     23       7     303     12 |   41.30        0.00
POST     /setCurrency                                                                     113     0(0.00%) |     24      13     358     17 |    8.20        0.00
--------|----------------------------------------------------------------------------|-------|-------------|-------|-------|-------|-------|--------|-----------
         Aggregated                                                                      1220     0(0.00%) |     23       7     358     14 |   82.80        0.00

Type     Name                                                                          # reqs      # fails |    Avg     Min     Max    Med |   req/s  failures/s
--------|----------------------------------------------------------------------------|-------|-------------|-------|-------|-------|-------|--------|-----------
GET      /                                                                                 37     0(0.00%) |     23      12     121     16 |    2.50        0.00
GET      /cart                                                                            197     0(0.00%) |     25       7     319     13 |   12.70        0.00
POST     /cart [add]                                                                      248     0(0.00%) |     28      10     162     16 |   16.20        0.00
POST     /cart/checkout                                                                   107     0(0.00%) |     35      12     193     19 |    6.90        0.00
GET      /product/[id]                                                                    740     0(0.00%) |     27       7     303     12 |   47.50        0.00
POST     /setCurrency                                                                     145     0(0.00%) |     26      13     358     17 |    9.20        0.00
--------|----------------------------------------------------------------------------|-------|-------------|-------|-------|-------|-------|--------|-----------
         Aggregated                                                                      1474     0(0.00%) |     27       7     358     15 |   95.00        0.00

Type     Name                                                                          # reqs      # fails |    Avg     Min     Max    Med |   req/s  failures/s
--------|----------------------------------------------------------------------------|-------|-------------|-------|-------|-------|-------|--------|-----------
GET      /                                                                                 44     0(0.00%) |     30      12     146     17 |    2.70        0.00
GET      /cart                                                                            231     0(0.00%) |     33       7     319     14 |   13.40        0.00
POST     /cart [add]                                                                      285     0(0.00%) |     35      10     222     17 |   18.10        0.00
POST     /cart/checkout                                                                   122     0(0.00%) |     40      12     193     19 |    7.90        0.00
GET      /product/[id]                                                                    872     0(0.00%) |     35       7     303     13 |   53.30        0.00
POST     /setCurrency                                                                     172     0(0.00%) |     28      12     358     17 |   10.30        0.00
--------|----------------------------------------------------------------------------|-------|-------------|-------|-------|-------|-------|--------|-----------
         Aggregated                                                                      1726     0(0.00%) |     34       7     358     16 |  105.70        0.00

Type     Name                                                                          # reqs      # fails |    Avg     Min     Max    Med |   req/s  failures/s
--------|----------------------------------------------------------------------------|-------|-------------|-------|-------|-------|-------|--------|-----------
GET      /                                                                                 52     0(0.00%) |     30      10     146     17 |    2.80        0.00
GET      /cart                                                                            280     0(0.00%) |     42       7     319     14 |   14.40        0.00
POST     /cart [add]                                                                      322     0(0.00%) |     41       9     222     18 |   18.80        0.00
POST     /cart/checkout                                                                   141     0(0.00%) |     47      12     212     21 |    8.60        0.00
GET      /product/[id]                                                                   1009     0(0.00%) |     42       7     303     14 |   59.00        0.00
POST     /setCurrency                                                                     196     0(0.00%) |     28      12     358     17 |   11.70        0.00
--------|----------------------------------------------------------------------------|-------|-------------|-------|-------|-------|-------|--------|-----------
         Aggregated                                                                      2000     0(0.00%) |     41       7     358     17 |  115.30        0.00

Type     Name                                                                          # reqs      # fails |    Avg     Min     Max    Med |   req/s  failures/s
--------|----------------------------------------------------------------------------|-------|-------------|-------|-------|-------|-------|--------|-----------
GET      /                                                                                 60     0(0.00%) |     34      10     146     18 |    3.20        0.00
GET      /cart                                                                            310     0(0.00%) |     48       7     319     15 |   16.80        0.00
POST     /cart [add]                                                                      374     0(0.00%) |     51       9     251     19 |   19.10        0.00
POST     /cart/checkout                                                                   156     0(0.00%) |     53      12     247     23 |    8.60        0.00
GET      /product/[id]                                                                   1152     0(0.00%) |     48       7     303     17 |   62.90        0.00
POST     /setCurrency                                                                     225     0(0.00%) |     29      12     358     17 |   11.90        0.00
--------|----------------------------------------------------------------------------|-------|-------------|-------|-------|-------|-------|--------|-----------
         Aggregated                                                                      2277     0(0.00%) |     47       7     358     18 |  122.50        0.00

Type     Name                                                                          # reqs      # fails |    Avg     Min     Max    Med |   req/s  failures/s
--------|----------------------------------------------------------------------------|-------|-------------|-------|-------|-------|-------|--------|-----------
GET      /                                                                                 71     0(0.00%) |     36      10     146     18 |    3.60        0.00
GET      /cart                                                                            344     0(0.00%) |     53       7     319     17 |   17.60        0.00
POST     /cart [add]                                                                      427     0(0.00%) |     59       9     274     24 |   20.60        0.00
POST     /cart/checkout                                                                   166     0(0.00%) |     58      12     247     26 |    8.60        0.00
GET      /product/[id]                                                                   1288     0(0.00%) |     54       7     303     22 |   65.00        0.00
POST     /setCurrency                                                                     250     0(0.00%) |     32      12     358     18 |   12.90        0.00
--------|----------------------------------------------------------------------------|-------|-------------|-------|-------|-------|-------|--------|-----------
         Aggregated                                                                      2546     0(0.00%) |     52       7     358     21 |  128.30        0.00

Type     Name                                                                          # reqs      # fails |    Avg     Min     Max    Med |   req/s  failures/s
--------|----------------------------------------------------------------------------|-------|-------------|-------|-------|-------|-------|--------|-----------
GET      /                                                                                 79     0(0.00%) |     40      10     146     20 |    3.90        0.00
GET      /cart                                                                            381     0(0.00%) |     63       7     501     27 |   17.50        0.00
POST     /cart [add]                                                                      475     0(0.00%) |     69       9     410     33 |   22.10        0.00
POST     /cart/checkout                                                                   185     0(0.00%) |     71      12     495     42 |    7.90        0.00
GET      /product/[id]                                                                   1438     0(0.00%) |     64       7     407     29 |   67.50        0.00
POST     /setCurrency                                                                     275     0(0.00%) |     38      12     377     19 |   13.60        0.00
--------|----------------------------------------------------------------------------|-------|-------------|-------|-------|-------|-------|--------|-----------
         Aggregated                                                                      2833     0(0.00%) |     62       7     501     26 |  132.50        0.00

Type     Name                                                                          # reqs      # fails |    Avg     Min     Max    Med |   req/s  failures/s
--------|----------------------------------------------------------------------------|-------|-------------|-------|-------|-------|-------|--------|-----------
GET      /                                                                                 86     0(0.00%) |     45      10     169     20 |    4.00        0.00
GET      /cart                                                                            420     0(0.00%) |     71       7     501     37 |   18.50        0.00
POST     /cart [add]                                                                      527     0(0.00%) |     80       9     410     45 |   22.90        0.00
POST     /cart/checkout                                                                   200     0(0.00%) |     83      12     495     50 |    8.00        0.00
GET      /product/[id]                                                                   1578     0(0.00%) |     74       7     428     36 |   69.40        0.00
POST     /setCurrency                                                                     305     0(0.00%) |     43      12     377     20 |   12.90        0.00
--------|----------------------------------------------------------------------------|-------|-------------|-------|-------|-------|-------|--------|-----------
         Aggregated                                                                      3116     0(0.00%) |     71       7     501     34 |  135.70        0.00

Type     Name                                                                          # reqs      # fails |    Avg     Min     Max    Med |   req/s  failures/s
--------|----------------------------------------------------------------------------|-------|-------------|-------|-------|-------|-------|--------|-----------
GET      /                                                                                101     0(0.00%) |     48      10     169     29 |    4.20        0.00
GET      /cart                                                                            456     0(0.00%) |     76       7     501     44 |   18.90        0.00
POST     /cart [add]                                                                      578     0(0.00%) |     89       9     410     57 |   24.40        0.00
POST     /cart/checkout                                                                   215     0(0.00%) |     89      12     495     54 |    7.90        0.00
GET      /product/[id]                                                                   1748     0(0.00%) |     81       7     428     43 |   69.90        0.00
POST     /setCurrency                                                                     332     0(0.00%) |     45      12     377     21 |   13.30        0.00
--------|----------------------------------------------------------------------------|-------|-------------|-------|-------|-------|-------|--------|-----------
         Aggregated                                                                      3430     0(0.00%) |     78       7     501     41 |  138.60        0.00

Type     Name                                                                          # reqs      # fails |    Avg     Min     Max    Med |   req/s  failures/s
--------|----------------------------------------------------------------------------|-------|-------------|-------|-------|-------|-------|--------|-----------
GET      /                                                                                112     0(0.00%) |     51      10     262     29 |    4.90        0.00
GET      /cart                                                                            497     0(0.00%) |     91       7     665     52 |   17.70        0.00
POST     /cart [add]                                                                      635     0(0.00%) |    101       9     461     74 |   25.30        0.00
POST     /cart/checkout                                                                   239     0(0.00%) |    106      12     596     63 |    7.50        0.00
GET      /product/[id]                                                                   1876     0(0.00%) |     89       7     428     50 |   73.90        0.00
POST     /setCurrency                                                                     363     0(0.00%) |     53      12     450     22 |   13.60        0.00
--------|----------------------------------------------------------------------------|-------|-------------|-------|-------|-------|-------|--------|-----------
         Aggregated                                                                      3722     0(0.00%) |     88       7     665     50 |  142.90        0.00

Type     Name                                                                          # reqs      # fails |    Avg     Min     Max    Med |   req/s  failures/s
--------|----------------------------------------------------------------------------|-------|-------------|-------|-------|-------|-------|--------|-----------
GET      /                                                                                119     0(0.00%) |     52      10     262     32 |    5.10        0.00
GET      /cart                                                                            535     0(0.00%) |    101       7     665     61 |   18.70        0.00
POST     /cart [add]                                                                      691     0(0.00%) |    110       9     461     84 |   25.80        0.00
POST     /cart/checkout                                                                   268     0(0.00%) |    121      12     596     92 |    8.40        0.00
GET      /product/[id]                                                                   2021     0(0.00%) |     98       7     454     57 |   72.60        0.00
POST     /setCurrency                                                                     392     0(0.00%) |     55      12     450     23 |   13.80        0.00
--------|----------------------------------------------------------------------------|-------|-------------|-------|-------|-------|-------|--------|-----------
         Aggregated                                                                      4026     0(0.00%) |     96       7     665     57 |  144.40        0.00

Type     Name                                                                          # reqs      # fails |    Avg     Min     Max    Med |   req/s  failures/s
--------|----------------------------------------------------------------------------|-------|-------------|-------|-------|-------|-------|--------|-----------
GET      /                                                                                129     0(0.00%) |     53      10     262     31 |    4.80        0.00
GET      /cart                                                                            583     0(0.00%) |    110       7     665     74 |   19.10        0.00
POST     /cart [add]                                                                      735     0(0.00%) |    115       9     461     92 |   26.10        0.00
POST     /cart/checkout                                                                   288     0(0.00%) |    125      12     596     96 |   10.10        0.00
GET      /product/[id]                                                                   2189     0(0.00%) |    106       7     457     65 |   73.10        0.00
POST     /setCurrency                                                                     423     0(0.00%) |     58      12     450     27 |   14.20        0.00
--------|----------------------------------------------------------------------------|-------|-------------|-------|-------|-------|-------|--------|-----------
         Aggregated                                                                      4347     0(0.00%) |    103       7     665     66 |  147.40        0.00

Type     Name                                                                          # reqs      # fails |    Avg     Min     Max    Med |   req/s  failures/s
--------|----------------------------------------------------------------------------|-------|-------------|-------|-------|-------|-------|--------|-----------
GET      /                                                                                133     0(0.00%) |     54      10     262     31 |    5.10        0.00
GET      /cart                                                                            622     0(0.00%) |    117       7     665     84 |   20.30        0.00
POST     /cart [add]                                                                      778     0(0.00%) |    121       9     461     98 |   26.00        0.00
POST     /cart/checkout                                                                   303     0(0.00%) |    131      12     596     97 |   10.20        0.00
GET      /product/[id]                                                                   2341     0(0.00%) |    114       7     457     72 |   75.10        0.00
POST     /setCurrency                                                                     456     0(0.00%) |     61      12     450     30 |   14.70        0.00
--------|----------------------------------------------------------------------------|-------|-------------|-------|-------|-------|-------|--------|-----------
         Aggregated                                                                      4633     0(0.00%) |    110       7     665     74 |  151.40        0.00

Type     Name                                                                          # reqs      # fails |    Avg     Min     Max    Med |   req/s  failures/s
--------|----------------------------------------------------------------------------|-------|-------------|-------|-------|-------|-------|--------|-----------
GET      /                                                                                139     0(0.00%) |     56      10     262     33 |    4.70        0.00
GET      /cart                                                                            665     0(0.00%) |    125       7     665     90 |   20.20        0.00
POST     /cart [add]                                                                      842     0(0.00%) |    131       9     505    100 |   25.20        0.00
POST     /cart/checkout                                                                   334     0(0.00%) |    140      12     596     98 |   10.20        0.00
GET      /product/[id]                                                                   2492     0(0.00%) |    119       7     495     79 |   76.70        0.00
POST     /setCurrency                                                                     488     0(0.00%) |     64      12     450     32 |   14.90        0.00
--------|----------------------------------------------------------------------------|-------|-------------|-------|-------|-------|-------|--------|-----------
         Aggregated                                                                      4960     0(0.00%) |    116       7     665     82 |  151.90        0.00

Type     Name                                                                          # reqs      # fails |    Avg     Min     Max    Med |   req/s  failures/s
--------|----------------------------------------------------------------------------|-------|-------------|-------|-------|-------|-------|--------|-----------
GET      /                                                                                150     0(0.00%) |     59      10     262     35 |    3.80        0.00
GET      /cart                                                                            709     0(0.00%) |    129       7     665     95 |   21.00        0.00
POST     /cart [add]                                                                      906     0(0.00%) |    138       9     505    110 |   26.40        0.00
POST     /cart/checkout                                                                   358     0(0.00%) |    145      12     596    100 |   11.80        0.00
GET      /product/[id]                                                                   2633     0(0.00%) |    125       7     495     86 |   74.50        0.00
POST     /setCurrency                                                                     514     0(0.00%) |     66      12     450     35 |   15.50        0.00
--------|----------------------------------------------------------------------------|-------|-------------|-------|-------|-------|-------|--------|-----------
         Aggregated                                                                      5270     0(0.00%) |    122       7     665     88 |  153.00        0.00

Type     Name                                                                          # reqs      # fails |    Avg     Min     Max    Med |   req/s  failures/s
--------|----------------------------------------------------------------------------|-------|-------------|-------|-------|-------|-------|--------|-----------
GET      /                                                                                160     0(0.00%) |     58      10     262     35 |    3.90        0.00
GET      /cart                                                                            752     0(0.00%) |    133       7     665     99 |   20.70        0.00
POST     /cart [add]                                                                      954     0(0.00%) |    143       9     505    120 |   27.30        0.00
POST     /cart/checkout                                                                   378     0(0.00%) |    151      12     596    100 |   11.90        0.00
GET      /product/[id]                                                                   2804     0(0.00%) |    129       7     495     90 |   75.80        0.00
POST     /setCurrency                                                                     542     0(0.00%) |     67      12     450     37 |   15.10        0.00
--------|----------------------------------------------------------------------------|-------|-------------|-------|-------|-------|-------|--------|-----------
         Aggregated                                                                      5590     0(0.00%) |    126       7     665     92 |  154.70        0.00

Type     Name                                                                          # reqs      # fails |    Avg     Min     Max    Med |   req/s  failures/s
--------|----------------------------------------------------------------------------|-------|-------------|-------|-------|-------|-------|--------|-----------
GET      /                                                                                170     0(0.00%) |     62      10     284     40 |    4.10        0.00
GET      /cart                                                                            801     0(0.00%) |    139       7     665    110 |   21.50        0.00
POST     /cart [add]                                                                      992     0(0.00%) |    146       9     571    120 |   26.50        0.00
POST     /cart/checkout                                                                   391     0(0.00%) |    154      12     596    100 |   11.10        0.00
GET      /product/[id]                                                                   2973     0(0.00%) |    134       7     537     94 |   78.20        0.00
POST     /setCurrency                                                                     573     0(0.00%) |     68      12     450     44 |   15.00        0.00
--------|----------------------------------------------------------------------------|-------|-------------|-------|-------|-------|-------|--------|-----------
         Aggregated                                                                      5900     0(0.00%) |    130       7     665     95 |  156.40        0.00

Type     Name                                                                          # reqs      # fails |    Avg     Min     Max    Med |   req/s  failures/s
--------|----------------------------------------------------------------------------|-------|-------------|-------|-------|-------|-------|--------|-----------
GET      /                                                                                174     0(0.00%) |     63      10     284     41 |    4.10        0.00
GET      /cart                                                                            840     0(0.00%) |    143       7     665    110 |   21.60        0.00
POST     /cart [add]                                                                     1051     0(0.00%) |    151       9     571    130 |   25.70        0.00
POST     /cart/checkout                                                                   419     0(0.00%) |    158      12     596    110 |   10.40        0.00
GET      /product/[id]                                                                   3110     0(0.00%) |    138       7     537     99 |   77.70        0.00
POST     /setCurrency                                                                     605     0(0.00%) |     71      12     450     48 |   15.20        0.00
--------|----------------------------------------------------------------------------|-------|-------------|-------|-------|-------|-------|--------|-----------
         Aggregated                                                                      6199     0(0.00%) |    134       7     665     99 |  154.70        0.00

Type     Name                                                                          # reqs      # fails |    Avg     Min     Max    Med |   req/s  failures/s
--------|----------------------------------------------------------------------------|-------|-------------|-------|-------|-------|-------|--------|-----------
GET      /                                                                                186     0(0.00%) |     63      10     284     41 |    4.10        0.00
GET      /cart                                                                            892     0(0.00%) |    146       7     665    110 |   21.70        0.00
POST     /cart [add]                                                                     1100     0(0.00%) |    153       9     571    130 |   27.30        0.00
POST     /cart/checkout                                                                   439     0(0.00%) |    162      12     596    110 |   11.60        0.00
GET      /product/[id]                                                                   3268     0(0.00%) |    141       7     537    100 |   76.80        0.00
POST     /setCurrency                                                                     643     0(0.00%) |     74      12     450     51 |   14.90        0.00
--------|----------------------------------------------------------------------------|-------|-------------|-------|-------|-------|-------|--------|-----------
         Aggregated                                                                      6528     0(0.00%) |    136       7     665    100 |  156.40        0.00

Type     Name                                                                          # reqs      # fails |    Avg     Min     Max    Med |   req/s  failures/s
--------|----------------------------------------------------------------------------|-------|-------------|-------|-------|-------|-------|--------|-----------
GET      /                                                                                192     0(0.00%) |     62      10     284     41 |    4.60        0.00
GET      /cart                                                                            935     0(0.00%) |    148       7     665    110 |   22.40        0.00
POST     /cart [add]                                                                     1135     0(0.00%) |    157       9     571    140 |   26.00        0.00
POST     /cart/checkout                                                                   450     0(0.00%) |    163      12     596    110 |   10.30        0.00
GET      /product/[id]                                                                   3436     0(0.00%) |    144       7     537    100 |   77.00        0.00
POST     /setCurrency                                                                     671     0(0.00%) |     76      12     450     54 |   15.60        0.00
--------|----------------------------------------------------------------------------|-------|-------------|-------|-------|-------|-------|--------|-----------
         Aggregated                                                                      6819     0(0.00%) |    139       7     665    100 |  155.90        0.00

Type     Name                                                                          # reqs      # fails |    Avg     Min     Max    Med |   req/s  failures/s
--------|----------------------------------------------------------------------------|-------|-------------|-------|-------|-------|-------|--------|-----------
GET      /                                                                                203     0(0.00%) |     64      10     284     43 |    4.20        0.00
GET      /cart                                                                            972     0(0.00%) |    150       7     665    120 |   22.60        0.00
POST     /cart [add]                                                                     1195     0(0.00%) |    160       9     571    140 |   23.00        0.00
POST     /cart/checkout                                                                   478     0(0.00%) |    167      12     596    110 |    9.10        0.00
GET      /product/[id]                                                                   3586     0(0.00%) |    148       7     537    110 |   80.30        0.00
POST     /setCurrency                                                                     696     0(0.00%) |     77      12     450     57 |   15.70        0.00
--------|----------------------------------------------------------------------------|-------|-------------|-------|-------|-------|-------|--------|-----------
         Aggregated                                                                      7130     0(0.00%) |    142       7     665    110 |  154.90        0.00

Type     Name                                                                          # reqs      # fails |    Avg     Min     Max    Med |   req/s  failures/s
--------|----------------------------------------------------------------------------|-------|-------------|-------|-------|-------|-------|--------|-----------
GET      /                                                                                208     0(0.00%) |     64      10     284     43 |    4.20        0.00
GET      /cart                                                                           1017     0(0.00%) |    154       7     665    120 |   22.00        0.00
POST     /cart [add]                                                                     1246     0(0.00%) |    163       9     571    140 |   24.10        0.00
POST     /cart/checkout                                                                   499     0(0.00%) |    169      12     596    110 |    9.80        0.00
GET      /product/[id]                                                                   3740     0(0.00%) |    152       7     548    110 |   78.00        0.00
POST     /setCurrency                                                                     722     0(0.00%) |     78      12     450     58 |   15.50        0.00
--------|----------------------------------------------------------------------------|-------|-------------|-------|-------|-------|-------|--------|-----------
         Aggregated                                                                      7432     0(0.00%) |    145       7     665    110 |  153.60        0.00

Type     Name                                                                          # reqs      # fails |    Avg     Min     Max    Med |   req/s  failures/s
--------|----------------------------------------------------------------------------|-------|-------------|-------|-------|-------|-------|--------|-----------
GET      /                                                                                215     0(0.00%) |     66      10     427     43 |    3.80        0.00
GET      /cart                                                                           1050     0(0.00%) |    158       7     742    120 |   21.50        0.00
POST     /cart [add]                                                                     1292     0(0.00%) |    166       9     576    150 |   25.20        0.00
POST     /cart/checkout                                                                   515     0(0.00%) |    172      12     694    110 |   10.80        0.00
GET      /product/[id]                                                                   3877     0(0.00%) |    156       7     703    110 |   77.30        0.00
POST     /setCurrency                                                                     746     0(0.00%) |     79      12     450     59 |   14.90        0.00
--------|----------------------------------------------------------------------------|-------|-------------|-------|-------|-------|-------|--------|-----------
         Aggregated                                                                      7695     0(0.00%) |    149       7     742    110 |  153.50        0.00

Type     Name                                                                          # reqs      # fails |    Avg     Min     Max    Med |   req/s  failures/s
--------|----------------------------------------------------------------------------|-------|-------------|-------|-------|-------|-------|--------|-----------
GET      /                                                                                221     0(0.00%) |     67      10     427     44 |    4.10        0.00
GET      /cart                                                                           1091     0(0.00%) |    160       7     742    120 |   21.10        0.00
POST     /cart [add]                                                                     1352     0(0.00%) |    169       9     576    150 |   23.80        0.00
POST     /cart/checkout                                                                   543     0(0.00%) |    175      12     694    120 |    9.70        0.00
GET      /product/[id]                                                                   4033     0(0.00%) |    158       7     703    120 |   76.80        0.00
POST     /setCurrency                                                                     781     0(0.00%) |     81      12     450     62 |   14.30        0.00
--------|----------------------------------------------------------------------------|-------|-------------|-------|-------|-------|-------|--------|-----------
         Aggregated                                                                      8021     0(0.00%) |    151       7     742    110 |  149.80        0.00

Type     Name                                                                          # reqs      # fails |    Avg     Min     Max    Med |   req/s  failures/s
--------|----------------------------------------------------------------------------|-------|-------------|-------|-------|-------|-------|--------|-----------
GET      /                                                                                231     0(0.00%) |     68      10     427     44 |    3.60        0.00
GET      /cart                                                                           1133     0(0.00%) |    163       7     742    130 |   20.10        0.00
POST     /cart [add]                                                                     1408     0(0.00%) |    172       9     576    150 |   25.20        0.00
POST     /cart/checkout                                                                   564     0(0.00%) |    176      12     694    130 |   10.50        0.00
GET      /product/[id]                                                                   4178     0(0.00%) |    160       7     703    120 |   76.70        0.00
POST     /setCurrency                                                                     809     0(0.00%) |     82      12     450     64 |   13.80        0.00
--------|----------------------------------------------------------------------------|-------|-------------|-------|-------|-------|-------|--------|-----------
         Aggregated                                                                      8323     0(0.00%) |    153       7     742    110 |  149.90        0.00

Type     Name                                                                          # reqs      # fails |    Avg     Min     Max    Med |   req/s  failures/s
--------|----------------------------------------------------------------------------|-------|-------------|-------|-------|-------|-------|--------|-----------
GET      /                                                                                240     0(0.00%) |     69      10     427     45 |    3.90        0.00
GET      /cart                                                                           1176     0(0.00%) |    165       7     742    130 |   20.10        0.00
POST     /cart [add]                                                                     1453     0(0.00%) |    175       9     579    150 |   27.30        0.00
POST     /cart/checkout                                                                   583     0(0.00%) |    180      12     694    130 |   11.40        0.00
GET      /product/[id]                                                                   4332     0(0.00%) |    162       7     703    120 |   74.00        0.00
POST     /setCurrency                                                                     835     0(0.00%) |     84      12     450     65 |   13.80        0.00
--------|----------------------------------------------------------------------------|-------|-------------|-------|-------|-------|-------|--------|-----------
         Aggregated                                                                      8619     0(0.00%) |    156       7     742    120 |  150.50        0.00

Type     Name                                                                          # reqs      # fails |    Avg     Min     Max    Med |   req/s  failures/s
--------|----------------------------------------------------------------------------|-------|-------------|-------|-------|-------|-------|--------|-----------
GET      /                                                                                248     0(0.00%) |     70      10     427     47 |    3.80        0.00
GET      /cart                                                                           1216     0(0.00%) |    167       7     742    130 |   20.50        0.00
POST     /cart [add]                                                                     1504     0(0.00%) |    176       9     579    150 |   25.90        0.00
POST     /cart/checkout                                                                   603     0(0.00%) |    181      12     694    130 |   10.70        0.00
GET      /product/[id]                                                                   4492     0(0.00%) |    165       7     703    120 |   74.30        0.00
POST     /setCurrency                                                                     865     0(0.00%) |     84      12     450     67 |   13.90        0.00
--------|----------------------------------------------------------------------------|-------|-------------|-------|-------|-------|-------|--------|-----------
         Aggregated                                                                      8928     0(0.00%) |    158       7     742    120 |  149.10        0.00

Type     Name                                                                          # reqs      # fails |    Avg     Min     Max    Med |   req/s  failures/s
--------|----------------------------------------------------------------------------|-------|-------------|-------|-------|-------|-------|--------|-----------
GET      /                                                                                258     0(0.00%) |     71      10     427     48 |    4.10        0.00
GET      /cart                                                                           1247     0(0.00%) |    168       7     742    130 |   19.80        0.00
POST     /cart [add]                                                                     1561     0(0.00%) |    179       9     579    160 |   25.90        0.00
POST     /cart/checkout                                                                   629     0(0.00%) |    184      12     694    140 |   10.40        0.00
GET      /product/[id]                                                                   4643     0(0.00%) |    167       7     703    130 |   75.10        0.00
POST     /setCurrency                                                                     895     0(0.00%) |     86      12     450     69 |   13.90        0.00
--------|----------------------------------------------------------------------------|-------|-------------|-------|-------|-------|-------|--------|-----------
         Aggregated                                                                      9233     0(0.00%) |    159       7     742    120 |  149.20        0.00

Type     Name                                                                          # reqs      # fails |    Avg     Min     Max    Med |   req/s  failures/s
--------|----------------------------------------------------------------------------|-------|-------------|-------|-------|-------|-------|--------|-----------
GET      /                                                                                267     0(0.00%) |     75      10     482     48 |    4.30        0.00
GET      /cart                                                                           1280     0(0.00%) |    169       7     742    130 |   19.60        0.00
POST     /cart [add]                                                                     1610     0(0.00%) |    180       9     579    160 |   27.20        0.00
POST     /cart/checkout                                                                   650     0(0.00%) |    185      12     694    140 |   11.40        0.00
GET      /product/[id]                                                                   4809     0(0.00%) |    169       7     703    130 |   76.50        0.00
POST     /setCurrency                                                                     923     0(0.00%) |     86      12     450     70 |   14.70        0.00
--------|----------------------------------------------------------------------------|-------|-------------|-------|-------|-------|-------|--------|-----------
         Aggregated                                                                      9539     0(0.00%) |    161       7     742    120 |  153.70        0.00

Type     Name                                                                          # reqs      # fails |    Avg     Min     Max    Med |   req/s  failures/s
--------|----------------------------------------------------------------------------|-------|-------------|-------|-------|-------|-------|--------|-----------
GET      /                                                                                282     0(0.00%) |     76      10     482     48 |    4.60        0.00
GET      /cart                                                                           1316     0(0.00%) |    171       7     742    140 |   18.70        0.00
POST     /cart [add]                                                                     1665     0(0.00%) |    181       9     579    160 |   25.50        0.00
POST     /cart/checkout                                                                   666     0(0.00%) |    186      12     694    140 |   10.70        0.00
GET      /product/[id]                                                                   4954     0(0.00%) |    170       7     703    130 |   77.60        0.00
POST     /setCurrency                                                                     960     0(0.00%) |     88      12     450     74 |   14.10        0.00
--------|----------------------------------------------------------------------------|-------|-------------|-------|-------|-------|-------|--------|-----------
         Aggregated                                                                      9843     0(0.00%) |    162       7     742    130 |  151.20        0.00

Type     Name                                                                          # reqs      # fails |    Avg     Min     Max    Med |   req/s  failures/s
--------|----------------------------------------------------------------------------|-------|-------------|-------|-------|-------|-------|--------|-----------
GET      /                                                                                291     0(0.00%) |     77      10     482     50 |    5.00        0.00
GET      /cart                                                                           1352     0(0.00%) |    172       7     742    140 |   18.30        0.00
POST     /cart [add]                                                                     1722     0(0.00%) |    184       9     579    160 |   25.30        0.00
POST     /cart/checkout                                                                   687     0(0.00%) |    188      12     694    140 |   10.30        0.00
GET      /product/[id]                                                                   5091     0(0.00%) |    171       7     703    140 |   77.90        0.00
POST     /setCurrency                                                                     992     0(0.00%) |     91      12     450     76 |   15.00        0.00
--------|----------------------------------------------------------------------------|-------|-------------|-------|-------|-------|-------|--------|-----------
         Aggregated                                                                     10135     0(0.00%) |    164       7     742    130 |  151.80        0.00

Type     Name                                                                          # reqs      # fails |    Avg     Min     Max    Med |   req/s  failures/s
--------|----------------------------------------------------------------------------|-------|-------------|-------|-------|-------|-------|--------|-----------
GET      /                                                                                305     0(0.00%) |     80      10     551     50 |    5.10        0.00
GET      /cart                                                                           1392     0(0.00%) |    173       7     742    140 |   17.70        0.00
POST     /cart [add]                                                                     1776     0(0.00%) |    186       9     579    160 |   26.80        0.00
POST     /cart/checkout                                                                   712     0(0.00%) |    190      12     694    140 |   10.40        0.00
GET      /product/[id]                                                                   5230     0(0.00%) |    173       7     703    140 |   76.50        0.00
POST     /setCurrency                                                                    1025     0(0.00%) |     93      12     556     77 |   15.70        0.00
--------|----------------------------------------------------------------------------|-------|-------------|-------|-------|-------|-------|--------|-----------
         Aggregated                                                                     10440     0(0.00%) |    166       7     742    130 |  152.20        0.00

Type     Name                                                                          # reqs      # fails |    Avg     Min     Max    Med |   req/s  failures/s
--------|----------------------------------------------------------------------------|-------|-------------|-------|-------|-------|-------|--------|-----------
GET      /                                                                                316     0(0.00%) |     80      10     551     50 |    5.60        0.00
GET      /cart                                                                           1436     0(0.00%) |    175       7     742    140 |   17.70        0.00
POST     /cart [add]                                                                     1834     0(0.00%) |    188       9     579    170 |   27.40        0.00
POST     /cart/checkout                                                                   729     0(0.00%) |    191      12     694    150 |   10.70        0.00
GET      /product/[id]                                                                   5366     0(0.00%) |    175       7     703    140 |   73.80        0.00
POST     /setCurrency                                                                    1048     0(0.00%) |     94      12     556     79 |   16.30        0.00
--------|----------------------------------------------------------------------------|-------|-------------|-------|-------|-------|-------|--------|-----------
         Aggregated                                                                     10729     0(0.00%) |    167       7     742    130 |  151.50        0.00

Type     Name                                                                          # reqs      # fails |    Avg     Min     Max    Med |   req/s  failures/s
--------|----------------------------------------------------------------------------|-------|-------------|-------|-------|-------|-------|--------|-----------
GET      /                                                                                327     0(0.00%) |     80      10     551     50 |    5.80        0.00
GET      /cart                                                                           1467     0(0.00%) |    176       7     742    140 |   19.10        0.00
POST     /cart [add]                                                                     1894     0(0.00%) |    189       9     579    170 |   27.10        0.00
POST     /cart/checkout                                                                   747     0(0.00%) |    192      12     694    150 |    9.90        0.00
GET      /product/[id]                                                                   5517     0(0.00%) |    176       7     703    140 |   72.40        0.00
POST     /setCurrency                                                                    1074     0(0.00%) |     94      12     556     79 |   15.40        0.00
--------|----------------------------------------------------------------------------|-------|-------------|-------|-------|-------|-------|--------|-----------
         Aggregated                                                                     11026     0(0.00%) |    168       7     742    130 |  149.70        0.00

Type     Name                                                                          # reqs      # fails |    Avg     Min     Max    Med |   req/s  failures/s
--------|----------------------------------------------------------------------------|-------|-------------|-------|-------|-------|-------|--------|-----------
GET      /                                                                                340     0(0.00%) |     82      10     551     54 |    6.00        0.00
GET      /cart                                                                           1511     0(0.00%) |    178       7     742    150 |   19.10        0.00
POST     /cart [add]                                                                     1941     0(0.00%) |    190       9     579    170 |   28.60        0.00
POST     /cart/checkout                                                                   758     0(0.00%) |    192      12     694    150 |    9.90        0.00
GET      /product/[id]                                                                   5678     0(0.00%) |    177       7     703    150 |   71.30        0.00
POST     /setCurrency                                                                    1105     0(0.00%) |     96      12     556     81 |   15.30        0.00
--------|----------------------------------------------------------------------------|-------|-------------|-------|-------|-------|-------|--------|-----------
         Aggregated                                                                     11333     0(0.00%) |    170       7     742    140 |  150.20        0.00

Type     Name                                                                          # reqs      # fails |    Avg     Min     Max    Med |   req/s  failures/s
--------|----------------------------------------------------------------------------|-------|-------------|-------|-------|-------|-------|--------|-----------
GET      /                                                                                346     0(0.00%) |     82      10     551     56 |    5.80        0.00
GET      /cart                                                                           1559     0(0.00%) |    179       7     742    150 |   19.60        0.00
POST     /cart [add]                                                                     1986     0(0.00%) |    191       9     579    170 |   28.00        0.00
POST     /cart/checkout                                                                   782     0(0.00%) |    194      12     694    160 |    9.20        0.00
GET      /product/[id]                                                                   5830     0(0.00%) |    179       7     703    150 |   71.80        0.00
POST     /setCurrency                                                                    1136     0(0.00%) |     96      12     556     82 |   14.70        0.00
--------|----------------------------------------------------------------------------|-------|-------------|-------|-------|-------|-------|--------|-----------
         Aggregated                                                                     11639     0(0.00%) |    171       7     742    140 |  149.10        0.00

Type     Name                                                                          # reqs      # fails |    Avg     Min     Max    Med |   req/s  failures/s
--------|----------------------------------------------------------------------------|-------|-------------|-------|-------|-------|-------|--------|-----------
GET      /                                                                                354     0(0.00%) |     82      10     551     56 |    5.50        0.00
GET      /cart                                                                           1598     0(0.00%) |    180       7     742    150 |   20.70        0.00
POST     /cart [add]                                                                     2041     0(0.00%) |    192       9     579    170 |   26.10        0.00
POST     /cart/checkout                                                                   802     0(0.00%) |    195      12     694    170 |    9.40        0.00
GET      /product/[id]                                                                   5973     0(0.00%) |    180       7     703    150 |   73.60        0.00
POST     /setCurrency                                                                    1168     0(0.00%) |     96      12     556     82 |   14.10        0.00
--------|----------------------------------------------------------------------------|-------|-------------|-------|-------|-------|-------|--------|-----------
         Aggregated                                                                     11936     0(0.00%) |    172       7     742    140 |  149.40        0.00

Type     Name                                                                          # reqs      # fails |    Avg     Min     Max    Med |   req/s  failures/s
--------|----------------------------------------------------------------------------|-------|-------------|-------|-------|-------|-------|--------|-----------
GET      /                                                                                359     0(0.00%) |     84      10     551     57 |    4.90        0.00
GET      /cart                                                                           1648     0(0.00%) |    182       7     742    150 |   20.90        0.00
POST     /cart [add]                                                                     2087     0(0.00%) |    193       9     579    170 |   26.40        0.00
POST     /cart/checkout                                                                   820     0(0.00%) |    197      12     694    170 |    9.20        0.00
GET      /product/[id]                                                                   6131     0(0.00%) |    181       7     703    150 |   74.50        0.00
POST     /setCurrency                                                                    1195     0(0.00%) |     97      12     556     83 |   14.30        0.00
--------|----------------------------------------------------------------------------|-------|-------------|-------|-------|-------|-------|--------|-----------
         Aggregated                                                                     12240     0(0.00%) |    173       7     742    140 |  150.20        0.00

Type     Name                                                                          # reqs      # fails |    Avg     Min     Max    Med |   req/s  failures/s
--------|----------------------------------------------------------------------------|-------|-------------|-------|-------|-------|-------|--------|-----------
GET      /                                                                                370     0(0.00%) |     84      10     551     60 |    4.20        0.00
GET      /cart                                                                           1684     0(0.00%) |    183       7     742    150 |   20.90        0.00
POST     /cart [add]                                                                     2136     0(0.00%) |    193       9     579    170 |   25.50        0.00
POST     /cart/checkout                                                                   846     0(0.00%) |    197      12     694    170 |    9.10        0.00
GET      /product/[id]                                                                   6301     0(0.00%) |    181       7     703    150 |   76.30        0.00
POST     /setCurrency                                                                    1227     0(0.00%) |     97      12     556     84 |   14.70        0.00
--------|----------------------------------------------------------------------------|-------|-------------|-------|-------|-------|-------|--------|-----------
         Aggregated                                                                     12564     0(0.00%) |    174       7     742    140 |  150.70        0.00

Type     Name                                                                          # reqs      # fails |    Avg     Min     Max    Med |   req/s  failures/s
--------|----------------------------------------------------------------------------|-------|-------------|-------|-------|-------|-------|--------|-----------
GET      /                                                                                380     0(0.00%) |     83      10     551     57 |    4.10        0.00
GET      /cart                                                                           1728     0(0.00%) |    182       7     742    150 |   21.70        0.00
POST     /cart [add]                                                                     2193     0(0.00%) |    193       9     579    170 |   24.10        0.00
POST     /cart/checkout                                                                   874     0(0.00%) |    198      12     694    170 |    9.80        0.00
GET      /product/[id]                                                                   6457     0(0.00%) |    182       7     703    160 |   78.10        0.00
POST     /setCurrency                                                                    1253     0(0.00%) |     97      12     556     86 |   15.20        0.00
--------|----------------------------------------------------------------------------|-------|-------------|-------|-------|-------|-------|--------|-----------
         Aggregated                                                                     12885     0(0.00%) |    174       7     742    140 |  153.00        0.00

Type     Name                                                                          # reqs      # fails |    Avg     Min     Max    Med |   req/s  failures/s
--------|----------------------------------------------------------------------------|-------|-------------|-------|-------|-------|-------|--------|-----------
GET      /                                                                                386     0(0.00%) |     84      10     551     57 |    4.10        0.00
GET      /cart                                                                           1770     0(0.00%) |    183       7     742    150 |   21.60        0.00
POST     /cart [add]                                                                     2259     0(0.00%) |    195       9     579    170 |   25.20        0.00
POST     /cart/checkout                                                                   903     0(0.00%) |    199      12     694    170 |   11.60        0.00
GET      /product/[id]                                                                   6587     0(0.00%) |    183       7     703    160 |   77.90        0.00
POST     /setCurrency                                                                    1283     0(0.00%) |     97      12     556     86 |   14.80        0.00
--------|----------------------------------------------------------------------------|-------|-------------|-------|-------|-------|-------|--------|-----------
         Aggregated                                                                     13188     0(0.00%) |    175       7     742    140 |  155.20        0.00

Type     Name                                                                          # reqs      # fails |    Avg     Min     Max    Med |   req/s  failures/s
--------|----------------------------------------------------------------------------|-------|-------------|-------|-------|-------|-------|--------|-----------
GET      /                                                                                393     0(0.00%) |     85      10     551     58 |    4.00        0.00
GET      /cart                                                                           1825     0(0.00%) |    184       7     742    150 |   20.80        0.00
POST     /cart [add]                                                                     2303     0(0.00%) |    195       9     579    170 |   27.50        0.00
POST     /cart/checkout                                                                   920     0(0.00%) |    200      12     694    170 |   12.10        0.00
GET      /product/[id]                                                                   6739     0(0.00%) |    184       7     703    160 |   75.80        0.00
POST     /setCurrency                                                                    1326     0(0.00%) |     98      12     556     87 |   14.90        0.00
--------|----------------------------------------------------------------------------|-------|-------------|-------|-------|-------|-------|--------|-----------
         Aggregated                                                                     13506     0(0.00%) |    176       7     742    140 |  155.10        0.00

Type     Name                                                                          # reqs      # fails |    Avg     Min     Max    Med |   req/s  failures/s
--------|----------------------------------------------------------------------------|-------|-------------|-------|-------|-------|-------|--------|-----------
GET      /                                                                                401     0(0.00%) |     85      10     551     60 |    4.00        0.00
GET      /cart                                                                           1869     0(0.00%) |    185       7     742    160 |   22.20        0.00
POST     /cart [add]                                                                     2347     0(0.00%) |    196       9     579    170 |   26.10        0.00
POST     /cart/checkout                                                                   931     0(0.00%) |    200      12     694    170 |   11.70        0.00
GET      /product/[id]                                                                   6893     0(0.00%) |    185       7     703    160 |   76.40        0.00
POST     /setCurrency                                                                    1357     0(0.00%) |     98      12     556     87 |   15.80        0.00
--------|----------------------------------------------------------------------------|-------|-------------|-------|-------|-------|-------|--------|-----------
         Aggregated                                                                     13798     0(0.00%) |    176       7     742    150 |  156.20        0.00

Type     Name                                                                          # reqs      # fails |    Avg     Min     Max    Med |   req/s  failures/s
--------|----------------------------------------------------------------------------|-------|-------------|-------|-------|-------|-------|--------|-----------
GET      /                                                                                415     0(0.00%) |     89      10     626     64 |    4.30        0.00
GET      /cart                                                                           1899     0(0.00%) |    187       7     742    160 |   22.30        0.00
POST     /cart [add]                                                                     2402     0(0.00%) |    199       9     720    170 |   25.90        0.00
POST     /cart/checkout                                                                   952     0(0.00%) |    202      12     694    170 |   11.20        0.00
GET      /product/[id]                                                                   7029     0(0.00%) |    185       7     703    160 |   76.10        0.00
POST     /setCurrency                                                                    1387     0(0.00%) |    100      12     684     87 |   16.10        0.00
--------|----------------------------------------------------------------------------|-------|-------------|-------|-------|-------|-------|--------|-----------
         Aggregated                                                                     14084     0(0.00%) |    178       7     742    150 |  155.90        0.00

Type     Name                                                                          # reqs      # fails |    Avg     Min     Max    Med |   req/s  failures/s
--------|----------------------------------------------------------------------------|-------|-------------|-------|-------|-------|-------|--------|-----------
GET      /                                                                                422     0(0.00%) |     89      10     626     64 |    4.60        0.00
GET      /cart                                                                           1930     0(0.00%) |    187       7     742    160 |   21.50        0.00
POST     /cart [add]                                                                     2456     0(0.00%) |    199       9     720    170 |   26.30        0.00
POST     /cart/checkout                                                                   975     0(0.00%) |    202      12     694    170 |   10.70        0.00
GET      /product/[id]                                                                   7194     0(0.00%) |    186       7     703    160 |   72.80        0.00
POST     /setCurrency                                                                    1415     0(0.00%) |    100      12     684     87 |   15.90        0.00
--------|----------------------------------------------------------------------------|-------|-------------|-------|-------|-------|-------|--------|-----------
         Aggregated                                                                     14392     0(0.00%) |    178       7     742    150 |  151.80        0.00

Type     Name                                                                          # reqs      # fails |    Avg     Min     Max    Med |   req/s  failures/s
--------|----------------------------------------------------------------------------|-------|-------------|-------|-------|-------|-------|--------|-----------
GET      /                                                                                438     0(0.00%) |     89      10     626     65 |    4.20        0.00
GET      /cart                                                                           1969     0(0.00%) |    188       7     742    160 |   20.30        0.00
POST     /cart [add]                                                                     2509     0(0.00%) |    200       9     720    180 |   25.80        0.00
POST     /cart/checkout                                                                   998     0(0.00%) |    203      12     694    170 |   10.00        0.00
GET      /product/[id]                                                                   7350     0(0.00%) |    186       7     703    160 |   74.30        0.00
POST     /setCurrency                                                                    1440     0(0.00%) |    100      12     684     87 |   15.90        0.00
--------|----------------------------------------------------------------------------|-------|-------------|-------|-------|-------|-------|--------|-----------
         Aggregated                                                                     14704     0(0.00%) |    179       7     742    150 |  150.50        0.00

Type     Name                                                                          # reqs      # fails |    Avg     Min     Max    Med |   req/s  failures/s
--------|----------------------------------------------------------------------------|-------|-------------|-------|-------|-------|-------|--------|-----------
GET      /                                                                                443     0(0.00%) |     89      10     626     65 |    5.10        0.00
GET      /cart                                                                           2007     0(0.00%) |    189       7     742    160 |   20.20        0.00
POST     /cart [add]                                                                     2567     0(0.00%) |    201       9     720    180 |   24.90        0.00
POST     /cart/checkout                                                                  1019     0(0.00%) |    203      12     694    170 |    9.20        0.00
GET      /product/[id]                                                                   7514     0(0.00%) |    187       7     703    160 |   76.50        0.00
POST     /setCurrency                                                                    1463     0(0.00%) |    100      12     684     87 |   15.60        0.00
--------|----------------------------------------------------------------------------|-------|-------------|-------|-------|-------|-------|--------|-----------
         Aggregated                                                                     15013     0(0.00%) |    179       7     742    150 |  151.50        0.00

Type     Name                                                                          # reqs      # fails |    Avg     Min     Max    Med |   req/s  failures/s
--------|----------------------------------------------------------------------------|-------|-------------|-------|-------|-------|-------|--------|-----------
GET      /                                                                                451     0(0.00%) |     88      10     626     64 |    5.00        0.00
GET      /cart                                                                           2042     0(0.00%) |    189       7     742    160 |   18.60        0.00
POST     /cart [add]                                                                     2636     0(0.00%) |    201       9     720    180 |   26.30        0.00
POST     /cart/checkout                                                                  1041     0(0.00%) |    203      12     694    170 |    9.70        0.00
GET      /product/[id]                                                                   7658     0(0.00%) |    187       7     703    160 |   77.10        0.00
POST     /setCurrency                                                                    1498     0(0.00%) |     99      12     684     87 |   13.80        0.00
--------|----------------------------------------------------------------------------|-------|-------------|-------|-------|-------|-------|--------|-----------
         Aggregated                                                                     15326     0(0.00%) |    179       7     742    150 |  150.50        0.00

Type     Name                                                                          # reqs      # fails |    Avg     Min     Max    Med |   req/s  failures/s
--------|----------------------------------------------------------------------------|-------|-------------|-------|-------|-------|-------|--------|-----------
GET      /                                                                                459     0(0.00%) |     91      10     742     64 |    4.90        0.00
GET      /cart                                                                           2072     0(0.00%) |    190       7     742    160 |   17.20        0.00
POST     /cart [add]                                                                     2665     0(0.00%) |    203       9    1045    180 |   28.80        0.00
POST     /cart/checkout                                                                  1051     0(0.00%) |    204      12     694    170 |   10.70        0.00
GET      /product/[id]                                                                   7802     0(0.00%) |    189       7     844    170 |   76.70        0.00
POST     /setCurrency                                                                    1534     0(0.00%) |    103      12     697     88 |   14.30        0.00
--------|----------------------------------------------------------------------------|-------|-------------|-------|-------|-------|-------|--------|-----------
         Aggregated                                                                     15583     0(0.00%) |    181       7    1045    150 |  152.60        0.00

Type     Name                                                                          # reqs      # fails |    Avg     Min     Max    Med |   req/s  failures/s
--------|----------------------------------------------------------------------------|-------|-------------|-------|-------|-------|-------|--------|-----------
GET      /                                                                                465     0(0.00%) |     92      10     742     64 |    4.40        0.00
GET      /cart                                                                           2118     0(0.00%) |    191       7     742    160 |   17.30        0.00
POST     /cart [add]                                                                     2722     0(0.00%) |    203       9    1045    180 |   26.70        0.00
POST     /cart/checkout                                                                  1069     0(0.00%) |    205      12     694    180 |    9.90        0.00
GET      /product/[id]                                                                   7953     0(0.00%) |    190       7     844    170 |   76.80        0.00
POST     /setCurrency                                                                    1558     0(0.00%) |    104      12     697     88 |   14.80        0.00
--------|----------------------------------------------------------------------------|-------|-------------|-------|-------|-------|-------|--------|-----------
         Aggregated                                                                     15885     0(0.00%) |    182       7    1045    150 |  149.90        0.00

Type     Name                                                                          # reqs      # fails |    Avg     Min     Max    Med |   req/s  failures/s
--------|----------------------------------------------------------------------------|-------|-------------|-------|-------|-------|-------|--------|-----------
GET      /                                                                                474     0(0.00%) |     92      10     742     65 |    4.30        0.00
GET      /cart                                                                           2158     0(0.00%) |    192       7     742    170 |   18.60        0.00
POST     /cart [add]                                                                     2774     0(0.00%) |    204       9    1045    180 |   26.90        0.00
POST     /cart/checkout                                                                  1087     0(0.00%) |    205      12     694    180 |    9.50        0.00
GET      /product/[id]                                                                   8115     0(0.00%) |    190       7     844    170 |   75.10        0.00
POST     /setCurrency                                                                    1585     0(0.00%) |    104      12     697     88 |   14.40        0.00
--------|----------------------------------------------------------------------------|-------|-------------|-------|-------|-------|-------|--------|-----------
         Aggregated                                                                     16193     0(0.00%) |    182       7    1045    150 |  148.80        0.00

Type     Name                                                                          # reqs      # fails |    Avg     Min     Max    Med |   req/s  failures/s
--------|----------------------------------------------------------------------------|-------|-------------|-------|-------|-------|-------|--------|-----------
GET      /                                                                                478     0(0.00%) |     92      10     742     65 |    3.99        0.00
GET      /cart                                                                           2195     0(0.00%) |    192       7     742    170 |   18.33        0.00
POST     /cart [add]                                                                     2829     0(0.00%) |    205       9    1045    180 |   23.62        0.00
POST     /cart/checkout                                                                  1111     0(0.00%) |    206      12     694    180 |    9.28        0.00
GET      /product/[id]                                                                   8239     0(0.00%) |    190       7     844    170 |   68.79        0.00
POST     /setCurrency                                                                    1606     0(0.00%) |    103      12     697     88 |   13.41        0.00
--------|----------------------------------------------------------------------------|-------|-------------|-------|-------|-------|-------|--------|-----------
         Aggregated                                                                     16458     0(0.00%) |    183       7    1045    150 |  137.42        0.00

Response time percentiles (approximated)
Type     Name                                                                                  50%    66%    75%    80%    90%    95%    98%    99%  99.9% 99.99%   100% # reqs
--------|--------------------------------------------------------------------------------|--------|------|------|------|------|------|------|------|------|------|------|------
GET      /                                                                                      65    110    130    150    180    250    420    530    740    740    740    478
GET      /cart                                                                                 170    270    300    320    370    400    470    510    660    740    740   2195
POST     /cart [add]                                                                           180    260    300    320    370    400    470    540    910   1000   1000   2829
POST     /cart/checkout                                                                        180    290    310    350    400    420    490    500    600    690    690   1111
GET      /product/[id]                                                                         170    280    310    320    360    390    440    480    720    840    840   8239
POST     /setCurrency                                                                           88    120    150    160    210    260    360    440    680    700    700   1606
--------|--------------------------------------------------------------------------------|--------|------|------|------|------|------|------|------|------|------|------|------
         Aggregated                                                                            150    250    300    310    360    400    450    500    740    970   1000  16458

