/Users/edias/Library/Python/3.9/lib/python/site-packages/urllib3/__init__.py:35: NotOpenSSLWarning: urllib3 v2 only supports OpenSSL 1.1.1+, currently the 'ssl' module is compiled with 'LibreSSL 2.8.3'. See: https://github.com/urllib3/urllib3/issues/3020
  warnings.warn(
[2026-05-21 10:17:13,876] MacBook-Air-de-Eduardo/WARNING/locust.main: Python 3.9 support is deprecated and will be removed soon
Type     Name                                                                          # reqs      # fails |    Avg     Min     Max    Med |   req/s  failures/s
--------|----------------------------------------------------------------------------|-------|-------------|-------|-------|-------|-------|--------|-----------
--------|----------------------------------------------------------------------------|-------|-------------|-------|-------|-------|-------|--------|-----------
         Aggregated                                                                         0     0(0.00%) |      0       0       0      0 |    0.00        0.00

Type     Name                                                                          # reqs      # fails |    Avg     Min     Max    Med |   req/s  failures/s
--------|----------------------------------------------------------------------------|-------|-------------|-------|-------|-------|-------|--------|-----------
GET      /                                                                                  1     0(0.00%) |     24      24      24     24 |    0.00        0.00
GET      /cart                                                                              3     0(0.00%) |     19      18      21     20 |    0.00        0.00
POST     /cart [add]                                                                        3     0(0.00%) |     28      19      36     30 |    0.00        0.00
POST     /cart/checkout                                                                     1     0(0.00%) |     34      34      34     34 |    0.00        0.00
GET      /product/[id]                                                                     13     0(0.00%) |     29      14      68     24 |    0.00        0.00
POST     /setCurrency                                                                       2     0(0.00%) |     34      32      36     32 |    0.00        0.00
--------|----------------------------------------------------------------------------|-------|-------------|-------|-------|-------|-------|--------|-----------
         Aggregated                                                                        23     0(0.00%) |     28      14      68     25 |    0.00        0.00

Type     Name                                                                          # reqs      # fails |    Avg     Min     Max    Med |   req/s  failures/s
--------|----------------------------------------------------------------------------|-------|-------------|-------|-------|-------|-------|--------|-----------
GET      /                                                                                  2     0(0.00%) |     22      21      24     21 |    0.00        0.00
GET      /cart                                                                              8     0(0.00%) |     19      18      22     19 |    1.00        0.00
POST     /cart [add]                                                                       15     0(0.00%) |     25      17      36     25 |    1.00        0.00
POST     /cart/checkout                                                                     2    1(50.00%) |     24      14      34     15 |    0.50        0.00
GET      /product/[id]                                                                     37     0(0.00%) |     22      13      68     20 |    3.50        0.00
POST     /setCurrency                                                                       6     0(0.00%) |     26      19      36     24 |    0.50        0.00
--------|----------------------------------------------------------------------------|-------|-------------|-------|-------|-------|-------|--------|-----------
         Aggregated                                                                        70     1(1.43%) |     23      13      68     21 |    6.50        0.00

Type     Name                                                                          # reqs      # fails |    Avg     Min     Max    Med |   req/s  failures/s
--------|----------------------------------------------------------------------------|-------|-------------|-------|-------|-------|-------|--------|-----------
GET      /                                                                                  3     0(0.00%) |     22      21      24     21 |    0.50        0.00
GET      /cart                                                                             23     0(0.00%) |     17      13      22     18 |    1.25        0.00
POST     /cart [add]                                                                       33     0(0.00%) |     23      16      36     23 |    2.50        0.00
POST     /cart/checkout                                                                    10    2(20.00%) |     25       5      42     23 |    0.25        0.00
GET      /product/[id]                                                                     74     0(0.00%) |     19      11      68     17 |    6.00        0.00
POST     /setCurrency                                                                      12     0(0.00%) |     25      19      36     25 |    1.50        0.00
--------|----------------------------------------------------------------------------|-------|-------------|-------|-------|-------|-------|--------|-----------
         Aggregated                                                                       155     2(1.29%) |     20       5      68     20 |   12.00        0.00

Type     Name                                                                          # reqs      # fails |    Avg     Min     Max    Med |   req/s  failures/s
--------|----------------------------------------------------------------------------|-------|-------------|-------|-------|-------|-------|--------|-----------
GET      /                                                                                  6     0(0.00%) |     22      20      24     21 |    0.33        0.00
GET      /cart                                                                             32     0(0.00%) |     16      11      22     17 |    3.00        0.00
POST     /cart [add]                                                                       55     0(0.00%) |     23      16      39     23 |    4.00        0.00
POST     /cart/checkout                                                                    15    2(13.33%) |     29       5      72     25 |    1.00        0.33
GET      /product/[id]                                                                    129     0(0.00%) |     18      11      68     16 |    9.00        0.00
POST     /setCurrency                                                                      24     0(0.00%) |     24      19      36     24 |    1.67        0.00
--------|----------------------------------------------------------------------------|-------|-------------|-------|-------|-------|-------|--------|-----------
         Aggregated                                                                       261     2(0.77%) |     20       5      72     19 |   19.00        0.33

Type     Name                                                                          # reqs      # fails |    Avg     Min     Max    Med |   req/s  failures/s
--------|----------------------------------------------------------------------------|-------|-------------|-------|-------|-------|-------|--------|-----------
GET      /                                                                                  8     0(0.00%) |     27      19      62     21 |    0.38        0.00
GET      /cart                                                                             50     0(0.00%) |     16      11      24     16 |    3.25        0.00
POST     /cart [add]                                                                       72     0(0.00%) |     24      16      63     23 |    5.62        0.00
POST     /cart/checkout                                                                    22     2(9.09%) |     30       5      72     28 |    1.62        0.25
GET      /product/[id]                                                                    192     0(0.00%) |     18      11      68     16 |   13.00        0.00
POST     /setCurrency                                                                      51     0(0.00%) |     27      19      63     25 |    2.50        0.00
--------|----------------------------------------------------------------------------|-------|-------------|-------|-------|-------|-------|--------|-----------
         Aggregated                                                                       395     2(0.51%) |     21       5      72     19 |   26.38        0.25

Type     Name                                                                          # reqs      # fails |    Avg     Min     Max    Med |   req/s  failures/s
--------|----------------------------------------------------------------------------|-------|-------------|-------|-------|-------|-------|--------|-----------
GET      /                                                                                 10     0(0.00%) |     26      17      62     21 |    0.70        0.00
GET      /cart                                                                             70     0(0.00%) |     16      11      24     16 |    4.10        0.00
POST     /cart [add]                                                                       98     0(0.00%) |     24      16      63     22 |    6.30        0.00
POST     /cart/checkout                                                                    31     2(6.45%) |     29       5      72     29 |    1.80        0.20
GET      /product/[id]                                                                    280     0(0.00%) |     17      11      68     16 |   16.40        0.00
POST     /setCurrency                                                                      73     0(0.00%) |     26      18      63     24 |    3.90        0.00
--------|----------------------------------------------------------------------------|-------|-------------|-------|-------|-------|-------|--------|-----------
         Aggregated                                                                       562     2(0.36%) |     20       5      72     19 |   33.20        0.20

Type     Name                                                                          # reqs      # fails |    Avg     Min     Max    Med |   req/s  failures/s
--------|----------------------------------------------------------------------------|-------|-------------|-------|-------|-------|-------|--------|-----------
GET      /                                                                                 14     0(0.00%) |     25      17      62     21 |    1.00        0.00
GET      /cart                                                                             88     0(0.00%) |     17      11      47     16 |    6.00        0.00
POST     /cart [add]                                                                      129     0(0.00%) |     24      15      76     22 |    8.30        0.00
POST     /cart/checkout                                                                    48     2(4.17%) |     30       5      80     27 |    2.50        0.20
GET      /product/[id]                                                                    384     0(0.00%) |     17      11      68     16 |   23.40        0.00
POST     /setCurrency                                                                      92     0(0.00%) |     27      18      63     24 |    5.90        0.00
--------|----------------------------------------------------------------------------|-------|-------------|-------|-------|-------|-------|--------|-----------
         Aggregated                                                                       755     2(0.26%) |     21       5      80     19 |   47.10        0.20

Type     Name                                                                          # reqs      # fails |    Avg     Min     Max    Med |   req/s  failures/s
--------|----------------------------------------------------------------------------|-------|-------------|-------|-------|-------|-------|--------|-----------
GET      /                                                                                 20     0(0.00%) |     27      17      64     21 |    1.20        0.00
GET      /cart                                                                            116     0(0.00%) |     18      11      65     16 |    7.30        0.00
POST     /cart [add]                                                                      170     0(0.00%) |     29      15     171     23 |   10.50        0.00
POST     /cart/checkout                                                                    67     2(2.99%) |     35       5      89     29 |    4.10        0.20
GET      /product/[id]                                                                    488     0(0.00%) |     19      11      87     16 |   31.10        0.00
POST     /setCurrency                                                                     110     0(0.00%) |     28      18      88     25 |    7.50        0.00
--------|----------------------------------------------------------------------------|-------|-------------|-------|-------|-------|-------|--------|-----------
         Aggregated                                                                       971     2(0.21%) |     23       5     171     19 |   61.70        0.20

Type     Name                                                                          # reqs      # fails |    Avg     Min     Max    Med |   req/s  failures/s
--------|----------------------------------------------------------------------------|-------|-------------|-------|-------|-------|-------|--------|-----------
GET      /                                                                                 26     0(0.00%) |     29      17      77     23 |    1.60        0.00
GET      /cart                                                                            142     0(0.00%) |     22      10     170     17 |    8.50        0.00
POST     /cart [add]                                                                      212     0(0.00%) |     34      15     171     24 |   12.60        0.00
POST     /cart/checkout                                                                    84     2(2.38%) |     44       5     180     30 |    5.20        0.00
GET      /product/[id]                                                                    601     0(0.00%) |     22      11     148     16 |   38.90        0.00
POST     /setCurrency                                                                     133     0(0.00%) |     31      18     158     25 |    9.40        0.00
--------|----------------------------------------------------------------------------|-------|-------------|-------|-------|-------|-------|--------|-----------
         Aggregated                                                                      1198     2(0.17%) |     27       5     180     20 |   76.20        0.00

Type     Name                                                                          # reqs      # fails |    Avg     Min     Max    Med |   req/s  failures/s
--------|----------------------------------------------------------------------------|-------|-------------|-------|-------|-------|-------|--------|-----------
GET      /                                                                                 30     0(0.00%) |     34      17     129     25 |    2.30        0.00
GET      /cart                                                                            180     0(0.00%) |     25      10     170     18 |   10.40        0.00
POST     /cart [add]                                                                      259     0(0.00%) |     40      15     178     25 |   14.40        0.00
POST     /cart/checkout                                                                    96     2(2.08%) |     48       5     180     32 |    6.10        0.00
GET      /product/[id]                                                                    718     0(0.00%) |     24      11     148     17 |   44.40        0.00
POST     /setCurrency                                                                     158     0(0.00%) |     36      18     175     25 |   10.60        0.00
--------|----------------------------------------------------------------------------|-------|-------------|-------|-------|-------|-------|--------|-----------
         Aggregated                                                                      1441     2(0.14%) |     30       5     180     21 |   88.20        0.00

Type     Name                                                                          # reqs      # fails |    Avg     Min     Max    Med |   req/s  failures/s
--------|----------------------------------------------------------------------------|-------|-------------|-------|-------|-------|-------|--------|-----------
GET      /                                                                                 36     0(0.00%) |     40      17     179     27 |    2.10        0.00
GET      /cart                                                                            219     0(0.00%) |     31      10     170     18 |   11.90        0.00
POST     /cart [add]                                                                      310     0(0.00%) |     45      15     284     27 |   17.70        0.00
POST     /cart/checkout                                                                   117     2(1.71%) |     52       5     199     35 |    7.20        0.00
GET      /product/[id]                                                                    848     0(0.00%) |     26      11     165     17 |   49.70        0.00
POST     /setCurrency                                                                     181     0(0.00%) |     39      18     175     27 |   10.80        0.00
--------|----------------------------------------------------------------------------|-------|-------------|-------|-------|-------|-------|--------|-----------
         Aggregated                                                                      1711     2(0.12%) |     34       5     284     22 |   99.40        0.00

Type     Name                                                                          # reqs      # fails |    Avg     Min     Max    Med |   req/s  failures/s
--------|----------------------------------------------------------------------------|-------|-------------|-------|-------|-------|-------|--------|-----------
GET      /                                                                                 43     0(0.00%) |     45      17     179     27 |    2.20        0.00
GET      /cart                                                                            256     0(0.00%) |     32      10     170     19 |   13.50        0.00
POST     /cart [add]                                                                      363     0(0.00%) |     50      15     284     29 |   19.70        0.00
POST     /cart/checkout                                                                   134     2(1.49%) |     55       5     199     38 |    8.10        0.00
GET      /product/[id]                                                                    998     0(0.00%) |     29      11     165     18 |   55.00        0.00
POST     /setCurrency                                                                     201     0(0.00%) |     43      18     183     27 |   11.30        0.00
--------|----------------------------------------------------------------------------|-------|-------------|-------|-------|-------|-------|--------|-----------
         Aggregated                                                                      1995     2(0.10%) |     37       5     284     23 |  109.80        0.00

Type     Name                                                                          # reqs      # fails |    Avg     Min     Max    Med |   req/s  failures/s
--------|----------------------------------------------------------------------------|-------|-------------|-------|-------|-------|-------|--------|-----------
GET      /                                                                                 56     0(0.00%) |     66      17     293     35 |    2.40        0.00
GET      /cart                                                                            288     0(0.00%) |     38      10     262     19 |   16.80        0.00
POST     /cart [add]                                                                      407     0(0.00%) |     56      15     284     31 |   22.20        0.00
POST     /cart/checkout                                                                   152     2(1.32%) |     62       5     307     42 |    8.30        0.00
GET      /product/[id]                                                                   1132     0(0.00%) |     34      10     248     19 |   59.70        0.00
POST     /setCurrency                                                                     235     0(0.00%) |     54      18     335     28 |   10.90        0.00
--------|----------------------------------------------------------------------------|-------|-------------|-------|-------|-------|-------|--------|-----------
         Aggregated                                                                      2270     2(0.09%) |     43       5     335     24 |  120.30        0.00

Type     Name                                                                          # reqs      # fails |    Avg     Min     Max    Med |   req/s  failures/s
--------|----------------------------------------------------------------------------|-------|-------------|-------|-------|-------|-------|--------|-----------
GET      /                                                                                 62     0(0.00%) |     71      17     293     41 |    3.20        0.00
GET      /cart                                                                            325     0(0.00%) |     41      10     262     21 |   16.50        0.00
POST     /cart [add]                                                                      467     0(0.00%) |     61      15     284     36 |   24.00        0.00
POST     /cart/checkout                                                                   171     2(1.17%) |     66       5     307     64 |    8.90        0.00
GET      /product/[id]                                                                   1298     0(0.00%) |     37      10     248     20 |   61.40        0.00
POST     /setCurrency                                                                     267     0(0.00%) |     61      18     335     31 |   11.60        0.00
--------|----------------------------------------------------------------------------|-------|-------------|-------|-------|-------|-------|--------|-----------
         Aggregated                                                                      2590     2(0.08%) |     47       5     335     26 |  125.60        0.00

Type     Name                                                                          # reqs      # fails |    Avg     Min     Max    Med |   req/s  failures/s
--------|----------------------------------------------------------------------------|-------|-------------|-------|-------|-------|-------|--------|-----------
GET      /                                                                                 69     0(0.00%) |     76      17     293     54 |    2.32        0.00
GET      /cart                                                                            356     0(0.00%) |     44      10     262     22 |   11.98        0.00
POST     /cart [add]                                                                      515     0(0.00%) |     67      15     284     40 |   17.33        0.00
POST     /cart/checkout                                                                   182     2(1.10%) |     67       5     307     64 |    6.12        0.07
GET      /product/[id]                                                                   1439     0(0.00%) |     40      10     248     22 |   48.42        0.00
POST     /setCurrency                                                                     290     0(0.00%) |     65      18     335     33 |    9.76        0.00
--------|----------------------------------------------------------------------------|-------|-------------|-------|-------|-------|-------|--------|-----------
         Aggregated                                                                      2851     2(0.07%) |     50       5     335     28 |   95.94        0.07

Response time percentiles (approximated)
Type     Name                                                                                  50%    66%    75%    80%    90%    95%    98%    99%  99.9% 99.99%   100% # reqs
--------|--------------------------------------------------------------------------------|--------|------|------|------|------|------|------|------|------|------|------|------
GET      /                                                                                      54     81    110    120    180    230    290    290    290    290    290     69
GET      /cart                                                                                  23     39     57     76     98    140    180    200    260    260    260    356
POST     /cart [add]                                                                            40     76    100    110    150    180    210    250    280    280    280    515
POST     /cart/checkout                                                                         66     87     95    100    110    160    190    210    310    310    310    182
GET      /product/[id]                                                                          22     40     56     67     93    120    150    170    200    250    250   1439
POST     /setCurrency                                                                           34     64     97    110    150    180    240    300    340    340    340    290
--------|--------------------------------------------------------------------------------|--------|------|------|------|------|------|------|------|------|------|------|------
         Aggregated                                                                             28     52     72     85    110    150    180    210    310    340    340   2851

Error report
# occurrences      Error                                                                                               
------------------|---------------------------------------------------------------------------------------------------------------------------------------------
2                  POST /cart/checkout: HTTPError('500 Server Error: Internal Server Error for url: /cart/checkout')   
------------------|---------------------------------------------------------------------------------------------------------------------------------------------

