/Users/edias/Library/Python/3.9/lib/python/site-packages/urllib3/__init__.py:35: NotOpenSSLWarning: urllib3 v2 only supports OpenSSL 1.1.1+, currently the 'ssl' module is compiled with 'LibreSSL 2.8.3'. See: https://github.com/urllib3/urllib3/issues/3020
  warnings.warn(
[2026-05-20 20:35:54,123] Mac/WARNING/locust.main: Python 3.9 support is deprecated and will be removed soon
Type     Name                                                                          # reqs      # fails |    Avg     Min     Max    Med |   req/s  failures/s
--------|----------------------------------------------------------------------------|-------|-------------|-------|-------|-------|-------|--------|-----------
--------|----------------------------------------------------------------------------|-------|-------------|-------|-------|-------|-------|--------|-----------
         Aggregated                                                                         0     0(0.00%) |      0       0       0      0 |    0.00        0.00

Type     Name                                                                          # reqs      # fails |    Avg     Min     Max    Med |   req/s  failures/s
--------|----------------------------------------------------------------------------|-------|-------------|-------|-------|-------|-------|--------|-----------
GET      /cart                                                                              3     0(0.00%) |     14      11      16     15 |    0.00        0.00
POST     /cart [add]                                                                        6     0(0.00%) |     29      15      58     21 |    0.00        0.00
POST     /cart/checkout                                                                     1     0(0.00%) |     17      17      17     17 |    0.00        0.00
GET      /product/[id]                                                                      9     0(0.00%) |     17       9      30     14 |    0.00        0.00
POST     /setCurrency                                                                       3     0(0.00%) |     46      24      82     34 |    0.00        0.00
--------|----------------------------------------------------------------------------|-------|-------------|-------|-------|-------|-------|--------|-----------
         Aggregated                                                                        22     0(0.00%) |     24       9      82     18 |    0.00        0.00

Type     Name                                                                          # reqs      # fails |    Avg     Min     Max    Med |   req/s  failures/s
--------|----------------------------------------------------------------------------|-------|-------------|-------|-------|-------|-------|--------|-----------
GET      /                                                                                  1     0(0.00%) |     27      27      27     27 |    0.00        0.00
GET      /cart                                                                              6     0(0.00%) |     28       9      98     15 |    1.50        0.00
POST     /cart [add]                                                                       11     0(0.00%) |     23      13      58     20 |    3.00        0.00
POST     /cart/checkout                                                                     2     0(0.00%) |     16      15      17     16 |    0.50        0.00
GET      /product/[id]                                                                     39     0(0.00%) |     39       7     304     12 |    4.50        0.00
POST     /setCurrency                                                                       8     0(0.00%) |     66      12     314     24 |    1.00        0.00
--------|----------------------------------------------------------------------------|-------|-------------|-------|-------|-------|-------|--------|-----------
         Aggregated                                                                        67     0(0.00%) |     38       7     314     16 |   10.50        0.00

Type     Name                                                                          # reqs      # fails |    Avg     Min     Max    Med |   req/s  failures/s
--------|----------------------------------------------------------------------------|-------|-------------|-------|-------|-------|-------|--------|-----------
GET      /                                                                                  2     0(0.00%) |     21      15      27     16 |    0.25        0.00
GET      /cart                                                                             14     0(0.00%) |     17       7      98     10 |    1.25        0.00
POST     /cart [add]                                                                       27     0(0.00%) |     18       9      58     16 |    2.75        0.00
POST     /cart/checkout                                                                     9     0(0.00%) |     13       8      17     14 |    0.50        0.00
GET      /product/[id]                                                                     83     0(0.00%) |     23       6     304     10 |    9.00        0.00
POST     /setCurrency                                                                      17     0(0.00%) |     39      11     314     15 |    2.00        0.00
--------|----------------------------------------------------------------------------|-------|-------------|-------|-------|-------|-------|--------|-----------
         Aggregated                                                                       152     0(0.00%) |     23       6     314     12 |   15.75        0.00

Type     Name                                                                          # reqs      # fails |    Avg     Min     Max    Med |   req/s  failures/s
--------|----------------------------------------------------------------------------|-------|-------------|-------|-------|-------|-------|--------|-----------
GET      /                                                                                  5     0(0.00%) |     15       9      27     14 |    0.33        0.00
GET      /cart                                                                             29     0(0.00%) |     11       5      98      8 |    2.33        0.00
POST     /cart [add]                                                                       46     0(0.00%) |     15       7      58     12 |    4.50        0.00
POST     /cart/checkout                                                                    17     0(0.00%) |     12       8      17     14 |    1.50        0.00
GET      /product/[id]                                                                    146     0(0.00%) |     16       4     304      9 |   13.00        0.00
POST     /setCurrency                                                                      25     0(0.00%) |     30      11     314     15 |    2.67        0.00
--------|----------------------------------------------------------------------------|-------|-------------|-------|-------|-------|-------|--------|-----------
         Aggregated                                                                       268     0(0.00%) |     17       4     314     10 |   24.33        0.00

Type     Name                                                                          # reqs      # fails |    Avg     Min     Max    Med |   req/s  failures/s
--------|----------------------------------------------------------------------------|-------|-------------|-------|-------|-------|-------|--------|-----------
GET      /                                                                                  7     0(0.00%) |     14       9      27     11 |    0.62        0.00
GET      /cart                                                                             45     0(0.00%) |     12       5      98      8 |    3.50        0.00
POST     /cart [add]                                                                       78     0(0.00%) |     15       6      99     11 |    5.38        0.00
POST     /cart/checkout                                                                    32     0(0.00%) |     11       8      17     11 |    1.88        0.00
GET      /product/[id]                                                                    218     0(0.00%) |     14       4     304      8 |   18.00        0.00
POST     /setCurrency                                                                      35     0(0.00%) |     26      11     314     15 |    3.00        0.00
--------|----------------------------------------------------------------------------|-------|-------------|-------|-------|-------|-------|--------|-----------
         Aggregated                                                                       415     0(0.00%) |     15       4     314     10 |   32.38        0.00

Type     Name                                                                          # reqs      # fails |    Avg     Min     Max    Med |   req/s  failures/s
--------|----------------------------------------------------------------------------|-------|-------------|-------|-------|-------|-------|--------|-----------
GET      /                                                                                 17     0(0.00%) |     12       8      27     11 |    0.70        0.00
GET      /cart                                                                             68     0(0.00%) |     10       4      98      7 |    4.30        0.00
POST     /cart [add]                                                                      114     0(0.00%) |     13       6      99     11 |    7.50        0.00
POST     /cart/checkout                                                                    44     0(0.00%) |     11       8      19     11 |    3.10        0.00
GET      /product/[id]                                                                    292     0(0.00%) |     12       4     304      8 |   21.40        0.00
POST     /setCurrency                                                                      55     0(0.00%) |     21      10     314     14 |    3.50        0.00
--------|----------------------------------------------------------------------------|-------|-------------|-------|-------|-------|-------|--------|-----------
         Aggregated                                                                       590     0(0.00%) |     13       4     314      9 |   40.50        0.00

Type     Name                                                                          # reqs      # fails |    Avg     Min     Max    Med |   req/s  failures/s
--------|----------------------------------------------------------------------------|-------|-------------|-------|-------|-------|-------|--------|-----------
GET      /                                                                                 20     0(0.00%) |     11       8      27     11 |    1.10        0.00
GET      /cart                                                                             86     0(0.00%) |      9       4      98      7 |    5.30        0.00
POST     /cart [add]                                                                      141     0(0.00%) |     13       6      99     10 |    9.50        0.00
POST     /cart/checkout                                                                    53     0(0.00%) |     11       7      19     10 |    4.10        0.00
GET      /product/[id]                                                                    373     0(0.00%) |     12       4     304      8 |   24.60        0.00
POST     /setCurrency                                                                      68     0(0.00%) |     20      10     314     13 |    4.00        0.00
--------|----------------------------------------------------------------------------|-------|-------------|-------|-------|-------|-------|--------|-----------
         Aggregated                                                                       741     0(0.00%) |     13       4     314      9 |   48.60        0.00

Type     Name                                                                          # reqs      # fails |    Avg     Min     Max    Med |   req/s  failures/s
--------|----------------------------------------------------------------------------|-------|-------------|-------|-------|-------|-------|--------|-----------
GET      /                                                                                 22     0(0.00%) |     53       8     494     11 |    1.90        0.00
GET      /cart                                                                             96     0(0.00%) |     39       4     890      7 |    8.10        0.00
POST     /cart [add]                                                                      157     0(0.00%) |     49       6     931     11 |   13.00        0.00
POST     /cart/checkout                                                                    63     0(0.00%) |     65       7    1094     11 |    5.10        0.00
GET      /product/[id]                                                                    422     0(0.00%) |     47       4     925      8 |   33.70        0.00
POST     /setCurrency                                                                      76     0(0.00%) |     61       9    1005     13 |    6.00        0.00
--------|----------------------------------------------------------------------------|-------|-------------|-------|-------|-------|-------|--------|-----------
         Aggregated                                                                       836     0(0.00%) |     49       4    1094      9 |   67.80        0.00

Type     Name                                                                          # reqs      # fails |    Avg     Min     Max    Med |   req/s  failures/s
--------|----------------------------------------------------------------------------|-------|-------------|-------|-------|-------|-------|--------|-----------
GET      /                                                                                 28     0(0.00%) |     44       8     494     11 |    2.00        0.00
GET      /cart                                                                            117     0(0.00%) |     34       4     890      7 |    8.00        0.00
POST     /cart [add]                                                                      191     0(0.00%) |     42       6     931     10 |   12.70        0.00
POST     /cart/checkout                                                                    75     0(0.00%) |     56       7    1094     11 |    5.10        0.00
GET      /product/[id]                                                                    528     0(0.00%) |     39       4     925      8 |   33.70        0.00
POST     /setCurrency                                                                      88     0(0.00%) |     55       9    1005     13 |    6.00        0.00
--------|----------------------------------------------------------------------------|-------|-------------|-------|-------|-------|-------|--------|-----------
         Aggregated                                                                      1027     0(0.00%) |     42       4    1094      9 |   67.50        0.00

Type     Name                                                                          # reqs      # fails |    Avg     Min     Max    Med |   req/s  failures/s
--------|----------------------------------------------------------------------------|-------|-------------|-------|-------|-------|-------|--------|-----------
GET      /                                                                                 31     0(0.00%) |     41       8     494     11 |    2.30        0.00
GET      /cart                                                                            137     0(0.00%) |     31       4     890      7 |    8.50        0.00
POST     /cart [add]                                                                      225     0(0.00%) |     39       6     931     10 |   14.60        0.00
POST     /cart/checkout                                                                    89     0(0.00%) |     49       7    1094     11 |    5.90        0.00
GET      /product/[id]                                                                    627     0(0.00%) |     35       4     925      8 |   37.50        0.00
POST     /setCurrency                                                                     104     0(0.00%) |     51       9    1005     13 |    6.40        0.00
--------|----------------------------------------------------------------------------|-------|-------------|-------|-------|-------|-------|--------|-----------
         Aggregated                                                                      1213     0(0.00%) |     38       4    1094      9 |   75.20        0.00

Type     Name                                                                          # reqs      # fails |    Avg     Min     Max    Med |   req/s  failures/s
--------|----------------------------------------------------------------------------|-------|-------------|-------|-------|-------|-------|--------|-----------
GET      /                                                                                 34     0(0.00%) |     38       8     494     11 |    2.40        0.00
GET      /cart                                                                            155     0(0.00%) |     31       4     890      7 |    8.80        0.00
POST     /cart [add]                                                                      250     0(0.00%) |     36       6     931     10 |   14.80        0.00
POST     /cart/checkout                                                                    97     0(0.00%) |     49       7    1094     11 |    5.80        0.00
GET      /product/[id]                                                                    713     0(0.00%) |     33       4     925      8 |   39.00        0.00
POST     /setCurrency                                                                     123     0(0.00%) |     49       9    1005     13 |    6.80        0.00
--------|----------------------------------------------------------------------------|-------|-------------|-------|-------|-------|-------|--------|-----------
         Aggregated                                                                      1372     0(0.00%) |     36       4    1094      9 |   77.60        0.00

Type     Name                                                                          # reqs      # fails |    Avg     Min     Max    Med |   req/s  failures/s
--------|----------------------------------------------------------------------------|-------|-------------|-------|-------|-------|-------|--------|-----------
GET      /                                                                                 38     0(0.00%) |     35       8     494     11 |    1.80        0.00
GET      /cart                                                                            170     0(0.00%) |     38       4     890      7 |    8.80        0.00
POST     /cart [add]                                                                      284     0(0.00%) |     41       6     931     10 |   13.80        0.00
POST     /cart/checkout                                                                   112     0(0.00%) |     45       7    1094     11 |    5.30        0.00
GET      /product/[id]                                                                    793     0(0.00%) |     39       3     925      8 |   42.70        0.00
POST     /setCurrency                                                                     139     0(0.00%) |     49       9    1005     13 |    6.90        0.00
--------|----------------------------------------------------------------------------|-------|-------------|-------|-------|-------|-------|--------|-----------
         Aggregated                                                                      1536     0(0.00%) |     41       3    1094      9 |   79.30        0.00

Type     Name                                                                          # reqs      # fails |    Avg     Min     Max    Med |   req/s  failures/s
--------|----------------------------------------------------------------------------|-------|-------------|-------|-------|-------|-------|--------|-----------
GET      /                                                                                 42     0(0.00%) |     33       8     494     11 |    1.80        0.00
GET      /cart                                                                            196     0(0.00%) |     35       4     890      7 |    8.20        0.00
POST     /cart [add]                                                                      320     0(0.00%) |     38       6     931     10 |   13.90        0.00
POST     /cart/checkout                                                                   131     0(0.00%) |     41       7    1094     10 |    5.70        0.00
GET      /product/[id]                                                                    889     0(0.00%) |     36       3     925      7 |   41.40        0.00
POST     /setCurrency                                                                     155     0(0.00%) |     46       9    1005     13 |    6.80        0.00
--------|----------------------------------------------------------------------------|-------|-------------|-------|-------|-------|-------|--------|-----------
         Aggregated                                                                      1733     0(0.00%) |     37       3    1094      9 |   77.80        0.00

Type     Name                                                                          # reqs      # fails |    Avg     Min     Max    Med |   req/s  failures/s
--------|----------------------------------------------------------------------------|-------|-------------|-------|-------|-------|-------|--------|-----------
GET      /                                                                                 47     0(0.00%) |     32       8     494     11 |    1.80        0.00
GET      /cart                                                                            216     0(0.00%) |     32       4     890      7 |    9.70        0.00
POST     /cart [add]                                                                      359     0(0.00%) |     35       6     931     10 |   16.40        0.00
POST     /cart/checkout                                                                   142     0(0.00%) |     39       7    1094     10 |    7.10        0.00
GET      /product/[id]                                                                    984     0(0.00%) |     33       3     925      7 |   46.60        0.00
POST     /setCurrency                                                                     174     0(0.00%) |     43       9    1005     13 |    7.70        0.00
--------|----------------------------------------------------------------------------|-------|-------------|-------|-------|-------|-------|--------|-----------
         Aggregated                                                                      1922     0(0.00%) |     35       3    1094      9 |   89.30        0.00

Type     Name                                                                          # reqs      # fails |    Avg     Min     Max    Med |   req/s  failures/s
--------|----------------------------------------------------------------------------|-------|-------------|-------|-------|-------|-------|--------|-----------
GET      /                                                                                 51     0(0.00%) |     30       8     494     11 |    1.72        0.00
GET      /cart                                                                            234     0(0.00%) |     31       4     890      7 |    7.91        0.00
POST     /cart [add]                                                                      382     0(0.00%) |     33       6     931     10 |   12.92        0.00
POST     /cart/checkout                                                                   152     0(0.00%) |     38       7    1094     10 |    5.14        0.00
GET      /product/[id]                                                                   1059     0(0.00%) |     32       3     925      7 |   35.81        0.00
POST     /setCurrency                                                                     184     0(0.00%) |     42       9    1005     13 |    6.22        0.00
--------|----------------------------------------------------------------------------|-------|-------------|-------|-------|-------|-------|--------|-----------
         Aggregated                                                                      2062     0(0.00%) |     33       3    1094      9 |   69.72        0.00

Response time percentiles (approximated)
Type     Name                                                                                  50%    66%    75%    80%    90%    95%    98%    99%  99.9% 99.99%   100% # reqs
--------|--------------------------------------------------------------------------------|--------|------|------|------|------|------|------|------|------|------|------|------
GET      /                                                                                      11     11     12     13     23     50    440    490    490    490    490     51
GET      /cart                                                                                   7      9      9     10     29     98    550    580    890    890    890    234
POST     /cart [add]                                                                            10     11     12     13     19     78    640    760    930    930    930    382
POST     /cart/checkout                                                                         10     12     13     14     24     80    260   1100   1100   1100   1100    152
GET      /product/[id]                                                                           7      8      9     10     20    110    590    680    830    930    930   1059
POST     /setCurrency                                                                           13     15     16     21     60    130    410    910   1000   1000   1000    184
--------|--------------------------------------------------------------------------------|--------|------|------|------|------|------|------|------|------|------|------|------
         Aggregated                                                                              9     10     12     13     24     95    570    690   1100   1100   1100   2062

