/Users/edias/Library/Python/3.9/lib/python/site-packages/urllib3/__init__.py:35: NotOpenSSLWarning: urllib3 v2 only supports OpenSSL 1.1.1+, currently the 'ssl' module is compiled with 'LibreSSL 2.8.3'. See: https://github.com/urllib3/urllib3/issues/3020
  warnings.warn(
[2026-05-21 09:22:43,541] MacBook-Air-de-Eduardo/WARNING/locust.main: Python 3.9 support is deprecated and will be removed soon
Type     Name                                                                          # reqs      # fails |    Avg     Min     Max    Med |   req/s  failures/s
--------|----------------------------------------------------------------------------|-------|-------------|-------|-------|-------|-------|--------|-----------
--------|----------------------------------------------------------------------------|-------|-------------|-------|-------|-------|-------|--------|-----------
         Aggregated                                                                         0     0(0.00%) |      0       0       0      0 |    0.00        0.00

Type     Name                                                                          # reqs      # fails |    Avg     Min     Max    Med |   req/s  failures/s
--------|----------------------------------------------------------------------------|-------|-------------|-------|-------|-------|-------|--------|-----------
GET      /cart                                                                              2     0(0.00%) |     12      11      13     11 |    0.00        0.00
POST     /cart [add]                                                                        4     0(0.00%) |     23      16      35     17 |    0.00        0.00
POST     /cart/checkout                                                                     3     0(0.00%) |     21      18      26     19 |    0.00        0.00
GET      /product/[id]                                                                     16     0(0.00%) |     14       9      19     14 |    0.00        0.00
POST     /setCurrency                                                                       1     0(0.00%) |     50      50      50     50 |    0.00        0.00
--------|----------------------------------------------------------------------------|-------|-------------|-------|-------|-------|-------|--------|-----------
         Aggregated                                                                        26     0(0.00%) |     17       9      50     15 |    0.00        0.00

Type     Name                                                                          # reqs      # fails |    Avg     Min     Max    Med |   req/s  failures/s
--------|----------------------------------------------------------------------------|-------|-------------|-------|-------|-------|-------|--------|-----------
GET      /cart                                                                             12     0(0.00%) |     11       8      15     11 |    0.50        0.00
POST     /cart [add]                                                                       13     0(0.00%) |     18      12      35     17 |    1.00        0.00
POST     /cart/checkout                                                                     6     0(0.00%) |     19      13      26     18 |    0.50        0.00
GET      /product/[id]                                                                     42     0(0.00%) |     12       8      19     12 |    5.00        0.00
POST     /setCurrency                                                                       4     0(0.00%) |     27      16      50     20 |    0.50        0.00
--------|----------------------------------------------------------------------------|-------|-------------|-------|-------|-------|-------|--------|-----------
         Aggregated                                                                        77     0(0.00%) |     14       8      50     13 |    7.50        0.00

Type     Name                                                                          # reqs      # fails |    Avg     Min     Max    Med |   req/s  failures/s
--------|----------------------------------------------------------------------------|-------|-------------|-------|-------|-------|-------|--------|-----------
GET      /                                                                                  3     0(0.00%) |     14      14      15     15 |    0.00        0.00
GET      /cart                                                                             26     0(0.00%) |     12       8      45     11 |    2.25        0.00
POST     /cart [add]                                                                       27     0(0.00%) |     16      10      35     16 |    2.50        0.00
POST     /cart/checkout                                                                    11     0(0.00%) |     17      12      26     16 |    1.25        0.00
GET      /product/[id]                                                                     80     0(0.00%) |     13       7      95     12 |    9.00        0.00
POST     /setCurrency                                                                      13     0(0.00%) |     20      14      50     17 |    1.00        0.00
--------|----------------------------------------------------------------------------|-------|-------------|-------|-------|-------|-------|--------|-----------
         Aggregated                                                                       160     0(0.00%) |     14       7      95     13 |   16.00        0.00

Type     Name                                                                          # reqs      # fails |    Avg     Min     Max    Med |   req/s  failures/s
--------|----------------------------------------------------------------------------|-------|-------------|-------|-------|-------|-------|--------|-----------
GET      /                                                                                  6     0(0.00%) |     14      12      16     14 |    0.17        0.00
GET      /cart                                                                             37     0(0.00%) |     12       8      45     11 |    3.33        0.00
POST     /cart [add]                                                                       44     0(0.00%) |     15      10      35     16 |    3.83        0.00
POST     /cart/checkout                                                                    16     0(0.00%) |     16      12      26     15 |    1.67        0.00
GET      /product/[id]                                                                    149     0(0.00%) |     11       7      95     11 |   11.33        0.00
POST     /setCurrency                                                                      21     0(0.00%) |     18      14      50     17 |    2.00        0.00
--------|----------------------------------------------------------------------------|-------|-------------|-------|-------|-------|-------|--------|-----------
         Aggregated                                                                       273     0(0.00%) |     13       7      95     12 |   22.33        0.00

Type     Name                                                                          # reqs      # fails |    Avg     Min     Max    Med |   req/s  failures/s
--------|----------------------------------------------------------------------------|-------|-------------|-------|-------|-------|-------|--------|-----------
GET      /                                                                                  9     0(0.00%) |     14      12      16     14 |    0.75        0.00
GET      /cart                                                                             56     0(0.00%) |     11       8      45     11 |    4.12        0.00
POST     /cart [add]                                                                       68     0(0.00%) |     15      10      35     15 |    4.38        0.00
POST     /cart/checkout                                                                    25     0(0.00%) |     16      12      26     16 |    1.62        0.00
GET      /product/[id]                                                                    221     0(0.00%) |     12       7      95     11 |   16.62        0.00
POST     /setCurrency                                                                      33     0(0.00%) |     18      13      60     16 |    2.38        0.00
--------|----------------------------------------------------------------------------|-------|-------------|-------|-------|-------|-------|--------|-----------
         Aggregated                                                                       412     0(0.00%) |     13       7      95     12 |   29.88        0.00

Type     Name                                                                          # reqs      # fails |    Avg     Min     Max    Med |   req/s  failures/s
--------|----------------------------------------------------------------------------|-------|-------------|-------|-------|-------|-------|--------|-----------
GET      /                                                                                 13     0(0.00%) |     14      12      22     14 |    0.80        0.00
GET      /cart                                                                             80     0(0.00%) |     11       6      45     11 |    5.20        0.00
POST     /cart [add]                                                                      100     0(0.00%) |     15      10      35     15 |    6.30        0.00
POST     /cart/checkout                                                                    35     0(0.00%) |     16      12      26     16 |    2.40        0.00
GET      /product/[id]                                                                    289     0(0.00%) |     13       6      95     11 |   19.40        0.00
POST     /setCurrency                                                                      52     0(0.00%) |     20      13      86     16 |    2.90        0.00
--------|----------------------------------------------------------------------------|-------|-------------|-------|-------|-------|-------|--------|-----------
         Aggregated                                                                       569     0(0.00%) |     14       6      95     12 |   37.00        0.00

Type     Name                                                                          # reqs      # fails |    Avg     Min     Max    Med |   req/s  failures/s
--------|----------------------------------------------------------------------------|-------|-------------|-------|-------|-------|-------|--------|-----------
GET      /                                                                                 14     0(0.00%) |     40      12     372     14 |    1.20        0.00
GET      /cart                                                                             87     0(0.00%) |     73       6     919     11 |    7.60        0.00
POST     /cart [add]                                                                      105     0(0.00%) |    104      10    1981     15 |    8.80        0.00
POST     /cart/checkout                                                                    35     0(0.00%) |     16      12      26     16 |    3.00        0.00
GET      /product/[id]                                                                    308     0(0.00%) |     64       6    1018     11 |   26.20        0.00
POST     /setCurrency                                                                      60     0(0.00%) |    107      13     902     17 |    4.50        0.00
--------|----------------------------------------------------------------------------|-------|-------------|-------|-------|-------|-------|--------|-----------
         Aggregated                                                                       609     0(0.00%) |     73       6    1981     13 |   51.30        0.00

Type     Name                                                                          # reqs      # fails |    Avg     Min     Max    Med |   req/s  failures/s
--------|----------------------------------------------------------------------------|-------|-------------|-------|-------|-------|-------|--------|-----------
GET      /                                                                                 20     0(0.00%) |     34      12     372     14 |    1.30        0.00
GET      /cart                                                                            119     0(0.00%) |     58       6     919     11 |    7.30        0.00
POST     /cart [add]                                                                      144     0(0.00%) |     89      10    1981     16 |    9.00        0.00
POST     /cart/checkout                                                                    46     0(0.00%) |     21      12      78     17 |    3.00        0.00
GET      /product/[id]                                                                    416     0(0.00%) |     64       6    1018     11 |   26.70        0.00
POST     /setCurrency                                                                      84     0(0.00%) |     82      13     902     17 |    5.30        0.00
--------|----------------------------------------------------------------------------|-------|-------------|-------|-------|-------|-------|--------|-----------
         Aggregated                                                                       829     0(0.00%) |     66       6    1981     13 |   52.60        0.00

Type     Name                                                                          # reqs      # fails |    Avg     Min     Max    Med |   req/s  failures/s
--------|----------------------------------------------------------------------------|-------|-------------|-------|-------|-------|-------|--------|-----------
GET      /                                                                                 26     0(0.00%) |     31      12     372     14 |    1.80        0.00
GET      /cart                                                                            151     0(0.00%) |     54       6     919     12 |    9.00        0.00
POST     /cart [add]                                                                      192     0(0.00%) |     76      10    1981     16 |   10.80        0.00
POST     /cart/checkout                                                                    62     0(0.00%) |     24      12      79     18 |    3.30        0.00
GET      /product/[id]                                                                    522     0(0.00%) |     58       6    1018     11 |   31.30        0.00
POST     /setCurrency                                                                     107     0(0.00%) |     71      13     902     17 |    6.10        0.00
--------|----------------------------------------------------------------------------|-------|-------------|-------|-------|-------|-------|--------|-----------
         Aggregated                                                                      1060     0(0.00%) |     59       6    1981     14 |   62.30        0.00

Type     Name                                                                          # reqs      # fails |    Avg     Min     Max    Med |   req/s  failures/s
--------|----------------------------------------------------------------------------|-------|-------------|-------|-------|-------|-------|--------|-----------
GET      /                                                                                 30     0(0.00%) |     31      12     372     14 |    1.80        0.00
GET      /cart                                                                            184     0(0.00%) |     52       6     919     12 |   10.50        0.00
POST     /cart [add]                                                                      237     0(0.00%) |     71      10    1981     17 |   14.80        0.00
POST     /cart/checkout                                                                    82     0(0.00%) |     30      12     150     19 |    4.70        0.00
GET      /product/[id]                                                                    648     0(0.00%) |     54       6    1018     12 |   35.00        0.00
POST     /setCurrency                                                                     136     0(0.00%) |     62      13     902     17 |    8.20        0.00
--------|----------------------------------------------------------------------------|-------|-------------|-------|-------|-------|-------|--------|-----------
         Aggregated                                                                      1317     0(0.00%) |     56       6    1981     15 |   75.00        0.00

Type     Name                                                                          # reqs      # fails |    Avg     Min     Max    Med |   req/s  failures/s
--------|----------------------------------------------------------------------------|-------|-------------|-------|-------|-------|-------|--------|-----------
GET      /                                                                                 36     0(0.00%) |     29      12     372     15 |    2.20        0.00
GET      /cart                                                                            219     0(0.00%) |     52       6     919     13 |   12.40        0.00
POST     /cart [add]                                                                      284     0(0.00%) |     69      10    1981     18 |   16.00        0.00
POST     /cart/checkout                                                                    98     0(0.00%) |     36      12     150     20 |    5.30        0.00
GET      /product/[id]                                                                    790     0(0.00%) |     53       6    1018     12 |   41.60        0.00
POST     /setCurrency                                                                     161     0(0.00%) |     56      13     902     17 |    9.30        0.00
--------|----------------------------------------------------------------------------|-------|-------------|-------|-------|-------|-------|--------|-----------
         Aggregated                                                                      1588     0(0.00%) |     54       6    1981     16 |   86.80        0.00

Type     Name                                                                          # reqs      # fails |    Avg     Min     Max    Med |   req/s  failures/s
--------|----------------------------------------------------------------------------|-------|-------------|-------|-------|-------|-------|--------|-----------
GET      /                                                                                 47     0(0.00%) |     29      12     372     15 |    2.30        0.00
GET      /cart                                                                            253     0(0.00%) |     60       6     919     14 |   12.90        0.00
POST     /cart [add]                                                                      332     0(0.00%) |     70      10    1981     18 |   18.20        0.00
POST     /cart/checkout                                                                   123     0(0.00%) |     49      12     444     25 |    6.30        0.00
GET      /product/[id]                                                                    926     0(0.00%) |     56       6    1018     13 |   47.60        0.00
POST     /setCurrency                                                                     180     0(0.00%) |     58      13     902     17 |   10.70        0.00
--------|----------------------------------------------------------------------------|-------|-------------|-------|-------|-------|-------|--------|-----------
         Aggregated                                                                      1861     0(0.00%) |     58       6    1981     17 |   98.00        0.00

Type     Name                                                                          # reqs      # fails |    Avg     Min     Max    Med |   req/s  failures/s
--------|----------------------------------------------------------------------------|-------|-------------|-------|-------|-------|-------|--------|-----------
GET      /                                                                                 56     0(0.00%) |     30      11     372     15 |    2.80        0.00
GET      /cart                                                                            301     0(0.00%) |     60       6     919     17 |   15.60        0.00
POST     /cart [add]                                                                      380     0(0.00%) |     71      10    1981     20 |   22.00        0.00
POST     /cart/checkout                                                                   138     0(0.00%) |     50      12     444     27 |    8.10        0.00
GET      /product/[id]                                                                   1068     0(0.00%) |     57       6    1018     14 |   58.50        0.00
POST     /setCurrency                                                                     212     0(0.00%) |     55      13     902     18 |   11.80        0.00
--------|----------------------------------------------------------------------------|-------|-------------|-------|-------|-------|-------|--------|-----------
         Aggregated                                                                      2155     0(0.00%) |     59       6    1981     18 |  118.80        0.00

Type     Name                                                                          # reqs      # fails |    Avg     Min     Max    Med |   req/s  failures/s
--------|----------------------------------------------------------------------------|-------|-------------|-------|-------|-------|-------|--------|-----------
GET      /                                                                                 63     0(0.00%) |     29      11     372     16 |    3.60        0.00
GET      /cart                                                                            338     0(0.00%) |     64       6     919     20 |   17.60        0.00
POST     /cart [add]                                                                      429     0(0.00%) |     72      10    1981     23 |   23.60        0.00
POST     /cart/checkout                                                                   155     0(0.00%) |     52      12     444     28 |    9.10        0.00
GET      /product/[id]                                                                   1216     0(0.00%) |     61       6    1018     18 |   64.60        0.00
POST     /setCurrency                                                                     234     0(0.00%) |     53      13     902     18 |   13.00        0.00
--------|----------------------------------------------------------------------------|-------|-------------|-------|-------|-------|-------|--------|-----------
         Aggregated                                                                      2435     0(0.00%) |     61       6    1981     20 |  131.50        0.00

Type     Name                                                                          # reqs      # fails |    Avg     Min     Max    Med |   req/s  failures/s
--------|----------------------------------------------------------------------------|-------|-------------|-------|-------|-------|-------|--------|-----------
GET      /                                                                                 71     0(0.00%) |     29      11     372     16 |    2.38        0.00
GET      /cart                                                                            363     0(0.00%) |     66       6     919     25 |   12.19        0.00
POST     /cart [add]                                                                      472     0(0.00%) |     73      10    1981     27 |   15.85        0.00
POST     /cart/checkout                                                                   175     0(0.00%) |     55      12     444     32 |    5.88        0.00
GET      /product/[id]                                                                   1352     0(0.00%) |     63       6    1018     22 |   45.39        0.00
POST     /setCurrency                                                                     261     0(0.00%) |     51      13     902     18 |    8.76        0.00
--------|----------------------------------------------------------------------------|-------|-------------|-------|-------|-------|-------|--------|-----------
         Aggregated                                                                      2694     0(0.00%) |     63       6    1981     22 |   90.45        0.00

Response time percentiles (approximated)
Type     Name                                                                                  50%    66%    75%    80%    90%    95%    98%    99%  99.9% 99.99%   100% # reqs
--------|--------------------------------------------------------------------------------|--------|------|------|------|------|------|------|------|------|------|------|------
GET      /                                                                                      16     22     31     34     55     70     99    370    370    370    370     71
GET      /cart                                                                                  25     52     76     93    150    200    450    830    920    920    920    363
POST     /cart [add]                                                                            27     60     81     93    130    170    220   1700   2000   2000   2000    472
POST     /cart/checkout                                                                         32     52     74     89    110    150    270    440    440    440    440    175
GET      /product/[id]                                                                          22     50     75     95    140    180    360    890    990   1000   1000   1352
POST     /setCurrency                                                                           18     25     37     48     74    120    650    890    900    900    900    261
--------|--------------------------------------------------------------------------------|--------|------|------|------|------|------|------|------|------|------|------|------
         Aggregated                                                                             22     47     71     87    140    180    360    870   1900   2000   2000   2694

