/Users/edias/Library/Python/3.9/lib/python/site-packages/urllib3/__init__.py:35: NotOpenSSLWarning: urllib3 v2 only supports OpenSSL 1.1.1+, currently the 'ssl' module is compiled with 'LibreSSL 2.8.3'. See: https://github.com/urllib3/urllib3/issues/3020
  warnings.warn(
[2026-05-21 09:40:01,263] MacBook-Air-de-Eduardo/WARNING/locust.main: Python 3.9 support is deprecated and will be removed soon
Type     Name                                                                          # reqs      # fails |    Avg     Min     Max    Med |   req/s  failures/s
--------|----------------------------------------------------------------------------|-------|-------------|-------|-------|-------|-------|--------|-----------
--------|----------------------------------------------------------------------------|-------|-------------|-------|-------|-------|-------|--------|-----------
         Aggregated                                                                         0     0(0.00%) |      0       0       0      0 |    0.00        0.00

Type     Name                                                                          # reqs      # fails |    Avg     Min     Max    Med |   req/s  failures/s
--------|----------------------------------------------------------------------------|-------|-------------|-------|-------|-------|-------|--------|-----------
GET      /cart                                                                              4     0(0.00%) |     15       9      21     14 |    0.00        0.00
POST     /cart [add]                                                                        4     0(0.00%) |     18      14      21     18 |    0.00        0.00
POST     /cart/checkout                                                                     2     0(0.00%) |     20      17      23     18 |    0.00        0.00
GET      /product/[id]                                                                     12     0(0.00%) |     17      10      25     16 |    0.00        0.00
POST     /setCurrency                                                                       2     0(0.00%) |     17      16      18     16 |    0.00        0.00
--------|----------------------------------------------------------------------------|-------|-------------|-------|-------|-------|-------|--------|-----------
         Aggregated                                                                        24     0(0.00%) |     17       9      25     18 |    0.00        0.00

Type     Name                                                                          # reqs      # fails |    Avg     Min     Max    Med |   req/s  failures/s
--------|----------------------------------------------------------------------------|-------|-------------|-------|-------|-------|-------|--------|-----------
GET      /                                                                                  1     0(0.00%) |     14      14      14     14 |    0.00        0.00
GET      /cart                                                                             14     0(0.00%) |     12       9      21     12 |    1.00        0.00
POST     /cart [add]                                                                       15     0(0.00%) |     17      12      26     18 |    2.00        0.00
POST     /cart/checkout                                                                     5     0(0.00%) |     17      13      23     15 |    1.00        0.00
GET      /product/[id]                                                                     36     0(0.00%) |     13       8      25     13 |    6.00        0.00
POST     /setCurrency                                                                       4     0(0.00%) |     20      16      26     19 |    1.00        0.00
--------|----------------------------------------------------------------------------|-------|-------------|-------|-------|-------|-------|--------|-----------
         Aggregated                                                                        75     0(0.00%) |     15       8      26     14 |   11.00        0.00

Type     Name                                                                          # reqs      # fails |    Avg     Min     Max    Med |   req/s  failures/s
--------|----------------------------------------------------------------------------|-------|-------------|-------|-------|-------|-------|--------|-----------
GET      /                                                                                  3     0(0.00%) |     15      14      17     15 |    0.25        0.00
GET      /cart                                                                             25     0(0.00%) |     12       7      32     11 |    3.00        0.00
POST     /cart [add]                                                                       29     0(0.00%) |     16      10      26     16 |    3.50        0.00
POST     /cart/checkout                                                                    10     0(0.00%) |     16      12      23     15 |    1.00        0.00
GET      /product/[id]                                                                     82     0(0.00%) |     13       8      39     12 |    8.00        0.00
POST     /setCurrency                                                                      10     0(0.00%) |     18      15      26     17 |    1.00        0.00
--------|----------------------------------------------------------------------------|-------|-------------|-------|-------|-------|-------|--------|-----------
         Aggregated                                                                       159     0(0.00%) |     14       7      39     14 |   16.75        0.00

Type     Name                                                                          # reqs      # fails |    Avg     Min     Max    Med |   req/s  failures/s
--------|----------------------------------------------------------------------------|-------|-------------|-------|-------|-------|-------|--------|-----------
GET      /                                                                                  5     0(0.00%) |     15      14      17     14 |    0.33        0.00
GET      /cart                                                                             41     0(0.00%) |     11       7      32     11 |    3.50        0.00
POST     /cart [add]                                                                       42     0(0.00%) |     16      10      26     15 |    4.33        0.00
POST     /cart/checkout                                                                    13     0(0.00%) |     20      12      61     17 |    1.50        0.00
GET      /product/[id]                                                                    141     0(0.00%) |     12       7      39     11 |   12.67        0.00
POST     /setCurrency                                                                      21     0(0.00%) |     19      13      66     17 |    1.50        0.00
--------|----------------------------------------------------------------------------|-------|-------------|-------|-------|-------|-------|--------|-----------
         Aggregated                                                                       263     0(0.00%) |     13       7      66     12 |   23.83        0.00

Type     Name                                                                          # reqs      # fails |    Avg     Min     Max    Med |   req/s  failures/s
--------|----------------------------------------------------------------------------|-------|-------------|-------|-------|-------|-------|--------|-----------
GET      /                                                                                  9     0(0.00%) |     23      13      97     14 |    0.62        0.00
GET      /cart                                                                             61     0(0.00%) |     11       7      32     11 |    5.12        0.00
POST     /cart [add]                                                                       71     0(0.00%) |     17      10     103     15 |    5.12        0.00
POST     /cart/checkout                                                                    26     0(0.00%) |     19      12      61     16 |    1.38        0.00
GET      /product/[id]                                                                    202     0(0.00%) |     13       7      99     11 |   16.38        0.00
POST     /setCurrency                                                                      33     0(0.00%) |     18      13      66     16 |    2.12        0.00
--------|----------------------------------------------------------------------------|-------|-------------|-------|-------|-------|-------|--------|-----------
         Aggregated                                                                       402     0(0.00%) |     14       7     103     13 |   30.75        0.00

Type     Name                                                                          # reqs      # fails |    Avg     Min     Max    Med |   req/s  failures/s
--------|----------------------------------------------------------------------------|-------|-------------|-------|-------|-------|-------|--------|-----------
GET      /                                                                                 13     0(0.00%) |     20      12      97     14 |    0.90        0.00
GET      /cart                                                                             85     0(0.00%) |     11       6      65     11 |    5.70        0.00
POST     /cart [add]                                                                       95     0(0.00%) |     18      10     103     15 |    6.80        0.00
POST     /cart/checkout                                                                    37     0(0.00%) |     18      12      61     16 |    2.60        0.00
GET      /product/[id]                                                                    288     0(0.00%) |     12       6      99     11 |   19.30        0.00
POST     /setCurrency                                                                      54     0(0.00%) |     18      13      66     16 |    3.30        0.00
--------|----------------------------------------------------------------------------|-------|-------------|-------|-------|-------|-------|--------|-----------
         Aggregated                                                                       572     0(0.00%) |     14       6     103     13 |   38.60        0.00

Type     Name                                                                          # reqs      # fails |    Avg     Min     Max    Med |   req/s  failures/s
--------|----------------------------------------------------------------------------|-------|-------------|-------|-------|-------|-------|--------|-----------
GET      /                                                                                 16     0(0.00%) |     19      11      97     14 |    1.20        0.00
GET      /cart                                                                            108     0(0.00%) |     12       6      65     11 |    8.10        0.00
POST     /cart [add]                                                                      131     0(0.00%) |     19       9     103     15 |    8.90        0.00
POST     /cart/checkout                                                                    49     0(0.00%) |     20      12      94     16 |    3.40        0.00
GET      /product/[id]                                                                    390     0(0.00%) |     13       6      99     11 |   25.80        0.00
POST     /setCurrency                                                                      70     0(0.00%) |     18      13      66     16 |    5.10        0.00
--------|----------------------------------------------------------------------------|-------|-------------|-------|-------|-------|-------|--------|-----------
         Aggregated                                                                       764     0(0.00%) |     15       6     103     13 |   52.50        0.00

Type     Name                                                                          # reqs      # fails |    Avg     Min     Max    Med |   req/s  failures/s
--------|----------------------------------------------------------------------------|-------|-------------|-------|-------|-------|-------|--------|-----------
GET      /                                                                                 20     0(0.00%) |     22      11      97     14 |    1.40        0.00
GET      /cart                                                                            141     0(0.00%) |     13       6      73     11 |    9.10        0.00
POST     /cart [add]                                                                      170     0(0.00%) |     21       9     103     16 |   11.00        0.00
POST     /cart/checkout                                                                    64     0(0.00%) |     24      12      96     16 |    4.20        0.00
GET      /product/[id]                                                                    494     0(0.00%) |     14       6      99     11 |   34.50        0.00
POST     /setCurrency                                                                      99     0(0.00%) |     20      12      90     16 |    6.50        0.00
--------|----------------------------------------------------------------------------|-------|-------------|-------|-------|-------|-------|--------|-----------
         Aggregated                                                                       988     0(0.00%) |     17       6     103     13 |   66.70        0.00

Type     Name                                                                          # reqs      # fails |    Avg     Min     Max    Med |   req/s  failures/s
--------|----------------------------------------------------------------------------|-------|-------------|-------|-------|-------|-------|--------|-----------
GET      /                                                                                 25     0(0.00%) |     24      11      97     15 |    1.60        0.00
GET      /cart                                                                            187     0(0.00%) |     16       6     102     11 |   11.40        0.00
POST     /cart [add]                                                                      212     0(0.00%) |     25       9     110     16 |   13.80        0.00
POST     /cart/checkout                                                                    80     0(0.00%) |     26      11      96     17 |    5.40        0.00
GET      /product/[id]                                                                    599     0(0.00%) |     16       6     124     11 |   40.50        0.00
POST     /setCurrency                                                                     126     0(0.00%) |     22      12      90     17 |    8.80        0.00
--------|----------------------------------------------------------------------------|-------|-------------|-------|-------|-------|-------|--------|-----------
         Aggregated                                                                      1229     0(0.00%) |     19       6     124     14 |   81.50        0.00

Type     Name                                                                          # reqs      # fails |    Avg     Min     Max    Med |   req/s  failures/s
--------|----------------------------------------------------------------------------|-------|-------------|-------|-------|-------|-------|--------|-----------
GET      /                                                                                 30     0(0.00%) |     24      11      97     16 |    2.00        0.00
GET      /cart                                                                            221     0(0.00%) |     19       6     106     12 |   13.80        0.00
POST     /cart [add]                                                                      245     0(0.00%) |     27       9     130     17 |   16.30        0.00
POST     /cart/checkout                                                                    92     0(0.00%) |     31      11     103     18 |    6.60        0.00
GET      /product/[id]                                                                    737     0(0.00%) |     20       6     137     12 |   45.50        0.00
POST     /setCurrency                                                                     154     0(0.00%) |     23      12      90     17 |   10.50        0.00
--------|----------------------------------------------------------------------------|-------|-------------|-------|-------|-------|-------|--------|-----------
         Aggregated                                                                      1479     0(0.00%) |     22       6     137     14 |   94.70        0.00

Type     Name                                                                          # reqs      # fails |    Avg     Min     Max    Med |   req/s  failures/s
--------|----------------------------------------------------------------------------|-------|-------------|-------|-------|-------|-------|--------|-----------
GET      /                                                                                 36     0(0.00%) |     27      11      99     16 |    2.10        0.00
GET      /cart                                                                            247     0(0.00%) |     22       6     154     12 |   16.00        0.00
POST     /cart [add]                                                                      287     0(0.00%) |     32       9     199     18 |   17.20        0.00
POST     /cart/checkout                                                                   101     0(0.00%) |     33      11     127     19 |    6.30        0.00
GET      /product/[id]                                                                    883     0(0.00%) |     24       6     203     12 |   52.20        0.00
POST     /setCurrency                                                                     193     0(0.00%) |     26      12     157     18 |   11.90        0.00
--------|----------------------------------------------------------------------------|-------|-------------|-------|-------|-------|-------|--------|-----------
         Aggregated                                                                      1747     0(0.00%) |     26       6     203     15 |  105.70        0.00

Type     Name                                                                          # reqs      # fails |    Avg     Min     Max    Med |   req/s  failures/s
--------|----------------------------------------------------------------------------|-------|-------------|-------|-------|-------|-------|--------|-----------
GET      /                                                                                 46     0(0.00%) |     26      11      99     16 |    2.30        0.00
GET      /cart                                                                            280     0(0.00%) |     28       6     191     12 |   16.10        0.00
POST     /cart [add]                                                                      342     0(0.00%) |     41       9     255     19 |   19.10        0.00
POST     /cart/checkout                                                                   119     0(0.00%) |     46      11     249     20 |    6.40        0.00
GET      /product/[id]                                                                   1008     0(0.00%) |     33       6     275     13 |   58.90        0.00
POST     /setCurrency                                                                     211     0(0.00%) |     26      12     157     18 |   13.10        0.00
--------|----------------------------------------------------------------------------|-------|-------------|-------|-------|-------|-------|--------|-----------
         Aggregated                                                                      2006     0(0.00%) |     33       6     275     15 |  115.90        0.00

Type     Name                                                                          # reqs      # fails |    Avg     Min     Max    Med |   req/s  failures/s
--------|----------------------------------------------------------------------------|-------|-------------|-------|-------|-------|-------|--------|-----------
GET      /                                                                                 58     0(0.00%) |     27      11      99     16 |    3.10        0.00
GET      /cart                                                                            322     0(0.00%) |     37       6     223     13 |   17.20        0.00
POST     /cart [add]                                                                      380     0(0.00%) |     48       9     255     20 |   20.80        0.00
POST     /cart/checkout                                                                   134     0(0.00%) |     52      11     249     20 |    6.80        0.00
GET      /product/[id]                                                                   1152     0(0.00%) |     41       6     275     13 |   61.40        0.00
POST     /setCurrency                                                                     237     0(0.00%) |     27      12     157     18 |   13.70        0.00
--------|----------------------------------------------------------------------------|-------|-------------|-------|-------|-------|-------|--------|-----------
         Aggregated                                                                      2283     0(0.00%) |     41       6     275     16 |  123.00        0.00

Type     Name                                                                          # reqs      # fails |    Avg     Min     Max    Med |   req/s  failures/s
--------|----------------------------------------------------------------------------|-------|-------------|-------|-------|-------|-------|--------|-----------
GET      /                                                                                 66     0(0.00%) |     26      11      99     16 |    3.90        0.00
GET      /cart                                                                            360     0(0.00%) |     50       6     456     14 |   17.80        0.00
POST     /cart [add]                                                                      420     0(0.00%) |     58       9     499     22 |   20.70        0.00
POST     /cart/checkout                                                                   148     0(0.00%) |     60      11     286     22 |    6.80        0.00
GET      /product/[id]                                                                   1277     0(0.00%) |     50       6     429     14 |   65.30        0.00
POST     /setCurrency                                                                     266     0(0.00%) |     36      12     452     19 |   13.60        0.00
--------|----------------------------------------------------------------------------|-------|-------------|-------|-------|-------|-------|--------|-----------
         Aggregated                                                                      2537     0(0.00%) |     50       6     499     18 |  128.10        0.00

Type     Name                                                                          # reqs      # fails |    Avg     Min     Max    Med |   req/s  failures/s
--------|----------------------------------------------------------------------------|-------|-------------|-------|-------|-------|-------|--------|-----------
GET      /                                                                                 78     0(0.00%) |     28      11      99     17 |    4.10        0.00
GET      /cart                                                                            396     0(0.00%) |     62       6     456     15 |   17.60        0.00
POST     /cart [add]                                                                      469     0(0.00%) |     69       9     499     30 |   21.40        0.00
POST     /cart/checkout                                                                   174     0(0.00%) |     76      11     367     34 |    6.80        0.00
GET      /product/[id]                                                                   1416     0(0.00%) |     60       6     429     16 |   67.80        0.00
POST     /setCurrency                                                                     289     0(0.00%) |     37      12     452     19 |   13.50        0.00
--------|----------------------------------------------------------------------------|-------|-------------|-------|-------|-------|-------|--------|-----------
         Aggregated                                                                      2822     0(0.00%) |     59       6     499     19 |  131.20        0.00

Type     Name                                                                          # reqs      # fails |    Avg     Min     Max    Med |   req/s  failures/s
--------|----------------------------------------------------------------------------|-------|-------------|-------|-------|-------|-------|--------|-----------
GET      /                                                                                 83     0(0.00%) |     28      11      99     17 |    4.70        0.00
GET      /cart                                                                            436     0(0.00%) |     68       6     456     20 |   17.60        0.00
POST     /cart [add]                                                                      522     0(0.00%) |     77       9     499     36 |   22.60        0.00
POST     /cart/checkout                                                                   195     0(0.00%) |     87      11     367     37 |    7.90        0.00
GET      /product/[id]                                                                   1559     0(0.00%) |     69       6     429     21 |   67.60        0.00
POST     /setCurrency                                                                     324     0(0.00%) |     38      12     452     19 |   13.20        0.00
--------|----------------------------------------------------------------------------|-------|-------------|-------|-------|-------|-------|--------|-----------
         Aggregated                                                                      3119     0(0.00%) |     67       6     499     22 |  133.60        0.00

Type     Name                                                                          # reqs      # fails |    Avg     Min     Max    Med |   req/s  failures/s
--------|----------------------------------------------------------------------------|-------|-------------|-------|-------|-------|-------|--------|-----------
GET      /                                                                                 90     0(0.00%) |     27      11      99     17 |    4.60        0.00
GET      /cart                                                                            476     0(0.00%) |     77       6     456     25 |   18.80        0.00
POST     /cart [add]                                                                      572     0(0.00%) |     85       9     499     41 |   23.20        0.00
POST     /cart/checkout                                                                   215     0(0.00%) |     95      11     367     48 |    9.20        0.00
GET      /product/[id]                                                                   1715     0(0.00%) |     79       6     429     27 |   67.70        0.00
POST     /setCurrency                                                                     351     0(0.00%) |     38      12     452     20 |   13.80        0.00
--------|----------------------------------------------------------------------------|-------|-------------|-------|-------|-------|-------|--------|-----------
         Aggregated                                                                      3419     0(0.00%) |     75       6     499     27 |  137.30        0.00

Type     Name                                                                          # reqs      # fails |    Avg     Min     Max    Med |   req/s  failures/s
--------|----------------------------------------------------------------------------|-------|-------------|-------|-------|-------|-------|--------|-----------
GET      /                                                                                 96     0(0.00%) |     28      11      99     18 |    4.30        0.00
GET      /cart                                                                            510     0(0.00%) |     85       6     456     30 |   19.40        0.00
POST     /cart [add]                                                                      619     0(0.00%) |     94       9     499     44 |   23.30        0.00
POST     /cart/checkout                                                                   229     0(0.00%) |    100      11     399     52 |    9.80        0.00
GET      /product/[id]                                                                   1881     0(0.00%) |     89       6     429     34 |   70.30        0.00
POST     /setCurrency                                                                     387     0(0.00%) |     38      12     452     20 |   13.80        0.00
--------|----------------------------------------------------------------------------|-------|-------------|-------|-------|-------|-------|--------|-----------
         Aggregated                                                                      3722     0(0.00%) |     83       6     499     32 |  140.90        0.00

Type     Name                                                                          # reqs      # fails |    Avg     Min     Max    Med |   req/s  failures/s
--------|----------------------------------------------------------------------------|-------|-------------|-------|-------|-------|-------|--------|-----------
GET      /                                                                                 99     0(0.00%) |     42      11     713     18 |    3.70        0.00
GET      /cart                                                                            544     0(0.00%) |     98       6     662     34 |   19.00        0.00
POST     /cart [add]                                                                      648     0(0.00%) |    108       9    1239     48 |   23.90        0.00
POST     /cart/checkout                                                                   242     0(0.00%) |    113      11    1192     63 |    9.60        0.00
GET      /product/[id]                                                                   2012     0(0.00%) |    107       6    1111     38 |   73.10        0.00
POST     /setCurrency                                                                     414     0(0.00%) |     48      12     793     20 |   15.00        0.00
--------|----------------------------------------------------------------------------|-------|-------------|-------|-------|-------|-------|--------|-----------
         Aggregated                                                                      3959     0(0.00%) |     98       6    1239     35 |  144.30        0.00

Type     Name                                                                          # reqs      # fails |    Avg     Min     Max    Med |   req/s  failures/s
--------|----------------------------------------------------------------------------|-------|-------------|-------|-------|-------|-------|--------|-----------
GET      /                                                                                108     0(0.00%) |     45      11     713     19 |    3.30        0.00
GET      /cart                                                                            585     0(0.00%) |    107       6     662     42 |   18.60        0.00
POST     /cart [add]                                                                      703     0(0.00%) |    120       9    1239     57 |   22.50        0.00
POST     /cart/checkout                                                                   263     0(0.00%) |    123      11    1192     82 |    9.40        0.00
GET      /product/[id]                                                                   2165     0(0.00%) |    114       6    1111     43 |   71.90        0.00
POST     /setCurrency                                                                     445     0(0.00%) |     48      12     793     21 |   15.20        0.00
--------|----------------------------------------------------------------------------|-------|-------------|-------|-------|-------|-------|--------|-----------
         Aggregated                                                                      4269     0(0.00%) |    106       6    1239     40 |  140.90        0.00

Type     Name                                                                          # reqs      # fails |    Avg     Min     Max    Med |   req/s  failures/s
--------|----------------------------------------------------------------------------|-------|-------------|-------|-------|-------|-------|--------|-----------
GET      /                                                                                113     0(0.00%) |     46      11     713     19 |    3.10        0.00
GET      /cart                                                                            626     0(0.00%) |    114       6     662     46 |   18.20        0.00
POST     /cart [add]                                                                      758     0(0.00%) |    128       9    1239     60 |   23.20        0.00
POST     /cart/checkout                                                                   285     0(0.00%) |    131      11    1192     85 |    9.10        0.00
GET      /product/[id]                                                                   2319     0(0.00%) |    121       6    1111     48 |   75.20        0.00
POST     /setCurrency                                                                     471     0(0.00%) |     49      12     793     21 |   15.50        0.00
--------|----------------------------------------------------------------------------|-------|-------------|-------|-------|-------|-------|--------|-----------
         Aggregated                                                                      4572     0(0.00%) |    113       6    1239     44 |  144.30        0.00

Type     Name                                                                          # reqs      # fails |    Avg     Min     Max    Med |   req/s  failures/s
--------|----------------------------------------------------------------------------|-------|-------------|-------|-------|-------|-------|--------|-----------
GET      /                                                                                125     0(0.00%) |     45      11     713     19 |    3.20        0.00
GET      /cart                                                                            665     0(0.00%) |    120       6     662     54 |   18.90        0.00
POST     /cart [add]                                                                      822     0(0.00%) |    135       9    1239     68 |   22.80        0.00
POST     /cart/checkout                                                                   306     0(0.00%) |    140      11    1192     90 |    8.60        0.00
GET      /product/[id]                                                                   2462     0(0.00%) |    127       6    1111     54 |   76.40        0.00
POST     /setCurrency                                                                     508     0(0.00%) |     49      12     793     22 |   14.70        0.00
--------|----------------------------------------------------------------------------|-------|-------------|-------|-------|-------|-------|--------|-----------
         Aggregated                                                                      4888     0(0.00%) |    118       6    1239     49 |  144.60        0.00

Type     Name                                                                          # reqs      # fails |    Avg     Min     Max    Med |   req/s  failures/s
--------|----------------------------------------------------------------------------|-------|-------------|-------|-------|-------|-------|--------|-----------
GET      /                                                                                136     0(0.00%) |     46      11     713     19 |    3.50        0.00
GET      /cart                                                                            699     0(0.00%) |    125       6     662     59 |   19.10        0.00
POST     /cart [add]                                                                      862     0(0.00%) |    139       9    1239     72 |   24.40        0.00
POST     /cart/checkout                                                                   322     0(0.00%) |    143      11    1192     91 |    9.20        0.00
GET      /product/[id]                                                                   2640     0(0.00%) |    131       6    1111     56 |   74.80        0.00
POST     /setCurrency                                                                     545     0(0.00%) |     49      12     793     22 |   15.70        0.00
--------|----------------------------------------------------------------------------|-------|-------------|-------|-------|-------|-------|--------|-----------
         Aggregated                                                                      5204     0(0.00%) |    121       6    1239     52 |  146.70        0.00

Type     Name                                                                          # reqs      # fails |    Avg     Min     Max    Med |   req/s  failures/s
--------|----------------------------------------------------------------------------|-------|-------------|-------|-------|-------|-------|--------|-----------
GET      /                                                                                144     0(0.00%) |     48      11     713     22 |    4.10        0.00
GET      /cart                                                                            746     0(0.00%) |    130       6     662     64 |   18.80        0.00
POST     /cart [add]                                                                      918     0(0.00%) |    144       9    1239     79 |   24.50        0.00
POST     /cart/checkout                                                                   346     0(0.00%) |    149      11    1192     94 |    9.10        0.00
GET      /product/[id]                                                                   2784     0(0.00%) |    136       6    1111     63 |   74.60        0.00
POST     /setCurrency                                                                     580     0(0.00%) |     49      12     793     23 |   15.90        0.00
--------|----------------------------------------------------------------------------|-------|-------------|-------|-------|-------|-------|--------|-----------
         Aggregated                                                                      5518     0(0.00%) |    126       6    1239     56 |  147.00        0.00

Type     Name                                                                          # reqs      # fails |    Avg     Min     Max    Med |   req/s  failures/s
--------|----------------------------------------------------------------------------|-------|-------------|-------|-------|-------|-------|--------|-----------
GET      /                                                                                147     0(0.00%) |     48      11     713     21 |    4.20        0.00
GET      /cart                                                                            799     0(0.00%) |    136       6     662     69 |   19.50        0.00
POST     /cart [add]                                                                      968     0(0.00%) |    147       9    1239     85 |   26.70        0.00
POST     /cart/checkout                                                                   364     0(0.00%) |    150      11    1192     94 |   10.30        0.00
GET      /product/[id]                                                                   2945     0(0.00%) |    139       6    1111     69 |   78.00        0.00
POST     /setCurrency                                                                     608     0(0.00%) |     49      12     793     23 |   16.50        0.00
--------|----------------------------------------------------------------------------|-------|-------------|-------|-------|-------|-------|--------|-----------
         Aggregated                                                                      5831     0(0.00%) |    129       6    1239     59 |  155.20        0.00

Type     Name                                                                          # reqs      # fails |    Avg     Min     Max    Med |   req/s  failures/s
--------|----------------------------------------------------------------------------|-------|-------------|-------|-------|-------|-------|--------|-----------
GET      /                                                                                160     0(0.00%) |     46      11     713     21 |    3.80        0.00
GET      /cart                                                                            840     0(0.00%) |    139       6     662     70 |   21.60        0.00
POST     /cart [add]                                                                     1017     0(0.00%) |    150       9    1239     87 |   26.30        0.00
POST     /cart/checkout                                                                   394     0(0.00%) |    154      11    1192     96 |   10.00        0.00
GET      /product/[id]                                                                   3093     0(0.00%) |    143       6    1111     74 |   78.00        0.00
POST     /setCurrency                                                                     641     0(0.00%) |     49      12     793     24 |   16.60        0.00
--------|----------------------------------------------------------------------------|-------|-------------|-------|-------|-------|-------|--------|-----------
         Aggregated                                                                      6145     0(0.00%) |    132       6    1239     62 |  156.30        0.00

Type     Name                                                                          # reqs      # fails |    Avg     Min     Max    Med |   req/s  failures/s
--------|----------------------------------------------------------------------------|-------|-------------|-------|-------|-------|-------|--------|-----------
GET      /                                                                                170     0(0.00%) |     45      11     713     21 |    4.70        0.00
GET      /cart                                                                            887     0(0.00%) |    143       6     662     74 |   21.10        0.00
POST     /cart [add]                                                                     1058     0(0.00%) |    152       9    1239     88 |   26.70        0.00
POST     /cart/checkout                                                                   410     0(0.00%) |    157      11    1192     97 |   11.40        0.00
GET      /product/[id]                                                                   3265     0(0.00%) |    147       6    1111     78 |   77.10        0.00
POST     /setCurrency                                                                     667     0(0.00%) |     49      12     793     23 |   16.70        0.00
--------|----------------------------------------------------------------------------|-------|-------------|-------|-------|-------|-------|--------|-----------
         Aggregated                                                                      6457     0(0.00%) |    135       6    1239     64 |  157.70        0.00

Type     Name                                                                          # reqs      # fails |    Avg     Min     Max    Med |   req/s  failures/s
--------|----------------------------------------------------------------------------|-------|-------------|-------|-------|-------|-------|--------|-----------
GET      /                                                                                177     0(0.00%) |     47      11     713     23 |    4.20        0.00
GET      /cart                                                                            921     0(0.00%) |    146       6     662     77 |   22.20        0.00
POST     /cart [add]                                                                     1105     0(0.00%) |    155       9    1239     90 |   24.20        0.00
POST     /cart/checkout                                                                   425     0(0.00%) |    158      11    1192     97 |   10.40        0.00
GET      /product/[id]                                                                   3437     0(0.00%) |    152       6    1111     82 |   79.60        0.00
POST     /setCurrency                                                                     693     0(0.00%) |     49      12     793     24 |   16.20        0.00
--------|----------------------------------------------------------------------------|-------|-------------|-------|-------|-------|-------|--------|-----------
         Aggregated                                                                      6758     0(0.00%) |    138       6    1239     67 |  156.80        0.00

Type     Name                                                                          # reqs      # fails |    Avg     Min     Max    Med |   req/s  failures/s
--------|----------------------------------------------------------------------------|-------|-------------|-------|-------|-------|-------|--------|-----------
GET      /                                                                                188     0(0.00%) |     47      11     713     23 |    3.90        0.00
GET      /cart                                                                            956     0(0.00%) |    148       6     662     77 |   22.40        0.00
POST     /cart [add]                                                                     1154     0(0.00%) |    157       9    1239     95 |   24.50        0.00
POST     /cart/checkout                                                                   442     0(0.00%) |    161      11    1192     98 |   10.50        0.00
GET      /product/[id]                                                                   3608     0(0.00%) |    154       6    1111     85 |   80.10        0.00
POST     /setCurrency                                                                     721     0(0.00%) |     49      12     793     23 |   14.50        0.00
--------|----------------------------------------------------------------------------|-------|-------------|-------|-------|-------|-------|--------|-----------
         Aggregated                                                                      7069     0(0.00%) |    141       6    1239     70 |  155.90        0.00

Type     Name                                                                          # reqs      # fails |    Avg     Min     Max    Med |   req/s  failures/s
--------|----------------------------------------------------------------------------|-------|-------------|-------|-------|-------|-------|--------|-----------
GET      /                                                                                193     0(0.00%) |     49      11     713     24 |    4.50        0.00
GET      /cart                                                                            979     0(0.00%) |    152       6     662     81 |   21.70        0.00
POST     /cart [add]                                                                     1201     0(0.00%) |    167       9    1281    100 |   23.60        0.00
POST     /cart/checkout                                                                   457     0(0.00%) |    165      11    1192     98 |    9.60        0.00
GET      /product/[id]                                                                   3720     0(0.00%) |    162       6    1111     90 |   81.90        0.00
POST     /setCurrency                                                                     745     0(0.00%) |     55      12     793     24 |   14.40        0.00
--------|----------------------------------------------------------------------------|-------|-------------|-------|-------|-------|-------|--------|-----------
         Aggregated                                                                      7295     0(0.00%) |    148       6    1281     73 |  155.70        0.00

Type     Name                                                                          # reqs      # fails |    Avg     Min     Max    Med |   req/s  failures/s
--------|----------------------------------------------------------------------------|-------|-------------|-------|-------|-------|-------|--------|-----------
GET      /                                                                                201     0(0.00%) |     60      11     803     24 |    4.50        0.00
GET      /cart                                                                           1002     0(0.00%) |    159       6     863     85 |   18.20        0.00
POST     /cart [add]                                                                     1231     0(0.00%) |    177       9    1332    100 |   22.50        0.00
POST     /cart/checkout                                                                   471     0(0.00%) |    168      11    1192     99 |    9.30        0.00
GET      /product/[id]                                                                   3837     0(0.00%) |    169       6    1111    100 |   77.40        0.00
POST     /setCurrency                                                                     763     0(0.00%) |     60      12     793     25 |   13.60        0.00
--------|----------------------------------------------------------------------------|-------|-------------|-------|-------|-------|-------|--------|-----------
         Aggregated                                                                      7505     0(0.00%) |    155       6    1332     77 |  145.50        0.00

Type     Name                                                                          # reqs      # fails |    Avg     Min     Max    Med |   req/s  failures/s
--------|----------------------------------------------------------------------------|-------|-------------|-------|-------|-------|-------|--------|-----------
GET      /                                                                                212     0(0.00%) |     61      11     803     26 |    3.90        0.00
GET      /cart                                                                           1039     0(0.00%) |    161       6     863     89 |   16.40        0.00
POST     /cart [add]                                                                     1271     0(0.00%) |    179       9    1332    100 |   21.10        0.00
POST     /cart/checkout                                                                   489     0(0.00%) |    171      11    1192    100 |    7.70        0.00
GET      /product/[id]                                                                   4002     0(0.00%) |    171       6    1111    100 |   73.50        0.00
POST     /setCurrency                                                                     800     0(0.00%) |     61      12     793     26 |   12.10        0.00
--------|----------------------------------------------------------------------------|-------|-------------|-------|-------|-------|-------|--------|-----------
         Aggregated                                                                      7813     0(0.00%) |    157       6    1332     79 |  134.70        0.00

Type     Name                                                                          # reqs      # fails |    Avg     Min     Max    Med |   req/s  failures/s
--------|----------------------------------------------------------------------------|-------|-------------|-------|-------|-------|-------|--------|-----------
GET      /                                                                                224     0(0.00%) |     60      11     803     27 |    4.30        0.00
GET      /cart                                                                           1092     0(0.00%) |    164       6     863     91 |   15.10        0.00
POST     /cart [add]                                                                     1314     0(0.00%) |    181       9    1332    110 |   21.30        0.00
POST     /cart/checkout                                                                   504     0(0.00%) |    173      11    1192    100 |    7.70        0.00
GET      /product/[id]                                                                   4151     0(0.00%) |    173       6    1111    110 |   73.20        0.00
POST     /setCurrency                                                                     822     0(0.00%) |     60      12     793     27 |   13.00        0.00
--------|----------------------------------------------------------------------------|-------|-------------|-------|-------|-------|-------|--------|-----------
         Aggregated                                                                      8107     0(0.00%) |    159       6    1332     81 |  134.60        0.00

Type     Name                                                                          # reqs      # fails |    Avg     Min     Max    Med |   req/s  failures/s
--------|----------------------------------------------------------------------------|-------|-------------|-------|-------|-------|-------|--------|-----------
GET      /                                                                                236     0(0.00%) |     60      11     803     28 |    4.70        0.00
GET      /cart                                                                           1122     0(0.00%) |    166       6     863     94 |   16.80        0.00
POST     /cart [add]                                                                     1358     0(0.00%) |    183       9    1332    110 |   20.50        0.00
POST     /cart/checkout                                                                   523     0(0.00%) |    175      11    1192    100 |    7.60        0.00
GET      /product/[id]                                                                   4313     0(0.00%) |    176       6    1111    110 |   71.40        0.00
POST     /setCurrency                                                                     853     0(0.00%) |     60      12     793     28 |   13.10        0.00
--------|----------------------------------------------------------------------------|-------|-------------|-------|-------|-------|-------|--------|-----------
         Aggregated                                                                      8405     0(0.00%) |    161       6    1332     83 |  134.10        0.00

Type     Name                                                                          # reqs      # fails |    Avg     Min     Max    Med |   req/s  failures/s
--------|----------------------------------------------------------------------------|-------|-------------|-------|-------|-------|-------|--------|-----------
GET      /                                                                                243     0(0.00%) |     60      11     803     28 |    4.70        0.00
GET      /cart                                                                           1159     0(0.00%) |    167       6     863     94 |   16.20        0.00
POST     /cart [add]                                                                     1413     0(0.00%) |    184       9    1332    110 |   20.80        0.00
POST     /cart/checkout                                                                   542     0(0.00%) |    177      11    1192    100 |    8.00        0.00
GET      /product/[id]                                                                   4482     0(0.00%) |    177       6    1111    110 |   70.20        0.00
POST     /setCurrency                                                                     878     0(0.00%) |     60      12     793     29 |   12.80        0.00
--------|----------------------------------------------------------------------------|-------|-------------|-------|-------|-------|-------|--------|-----------
         Aggregated                                                                      8717     0(0.00%) |    162       6    1332     84 |  132.70        0.00

Type     Name                                                                          # reqs      # fails |    Avg     Min     Max    Med |   req/s  failures/s
--------|----------------------------------------------------------------------------|-------|-------------|-------|-------|-------|-------|--------|-----------
GET      /                                                                                252     0(0.00%) |     60      11     803     31 |    5.10        0.00
GET      /cart                                                                           1191     0(0.00%) |    167       6     863     95 |   17.60        0.00
POST     /cart [add]                                                                     1461     0(0.00%) |    187       9    1332    120 |   21.50        0.00
POST     /cart/checkout                                                                   561     0(0.00%) |    179      11    1192    110 |    8.60        0.00
GET      /product/[id]                                                                   4646     0(0.00%) |    179       6    1111    130 |   76.60        0.00
POST     /setCurrency                                                                     911     0(0.00%) |     61      12     793     30 |   13.20        0.00
--------|----------------------------------------------------------------------------|-------|-------------|-------|-------|-------|-------|--------|-----------
         Aggregated                                                                      9022     0(0.00%) |    163       6    1332     86 |  142.60        0.00

Type     Name                                                                          # reqs      # fails |    Avg     Min     Max    Med |   req/s  failures/s
--------|----------------------------------------------------------------------------|-------|-------------|-------|-------|-------|-------|--------|-----------
GET      /                                                                                259     0(0.00%) |     71      11     974     32 |    5.00        0.00
GET      /cart                                                                           1218     0(0.00%) |    171       6     969     97 |   19.20        0.00
POST     /cart [add]                                                                     1486     0(0.00%) |    188       9    1332    120 |   22.80        0.00
POST     /cart/checkout                                                                   573     0(0.00%) |    181      11    1192    110 |    8.90        0.00
GET      /product/[id]                                                                   4750     0(0.00%) |    185       6    1282    140 |   80.50        0.00
POST     /setCurrency                                                                     931     0(0.00%) |     64      12    1006     30 |   14.80        0.00
--------|----------------------------------------------------------------------------|-------|-------------|-------|-------|-------|-------|--------|-----------
         Aggregated                                                                      9217     0(0.00%) |    168       6    1332     88 |  151.20        0.00

Type     Name                                                                          # reqs      # fails |    Avg     Min     Max    Med |   req/s  failures/s
--------|----------------------------------------------------------------------------|-------|-------------|-------|-------|-------|-------|--------|-----------
GET      /                                                                                270     0(0.00%) |     71      11     974     33 |    4.50        0.00
GET      /cart                                                                           1254     0(0.00%) |    172       6     969     97 |   17.70        0.00
POST     /cart [add]                                                                     1540     0(0.00%) |    196       9    1514    130 |   21.80        0.00
POST     /cart/checkout                                                                   594     0(0.00%) |    183      11    1192    120 |    8.50        0.00
GET      /product/[id]                                                                   4901     0(0.00%) |    187       6    1282    140 |   74.30        0.00
POST     /setCurrency                                                                     966     0(0.00%) |     64      12    1006     30 |   12.90        0.00
--------|----------------------------------------------------------------------------|-------|-------------|-------|-------|-------|-------|--------|-----------
         Aggregated                                                                      9525     0(0.00%) |    170       6    1514     89 |  139.70        0.00

Type     Name                                                                          # reqs      # fails |    Avg     Min     Max    Med |   req/s  failures/s
--------|----------------------------------------------------------------------------|-------|-------------|-------|-------|-------|-------|--------|-----------
GET      /                                                                                275     0(0.00%) |     70      11     974     33 |    4.70        0.00
GET      /cart                                                                           1301     0(0.00%) |    173       6     969     99 |   16.50        0.00
POST     /cart [add]                                                                     1603     0(0.00%) |    197       9    1514    130 |   22.50        0.00
POST     /cart/checkout                                                                   618     0(0.00%) |    185      11    1192    130 |    9.10        0.00
GET      /product/[id]                                                                   5046     0(0.00%) |    187       6    1282    140 |   74.70        0.00
POST     /setCurrency                                                                     999     0(0.00%) |     63      12    1006     30 |   14.40        0.00
--------|----------------------------------------------------------------------------|-------|-------------|-------|-------|-------|-------|--------|-----------
         Aggregated                                                                      9842     0(0.00%) |    171       6    1514     90 |  141.90        0.00

Type     Name                                                                          # reqs      # fails |    Avg     Min     Max    Med |   req/s  failures/s
--------|----------------------------------------------------------------------------|-------|-------------|-------|-------|-------|-------|--------|-----------
GET      /                                                                                284     0(0.00%) |     70      11     974     33 |    4.00        0.00
GET      /cart                                                                           1335     0(0.00%) |    174       6     969    100 |   17.80        0.00
POST     /cart [add]                                                                     1644     0(0.00%) |    198       9    1514    130 |   23.80        0.00
POST     /cart/checkout                                                                   638     0(0.00%) |    187      11    1192    130 |    9.90        0.00
GET      /product/[id]                                                                   5209     0(0.00%) |    188       6    1282    140 |   73.10        0.00
POST     /setCurrency                                                                    1031     0(0.00%) |     63      12    1006     30 |   14.70        0.00
--------|----------------------------------------------------------------------------|-------|-------------|-------|-------|-------|-------|--------|-----------
         Aggregated                                                                     10141     0(0.00%) |    172       6    1514     91 |  143.30        0.00

Type     Name                                                                          # reqs      # fails |    Avg     Min     Max    Med |   req/s  failures/s
--------|----------------------------------------------------------------------------|-------|-------------|-------|-------|-------|-------|--------|-----------
GET      /                                                                                289     0(0.00%) |     69      11     974     33 |    4.10        0.00
GET      /cart                                                                           1370     0(0.00%) |    174       6     969    100 |   18.20        0.00
POST     /cart [add]                                                                     1680     0(0.00%) |    201       9    1514    140 |   23.70        0.00
POST     /cart/checkout                                                                   653     0(0.00%) |    189      11    1192    150 |    9.70        0.00
GET      /product/[id]                                                                   5384     0(0.00%) |    189       6    1282    150 |   71.80        0.00
POST     /setCurrency                                                                    1066     0(0.00%) |     63      12    1006     30 |   15.20        0.00
--------|----------------------------------------------------------------------------|-------|-------------|-------|-------|-------|-------|--------|-----------
         Aggregated                                                                     10442     0(0.00%) |    173       6    1514     92 |  142.70        0.00

Type     Name                                                                          # reqs      # fails |    Avg     Min     Max    Med |   req/s  failures/s
--------|----------------------------------------------------------------------------|-------|-------------|-------|-------|-------|-------|--------|-----------
GET      /                                                                                300     0(0.00%) |     70      11     974     33 |    3.90        0.00
GET      /cart                                                                           1418     0(0.00%) |    175       6     969    100 |   18.20        0.00
POST     /cart [add]                                                                     1747     0(0.00%) |    201       9    1514    140 |   22.80        0.00
POST     /cart/checkout                                                                   673     0(0.00%) |    189      11    1192    150 |    9.10        0.00
GET      /product/[id]                                                                   5529     0(0.00%) |    190       6    1282    150 |   74.00        0.00
POST     /setCurrency                                                                    1094     0(0.00%) |     63      12    1006     30 |   16.00        0.00
--------|----------------------------------------------------------------------------|-------|-------------|-------|-------|-------|-------|--------|-----------
         Aggregated                                                                     10761     0(0.00%) |    173       6    1514     94 |  144.00        0.00

Type     Name                                                                          # reqs      # fails |    Avg     Min     Max    Med |   req/s  failures/s
--------|----------------------------------------------------------------------------|-------|-------------|-------|-------|-------|-------|--------|-----------
GET      /                                                                                309     0(0.00%) |     70      11     974     35 |    4.60        0.00
GET      /cart                                                                           1449     0(0.00%) |    175       6     969    100 |   20.20        0.00
POST     /cart [add]                                                                     1805     0(0.00%) |    201       9    1514    140 |   25.20        0.00
POST     /cart/checkout                                                                   686     0(0.00%) |    189      11    1192    150 |    9.60        0.00
GET      /product/[id]                                                                   5694     0(0.00%) |    191       6    1282    160 |   79.30        0.00
POST     /setCurrency                                                                    1125     0(0.00%) |     62      12    1006     31 |   16.70        0.00
--------|----------------------------------------------------------------------------|-------|-------------|-------|-------|-------|-------|--------|-----------
         Aggregated                                                                     11068     0(0.00%) |    174       6    1514     94 |  155.60        0.00

Type     Name                                                                          # reqs      # fails |    Avg     Min     Max    Med |   req/s  failures/s
--------|----------------------------------------------------------------------------|-------|-------------|-------|-------|-------|-------|--------|-----------
GET      /                                                                                320     0(0.00%) |     69      11     974     35 |    4.00        0.00
GET      /cart                                                                           1492     0(0.00%) |    176       6     969    100 |   19.40        0.00
POST     /cart [add]                                                                     1846     0(0.00%) |    202       9    1514    140 |   26.50        0.00
POST     /cart/checkout                                                                   706     0(0.00%) |    190      11    1192    150 |    9.60        0.00
GET      /product/[id]                                                                   5860     0(0.00%) |    191       6    1282    160 |   78.70        0.00
POST     /setCurrency                                                                    1157     0(0.00%) |     62      12    1006     31 |   15.80        0.00
--------|----------------------------------------------------------------------------|-------|-------------|-------|-------|-------|-------|--------|-----------
         Aggregated                                                                     11381     0(0.00%) |    174       6    1514     95 |  154.00        0.00

Type     Name                                                                          # reqs      # fails |    Avg     Min     Max    Med |   req/s  failures/s
--------|----------------------------------------------------------------------------|-------|-------------|-------|-------|-------|-------|--------|-----------
GET      /                                                                                325     0(0.00%) |     68      11     974     34 |    4.60        0.00
GET      /cart                                                                           1528     0(0.00%) |    177       6     969    100 |   19.10        0.00
POST     /cart [add]                                                                     1895     0(0.00%) |    202       9    1514    140 |   24.90        0.00
POST     /cart/checkout                                                                   725     0(0.00%) |    192      11    1192    160 |    8.40        0.00
GET      /product/[id]                                                                   6031     0(0.00%) |    192       6    1282    160 |   80.90        0.00
POST     /setCurrency                                                                    1176     0(0.00%) |     62      12    1006     31 |   15.90        0.00
--------|----------------------------------------------------------------------------|-------|-------------|-------|-------|-------|-------|--------|-----------
         Aggregated                                                                     11680     0(0.00%) |    175       6    1514     95 |  153.80        0.00

Type     Name                                                                          # reqs      # fails |    Avg     Min     Max    Med |   req/s  failures/s
--------|----------------------------------------------------------------------------|-------|-------------|-------|-------|-------|-------|--------|-----------
GET      /                                                                                339     0(0.00%) |     68      11     974     36 |    4.00        0.00
GET      /cart                                                                           1569     0(0.00%) |    179       6     969    110 |   19.00        0.00
POST     /cart [add]                                                                     1947     0(0.00%) |    203       9    1514    150 |   24.90        0.00
POST     /cart/checkout                                                                   748     0(0.00%) |    193      11    1192    160 |    8.80        0.00
GET      /product/[id]                                                                   6172     0(0.00%) |    193       6    1282    170 |   81.70        0.00
POST     /setCurrency                                                                    1215     0(0.00%) |     62      12    1006     32 |   15.00        0.00
--------|----------------------------------------------------------------------------|-------|-------------|-------|-------|-------|-------|--------|-----------
         Aggregated                                                                     11990     0(0.00%) |    176       6    1514     97 |  153.40        0.00

Type     Name                                                                          # reqs      # fails |    Avg     Min     Max    Med |   req/s  failures/s
--------|----------------------------------------------------------------------------|-------|-------------|-------|-------|-------|-------|--------|-----------
GET      /                                                                                344     0(0.00%) |     67      11     974     36 |    5.00        0.00
GET      /cart                                                                           1612     0(0.00%) |    180       6     969    130 |   18.90        0.00
POST     /cart [add]                                                                     1997     0(0.00%) |    203       9    1514    150 |   26.30        0.00
POST     /cart/checkout                                                                   769     0(0.00%) |    193      11    1192    160 |    9.50        0.00
GET      /product/[id]                                                                   6326     0(0.00%) |    193       6    1282    170 |   79.40        0.00
POST     /setCurrency                                                                    1251     0(0.00%) |     62      12    1006     33 |   14.40        0.00
--------|----------------------------------------------------------------------------|-------|-------------|-------|-------|-------|-------|--------|-----------
         Aggregated                                                                     12299     0(0.00%) |    176       6    1514     98 |  153.50        0.00

Type     Name                                                                          # reqs      # fails |    Avg     Min     Max    Med |   req/s  failures/s
--------|----------------------------------------------------------------------------|-------|-------------|-------|-------|-------|-------|--------|-----------
GET      /                                                                                352     0(0.00%) |     67      11     974     35 |    4.30        0.00
GET      /cart                                                                           1648     0(0.00%) |    181       6     969    130 |   19.10        0.00
POST     /cart [add]                                                                     2047     0(0.00%) |    204       9    1514    150 |   25.60        0.00
POST     /cart/checkout                                                                   779     0(0.00%) |    194      11    1192    160 |    9.60        0.00
GET      /product/[id]                                                                   6498     0(0.00%) |    194       6    1282    170 |   79.10        0.00
POST     /setCurrency                                                                    1281     0(0.00%) |     62      12    1006     32 |   15.50        0.00
--------|----------------------------------------------------------------------------|-------|-------------|-------|-------|-------|-------|--------|-----------
         Aggregated                                                                     12605     0(0.00%) |    177       6    1514     98 |  153.20        0.00

Type     Name                                                                          # reqs      # fails |    Avg     Min     Max    Med |   req/s  failures/s
--------|----------------------------------------------------------------------------|-------|-------------|-------|-------|-------|-------|--------|-----------
GET      /                                                                                363     0(0.00%) |     66      11     974     35 |    4.30        0.00
GET      /cart                                                                           1681     0(0.00%) |    182       6     969    130 |   19.90        0.00
POST     /cart [add]                                                                     2102     0(0.00%) |    206       9    1514    160 |   23.90        0.00
POST     /cart/checkout                                                                   801     0(0.00%) |    197      11    1192    160 |    9.20        0.00
GET      /product/[id]                                                                   6651     0(0.00%) |    194       6    1282    180 |   80.50        0.00
POST     /setCurrency                                                                    1311     0(0.00%) |     62      12    1006     33 |   15.70        0.00
--------|----------------------------------------------------------------------------|-------|-------------|-------|-------|-------|-------|--------|-----------
         Aggregated                                                                     12909     0(0.00%) |    178       6    1514     98 |  153.50        0.00

Type     Name                                                                          # reqs      # fails |    Avg     Min     Max    Med |   req/s  failures/s
--------|----------------------------------------------------------------------------|-------|-------------|-------|-------|-------|-------|--------|-----------
GET      /                                                                                373     0(0.00%) |     66      11     974     37 |    4.10        0.00
GET      /cart                                                                           1720     0(0.00%) |    182       6     969    130 |   19.20        0.00
POST     /cart [add]                                                                     2162     0(0.00%) |    207       9    1514    160 |   25.10        0.00
POST     /cart/checkout                                                                   827     0(0.00%) |    198      11    1192    180 |    9.60        0.00
GET      /product/[id]                                                                   6797     0(0.00%) |    195       6    1282    180 |   79.90        0.00
POST     /setCurrency                                                                    1333     0(0.00%) |     62      12    1006     33 |   15.10        0.00
--------|----------------------------------------------------------------------------|-------|-------------|-------|-------|-------|-------|--------|-----------
         Aggregated                                                                     13212     0(0.00%) |    178       6    1514     99 |  153.00        0.00

Type     Name                                                                          # reqs      # fails |    Avg     Min     Max    Med |   req/s  failures/s
--------|----------------------------------------------------------------------------|-------|-------------|-------|-------|-------|-------|--------|-----------
GET      /                                                                                385     0(0.00%) |     66      11     974     38 |    5.00        0.00
GET      /cart                                                                           1769     0(0.00%) |    183       6     969    130 |   19.00        0.00
POST     /cart [add]                                                                     2205     0(0.00%) |    208       9    1514    160 |   26.60        0.00
POST     /cart/checkout                                                                   838     0(0.00%) |    200      11    1192    180 |    9.60        0.00
GET      /product/[id]                                                                   6946     0(0.00%) |    196       6    1282    180 |   77.40        0.00
POST     /setCurrency                                                                    1374     0(0.00%) |     62      12    1006     33 |   15.40        0.00
--------|----------------------------------------------------------------------------|-------|-------------|-------|-------|-------|-------|--------|-----------
         Aggregated                                                                     13517     0(0.00%) |    179       6    1514     99 |  153.00        0.00

Type     Name                                                                          # reqs      # fails |    Avg     Min     Max    Med |   req/s  failures/s
--------|----------------------------------------------------------------------------|-------|-------------|-------|-------|-------|-------|--------|-----------
GET      /                                                                                390     0(0.00%) |     66      10     974     38 |    4.60        0.00
GET      /cart                                                                           1805     0(0.00%) |    185       6     969    130 |   19.70        0.00
POST     /cart [add]                                                                     2249     0(0.00%) |    209       9    1514    170 |   25.30        0.00
POST     /cart/checkout                                                                   857     0(0.00%) |    200      11    1192    180 |    9.20        0.00
GET      /product/[id]                                                                   7100     0(0.00%) |    197       6    1282    190 |   77.40        0.00
POST     /setCurrency                                                                    1399     0(0.00%) |     62      12    1006     34 |   15.70        0.00
--------|----------------------------------------------------------------------------|-------|-------------|-------|-------|-------|-------|--------|-----------
         Aggregated                                                                     13800     0(0.00%) |    180       6    1514    100 |  151.90        0.00

Type     Name                                                                          # reqs      # fails |    Avg     Min     Max    Med |   req/s  failures/s
--------|----------------------------------------------------------------------------|-------|-------------|-------|-------|-------|-------|--------|-----------
GET      /                                                                                398     0(0.00%) |     66      10     974     38 |    4.60        0.00
GET      /cart                                                                           1846     0(0.00%) |    185       6     969    130 |   19.90        0.00
POST     /cart [add]                                                                     2303     0(0.00%) |    210       9    1514    170 |   24.40        0.00
POST     /cart/checkout                                                                   874     0(0.00%) |    200      11    1192    180 |    8.80        0.00
GET      /product/[id]                                                                   7256     0(0.00%) |    198       6    1282    190 |   77.70        0.00
POST     /setCurrency                                                                    1421     0(0.00%) |     62      12    1006     34 |   14.90        0.00
--------|----------------------------------------------------------------------------|-------|-------------|-------|-------|-------|-------|--------|-----------
         Aggregated                                                                     14098     0(0.00%) |    181       6    1514    100 |  150.30        0.00

Type     Name                                                                          # reqs      # fails |    Avg     Min     Max    Med |   req/s  failures/s
--------|----------------------------------------------------------------------------|-------|-------------|-------|-------|-------|-------|--------|-----------
GET      /                                                                                406     0(0.00%) |     66      10     974     39 |    4.70        0.00
GET      /cart                                                                           1879     0(0.00%) |    185       6     969    130 |   19.20        0.00
POST     /cart [add]                                                                     2360     0(0.00%) |    210       9    1514    170 |   26.10        0.00
POST     /cart/checkout                                                                   890     0(0.00%) |    200      11    1192    180 |    9.10        0.00
GET      /product/[id]                                                                   7416     0(0.00%) |    198       6    1282    200 |   76.40        0.00
POST     /setCurrency                                                                    1447     0(0.00%) |     61      12    1006     34 |   13.90        0.00
--------|----------------------------------------------------------------------------|-------|-------------|-------|-------|-------|-------|--------|-----------
         Aggregated                                                                     14398     0(0.00%) |    181       6    1514    100 |  149.40        0.00

Type     Name                                                                          # reqs      # fails |    Avg     Min     Max    Med |   req/s  failures/s
--------|----------------------------------------------------------------------------|-------|-------------|-------|-------|-------|-------|--------|-----------
GET      /                                                                                415     0(0.00%) |     66      10     974     40 |    4.50        0.00
GET      /cart                                                                           1923     0(0.00%) |    186       6     969    130 |   19.80        0.00
POST     /cart [add]                                                                     2415     0(0.00%) |    211       9    1514    180 |   25.30        0.00
POST     /cart/checkout                                                                   909     0(0.00%) |    200      11    1192    180 |    8.80        0.00
GET      /product/[id]                                                                   7566     0(0.00%) |    199       6    1282    200 |   76.90        0.00
POST     /setCurrency                                                                    1487     0(0.00%) |     61      12    1006     34 |   13.80        0.00
--------|----------------------------------------------------------------------------|-------|-------------|-------|-------|-------|-------|--------|-----------
         Aggregated                                                                     14715     0(0.00%) |    182       6    1514    100 |  149.10        0.00

Type     Name                                                                          # reqs      # fails |    Avg     Min     Max    Med |   req/s  failures/s
--------|----------------------------------------------------------------------------|-------|-------------|-------|-------|-------|-------|--------|-----------
GET      /                                                                                429     0(0.00%) |     66      10     974     40 |    4.00        0.00
GET      /cart                                                                           1958     0(0.00%) |    187       6     969    140 |   20.00        0.00
POST     /cart [add]                                                                     2472     0(0.00%) |    213       9    1514    180 |   24.40        0.00
POST     /cart/checkout                                                                   927     0(0.00%) |    200      11    1192    180 |    8.70        0.00
GET      /product/[id]                                                                   7704     0(0.00%) |    199       6    1282    200 |   77.20        0.00
POST     /setCurrency                                                                    1514     0(0.00%) |     62      12    1006     34 |   15.00        0.00
--------|----------------------------------------------------------------------------|-------|-------------|-------|-------|-------|-------|--------|-----------
         Aggregated                                                                     15004     0(0.00%) |    182       6    1514    100 |  149.30        0.00

Type     Name                                                                          # reqs      # fails |    Avg     Min     Max    Med |   req/s  failures/s
--------|----------------------------------------------------------------------------|-------|-------------|-------|-------|-------|-------|--------|-----------
GET      /                                                                                438     0(0.00%) |     65      10     974     40 |    4.40        0.00
GET      /cart                                                                           1994     0(0.00%) |    188       6     969    140 |   19.70        0.00
POST     /cart [add]                                                                     2520     0(0.00%) |    213       9    1514    180 |   26.60        0.00
POST     /cart/checkout                                                                   943     0(0.00%) |    201      11    1192    180 |    8.80        0.00
GET      /product/[id]                                                                   7865     0(0.00%) |    200       6    1282    200 |   76.20        0.00
POST     /setCurrency                                                                    1542     0(0.00%) |     62      12    1006     35 |   14.10        0.00
--------|----------------------------------------------------------------------------|-------|-------------|-------|-------|-------|-------|--------|-----------
         Aggregated                                                                     15302     0(0.00%) |    183       6    1514    100 |  149.80        0.00

Type     Name                                                                          # reqs      # fails |    Avg     Min     Max    Med |   req/s  failures/s
--------|----------------------------------------------------------------------------|-------|-------------|-------|-------|-------|-------|--------|-----------
GET      /                                                                                442     0(0.00%) |     65      10     974     40 |    4.70        0.00
GET      /cart                                                                           2035     0(0.00%) |    189       6     969    150 |   18.50        0.00
POST     /cart [add]                                                                     2568     0(0.00%) |    213       9    1514    180 |   27.60        0.00
POST     /cart/checkout                                                                   960     0(0.00%) |    200      11    1192    180 |    8.80        0.00
GET      /product/[id]                                                                   8019     0(0.00%) |    201       6    1282    210 |   76.20        0.00
POST     /setCurrency                                                                    1572     0(0.00%) |     62      12    1006     35 |   14.40        0.00
--------|----------------------------------------------------------------------------|-------|-------------|-------|-------|-------|-------|--------|-----------
         Aggregated                                                                     15596     0(0.00%) |    183       6    1514    110 |  150.20        0.00

Type     Name                                                                          # reqs      # fails |    Avg     Min     Max    Med |   req/s  failures/s
--------|----------------------------------------------------------------------------|-------|-------------|-------|-------|-------|-------|--------|-----------
GET      /                                                                                452     0(0.00%) |     65      10     974     40 |    4.40        0.00
GET      /cart                                                                           2076     0(0.00%) |    190       6     969    150 |   19.10        0.00
POST     /cart [add]                                                                     2625     0(0.00%) |    214       9    1514    180 |   26.20        0.00
POST     /cart/checkout                                                                   977     0(0.00%) |    202      11    1192    180 |    8.80        0.00
GET      /product/[id]                                                                   8170     0(0.00%) |    201       6    1282    210 |   76.40        0.00
POST     /setCurrency                                                                    1596     0(0.00%) |     62      12    1006     36 |   15.10        0.00
--------|----------------------------------------------------------------------------|-------|-------------|-------|-------|-------|-------|--------|-----------
         Aggregated                                                                     15896     0(0.00%) |    184       6    1514    110 |  150.00        0.00

Type     Name                                                                          # reqs      # fails |    Avg     Min     Max    Med |   req/s  failures/s
--------|----------------------------------------------------------------------------|-------|-------------|-------|-------|-------|-------|--------|-----------
GET      /                                                                                459     0(0.00%) |     65      10     974     40 |    3.83        0.00
GET      /cart                                                                           2112     0(0.00%) |    191       6     969    160 |   17.63        0.00
POST     /cart [add]                                                                     2672     0(0.00%) |    214       9    1514    190 |   22.30        0.00
POST     /cart/checkout                                                                   994     0(0.00%) |    202      11    1192    180 |    8.30        0.00
GET      /product/[id]                                                                   8298     0(0.00%) |    201       6    1282    210 |   69.25        0.00
POST     /setCurrency                                                                    1635     0(0.00%) |     62      12    1006     36 |   13.64        0.00
--------|----------------------------------------------------------------------------|-------|-------------|-------|-------|-------|-------|--------|-----------
         Aggregated                                                                     16170     0(0.00%) |    184       6    1514    110 |  134.94        0.00

Response time percentiles (approximated)
Type     Name                                                                                  50%    66%    75%    80%    90%    95%    98%    99%  99.9% 99.99%   100% # reqs
--------|--------------------------------------------------------------------------------|--------|------|------|------|------|------|------|------|------|------|------|------
GET      /                                                                                      40     62     78     86    110    170    400    690    970    970    970    459
GET      /cart                                                                                 160    300    330    350    390    420    470    560    860    970    970   2112
POST     /cart [add]                                                                           190    320    350    370    400    440    500    990   1400   1500   1500   2672
POST     /cart/checkout                                                                        180    300    330    370    400    410    470    490   1200   1200   1200    994
GET      /product/[id]                                                                         210    310    340    350    390    420    500    740   1100   1300   1300   8298
POST     /setCurrency                                                                           36     62     76     86    120    160    340    550    920   1000   1000   1635
--------|--------------------------------------------------------------------------------|--------|------|------|------|------|------|------|------|------|------|------|------
         Aggregated                                                                            110    290    330    350    390    420    490    710   1200   1400   1500  16170

