/Users/edias/Library/Python/3.9/lib/python/site-packages/urllib3/__init__.py:35: NotOpenSSLWarning: urllib3 v2 only supports OpenSSL 1.1.1+, currently the 'ssl' module is compiled with 'LibreSSL 2.8.3'. See: https://github.com/urllib3/urllib3/issues/3020
  warnings.warn(
[2026-05-21 09:39:30,917] MacBook-Air-de-Eduardo/WARNING/locust.main: Python 3.9 support is deprecated and will be removed soon
Type     Name                                                                          # reqs      # fails |    Avg     Min     Max    Med |   req/s  failures/s
--------|----------------------------------------------------------------------------|-------|-------------|-------|-------|-------|-------|--------|-----------
--------|----------------------------------------------------------------------------|-------|-------------|-------|-------|-------|-------|--------|-----------
         Aggregated                                                                         0     0(0.00%) |      0       0       0      0 |    0.00        0.00

Type     Name                                                                          # reqs      # fails |    Avg     Min     Max    Med |   req/s  failures/s
--------|----------------------------------------------------------------------------|-------|-------------|-------|-------|-------|-------|--------|-----------
GET      /cart                                                                              2     0(0.00%) |     11      11      12     11 |    0.00        0.00
POST     /cart [add]                                                                        6     0(0.00%) |     22      17      37     19 |    0.00        0.00
POST     /cart/checkout                                                                     1     0(0.00%) |     22      22      22     22 |    0.00        0.00
GET      /product/[id]                                                                     12     0(0.00%) |     15      10      23     15 |    0.00        0.00
POST     /setCurrency                                                                       3     0(0.00%) |     27      18      35     27 |    0.00        0.00
--------|----------------------------------------------------------------------------|-------|-------------|-------|-------|-------|-------|--------|-----------
         Aggregated                                                                        24     0(0.00%) |     18      10      37     17 |    0.00        0.00

Type     Name                                                                          # reqs      # fails |    Avg     Min     Max    Med |   req/s  failures/s
--------|----------------------------------------------------------------------------|-------|-------------|-------|-------|-------|-------|--------|-----------
GET      /                                                                                  1     0(0.00%) |     12      12      12     12 |    0.00        0.00
GET      /cart                                                                              9     0(0.00%) |     12      10      16     12 |    0.00        0.00
POST     /cart [add]                                                                       18     0(0.00%) |     18      11      37     17 |    1.50        0.00
POST     /cart/checkout                                                                     4     0(0.00%) |     18      13      23     14 |    0.00        0.00
GET      /product/[id]                                                                     35     0(0.00%) |     12       7      23     12 |    3.50        0.00
POST     /setCurrency                                                                       9     0(0.00%) |     19      13      35     18 |    1.00        0.00
--------|----------------------------------------------------------------------------|-------|-------------|-------|-------|-------|-------|--------|-----------
         Aggregated                                                                        76     0(0.00%) |     15       7      37     14 |    6.00        0.00

Type     Name                                                                          # reqs      # fails |    Avg     Min     Max    Med |   req/s  failures/s
--------|----------------------------------------------------------------------------|-------|-------------|-------|-------|-------|-------|--------|-----------
GET      /                                                                                  2     0(0.00%) |     12      12      13     12 |    0.00        0.00
GET      /cart                                                                             21     0(0.00%) |     11       8      16     11 |    1.25        0.00
POST     /cart [add]                                                                       31     0(0.00%) |     16      11      37     15 |    3.25        0.00
POST     /cart/checkout                                                                    13     0(0.00%) |     16      13      24     15 |    0.75        0.00
GET      /product/[id]                                                                     73     0(0.00%) |     11       7      23     11 |    6.25        0.00
POST     /setCurrency                                                                      24     0(0.00%) |     17      12      35     17 |    1.75        0.00
--------|----------------------------------------------------------------------------|-------|-------------|-------|-------|-------|-------|--------|-----------
         Aggregated                                                                       164     0(0.00%) |     13       7      37     13 |   13.25        0.00

Type     Name                                                                          # reqs      # fails |    Avg     Min     Max    Med |   req/s  failures/s
--------|----------------------------------------------------------------------------|-------|-------------|-------|-------|-------|-------|--------|-----------
GET      /                                                                                  4     0(0.00%) |     13      11      16     12 |    0.17        0.00
GET      /cart                                                                             34     0(0.00%) |     10       7      16     11 |    2.50        0.00
POST     /cart [add]                                                                       51     0(0.00%) |     15      10      37     14 |    3.83        0.00
POST     /cart/checkout                                                                    17     0(0.00%) |     16      11      24     15 |    1.17        0.00
GET      /product/[id]                                                                    132     0(0.00%) |     10       7      23     10 |    9.50        0.00
POST     /setCurrency                                                                      34     0(0.00%) |     16      12      35     15 |    2.33        0.00
--------|----------------------------------------------------------------------------|-------|-------------|-------|-------|-------|-------|--------|-----------
         Aggregated                                                                       272     0(0.00%) |     12       7      37     12 |   19.50        0.00

Type     Name                                                                          # reqs      # fails |    Avg     Min     Max    Med |   req/s  failures/s
--------|----------------------------------------------------------------------------|-------|-------------|-------|-------|-------|-------|--------|-----------
GET      /                                                                                 12     0(0.00%) |     13      11      16     14 |    0.38        0.00
GET      /cart                                                                             47     0(0.00%) |     14       7     109     11 |    3.50        0.00
POST     /cart [add]                                                                       69     0(0.00%) |     15      10      37     14 |    5.00        0.00
POST     /cart/checkout                                                                    22     0(0.00%) |     17      11      42     15 |    2.00        0.00
GET      /product/[id]                                                                    206     0(0.00%) |     10       7      23     10 |   13.00        0.00
POST     /setCurrency                                                                      53     0(0.00%) |     17      12      54     16 |    3.62        0.00
--------|----------------------------------------------------------------------------|-------|-------------|-------|-------|-------|-------|--------|-----------
         Aggregated                                                                       409     0(0.00%) |     13       7     109     12 |   27.50        0.00

Type     Name                                                                          # reqs      # fails |    Avg     Min     Max    Med |   req/s  failures/s
--------|----------------------------------------------------------------------------|-------|-------------|-------|-------|-------|-------|--------|-----------
GET      /                                                                                 19     0(0.00%) |     13      11      16     14 |    1.00        0.00
GET      /cart                                                                             66     0(0.00%) |     13       7     109     11 |    3.80        0.00
POST     /cart [add]                                                                       92     0(0.00%) |     15      10      37     14 |    5.90        0.00
POST     /cart/checkout                                                                    36     0(0.00%) |     17      11      42     15 |    1.90        0.00
GET      /product/[id]                                                                    298     0(0.00%) |     11       6      31     11 |   16.80        0.00
POST     /setCurrency                                                                      70     0(0.00%) |     17      12      54     16 |    4.40        0.00
--------|----------------------------------------------------------------------------|-------|-------------|-------|-------|-------|-------|--------|-----------
         Aggregated                                                                       581     0(0.00%) |     13       6     109     12 |   33.80        0.00

Type     Name                                                                          # reqs      # fails |    Avg     Min     Max    Med |   req/s  failures/s
--------|----------------------------------------------------------------------------|-------|-------------|-------|-------|-------|-------|--------|-----------
GET      /                                                                                 26     0(0.00%) |     33      11     287     14 |    1.60        0.00
GET      /cart                                                                             94     0(0.00%) |     13       7     109     11 |    5.80        0.00
POST     /cart [add]                                                                      122     0(0.00%) |     16      10      37     15 |    7.90        0.00
POST     /cart/checkout                                                                    46     0(0.00%) |     18      11      59     16 |    2.90        0.00
GET      /product/[id]                                                                    392     0(0.00%) |     15       6     207     11 |   25.00        0.00
POST     /setCurrency                                                                      87     0(0.00%) |     21      12     291     16 |    5.70        0.00
--------|----------------------------------------------------------------------------|-------|-------------|-------|-------|-------|-------|--------|-----------
         Aggregated                                                                       767     0(0.00%) |     16       6     291     12 |   48.90        0.00

Type     Name                                                                          # reqs      # fails |    Avg     Min     Max    Med |   req/s  failures/s
--------|----------------------------------------------------------------------------|-------|-------------|-------|-------|-------|-------|--------|-----------
GET      /                                                                                 31     0(0.00%) |     31      11     287     14 |    2.50        0.00
GET      /cart                                                                            118     0(0.00%) |     15       7     109     11 |    7.00        0.00
POST     /cart [add]                                                                      160     0(0.00%) |     17      10      61     15 |    9.30        0.00
POST     /cart/checkout                                                                    59     0(0.00%) |     21      11      59     17 |    3.80        0.00
GET      /product/[id]                                                                    505     0(0.00%) |     15       6     207     11 |   32.00        0.00
POST     /setCurrency                                                                     116     0(0.00%) |     24      12     291     16 |    7.30        0.00
--------|----------------------------------------------------------------------------|-------|-------------|-------|-------|-------|-------|--------|-----------
         Aggregated                                                                       989     0(0.00%) |     17       6     291     13 |   61.90        0.00

Type     Name                                                                          # reqs      # fails |    Avg     Min     Max    Med |   req/s  failures/s
--------|----------------------------------------------------------------------------|-------|-------------|-------|-------|-------|-------|--------|-----------
GET      /                                                                                 37     0(0.00%) |     34      11     287     14 |    2.80        0.00
GET      /cart                                                                            138     0(0.00%) |     17       7     109     11 |    8.80        0.00
POST     /cart [add]                                                                      199     0(0.00%) |     21      10     100     15 |   11.40        0.00
POST     /cart/checkout                                                                    78     0(0.00%) |     23      11      59     17 |    4.40        0.00
GET      /product/[id]                                                                    633     0(0.00%) |     17       6     207     11 |   40.30        0.00
POST     /setCurrency                                                                     149     0(0.00%) |     25      12     291     17 |    8.60        0.00
--------|----------------------------------------------------------------------------|-------|-------------|-------|-------|-------|-------|--------|-----------
         Aggregated                                                                      1234     0(0.00%) |     20       6     291     13 |   76.30        0.00

Type     Name                                                                          # reqs      # fails |    Avg     Min     Max    Med |   req/s  failures/s
--------|----------------------------------------------------------------------------|-------|-------------|-------|-------|-------|-------|--------|-----------
GET      /                                                                                 41     0(0.00%) |     33      11     287     14 |    3.00        0.00
GET      /cart                                                                            166     0(0.00%) |     20       7     109     12 |    9.80        0.00
POST     /cart [add]                                                                      246     0(0.00%) |     26      10     113     17 |   13.90        0.00
POST     /cart/checkout                                                                    96     0(0.00%) |     31      11     208     18 |    5.20        0.00
GET      /product/[id]                                                                    761     0(0.00%) |     22       6     207     11 |   47.30        0.00
POST     /setCurrency                                                                     176     0(0.00%) |     26      12     291     17 |   10.50        0.00
--------|----------------------------------------------------------------------------|-------|-------------|-------|-------|-------|-------|--------|-----------
         Aggregated                                                                      1486     0(0.00%) |     24       6     291     14 |   89.70        0.00

Type     Name                                                                          # reqs      # fails |    Avg     Min     Max    Med |   req/s  failures/s
--------|----------------------------------------------------------------------------|-------|-------------|-------|-------|-------|-------|--------|-----------
GET      /                                                                                 48     0(0.00%) |     32      11     287     15 |    2.90        0.00
GET      /cart                                                                            202     0(0.00%) |     32       7     229     13 |   11.50        0.00
POST     /cart [add]                                                                      303     0(0.00%) |     38      10     241     18 |   16.30        0.00
POST     /cart/checkout                                                                   125     0(0.00%) |     53      11     240     22 |    6.80        0.00
GET      /product/[id]                                                                    865     0(0.00%) |     29       6     210     12 |   53.20        0.00
POST     /setCurrency                                                                     197     0(0.00%) |     27      12     291     17 |   11.60        0.00
--------|----------------------------------------------------------------------------|-------|-------------|-------|-------|-------|-------|--------|-----------
         Aggregated                                                                      1740     0(0.00%) |     32       6     291     15 |  102.30        0.00

Type     Name                                                                          # reqs      # fails |    Avg     Min     Max    Med |   req/s  failures/s
--------|----------------------------------------------------------------------------|-------|-------------|-------|-------|-------|-------|--------|-----------
GET      /                                                                                 58     0(0.00%) |     38      11     330     15 |    2.90        0.00
GET      /cart                                                                            233     0(0.00%) |     38       7     291     13 |   13.00        0.00
POST     /cart [add]                                                                      364     0(0.00%) |     47      10     241     21 |   19.00        0.00
POST     /cart/checkout                                                                   146     0(0.00%) |     58      11     299     25 |    7.80        0.00
GET      /product/[id]                                                                    998     0(0.00%) |     34       6     227     13 |   56.30        0.00
POST     /setCurrency                                                                     224     0(0.00%) |     30      12     313     18 |   13.00        0.00
--------|----------------------------------------------------------------------------|-------|-------------|-------|-------|-------|-------|--------|-----------
         Aggregated                                                                      2023     0(0.00%) |     38       6     330     16 |  112.00        0.00

Type     Name                                                                          # reqs      # fails |    Avg     Min     Max    Med |   req/s  failures/s
--------|----------------------------------------------------------------------------|-------|-------------|-------|-------|-------|-------|--------|-----------
GET      /                                                                                 64     0(0.00%) |     38      11     330     15 |    2.60        0.00
GET      /cart                                                                            274     0(0.00%) |     50       7     291     15 |   14.50        0.00
POST     /cart [add]                                                                      415     0(0.00%) |     53      10     241     25 |   22.90        0.00
POST     /cart/checkout                                                                   170     0(0.00%) |     64      11     299     41 |    9.50        0.00
GET      /product/[id]                                                                   1120     0(0.00%) |     41       6     227     13 |   58.60        0.00
POST     /setCurrency                                                                     259     0(0.00%) |     32      12     313     18 |   13.00        0.00
--------|----------------------------------------------------------------------------|-------|-------------|-------|-------|-------|-------|--------|-----------
         Aggregated                                                                      2302     0(0.00%) |     45       6     330     18 |  121.10        0.00

Type     Name                                                                          # reqs      # fails |    Avg     Min     Max    Med |   req/s  failures/s
--------|----------------------------------------------------------------------------|-------|-------------|-------|-------|-------|-------|--------|-----------
GET      /                                                                                 77     0(0.00%) |     40      11     330     17 |    3.10        0.00
GET      /cart                                                                            310     0(0.00%) |     54       7     311     22 |   15.40        0.00
POST     /cart [add]                                                                      464     0(0.00%) |     59      10     322     30 |   24.80        0.00
POST     /cart/checkout                                                                   189     0(0.00%) |     70      11     299     43 |   10.50        0.00
GET      /product/[id]                                                                   1259     0(0.00%) |     48       6     343     16 |   60.20        0.00
POST     /setCurrency                                                                     293     0(0.00%) |     39      12     423     19 |   14.40        0.00
--------|----------------------------------------------------------------------------|-------|-------------|-------|-------|-------|-------|--------|-----------
         Aggregated                                                                      2592     0(0.00%) |     51       6     423     21 |  128.40        0.00

Type     Name                                                                          # reqs      # fails |    Avg     Min     Max    Med |   req/s  failures/s
--------|----------------------------------------------------------------------------|-------|-------------|-------|-------|-------|-------|--------|-----------
GET      /                                                                                 84     0(0.00%) |     43      11     330     19 |    2.82        0.00
GET      /cart                                                                            346     0(0.00%) |     62       7     311     27 |   11.61        0.00
POST     /cart [add]                                                                      505     0(0.00%) |     63      10     322     34 |   16.95        0.00
POST     /cart/checkout                                                                   201     0(0.00%) |     72      11     299     44 |    6.75        0.00
GET      /product/[id]                                                                   1397     0(0.00%) |     54       6     343     21 |   46.88        0.00
POST     /setCurrency                                                                     330     0(0.00%) |     42      12     423     20 |   11.07        0.00
--------|----------------------------------------------------------------------------|-------|-------------|-------|-------|-------|-------|--------|-----------
         Aggregated                                                                      2863     0(0.00%) |     56       6     423     25 |   96.08        0.00

Response time percentiles (approximated)
Type     Name                                                                                  50%    66%    75%    80%    90%    95%    98%    99%  99.9% 99.99%   100% # reqs
--------|--------------------------------------------------------------------------------|--------|------|------|------|------|------|------|------|------|------|------|------
GET      /                                                                                      19     36     46     63    100    140    290    330    330    330    330     84
GET      /cart                                                                                  27     68     98    120    160    200    250    290    310    310    310    346
POST     /cart [add]                                                                            34     66     92    120    170    200    240    250    320    320    320    505
POST     /cart/checkout                                                                         44     79     97    140    200    200    220    240    300    300    300    201
GET      /product/[id]                                                                          21     52     82    110    160    190    210    230    310    340    340   1397
POST     /setCurrency                                                                           20     34     50     62     92    110    260    310    420    420    420    330
--------|--------------------------------------------------------------------------------|--------|------|------|------|------|------|------|------|------|------|------|------
         Aggregated                                                                             25     55     81    100    160    190    230    260    380    420    420   2863

