/Users/edias/Library/Python/3.9/lib/python/site-packages/urllib3/__init__.py:35: NotOpenSSLWarning: urllib3 v2 only supports OpenSSL 1.1.1+, currently the 'ssl' module is compiled with 'LibreSSL 2.8.3'. See: https://github.com/urllib3/urllib3/issues/3020
  warnings.warn(
[2026-05-21 10:10:42,271] MacBook-Air-de-Eduardo/WARNING/locust.main: Python 3.9 support is deprecated and will be removed soon
Type     Name                                                                          # reqs      # fails |    Avg     Min     Max    Med |   req/s  failures/s
--------|----------------------------------------------------------------------------|-------|-------------|-------|-------|-------|-------|--------|-----------
--------|----------------------------------------------------------------------------|-------|-------------|-------|-------|-------|-------|--------|-----------
         Aggregated                                                                         0     0(0.00%) |      0       0       0      0 |    0.00        0.00

Type     Name                                                                          # reqs      # fails |    Avg     Min     Max    Med |   req/s  failures/s
--------|----------------------------------------------------------------------------|-------|-------------|-------|-------|-------|-------|--------|-----------
GET      /                                                                                  1     0(0.00%) |     20      20      20     20 |    0.00        0.00
GET      /cart                                                                              1     0(0.00%) |     20      20      20     20 |    0.00        0.00
POST     /cart [add]                                                                        8     0(0.00%) |     27      20      37     27 |    0.00        0.00
POST     /cart/checkout                                                                     3     0(0.00%) |     29      27      32     28 |    0.00        0.00
GET      /product/[id]                                                                     11     0(0.00%) |     20      15      39     19 |    0.00        0.00
--------|----------------------------------------------------------------------------|-------|-------------|-------|-------|-------|-------|--------|-----------
         Aggregated                                                                        24     0(0.00%) |     23      15      39     22 |    0.00        0.00

Type     Name                                                                          # reqs      # fails |    Avg     Min     Max    Med |   req/s  failures/s
--------|----------------------------------------------------------------------------|-------|-------------|-------|-------|-------|-------|--------|-----------
GET      /                                                                                  4     0(0.00%) |     21      19      23     20 |    0.50        0.00
GET      /cart                                                                             12     0(0.00%) |     16      11      20     15 |    0.00        0.00
POST     /cart [add]                                                                       18     0(0.00%) |     24      17      37     25 |    3.50        0.00
POST     /cart/checkout                                                                     4     0(0.00%) |     27      20      32     27 |    1.50        0.00
GET      /product/[id]                                                                     31     0(0.00%) |     17      12      39     16 |    5.00        0.00
POST     /setCurrency                                                                       5     0(0.00%) |     23      20      28     22 |    0.00        0.00
--------|----------------------------------------------------------------------------|-------|-------------|-------|-------|-------|-------|--------|-----------
         Aggregated                                                                        74     0(0.00%) |     20      11      39     19 |   10.50        0.00

Type     Name                                                                          # reqs      # fails |    Avg     Min     Max    Med |   req/s  failures/s
--------|----------------------------------------------------------------------------|-------|-------------|-------|-------|-------|-------|--------|-----------
GET      /                                                                                  7     0(0.00%) |     21      18      24     20 |    1.00        0.00
GET      /cart                                                                             26     0(0.00%) |     17      11      26     15 |    2.75        0.00
POST     /cart [add]                                                                       32     0(0.00%) |     24      16      42     25 |    3.75        0.00
POST     /cart/checkout                                                                     6     0(0.00%) |     24      19      32     20 |    1.00        0.00
GET      /product/[id]                                                                     71     0(0.00%) |     16      12      39     15 |    7.25        0.00
POST     /setCurrency                                                                      11     0(0.00%) |     24      20      41     22 |    1.00        0.00
--------|----------------------------------------------------------------------------|-------|-------------|-------|-------|-------|-------|--------|-----------
         Aggregated                                                                       153     0(0.00%) |     19      11      42     18 |   16.75        0.00

Type     Name                                                                          # reqs      # fails |    Avg     Min     Max    Med |   req/s  failures/s
--------|----------------------------------------------------------------------------|-------|-------------|-------|-------|-------|-------|--------|-----------
GET      /                                                                                 10     0(0.00%) |     20      18      24     20 |    1.17        0.00
GET      /cart                                                                             38     0(0.00%) |     17      11      26     16 |    3.83        0.00
POST     /cart [add]                                                                       51     0(0.00%) |     23      16      42     23 |    5.17        0.00
POST     /cart/checkout                                                                    13     0(0.00%) |     24      19      32     26 |    1.00        0.00
GET      /product/[id]                                                                    129     0(0.00%) |     15      11      39     15 |   10.33        0.00
POST     /setCurrency                                                                      22     0(0.00%) |     25      19      41     24 |    1.83        0.00
--------|----------------------------------------------------------------------------|-------|-------------|-------|-------|-------|-------|--------|-----------
         Aggregated                                                                       263     0(0.00%) |     18      11      42     17 |   23.33        0.00

Type     Name                                                                          # reqs      # fails |    Avg     Min     Max    Med |   req/s  failures/s
--------|----------------------------------------------------------------------------|-------|-------------|-------|-------|-------|-------|--------|-----------
GET      /                                                                                 13     0(0.00%) |     22      18      36     20 |    1.25        0.00
GET      /cart                                                                             59     0(0.00%) |     16      10      26     15 |    4.75        0.00
POST     /cart [add]                                                                       68     0(0.00%) |     23      16      42     23 |    5.88        0.00
POST     /cart/checkout                                                                    22     0(0.00%) |     26      19      71     24 |    1.50        0.00
GET      /product/[id]                                                                    200     0(0.00%) |     16      11      94     15 |   15.25        0.00
POST     /setCurrency                                                                      35     0(0.00%) |     25      19      58     25 |    2.50        0.00
--------|----------------------------------------------------------------------------|-------|-------------|-------|-------|-------|-------|--------|-----------
         Aggregated                                                                       397     0(0.00%) |     19      10      94     17 |   31.12        0.00

Type     Name                                                                          # reqs      # fails |    Avg     Min     Max    Med |   req/s  failures/s
--------|----------------------------------------------------------------------------|-------|-------------|-------|-------|-------|-------|--------|-----------
GET      /                                                                                 17     0(0.00%) |     21      18      36     20 |    1.30        0.00
GET      /cart                                                                             80     0(0.00%) |     16      10      53     15 |    5.70        0.00
POST     /cart [add]                                                                       97     0(0.00%) |     23      15      48     22 |    6.40        0.00
POST     /cart/checkout                                                                    33     0(0.00%) |     28      19      71     25 |    1.90        0.00
GET      /product/[id]                                                                    293     0(0.00%) |     16      11      94     15 |   18.80        0.00
POST     /setCurrency                                                                      47     0(0.00%) |     25      19      58     24 |    3.40        0.00
--------|----------------------------------------------------------------------------|-------|-------------|-------|-------|-------|-------|--------|-----------
         Aggregated                                                                       567     0(0.00%) |     19      10      94     17 |   37.50        0.00

Type     Name                                                                          # reqs      # fails |    Avg     Min     Max    Med |   req/s  failures/s
--------|----------------------------------------------------------------------------|-------|-------------|-------|-------|-------|-------|--------|-----------
GET      /                                                                                 21     0(0.00%) |     21      18      36     20 |    1.40        0.00
GET      /cart                                                                            104     0(0.00%) |     19      10     223     15 |    7.70        0.00
POST     /cart [add]                                                                      125     0(0.00%) |     29      15     293     22 |    8.50        0.00
POST     /cart/checkout                                                                    39     0(0.00%) |     28      19      71     25 |    2.90        0.00
GET      /product/[id]                                                                    395     0(0.00%) |     18      11     246     15 |   26.90        0.00
POST     /setCurrency                                                                      60     0(0.00%) |     32      19     310     25 |    4.60        0.00
--------|----------------------------------------------------------------------------|-------|-------------|-------|-------|-------|-------|--------|-----------
         Aggregated                                                                       744     0(0.00%) |     22      10     310     17 |   52.00        0.00

Type     Name                                                                          # reqs      # fails |    Avg     Min     Max    Med |   req/s  failures/s
--------|----------------------------------------------------------------------------|-------|-------------|-------|-------|-------|-------|--------|-----------
GET      /                                                                                 25     0(0.00%) |     33      18     160     21 |    1.50        0.00
GET      /cart                                                                            137     0(0.00%) |     20      10     223     17 |    9.10        0.00
POST     /cart [add]                                                                      159     0(0.00%) |     31      15     293     23 |   10.70        0.00
POST     /cart/checkout                                                                    54     0(0.00%) |     34      19     115     26 |    3.50        0.00
GET      /product/[id]                                                                    499     0(0.00%) |     19      11     246     15 |   34.50        0.00
POST     /setCurrency                                                                      85     0(0.00%) |     36      19     310     26 |    5.40        0.00
--------|----------------------------------------------------------------------------|-------|-------------|-------|-------|-------|-------|--------|-----------
         Aggregated                                                                       959     0(0.00%) |     24      10     310     18 |   64.70        0.00

Type     Name                                                                          # reqs      # fails |    Avg     Min     Max    Med |   req/s  failures/s
--------|----------------------------------------------------------------------------|-------|-------------|-------|-------|-------|-------|--------|-----------
GET      /                                                                                 31     0(0.00%) |     35      17     160     22 |    1.60        0.00
GET      /cart                                                                            167     0(0.00%) |     21      10     223     17 |   11.30        0.00
POST     /cart [add]                                                                      203     0(0.00%) |     33      15     293     23 |   12.40        0.00
POST     /cart/checkout                                                                    68     0(0.00%) |     35      19     115     27 |    4.50        0.00
GET      /product/[id]                                                                    623     0(0.00%) |     20      11     246     16 |   42.10        0.00
POST     /setCurrency                                                                     101     0(0.00%) |     38      18     310     26 |    6.60        0.00
--------|----------------------------------------------------------------------------|-------|-------------|-------|-------|-------|-------|--------|-----------
         Aggregated                                                                      1193     0(0.00%) |     25      10     310     18 |   78.50        0.00

Type     Name                                                                          # reqs      # fails |    Avg     Min     Max    Med |   req/s  failures/s
--------|----------------------------------------------------------------------------|-------|-------------|-------|-------|-------|-------|--------|-----------
GET      /                                                                                 41     0(0.00%) |     39      17     160     24 |    1.90        0.00
GET      /cart                                                                            209     0(0.00%) |     25      10     223     18 |   12.60        0.00
POST     /cart [add]                                                                      246     0(0.00%) |     36      15     293     25 |   15.20        0.00
POST     /cart/checkout                                                                    90     0(0.00%) |     42      19     115     29 |    5.50        0.00
GET      /product/[id]                                                                    742     0(0.00%) |     22      11     246     16 |   47.80        0.00
POST     /setCurrency                                                                     123     0(0.00%) |     39      18     310     27 |    7.70        0.00
--------|----------------------------------------------------------------------------|-------|-------------|-------|-------|-------|-------|--------|-----------
         Aggregated                                                                      1451     0(0.00%) |     28      10     310     19 |   90.70        0.00

Type     Name                                                                          # reqs      # fails |    Avg     Min     Max    Med |   req/s  failures/s
--------|----------------------------------------------------------------------------|-------|-------------|-------|-------|-------|-------|--------|-----------
GET      /                                                                                 48     0(0.00%) |     43      17     190     24 |    2.60        0.00
GET      /cart                                                                            251     0(0.00%) |     28      10     223     19 |   14.40        0.00
POST     /cart [add]                                                                      290     0(0.00%) |     38      15     293     25 |   17.70        0.00
POST     /cart/checkout                                                                   106     0(0.00%) |     44      19     115     30 |    6.90        0.00
GET      /product/[id]                                                                    893     0(0.00%) |     24      11     246     16 |   53.20        0.00
POST     /setCurrency                                                                     145     0(0.00%) |     42      18     310     27 |    8.70        0.00
--------|----------------------------------------------------------------------------|-------|-------------|-------|-------|-------|-------|--------|-----------
         Aggregated                                                                      1733     0(0.00%) |     30      10     310     20 |  103.50        0.00

Type     Name                                                                          # reqs      # fails |    Avg     Min     Max    Med |   req/s  failures/s
--------|----------------------------------------------------------------------------|-------|-------------|-------|-------|-------|-------|--------|-----------
GET      /                                                                                 53     0(0.00%) |     45      17     190     24 |    3.20        0.00
GET      /cart                                                                            299     0(0.00%) |     31      10     223     20 |   16.60        0.00
POST     /cart [add]                                                                      338     0(0.00%) |     40      15     293     26 |   19.40        0.00
POST     /cart/checkout                                                                   122     0(0.00%) |     48      19     148     36 |    7.20        0.00
GET      /product/[id]                                                                   1048     0(0.00%) |     27      11     246     17 |   59.00        0.00
POST     /setCurrency                                                                     164     0(0.00%) |     45      18     310     27 |    9.60        0.00
--------|----------------------------------------------------------------------------|-------|-------------|-------|-------|-------|-------|--------|-----------
         Aggregated                                                                      2024     0(0.00%) |     33      10     310     21 |  115.00        0.00

Type     Name                                                                          # reqs      # fails |    Avg     Min     Max    Med |   req/s  failures/s
--------|----------------------------------------------------------------------------|-------|-------------|-------|-------|-------|-------|--------|-----------
GET      /                                                                                 65     0(0.00%) |     51      17     190     26 |    3.30        0.00
GET      /cart                                                                            339     0(0.00%) |     34      10     223     21 |   19.30        0.00
POST     /cart [add]                                                                      383     0(0.00%) |     45      15     293     28 |   20.80        0.00
POST     /cart/checkout                                                                   136     0(0.00%) |     49      19     148     35 |    8.10        0.00
GET      /product/[id]                                                                   1210     0(0.00%) |     30      11     246     18 |   64.90        0.00
POST     /setCurrency                                                                     194     0(0.00%) |     52      18     310     29 |   10.30        0.00
--------|----------------------------------------------------------------------------|-------|-------------|-------|-------|-------|-------|--------|-----------
         Aggregated                                                                      2327     0(0.00%) |     37      10     310     23 |  126.70        0.00

Type     Name                                                                          # reqs      # fails |    Avg     Min     Max    Med |   req/s  failures/s
--------|----------------------------------------------------------------------------|-------|-------------|-------|-------|-------|-------|--------|-----------
GET      /                                                                                 77     0(0.00%) |     61      17     256     34 |    4.00        0.00
GET      /cart                                                                            376     0(0.00%) |     38      10     223     22 |   19.80        0.00
POST     /cart [add]                                                                      436     0(0.00%) |     52      15     293     30 |   22.10        0.00
POST     /cart/checkout                                                                   152     0(0.00%) |     53      19     156     42 |    8.30        0.00
GET      /product/[id]                                                                   1361     0(0.00%) |     34      11     246     19 |   70.60        0.00
POST     /setCurrency                                                                     231     0(0.00%) |     58      18     310     32 |   11.30        0.00
--------|----------------------------------------------------------------------------|-------|-------------|-------|-------|-------|-------|--------|-----------
         Aggregated                                                                      2633     0(0.00%) |     42      10     310     24 |  136.10        0.00

Type     Name                                                                          # reqs      # fails |    Avg     Min     Max    Med |   req/s  failures/s
--------|----------------------------------------------------------------------------|-------|-------------|-------|-------|-------|-------|--------|-----------
GET      /                                                                                 86     0(0.00%) |     73      17     290     49 |    2.89        0.00
GET      /cart                                                                            412     0(0.00%) |     44      10     261     24 |   13.83        0.00
POST     /cart [add]                                                                      489     0(0.00%) |     61      15     293     33 |   16.41        0.00
POST     /cart/checkout                                                                   171     0(0.00%) |     62      19     445     49 |    5.74        0.00
GET      /product/[id]                                                                   1489     0(0.00%) |     39      11     246     21 |   49.98        0.00
POST     /setCurrency                                                                     255     0(0.00%) |     70      18     427     37 |    8.56        0.00
--------|----------------------------------------------------------------------------|-------|-------------|-------|-------|-------|-------|--------|-----------
         Aggregated                                                                      2902     0(0.00%) |     48      10     445     27 |   97.41        0.00

Response time percentiles (approximated)
Type     Name                                                                                  50%    66%    75%    80%    90%    95%    98%    99%  99.9% 99.99%   100% # reqs
--------|--------------------------------------------------------------------------------|--------|------|------|------|------|------|------|------|------|------|------|------
GET      /                                                                                      59     92    110    120    160    190    260    290    290    290    290     86
GET      /cart                                                                                  24     41     59     68    100    140    180    190    260    260    260    412
POST     /cart [add]                                                                            33     59     82    100    140    180    230    260    290    290    290    489
POST     /cart/checkout                                                                         49     76     90     95    110    150    180    240    450    450    450    171
GET      /product/[id]                                                                          21     35     52     64     92    120    160    170    240    250    250   1489
POST     /setCurrency                                                                           37     74    110    120    170    190    240    310    430    430    430    255
--------|--------------------------------------------------------------------------------|--------|------|------|------|------|------|------|------|------|------|------|------
         Aggregated                                                                             27     46     65     78    110    150    190    220    320    450    450   2902

