/Users/edias/Library/Python/3.9/lib/python/site-packages/urllib3/__init__.py:35: NotOpenSSLWarning: urllib3 v2 only supports OpenSSL 1.1.1+, currently the 'ssl' module is compiled with 'LibreSSL 2.8.3'. See: https://github.com/urllib3/urllib3/issues/3020
  warnings.warn(
[2026-04-26 10:22:55,392] Mac/WARNING/locust.main: Python 3.9 support is deprecated and will be removed soon
Type     Name                                                                          # reqs      # fails |    Avg     Min     Max    Med |   req/s  failures/s
--------|----------------------------------------------------------------------------|-------|-------------|-------|-------|-------|-------|--------|-----------
--------|----------------------------------------------------------------------------|-------|-------------|-------|-------|-------|-------|--------|-----------
         Aggregated                                                                         0     0(0.00%) |      0       0       0      0 |    0.00        0.00

Type     Name                                                                          # reqs      # fails |    Avg     Min     Max    Med |   req/s  failures/s
--------|----------------------------------------------------------------------------|-------|-------------|-------|-------|-------|-------|--------|-----------
GET      /                                                                                  1     0(0.00%) |     31      31      31     31 |    0.00        0.00
GET      /cart                                                                              4     0(0.00%) |     20      12      32     17 |    0.00        0.00
POST     /cart [add]                                                                        2     0(0.00%) |     22      17      27     17 |    0.00        0.00
POST     /cart/checkout                                                                     2     0(0.00%) |     26      18      34     18 |    0.00        0.00
GET      /product/[id]                                                                     15     0(0.00%) |     26      11      80     22 |    0.00        0.00
--------|----------------------------------------------------------------------------|-------|-------------|-------|-------|-------|-------|--------|-----------
         Aggregated                                                                        24     0(0.00%) |     25      11      80     19 |    0.00        0.00

Type     Name                                                                          # reqs      # fails |    Avg     Min     Max    Med |   req/s  failures/s
--------|----------------------------------------------------------------------------|-------|-------------|-------|-------|-------|-------|--------|-----------
GET      /                                                                                  4     0(0.00%) |     21      15      31     17 |    0.50        0.00
GET      /cart                                                                              7     0(0.00%) |     16      11      32     13 |    2.00        0.00
POST     /cart [add]                                                                       15     0(0.00%) |     21      16      37     21 |    0.50        0.00
POST     /cart/checkout                                                                     5     0(0.00%) |     24      18      34     23 |    0.50        0.00
GET      /product/[id]                                                                     37     0(0.00%) |     18      10      80     15 |    5.50        0.00
POST     /setCurrency                                                                       5     0(0.00%) |     20      14      25     24 |    0.00        0.00
--------|----------------------------------------------------------------------------|-------|-------------|-------|-------|-------|-------|--------|-----------
         Aggregated                                                                        73     0(0.00%) |     19      10      80     17 |    9.00        0.00

Type     Name                                                                          # reqs      # fails |    Avg     Min     Max    Med |   req/s  failures/s
--------|----------------------------------------------------------------------------|-------|-------------|-------|-------|-------|-------|--------|-----------
GET      /                                                                                  5     0(0.00%) |     20      14      31     17 |    1.00        0.00
GET      /cart                                                                             19     0(0.00%) |     17       8      65     13 |    1.25        0.00
POST     /cart [add]                                                                       30     0(0.00%) |     20      12      41     19 |    3.25        0.00
POST     /cart/checkout                                                                    11     0(0.00%) |     27      18      62     22 |    1.25        0.00
GET      /product/[id]                                                                     76     0(0.00%) |     17       9      80     14 |    8.00        0.00
POST     /setCurrency                                                                      15     0(0.00%) |     24      14      61     19 |    1.25        0.00
--------|----------------------------------------------------------------------------|-------|-------------|-------|-------|-------|-------|--------|-----------
         Aggregated                                                                       156     0(0.00%) |     19       8      80     16 |   16.00        0.00

Type     Name                                                                          # reqs      # fails |    Avg     Min     Max    Med |   req/s  failures/s
--------|----------------------------------------------------------------------------|-------|-------------|-------|-------|-------|-------|--------|-----------
GET      /                                                                                  8     0(0.00%) |     20      14      31     17 |    0.83        0.00
GET      /cart                                                                             30     0(0.00%) |     19       8      70     13 |    2.67        0.00
POST     /cart [add]                                                                       43     0(0.00%) |     33      12     260     18 |    4.00        0.00
POST     /cart/checkout                                                                    19     0(0.00%) |     25      16      62     20 |    1.33        0.00
GET      /product/[id]                                                                    138     0(0.00%) |     22       8     169     13 |   11.17        0.00
POST     /setCurrency                                                                      21     0(0.00%) |     23      14      61     19 |    2.33        0.00
--------|----------------------------------------------------------------------------|-------|-------------|-------|-------|-------|-------|--------|-----------
         Aggregated                                                                       259     0(0.00%) |     23       8     260     15 |   22.33        0.00

Type     Name                                                                          # reqs      # fails |    Avg     Min     Max    Med |   req/s  failures/s
--------|----------------------------------------------------------------------------|-------|-------------|-------|-------|-------|-------|--------|-----------
GET      /                                                                                 14     0(0.00%) |     21      14      40     17 |    1.00        0.00
GET      /cart                                                                             53     0(0.00%) |     17       8      70     12 |    3.12        0.00
POST     /cart [add]                                                                       63     0(0.00%) |     29      12     260     17 |    4.75        0.00
POST     /cart/checkout                                                                    26     0(0.00%) |     23      15      62     20 |    1.75        0.00
GET      /product/[id]                                                                    204     0(0.00%) |     19       7     169     12 |   15.62        0.00
POST     /setCurrency                                                                      32     0(0.00%) |     27      14      97     19 |    2.50        0.00
--------|----------------------------------------------------------------------------|-------|-------------|-------|-------|-------|-------|--------|-----------
         Aggregated                                                                       392     0(0.00%) |     21       7     260     15 |   28.75        0.00

Type     Name                                                                          # reqs      # fails |    Avg     Min     Max    Med |   req/s  failures/s
--------|----------------------------------------------------------------------------|-------|-------------|-------|-------|-------|-------|--------|-----------
GET      /                                                                                 18     0(0.00%) |     26      11      94     20 |    1.20        0.00
GET      /cart                                                                             75     0(0.00%) |     18       8      75     12 |    4.50        0.00
POST     /cart [add]                                                                       83     0(0.00%) |     30      12     260     17 |    6.00        0.00
POST     /cart/checkout                                                                    33     0(0.00%) |     36      15     252     20 |    2.50        0.00
GET      /product/[id]                                                                    285     0(0.00%) |     19       7     169     12 |   19.00        0.00
POST     /setCurrency                                                                      50     0(0.00%) |     30      14     106     20 |    2.60        0.00
--------|----------------------------------------------------------------------------|-------|-------------|-------|-------|-------|-------|--------|-----------
         Aggregated                                                                       544     0(0.00%) |     23       7     260     15 |   35.80        0.00

Type     Name                                                                          # reqs      # fails |    Avg     Min     Max    Med |   req/s  failures/s
--------|----------------------------------------------------------------------------|-------|-------------|-------|-------|-------|-------|--------|-----------
GET      /                                                                                 24     0(0.00%) |     29      11      94     20 |    1.50        0.00
GET      /cart                                                                             99     0(0.00%) |     22       8      75     13 |    6.50        0.00
POST     /cart [add]                                                                      114     0(0.00%) |     32      12     260     18 |    8.10        0.00
POST     /cart/checkout                                                                    44     0(0.00%) |     34      14     252     20 |    3.10        0.00
GET      /product/[id]                                                                    367     0(0.00%) |     21       7     169     13 |   25.70        0.00
POST     /setCurrency                                                                      68     0(0.00%) |     34      14     106     22 |    4.60        0.00
--------|----------------------------------------------------------------------------|-------|-------------|-------|-------|-------|-------|--------|-----------
         Aggregated                                                                       716     0(0.00%) |     25       7     260     16 |   49.50        0.00

Type     Name                                                                          # reqs      # fails |    Avg     Min     Max    Med |   req/s  failures/s
--------|----------------------------------------------------------------------------|-------|-------------|-------|-------|-------|-------|--------|-----------
GET      /                                                                                 26     0(0.00%) |     41      11     286     21 |    1.80        0.00
GET      /cart                                                                            129     0(0.00%) |     37       8     290     14 |    9.00        0.00
POST     /cart [add]                                                                      143     0(0.00%) |     42      11     313     20 |    9.50        0.00
POST     /cart/checkout                                                                    50     0(0.00%) |     37      14     252     20 |    3.90        0.00
GET      /product/[id]                                                                    465     0(0.00%) |     30       7     280     14 |   32.30        0.00
POST     /setCurrency                                                                      87     0(0.00%) |     55      14     395     24 |    5.90        0.00
--------|----------------------------------------------------------------------------|-------|-------------|-------|-------|-------|-------|--------|-----------
         Aggregated                                                                       900     0(0.00%) |     36       7     395     17 |   62.40        0.00

Type     Name                                                                          # reqs      # fails |    Avg     Min     Max    Med |   req/s  failures/s
--------|----------------------------------------------------------------------------|-------|-------------|-------|-------|-------|-------|--------|-----------
GET      /                                                                                 31     0(0.00%) |     45      11     286     23 |    2.10        0.00
GET      /cart                                                                            152     0(0.00%) |     41       8     290     16 |   11.00        0.00
POST     /cart [add]                                                                      195     0(0.00%) |     49      11     313     28 |   11.40        0.00
POST     /cart/checkout                                                                    68     0(0.00%) |     47      14     252     22 |    4.10        0.00
GET      /product/[id]                                                                    565     0(0.00%) |     31       7     280     15 |   37.40        0.00
POST     /setCurrency                                                                     105     0(0.00%) |     59      14     395     32 |    6.90        0.00
--------|----------------------------------------------------------------------------|-------|-------------|-------|-------|-------|-------|--------|-----------
         Aggregated                                                                      1116     0(0.00%) |     40       7     395     19 |   72.90        0.00

Type     Name                                                                          # reqs      # fails |    Avg     Min     Max    Med |   req/s  failures/s
--------|----------------------------------------------------------------------------|-------|-------------|-------|-------|-------|-------|--------|-----------
GET      /                                                                                 44     0(0.00%) |     63      11     286     40 |    2.20        0.00
GET      /cart                                                                            181     0(0.00%) |     45       8     290     22 |   12.40        0.00
POST     /cart [add]                                                                      228     0(0.00%) |     54      11     313     36 |   15.00        0.00
POST     /cart/checkout                                                                    82     0(0.00%) |     55      14     252     26 |    5.30        0.00
GET      /product/[id]                                                                    684     0(0.00%) |     35       7     280     17 |   41.00        0.00
POST     /setCurrency                                                                     125     0(0.00%) |     68      14     395     40 |    8.20        0.00
--------|----------------------------------------------------------------------------|-------|-------------|-------|-------|-------|-------|--------|-----------
         Aggregated                                                                      1344     0(0.00%) |     45       7     395     23 |   84.10        0.00

Type     Name                                                                          # reqs      # fails |    Avg     Min     Max    Med |   req/s  failures/s
--------|----------------------------------------------------------------------------|-------|-------------|-------|-------|-------|-------|--------|-----------
GET      /                                                                                 51     0(0.00%) |     75      11     286     49 |    2.90        0.00
GET      /cart                                                                            204     0(0.00%) |     55       8     290     29 |   13.00        0.00
POST     /cart [add]                                                                      259     0(0.00%) |     64      11     351     42 |   15.90        0.00
POST     /cart/checkout                                                                    88     0(0.00%) |     68      14     688     28 |    5.10        0.00
GET      /product/[id]                                                                    791     0(0.00%) |     46       7     404     22 |   47.70        0.00
POST     /setCurrency                                                                     154     0(0.00%) |     85      14     395     58 |    9.20        0.00
--------|----------------------------------------------------------------------------|-------|-------------|-------|-------|-------|-------|--------|-----------
         Aggregated                                                                      1547     0(0.00%) |     56       7     688     29 |   93.80        0.00

Type     Name                                                                          # reqs      # fails |    Avg     Min     Max    Med |   req/s  failures/s
--------|----------------------------------------------------------------------------|-------|-------------|-------|-------|-------|-------|--------|-----------
GET      /                                                                                 60     0(0.00%) |     85      11     457     53 |    3.10        0.00
GET      /cart                                                                            246     0(0.00%) |     74       8     470     50 |   12.70        0.00
POST     /cart [add]                                                                      292     0(0.00%) |     78      11     534     48 |   17.50        0.00
POST     /cart/checkout                                                                    97     0(0.00%) |     75      14     688     38 |    5.60        0.00
GET      /product/[id]                                                                    895     0(0.00%) |     55       7     404     28 |   49.60        0.00
POST     /setCurrency                                                                     179     0(0.00%) |     92      14     395     78 |   10.40        0.00
--------|----------------------------------------------------------------------------|-------|-------------|-------|-------|-------|-------|--------|-----------
         Aggregated                                                                      1769     0(0.00%) |     67       7     688     39 |   98.90        0.00

Type     Name                                                                          # reqs      # fails |    Avg     Min     Max    Med |   req/s  failures/s
--------|----------------------------------------------------------------------------|-------|-------------|-------|-------|-------|-------|--------|-----------
GET      /                                                                                 71     0(0.00%) |     92      11     457     89 |    3.60        0.00
GET      /cart                                                                            270     0(0.00%) |     78       8     470     54 |   14.30        0.00
POST     /cart [add]                                                                      337     0(0.00%) |     84      11     534     60 |   17.50        0.00
POST     /cart/checkout                                                                   111     0(0.00%) |     83      14     688     57 |    5.10        0.00
GET      /product/[id]                                                                   1032     0(0.00%) |     61       7     404     36 |   51.90        0.00
POST     /setCurrency                                                                     203     0(0.00%) |     94      14     395     83 |   11.10        0.00
--------|----------------------------------------------------------------------------|-------|-------------|-------|-------|-------|-------|--------|-----------
         Aggregated                                                                      2024     0(0.00%) |     72       7     688     48 |  103.50        0.00

Type     Name                                                                          # reqs      # fails |    Avg     Min     Max    Med |   req/s  failures/s
--------|----------------------------------------------------------------------------|-------|-------------|-------|-------|-------|-------|--------|-----------
GET      /                                                                                 79     0(0.00%) |     98      11     457     95 |    4.30        0.00
GET      /cart                                                                            295     0(0.00%) |     84       8     470     59 |   14.00        0.00
POST     /cart [add]                                                                      384     0(0.00%) |    108      11     865     72 |   18.90        0.00
POST     /cart/checkout                                                                   126     0(0.00%) |    102      14     688     68 |    5.90        0.00
GET      /product/[id]                                                                   1147     0(0.00%) |     71       7     626     42 |   55.80        0.00
POST     /setCurrency                                                                     223     0(0.00%) |    104      14     779     86 |   11.70        0.00
--------|----------------------------------------------------------------------------|-------|-------------|-------|-------|-------|-------|--------|-----------
         Aggregated                                                                      2254     0(0.00%) |     85       7     865     55 |  110.60        0.00

Type     Name                                                                          # reqs      # fails |    Avg     Min     Max    Med |   req/s  failures/s
--------|----------------------------------------------------------------------------|-------|-------------|-------|-------|-------|-------|--------|-----------
GET      /                                                                                 89     0(0.00%) |    113      11     492     99 |    4.60        0.00
GET      /cart                                                                            333     0(0.00%) |     93       8     470     67 |   13.70        0.00
POST     /cart [add]                                                                      428     0(0.00%) |    120      11     865     85 |   18.50        0.00
POST     /cart/checkout                                                                   142     0(0.00%) |    115      14     688     71 |    5.50        0.00
GET      /product/[id]                                                                   1263     0(0.00%) |     80       7     626     50 |   57.80        0.00
POST     /setCurrency                                                                     249     0(0.00%) |    111      14     779     96 |   11.60        0.00
--------|----------------------------------------------------------------------------|-------|-------------|-------|-------|-------|-------|--------|-----------
         Aggregated                                                                      2504     0(0.00%) |     95       7     865     65 |  111.70        0.00

Type     Name                                                                          # reqs      # fails |    Avg     Min     Max    Med |   req/s  failures/s
--------|----------------------------------------------------------------------------|-------|-------------|-------|-------|-------|-------|--------|-----------
GET      /                                                                                100     0(0.00%) |    113      11     492     99 |    4.50        0.00
GET      /cart                                                                            368     0(0.00%) |     98       8     470     72 |   14.90        0.00
POST     /cart [add]                                                                      477     0(0.00%) |    126      11     865     96 |   20.10        0.00
POST     /cart/checkout                                                                   168     0(0.00%) |    121      14     688     72 |    6.30        0.00
GET      /product/[id]                                                                   1407     0(0.00%) |     86       7     626     56 |   57.30        0.00
POST     /setCurrency                                                                     283     0(0.00%) |    111      14     779     96 |   12.60        0.00
--------|----------------------------------------------------------------------------|-------|-------------|-------|-------|-------|-------|--------|-----------
         Aggregated                                                                      2803     0(0.00%) |    100       7     865     71 |  115.70        0.00

Type     Name                                                                          # reqs      # fails |    Avg     Min     Max    Med |   req/s  failures/s
--------|----------------------------------------------------------------------------|-------|-------------|-------|-------|-------|-------|--------|-----------
GET      /                                                                                110     0(0.00%) |    114      11     492    110 |    5.10        0.00
GET      /cart                                                                            407     0(0.00%) |    106       8     470     76 |   16.30        0.00
POST     /cart [add]                                                                      526     0(0.00%) |    136      11     865    100 |   20.90        0.00
POST     /cart/checkout                                                                   180     0(0.00%) |    125      14     688     74 |    7.50        0.00
GET      /product/[id]                                                                   1557     0(0.00%) |     94       7     626     61 |   60.60        0.00
POST     /setCurrency                                                                     309     0(0.00%) |    111      14     779     98 |   13.00        0.00
--------|----------------------------------------------------------------------------|-------|-------------|-------|-------|-------|-------|--------|-----------
         Aggregated                                                                      3089     0(0.00%) |    107       7     865     76 |  123.40        0.00

Type     Name                                                                          # reqs      # fails |    Avg     Min     Max    Med |   req/s  failures/s
--------|----------------------------------------------------------------------------|-------|-------------|-------|-------|-------|-------|--------|-----------
GET      /                                                                                117     0(0.00%) |    118      11     492    110 |    5.00        0.00
GET      /cart                                                                            443     0(0.00%) |    119       8     760     82 |   15.70        0.00
POST     /cart [add]                                                                      565     0(0.00%) |    148      11     865    110 |   23.50        0.00
POST     /cart/checkout                                                                   195     0(0.00%) |    137      14     688     84 |    8.30        0.00
GET      /product/[id]                                                                   1687     0(0.00%) |    103       7     626     69 |   64.80        0.00
POST     /setCurrency                                                                     333     0(0.00%) |    120      14     779    100 |   12.90        0.00
--------|----------------------------------------------------------------------------|-------|-------------|-------|-------|-------|-------|--------|-----------
         Aggregated                                                                      3340     0(0.00%) |    117       7     865     82 |  130.20        0.00

Type     Name                                                                          # reqs      # fails |    Avg     Min     Max    Med |   req/s  failures/s
--------|----------------------------------------------------------------------------|-------|-------------|-------|-------|-------|-------|--------|-----------
GET      /                                                                                122     0(0.00%) |    121      11     492    110 |    4.50        0.00
GET      /cart                                                                            474     0(0.00%) |    128       8     760     89 |   17.00        0.00
POST     /cart [add]                                                                      614     0(0.00%) |    158      11     865    110 |   22.80        0.00
POST     /cart/checkout                                                                   204     0(0.00%) |    144      14     688     88 |    8.30        0.00
GET      /product/[id]                                                                   1841     0(0.00%) |    113       7     626     75 |   65.80        0.00
POST     /setCurrency                                                                     378     0(0.00%) |    128      14     779    100 |   13.10        0.00
--------|----------------------------------------------------------------------------|-------|-------------|-------|-------|-------|-------|--------|-----------
         Aggregated                                                                      3633     0(0.00%) |    126       7     865     90 |  131.50        0.00

Type     Name                                                                          # reqs      # fails |    Avg     Min     Max    Med |   req/s  failures/s
--------|----------------------------------------------------------------------------|-------|-------------|-------|-------|-------|-------|--------|-----------
GET      /                                                                                129     0(0.00%) |    126      11     492    120 |    4.50        0.00
GET      /cart                                                                            513     0(0.00%) |    139       8     797     96 |   18.20        0.00
POST     /cart [add]                                                                      659     0(0.00%) |    167      11     865    120 |   22.90        0.00
POST     /cart/checkout                                                                   226     0(0.00%) |    149      14     688     95 |    8.10        0.00
GET      /product/[id]                                                                   1986     0(0.00%) |    120       7     626     80 |   69.10        0.00
POST     /setCurrency                                                                     413     0(0.00%) |    135      14     779    110 |   14.90        0.00
--------|----------------------------------------------------------------------------|-------|-------------|-------|-------|-------|-------|--------|-----------
         Aggregated                                                                      3926     0(0.00%) |    134       7     865     95 |  137.70        0.00

Type     Name                                                                          # reqs      # fails |    Avg     Min     Max    Med |   req/s  failures/s
--------|----------------------------------------------------------------------------|-------|-------------|-------|-------|-------|-------|--------|-----------
GET      /                                                                                135     0(0.00%) |    126      11     492    110 |    3.90        0.00
GET      /cart                                                                            556     0(0.00%) |    151       8     797     99 |   18.10        0.00
POST     /cart [add]                                                                      703     0(0.00%) |    175      11     865    120 |   23.20        0.00
POST     /cart/checkout                                                                   238     0(0.00%) |    157      14     688     97 |    8.10        0.00
GET      /product/[id]                                                                   2158     0(0.00%) |    129       7     626     84 |   70.80        0.00
POST     /setCurrency                                                                     444     0(0.00%) |    134      14     779    110 |   16.40        0.00
--------|----------------------------------------------------------------------------|-------|-------------|-------|-------|-------|-------|--------|-----------
         Aggregated                                                                      4234     0(0.00%) |    141       7     865     98 |  140.50        0.00

Type     Name                                                                          # reqs      # fails |    Avg     Min     Max    Med |   req/s  failures/s
--------|----------------------------------------------------------------------------|-------|-------------|-------|-------|-------|-------|--------|-----------
GET      /                                                                                147     0(0.00%) |    132      11     492    120 |    3.60        0.00
GET      /cart                                                                            600     0(0.00%) |    165       8     950    110 |   18.30        0.00
POST     /cart [add]                                                                      751     0(0.00%) |    184      11     865    130 |   22.50        0.00
POST     /cart/checkout                                                                   256     0(0.00%) |    170      14     688     98 |    7.20        0.00
GET      /product/[id]                                                                   2292     0(0.00%) |    138       7     628     90 |   75.90        0.00
POST     /setCurrency                                                                     482     0(0.00%) |    143      14     779    120 |   15.80        0.00
--------|----------------------------------------------------------------------------|-------|-------------|-------|-------|-------|-------|--------|-----------
         Aggregated                                                                      4528     0(0.00%) |    151       7     950    100 |  143.30        0.00

Type     Name                                                                          # reqs      # fails |    Avg     Min     Max    Med |   req/s  failures/s
--------|----------------------------------------------------------------------------|-------|-------------|-------|-------|-------|-------|--------|-----------
GET      /                                                                                152     0(0.00%) |    134      11     492    120 |    3.40        0.00
GET      /cart                                                                            638     0(0.00%) |    177       8     950    120 |   19.70        0.00
POST     /cart [add]                                                                      801     0(0.00%) |    192      11     865    140 |   22.30        0.00
POST     /cart/checkout                                                                   271     0(0.00%) |    168      14     688     98 |    7.60        0.00
GET      /product/[id]                                                                   2443     0(0.00%) |    148       7     628     95 |   73.00        0.00
POST     /setCurrency                                                                     509     0(0.00%) |    145      14     779    120 |   16.90        0.00
--------|----------------------------------------------------------------------------|-------|-------------|-------|-------|-------|-------|--------|-----------
         Aggregated                                                                      4814     0(0.00%) |    160       7     950    110 |  142.90        0.00

Type     Name                                                                          # reqs      # fails |    Avg     Min     Max    Med |   req/s  failures/s
--------|----------------------------------------------------------------------------|-------|-------------|-------|-------|-------|-------|--------|-----------
GET      /                                                                                158     0(0.00%) |    145      11     736    120 |    3.80        0.00
GET      /cart                                                                            669     0(0.00%) |    190       8     973    120 |   19.70        0.00
POST     /cart [add]                                                                      843     0(0.00%) |    208      11    1170    150 |   23.70        0.00
POST     /cart/checkout                                                                   288     0(0.00%) |    186      14     891    100 |    8.00        0.00
GET      /product/[id]                                                                   2585     0(0.00%) |    164       7     792    100 |   75.80        0.00
POST     /setCurrency                                                                     534     0(0.00%) |    151      14     779    120 |   17.20        0.00
--------|----------------------------------------------------------------------------|-------|-------------|-------|-------|-------|-------|--------|-----------
         Aggregated                                                                      5077     0(0.00%) |    174       7    1170    120 |  148.20        0.00

Type     Name                                                                          # reqs      # fails |    Avg     Min     Max    Med |   req/s  failures/s
--------|----------------------------------------------------------------------------|-------|-------------|-------|-------|-------|-------|--------|-----------
GET      /                                                                                168     0(0.00%) |    146      11     736    120 |    3.70        0.00
GET      /cart                                                                            706     0(0.00%) |    198       8     973    130 |   19.60        0.00
POST     /cart [add]                                                                      876     0(0.00%) |    214      11    1170    160 |   22.90        0.00
POST     /cart/checkout                                                                   302     0(0.00%) |    196      14     891    100 |    7.90        0.00
GET      /product/[id]                                                                   2767     0(0.00%) |    176       7     792    110 |   74.40        0.00
POST     /setCurrency                                                                     560     0(0.00%) |    153      14     779    120 |   16.20        0.00
--------|----------------------------------------------------------------------------|-------|-------------|-------|-------|-------|-------|--------|-----------
         Aggregated                                                                      5379     0(0.00%) |    183       7    1170    120 |  144.70        0.00

Type     Name                                                                          # reqs      # fails |    Avg     Min     Max    Med |   req/s  failures/s
--------|----------------------------------------------------------------------------|-------|-------------|-------|-------|-------|-------|--------|-----------
GET      /                                                                                173     0(0.00%) |    151      11     736    120 |    4.20        0.00
GET      /cart                                                                            745     0(0.00%) |    208       8     987    140 |   19.00        0.00
POST     /cart [add]                                                                      925     0(0.00%) |    225      11    1170    170 |   22.10        0.00
POST     /cart/checkout                                                                   313     0(0.00%) |    201      14     891    100 |    8.20        0.00
GET      /product/[id]                                                                   2928     0(0.00%) |    191       7     809    120 |   77.50        0.00
POST     /setCurrency                                                                     581     0(0.00%) |    153      14     779    120 |   14.70        0.00
--------|----------------------------------------------------------------------------|-------|-------------|-------|-------|-------|-------|--------|-----------
         Aggregated                                                                      5665     0(0.00%) |    194       7    1170    130 |  145.70        0.00

Type     Name                                                                          # reqs      # fails |    Avg     Min     Max    Med |   req/s  failures/s
--------|----------------------------------------------------------------------------|-------|-------------|-------|-------|-------|-------|--------|-----------
GET      /                                                                                184     0(0.00%) |    155      11     736    130 |    3.60        0.00
GET      /cart                                                                            778     0(0.00%) |    218       8     987    150 |   18.80        0.00
POST     /cart [add]                                                                      973     0(0.00%) |    235      11    1170    180 |   21.90        0.00
POST     /cart/checkout                                                                   329     0(0.00%) |    212      14     891    130 |    7.70        0.00
GET      /product/[id]                                                                   3070     0(0.00%) |    201       7     844    120 |   76.00        0.00
POST     /setCurrency                                                                     610     0(0.00%) |    155      14     779    130 |   13.80        0.00
--------|----------------------------------------------------------------------------|-------|-------------|-------|-------|-------|-------|--------|-----------
         Aggregated                                                                      5944     0(0.00%) |    203       7    1170    130 |  141.80        0.00

Type     Name                                                                          # reqs      # fails |    Avg     Min     Max    Med |   req/s  failures/s
--------|----------------------------------------------------------------------------|-------|-------------|-------|-------|-------|-------|--------|-----------
GET      /                                                                                190     0(0.00%) |    156      11     736    130 |    3.90        0.00
GET      /cart                                                                            819     0(0.00%) |    232       8    1157    150 |   17.50        0.00
POST     /cart [add]                                                                     1020     0(0.00%) |    245      11    1170    180 |   22.10        0.00
POST     /cart/checkout                                                                   348     0(0.00%) |    230      14    1030    140 |    7.30        0.00
GET      /product/[id]                                                                   3199     0(0.00%) |    211       7     844    130 |   78.80        0.00
POST     /setCurrency                                                                     633     0(0.00%) |    158      14     779    130 |   12.40        0.00
--------|----------------------------------------------------------------------------|-------|-------------|-------|-------|-------|-------|--------|-----------
         Aggregated                                                                      6209     0(0.00%) |    213       7    1170    140 |  142.00        0.00

Type     Name                                                                          # reqs      # fails |    Avg     Min     Max    Med |   req/s  failures/s
--------|----------------------------------------------------------------------------|-------|-------------|-------|-------|-------|-------|--------|-----------
GET      /                                                                                199     0(0.00%) |    156      11     736    130 |    3.80        0.00
GET      /cart                                                                            849     0(0.00%) |    237       8    1157    160 |   17.60        0.00
POST     /cart [add]                                                                     1062     0(0.00%) |    253      11    1170    190 |   22.10        0.00
POST     /cart/checkout                                                                   369     0(0.00%) |    235      14    1030    150 |    7.20        0.00
GET      /product/[id]                                                                   3323     0(0.00%) |    217       7     844    130 |   75.80        0.00
POST     /setCurrency                                                                     658     0(0.00%) |    164      14     814    130 |   12.90        0.00
--------|----------------------------------------------------------------------------|-------|-------------|-------|-------|-------|-------|--------|-----------
         Aggregated                                                                      6460     0(0.00%) |    219       7    1170    140 |  139.40        0.00

Type     Name                                                                          # reqs      # fails |    Avg     Min     Max    Med |   req/s  failures/s
--------|----------------------------------------------------------------------------|-------|-------------|-------|-------|-------|-------|--------|-----------
GET      /                                                                                207     0(0.00%) |    161      11     910    130 |    4.10        0.00
GET      /cart                                                                            878     0(0.00%) |    244       8    1157    160 |   18.20        0.00
POST     /cart [add]                                                                     1109     0(0.00%) |    270      11    1755    190 |   22.70        0.00
POST     /cart/checkout                                                                   386     0(0.00%) |    249      14    1773    160 |    8.50        0.00
GET      /product/[id]                                                                   3481     0(0.00%) |    233       7    1496    140 |   76.80        0.00
POST     /setCurrency                                                                     683     0(0.00%) |    171      14    1129    130 |   12.90        0.00
--------|----------------------------------------------------------------------------|-------|-------------|-------|-------|-------|-------|--------|-----------
         Aggregated                                                                      6744     0(0.00%) |    233       7    1773    150 |  143.20        0.00

Type     Name                                                                          # reqs      # fails |    Avg     Min     Max    Med |   req/s  failures/s
--------|----------------------------------------------------------------------------|-------|-------------|-------|-------|-------|-------|--------|-----------
GET      /                                                                                212     0(0.00%) |    163      11     910    130 |    3.80        0.00
GET      /cart                                                                            906     0(0.00%) |    254       8    1157    170 |   17.50        0.00
POST     /cart [add]                                                                     1140     0(0.00%) |    278      11    1755    190 |   22.10        0.00
POST     /cart/checkout                                                                   399     0(0.00%) |    264      14    1773    170 |    7.90        0.00
GET      /product/[id]                                                                   3621     0(0.00%) |    244       7    1496    140 |   72.00        0.00
POST     /setCurrency                                                                     704     0(0.00%) |    177      14    1160    130 |   12.20        0.00
--------|----------------------------------------------------------------------------|-------|-------------|-------|-------|-------|-------|--------|-----------
         Aggregated                                                                      6982     0(0.00%) |    243       7    1773    150 |  135.50        0.00

Type     Name                                                                          # reqs      # fails |    Avg     Min     Max    Med |   req/s  failures/s
--------|----------------------------------------------------------------------------|-------|-------------|-------|-------|-------|-------|--------|-----------
GET      /                                                                                221     0(0.00%) |    163      11     910    130 |    4.00        0.00
GET      /cart                                                                            940     0(0.00%) |    260       8    1157    180 |   17.10        0.00
POST     /cart [add]                                                                     1181     0(0.00%) |    284      11    1755    200 |   22.00        0.00
POST     /cart/checkout                                                                   410     0(0.00%) |    266      14    1773    170 |    8.10        0.00
GET      /product/[id]                                                                   3776     0(0.00%) |    250       7    1496    150 |   69.40        0.00
POST     /setCurrency                                                                     731     0(0.00%) |    175      14    1160    130 |   12.10        0.00
--------|----------------------------------------------------------------------------|-------|-------------|-------|-------|-------|-------|--------|-----------
         Aggregated                                                                      7259     0(0.00%) |    248       7    1773    160 |  132.70        0.00

Type     Name                                                                          # reqs      # fails |    Avg     Min     Max    Med |   req/s  failures/s
--------|----------------------------------------------------------------------------|-------|-------------|-------|-------|-------|-------|--------|-----------
GET      /                                                                                232     0(0.00%) |    164      11     910    140 |    3.80        0.00
GET      /cart                                                                            970     0(0.00%) |    269       8    1238    180 |   16.40        0.00
POST     /cart [add]                                                                     1230     0(0.00%) |    296      11    1755    200 |   21.00        0.00
POST     /cart/checkout                                                                   430     0(0.00%) |    278      14    1773    170 |    8.20        0.00
GET      /product/[id]                                                                   3907     0(0.00%) |    257       7    1496    150 |   70.00        0.00
POST     /setCurrency                                                                     757     0(0.00%) |    180      14    1160    140 |   12.90        0.00
--------|----------------------------------------------------------------------------|-------|-------------|-------|-------|-------|-------|--------|-----------
         Aggregated                                                                      7526     0(0.00%) |    255       7    1773    160 |  132.30        0.00

Type     Name                                                                          # reqs      # fails |    Avg     Min     Max    Med |   req/s  failures/s
--------|----------------------------------------------------------------------------|-------|-------------|-------|-------|-------|-------|--------|-----------
GET      /                                                                                240     0(0.00%) |    164      11     910    140 |    4.10        0.00
GET      /cart                                                                           1003     0(0.00%) |    274       8    1238    190 |   14.90        0.00
POST     /cart [add]                                                                     1275     0(0.00%) |    302      11    1755    210 |   20.60        0.00
POST     /cart/checkout                                                                   444     0(0.00%) |    283      14    1773    180 |    8.10        0.00
GET      /product/[id]                                                                   4063     0(0.00%) |    261       7    1496    160 |   70.60        0.00
POST     /setCurrency                                                                     795     0(0.00%) |    180      14    1160    140 |   11.40        0.00
--------|----------------------------------------------------------------------------|-------|-------------|-------|-------|-------|-------|--------|-----------
         Aggregated                                                                      7820     0(0.00%) |    259       7    1773    170 |  129.70        0.00

Type     Name                                                                          # reqs      # fails |    Avg     Min     Max    Med |   req/s  failures/s
--------|----------------------------------------------------------------------------|-------|-------------|-------|-------|-------|-------|--------|-----------
GET      /                                                                                252     0(0.00%) |    167      11     910    140 |    3.90        0.00
GET      /cart                                                                           1039     0(0.00%) |    280       8    1238    190 |   14.50        0.00
POST     /cart [add]                                                                     1321     0(0.00%) |    308      11    1755    210 |   20.30        0.00
POST     /cart/checkout                                                                   466     0(0.00%) |    293      14    1773    190 |    7.30        0.00
GET      /product/[id]                                                                   4206     0(0.00%) |    265       7    1496    160 |   72.10        0.00
POST     /setCurrency                                                                     829     0(0.00%) |    182      14    1160    140 |   13.20        0.00
--------|----------------------------------------------------------------------------|-------|-------------|-------|-------|-------|-------|--------|-----------
         Aggregated                                                                      8113     0(0.00%) |    264       7    1773    170 |  131.30        0.00

Type     Name                                                                          # reqs      # fails |    Avg     Min     Max    Med |   req/s  failures/s
--------|----------------------------------------------------------------------------|-------|-------------|-------|-------|-------|-------|--------|-----------
GET      /                                                                                260     0(0.00%) |    168      11     910    150 |    4.40        0.00
GET      /cart                                                                           1076     0(0.00%) |    286       8    1238    190 |   16.30        0.00
POST     /cart [add]                                                                     1356     0(0.00%) |    313      11    1755    220 |   21.90        0.00
POST     /cart/checkout                                                                   482     0(0.00%) |    296      14    1773    190 |    8.00        0.00
GET      /product/[id]                                                                   4356     0(0.00%) |    271       7    1496    170 |   72.40        0.00
POST     /setCurrency                                                                     849     0(0.00%) |    183      14    1160    140 |   14.20        0.00
--------|----------------------------------------------------------------------------|-------|-------------|-------|-------|-------|-------|--------|-----------
         Aggregated                                                                      8379     0(0.00%) |    269       7    1773    180 |  137.20        0.00

Type     Name                                                                          # reqs      # fails |    Avg     Min     Max    Med |   req/s  failures/s
--------|----------------------------------------------------------------------------|-------|-------------|-------|-------|-------|-------|--------|-----------
GET      /                                                                                265     0(0.00%) |    169      11     910    150 |    4.90        0.00
GET      /cart                                                                           1105     0(0.00%) |    293       8    1238    200 |   16.40        0.00
POST     /cart [add]                                                                     1400     0(0.00%) |    323      11    1755    230 |   21.80        0.00
POST     /cart/checkout                                                                   497     0(0.00%) |    300      14    1773    200 |    8.20        0.00
GET      /product/[id]                                                                   4479     0(0.00%) |    278       7    1496    170 |   73.70        0.00
POST     /setCurrency                                                                     867     0(0.00%) |    184      14    1160    140 |   14.70        0.00
--------|----------------------------------------------------------------------------|-------|-------------|-------|-------|-------|-------|--------|-----------
         Aggregated                                                                      8613     0(0.00%) |    276       7    1773    180 |  139.70        0.00

Type     Name                                                                          # reqs      # fails |    Avg     Min     Max    Med |   req/s  failures/s
--------|----------------------------------------------------------------------------|-------|-------------|-------|-------|-------|-------|--------|-----------
GET      /                                                                                275     0(0.00%) |    172      11     910    150 |    4.50        0.00
GET      /cart                                                                           1140     0(0.00%) |    299       8    1238    200 |   16.60        0.00
POST     /cart [add]                                                                     1445     0(0.00%) |    328      11    1755    240 |   21.50        0.00
POST     /cart/checkout                                                                   512     0(0.00%) |    301      14    1773    200 |    8.20        0.00
GET      /product/[id]                                                                   4625     0(0.00%) |    283       7    1496    180 |   71.80        0.00
POST     /setCurrency                                                                     898     0(0.00%) |    186      14    1160    140 |   14.00        0.00
--------|----------------------------------------------------------------------------|-------|-------------|-------|-------|-------|-------|--------|-----------
         Aggregated                                                                      8895     0(0.00%) |    280       7    1773    190 |  136.60        0.00

Type     Name                                                                          # reqs      # fails |    Avg     Min     Max    Med |   req/s  failures/s
--------|----------------------------------------------------------------------------|-------|-------------|-------|-------|-------|-------|--------|-----------
GET      /                                                                                283     0(0.00%) |    174      11     910    150 |    4.10        0.00
GET      /cart                                                                           1171     0(0.00%) |    303       8    1238    210 |   17.90        0.00
POST     /cart [add]                                                                     1486     0(0.00%) |    332      11    1755    240 |   21.60        0.00
POST     /cart/checkout                                                                   527     0(0.00%) |    305      14    1773    200 |    8.40        0.00
GET      /product/[id]                                                                   4765     0(0.00%) |    288       7    1496    180 |   70.60        0.00
POST     /setCurrency                                                                     925     0(0.00%) |    187      14    1160    140 |   14.30        0.00
--------|----------------------------------------------------------------------------|-------|-------------|-------|-------|-------|-------|--------|-----------
         Aggregated                                                                      9157     0(0.00%) |    284       7    1773    190 |  136.90        0.00

Type     Name                                                                          # reqs      # fails |    Avg     Min     Max    Med |   req/s  failures/s
--------|----------------------------------------------------------------------------|-------|-------------|-------|-------|-------|-------|--------|-----------
GET      /                                                                                295     0(0.00%) |    181      11     910    160 |    4.20        0.00
GET      /cart                                                                           1202     0(0.00%) |    310       8    1369    210 |   17.70        0.00
POST     /cart [add]                                                                     1532     0(0.00%) |    337      11    1755    250 |   21.90        0.00
POST     /cart/checkout                                                                   544     0(0.00%) |    307      14    1773    200 |    8.40        0.00
GET      /product/[id]                                                                   4910     0(0.00%) |    291       7    1496    190 |   69.50        0.00
POST     /setCurrency                                                                     968     0(0.00%) |    195      14    1160    150 |   12.50        0.00
--------|----------------------------------------------------------------------------|-------|-------------|-------|-------|-------|-------|--------|-----------
         Aggregated                                                                      9451     0(0.00%) |    288       7    1773    190 |  134.20        0.00

Type     Name                                                                          # reqs      # fails |    Avg     Min     Max    Med |   req/s  failures/s
--------|----------------------------------------------------------------------------|-------|-------------|-------|-------|-------|-------|--------|-----------
GET      /                                                                                311     0(0.00%) |    191      11     910    160 |    4.20        0.00
GET      /cart                                                                           1225     0(0.00%) |    315       8    1369    210 |   16.20        0.00
POST     /cart [add]                                                                     1575     0(0.00%) |    345      11    1755    260 |   21.30        0.00
POST     /cart/checkout                                                                   559     0(0.00%) |    312      14    1773    200 |    8.20        0.00
GET      /product/[id]                                                                   5035     0(0.00%) |    296       7    1496    190 |   70.70        0.00
POST     /setCurrency                                                                     997     0(0.00%) |    199      14    1160    150 |   13.60        0.00
--------|----------------------------------------------------------------------------|-------|-------------|-------|-------|-------|-------|--------|-----------
         Aggregated                                                                      9702     0(0.00%) |    294       7    1773    200 |  134.20        0.00

Type     Name                                                                          # reqs      # fails |    Avg     Min     Max    Med |   req/s  failures/s
--------|----------------------------------------------------------------------------|-------|-------------|-------|-------|-------|-------|--------|-----------
GET      /                                                                                319     0(0.00%) |    193      11     910    160 |    4.10        0.00
GET      /cart                                                                           1259     0(0.00%) |    316       8    1369    210 |   15.20        0.00
POST     /cart [add]                                                                     1618     0(0.00%) |    349      11    1755    260 |   21.50        0.00
POST     /cart/checkout                                                                   578     0(0.00%) |    316      14    1773    200 |    7.70        0.00
GET      /product/[id]                                                                   5172     0(0.00%) |    299       7    1496    190 |   68.20        0.00
POST     /setCurrency                                                                    1041     0(0.00%) |    201      14    1160    150 |   14.00        0.00
--------|----------------------------------------------------------------------------|-------|-------------|-------|-------|-------|-------|--------|-----------
         Aggregated                                                                      9987     0(0.00%) |    296       7    1773    200 |  130.70        0.00

Type     Name                                                                          # reqs      # fails |    Avg     Min     Max    Med |   req/s  failures/s
--------|----------------------------------------------------------------------------|-------|-------------|-------|-------|-------|-------|--------|-----------
GET      /                                                                                328     0(0.00%) |    195      11     910    160 |    5.20        0.00
GET      /cart                                                                           1292     0(0.00%) |    318       8    1369    220 |   15.20        0.00
POST     /cart [add]                                                                     1660     0(0.00%) |    354      11    1755    260 |   22.30        0.00
POST     /cart/checkout                                                                   590     0(0.00%) |    320      14    1773    200 |    8.20        0.00
GET      /product/[id]                                                                   5300     0(0.00%) |    302       7    1496    200 |   68.00        0.00
POST     /setCurrency                                                                    1079     0(0.00%) |    206      14    1160    160 |   16.90        0.00
--------|----------------------------------------------------------------------------|-------|-------------|-------|-------|-------|-------|--------|-----------
         Aggregated                                                                     10249     0(0.00%) |    300       7    1773    200 |  135.80        0.00

Type     Name                                                                          # reqs      # fails |    Avg     Min     Max    Med |   req/s  failures/s
--------|----------------------------------------------------------------------------|-------|-------------|-------|-------|-------|-------|--------|-----------
GET      /                                                                                339     0(0.00%) |    191      11     910    160 |    5.30        0.00
GET      /cart                                                                           1337     0(0.00%) |    320       8    1369    220 |   14.50        0.00
POST     /cart [add]                                                                     1705     0(0.00%) |    358      11    1755    270 |   21.70        0.00
POST     /cart/checkout                                                                   608     0(0.00%) |    324      14    1773    200 |    8.00        0.00
GET      /product/[id]                                                                   5445     0(0.00%) |    307       7    1496    200 |   68.50        0.00
POST     /setCurrency                                                                    1092     0(0.00%) |    205      14    1160    160 |   18.00        0.00
--------|----------------------------------------------------------------------------|-------|-------------|-------|-------|-------|-------|--------|-----------
         Aggregated                                                                     10526     0(0.00%) |    304       7    1773    200 |  136.00        0.00

Type     Name                                                                          # reqs      # fails |    Avg     Min     Max    Med |   req/s  failures/s
--------|----------------------------------------------------------------------------|-------|-------------|-------|-------|-------|-------|--------|-----------
GET      /                                                                                348     0(0.00%) |    193      11     910    160 |    5.60        0.00
GET      /cart                                                                           1371     0(0.00%) |    326       8    1369    220 |   15.10        0.00
POST     /cart [add]                                                                     1752     0(0.00%) |    362      11    1755    270 |   21.60        0.00
POST     /cart/checkout                                                                   623     0(0.00%) |    326      14    1773    200 |    7.70        0.00
GET      /product/[id]                                                                   5579     0(0.00%) |    310       7    1496    200 |   67.60        0.00
POST     /setCurrency                                                                    1128     0(0.00%) |    210      14    1160    160 |   17.40        0.00
--------|----------------------------------------------------------------------------|-------|-------------|-------|-------|-------|-------|--------|-----------
         Aggregated                                                                     10801     0(0.00%) |    307       7    1773    210 |  135.00        0.00

Type     Name                                                                          # reqs      # fails |    Avg     Min     Max    Med |   req/s  failures/s
--------|----------------------------------------------------------------------------|-------|-------------|-------|-------|-------|-------|--------|-----------
GET      /                                                                                359     0(0.00%) |    193      11     910    160 |    5.10        0.00
GET      /cart                                                                           1402     0(0.00%) |    328       8    1369    230 |   16.80        0.00
POST     /cart [add]                                                                     1792     0(0.00%) |    364      11    1755    280 |   21.70        0.00
POST     /cart/checkout                                                                   634     0(0.00%) |    327      14    1773    200 |    7.40        0.00
GET      /product/[id]                                                                   5731     0(0.00%) |    313       7    1496    210 |   67.40        0.00
POST     /setCurrency                                                                    1153     0(0.00%) |    209      14    1160    160 |   15.60        0.00
--------|----------------------------------------------------------------------------|-------|-------------|-------|-------|-------|-------|--------|-----------
         Aggregated                                                                     11071     0(0.00%) |    309       7    1773    210 |  134.00        0.00

Type     Name                                                                          # reqs      # fails |    Avg     Min     Max    Med |   req/s  failures/s
--------|----------------------------------------------------------------------------|-------|-------------|-------|-------|-------|-------|--------|-----------
GET      /                                                                                368     0(0.00%) |    197      11     910    160 |    5.70        0.00
GET      /cart                                                                           1428     0(0.00%) |    333       8    1369    240 |   17.80        0.00
POST     /cart [add]                                                                     1835     0(0.00%) |    368      11    1755    280 |   21.50        0.00
POST     /cart/checkout                                                                   658     0(0.00%) |    334      14    1773    200 |    8.20        0.00
GET      /product/[id]                                                                   5868     0(0.00%) |    315       7    1496    210 |   69.50        0.00
POST     /setCurrency                                                                    1181     0(0.00%) |    211      14    1160    160 |   16.40        0.00
--------|----------------------------------------------------------------------------|-------|-------------|-------|-------|-------|-------|--------|-----------
         Aggregated                                                                     11338     0(0.00%) |    312       7    1773    210 |  139.10        0.00

Type     Name                                                                          # reqs      # fails |    Avg     Min     Max    Med |   req/s  failures/s
--------|----------------------------------------------------------------------------|-------|-------------|-------|-------|-------|-------|--------|-----------
GET      /                                                                                380     0(0.00%) |    198      11     910    160 |    4.90        0.00
GET      /cart                                                                           1460     0(0.00%) |    336       8    1369    240 |   17.40        0.00
POST     /cart [add]                                                                     1879     0(0.00%) |    370      11    1755    280 |   21.60        0.00
POST     /cart/checkout                                                                   669     0(0.00%) |    334      14    1773    200 |    8.10        0.00
GET      /product/[id]                                                                   6021     0(0.00%) |    318       7    1496    210 |   69.60        0.00
POST     /setCurrency                                                                    1217     0(0.00%) |    211      14    1160    160 |   14.00        0.00
--------|----------------------------------------------------------------------------|-------|-------------|-------|-------|-------|-------|--------|-----------
         Aggregated                                                                     11626     0(0.00%) |    314       7    1773    210 |  135.60        0.00

Type     Name                                                                          # reqs      # fails |    Avg     Min     Max    Med |   req/s  failures/s
--------|----------------------------------------------------------------------------|-------|-------------|-------|-------|-------|-------|--------|-----------
GET      /                                                                                389     0(0.00%) |    201      11     910    170 |    5.30        0.00
GET      /cart                                                                           1502     0(0.00%) |    338       8    1369    240 |   16.80        0.00
POST     /cart [add]                                                                     1925     0(0.00%) |    372      11    1755    290 |   21.70        0.00
POST     /cart/checkout                                                                   689     0(0.00%) |    339      14    1773    210 |    7.80        0.00
GET      /product/[id]                                                                   6158     0(0.00%) |    320       7    1496    220 |   71.00        0.00
POST     /setCurrency                                                                    1245     0(0.00%) |    213      14    1160    160 |   14.10        0.00
--------|----------------------------------------------------------------------------|-------|-------------|-------|-------|-------|-------|--------|-----------
         Aggregated                                                                     11908     0(0.00%) |    317       7    1773    220 |  136.70        0.00

Type     Name                                                                          # reqs      # fails |    Avg     Min     Max    Med |   req/s  failures/s
--------|----------------------------------------------------------------------------|-------|-------------|-------|-------|-------|-------|--------|-----------
GET      /                                                                                403     0(0.00%) |    202      11     910    170 |    5.00        0.00
GET      /cart                                                                           1536     0(0.00%) |    340       8    1369    250 |   17.40        0.00
POST     /cart [add]                                                                     1972     0(0.00%) |    374      11    1755    290 |   21.70        0.00
POST     /cart/checkout                                                                   702     0(0.00%) |    339      14    1773    200 |    8.00        0.00
GET      /product/[id]                                                                   6307     0(0.00%) |    322       7    1496    220 |   71.60        0.00
POST     /setCurrency                                                                    1277     0(0.00%) |    214      14    1160    170 |   14.50        0.00
--------|----------------------------------------------------------------------------|-------|-------------|-------|-------|-------|-------|--------|-----------
         Aggregated                                                                     12197     0(0.00%) |    318       7    1773    220 |  138.20        0.00

Type     Name                                                                          # reqs      # fails |    Avg     Min     Max    Med |   req/s  failures/s
--------|----------------------------------------------------------------------------|-------|-------------|-------|-------|-------|-------|--------|-----------
GET      /                                                                                415     0(0.00%) |    205      11     910    170 |    5.70        0.00
GET      /cart                                                                           1560     0(0.00%) |    340       8    1369    250 |   16.50        0.00
POST     /cart [add]                                                                     2011     0(0.00%) |    377      11    1755    290 |   21.90        0.00
POST     /cart/checkout                                                                   723     0(0.00%) |    344      14    1773    210 |    8.20        0.00
GET      /product/[id]                                                                   6454     0(0.00%) |    324       7    1496    220 |   71.30        0.00
POST     /setCurrency                                                                    1304     0(0.00%) |    215      14    1160    170 |   16.00        0.00
--------|----------------------------------------------------------------------------|-------|-------------|-------|-------|-------|-------|--------|-----------
         Aggregated                                                                     12467     0(0.00%) |    320       7    1773    220 |  139.60        0.00

Type     Name                                                                          # reqs      # fails |    Avg     Min     Max    Med |   req/s  failures/s
--------|----------------------------------------------------------------------------|-------|-------------|-------|-------|-------|-------|--------|-----------
GET      /                                                                                426     0(0.00%) |    203      11     910    170 |    5.40        0.00
GET      /cart                                                                           1595     0(0.00%) |    342       8    1369    250 |   15.80        0.00
POST     /cart [add]                                                                     2071     0(0.00%) |    378      11    1755    290 |   22.70        0.00
POST     /cart/checkout                                                                   740     0(0.00%) |    347      14    1773    210 |    8.30        0.00
GET      /product/[id]                                                                   6602     0(0.00%) |    326       7    1496    220 |   71.00        0.00
POST     /setCurrency                                                                    1324     0(0.00%) |    215      14    1160    170 |   14.70        0.00
--------|----------------------------------------------------------------------------|-------|-------------|-------|-------|-------|-------|--------|-----------
         Aggregated                                                                     12758     0(0.00%) |    322       7    1773    220 |  137.90        0.00

Type     Name                                                                          # reqs      # fails |    Avg     Min     Max    Med |   req/s  failures/s
--------|----------------------------------------------------------------------------|-------|-------------|-------|-------|-------|-------|--------|-----------
GET      /                                                                                437     0(0.00%) |    204      11     910    170 |    5.90        0.00
GET      /cart                                                                           1633     0(0.00%) |    344       8    1369    250 |   16.50        0.00
POST     /cart [add]                                                                     2119     0(0.00%) |    381      11    1755    290 |   23.10        0.00
POST     /cart/checkout                                                                   758     0(0.00%) |    350      14    1773    210 |    8.00        0.00
GET      /product/[id]                                                                   6730     0(0.00%) |    327       7    1496    230 |   73.50        0.00
POST     /setCurrency                                                                    1347     0(0.00%) |    216      14    1160    170 |   14.00        0.00
--------|----------------------------------------------------------------------------|-------|-------------|-------|-------|-------|-------|--------|-----------
         Aggregated                                                                     13024     0(0.00%) |    324       7    1773    220 |  141.00        0.00

Type     Name                                                                          # reqs      # fails |    Avg     Min     Max    Med |   req/s  failures/s
--------|----------------------------------------------------------------------------|-------|-------------|-------|-------|-------|-------|--------|-----------
GET      /                                                                                444     0(0.00%) |    205      11     910    170 |    5.50        0.00
GET      /cart                                                                           1657     0(0.00%) |    347       8    1369    260 |   17.40        0.00
POST     /cart [add]                                                                     2164     0(0.00%) |    387      11    1755    300 |   23.50        0.00
POST     /cart/checkout                                                                   782     0(0.00%) |    354      14    1773    220 |    8.70        0.00
GET      /product/[id]                                                                   6842     0(0.00%) |    331       7    1496    230 |   72.70        0.00
POST     /setCurrency                                                                    1369     0(0.00%) |    220      14    1160    170 |   13.00        0.00
--------|----------------------------------------------------------------------------|-------|-------------|-------|-------|-------|-------|--------|-----------
         Aggregated                                                                     13258     0(0.00%) |    328       7    1773    230 |  140.80        0.00

Type     Name                                                                          # reqs      # fails |    Avg     Min     Max    Med |   req/s  failures/s
--------|----------------------------------------------------------------------------|-------|-------------|-------|-------|-------|-------|--------|-----------
GET      /                                                                                452     0(0.00%) |    206      11     910    170 |    5.50        0.00
GET      /cart                                                                           1689     0(0.00%) |    350       8    1369    260 |   15.60        0.00
POST     /cart [add]                                                                     2198     0(0.00%) |    390      11    1755    300 |   23.60        0.00
POST     /cart/checkout                                                                   802     0(0.00%) |    359      14    1773    260 |    9.40        0.00
GET      /product/[id]                                                                   6994     0(0.00%) |    332       7    1496    240 |   68.70        0.00
POST     /setCurrency                                                                    1400     0(0.00%) |    220      14    1160    170 |   12.70        0.00
--------|----------------------------------------------------------------------------|-------|-------------|-------|-------|-------|-------|--------|-----------
         Aggregated                                                                     13535     0(0.00%) |    330       7    1773    230 |  135.50        0.00

Type     Name                                                                          # reqs      # fails |    Avg     Min     Max    Med |   req/s  failures/s
--------|----------------------------------------------------------------------------|-------|-------------|-------|-------|-------|-------|--------|-----------
GET      /                                                                                463     0(0.00%) |    204      11     910    170 |    5.20        0.00
GET      /cart                                                                           1732     0(0.00%) |    352       8    1369    260 |   15.40        0.00
POST     /cart [add]                                                                     2235     0(0.00%) |    391      11    1755    300 |   22.80        0.00
POST     /cart/checkout                                                                   816     0(0.00%) |    360      14    1773    260 |    9.90        0.00
GET      /product/[id]                                                                   7149     0(0.00%) |    334       7    1496    240 |   69.70        0.00
POST     /setCurrency                                                                    1427     0(0.00%) |    219      14    1160    170 |   12.00        0.00
--------|----------------------------------------------------------------------------|-------|-------------|-------|-------|-------|-------|--------|-----------
         Aggregated                                                                     13822     0(0.00%) |    331       7    1773    230 |  135.00        0.00

Type     Name                                                                          # reqs      # fails |    Avg     Min     Max    Med |   req/s  failures/s
--------|----------------------------------------------------------------------------|-------|-------------|-------|-------|-------|-------|--------|-----------
GET      /                                                                                469     0(0.00%) |    204      11     910    170 |    4.90        0.00
GET      /cart                                                                           1768     0(0.00%) |    354       8    1369    270 |   16.70        0.00
POST     /cart [add]                                                                     2268     0(0.00%) |    393      11    1755    310 |   21.90        0.00
POST     /cart/checkout                                                                   829     0(0.00%) |    361      14    1773    260 |    9.70        0.00
GET      /product/[id]                                                                   7294     0(0.00%) |    337       7    1496    240 |   69.90        0.00
POST     /setCurrency                                                                    1454     0(0.00%) |    219      14    1160    170 |   12.80        0.00
--------|----------------------------------------------------------------------------|-------|-------------|-------|-------|-------|-------|--------|-----------
         Aggregated                                                                     14082     0(0.00%) |    333       7    1773    240 |  135.90        0.00

Type     Name                                                                          # reqs      # fails |    Avg     Min     Max    Med |   req/s  failures/s
--------|----------------------------------------------------------------------------|-------|-------------|-------|-------|-------|-------|--------|-----------
GET      /                                                                                480     0(0.00%) |    203      11     910    170 |    4.50        0.00
GET      /cart                                                                           1800     0(0.00%) |    354       8    1369    270 |   16.90        0.00
POST     /cart [add]                                                                     2311     0(0.00%) |    396      11    1755    310 |   19.90        0.00
POST     /cart/checkout                                                                   847     0(0.00%) |    363      14    1773    270 |    9.10        0.00
GET      /product/[id]                                                                   7442     0(0.00%) |    338       7    1496    240 |   69.00        0.00
POST     /setCurrency                                                                    1488     0(0.00%) |    219      14    1160    170 |   13.00        0.00
--------|----------------------------------------------------------------------------|-------|-------------|-------|-------|-------|-------|--------|-----------
         Aggregated                                                                     14368     0(0.00%) |    334       7    1773    240 |  132.40        0.00

Type     Name                                                                          # reqs      # fails |    Avg     Min     Max    Med |   req/s  failures/s
--------|----------------------------------------------------------------------------|-------|-------------|-------|-------|-------|-------|--------|-----------
GET      /                                                                                487     0(0.00%) |    206      11    1012    170 |    4.40        0.00
GET      /cart                                                                           1830     0(0.00%) |    355       8    1369    270 |   16.60        0.00
POST     /cart [add]                                                                     2354     0(0.00%) |    403      11    1755    310 |   19.80        0.00
POST     /cart/checkout                                                                   867     0(0.00%) |    366      14    1773    270 |    9.00        0.00
GET      /product/[id]                                                                   7565     0(0.00%) |    341       7    1496    250 |   70.40        0.00
POST     /setCurrency                                                                    1514     0(0.00%) |    227      14    1373    180 |   13.90        0.00
--------|----------------------------------------------------------------------------|-------|-------------|-------|-------|-------|-------|--------|-----------
         Aggregated                                                                     14617     0(0.00%) |    338       7    1773    240 |  134.10        0.00

Type     Name                                                                          # reqs      # fails |    Avg     Min     Max    Med |   req/s  failures/s
--------|----------------------------------------------------------------------------|-------|-------------|-------|-------|-------|-------|--------|-----------
GET      /                                                                                497     0(0.00%) |    206      11    1012    170 |    4.15        0.00
GET      /cart                                                                           1869     0(0.00%) |    355       8    1369    270 |   15.60        0.00
POST     /cart [add]                                                                     2386     0(0.00%) |    402      11    1755    310 |   19.91        0.00
POST     /cart/checkout                                                                   879     0(0.00%) |    365      14    1773    270 |    7.34        0.00
GET      /product/[id]                                                                   7718     0(0.00%) |    340       7    1496    250 |   64.41        0.00
POST     /setCurrency                                                                    1553     0(0.00%) |    227      14    1373    180 |   12.96        0.00
--------|----------------------------------------------------------------------------|-------|-------------|-------|-------|-------|-------|--------|-----------
         Aggregated                                                                     14902     0(0.00%) |    337       7    1773    240 |  124.36        0.00

Response time percentiles (approximated)
Type     Name                                                                                  50%    66%    75%    80%    90%    95%    98%    99%  99.9% 99.99%   100% # reqs
--------|--------------------------------------------------------------------------------|--------|------|------|------|------|------|------|------|------|------|------|------
GET      /                                                                                     170    210    260    300    430    520    670    740   1000   1000   1000    497
GET      /cart                                                                                 270    480    600    640    730    790    940   1000   1200   1400   1400   1869
POST     /cart [add]                                                                           310    540    640    690    780    880   1100   1200   1600   1800   1800   2386
POST     /cart/checkout                                                                        270    530    620    690    790    880    990   1100   1800   1800   1800    879
GET      /product/[id]                                                                         250    500    590    630    700    760    820    880   1300   1500   1500   7718
POST     /setCurrency                                                                          180    240    290    330    480    600    770    890   1300   1400   1400   1553
--------|--------------------------------------------------------------------------------|--------|------|------|------|------|------|------|------|------|------|------|------
         Aggregated                                                                            240    450    580    620    710    780    880   1000   1400   1800   1800  14902

