/Users/edias/Library/Python/3.9/lib/python/site-packages/urllib3/__init__.py:35: NotOpenSSLWarning: urllib3 v2 only supports OpenSSL 1.1.1+, currently the 'ssl' module is compiled with 'LibreSSL 2.8.3'. See: https://github.com/urllib3/urllib3/issues/3020
  warnings.warn(
[2026-04-26 10:15:48,968] Mac/WARNING/locust.main: Python 3.9 support is deprecated and will be removed soon
Type     Name                                                                          # reqs      # fails |    Avg     Min     Max    Med |   req/s  failures/s
--------|----------------------------------------------------------------------------|-------|-------------|-------|-------|-------|-------|--------|-----------
--------|----------------------------------------------------------------------------|-------|-------------|-------|-------|-------|-------|--------|-----------
         Aggregated                                                                         0     0(0.00%) |      0       0       0      0 |    0.00        0.00

Type     Name                                                                          # reqs      # fails |    Avg     Min     Max    Med |   req/s  failures/s
--------|----------------------------------------------------------------------------|-------|-------------|-------|-------|-------|-------|--------|-----------
GET      /                                                                                  2     0(0.00%) |     25      24      26     24 |    0.00        0.00
GET      /cart                                                                              5     0(0.00%) |     17      12      30     14 |    0.00        0.00
POST     /cart [add]                                                                        1     0(0.00%) |     21      21      21     21 |    0.00        0.00
GET      /product/[id]                                                                     12     0(0.00%) |     18      11      38     17 |    0.00        0.00
POST     /setCurrency                                                                       3     0(0.00%) |     36      21      47     39 |    0.00        0.00
--------|----------------------------------------------------------------------------|-------|-------------|-------|-------|-------|-------|--------|-----------
         Aggregated                                                                        23     0(0.00%) |     21      11      47     18 |    0.00        0.00

Type     Name                                                                          # reqs      # fails |    Avg     Min     Max    Med |   req/s  failures/s
--------|----------------------------------------------------------------------------|-------|-------------|-------|-------|-------|-------|--------|-----------
GET      /                                                                                  3     0(0.00%) |     22      16      26     24 |    0.00        0.00
GET      /cart                                                                             11     0(0.00%) |     16      10      30     14 |    1.00        0.00
POST     /cart [add]                                                                       10     0(0.00%) |     18      14      24     17 |    0.00        0.00
POST     /cart/checkout                                                                     4     0(0.00%) |     21      16      27     20 |    0.00        0.00
GET      /product/[id]                                                                     39     0(0.00%) |     14       9      38     13 |    3.00        0.00
POST     /setCurrency                                                                       9     0(0.00%) |     25      17      47     22 |    1.00        0.00
--------|----------------------------------------------------------------------------|-------|-------------|-------|-------|-------|-------|--------|-----------
         Aggregated                                                                        76     0(0.00%) |     17       9      47     16 |    5.00        0.00

Type     Name                                                                          # reqs      # fails |    Avg     Min     Max    Med |   req/s  failures/s
--------|----------------------------------------------------------------------------|-------|-------------|-------|-------|-------|-------|--------|-----------
GET      /                                                                                  4     0(0.00%) |     20      15      26     16 |    0.75        0.00
GET      /cart                                                                             25     0(0.00%) |     13       8      30     12 |    2.25        0.00
POST     /cart [add]                                                                       27     0(0.00%) |     18      13      28     17 |    1.50        0.00
POST     /cart/checkout                                                                    11     0(0.00%) |     20      15      27     20 |    0.75        0.00
GET      /product/[id]                                                                     83     0(0.00%) |     13       9      38     12 |    6.00        0.00
POST     /setCurrency                                                                      13     0(0.00%) |     24      17      47     22 |    0.75        0.00
--------|----------------------------------------------------------------------------|-------|-------------|-------|-------|-------|-------|--------|-----------
         Aggregated                                                                       163     0(0.00%) |     15       8      47     14 |   12.00        0.00

Type     Name                                                                          # reqs      # fails |    Avg     Min     Max    Med |   req/s  failures/s
--------|----------------------------------------------------------------------------|-------|-------------|-------|-------|-------|-------|--------|-----------
GET      /                                                                                  7     0(0.00%) |     27      15      64     24 |    0.67        0.00
GET      /cart                                                                             34     0(0.00%) |     13       8      30     12 |    2.50        0.00
POST     /cart [add]                                                                       48     0(0.00%) |     18      13      34     17 |    3.00        0.00
POST     /cart/checkout                                                                    18     0(0.00%) |     39      15     370     18 |    1.17        0.00
GET      /product/[id]                                                                    138     0(0.00%) |     19       9     323     12 |    9.67        0.00
POST     /setCurrency                                                                      24     0(0.00%) |     38      16     395     21 |    2.00        0.00
--------|----------------------------------------------------------------------------|-------|-------------|-------|-------|-------|-------|--------|-----------
         Aggregated                                                                       269     0(0.00%) |     21       8     395     14 |   19.00        0.00

Type     Name                                                                          # reqs      # fails |    Avg     Min     Max    Med |   req/s  failures/s
--------|----------------------------------------------------------------------------|-------|-------------|-------|-------|-------|-------|--------|-----------
GET      /                                                                                 10     0(0.00%) |     26      15      64     24 |    0.62        0.00
GET      /cart                                                                             49     0(0.00%) |     19       8     148     13 |    3.75        0.00
POST     /cart [add]                                                                       64     0(0.00%) |     23      13     215     17 |    5.12        0.00
POST     /cart/checkout                                                                    25     0(0.00%) |     35      15     370     20 |    2.00        0.00
GET      /product/[id]                                                                    210     0(0.00%) |     19       8     323     13 |   13.62        0.00
POST     /setCurrency                                                                      41     0(0.00%) |     40      16     395     22 |    2.25        0.00
--------|----------------------------------------------------------------------------|-------|-------------|-------|-------|-------|-------|--------|-----------
         Aggregated                                                                       399     0(0.00%) |     23       8     395     15 |   27.38        0.00

Type     Name                                                                          # reqs      # fails |    Avg     Min     Max    Med |   req/s  failures/s
--------|----------------------------------------------------------------------------|-------|-------------|-------|-------|-------|-------|--------|-----------
GET      /                                                                                 17     0(0.00%) |     31      14     167     17 |    1.00        0.00
GET      /cart                                                                             75     0(0.00%) |     20       8     148     13 |    4.10        0.00
POST     /cart [add]                                                                       92     0(0.00%) |     30      13     220     18 |    5.50        0.00
POST     /cart/checkout                                                                    35     0(0.00%) |     38      15     370     21 |    2.20        0.00
GET      /product/[id]                                                                    278     0(0.00%) |     22       8     323     13 |   17.10        0.00
POST     /setCurrency                                                                      57     0(0.00%) |     36      16     395     22 |    3.50        0.00
--------|----------------------------------------------------------------------------|-------|-------------|-------|-------|-------|-------|--------|-----------
         Aggregated                                                                       554     0(0.00%) |     26       8     395     16 |   33.40        0.00

Type     Name                                                                          # reqs      # fails |    Avg     Min     Max    Med |   req/s  failures/s
--------|----------------------------------------------------------------------------|-------|-------------|-------|-------|-------|-------|--------|-----------
GET      /                                                                                 20     0(0.00%) |     33      14     167     17 |    1.40        0.00
GET      /cart                                                                            104     0(0.00%) |     20       8     148     13 |    5.90        0.00
POST     /cart [add]                                                                      123     0(0.00%) |     31      13     220     19 |    7.90        0.00
POST     /cart/checkout                                                                    46     0(0.00%) |     40      15     370     21 |    2.90        0.00
GET      /product/[id]                                                                    378     0(0.00%) |     22       8     323     13 |   23.30        0.00
POST     /setCurrency                                                                      71     0(0.00%) |     40      16     395     23 |    4.70        0.00
--------|----------------------------------------------------------------------------|-------|-------------|-------|-------|-------|-------|--------|-----------
         Aggregated                                                                       742     0(0.00%) |     26       8     395     16 |   46.10        0.00

Type     Name                                                                          # reqs      # fails |    Avg     Min     Max    Med |   req/s  failures/s
--------|----------------------------------------------------------------------------|-------|-------------|-------|-------|-------|-------|--------|-----------
GET      /                                                                                 22     0(0.00%) |     32      14     167     18 |    1.70        0.00
GET      /cart                                                                            124     0(0.00%) |     28       8     222     13 |    8.10        0.00
POST     /cart [add]                                                                      156     0(0.00%) |     41      13     220     20 |    9.80        0.00
POST     /cart/checkout                                                                    59     0(0.00%) |     60      15     370     23 |    3.60        0.00
GET      /product/[id]                                                                    467     0(0.00%) |     33       8     325     14 |   30.90        0.00
POST     /setCurrency                                                                      87     0(0.00%) |     45      16     395     24 |    6.00        0.00
--------|----------------------------------------------------------------------------|-------|-------------|-------|-------|-------|-------|--------|-----------
         Aggregated                                                                       915     0(0.00%) |     36       8     395     17 |   60.10        0.00

Type     Name                                                                          # reqs      # fails |    Avg     Min     Max    Med |   req/s  failures/s
--------|----------------------------------------------------------------------------|-------|-------------|-------|-------|-------|-------|--------|-----------
GET      /                                                                                 28     0(0.00%) |     61      14     573     24 |    1.60        0.00
GET      /cart                                                                            140     0(0.00%) |     43       8     463     14 |    9.80        0.00
POST     /cart [add]                                                                      185     0(0.00%) |     59      13     435     22 |   12.20        0.00
POST     /cart/checkout                                                                    71     0(0.00%) |     72      15     370     28 |    4.60        0.00
GET      /product/[id]                                                                    542     0(0.00%) |     50       8     602     15 |   35.60        0.00
POST     /setCurrency                                                                     100     0(0.00%) |     72      16     633     24 |    6.60        0.00
--------|----------------------------------------------------------------------------|-------|-------------|-------|-------|-------|-------|--------|-----------
         Aggregated                                                                      1066     0(0.00%) |     54       8     633     19 |   70.40        0.00

Type     Name                                                                          # reqs      # fails |    Avg     Min     Max    Med |   req/s  failures/s
--------|----------------------------------------------------------------------------|-------|-------------|-------|-------|-------|-------|--------|-----------
GET      /                                                                                 35     0(0.00%) |     61      14     573     25 |    2.00        0.00
GET      /cart                                                                            170     0(0.00%) |     54       8     463     16 |   10.30        0.00
POST     /cart [add]                                                                      218     0(0.00%) |     70      13     435     26 |   12.90        0.00
POST     /cart/checkout                                                                    84     0(0.00%) |     76      15     377     34 |    4.60        0.00
GET      /product/[id]                                                                    636     0(0.00%) |     57       8     602     16 |   38.80        0.00
POST     /setCurrency                                                                     121     0(0.00%) |     77      16     633     30 |    7.50        0.00
--------|----------------------------------------------------------------------------|-------|-------------|-------|-------|-------|-------|--------|-----------
         Aggregated                                                                      1264     0(0.00%) |     62       8     633     21 |   76.10        0.00

Type     Name                                                                          # reqs      # fails |    Avg     Min     Max    Med |   req/s  failures/s
--------|----------------------------------------------------------------------------|-------|-------------|-------|-------|-------|-------|--------|-----------
GET      /                                                                                 42     0(0.00%) |     56      14     573     24 |    2.10        0.00
GET      /cart                                                                            206     0(0.00%) |     63       7     463     20 |   11.10        0.00
POST     /cart [add]                                                                      259     0(0.00%) |     75      13     435     29 |   14.30        0.00
POST     /cart/checkout                                                                    97     0(0.00%) |     83      14     377     40 |    5.30        0.00
GET      /product/[id]                                                                    751     0(0.00%) |     63       7     602     18 |   41.40        0.00
POST     /setCurrency                                                                     146     0(0.00%) |     71      15     633     31 |    7.40        0.00
--------|----------------------------------------------------------------------------|-------|-------------|-------|-------|-------|-------|--------|-----------
         Aggregated                                                                      1501     0(0.00%) |     67       7     633     24 |   81.60        0.00

Type     Name                                                                          # reqs      # fails |    Avg     Min     Max    Med |   req/s  failures/s
--------|----------------------------------------------------------------------------|-------|-------------|-------|-------|-------|-------|--------|-----------
GET      /                                                                                 53     0(0.00%) |     65      14     573     26 |    2.40        0.00
GET      /cart                                                                            232     0(0.00%) |     77       7     463     28 |   12.50        0.00
POST     /cart [add]                                                                      295     0(0.00%) |     84      12     578     32 |   16.20        0.00
POST     /cart/checkout                                                                   108     0(0.00%) |     86      14     377     45 |    6.10        0.00
GET      /product/[id]                                                                    870     0(0.00%) |     73       7     602     22 |   45.40        0.00
POST     /setCurrency                                                                     172     0(0.00%) |     77      15     633     35 |    9.00        0.00
--------|----------------------------------------------------------------------------|-------|-------------|-------|-------|-------|-------|--------|-----------
         Aggregated                                                                      1730     0(0.00%) |     76       7     633     28 |   91.60        0.00

Type     Name                                                                          # reqs      # fails |    Avg     Min     Max    Med |   req/s  failures/s
--------|----------------------------------------------------------------------------|-------|-------------|-------|-------|-------|-------|--------|-----------
GET      /                                                                                 58     0(0.00%) |     63      14     573     26 |    2.70        0.00
GET      /cart                                                                            268     0(0.00%) |     84       7     463     32 |   12.60        0.00
POST     /cart [add]                                                                      333     0(0.00%) |     89      12     578     34 |   17.30        0.00
POST     /cart/checkout                                                                   131     0(0.00%) |     97      14     377     54 |    6.20        0.00
GET      /product/[id]                                                                    981     0(0.00%) |     81       7     602     26 |   47.90        0.00
POST     /setCurrency                                                                     199     0(0.00%) |     74      15     633     39 |    9.50        0.00
--------|----------------------------------------------------------------------------|-------|-------------|-------|-------|-------|-------|--------|-----------
         Aggregated                                                                      1970     0(0.00%) |     82       7     633     32 |   96.20        0.00

Type     Name                                                                          # reqs      # fails |    Avg     Min     Max    Med |   req/s  failures/s
--------|----------------------------------------------------------------------------|-------|-------------|-------|-------|-------|-------|--------|-----------
GET      /                                                                                 62     0(0.00%) |     65      14     573     27 |    3.50        0.00
GET      /cart                                                                            294     0(0.00%) |     90       7     463     37 |   13.60        0.00
POST     /cart [add]                                                                      385     0(0.00%) |    101      12     578     48 |   17.10        0.00
POST     /cart/checkout                                                                   144     0(0.00%) |    101      14     398     56 |    6.60        0.00
GET      /product/[id]                                                                   1096     0(0.00%) |     88       7     602     33 |   51.60        0.00
POST     /setCurrency                                                                     229     0(0.00%) |     71      14     633     41 |   10.50        0.00
--------|----------------------------------------------------------------------------|-------|-------------|-------|-------|-------|-------|--------|-----------
         Aggregated                                                                      2210     0(0.00%) |     89       7     633     38 |  102.90        0.00

Type     Name                                                                          # reqs      # fails |    Avg     Min     Max    Med |   req/s  failures/s
--------|----------------------------------------------------------------------------|-------|-------------|-------|-------|-------|-------|--------|-----------
GET      /                                                                                 65     0(0.00%) |     64      14     573     30 |    3.60        0.00
GET      /cart                                                                            320     0(0.00%) |     97       7     463     44 |   14.80        0.00
POST     /cart [add]                                                                      414     0(0.00%) |    106      12     578     58 |   18.90        0.00
POST     /cart/checkout                                                                   157     0(0.00%) |    108      14     398     76 |    7.60        0.00
GET      /product/[id]                                                                   1225     0(0.00%) |     96       7     602     41 |   55.20        0.00
POST     /setCurrency                                                                     252     0(0.00%) |     70      14     633     40 |   12.20        0.00
--------|----------------------------------------------------------------------------|-------|-------------|-------|-------|-------|-------|--------|-----------
         Aggregated                                                                      2433     0(0.00%) |     95       7     633     44 |  112.30        0.00

Type     Name                                                                          # reqs      # fails |    Avg     Min     Max    Med |   req/s  failures/s
--------|----------------------------------------------------------------------------|-------|-------------|-------|-------|-------|-------|--------|-----------
GET      /                                                                                 72     0(0.00%) |     65      14     573     35 |    3.20        0.00
GET      /cart                                                                            340     0(0.00%) |    108       7     595     51 |   15.70        0.00
POST     /cart [add]                                                                      456     0(0.00%) |    123      12     628     65 |   21.00        0.00
POST     /cart/checkout                                                                   168     0(0.00%) |    116      14     720     76 |    7.80        0.00
GET      /product/[id]                                                                   1321     0(0.00%) |    105       7     631     47 |   56.60        0.00
POST     /setCurrency                                                                     268     0(0.00%) |     72      14     633     41 |   12.90        0.00
--------|----------------------------------------------------------------------------|-------|-------------|-------|-------|-------|-------|--------|-----------
         Aggregated                                                                      2625     0(0.00%) |    105       7     720     49 |  117.20        0.00

Type     Name                                                                          # reqs      # fails |    Avg     Min     Max    Med |   req/s  failures/s
--------|----------------------------------------------------------------------------|-------|-------------|-------|-------|-------|-------|--------|-----------
GET      /                                                                                 81     0(0.00%) |     63      14     573     36 |    3.00        0.00
GET      /cart                                                                            373     0(0.00%) |    114       7     595     66 |   14.40        0.00
POST     /cart [add]                                                                      500     0(0.00%) |    126      12     628     69 |   19.70        0.00
POST     /cart/checkout                                                                   181     0(0.00%) |    117      14     720     77 |    7.10        0.00
GET      /product/[id]                                                                   1434     0(0.00%) |    109       7     631     54 |   57.10        0.00
POST     /setCurrency                                                                     301     0(0.00%) |     70      14     633     42 |   11.80        0.00
--------|----------------------------------------------------------------------------|-------|-------------|-------|-------|-------|-------|--------|-----------
         Aggregated                                                                      2870     0(0.00%) |    108       7     720     55 |  113.10        0.00

Type     Name                                                                          # reqs      # fails |    Avg     Min     Max    Med |   req/s  failures/s
--------|----------------------------------------------------------------------------|-------|-------------|-------|-------|-------|-------|--------|-----------
GET      /                                                                                 85     0(0.00%) |     63      14     573     40 |    2.80        0.00
GET      /cart                                                                            402     0(0.00%) |    117       7     595     69 |   13.70        0.00
POST     /cart [add]                                                                      541     0(0.00%) |    129      12     628     78 |   19.80        0.00
POST     /cart/checkout                                                                   199     0(0.00%) |    121      14     720     81 |    7.20        0.00
GET      /product/[id]                                                                   1544     0(0.00%) |    113       7     631     58 |   57.80        0.00
POST     /setCurrency                                                                     326     0(0.00%) |     68      14     633     43 |   12.50        0.00
--------|----------------------------------------------------------------------------|-------|-------------|-------|-------|-------|-------|--------|-----------
         Aggregated                                                                      3097     0(0.00%) |    110       7     720     59 |  113.80        0.00

Type     Name                                                                          # reqs      # fails |    Avg     Min     Max    Med |   req/s  failures/s
--------|----------------------------------------------------------------------------|-------|-------------|-------|-------|-------|-------|--------|-----------
GET      /                                                                                 91     0(0.00%) |     61      14     573     36 |    2.70        0.00
GET      /cart                                                                            430     0(0.00%) |    120       7     595     73 |   14.00        0.00
POST     /cart [add]                                                                      583     0(0.00%) |    131      12     628     82 |   21.30        0.00
POST     /cart/checkout                                                                   218     0(0.00%) |    123      14     720     84 |    7.10        0.00
GET      /product/[id]                                                                   1672     0(0.00%) |    114       7     631     61 |   56.10        0.00
POST     /setCurrency                                                                     354     0(0.00%) |     67      14     633     42 |   12.90        0.00
--------|----------------------------------------------------------------------------|-------|-------------|-------|-------|-------|-------|--------|-----------
         Aggregated                                                                      3348     0(0.00%) |    112       7     720     61 |  114.10        0.00

Type     Name                                                                          # reqs      # fails |    Avg     Min     Max    Med |   req/s  failures/s
--------|----------------------------------------------------------------------------|-------|-------------|-------|-------|-------|-------|--------|-----------
GET      /                                                                                 97     0(0.00%) |     60      14     573     36 |    2.70        0.00
GET      /cart                                                                            463     0(0.00%) |    123       7     595     77 |   13.60        0.00
POST     /cart [add]                                                                      617     0(0.00%) |    132      12     628     86 |   20.40        0.00
POST     /cart/checkout                                                                   232     0(0.00%) |    126      14     720     97 |    7.50        0.00
GET      /product/[id]                                                                   1795     0(0.00%) |    116       7     631     70 |   55.60        0.00
POST     /setCurrency                                                                     376     0(0.00%) |     67      14     633     42 |   12.90        0.00
--------|----------------------------------------------------------------------------|-------|-------------|-------|-------|-------|-------|--------|-----------
         Aggregated                                                                      3580     0(0.00%) |    114       7     720     65 |  112.70        0.00

Type     Name                                                                          # reqs      # fails |    Avg     Min     Max    Med |   req/s  failures/s
--------|----------------------------------------------------------------------------|-------|-------------|-------|-------|-------|-------|--------|-----------
GET      /                                                                                102     0(0.00%) |     59      14     573     35 |    3.00        0.00
GET      /cart                                                                            487     0(0.00%) |    127       7     595     83 |   13.60        0.00
POST     /cart [add]                                                                      659     0(0.00%) |    135      12     628     91 |   19.20        0.00
POST     /cart/checkout                                                                   252     0(0.00%) |    129      14     720     98 |    7.30        0.00
GET      /product/[id]                                                                   1914     0(0.00%) |    119       7     631     74 |   57.60        0.00
POST     /setCurrency                                                                     391     0(0.00%) |     66      14     633     42 |   12.60        0.00
--------|----------------------------------------------------------------------------|-------|-------------|-------|-------|-------|-------|--------|-----------
         Aggregated                                                                      3805     0(0.00%) |    116       7     720     67 |  113.30        0.00

Type     Name                                                                          # reqs      # fails |    Avg     Min     Max    Med |   req/s  failures/s
--------|----------------------------------------------------------------------------|-------|-------------|-------|-------|-------|-------|--------|-----------
GET      /                                                                                109     0(0.00%) |     58      14     573     36 |    3.10        0.00
GET      /cart                                                                            518     0(0.00%) |    129       7     595     88 |   14.60        0.00
POST     /cart [add]                                                                      702     0(0.00%) |    136      12     628     95 |   20.50        0.00
POST     /cart/checkout                                                                   267     0(0.00%) |    131      14     720     99 |    7.90        0.00
GET      /product/[id]                                                                   2043     0(0.00%) |    120       7     631     78 |   58.70        0.00
POST     /setCurrency                                                                     415     0(0.00%) |     65      14     633     41 |   12.60        0.00
--------|----------------------------------------------------------------------------|-------|-------------|-------|-------|-------|-------|--------|-----------
         Aggregated                                                                      4054     0(0.00%) |    117       7     720     70 |  117.40        0.00

Type     Name                                                                          # reqs      # fails |    Avg     Min     Max    Med |   req/s  failures/s
--------|----------------------------------------------------------------------------|-------|-------------|-------|-------|-------|-------|--------|-----------
GET      /                                                                                116     0(0.00%) |     58      14     573     37 |    3.20        0.00
GET      /cart                                                                            542     0(0.00%) |    133       7     595     91 |   15.20        0.00
POST     /cart [add]                                                                      742     0(0.00%) |    139      12     628     98 |   20.90        0.00
POST     /cart/checkout                                                                   281     0(0.00%) |    136      14     720     99 |    8.80        0.00
GET      /product/[id]                                                                   2152     0(0.00%) |    124       7     631     84 |   58.80        0.00
POST     /setCurrency                                                                     442     0(0.00%) |     64      14     633     41 |   12.00        0.00
--------|----------------------------------------------------------------------------|-------|-------------|-------|-------|-------|-------|--------|-----------
         Aggregated                                                                      4275     0(0.00%) |    120       7     720     73 |  118.90        0.00

Type     Name                                                                          # reqs      # fails |    Avg     Min     Max    Med |   req/s  failures/s
--------|----------------------------------------------------------------------------|-------|-------------|-------|-------|-------|-------|--------|-----------
GET      /                                                                                120     0(0.00%) |     57      14     573     37 |    3.10        0.00
GET      /cart                                                                            575     0(0.00%) |    134       7     595    100 |   14.00        0.00
POST     /cart [add]                                                                      781     0(0.00%) |    140      12     628    110 |   20.10        0.00
POST     /cart/checkout                                                                   296     0(0.00%) |    139      14     720    100 |    8.20        0.00
GET      /product/[id]                                                                   2278     0(0.00%) |    124       7     631     88 |   60.80        0.00
POST     /setCurrency                                                                     465     0(0.00%) |     63      14     633     39 |   11.60        0.00
--------|----------------------------------------------------------------------------|-------|-------------|-------|-------|-------|-------|--------|-----------
         Aggregated                                                                      4515     0(0.00%) |    121       7     720     76 |  117.80        0.00

Type     Name                                                                          # reqs      # fails |    Avg     Min     Max    Med |   req/s  failures/s
--------|----------------------------------------------------------------------------|-------|-------------|-------|-------|-------|-------|--------|-----------
GET      /                                                                                125     0(0.00%) |     59      14     573     40 |    2.90        0.00
GET      /cart                                                                            612     0(0.00%) |    133       7     595    100 |   14.40        0.00
POST     /cart [add]                                                                      825     0(0.00%) |    142      12     628    110 |   19.70        0.00
POST     /cart/checkout                                                                   309     0(0.00%) |    140      14     720    110 |    7.80        0.00
GET      /product/[id]                                                                   2385     0(0.00%) |    127       7     631     97 |   60.50        0.00
POST     /setCurrency                                                                     491     0(0.00%) |     63      14     633     39 |   11.10        0.00
--------|----------------------------------------------------------------------------|-------|-------------|-------|-------|-------|-------|--------|-----------
         Aggregated                                                                      4747     0(0.00%) |    123       7     720     79 |  116.40        0.00

Type     Name                                                                          # reqs      # fails |    Avg     Min     Max    Med |   req/s  failures/s
--------|----------------------------------------------------------------------------|-------|-------------|-------|-------|-------|-------|--------|-----------
GET      /                                                                                127     0(0.00%) |     59      14     573     42 |    2.70        0.00
GET      /cart                                                                            643     0(0.00%) |    135       7     595    110 |   15.30        0.00
POST     /cart [add]                                                                      870     0(0.00%) |    144      12     628    110 |   20.50        0.00
POST     /cart/checkout                                                                   316     0(0.00%) |    141      14     720    110 |    7.80        0.00
GET      /product/[id]                                                                   2492     0(0.00%) |    128       7     631    100 |   60.80        0.00
POST     /setCurrency                                                                     521     0(0.00%) |     63      14     633     40 |   11.00        0.00
--------|----------------------------------------------------------------------------|-------|-------------|-------|-------|-------|-------|--------|-----------
         Aggregated                                                                      4969     0(0.00%) |    124       7     720     81 |  118.10        0.00

Type     Name                                                                          # reqs      # fails |    Avg     Min     Max    Med |   req/s  failures/s
--------|----------------------------------------------------------------------------|-------|-------------|-------|-------|-------|-------|--------|-----------
GET      /                                                                                131     0(0.00%) |     59      14     573     44 |    2.50        0.00
GET      /cart                                                                            669     0(0.00%) |    137       7     595    120 |   15.60        0.00
POST     /cart [add]                                                                      914     0(0.00%) |    146      12     628    120 |   21.10        0.00
POST     /cart/checkout                                                                   337     0(0.00%) |    144      14     720    120 |    6.40        0.00
GET      /product/[id]                                                                   2605     0(0.00%) |    129       7     631    100 |   57.80        0.00
POST     /setCurrency                                                                     551     0(0.00%) |     63      14     633     40 |   13.00        0.00
--------|----------------------------------------------------------------------------|-------|-------------|-------|-------|-------|-------|--------|-----------
         Aggregated                                                                      5207     0(0.00%) |    125       7     720     84 |  116.40        0.00

Type     Name                                                                          # reqs      # fails |    Avg     Min     Max    Med |   req/s  failures/s
--------|----------------------------------------------------------------------------|-------|-------------|-------|-------|-------|-------|--------|-----------
GET      /                                                                                140     0(0.00%) |     59      14     573     40 |    2.20        0.00
GET      /cart                                                                            701     0(0.00%) |    138       7     595    120 |   15.10        0.00
POST     /cart [add]                                                                      957     0(0.00%) |    146      12     628    120 |   21.20        0.00
POST     /cart/checkout                                                                   354     0(0.00%) |    146      14     720    120 |    7.00        0.00
GET      /product/[id]                                                                   2724     0(0.00%) |    130       7     631    110 |   56.10        0.00
POST     /setCurrency                                                                     570     0(0.00%) |     64      14     633     40 |   13.60        0.00
--------|----------------------------------------------------------------------------|-------|-------------|-------|-------|-------|-------|--------|-----------
         Aggregated                                                                      5446     0(0.00%) |    126       7     720     85 |  115.20        0.00

Type     Name                                                                          # reqs      # fails |    Avg     Min     Max    Med |   req/s  failures/s
--------|----------------------------------------------------------------------------|-------|-------------|-------|-------|-------|-------|--------|-----------
GET      /                                                                                150     0(0.00%) |     59      13     573     41 |    2.40        0.00
GET      /cart                                                                            731     0(0.00%) |    139       7     595    120 |   15.90        0.00
POST     /cart [add]                                                                     1001     0(0.00%) |    146      12     628    120 |   21.30        0.00
POST     /cart/checkout                                                                   365     0(0.00%) |    147      14     720    130 |    7.30        0.00
GET      /product/[id]                                                                   2843     0(0.00%) |    130       7     631    110 |   57.00        0.00
POST     /setCurrency                                                                     597     0(0.00%) |     63      14     633     40 |   12.80        0.00
--------|----------------------------------------------------------------------------|-------|-------------|-------|-------|-------|-------|--------|-----------
         Aggregated                                                                      5687     0(0.00%) |    126       7     720     88 |  116.70        0.00

Type     Name                                                                          # reqs      # fails |    Avg     Min     Max    Med |   req/s  failures/s
--------|----------------------------------------------------------------------------|-------|-------------|-------|-------|-------|-------|--------|-----------
GET      /                                                                                156     0(0.00%) |     57      13     573     37 |    3.00        0.00
GET      /cart                                                                            760     0(0.00%) |    141       7     595    130 |   15.50        0.00
POST     /cart [add]                                                                     1039     0(0.00%) |    147      12     628    130 |   22.10        0.00
POST     /cart/checkout                                                                   375     0(0.00%) |    148      14     720    130 |    6.90        0.00
GET      /product/[id]                                                                   2958     0(0.00%) |    131       7     631    120 |   56.50        0.00
POST     /setCurrency                                                                     621     0(0.00%) |     63      14     633     39 |   13.20        0.00
--------|----------------------------------------------------------------------------|-------|-------------|-------|-------|-------|-------|--------|-----------
         Aggregated                                                                      5909     0(0.00%) |    127       7     720     92 |  117.20        0.00

Type     Name                                                                          # reqs      # fails |    Avg     Min     Max    Med |   req/s  failures/s
--------|----------------------------------------------------------------------------|-------|-------------|-------|-------|-------|-------|--------|-----------
GET      /                                                                                162     0(0.00%) |     60      13     573     41 |    3.10        0.00
GET      /cart                                                                            785     0(0.00%) |    142       7     595    130 |   14.80        0.00
POST     /cart [add]                                                                     1084     0(0.00%) |    150      12     630    130 |   21.50        0.00
POST     /cart/checkout                                                                   390     0(0.00%) |    149      14     720    130 |    6.60        0.00
GET      /product/[id]                                                                   3060     0(0.00%) |    133       7     631    120 |   57.20        0.00
POST     /setCurrency                                                                     647     0(0.00%) |     65      14     633     41 |   12.90        0.00
--------|----------------------------------------------------------------------------|-------|-------------|-------|-------|-------|-------|--------|-----------
         Aggregated                                                                      6128     0(0.00%) |    129       7     720     95 |  116.10        0.00

Type     Name                                                                          # reqs      # fails |    Avg     Min     Max    Med |   req/s  failures/s
--------|----------------------------------------------------------------------------|-------|-------------|-------|-------|-------|-------|--------|-----------
GET      /                                                                                166     0(0.00%) |     60      13     573     42 |    3.20        0.00
GET      /cart                                                                            823     0(0.00%) |    143       7     595    130 |   14.50        0.00
POST     /cart [add]                                                                     1121     0(0.00%) |    152      12     630    130 |   21.70        0.00
POST     /cart/checkout                                                                   411     0(0.00%) |    150      14     720    130 |    7.30        0.00
GET      /product/[id]                                                                   3169     0(0.00%) |    134       7     631    120 |   56.00        0.00
POST     /setCurrency                                                                     666     0(0.00%) |     65      14     633     41 |   13.50        0.00
--------|----------------------------------------------------------------------------|-------|-------------|-------|-------|-------|-------|--------|-----------
         Aggregated                                                                      6356     0(0.00%) |    130       7     720     98 |  116.20        0.00

Type     Name                                                                          # reqs      # fails |    Avg     Min     Max    Med |   req/s  failures/s
--------|----------------------------------------------------------------------------|-------|-------------|-------|-------|-------|-------|--------|-----------
GET      /                                                                                174     0(0.00%) |     62      13     573     44 |    3.50        0.00
GET      /cart                                                                            855     0(0.00%) |    145       7     595    130 |   15.40        0.00
POST     /cart [add]                                                                     1153     0(0.00%) |    154      12     630    140 |   20.70        0.00
POST     /cart/checkout                                                                   422     0(0.00%) |    152      14     720    140 |    7.40        0.00
GET      /product/[id]                                                                   3271     0(0.00%) |    136       7     631    130 |   56.50        0.00
POST     /setCurrency                                                                     689     0(0.00%) |     67      14     633     42 |   11.50        0.00
--------|----------------------------------------------------------------------------|-------|-------------|-------|-------|-------|-------|--------|-----------
         Aggregated                                                                      6564     0(0.00%) |    132       7     720    100 |  115.00        0.00

Type     Name                                                                          # reqs      # fails |    Avg     Min     Max    Med |   req/s  failures/s
--------|----------------------------------------------------------------------------|-------|-------------|-------|-------|-------|-------|--------|-----------
GET      /                                                                                179     0(0.00%) |     65      13     573     45 |    3.40        0.00
GET      /cart                                                                            882     0(0.00%) |    146       7     595    130 |   15.40        0.00
POST     /cart [add]                                                                     1183     0(0.00%) |    157      12     630    140 |   19.80        0.00
POST     /cart/checkout                                                                   432     0(0.00%) |    153      14     720    140 |    6.80        0.00
GET      /product/[id]                                                                   3382     0(0.00%) |    138       7     631    130 |   54.70        0.00
POST     /setCurrency                                                                     715     0(0.00%) |     69      14     633     43 |   11.90        0.00
--------|----------------------------------------------------------------------------|-------|-------------|-------|-------|-------|-------|--------|-----------
         Aggregated                                                                      6773     0(0.00%) |    134       7     720    100 |  112.00        0.00

Type     Name                                                                          # reqs      # fails |    Avg     Min     Max    Med |   req/s  failures/s
--------|----------------------------------------------------------------------------|-------|-------------|-------|-------|-------|-------|--------|-----------
GET      /                                                                                189     0(0.00%) |     68      13     573     46 |    2.90        0.00
GET      /cart                                                                            909     0(0.00%) |    148       7     595    130 |   15.20        0.00
POST     /cart [add]                                                                     1214     0(0.00%) |    159      12     630    140 |   18.20        0.00
POST     /cart/checkout                                                                   442     0(0.00%) |    155      14     720    140 |    6.70        0.00
GET      /product/[id]                                                                   3477     0(0.00%) |    141       7     631    130 |   53.80        0.00
POST     /setCurrency                                                                     735     0(0.00%) |     70      14     633     44 |   11.80        0.00
--------|----------------------------------------------------------------------------|-------|-------------|-------|-------|-------|-------|--------|-----------
         Aggregated                                                                      6966     0(0.00%) |    136       7     720    100 |  108.60        0.00

Type     Name                                                                          # reqs      # fails |    Avg     Min     Max    Med |   req/s  failures/s
--------|----------------------------------------------------------------------------|-------|-------------|-------|-------|-------|-------|--------|-----------
GET      /                                                                                194     0(0.00%) |     68      13     573     46 |    3.30        0.00
GET      /cart                                                                            941     0(0.00%) |    153       7     595    140 |   14.80        0.00
POST     /cart [add]                                                                     1251     0(0.00%) |    161      12     630    140 |   17.40        0.00
POST     /cart/checkout                                                                   455     0(0.00%) |    156      14     720    140 |    6.70        0.00
GET      /product/[id]                                                                   3570     0(0.00%) |    145       7     631    130 |   52.00        0.00
POST     /setCurrency                                                                     756     0(0.00%) |     70      14     633     44 |   11.40        0.00
--------|----------------------------------------------------------------------------|-------|-------------|-------|-------|-------|-------|--------|-----------
         Aggregated                                                                      7167     0(0.00%) |    139       7     720    100 |  105.60        0.00

Type     Name                                                                          # reqs      # fails |    Avg     Min     Max    Med |   req/s  failures/s
--------|----------------------------------------------------------------------------|-------|-------------|-------|-------|-------|-------|--------|-----------
GET      /                                                                                199     0(0.00%) |     68      13     573     47 |    3.30        0.00
GET      /cart                                                                            964     0(0.00%) |    154       7     595    140 |   15.60        0.00
POST     /cart [add]                                                                     1282     0(0.00%) |    164      12     630    150 |   16.90        0.00
POST     /cart/checkout                                                                   466     0(0.00%) |    159      14     720    150 |    6.50        0.00
GET      /product/[id]                                                                   3676     0(0.00%) |    147       7     631    140 |   50.70        0.00
POST     /setCurrency                                                                     767     0(0.00%) |     71      14     633     46 |   10.80        0.00
--------|----------------------------------------------------------------------------|-------|-------------|-------|-------|-------|-------|--------|-----------
         Aggregated                                                                      7354     0(0.00%) |    142       7     720    110 |  103.80        0.00

Type     Name                                                                          # reqs      # fails |    Avg     Min     Max    Med |   req/s  failures/s
--------|----------------------------------------------------------------------------|-------|-------------|-------|-------|-------|-------|--------|-----------
GET      /                                                                                206     0(0.00%) |     72      13     573     48 |    3.20        0.00
GET      /cart                                                                            993     0(0.00%) |    155       7     595    140 |   14.10        0.00
POST     /cart [add]                                                                     1324     0(0.00%) |    166      12     630    150 |   15.90        0.00
POST     /cart/checkout                                                                   477     0(0.00%) |    161      14     720    150 |    5.50        0.00
GET      /product/[id]                                                                   3772     0(0.00%) |    148       7     631    140 |   50.60        0.00
POST     /setCurrency                                                                     791     0(0.00%) |     72      14     633     46 |   10.00        0.00
--------|----------------------------------------------------------------------------|-------|-------------|-------|-------|-------|-------|--------|-----------
         Aggregated                                                                      7563     0(0.00%) |    143       7     720    110 |   99.30        0.00

Type     Name                                                                          # reqs      # fails |    Avg     Min     Max    Med |   req/s  failures/s
--------|----------------------------------------------------------------------------|-------|-------------|-------|-------|-------|-------|--------|-----------
GET      /                                                                                208     0(0.00%) |     71      13     573     48 |    3.20        0.00
GET      /cart                                                                           1018     0(0.00%) |    159       7     595    150 |   13.80        0.00
POST     /cart [add]                                                                     1359     0(0.00%) |    169      12     630    150 |   17.00        0.00
POST     /cart/checkout                                                                   487     0(0.00%) |    162      14     720    150 |    5.50        0.00
GET      /product/[id]                                                                   3862     0(0.00%) |    151       7     631    140 |   49.80        0.00
POST     /setCurrency                                                                     813     0(0.00%) |     72      14     633     47 |   10.10        0.00
--------|----------------------------------------------------------------------------|-------|-------------|-------|-------|-------|-------|--------|-----------
         Aggregated                                                                      7747     0(0.00%) |    146       7     720    110 |   99.40        0.00

Type     Name                                                                          # reqs      # fails |    Avg     Min     Max    Med |   req/s  failures/s
--------|----------------------------------------------------------------------------|-------|-------------|-------|-------|-------|-------|--------|-----------
GET      /                                                                                212     0(0.00%) |     72      13     573     48 |    2.90        0.00
GET      /cart                                                                           1052     0(0.00%) |    160       7     595    150 |   13.70        0.00
POST     /cart [add]                                                                     1391     0(0.00%) |    170      12     630    150 |   17.50        0.00
POST     /cart/checkout                                                                   504     0(0.00%) |    165      14     720    160 |    5.40        0.00
GET      /product/[id]                                                                   3966     0(0.00%) |    153       7     631    140 |   48.00        0.00
POST     /setCurrency                                                                     832     0(0.00%) |     73      14     633     47 |    9.70        0.00
--------|----------------------------------------------------------------------------|-------|-------------|-------|-------|-------|-------|--------|-----------
         Aggregated                                                                      7957     0(0.00%) |    147       7     720    110 |   97.20        0.00

Type     Name                                                                          # reqs      # fails |    Avg     Min     Max    Med |   req/s  failures/s
--------|----------------------------------------------------------------------------|-------|-------------|-------|-------|-------|-------|--------|-----------
GET      /                                                                                219     0(0.00%) |     73      13     573     48 |    2.30        0.00
GET      /cart                                                                           1072     0(0.00%) |    163       7     695    150 |   14.40        0.00
POST     /cart [add]                                                                     1427     0(0.00%) |    173      12     832    150 |   17.90        0.00
POST     /cart/checkout                                                                   513     0(0.00%) |    166      14     720    160 |    6.20        0.00
GET      /product/[id]                                                                   4054     0(0.00%) |    155       7     631    150 |   48.40        0.00
POST     /setCurrency                                                                     847     0(0.00%) |     73      14     633     47 |    9.80        0.00
--------|----------------------------------------------------------------------------|-------|-------------|-------|-------|-------|-------|--------|-----------
         Aggregated                                                                      8132     0(0.00%) |    149       7     832    120 |   99.00        0.00

Type     Name                                                                          # reqs      # fails |    Avg     Min     Max    Med |   req/s  failures/s
--------|----------------------------------------------------------------------------|-------|-------------|-------|-------|-------|-------|--------|-----------
GET      /                                                                                226     0(0.00%) |     73      13     573     48 |    2.50        0.00
GET      /cart                                                                           1100     0(0.00%) |    163       7     695    150 |   13.10        0.00
POST     /cart [add]                                                                     1456     0(0.00%) |    174      12     832    160 |   17.50        0.00
POST     /cart/checkout                                                                   525     0(0.00%) |    169      14     720    160 |    5.60        0.00
GET      /product/[id]                                                                   4175     0(0.00%) |    156       7     631    150 |   48.50        0.00
POST     /setCurrency                                                                     869     0(0.00%) |     74      14     633     47 |    9.10        0.00
--------|----------------------------------------------------------------------------|-------|-------------|-------|-------|-------|-------|--------|-----------
         Aggregated                                                                      8351     0(0.00%) |    150       7     832    120 |   96.30        0.00

Type     Name                                                                          # reqs      # fails |    Avg     Min     Max    Med |   req/s  failures/s
--------|----------------------------------------------------------------------------|-------|-------------|-------|-------|-------|-------|--------|-----------
GET      /                                                                                230     0(0.00%) |     75      13     573     48 |    2.80        0.00
GET      /cart                                                                           1125     0(0.00%) |    166       7     695    150 |   13.50        0.00
POST     /cart [add]                                                                     1482     0(0.00%) |    177      12     832    160 |   17.40        0.00
POST     /cart/checkout                                                                   538     0(0.00%) |    174      14     720    170 |    5.80        0.00
GET      /product/[id]                                                                   4257     0(0.00%) |    159       7     674    150 |   49.70        0.00
POST     /setCurrency                                                                     883     0(0.00%) |     74      14     633     47 |   10.30        0.00
--------|----------------------------------------------------------------------------|-------|-------------|-------|-------|-------|-------|--------|-----------
         Aggregated                                                                      8515     0(0.00%) |    153       7     832    120 |   99.50        0.00

Type     Name                                                                          # reqs      # fails |    Avg     Min     Max    Med |   req/s  failures/s
--------|----------------------------------------------------------------------------|-------|-------------|-------|-------|-------|-------|--------|-----------
GET      /                                                                                242     0(0.00%) |     78      13     573     53 |    2.40        0.00
GET      /cart                                                                           1140     0(0.00%) |    167       7     695    150 |   13.00        0.00
POST     /cart [add]                                                                     1521     0(0.00%) |    180      12     832    160 |   15.90        0.00
POST     /cart/checkout                                                                   547     0(0.00%) |    177      14     720    180 |    6.00        0.00
GET      /product/[id]                                                                   4348     0(0.00%) |    161       7     674    150 |   48.90        0.00
POST     /setCurrency                                                                     909     0(0.00%) |     75      14     633     49 |    9.30        0.00
--------|----------------------------------------------------------------------------|-------|-------------|-------|-------|-------|-------|--------|-----------
         Aggregated                                                                      8707     0(0.00%) |    155       7     832    120 |   95.50        0.00

Type     Name                                                                          # reqs      # fails |    Avg     Min     Max    Med |   req/s  failures/s
--------|----------------------------------------------------------------------------|-------|-------------|-------|-------|-------|-------|--------|-----------
GET      /                                                                                249     0(0.00%) |     79      13     573     53 |    3.40        0.00
GET      /cart                                                                           1163     0(0.00%) |    169       7     695    150 |   12.20        0.00
POST     /cart [add]                                                                     1564     0(0.00%) |    182      12     832    160 |   16.00        0.00
POST     /cart/checkout                                                                   561     0(0.00%) |    177      14     720    180 |    6.10        0.00
GET      /product/[id]                                                                   4435     0(0.00%) |    163       7     674    150 |   48.30        0.00
POST     /setCurrency                                                                     930     0(0.00%) |     76      14     633     50 |    9.70        0.00
--------|----------------------------------------------------------------------------|-------|-------------|-------|-------|-------|-------|--------|-----------
         Aggregated                                                                      8902     0(0.00%) |    156       7     832    130 |   95.70        0.00

Type     Name                                                                          # reqs      # fails |    Avg     Min     Max    Med |   req/s  failures/s
--------|----------------------------------------------------------------------------|-------|-------------|-------|-------|-------|-------|--------|-----------
GET      /                                                                                256     0(0.00%) |     79      13     573     53 |    3.70        0.00
GET      /cart                                                                           1184     0(0.00%) |    171       7     695    160 |   11.10        0.00
POST     /cart [add]                                                                     1605     0(0.00%) |    184      12     832    160 |   17.20        0.00
POST     /cart/checkout                                                                   580     0(0.00%) |    180      14     720    180 |    5.50        0.00
GET      /product/[id]                                                                   4524     0(0.00%) |    164       7     674    150 |   46.80        0.00
POST     /setCurrency                                                                     955     0(0.00%) |     76      14     633     51 |    9.80        0.00
--------|----------------------------------------------------------------------------|-------|-------------|-------|-------|-------|-------|--------|-----------
         Aggregated                                                                      9104     0(0.00%) |    158       7     832    130 |   94.10        0.00

Type     Name                                                                          # reqs      # fails |    Avg     Min     Max    Med |   req/s  failures/s
--------|----------------------------------------------------------------------------|-------|-------------|-------|-------|-------|-------|--------|-----------
GET      /                                                                                257     0(0.00%) |     79      13     573     53 |    3.70        0.00
GET      /cart                                                                           1208     0(0.00%) |    172       7     695    160 |   11.10        0.00
POST     /cart [add]                                                                     1644     0(0.00%) |    186      12     832    160 |   17.70        0.00
POST     /cart/checkout                                                                   594     0(0.00%) |    183      14     720    180 |    6.70        0.00
GET      /product/[id]                                                                   4622     0(0.00%) |    166       7     674    160 |   46.90        0.00
POST     /setCurrency                                                                     965     0(0.00%) |     76      14     633     51 |   10.80        0.00
--------|----------------------------------------------------------------------------|-------|-------------|-------|-------|-------|-------|--------|-----------
         Aggregated                                                                      9290     0(0.00%) |    160       7     832    130 |   96.90        0.00

Type     Name                                                                          # reqs      # fails |    Avg     Min     Max    Med |   req/s  failures/s
--------|----------------------------------------------------------------------------|-------|-------------|-------|-------|-------|-------|--------|-----------
GET      /                                                                                263     0(0.00%) |     79      13     573     54 |    3.10        0.00
GET      /cart                                                                           1237     0(0.00%) |    173       7     695    160 |   10.80        0.00
POST     /cart [add]                                                                     1678     0(0.00%) |    187      12     832    170 |   18.80        0.00
POST     /cart/checkout                                                                   604     0(0.00%) |    183      14     720    180 |    6.80        0.00
GET      /product/[id]                                                                   4727     0(0.00%) |    167       7     674    160 |   44.50        0.00
POST     /setCurrency                                                                     989     0(0.00%) |     76      14     633     51 |    9.60        0.00
--------|----------------------------------------------------------------------------|-------|-------------|-------|-------|-------|-------|--------|-----------
         Aggregated                                                                      9498     0(0.00%) |    160       7     832    130 |   93.60        0.00

Type     Name                                                                          # reqs      # fails |    Avg     Min     Max    Med |   req/s  failures/s
--------|----------------------------------------------------------------------------|-------|-------------|-------|-------|-------|-------|--------|-----------
GET      /                                                                                268     0(0.00%) |     81      13     573     54 |    3.30        0.00
GET      /cart                                                                           1268     0(0.00%) |    173       7     695    160 |   11.20        0.00
POST     /cart [add]                                                                     1715     0(0.00%) |    187      12     832    170 |   19.40        0.00
POST     /cart/checkout                                                                   620     0(0.00%) |    185      14     720    190 |    6.70        0.00
GET      /product/[id]                                                                   4819     0(0.00%) |    168       7     674    160 |   46.70        0.00
POST     /setCurrency                                                                    1015     0(0.00%) |     75      14     633     50 |   10.60        0.00
--------|----------------------------------------------------------------------------|-------|-------------|-------|-------|-------|-------|--------|-----------
         Aggregated                                                                      9705     0(0.00%) |    161       7     832    130 |   97.90        0.00

Type     Name                                                                          # reqs      # fails |    Avg     Min     Max    Med |   req/s  failures/s
--------|----------------------------------------------------------------------------|-------|-------------|-------|-------|-------|-------|--------|-----------
GET      /                                                                                275     0(0.00%) |     81      13     573     54 |    2.60        0.00
GET      /cart                                                                           1295     0(0.00%) |    174       7     695    160 |   12.40        0.00
POST     /cart [add]                                                                     1746     0(0.00%) |    188      12     832    170 |   19.70        0.00
POST     /cart/checkout                                                                   636     0(0.00%) |    186      14     720    190 |    7.20        0.00
GET      /product/[id]                                                                   4927     0(0.00%) |    169       7     674    160 |   47.30        0.00
POST     /setCurrency                                                                    1032     0(0.00%) |     75      14     633     50 |   10.40        0.00
--------|----------------------------------------------------------------------------|-------|-------------|-------|-------|-------|-------|--------|-----------
         Aggregated                                                                      9911     0(0.00%) |    162       7     832    130 |   99.60        0.00

Type     Name                                                                          # reqs      # fails |    Avg     Min     Max    Med |   req/s  failures/s
--------|----------------------------------------------------------------------------|-------|-------------|-------|-------|-------|-------|--------|-----------
GET      /                                                                                281     0(0.00%) |     81      13     573     54 |    2.60        0.00
GET      /cart                                                                           1324     0(0.00%) |    175       7     695    160 |   13.00        0.00
POST     /cart [add]                                                                     1789     0(0.00%) |    188      12     832    170 |   18.30        0.00
POST     /cart/checkout                                                                   650     0(0.00%) |    186      14     720    190 |    7.70        0.00
GET      /product/[id]                                                                   5025     0(0.00%) |    170       7     674    160 |   49.40        0.00
POST     /setCurrency                                                                    1053     0(0.00%) |     74      14     633     50 |   10.10        0.00
--------|----------------------------------------------------------------------------|-------|-------------|-------|-------|-------|-------|--------|-----------
         Aggregated                                                                     10122     0(0.00%) |    162       7     832    130 |  101.10        0.00

Type     Name                                                                          # reqs      # fails |    Avg     Min     Max    Med |   req/s  failures/s
--------|----------------------------------------------------------------------------|-------|-------------|-------|-------|-------|-------|--------|-----------
GET      /                                                                                285     0(0.00%) |     81      13     573     54 |    2.50        0.00
GET      /cart                                                                           1353     0(0.00%) |    177       7     695    160 |   13.80        0.00
POST     /cart [add]                                                                     1820     0(0.00%) |    189      12     832    170 |   18.50        0.00
POST     /cart/checkout                                                                   657     0(0.00%) |    186      14     720    190 |    7.10        0.00
GET      /product/[id]                                                                   5133     0(0.00%) |    171       7     674    160 |   50.20        0.00
POST     /setCurrency                                                                    1076     0(0.00%) |     75      14     633     50 |    9.90        0.00
--------|----------------------------------------------------------------------------|-------|-------------|-------|-------|-------|-------|--------|-----------
         Aggregated                                                                     10324     0(0.00%) |    163       7     832    130 |  102.00        0.00

Type     Name                                                                          # reqs      # fails |    Avg     Min     Max    Med |   req/s  failures/s
--------|----------------------------------------------------------------------------|-------|-------------|-------|-------|-------|-------|--------|-----------
GET      /                                                                                288     0(0.00%) |     81      13     573     54 |    2.80        0.00
GET      /cart                                                                           1379     0(0.00%) |    177       7     695    160 |   14.50        0.00
POST     /cart [add]                                                                     1848     0(0.00%) |    190      12     832    170 |   17.80        0.00
POST     /cart/checkout                                                                   666     0(0.00%) |    188      14     720    190 |    6.50        0.00
GET      /product/[id]                                                                   5234     0(0.00%) |    173       7     827    170 |   51.00        0.00
POST     /setCurrency                                                                    1089     0(0.00%) |     76      14     633     51 |   10.90        0.00
--------|----------------------------------------------------------------------------|-------|-------------|-------|-------|-------|-------|--------|-----------
         Aggregated                                                                     10504     0(0.00%) |    165       7     832    140 |  103.50        0.00

Type     Name                                                                          # reqs      # fails |    Avg     Min     Max    Med |   req/s  failures/s
--------|----------------------------------------------------------------------------|-------|-------------|-------|-------|-------|-------|--------|-----------
GET      /                                                                                301     0(0.00%) |     81      13     573     54 |    2.50        0.00
GET      /cart                                                                           1407     0(0.00%) |    177       7     695    160 |   14.00        0.00
POST     /cart [add]                                                                     1882     0(0.00%) |    191      12     832    170 |   17.20        0.00
POST     /cart/checkout                                                                   681     0(0.00%) |    190      14     720    190 |    6.10        0.00
GET      /product/[id]                                                                   5332     0(0.00%) |    174       7     827    170 |   50.70        0.00
POST     /setCurrency                                                                    1108     0(0.00%) |     76      14     633     51 |    9.90        0.00
--------|----------------------------------------------------------------------------|-------|-------------|-------|-------|-------|-------|--------|-----------
         Aggregated                                                                     10711     0(0.00%) |    166       7     832    140 |  100.40        0.00

Type     Name                                                                          # reqs      # fails |    Avg     Min     Max    Med |   req/s  failures/s
--------|----------------------------------------------------------------------------|-------|-------------|-------|-------|-------|-------|--------|-----------
GET      /                                                                                304     0(0.00%) |     81      13     573     54 |    3.30        0.00
GET      /cart                                                                           1439     0(0.00%) |    176       7     695    160 |   14.10        0.00
POST     /cart [add]                                                                     1916     0(0.00%) |    191      12     832    170 |   16.40        0.00
POST     /cart/checkout                                                                   697     0(0.00%) |    189      14     720    190 |    6.20        0.00
GET      /product/[id]                                                                   5458     0(0.00%) |    173       7     827    170 |   51.10        0.00
POST     /setCurrency                                                                    1132     0(0.00%) |     76      14     633     50 |    9.40        0.00
--------|----------------------------------------------------------------------------|-------|-------------|-------|-------|-------|-------|--------|-----------
         Aggregated                                                                     10946     0(0.00%) |    165       7     832    140 |  100.50        0.00

Type     Name                                                                          # reqs      # fails |    Avg     Min     Max    Med |   req/s  failures/s
--------|----------------------------------------------------------------------------|-------|-------------|-------|-------|-------|-------|--------|-----------
GET      /                                                                                310     0(0.00%) |     81      13     573     54 |    2.90        0.00
GET      /cart                                                                           1457     0(0.00%) |    177       7     741    160 |   14.50        0.00
POST     /cart [add]                                                                     1940     0(0.00%) |    191      12     832    170 |   16.80        0.00
POST     /cart/checkout                                                                   705     0(0.00%) |    190      14     720    190 |    6.10        0.00
GET      /product/[id]                                                                   5568     0(0.00%) |    174       7     827    170 |   52.70        0.00
POST     /setCurrency                                                                    1150     0(0.00%) |     76      14     633     51 |   10.00        0.00
--------|----------------------------------------------------------------------------|-------|-------------|-------|-------|-------|-------|--------|-----------
         Aggregated                                                                     11130     0(0.00%) |    166       7     832    140 |  103.00        0.00

Type     Name                                                                          # reqs      # fails |    Avg     Min     Max    Med |   req/s  failures/s
--------|----------------------------------------------------------------------------|-------|-------------|-------|-------|-------|-------|--------|-----------
GET      /                                                                                318     0(0.00%) |     83      13     573     54 |    2.90        0.00
GET      /cart                                                                           1491     0(0.00%) |    178       7     741    160 |   13.40        0.00
POST     /cart [add]                                                                     1971     0(0.00%) |    192      11     832    170 |   15.00        0.00
POST     /cart/checkout                                                                   722     0(0.00%) |    190      14     720    190 |    5.60        0.00
GET      /product/[id]                                                                   5675     0(0.00%) |    175       7     827    170 |   53.70        0.00
POST     /setCurrency                                                                    1168     0(0.00%) |     77      14     675     51 |    9.70        0.00
--------|----------------------------------------------------------------------------|-------|-------------|-------|-------|-------|-------|--------|-----------
         Aggregated                                                                     11345     0(0.00%) |    167       7     832    140 |  100.30        0.00

Type     Name                                                                          # reqs      # fails |    Avg     Min     Max    Med |   req/s  failures/s
--------|----------------------------------------------------------------------------|-------|-------------|-------|-------|-------|-------|--------|-----------
GET      /                                                                                323     0(0.00%) |     82      13     573     54 |    3.20        0.00
GET      /cart                                                                           1520     0(0.00%) |    177       7     741    160 |   13.90        0.00
POST     /cart [add]                                                                     2007     0(0.00%) |    192      11     832    170 |   15.10        0.00
POST     /cart/checkout                                                                   733     0(0.00%) |    191      14     720    190 |    6.50        0.00
GET      /product/[id]                                                                   5762     0(0.00%) |    175       7     827    170 |   54.50        0.00
POST     /setCurrency                                                                    1191     0(0.00%) |     77      14     675     51 |    9.40        0.00
--------|----------------------------------------------------------------------------|-------|-------------|-------|-------|-------|-------|--------|-----------
         Aggregated                                                                     11536     0(0.00%) |    166       7     832    140 |  102.60        0.00

Type     Name                                                                          # reqs      # fails |    Avg     Min     Max    Med |   req/s  failures/s
--------|----------------------------------------------------------------------------|-------|-------------|-------|-------|-------|-------|--------|-----------
GET      /                                                                                334     0(0.00%) |     88      13     609     54 |    3.50        0.00
GET      /cart                                                                           1552     0(0.00%) |    179       7     741    160 |   14.50        0.00
POST     /cart [add]                                                                     2048     0(0.00%) |    195      11    1296    180 |   15.90        0.00
POST     /cart/checkout                                                                   745     0(0.00%) |    193      14    1084    190 |    6.80        0.00
GET      /product/[id]                                                                   5847     0(0.00%) |    176       7     918    170 |   52.80        0.00
POST     /setCurrency                                                                    1214     0(0.00%) |     79      14     727     51 |   10.30        0.00
--------|----------------------------------------------------------------------------|-------|-------------|-------|-------|-------|-------|--------|-----------
         Aggregated                                                                     11740     0(0.00%) |    169       7    1296    140 |  103.80        0.00

Type     Name                                                                          # reqs      # fails |    Avg     Min     Max    Med |   req/s  failures/s
--------|----------------------------------------------------------------------------|-------|-------------|-------|-------|-------|-------|--------|-----------
GET      /                                                                                339     0(0.00%) |     88      13     609     55 |    2.83        0.00
GET      /cart                                                                           1572     0(0.00%) |    179       7     741    160 |   13.12        0.00
POST     /cart [add]                                                                     2080     0(0.00%) |    196      11    1296    180 |   17.36        0.00
POST     /cart/checkout                                                                   754     0(0.00%) |    196      14    1084    190 |    6.29        0.00
GET      /product/[id]                                                                   5935     0(0.00%) |    177       7     918    170 |   49.53        0.00
POST     /setCurrency                                                                    1226     0(0.00%) |     80      14     727     51 |   10.23        0.00
--------|----------------------------------------------------------------------------|-------|-------------|-------|-------|-------|-------|--------|-----------
         Aggregated                                                                     11906     0(0.00%) |    169       7    1296    140 |   99.37        0.00

Response time percentiles (approximated)
Type     Name                                                                                  50%    66%    75%    80%    90%    95%    98%    99%  99.9% 99.99%   100% # reqs
--------|--------------------------------------------------------------------------------|--------|------|------|------|------|------|------|------|------|------|------|------
GET      /                                                                                      55     91    110    130    190    260    400    530    610    610    610    339
GET      /cart                                                                                 170    240    280    310    390    440    500    520    700    740    740   1572
POST     /cart [add]                                                                           180    260    300    330    400    480    570    620   1100   1300   1300   2080
POST     /cart/checkout                                                                        190    270    300    320    400    450    520    590   1100   1100   1100    754
GET      /product/[id]                                                                         170    240    280    300    370    430    500    560    800    920    920   5935
POST     /setCurrency                                                                           52     84    100    120    170    230    340    430    720    730    730   1226
--------|--------------------------------------------------------------------------------|--------|------|------|------|------|------|------|------|------|------|------|------
         Aggregated                                                                            140    230    270    300    370    430    500    560    810   1200   1300  11906

