16:10:45 RESTART pod=adservice-574bff445c-zmjkn restarts=4
16:10:45 RESTART pod=emailservice-66944ff59-924vd restarts=4
16:10:45 RESTART pod=paymentservice-9bfb7bf5-mpf2j restarts=4
16:10:45 RESTART pod=productcatalogservice-65bbf699df-t64z2 restarts=4
16:10:45 RESTART pod=recommendationservice-7d7f9f7777-pdnlv restarts=4
16:10:45 RESTART pod=shippingservice-f956b6d9f-g9wg4 restarts=4
16:10:55 RESTART pod=adservice-574bff445c-zmjkn restarts=4
16:10:55 RESTART pod=emailservice-66944ff59-924vd restarts=4
16:10:55 RESTART pod=paymentservice-9bfb7bf5-mpf2j restarts=4
16:10:55 RESTART pod=productcatalogservice-65bbf699df-t64z2 restarts=4
16:10:55 RESTART pod=recommendationservice-7d7f9f7777-pdnlv restarts=4
16:10:55 RESTART pod=shippingservice-f956b6d9f-g9wg4 restarts=4
16:11:05 RESTART pod=adservice-574bff445c-zmjkn restarts=4
16:11:05 RESTART pod=emailservice-66944ff59-924vd restarts=4
16:11:05 RESTART pod=paymentservice-9bfb7bf5-mpf2j restarts=4
16:11:05 RESTART pod=productcatalogservice-65bbf699df-t64z2 restarts=4
16:11:05 RESTART pod=recommendationservice-7d7f9f7777-pdnlv restarts=4
16:11:05 RESTART pod=shippingservice-f956b6d9f-g9wg4 restarts=4
16:11:15 RESTART pod=adservice-574bff445c-zmjkn restarts=4
16:11:15 RESTART pod=emailservice-66944ff59-924vd restarts=4
16:11:15 RESTART pod=paymentservice-9bfb7bf5-mpf2j restarts=4
16:11:15 RESTART pod=productcatalogservice-65bbf699df-t64z2 restarts=4
16:11:15 RESTART pod=recommendationservice-7d7f9f7777-pdnlv restarts=4
16:11:15 RESTART pod=shippingservice-f956b6d9f-g9wg4 restarts=4
16:11:25 RESTART pod=adservice-574bff445c-zmjkn restarts=4
16:11:25 RESTART pod=emailservice-66944ff59-924vd restarts=4
16:11:25 RESTART pod=paymentservice-9bfb7bf5-mpf2j restarts=4
16:11:25 RESTART pod=productcatalogservice-65bbf699df-t64z2 restarts=4
16:11:25 RESTART pod=recommendationservice-7d7f9f7777-pdnlv restarts=4
16:11:25 RESTART pod=shippingservice-f956b6d9f-g9wg4 restarts=4
16:11:35 RESTART pod=adservice-574bff445c-zmjkn restarts=4
16:11:35 RESTART pod=emailservice-66944ff59-924vd restarts=4
16:11:35 RESTART pod=paymentservice-9bfb7bf5-mpf2j restarts=4
16:11:35 RESTART pod=productcatalogservice-65bbf699df-t64z2 restarts=4
16:11:35 RESTART pod=recommendationservice-7d7f9f7777-pdnlv restarts=4
16:11:35 RESTART pod=shippingservice-f956b6d9f-g9wg4 restarts=4
16:11:45 RESTART pod=adservice-574bff445c-zmjkn restarts=4
16:11:45 RESTART pod=emailservice-66944ff59-924vd restarts=4
16:11:45 RESTART pod=paymentservice-9bfb7bf5-mpf2j restarts=4
16:11:45 RESTART pod=productcatalogservice-65bbf699df-t64z2 restarts=4
16:11:45 RESTART pod=recommendationservice-7d7f9f7777-pdnlv restarts=4
16:11:45 RESTART pod=shippingservice-f956b6d9f-g9wg4 restarts=4
16:11:55 RESTART pod=adservice-574bff445c-zmjkn restarts=4
16:11:55 RESTART pod=emailservice-66944ff59-924vd restarts=4
16:11:55 RESTART pod=paymentservice-9bfb7bf5-mpf2j restarts=4
16:11:55 RESTART pod=productcatalogservice-65bbf699df-t64z2 restarts=4
16:11:55 RESTART pod=recommendationservice-7d7f9f7777-pdnlv restarts=4
16:11:55 RESTART pod=shippingservice-f956b6d9f-g9wg4 restarts=4
16:12:06 RESTART pod=adservice-574bff445c-zmjkn restarts=4
16:12:06 RESTART pod=emailservice-66944ff59-924vd restarts=4
16:12:06 RESTART pod=paymentservice-9bfb7bf5-mpf2j restarts=4
16:12:06 RESTART pod=productcatalogservice-65bbf699df-t64z2 restarts=4
16:12:06 RESTART pod=recommendationservice-7d7f9f7777-pdnlv restarts=4
16:12:06 RESTART pod=shippingservice-f956b6d9f-g9wg4 restarts=4
16:12:16 RESTART pod=adservice-574bff445c-zmjkn restarts=4
16:12:16 RESTART pod=emailservice-66944ff59-924vd restarts=4
16:12:16 RESTART pod=paymentservice-9bfb7bf5-mpf2j restarts=4
16:12:16 RESTART pod=productcatalogservice-65bbf699df-t64z2 restarts=4
16:12:16 RESTART pod=recommendationservice-7d7f9f7777-pdnlv restarts=4
16:12:16 RESTART pod=shippingservice-f956b6d9f-g9wg4 restarts=4
16:12:26 RESTART pod=adservice-574bff445c-zmjkn restarts=4
16:12:26 RESTART pod=emailservice-66944ff59-924vd restarts=4
16:12:26 RESTART pod=paymentservice-9bfb7bf5-mpf2j restarts=4
16:12:26 RESTART pod=productcatalogservice-65bbf699df-t64z2 restarts=4
16:12:26 RESTART pod=recommendationservice-7d7f9f7777-pdnlv restarts=4
16:12:26 RESTART pod=shippingservice-f956b6d9f-g9wg4 restarts=4
16:12:36 RESTART pod=adservice-574bff445c-zmjkn restarts=4
16:12:36 RESTART pod=emailservice-66944ff59-924vd restarts=4
16:12:36 RESTART pod=paymentservice-9bfb7bf5-mpf2j restarts=4
16:12:36 RESTART pod=productcatalogservice-65bbf699df-t64z2 restarts=4
16:12:36 RESTART pod=recommendationservice-7d7f9f7777-pdnlv restarts=4
16:12:36 RESTART pod=shippingservice-f956b6d9f-g9wg4 restarts=4
16:12:46 RESTART pod=adservice-574bff445c-zmjkn restarts=4
16:12:46 RESTART pod=emailservice-66944ff59-924vd restarts=4
16:12:46 RESTART pod=paymentservice-9bfb7bf5-mpf2j restarts=4
16:12:46 RESTART pod=productcatalogservice-65bbf699df-t64z2 restarts=4
16:12:46 RESTART pod=recommendationservice-7d7f9f7777-pdnlv restarts=4
16:12:46 RESTART pod=shippingservice-f956b6d9f-g9wg4 restarts=4
16:12:56 RESTART pod=adservice-574bff445c-zmjkn restarts=4
16:12:56 RESTART pod=emailservice-66944ff59-924vd restarts=4
16:12:56 RESTART pod=paymentservice-9bfb7bf5-mpf2j restarts=4
16:12:56 RESTART pod=productcatalogservice-65bbf699df-t64z2 restarts=4
16:12:56 RESTART pod=recommendationservice-7d7f9f7777-pdnlv restarts=4
16:12:56 RESTART pod=shippingservice-f956b6d9f-g9wg4 restarts=4
16:13:06 RESTART pod=adservice-574bff445c-zmjkn restarts=4
16:13:06 RESTART pod=emailservice-66944ff59-924vd restarts=4
16:13:06 RESTART pod=paymentservice-9bfb7bf5-mpf2j restarts=4
16:13:06 RESTART pod=productcatalogservice-65bbf699df-t64z2 restarts=4
16:13:06 RESTART pod=recommendationservice-7d7f9f7777-pdnlv restarts=4
16:13:06 RESTART pod=shippingservice-f956b6d9f-g9wg4 restarts=4
16:13:17 RESTART pod=adservice-574bff445c-zmjkn restarts=4
16:13:17 RESTART pod=emailservice-66944ff59-924vd restarts=4
16:13:17 RESTART pod=paymentservice-9bfb7bf5-mpf2j restarts=4
16:13:17 RESTART pod=productcatalogservice-65bbf699df-t64z2 restarts=4
16:13:17 RESTART pod=recommendationservice-7d7f9f7777-pdnlv restarts=4
16:13:17 RESTART pod=shippingservice-f956b6d9f-g9wg4 restarts=4
16:13:27 RESTART pod=adservice-574bff445c-zmjkn restarts=4
16:13:27 RESTART pod=emailservice-66944ff59-924vd restarts=4
16:13:27 RESTART pod=paymentservice-9bfb7bf5-mpf2j restarts=4
16:13:27 RESTART pod=productcatalogservice-65bbf699df-t64z2 restarts=4
16:13:27 RESTART pod=recommendationservice-7d7f9f7777-pdnlv restarts=4
16:13:27 RESTART pod=shippingservice-f956b6d9f-g9wg4 restarts=4
16:13:37 RESTART pod=adservice-574bff445c-zmjkn restarts=4
16:13:37 RESTART pod=emailservice-66944ff59-924vd restarts=4
16:13:37 RESTART pod=paymentservice-9bfb7bf5-mpf2j restarts=4
16:13:37 RESTART pod=productcatalogservice-65bbf699df-t64z2 restarts=4
16:13:37 RESTART pod=recommendationservice-7d7f9f7777-pdnlv restarts=4
16:13:37 RESTART pod=shippingservice-f956b6d9f-g9wg4 restarts=4
16:13:47 RESTART pod=adservice-574bff445c-zmjkn restarts=4
16:13:47 RESTART pod=emailservice-66944ff59-924vd restarts=4
16:13:47 RESTART pod=paymentservice-9bfb7bf5-mpf2j restarts=4
16:13:47 RESTART pod=productcatalogservice-65bbf699df-t64z2 restarts=4
16:13:47 RESTART pod=recommendationservice-7d7f9f7777-pdnlv restarts=4
16:13:47 RESTART pod=shippingservice-f956b6d9f-g9wg4 restarts=4
16:13:57 RESTART pod=adservice-574bff445c-zmjkn restarts=4
16:13:57 RESTART pod=emailservice-66944ff59-924vd restarts=4
16:13:57 RESTART pod=paymentservice-9bfb7bf5-mpf2j restarts=4
16:13:57 RESTART pod=productcatalogservice-65bbf699df-t64z2 restarts=4
16:13:57 RESTART pod=recommendationservice-7d7f9f7777-pdnlv restarts=4
16:13:57 RESTART pod=shippingservice-f956b6d9f-g9wg4 restarts=4
16:14:07 RESTART pod=adservice-574bff445c-zmjkn restarts=4
16:14:07 RESTART pod=emailservice-66944ff59-924vd restarts=4
16:14:07 RESTART pod=paymentservice-9bfb7bf5-mpf2j restarts=4
16:14:07 RESTART pod=productcatalogservice-65bbf699df-t64z2 restarts=4
16:14:07 RESTART pod=recommendationservice-7d7f9f7777-pdnlv restarts=4
16:14:07 RESTART pod=shippingservice-f956b6d9f-g9wg4 restarts=4
16:14:17 RESTART pod=adservice-574bff445c-zmjkn restarts=4
16:14:17 RESTART pod=emailservice-66944ff59-924vd restarts=4
16:14:17 RESTART pod=paymentservice-9bfb7bf5-mpf2j restarts=4
16:14:17 RESTART pod=productcatalogservice-65bbf699df-t64z2 restarts=4
16:14:17 RESTART pod=recommendationservice-7d7f9f7777-pdnlv restarts=4
16:14:17 RESTART pod=shippingservice-f956b6d9f-g9wg4 restarts=4
16:14:27 RESTART pod=adservice-574bff445c-zmjkn restarts=4
16:14:27 RESTART pod=emailservice-66944ff59-924vd restarts=4
16:14:27 RESTART pod=paymentservice-9bfb7bf5-mpf2j restarts=4
16:14:27 RESTART pod=productcatalogservice-65bbf699df-t64z2 restarts=4
16:14:27 RESTART pod=recommendationservice-7d7f9f7777-pdnlv restarts=4
16:14:27 RESTART pod=shippingservice-f956b6d9f-g9wg4 restarts=4
16:14:38 RESTART pod=adservice-574bff445c-zmjkn restarts=4
16:14:38 RESTART pod=emailservice-66944ff59-924vd restarts=4
16:14:38 RESTART pod=paymentservice-9bfb7bf5-mpf2j restarts=4
16:14:38 RESTART pod=productcatalogservice-65bbf699df-t64z2 restarts=4
16:14:38 RESTART pod=recommendationservice-7d7f9f7777-pdnlv restarts=4
16:14:38 RESTART pod=shippingservice-f956b6d9f-g9wg4 restarts=4
16:14:48 RESTART pod=adservice-574bff445c-zmjkn restarts=4
16:14:48 RESTART pod=emailservice-66944ff59-924vd restarts=4
16:14:48 RESTART pod=paymentservice-9bfb7bf5-mpf2j restarts=4
16:14:48 RESTART pod=productcatalogservice-65bbf699df-t64z2 restarts=4
16:14:48 RESTART pod=recommendationservice-7d7f9f7777-pdnlv restarts=4
16:14:48 RESTART pod=shippingservice-f956b6d9f-g9wg4 restarts=4
16:14:58 RESTART pod=adservice-574bff445c-zmjkn restarts=4
16:14:58 RESTART pod=emailservice-66944ff59-924vd restarts=4
16:14:58 RESTART pod=paymentservice-9bfb7bf5-mpf2j restarts=4
16:14:58 RESTART pod=productcatalogservice-65bbf699df-t64z2 restarts=4
16:14:58 RESTART pod=recommendationservice-7d7f9f7777-pdnlv restarts=4
16:14:58 RESTART pod=shippingservice-f956b6d9f-g9wg4 restarts=4
16:15:08 RESTART pod=adservice-574bff445c-zmjkn restarts=4
16:15:08 RESTART pod=emailservice-66944ff59-924vd restarts=4
16:15:08 RESTART pod=paymentservice-9bfb7bf5-mpf2j restarts=4
16:15:08 RESTART pod=productcatalogservice-65bbf699df-t64z2 restarts=4
16:15:08 RESTART pod=recommendationservice-7d7f9f7777-pdnlv restarts=4
16:15:08 RESTART pod=shippingservice-f956b6d9f-g9wg4 restarts=4
16:15:18 RESTART pod=adservice-574bff445c-zmjkn restarts=4
16:15:18 RESTART pod=emailservice-66944ff59-924vd restarts=4
16:15:18 RESTART pod=paymentservice-9bfb7bf5-mpf2j restarts=4
16:15:18 RESTART pod=productcatalogservice-65bbf699df-t64z2 restarts=4
16:15:18 RESTART pod=recommendationservice-7d7f9f7777-pdnlv restarts=4
16:15:18 RESTART pod=shippingservice-f956b6d9f-g9wg4 restarts=4
16:15:28 RESTART pod=adservice-574bff445c-zmjkn restarts=4
16:15:28 RESTART pod=emailservice-66944ff59-924vd restarts=4
16:15:28 RESTART pod=paymentservice-9bfb7bf5-mpf2j restarts=4
16:15:28 RESTART pod=productcatalogservice-65bbf699df-t64z2 restarts=4
16:15:28 RESTART pod=recommendationservice-7d7f9f7777-pdnlv restarts=4
16:15:28 RESTART pod=shippingservice-f956b6d9f-g9wg4 restarts=4
16:15:38 RESTART pod=adservice-574bff445c-zmjkn restarts=4
16:15:38 RESTART pod=emailservice-66944ff59-924vd restarts=4
16:15:38 RESTART pod=paymentservice-9bfb7bf5-mpf2j restarts=4
16:15:38 RESTART pod=productcatalogservice-65bbf699df-t64z2 restarts=4
16:15:38 RESTART pod=recommendationservice-7d7f9f7777-pdnlv restarts=4
16:15:38 RESTART pod=shippingservice-f956b6d9f-g9wg4 restarts=4
16:15:49 RESTART pod=adservice-574bff445c-zmjkn restarts=4
16:15:49 RESTART pod=emailservice-66944ff59-924vd restarts=4
16:15:49 RESTART pod=paymentservice-9bfb7bf5-mpf2j restarts=4
16:15:49 RESTART pod=productcatalogservice-65bbf699df-t64z2 restarts=4
16:15:49 RESTART pod=recommendationservice-7d7f9f7777-pdnlv restarts=4
16:15:49 RESTART pod=shippingservice-f956b6d9f-g9wg4 restarts=4
16:15:59 RESTART pod=adservice-574bff445c-zmjkn restarts=4
16:15:59 RESTART pod=emailservice-66944ff59-924vd restarts=4
16:15:59 RESTART pod=paymentservice-9bfb7bf5-mpf2j restarts=4
16:15:59 RESTART pod=productcatalogservice-65bbf699df-t64z2 restarts=4
16:15:59 RESTART pod=recommendationservice-7d7f9f7777-pdnlv restarts=4
16:15:59 RESTART pod=shippingservice-f956b6d9f-g9wg4 restarts=4
16:16:09 RESTART pod=adservice-574bff445c-zmjkn restarts=4
16:16:09 RESTART pod=currencyservice-54cc976b5d-5stmj restarts=1
16:16:09 RESTART pod=emailservice-66944ff59-924vd restarts=4
16:16:09 RESTART pod=paymentservice-9bfb7bf5-mpf2j restarts=4
16:16:09 RESTART pod=productcatalogservice-65bbf699df-t64z2 restarts=4
16:16:09 RESTART pod=recommendationservice-7d7f9f7777-pdnlv restarts=4
16:16:09 RESTART pod=shippingservice-f956b6d9f-g9wg4 restarts=4
16:16:19 RESTART pod=adservice-574bff445c-zmjkn restarts=4
16:16:19 RESTART pod=currencyservice-54cc976b5d-5stmj restarts=1
16:16:19 RESTART pod=emailservice-66944ff59-924vd restarts=4
16:16:19 RESTART pod=paymentservice-9bfb7bf5-mpf2j restarts=4
16:16:19 RESTART pod=productcatalogservice-65bbf699df-t64z2 restarts=4
16:16:19 RESTART pod=recommendationservice-7d7f9f7777-pdnlv restarts=4
16:16:19 RESTART pod=shippingservice-f956b6d9f-g9wg4 restarts=4
16:16:29 RESTART pod=adservice-574bff445c-zmjkn restarts=4
16:16:29 RESTART pod=currencyservice-54cc976b5d-5stmj restarts=1
16:16:29 RESTART pod=emailservice-66944ff59-924vd restarts=4
16:16:29 RESTART pod=paymentservice-9bfb7bf5-mpf2j restarts=4
16:16:29 RESTART pod=productcatalogservice-65bbf699df-t64z2 restarts=4
16:16:29 RESTART pod=recommendationservice-7d7f9f7777-pdnlv restarts=4
16:16:29 RESTART pod=shippingservice-f956b6d9f-g9wg4 restarts=4
16:16:39 RESTART pod=adservice-574bff445c-zmjkn restarts=4
16:16:39 RESTART pod=currencyservice-54cc976b5d-5stmj restarts=1
16:16:39 RESTART pod=emailservice-66944ff59-924vd restarts=4
16:16:39 RESTART pod=paymentservice-9bfb7bf5-mpf2j restarts=4
16:16:39 RESTART pod=productcatalogservice-65bbf699df-t64z2 restarts=4
16:16:39 RESTART pod=recommendationservice-7d7f9f7777-pdnlv restarts=4
16:16:39 RESTART pod=shippingservice-f956b6d9f-g9wg4 restarts=4
