/Users/edias/Library/Python/3.9/lib/python/site-packages/urllib3/__init__.py:35: NotOpenSSLWarning: urllib3 v2 only supports OpenSSL 1.1.1+, currently the 'ssl' module is compiled with 'LibreSSL 2.8.3'. See: https://github.com/urllib3/urllib3/issues/3020
  warnings.warn(
[2026-05-20 22:32:39,481] Mac/WARNING/locust.main: Python 3.9 support is deprecated and will be removed soon
Type     Name                                                                          # reqs      # fails |    Avg     Min     Max    Med |   req/s  failures/s
--------|----------------------------------------------------------------------------|-------|-------------|-------|-------|-------|-------|--------|-----------
--------|----------------------------------------------------------------------------|-------|-------------|-------|-------|-------|-------|--------|-----------
         Aggregated                                                                         0     0(0.00%) |      0       0       0      0 |    0.00        0.00

Type     Name                                                                          # reqs      # fails |    Avg     Min     Max    Med |   req/s  failures/s
--------|----------------------------------------------------------------------------|-------|-------------|-------|-------|-------|-------|--------|-----------
GET      /cart                                                                              5     0(0.00%) |     13      11      18     12 |    0.00        0.00
POST     /cart [add]                                                                        6     0(0.00%) |     24      15      38     19 |    0.00        0.00
POST     /cart/checkout                                                                     2     0(0.00%) |     20      17      23     17 |    0.00        0.00
GET      /product/[id]                                                                      8     0(0.00%) |     17       8      33     12 |    0.00        0.00
POST     /setCurrency                                                                       2     0(0.00%) |     24      18      30     18 |    0.00        0.00
--------|----------------------------------------------------------------------------|-------|-------------|-------|-------|-------|-------|--------|-----------
         Aggregated                                                                        23     0(0.00%) |     19       8      38     18 |    0.00        0.00

Type     Name                                                                          # reqs      # fails |    Avg     Min     Max    Med |   req/s  failures/s
--------|----------------------------------------------------------------------------|-------|-------------|-------|-------|-------|-------|--------|-----------
GET      /                                                                                  1     0(0.00%) |     23      23      23     23 |    0.00        0.00
GET      /cart                                                                             13     0(0.00%) |     11       8      18     11 |    2.00        0.00
POST     /cart [add]                                                                       19     0(0.00%) |     18      12      38     15 |    1.00        0.00
POST     /cart/checkout                                                                     7     0(0.00%) |     15      10      23     15 |    0.00        0.00
GET      /product/[id]                                                                     30     0(0.00%) |     13       7      33     11 |    4.00        0.00
POST     /setCurrency                                                                       7     0(0.00%) |     21      14      30     21 |    1.00        0.00
--------|----------------------------------------------------------------------------|-------|-------------|-------|-------|-------|-------|--------|-----------
         Aggregated                                                                        77     0(0.00%) |     15       7      38     13 |    8.00        0.00

Type     Name                                                                          # reqs      # fails |    Avg     Min     Max    Med |   req/s  failures/s
--------|----------------------------------------------------------------------------|-------|-------------|-------|-------|-------|-------|--------|-----------
GET      /                                                                                  1     0(0.00%) |     23      23      23     23 |    0.25        0.00
GET      /cart                                                                             28     0(0.00%) |     10       6      18     10 |    2.50        0.00
POST     /cart [add]                                                                       32     0(0.00%) |     18       8      88     14 |    4.50        0.00
POST     /cart/checkout                                                                    10     0(0.00%) |     13       8      23     14 |    1.75        0.00
GET      /product/[id]                                                                     65     0(0.00%) |     13       5      79     10 |    5.25        0.00
POST     /setCurrency                                                                      20     0(0.00%) |     21      10      90     16 |    1.50        0.00
--------|----------------------------------------------------------------------------|-------|-------------|-------|-------|-------|-------|--------|-----------
         Aggregated                                                                       156     0(0.00%) |     14       5      90     12 |   15.75        0.00

Type     Name                                                                          # reqs      # fails |    Avg     Min     Max    Med |   req/s  failures/s
--------|----------------------------------------------------------------------------|-------|-------------|-------|-------|-------|-------|--------|-----------
GET      /                                                                                  5     0(0.00%) |     13       9      23     12 |    0.17        0.00
GET      /cart                                                                             41     0(0.00%) |      9       6      18      9 |    3.50        0.00
POST     /cart [add]                                                                       48     0(0.00%) |     16       8      88     13 |    4.50        0.00
POST     /cart/checkout                                                                    16     0(0.00%) |     13       8      23     14 |    1.50        0.00
GET      /product/[id]                                                                    133     0(0.00%) |     11       5      79      9 |    9.67        0.00
POST     /setCurrency                                                                      29     0(0.00%) |     19      10      90     15 |    3.00        0.00
--------|----------------------------------------------------------------------------|-------|-------------|-------|-------|-------|-------|--------|-----------
         Aggregated                                                                       272     0(0.00%) |     12       5      90     10 |   22.33        0.00

Type     Name                                                                          # reqs      # fails |    Avg     Min     Max    Med |   req/s  failures/s
--------|----------------------------------------------------------------------------|-------|-------------|-------|-------|-------|-------|--------|-----------
GET      /                                                                                  8     0(0.00%) |     12       8      23     11 |    0.50        0.00
GET      /cart                                                                             60     0(0.00%) |      9       5      18      9 |    4.88        0.00
POST     /cart [add]                                                                       78     0(0.00%) |     14       7      88     12 |    5.38        0.00
POST     /cart/checkout                                                                    23     0(0.00%) |     12       8      23     12 |    1.62        0.00
GET      /product/[id]                                                                    197     0(0.00%) |     10       5      79      9 |   14.25        0.00
POST     /setCurrency                                                                      47     0(0.00%) |     16       9      90     14 |    3.38        0.00
--------|----------------------------------------------------------------------------|-------|-------------|-------|-------|-------|-------|--------|-----------
         Aggregated                                                                       413     0(0.00%) |     11       5      90     10 |   30.00        0.00

Type     Name                                                                          # reqs      # fails |    Avg     Min     Max    Med |   req/s  failures/s
--------|----------------------------------------------------------------------------|-------|-------------|-------|-------|-------|-------|--------|-----------
GET      /                                                                                 12     0(0.00%) |     11       8      23     11 |    0.70        0.00
GET      /cart                                                                             91     0(0.00%) |     13       4     253      9 |    5.50        0.00
POST     /cart [add]                                                                      101     0(0.00%) |     17       7     217     12 |    7.00        0.00
POST     /cart/checkout                                                                    34     0(0.00%) |     14       8      78     12 |    2.30        0.00
GET      /product/[id]                                                                    274     0(0.00%) |     10       4     219      8 |   17.50        0.00
POST     /setCurrency                                                                      64     0(0.00%) |     18       9     218     14 |    4.50        0.00
--------|----------------------------------------------------------------------------|-------|-------------|-------|-------|-------|-------|--------|-----------
         Aggregated                                                                       576     0(0.00%) |     13       4     253     10 |   37.50        0.00

Type     Name                                                                          # reqs      # fails |    Avg     Min     Max    Med |   req/s  failures/s
--------|----------------------------------------------------------------------------|-------|-------------|-------|-------|-------|-------|--------|-----------
GET      /                                                                                 18     0(0.00%) |     11       8      23     11 |    1.20        0.00
GET      /cart                                                                            125     0(0.00%) |     12       4     253      8 |    7.90        0.00
POST     /cart [add]                                                                      144     0(0.00%) |     15       6     217     11 |    9.20        0.00
POST     /cart/checkout                                                                    51     0(0.00%) |     13       8      78     11 |    3.10        0.00
GET      /product/[id]                                                                    364     0(0.00%) |     10       4     219      8 |   24.70        0.00
POST     /setCurrency                                                                      85     0(0.00%) |     17       9     218     13 |    5.80        0.00
--------|----------------------------------------------------------------------------|-------|-------------|-------|-------|-------|-------|--------|-----------
         Aggregated                                                                       787     0(0.00%) |     12       4     253      9 |   51.90        0.00

Type     Name                                                                          # reqs      # fails |    Avg     Min     Max    Med |   req/s  failures/s
--------|----------------------------------------------------------------------------|-------|-------------|-------|-------|-------|-------|--------|-----------
GET      /                                                                                 24     0(0.00%) |     12       8      27     11 |    1.50        0.00
GET      /cart                                                                            150     0(0.00%) |     11       4     253      8 |   10.60        0.00
POST     /cart [add]                                                                      179     0(0.00%) |     14       6     217     11 |   11.30        0.00
POST     /cart/checkout                                                                    65     0(0.00%) |     13       8      78     11 |    3.90        0.00
GET      /product/[id]                                                                    494     0(0.00%) |      9       4     219      8 |   32.50        0.00
POST     /setCurrency                                                                     106     0(0.00%) |     16       9     218     13 |    7.10        0.00
--------|----------------------------------------------------------------------------|-------|-------------|-------|-------|-------|-------|--------|-----------
         Aggregated                                                                      1018     0(0.00%) |     11       4     253      9 |   66.90        0.00

Type     Name                                                                          # reqs      # fails |    Avg     Min     Max    Med |   req/s  failures/s
--------|----------------------------------------------------------------------------|-------|-------------|-------|-------|-------|-------|--------|-----------
GET      /                                                                                 30     0(0.00%) |     12       8      27     11 |    2.30        0.00
GET      /cart                                                                            193     0(0.00%) |     10       4     253      8 |   12.60        0.00
POST     /cart [add]                                                                      227     0(0.00%) |     14       6     217     11 |   14.60        0.00
POST     /cart/checkout                                                                    85     0(0.00%) |     14       8      78     11 |    5.40        0.00
GET      /product/[id]                                                                    611     0(0.00%) |      9       4     219      8 |   39.90        0.00
POST     /setCurrency                                                                     135     0(0.00%) |     16       9     218     13 |    8.10        0.00
--------|----------------------------------------------------------------------------|-------|-------------|-------|-------|-------|-------|--------|-----------
         Aggregated                                                                      1281     0(0.00%) |     11       4     253      9 |   82.90        0.00

Type     Name                                                                          # reqs      # fails |    Avg     Min     Max    Med |   req/s  failures/s
--------|----------------------------------------------------------------------------|-------|-------------|-------|-------|-------|-------|--------|-----------
GET      /                                                                                 39     0(0.00%) |     12       8      39     11 |    2.60        0.00
GET      /cart                                                                            231     0(0.00%) |     15       4     253      8 |   14.30        0.00
POST     /cart [add]                                                                      267     0(0.00%) |     18       6     220     11 |   17.10        0.00
POST     /cart/checkout                                                                   101     0(0.00%) |     16       8     133     11 |    6.80        0.00
GET      /product/[id]                                                                    752     0(0.00%) |     13       4     247      8 |   46.30        0.00
POST     /setCurrency                                                                     164     0(0.00%) |     16       8     218     13 |   10.30        0.00
--------|----------------------------------------------------------------------------|-------|-------------|-------|-------|-------|-------|--------|-----------
         Aggregated                                                                      1554     0(0.00%) |     15       4     253      9 |   97.40        0.00

Type     Name                                                                          # reqs      # fails |    Avg     Min     Max    Med |   req/s  failures/s
--------|----------------------------------------------------------------------------|-------|-------------|-------|-------|-------|-------|--------|-----------
GET      /                                                                                 51     0(0.00%) |     12       8      39     11 |    3.20        0.00
GET      /cart                                                                            268     0(0.00%) |     17       4     253      8 |   16.90        0.00
POST     /cart [add]                                                                      317     0(0.00%) |     21       6     220     11 |   19.00        0.00
POST     /cart/checkout                                                                   119     0(0.00%) |     20       8     133     12 |    7.60        0.00
GET      /product/[id]                                                                    890     0(0.00%) |     15       4     247      8 |   54.90        0.00
POST     /setCurrency                                                                     205     0(0.00%) |     15       8     218     13 |   11.00        0.00
--------|----------------------------------------------------------------------------|-------|-------------|-------|-------|-------|-------|--------|-----------
         Aggregated                                                                      1850     0(0.00%) |     17       4     253     10 |  112.60        0.00

Type     Name                                                                          # reqs      # fails |    Avg     Min     Max    Med |   req/s  failures/s
--------|----------------------------------------------------------------------------|-------|-------------|-------|-------|-------|-------|--------|-----------
GET      /                                                                                 62     0(0.00%) |     12       8      39     11 |    3.50        0.00
GET      /cart                                                                            299     0(0.00%) |     21       4     253      9 |   17.60        0.00
POST     /cart [add]                                                                      373     0(0.00%) |     27       6     296     12 |   21.20        0.00
POST     /cart/checkout                                                                   137     0(0.00%) |     30       8     386     12 |    8.30        0.00
GET      /product/[id]                                                                   1029     0(0.00%) |     21       4     265      8 |   59.60        0.00
POST     /setCurrency                                                                     233     0(0.00%) |     16       8     218     13 |   13.40        0.00
--------|----------------------------------------------------------------------------|-------|-------------|-------|-------|-------|-------|--------|-----------
         Aggregated                                                                      2133     0(0.00%) |     22       4     386     10 |  123.60        0.00

Type     Name                                                                          # reqs      # fails |    Avg     Min     Max    Med |   req/s  failures/s
--------|----------------------------------------------------------------------------|-------|-------------|-------|-------|-------|-------|--------|-----------
GET      /                                                                                 76     0(0.00%) |     11       7      39     11 |    4.30        0.00
GET      /cart                                                                            331     0(0.00%) |     29       4     253      9 |   17.70        0.00
POST     /cart [add]                                                                      430     0(0.00%) |     37       6     296     14 |   22.80        0.00
POST     /cart/checkout                                                                   153     0(0.00%) |     37       8     386     13 |    8.70        0.00
GET      /product/[id]                                                                   1170     0(0.00%) |     29       4     265      9 |   63.70        0.00
POST     /setCurrency                                                                     259     0(0.00%) |     16       8     218     13 |   14.60        0.00
--------|----------------------------------------------------------------------------|-------|-------------|-------|-------|-------|-------|--------|-----------
         Aggregated                                                                      2419     0(0.00%) |     29       4     386     11 |  131.80        0.00

Type     Name                                                                          # reqs      # fails |    Avg     Min     Max    Med |   req/s  failures/s
--------|----------------------------------------------------------------------------|-------|-------------|-------|-------|-------|-------|--------|-----------
GET      /                                                                                 82     0(0.00%) |     11       7      39     10 |    4.70        0.00
GET      /cart                                                                            372     0(0.00%) |     37       4     253     10 |   17.40        0.00
POST     /cart [add]                                                                      481     0(0.00%) |     47       6     296     15 |   24.20        0.00
POST     /cart/checkout                                                                   173     0(0.00%) |     48       8     386     14 |    8.60        0.00
GET      /product/[id]                                                                   1316     0(0.00%) |     38       4     265     10 |   67.50        0.00
POST     /setCurrency                                                                     282     0(0.00%) |     15       8     218     13 |   14.90        0.00
--------|----------------------------------------------------------------------------|-------|-------------|-------|-------|-------|-------|--------|-----------
         Aggregated                                                                      2706     0(0.00%) |     37       4     386     12 |  137.30        0.00

Type     Name                                                                          # reqs      # fails |    Avg     Min     Max    Med |   req/s  failures/s
--------|----------------------------------------------------------------------------|-------|-------------|-------|-------|-------|-------|--------|-----------
GET      /                                                                                 92     0(0.00%) |     20       7     287     11 |    3.08        0.00
GET      /cart                                                                            407     0(0.00%) |     45       4     267     11 |   13.65        0.00
POST     /cart [add]                                                                      517     0(0.00%) |     53       6     346     17 |   17.33        0.00
POST     /cart/checkout                                                                   186     0(0.00%) |     54       8     386     15 |    6.24        0.00
GET      /product/[id]                                                                   1455     0(0.00%) |     46       4     291     11 |   48.78        0.00
POST     /setCurrency                                                                     315     0(0.00%) |     17       8     222     13 |   10.56        0.00
--------|----------------------------------------------------------------------------|-------|-------------|-------|-------|-------|-------|--------|-----------
         Aggregated                                                                      2972     0(0.00%) |     44       4     386     13 |   99.64        0.00

Response time percentiles (approximated)
Type     Name                                                                                  50%    66%    75%    80%    90%    95%    98%    99%  99.9% 99.99%   100% # reqs
--------|--------------------------------------------------------------------------------|--------|------|------|------|------|------|------|------|------|------|------|------
GET      /                                                                                      11     12     12     13     16     40    290    290    290    290    290     92
GET      /cart                                                                                  11     41     71     92    140    170    200    210    270    270    270    407
POST     /cart [add]                                                                            17     49     95    110    150    180    210    220    350    350    350    517
POST     /cart/checkout                                                                         16     62     96    100    130    190    200    290    390    390    390    186
GET      /product/[id]                                                                          11     44     79     98    140    170    190    220    270    290    290   1455
POST     /setCurrency                                                                           13     14     15     16     20     30     83    160    220    220    220    315
--------|--------------------------------------------------------------------------------|--------|------|------|------|------|------|------|------|------|------|------|------
         Aggregated                                                                             13     32     67     92    130    170    200    220    300    390    390   2972

