/Users/edias/Library/Python/3.9/lib/python/site-packages/urllib3/__init__.py:35: NotOpenSSLWarning: urllib3 v2 only supports OpenSSL 1.1.1+, currently the 'ssl' module is compiled with 'LibreSSL 2.8.3'. See: https://github.com/urllib3/urllib3/issues/3020
  warnings.warn(
[2026-04-26 10:25:57,733] Mac/WARNING/locust.main: Python 3.9 support is deprecated and will be removed soon
Type     Name                                                                          # reqs      # fails |    Avg     Min     Max    Med |   req/s  failures/s
--------|----------------------------------------------------------------------------|-------|-------------|-------|-------|-------|-------|--------|-----------
--------|----------------------------------------------------------------------------|-------|-------------|-------|-------|-------|-------|--------|-----------
         Aggregated                                                                         0     0(0.00%) |      0       0       0      0 |    0.00        0.00

Type     Name                                                                          # reqs      # fails |    Avg     Min     Max    Med |   req/s  failures/s
--------|----------------------------------------------------------------------------|-------|-------------|-------|-------|-------|-------|--------|-----------
GET      /                                                                                  1     0(0.00%) |     23      23      23     23 |    0.00        0.00
GET      /cart                                                                              3     0(0.00%) |     13      11      14     14 |    0.00        0.00
POST     /cart [add]                                                                        4     0(0.00%) |     32      21      46     29 |    0.00        0.00
POST     /cart/checkout                                                                     1     0(0.00%) |    114     114     114    114 |    0.00        0.00
GET      /product/[id]                                                                      8     0(0.00%) |     22      15      40     18 |    0.00        0.00
POST     /setCurrency                                                                       1     0(0.00%) |     30      30      30     30 |    0.00        0.00
--------|----------------------------------------------------------------------------|-------|-------------|-------|-------|-------|-------|--------|-----------
         Aggregated                                                                        18     0(0.00%) |     28      11     114     21 |    0.00        0.00

Type     Name                                                                          # reqs      # fails |    Avg     Min     Max    Med |   req/s  failures/s
--------|----------------------------------------------------------------------------|-------|-------------|-------|-------|-------|-------|--------|-----------
GET      /                                                                                  3     0(0.00%) |    154      19     419     24 |    0.00        0.00
GET      /cart                                                                             10     0(0.00%) |     27      11     157     14 |    1.50        0.00
POST     /cart [add]                                                                        9     0(0.00%) |     23      14      46     21 |    1.50        0.00
POST     /cart/checkout                                                                     2     0(0.00%) |     66      18     114     19 |    0.50        0.00
GET      /product/[id]                                                                     38     0(0.00%) |     37      10     415     14 |    2.50        0.00
POST     /setCurrency                                                                       3     0(0.00%) |     27      20      33     30 |    0.50        0.00
--------|----------------------------------------------------------------------------|-------|-------------|-------|-------|-------|-------|--------|-----------
         Aggregated                                                                        65     0(0.00%) |     40      10     419     15 |    6.50        0.00

Type     Name                                                                          # reqs      # fails |    Avg     Min     Max    Med |   req/s  failures/s
--------|----------------------------------------------------------------------------|-------|-------------|-------|-------|-------|-------|--------|-----------
GET      /                                                                                  5     0(0.00%) |    100      13     419     24 |    0.50        0.00
GET      /cart                                                                             21     0(0.00%) |     19       8     157     13 |    1.75        0.00
POST     /cart [add]                                                                       25     0(0.00%) |     20      13      46     17 |    1.50        0.00
POST     /cart/checkout                                                                     6     0(0.00%) |     75      15     275     16 |    0.25        0.00
GET      /product/[id]                                                                     82     0(0.00%) |     23       8     415     13 |    7.25        0.00
POST     /setCurrency                                                                       7     0(0.00%) |     21      15      33     19 |    0.50        0.00
--------|----------------------------------------------------------------------------|-------|-------------|-------|-------|-------|-------|--------|-----------
         Aggregated                                                                       146     0(0.00%) |     27       8     419     14 |   11.75        0.00

Type     Name                                                                          # reqs      # fails |    Avg     Min     Max    Med |   req/s  failures/s
--------|----------------------------------------------------------------------------|-------|-------------|-------|-------|-------|-------|--------|-----------
GET      /                                                                                  6     0(0.00%) |     86      13     419     20 |    0.67        0.00
GET      /cart                                                                             28     0(0.00%) |     19       8     157     13 |    3.00        0.00
POST     /cart [add]                                                                       50     0(0.00%) |     22      11      86     17 |    2.67        0.00
POST     /cart/checkout                                                                    16     0(0.00%) |     43      15     275     19 |    0.50        0.00
GET      /product/[id]                                                                    135     0(0.00%) |     20       8     415     13 |   11.33        0.00
POST     /setCurrency                                                                      25     0(0.00%) |     26      14      86     20 |    0.83        0.00
--------|----------------------------------------------------------------------------|-------|-------------|-------|-------|-------|-------|--------|-----------
         Aggregated                                                                       260     0(0.00%) |     24       8     419     14 |   19.00        0.00

Type     Name                                                                          # reqs      # fails |    Avg     Min     Max    Med |   req/s  failures/s
--------|----------------------------------------------------------------------------|-------|-------------|-------|-------|-------|-------|--------|-----------
GET      /                                                                                 11     0(0.00%) |     54      13     419     17 |    0.62        0.00
GET      /cart                                                                             48     0(0.00%) |     17       7     157     13 |    3.25        0.00
POST     /cart [add]                                                                       73     0(0.00%) |     20      11      86     17 |    4.88        0.00
POST     /cart/checkout                                                                    26     0(0.00%) |     34      15     275     19 |    1.38        0.00
GET      /product/[id]                                                                    205     0(0.00%) |     18       7     415     13 |   14.62        0.00
POST     /setCurrency                                                                      40     0(0.00%) |     24      14      86     19 |    2.25        0.00
--------|----------------------------------------------------------------------------|-------|-------------|-------|-------|-------|-------|--------|-----------
         Aggregated                                                                       403     0(0.00%) |     21       7     419     14 |   27.00        0.00

Type     Name                                                                          # reqs      # fails |    Avg     Min     Max    Med |   req/s  failures/s
--------|----------------------------------------------------------------------------|-------|-------------|-------|-------|-------|-------|--------|-----------
GET      /                                                                                 18     0(0.00%) |     43      13     419     17 |    0.90        0.00
GET      /cart                                                                             75     0(0.00%) |     16       7     157     12 |    4.10        0.00
POST     /cart [add]                                                                      100     0(0.00%) |     20      11      86     17 |    6.60        0.00
POST     /cart/checkout                                                                    35     0(0.00%) |     32      14     275     19 |    2.40        0.00
GET      /product/[id]                                                                    293     0(0.00%) |     17       7     415     12 |   17.70        0.00
POST     /setCurrency                                                                      51     0(0.00%) |     25      14      86     20 |    3.20        0.00
--------|----------------------------------------------------------------------------|-------|-------------|-------|-------|-------|-------|--------|-----------
         Aggregated                                                                       572     0(0.00%) |     20       7     419     14 |   34.90        0.00

Type     Name                                                                          # reqs      # fails |    Avg     Min     Max    Med |   req/s  failures/s
--------|----------------------------------------------------------------------------|-------|-------------|-------|-------|-------|-------|--------|-----------
GET      /                                                                                 19     0(0.00%) |     46      13     419     20 |    1.70        0.00
GET      /cart                                                                             94     0(0.00%) |     19       7     157     12 |    6.20        0.00
POST     /cart [add]                                                                      132     0(0.00%) |     22      11      94     17 |    8.50        0.00
POST     /cart/checkout                                                                    44     0(0.00%) |     33      14     275     19 |    3.10        0.00
GET      /product/[id]                                                                    392     0(0.00%) |     19       7     415     12 |   25.30        0.00
POST     /setCurrency                                                                      73     0(0.00%) |     37      14     183     22 |    4.60        0.00
--------|----------------------------------------------------------------------------|-------|-------------|-------|-------|-------|-------|--------|-----------
         Aggregated                                                                       754     0(0.00%) |     23       7     419     15 |   49.40        0.00

Type     Name                                                                          # reqs      # fails |    Avg     Min     Max    Med |   req/s  failures/s
--------|----------------------------------------------------------------------------|-------|-------------|-------|-------|-------|-------|--------|-----------
GET      /                                                                                 27     0(0.00%) |     49      13     419     22 |    1.60        0.00
GET      /cart                                                                            117     0(0.00%) |     23       7     157     13 |    7.70        0.00
POST     /cart [add]                                                                      160     0(0.00%) |     29      11     128     18 |   11.40        0.00
POST     /cart/checkout                                                                    54     0(0.00%) |     39      14     275     21 |    4.00        0.00
GET      /product/[id]                                                                    467     0(0.00%) |     21       7     415     13 |   32.40        0.00
POST     /setCurrency                                                                      90     0(0.00%) |     42      14     183     23 |    6.30        0.00
--------|----------------------------------------------------------------------------|-------|-------------|-------|-------|-------|-------|--------|-----------
         Aggregated                                                                       915     0(0.00%) |     26       7     419     16 |   63.40        0.00

Type     Name                                                                          # reqs      # fails |    Avg     Min     Max    Med |   req/s  failures/s
--------|----------------------------------------------------------------------------|-------|-------------|-------|-------|-------|-------|--------|-----------
GET      /                                                                                 31     0(0.00%) |     69      13     481     24 |    2.20        0.00
GET      /cart                                                                            156     0(0.00%) |     38       7     710     14 |    8.70        0.00
POST     /cart [add]                                                                      185     0(0.00%) |     36      11     708     19 |   14.00        0.00
POST     /cart/checkout                                                                    62     0(0.00%) |     40      13     275     21 |    4.90        0.00
GET      /product/[id]                                                                    566     0(0.00%) |     42       7     800     13 |   37.70        0.00
POST     /setCurrency                                                                     115     0(0.00%) |     68      14     696     31 |    7.90        0.00
--------|----------------------------------------------------------------------------|-------|-------------|-------|-------|-------|-------|--------|-----------
         Aggregated                                                                      1115     0(0.00%) |     44       7     800     17 |   75.40        0.00

Type     Name                                                                          # reqs      # fails |    Avg     Min     Max    Med |   req/s  failures/s
--------|----------------------------------------------------------------------------|-------|-------------|-------|-------|-------|-------|--------|-----------
GET      /                                                                                 37     0(0.00%) |     78      13     481     30 |    2.30        0.00
GET      /cart                                                                            179     0(0.00%) |     45       7     710     15 |   11.10        0.00
POST     /cart [add]                                                                      223     0(0.00%) |     46      11     708     22 |   13.20        0.00
POST     /cart/checkout                                                                    75     0(0.00%) |     44      13     275     26 |    4.60        0.00
GET      /product/[id]                                                                    675     0(0.00%) |     45       7     800     15 |   41.10        0.00
POST     /setCurrency                                                                     145     0(0.00%) |     84      14     696     45 |    8.80        0.00
--------|----------------------------------------------------------------------------|-------|-------------|-------|-------|-------|-------|--------|-----------
         Aggregated                                                                      1334     0(0.00%) |     50       7     800     19 |   81.10        0.00

Type     Name                                                                          # reqs      # fails |    Avg     Min     Max    Med |   req/s  failures/s
--------|----------------------------------------------------------------------------|-------|-------------|-------|-------|-------|-------|--------|-----------
GET      /                                                                                 44     0(0.00%) |     84      13     481     51 |    2.80        0.00
GET      /cart                                                                            204     0(0.00%) |     52       7     710     19 |   12.80        0.00
POST     /cart [add]                                                                      265     0(0.00%) |     55      11     708     29 |   13.90        0.00
POST     /cart/checkout                                                                    96     0(0.00%) |     59      13     310     41 |    4.50        0.00
GET      /product/[id]                                                                    793     0(0.00%) |     52       7     800     17 |   45.30        0.00
POST     /setCurrency                                                                     168     0(0.00%) |     88      14     696     50 |   10.20        0.00
--------|----------------------------------------------------------------------------|-------|-------------|-------|-------|-------|-------|--------|-----------
         Aggregated                                                                      1570     0(0.00%) |     58       7     800     23 |   89.50        0.00

Type     Name                                                                          # reqs      # fails |    Avg     Min     Max    Med |   req/s  failures/s
--------|----------------------------------------------------------------------------|-------|-------------|-------|-------|-------|-------|--------|-----------
GET      /                                                                                 50     0(0.00%) |     84      13     481     52 |    2.60        0.00
GET      /cart                                                                            241     0(0.00%) |     62       7     710     33 |   13.00        0.00
POST     /cart [add]                                                                      310     0(0.00%) |     65      11     708     44 |   15.70        0.00
POST     /cart/checkout                                                                   119     0(0.00%) |     73      13     310     55 |    5.60        0.00
GET      /product/[id]                                                                    924     0(0.00%) |     54       7     800     23 |   48.00        0.00
POST     /setCurrency                                                                     190     0(0.00%) |     88      14     696     59 |   11.10        0.00
--------|----------------------------------------------------------------------------|-------|-------------|-------|-------|-------|-------|--------|-----------
         Aggregated                                                                      1834     0(0.00%) |     63       7     800     31 |   96.00        0.00

Type     Name                                                                          # reqs      # fails |    Avg     Min     Max    Med |   req/s  failures/s
--------|----------------------------------------------------------------------------|-------|-------------|-------|-------|-------|-------|--------|-----------
GET      /                                                                                 55     0(0.00%) |     84      13     481     58 |    3.20        0.00
GET      /cart                                                                            277     0(0.00%) |     69       7     710     41 |   14.10        0.00
POST     /cart [add]                                                                      357     0(0.00%) |     75      11     708     55 |   16.90        0.00
POST     /cart/checkout                                                                   141     0(0.00%) |     83      13     310     65 |    6.90        0.00
GET      /product/[id]                                                                   1061     0(0.00%) |     61       7     800     29 |   52.60        0.00
POST     /setCurrency                                                                     211     0(0.00%) |     91      14     696     64 |   11.30        0.00
--------|----------------------------------------------------------------------------|-------|-------------|-------|-------|-------|-------|--------|-----------
         Aggregated                                                                      2102     0(0.00%) |     69       7     800     39 |  105.00        0.00

Type     Name                                                                          # reqs      # fails |    Avg     Min     Max    Med |   req/s  failures/s
--------|----------------------------------------------------------------------------|-------|-------------|-------|-------|-------|-------|--------|-----------
GET      /                                                                                 62     0(0.00%) |    103      13     883     61 |    2.60        0.00
GET      /cart                                                                            295     0(0.00%) |     79       7     863     43 |   15.60        0.00
POST     /cart [add]                                                                      384     0(0.00%) |     97      11    1086     61 |   18.40        0.00
POST     /cart/checkout                                                                   147     0(0.00%) |     89      13    1007     65 |    8.10        0.00
GET      /product/[id]                                                                   1154     0(0.00%) |     84       7    1113     34 |   55.90        0.00
POST     /setCurrency                                                                     228     0(0.00%) |    112      14    1099     68 |   11.80        0.00
--------|----------------------------------------------------------------------------|-------|-------------|-------|-------|-------|-------|--------|-----------
         Aggregated                                                                      2270     0(0.00%) |     90       7    1113     44 |  112.40        0.00

Type     Name                                                                          # reqs      # fails |    Avg     Min     Max    Med |   req/s  failures/s
--------|----------------------------------------------------------------------------|-------|-------------|-------|-------|-------|-------|--------|-----------
GET      /                                                                                 66     0(0.00%) |    105      13     883     64 |    2.22        0.00
GET      /cart                                                                            316     0(0.00%) |     90       7     863     51 |   10.61        0.00
POST     /cart [add]                                                                      430     0(0.00%) |    112      11    1086     75 |   14.43        0.00
POST     /cart/checkout                                                                   166     0(0.00%) |    103      13    1007     68 |    5.57        0.00
GET      /product/[id]                                                                   1256     0(0.00%) |     95       7    1113     39 |   42.16        0.00
POST     /setCurrency                                                                     249     0(0.00%) |    120      14    1099     75 |    8.36        0.00
--------|----------------------------------------------------------------------------|-------|-------------|-------|-------|-------|-------|--------|-----------
         Aggregated                                                                      2483     0(0.00%) |    101       7    1113     53 |   83.35        0.00

Response time percentiles (approximated)
Type     Name                                                                                  50%    66%    75%    80%    90%    95%    98%    99%  99.9% 99.99%   100% # reqs
--------|--------------------------------------------------------------------------------|--------|------|------|------|------|------|------|------|------|------|------|------
GET      /                                                                                      71     89    130    150    210    320    480    880    880    880    880     66
GET      /cart                                                                                  51     87    110    140    220    310    430    660    860    860    860    316
POST     /cart [add]                                                                            76    100    130    160    250    370    640    830   1100   1100   1100    430
POST     /cart/checkout                                                                         68     95    120    170    270    310    430    450   1000   1000   1000    166
GET      /product/[id]                                                                          39     72     97    120    240    380    750    870   1000   1100   1100   1256
POST     /setCurrency                                                                           75    110    140    170    280    470    650    760   1100   1100   1100    249
--------|--------------------------------------------------------------------------------|--------|------|------|------|------|------|------|------|------|------|------|------
         Aggregated                                                                             53     87    110    140    240    370    650    840   1100   1100   1100   2483

