[10:36:51] ==============================================
[10:36:51] C3 EXAUSTIVO — todos stateless ×3
[10:36:51] Níveis: 150 200 250
[10:36:51] Resultados em: cenarios_ob_c3_exaustivo
[10:36:51] ==============================================
[10:36:51] A verificar pré-requisitos...
[10:36:51] Locust: /Users/edias/Library/Python/3.9/bin/locust
[10:36:51] Pré-requisitos OK
[10:36:51] loadgenerator pausado
[10:36:51] === C3: todos stateless → 3 réplicas; redis-cart mantém 1 ===
[10:36:52] C3 configurado (todos stateless ×3; redis-cart ×1)
[10:36:53] Baseline capturado em cenarios_ob_c3_exaustivo/baseline/
[10:36:53] locustfile.py criado (3 perfis)
[10:36:53] A iniciar monitorização contínua (10s) → cenarios_ob_c3_exaustivo/monitoring/pods_metrics.csv
[10:36:53] Monitor PID: 30698
[10:36:53] ========================================================
[10:36:53] C3 Exaustivo — 150 users (warm-up 30s + medição 120s)
[10:36:53] ========================================================
[10:36:54]   Warm-up: 30s...
[10:37:25]   Medição: 120s...
[10:39:26]   RESULTADO: p50=340ms  p90=1500ms  p99=2500ms  falhas=0(0.0%)  rps=109.05702394732978  [QUEBRA]
[10:39:26]   CPU/RAM após medição:
    adservice-574bff445c-dq4dw                         CPU=106m     RAM=282Mi
    adservice-574bff445c-jc7m4                         CPU=3m       RAM=181Mi
    adservice-574bff445c-tbr78                         CPU=4m       RAM=188Mi
    cartservice-765b6959c9-bcmfz                       CPU=98m      RAM=164Mi
    cartservice-765b6959c9-n6fwn                       CPU=111m     RAM=153Mi
    cartservice-765b6959c9-qnq65                       CPU=2m       RAM=111Mi
    checkoutservice-5b6d96c9b7-6fth9                   CPU=23m      RAM=22Mi
    checkoutservice-5b6d96c9b7-9bqv8                   CPU=23m      RAM=38Mi
    checkoutservice-5b6d96c9b7-j6swl                   CPU=1m       RAM=16Mi
    currencyservice-7c8fc8fc9c-9dtdc                   CPU=164m     RAM=114Mi
    currencyservice-7c8fc8fc9c-fknl8                   CPU=3m       RAM=85Mi
    currencyservice-7c8fc8fc9c-vt2gd                   CPU=195m     RAM=126Mi
    emailservice-66944ff59-8jhrl                       CPU=5m       RAM=56Mi
    emailservice-66944ff59-xd6ch                       CPU=21m      RAM=57Mi
    emailservice-66944ff59-xhss4                       CPU=8m       RAM=56Mi
    frontend-7bd6f45654-8lrp5                          CPU=176m     RAM=58Mi
    frontend-7bd6f45654-kpk99                          CPU=145m     RAM=32Mi
    frontend-7bd6f45654-zl99v                          CPU=198m     RAM=33Mi
    paymentservice-9bfb7bf5-gfxs2                      CPU=8m       RAM=127Mi
    paymentservice-9bfb7bf5-s8hj7                      CPU=9m       RAM=78Mi
    paymentservice-9bfb7bf5-t6d8q                      CPU=2m       RAM=80Mi
    productcatalogservice-65bbf699df-cv7w7             CPU=7m       RAM=20Mi
    productcatalogservice-65bbf699df-jvkg4             CPU=110m     RAM=22Mi
    productcatalogservice-65bbf699df-vsc98             CPU=113m     RAM=44Mi
    recommendationservice-7444754ff5-9t2qj             CPU=200m     RAM=56Mi
    recommendationservice-7444754ff5-fthxq             CPU=199m     RAM=57Mi
    redis-cart-c8ff86559-lhjtw                         CPU=14m      RAM=37Mi
    shippingservice-f956b6d9f-cdqmk                    CPU=19m      RAM=17Mi
    shippingservice-f956b6d9f-scpqb                    CPU=1m       RAM=16Mi
    shippingservice-f956b6d9f-z5rrl                    CPU=18m      RAM=33Mi
[10:39:26] *** QUEBRA DETECTADA a 150 users — a terminar ***
[10:39:26] Monitorização parada
[10:39:26] Resumo: cenarios_ob_c3_exaustivo/RESUMO_C3_exaustivo.txt
[10:39:26] 
[10:39:26] ==============================================
[10:39:26] C3 Exaustivo CONCLUÍDO — cenarios_ob_c3_exaustivo
[10:39:26] ==============================================
