/Users/edias/Library/Python/3.9/lib/python/site-packages/urllib3/__init__.py:35: NotOpenSSLWarning: urllib3 v2 only supports OpenSSL 1.1.1+, currently the 'ssl' module is compiled with 'LibreSSL 2.8.3'. See: https://github.com/urllib3/urllib3/issues/3020
  warnings.warn(
[2026-04-26 09:59:41,323] Mac/WARNING/locust.main: Python 3.9 support is deprecated and will be removed soon
Type     Name                                                                          # reqs      # fails |    Avg     Min     Max    Med |   req/s  failures/s
--------|----------------------------------------------------------------------------|-------|-------------|-------|-------|-------|-------|--------|-----------
--------|----------------------------------------------------------------------------|-------|-------------|-------|-------|-------|-------|--------|-----------
         Aggregated                                                                         0     0(0.00%) |      0       0       0      0 |    0.00        0.00

Type     Name                                                                          # reqs      # fails |    Avg     Min     Max    Med |   req/s  failures/s
--------|----------------------------------------------------------------------------|-------|-------------|-------|-------|-------|-------|--------|-----------
GET      /cart                                                                              3     0(0.00%) |     19      16      22     18 |    0.00        0.00
POST     /cart [add]                                                                        1     0(0.00%) |     18      18      18     18 |    0.00        0.00
POST     /cart/checkout                                                                     1     0(0.00%) |     20      20      20     20 |    0.00        0.00
GET      /product/[id]                                                                     15     0(0.00%) |     22      10      49     20 |    0.00        0.00
POST     /setCurrency                                                                       2     0(0.00%) |     18      18      18     18 |    0.00        0.00
--------|----------------------------------------------------------------------------|-------|-------------|-------|-------|-------|-------|--------|-----------
         Aggregated                                                                        22     0(0.00%) |     21      10      49     18 |    0.00        0.00

Type     Name                                                                          # reqs      # fails |    Avg     Min     Max    Med |   req/s  failures/s
--------|----------------------------------------------------------------------------|-------|-------------|-------|-------|-------|-------|--------|-----------
GET      /cart                                                                             13     0(0.00%) |     13       8      22     13 |    1.50        0.00
POST     /cart [add]                                                                       12     0(0.00%) |     15      12      21     15 |    0.00        0.00
POST     /cart/checkout                                                                     5     0(0.00%) |     26      14      49     23 |    0.00        0.00
GET      /product/[id]                                                                     37     0(0.00%) |     15       7      49     11 |    6.50        0.00
POST     /setCurrency                                                                      11     0(0.00%) |     18      16      21     18 |    0.00        0.00
--------|----------------------------------------------------------------------------|-------|-------------|-------|-------|-------|-------|--------|-----------
         Aggregated                                                                        78     0(0.00%) |     16       7      49     14 |    8.00        0.00

Type     Name                                                                          # reqs      # fails |    Avg     Min     Max    Med |   req/s  failures/s
--------|----------------------------------------------------------------------------|-------|-------------|-------|-------|-------|-------|--------|-----------
GET      /                                                                                  2     0(0.00%) |     16      15      17     16 |    0.00        0.00
GET      /cart                                                                             22     0(0.00%) |     11       7      22     10 |    3.00        0.00
POST     /cart [add]                                                                       26     0(0.00%) |     19      12      72     15 |    2.25        0.00
POST     /cart/checkout                                                                    13     0(0.00%) |     19      12      49     15 |    1.25        0.00
GET      /product/[id]                                                                     78     0(0.00%) |     14       7      62     11 |    8.00        0.00
POST     /setCurrency                                                                      22     0(0.00%) |     18      14      22     19 |    2.25        0.00
--------|----------------------------------------------------------------------------|-------|-------------|-------|-------|-------|-------|--------|-----------
         Aggregated                                                                       163     0(0.00%) |     16       7      72     14 |   16.75        0.00

Type     Name                                                                          # reqs      # fails |    Avg     Min     Max    Med |   req/s  failures/s
--------|----------------------------------------------------------------------------|-------|-------------|-------|-------|-------|-------|--------|-----------
GET      /                                                                                  3     0(0.00%) |     15      13      17     16 |    0.20        0.00
GET      /cart                                                                             26     0(0.00%) |     11       7      22     10 |    3.00        0.00
POST     /cart [add]                                                                       36     0(0.00%) |     19      11      72     15 |    3.00        0.00
POST     /cart/checkout                                                                    17     0(0.00%) |     18      12      49     15 |    1.60        0.00
GET      /product/[id]                                                                    115     0(0.00%) |     14       7      62     11 |    9.80        0.00
POST     /setCurrency                                                                      31     0(0.00%) |     20      14      74     19 |    3.20        0.00
--------|----------------------------------------------------------------------------|-------|-------------|-------|-------|-------|-------|--------|-----------
         Aggregated                                                                       228     0(0.00%) |     15       7      74     13 |   20.80        0.00

Type     Name                                                                          # reqs      # fails |    Avg     Min     Max    Med |   req/s  failures/s
--------|----------------------------------------------------------------------------|-------|-------------|-------|-------|-------|-------|--------|-----------
GET      /                                                                                  4     0(0.00%) |    202      13     763     16 |    0.38        0.00
GET      /cart                                                                             32     0(0.00%) |     64       7     861     12 |    3.25        0.00
POST     /cart [add]                                                                       45     0(0.00%) |    152      11    1704     16 |    4.50        0.00
POST     /cart/checkout                                                                    21     0(0.00%) |     32      12     156     17 |    2.12        0.00
GET      /product/[id]                                                                    157     0(0.00%) |     97       7     899     12 |   14.38        0.00
POST     /setCurrency                                                                      42     0(0.00%) |    116      14     898     20 |    3.88        0.00
--------|----------------------------------------------------------------------------|-------|-------------|-------|-------|-------|-------|--------|-----------
         Aggregated                                                                       301     0(0.00%) |    101       7    1704     15 |   28.50        0.00

Type     Name                                                                          # reqs      # fails |    Avg     Min     Max    Med |   req/s  failures/s
--------|----------------------------------------------------------------------------|-------|-------------|-------|-------|-------|-------|--------|-----------
GET      /                                                                                  5     0(0.00%) |    314      13     763     18 |    0.40        0.00
GET      /cart                                                                             41     0(0.00%) |    171       7     953     13 |    3.00        0.00
POST     /cart [add]                                                                       54     0(0.00%) |    193      11    1704     18 |    4.10        0.00
POST     /cart/checkout                                                                    25     0(0.00%) |     62      12     669     19 |    2.00        0.00
GET      /product/[id]                                                                    190     0(0.00%) |    139       7     899     14 |   14.10        0.00
POST     /setCurrency                                                                      49     0(0.00%) |    242      14    1679     21 |    3.90        0.00
--------|----------------------------------------------------------------------------|-------|-------------|-------|-------|-------|-------|--------|-----------
         Aggregated                                                                       364     0(0.00%) |    161       7    1704     17 |   27.50        0.00

Type     Name                                                                          # reqs      # fails |    Avg     Min     Max    Med |   req/s  failures/s
--------|----------------------------------------------------------------------------|-------|-------------|-------|-------|-------|-------|--------|-----------
GET      /                                                                                  7     0(0.00%) |    244      13     763     62 |    0.40        0.00
GET      /cart                                                                             74     0(0.00%) |    116       7     953     22 |    3.50        0.00
POST     /cart [add]                                                                       79     0(0.00%) |    149      11    1704     24 |    4.70        0.00
POST     /cart/checkout                                                                    33     0(0.00%) |     63      12     669     20 |    2.10        0.00
GET      /product/[id]                                                                    273     0(0.00%) |    112       7     899     25 |   16.40        0.00
POST     /setCurrency                                                                      65     0(0.00%) |    198      14    1679     22 |    4.20        0.00
--------|----------------------------------------------------------------------------|-------|-------------|-------|-------|-------|-------|--------|-----------
         Aggregated                                                                       531     0(0.00%) |    127       7    1704     24 |   31.30        0.00

Type     Name                                                                          # reqs      # fails |    Avg     Min     Max    Med |   req/s  failures/s
--------|----------------------------------------------------------------------------|-------|-------------|-------|-------|-------|-------|--------|-----------
GET      /                                                                                 10     0(0.00%) |    213      13     763     62 |    0.70        0.00
GET      /cart                                                                             98     0(0.00%) |    103       7     953     40 |    5.50        0.00
POST     /cart [add]                                                                      109     0(0.00%) |    136      11    1704     50 |    6.50        0.00
POST     /cart/checkout                                                                    47     0(0.00%) |     74      12     669     56 |    2.70        0.00
GET      /product/[id]                                                                    356     0(0.00%) |    103       7     899     38 |   22.50        0.00
POST     /setCurrency                                                                      83     0(0.00%) |    176      14    1679     49 |    5.50        0.00
--------|----------------------------------------------------------------------------|-------|-------------|-------|-------|-------|-------|--------|-----------
         Aggregated                                                                       703     0(0.00%) |    116       7    1704     43 |   43.40        0.00

Type     Name                                                                          # reqs      # fails |    Avg     Min     Max    Med |   req/s  failures/s
--------|----------------------------------------------------------------------------|-------|-------------|-------|-------|-------|-------|--------|-----------
GET      /                                                                                 16     0(0.00%) |    181      13     763     81 |    0.80        0.00
GET      /cart                                                                            113     0(0.00%) |     97       7     953     45 |    7.40        0.00
POST     /cart [add]                                                                      132     0(0.00%) |    129      11    1704     58 |    7.90        0.00
POST     /cart/checkout                                                                    53     0(0.00%) |     72      12     669     56 |    3.10        0.00
GET      /product/[id]                                                                    462     0(0.00%) |     98       7     899     51 |   27.50        0.00
POST     /setCurrency                                                                     102     0(0.00%) |    165      14    1679     57 |    5.90        0.00
--------|----------------------------------------------------------------------------|-------|-------------|-------|-------|-------|-------|--------|-----------
         Aggregated                                                                       878     0(0.00%) |    110       7    1704     53 |   52.60        0.00

Type     Name                                                                          # reqs      # fails |    Avg     Min     Max    Med |   req/s  failures/s
--------|----------------------------------------------------------------------------|-------|-------------|-------|-------|-------|-------|--------|-----------
GET      /                                                                                 19     0(0.00%) |    201      13     763     95 |    1.30        0.00
GET      /cart                                                                            141     0(0.00%) |    138       7     953     53 |    8.70        0.00
POST     /cart [add]                                                                      156     0(0.00%) |    152      11    1704     83 |    9.50        0.00
POST     /cart/checkout                                                                    64     0(0.00%) |    100      12     885     85 |    3.60        0.00
GET      /product/[id]                                                                    529     0(0.00%) |    120       7     899     62 |   33.70        0.00
POST     /setCurrency                                                                     115     0(0.00%) |    172      14    1679     76 |    6.70        0.00
--------|----------------------------------------------------------------------------|-------|-------------|-------|-------|-------|-------|--------|-----------
         Aggregated                                                                      1024     0(0.00%) |    133       7    1704     66 |   63.50        0.00

Type     Name                                                                          # reqs      # fails |    Avg     Min     Max    Med |   req/s  failures/s
--------|----------------------------------------------------------------------------|-------|-------------|-------|-------|-------|-------|--------|-----------
GET      /                                                                                 25     0(0.00%) |    198      13     763    130 |    1.50        0.00
GET      /cart                                                                            160     0(0.00%) |    143       7     953     66 |   10.70        0.00
POST     /cart [add]                                                                      182     0(0.00%) |    157      11    1704     94 |   11.00        0.00
POST     /cart/checkout                                                                    74     0(0.00%) |    115      12     885     91 |    4.30        0.00
GET      /product/[id]                                                                    630     0(0.00%) |    130       7     899     82 |   37.30        0.00
POST     /setCurrency                                                                     126     0(0.00%) |    170      14    1679     82 |    7.50        0.00
--------|----------------------------------------------------------------------------|-------|-------------|-------|-------|-------|-------|--------|-----------
         Aggregated                                                                      1197     0(0.00%) |    141       7    1704     84 |   72.30        0.00

Type     Name                                                                          # reqs      # fails |    Avg     Min     Max    Med |   req/s  failures/s
--------|----------------------------------------------------------------------------|-------|-------------|-------|-------|-------|-------|--------|-----------
GET      /                                                                                 32     0(0.00%) |    177      13     763    110 |    2.00        0.00
GET      /cart                                                                            182     0(0.00%) |    151       7     953     76 |   11.80        0.00
POST     /cart [add]                                                                      218     0(0.00%) |    171      11    1704    110 |   13.50        0.00
POST     /cart/checkout                                                                    87     0(0.00%) |    131      12     885     97 |    5.10        0.00
GET      /product/[id]                                                                    735     0(0.00%) |    142       7     899     99 |   44.10        0.00
POST     /setCurrency                                                                     140     0(0.00%) |    168      14    1679     91 |    8.30        0.00
--------|----------------------------------------------------------------------------|-------|-------------|-------|-------|-------|-------|--------|-----------
         Aggregated                                                                      1394     0(0.00%) |    151       7    1704     97 |   84.80        0.00

Type     Name                                                                          # reqs      # fails |    Avg     Min     Max    Med |   req/s  failures/s
--------|----------------------------------------------------------------------------|-------|-------------|-------|-------|-------|-------|--------|-----------
GET      /                                                                                 33     0(0.00%) |    176      13     763    130 |    2.40        0.00
GET      /cart                                                                            207     0(0.00%) |    158       7     953     89 |   11.00        0.00
POST     /cart [add]                                                                      251     0(0.00%) |    182      11    1704    130 |   14.10        0.00
POST     /cart/checkout                                                                   103     0(0.00%) |    149      12     885    100 |    5.30        0.00
GET      /product/[id]                                                                    827     0(0.00%) |    152       7     899    120 |   45.30        0.00
POST     /setCurrency                                                                     169     0(0.00%) |    163      14    1679    100 |    7.20        0.00
--------|----------------------------------------------------------------------------|-------|-------------|-------|-------|-------|-------|--------|-----------
         Aggregated                                                                      1590     0(0.00%) |    159       7    1704    110 |   85.30        0.00

Type     Name                                                                          # reqs      # fails |    Avg     Min     Max    Med |   req/s  failures/s
--------|----------------------------------------------------------------------------|-------|-------------|-------|-------|-------|-------|--------|-----------
GET      /                                                                                 36     0(0.00%) |    198      13     763    130 |    2.30        0.00
GET      /cart                                                                            230     0(0.00%) |    167       7     953    110 |   11.10        0.00
POST     /cart [add]                                                                      281     0(0.00%) |    210      11    1704    150 |   14.40        0.00
POST     /cart/checkout                                                                   111     0(0.00%) |    159      12     899    100 |    5.60        0.00
GET      /product/[id]                                                                    903     0(0.00%) |    165       7     899    130 |   46.20        0.00
POST     /setCurrency                                                                     189     0(0.00%) |    169      14    1679    120 |    8.20        0.00
--------|----------------------------------------------------------------------------|-------|-------------|-------|-------|-------|-------|--------|-----------
         Aggregated                                                                      1750     0(0.00%) |    173       7    1704    130 |   87.80        0.00

Type     Name                                                                          # reqs      # fails |    Avg     Min     Max    Med |   req/s  failures/s
--------|----------------------------------------------------------------------------|-------|-------------|-------|-------|-------|-------|--------|-----------
GET      /                                                                                 40     0(0.00%) |    203      13     763    140 |    1.34        0.00
GET      /cart                                                                            255     0(0.00%) |    169       7     953    130 |    8.56        0.00
POST     /cart [add]                                                                      311     0(0.00%) |    215      11    1704    160 |   10.44        0.00
POST     /cart/checkout                                                                   121     0(0.00%) |    163      12     899    120 |    4.06        0.00
GET      /product/[id]                                                                    988     0(0.00%) |    166       7     899    130 |   33.16        0.00
POST     /setCurrency                                                                     213     0(0.00%) |    177      14    1679    130 |    7.15        0.00
--------|----------------------------------------------------------------------------|-------|-------------|-------|-------|-------|-------|--------|-----------
         Aggregated                                                                      1928     0(0.00%) |    176       7    1704    140 |   64.71        0.00

Response time percentiles (approximated)
Type     Name                                                                                  50%    66%    75%    80%    90%    95%    98%    99%  99.9% 99.99%   100% # reqs
--------|--------------------------------------------------------------------------------|--------|------|------|------|------|------|------|------|------|------|------|------
GET      /                                                                                     150    210    250    260    630    760    760    760    760    760    760     40
GET      /cart                                                                                 130    190    220    250    370    570    690    860    950    950    950    255
POST     /cart [add]                                                                           160    210    270    290    390    800    980   1000   1700   1700   1700    311
POST     /cart/checkout                                                                        120    200    200    230    300    370    670    890    900    900    900    121
GET      /product/[id]                                                                         130    180    220    240    330    510    700    770    900    900    900    988
POST     /setCurrency                                                                          130    180    210    240    290    570    900   1300   1700   1700   1700    213
--------|--------------------------------------------------------------------------------|--------|------|------|------|------|------|------|------|------|------|------|------
         Aggregated                                                                            140    190    230    250    340    540    760    900   1700   1700   1700   1928

