/Users/edias/Library/Python/3.9/lib/python/site-packages/urllib3/__init__.py:35: NotOpenSSLWarning: urllib3 v2 only supports OpenSSL 1.1.1+, currently the 'ssl' module is compiled with 'LibreSSL 2.8.3'. See: https://github.com/urllib3/urllib3/issues/3020
  warnings.warn(
[2026-04-19 17:00:59,571] Mac/WARNING/locust.main: Python 3.9 support is deprecated and will be removed soon
Type     Name                     # reqs      # fails |    Avg     Min     Max    Med |   req/s  failures/s
--------|-----------------------|-------|-------------|-------|-------|-------|-------|--------|-----------
--------|-----------------------|-------|-------------|-------|-------|-------|-------|--------|-----------
         Aggregated                    0     0(0.00%) |      0       0       0      0 |    0.00        0.00

Type     Name                     # reqs      # fails |    Avg     Min     Max    Med |   req/s  failures/s
--------|-----------------------|-------|-------------|-------|-------|-------|-------|--------|-----------
POST     /cart [add]                   2     0(0.00%) |     31      27      34     28 |    0.00        0.00
GET      /product/[id]                 1     0(0.00%) |     35      35      35     35 |    0.00        0.00
POST     /setCurrency                  1     0(0.00%) |     45      45      45     45 |    0.00        0.00
--------|-----------------------|-------|-------------|-------|-------|-------|-------|--------|-----------
         Aggregated                    4     0(0.00%) |     35      27      45     35 |    0.00        0.00

Type     Name                     # reqs      # fails |    Avg     Min     Max    Med |   req/s  failures/s
--------|-----------------------|-------|-------------|-------|-------|-------|-------|--------|-----------
GET      /cart                         1     0(0.00%) |     24      24      24     24 |    0.00        0.00
POST     /cart [add]                   4     0(0.00%) |     27      19      34     27 |    1.00        0.00
POST     /cart/checkout                1     0(0.00%) |     19      19      19     19 |    0.00        0.00
GET      /product/[id]                 4     0(0.00%) |     27      23      35     24 |    1.00        0.00
POST     /setCurrency                  2     0(0.00%) |     40      34      45     35 |    0.00        0.00
--------|-----------------------|-------|-------------|-------|-------|-------|-------|--------|-----------
         Aggregated                   12     0(0.00%) |     28      19      45     27 |    2.00        0.00

Type     Name                     # reqs      # fails |    Avg     Min     Max    Med |   req/s  failures/s
--------|-----------------------|-------|-------------|-------|-------|-------|-------|--------|-----------
GET      /cart                         2     0(0.00%) |     25      24      26     24 |    0.25        0.00
POST     /cart [add]                   4     0(0.00%) |     27      19      34     27 |    1.00        0.00
POST     /cart/checkout                1     0(0.00%) |     19      19      19     19 |    0.25        0.00
GET      /product/[id]                 9     0(0.00%) |     25      18      35     24 |    1.00        0.00
POST     /setCurrency                  4     0(0.00%) |     35      30      45     31 |    0.50        0.00
--------|-----------------------|-------|-------------|-------|-------|-------|-------|--------|-----------
         Aggregated                   20     0(0.00%) |     27      18      45     26 |    3.00        0.00

Type     Name                     # reqs      # fails |    Avg     Min     Max    Med |   req/s  failures/s
--------|-----------------------|-------|-------------|-------|-------|-------|-------|--------|-----------
GET      /cart                         3     0(0.00%) |     20      12      26     24 |    0.40        0.00
POST     /cart [add]                   4     0(0.00%) |     27      19      34     27 |    0.80        0.00
POST     /cart/checkout                1     0(0.00%) |     19      19      19     19 |    0.20        0.00
GET      /product/[id]                16     0(0.00%) |     22      12      35     23 |    1.20        0.00
POST     /setCurrency                  5     0(0.00%) |     35      30      45     35 |    0.40        0.00
--------|-----------------------|-------|-------------|-------|-------|-------|-------|--------|-----------
         Aggregated                   29     0(0.00%) |     25      12      45     25 |    3.00        0.00

Type     Name                     # reqs      # fails |    Avg     Min     Max    Med |   req/s  failures/s
--------|-----------------------|-------|-------------|-------|-------|-------|-------|--------|-----------
GET      /                             1     0(0.00%) |     27      27      27     27 |    0.00        0.00
GET      /cart                         4     0(0.00%) |     19      12      26     14 |    0.38        0.00
POST     /cart [add]                   6     0(0.00%) |     29      19      35     28 |    0.50        0.00
POST     /cart/checkout                3     0(0.00%) |     24      19      31     21 |    0.12        0.00
GET      /product/[id]                23     0(0.00%) |     23      10      55     23 |    2.00        0.00
POST     /setCurrency                  6     0(0.00%) |     33      18      45     31 |    0.62        0.00
--------|-----------------------|-------|-------------|-------|-------|-------|-------|--------|-----------
         Aggregated                   43     0(0.00%) |     25      10      55     24 |    3.62        0.00

Type     Name                     # reqs      # fails |    Avg     Min     Max    Med |   req/s  failures/s
--------|-----------------------|-------|-------------|-------|-------|-------|-------|--------|-----------
GET      /                             2     0(0.00%) |     24      20      27     21 |    0.10        0.00
GET      /cart                         5     0(0.00%) |     20      12      26     24 |    0.40        0.00
POST     /cart [add]                   9     0(0.00%) |     27      14      35     28 |    0.60        0.00
POST     /cart/checkout                3     0(0.00%) |     24      19      31     21 |    0.30        0.00
GET      /product/[id]                34     0(0.00%) |     22       9      55     22 |    2.10        0.00
POST     /setCurrency                  8     0(0.00%) |     29      17      45     31 |    0.50        0.00
--------|-----------------------|-------|-------------|-------|-------|-------|-------|--------|-----------
         Aggregated                   61     0(0.00%) |     24       9      55     24 |    4.00        0.00

Type     Name                     # reqs      # fails |    Avg     Min     Max    Med |   req/s  failures/s
--------|-----------------------|-------|-------------|-------|-------|-------|-------|--------|-----------
GET      /                             2     0(0.00%) |     24      20      27     21 |    0.20        0.00
GET      /cart                         6     0(0.00%) |     19      12      26     14 |    0.40        0.00
POST     /cart [add]                  11     0(0.00%) |     27      14      35     28 |    0.60        0.00
POST     /cart/checkout                3     0(0.00%) |     24      19      31     21 |    0.30        0.00
GET      /product/[id]                39     0(0.00%) |     21       9      55     19 |    2.90        0.00
POST     /setCurrency                  9     0(0.00%) |     28      17      45     31 |    0.70        0.00
--------|-----------------------|-------|-------------|-------|-------|-------|-------|--------|-----------
         Aggregated                   70     0(0.00%) |     23       9      55     23 |    5.10        0.00

Type     Name                     # reqs      # fails |    Avg     Min     Max    Med |   req/s  failures/s
--------|-----------------------|-------|-------------|-------|-------|-------|-------|--------|-----------
GET      /                             2     0(0.00%) |     24      20      27     21 |    0.20        0.00
GET      /cart                         7     0(0.00%) |     17       9      26     14 |    0.50        0.00
POST     /cart [add]                  15     0(0.00%) |     26      14      35     28 |    0.70        0.00
POST     /cart/checkout                4     0(0.00%) |     22      15      31     20 |    0.20        0.00
GET      /product/[id]                47     0(0.00%) |     21       9      55     19 |    3.20        0.00
POST     /setCurrency                 10     0(0.00%) |     28      17      45     25 |    0.60        0.00
--------|-----------------------|-------|-------------|-------|-------|-------|-------|--------|-----------
         Aggregated                   85     0(0.00%) |     22       9      55     23 |    5.40        0.00

Type     Name                     # reqs      # fails |    Avg     Min     Max    Med |   req/s  failures/s
--------|-----------------------|-------|-------------|-------|-------|-------|-------|--------|-----------
GET      /                             2     0(0.00%) |     24      20      27     21 |    0.20        0.00
GET      /cart                        10     0(0.00%) |     16       9      26     13 |    0.40        0.00
POST     /cart [add]                  17     0(0.00%) |     25      14      35     27 |    0.80        0.00
POST     /cart/checkout                5     0(0.00%) |     20      15      31     20 |    0.20        0.00
GET      /product/[id]                53     0(0.00%) |     20       9      55     19 |    4.00        0.00
POST     /setCurrency                 12     0(0.00%) |     27      17      45     25 |    0.50        0.00
--------|-----------------------|-------|-------------|-------|-------|-------|-------|--------|-----------
         Aggregated                   99     0(0.00%) |     21       9      55     21 |    6.10        0.00

Type     Name                     # reqs      # fails |    Avg     Min     Max    Med |   req/s  failures/s
--------|-----------------------|-------|-------------|-------|-------|-------|-------|--------|-----------
GET      /                             3     0(0.00%) |     21      17      27     21 |    0.20        0.00
GET      /cart                        11     0(0.00%) |     17       9      26     14 |    0.60        0.00
POST     /cart [add]                  19     0(0.00%) |     25      14      35     27 |    1.20        0.00
POST     /cart/checkout                5     0(0.00%) |     20      15      31     20 |    0.30        0.00
GET      /product/[id]                57     0(0.00%) |     20       9      55     18 |    3.40        0.00
POST     /setCurrency                 13     0(0.00%) |     27      17      45     25 |    0.60        0.00
--------|-----------------------|-------|-------------|-------|-------|-------|-------|--------|-----------
         Aggregated                  108     0(0.00%) |     21       9      55     21 |    6.30        0.00

Type     Name                     # reqs      # fails |    Avg     Min     Max    Med |   req/s  failures/s
--------|-----------------------|-------|-------------|-------|-------|-------|-------|--------|-----------
GET      /                             3     0(0.00%) |     21      17      27     21 |    0.20        0.00
GET      /cart                        11     0(0.00%) |     17       9      26     14 |    0.70        0.00
POST     /cart [add]                  23     0(0.00%) |     25      14      35     27 |    1.20        0.00
POST     /cart/checkout                6     0(0.00%) |     21      15      31     20 |    0.20        0.00
GET      /product/[id]                64     0(0.00%) |     20       9      55     18 |    3.60        0.00
POST     /setCurrency                 13     0(0.00%) |     27      17      45     25 |    0.80        0.00
--------|-----------------------|-------|-------------|-------|-------|-------|-------|--------|-----------
         Aggregated                  120     0(0.00%) |     21       9      55     21 |    6.70        0.00

Type     Name                     # reqs      # fails |    Avg     Min     Max    Med |   req/s  failures/s
--------|-----------------------|-------|-------------|-------|-------|-------|-------|--------|-----------
GET      /                             3     0(0.00%) |     21      17      27     21 |    0.10        0.00
GET      /cart                        13     0(0.00%) |     16       9      26     14 |    0.70        0.00
POST     /cart [add]                  24     0(0.00%) |     25      14      35     27 |    1.40        0.00
POST     /cart/checkout                7     0(0.00%) |     21      15      31     21 |    0.30        0.00
GET      /product/[id]                71     0(0.00%) |     20       9      55     18 |    3.30        0.00
POST     /setCurrency                 15     0(0.00%) |     26      17      45     25 |    0.50        0.00
--------|-----------------------|-------|-------------|-------|-------|-------|-------|--------|-----------
         Aggregated                  133     0(0.00%) |     21       9      55     21 |    6.30        0.00

Type     Name                     # reqs      # fails |    Avg     Min     Max    Med |   req/s  failures/s
--------|-----------------------|-------|-------------|-------|-------|-------|-------|--------|-----------
GET      /                             3     0(0.00%) |     21      17      27     21 |    0.10        0.00
GET      /cart                        15     0(0.00%) |     15       9      26     13 |    0.60        0.00
POST     /cart [add]                  26     0(0.00%) |     25      14      35     27 |    1.20        0.00
POST     /cart/checkout                9     0(0.00%) |     23      15      40     21 |    0.30        0.00
GET      /product/[id]                80     0(0.00%) |     19       9      55     18 |    3.40        0.00
POST     /setCurrency                 17     0(0.00%) |     26      17      45     25 |    0.70        0.00
--------|-----------------------|-------|-------------|-------|-------|-------|-------|--------|-----------
         Aggregated                  150     0(0.00%) |     21       9      55     21 |    6.30        0.00

Type     Name                     # reqs      # fails |    Avg     Min     Max    Med |   req/s  failures/s
--------|-----------------------|-------|-------------|-------|-------|-------|-------|--------|-----------
GET      /                             3     0(0.00%) |     21      17      27     21 |    0.10        0.00
GET      /cart                        15     0(0.00%) |     15       9      26     13 |    0.90        0.00
POST     /cart [add]                  27     0(0.00%) |     25      14      35     27 |    1.40        0.00
POST     /cart/checkout               10     0(0.00%) |     23      15      40     21 |    0.60        0.00
GET      /product/[id]                87     0(0.00%) |     19       9      55     18 |    3.10        0.00
POST     /setCurrency                 18     0(0.00%) |     26      17      45     23 |    0.60        0.00
--------|-----------------------|-------|-------------|-------|-------|-------|-------|--------|-----------
         Aggregated                  160     0(0.00%) |     21       9      55     21 |    6.70        0.00

Type     Name                     # reqs      # fails |    Avg     Min     Max    Med |   req/s  failures/s
--------|-----------------------|-------|-------------|-------|-------|-------|-------|--------|-----------
GET      /                             3     0(0.00%) |     21      17      27     21 |    0.10        0.00
GET      /cart                        17     0(0.00%) |     16       9      26     14 |    0.70        0.00
POST     /cart [add]                  27     0(0.00%) |     25      14      35     27 |    1.10        0.00
POST     /cart/checkout               10     0(0.00%) |     23      15      40     21 |    0.50        0.00
GET      /product/[id]                94     0(0.00%) |     19       9      55     17 |    3.10        0.00
POST     /setCurrency                 19     0(0.00%) |     26      17      45     25 |    0.70        0.00
--------|-----------------------|-------|-------------|-------|-------|-------|-------|--------|-----------
         Aggregated                  170     0(0.00%) |     21       9      55     21 |    6.20        0.00

Type     Name                     # reqs      # fails |    Avg     Min     Max    Med |   req/s  failures/s
--------|-----------------------|-------|-------------|-------|-------|-------|-------|--------|-----------
GET      /                             3     0(0.00%) |     21      17      27     21 |    0.00        0.00
GET      /cart                        21     0(0.00%) |     16       9      28     14 |    0.60        0.00
POST     /cart [add]                  30     0(0.00%) |     25      14      35     25 |    0.90        0.00
POST     /cart/checkout               12     0(0.00%) |     23      15      40     21 |    0.50        0.00
GET      /product/[id]                99     0(0.00%) |     19       9      55     18 |    3.70        0.00
POST     /setCurrency                 21     0(0.00%) |     27      14      46     25 |    0.60        0.00
--------|-----------------------|-------|-------------|-------|-------|-------|-------|--------|-----------
         Aggregated                  186     0(0.00%) |     21       9      55     21 |    6.30        0.00

Type     Name                     # reqs      # fails |    Avg     Min     Max    Med |   req/s  failures/s
--------|-----------------------|-------|-------------|-------|-------|-------|-------|--------|-----------
GET      /                             4     0(0.00%) |     24      17      31     21 |    0.00        0.00
GET      /cart                        21     0(0.00%) |     16       9      28     14 |    0.90        0.00
POST     /cart [add]                  31     0(0.00%) |     24      14      35     25 |    0.70        0.00
POST     /cart/checkout               12     0(0.00%) |     23      15      40     21 |    0.50        0.00
GET      /product/[id]               109     0(0.00%) |     18       9      55     18 |    3.50        0.00
POST     /setCurrency                 21     0(0.00%) |     27      14      46     25 |    0.70        0.00
--------|-----------------------|-------|-------------|-------|-------|-------|-------|--------|-----------
         Aggregated                  198     0(0.00%) |     20       9      55     20 |    6.30        0.00

Type     Name                     # reqs      # fails |    Avg     Min     Max    Med |   req/s  failures/s
--------|-----------------------|-------|-------------|-------|-------|-------|-------|--------|-----------
GET      /                             4     0(0.00%) |     24      17      31     21 |    0.10        0.00
GET      /cart                        22     0(0.00%) |     16       8      28     13 |    0.90        0.00
POST     /cart [add]                  34     0(0.00%) |     24      12      35     24 |    0.80        0.00
POST     /cart/checkout               12     0(0.00%) |     23      15      40     21 |    0.60        0.00
GET      /product/[id]               116     0(0.00%) |     18       9      55     17 |    3.60        0.00
POST     /setCurrency                 22     0(0.00%) |     26      14      46     23 |    0.60        0.00
--------|-----------------------|-------|-------------|-------|-------|-------|-------|--------|-----------
         Aggregated                  210     0(0.00%) |     20       8      55     20 |    6.60        0.00

Type     Name                     # reqs      # fails |    Avg     Min     Max    Med |   req/s  failures/s
--------|-----------------------|-------|-------------|-------|-------|-------|-------|--------|-----------
GET      /                             4     0(0.00%) |     24      17      31     21 |    0.10        0.00
GET      /cart                        24     0(0.00%) |     16       8      28     13 |    0.70        0.00
POST     /cart [add]                  36     0(0.00%) |     24      12      35     24 |    0.70        0.00
POST     /cart/checkout               12     0(0.00%) |     23      15      40     21 |    0.30        0.00
GET      /product/[id]               127     0(0.00%) |     18       9      55     16 |    3.60        0.00
POST     /setCurrency                 24     0(0.00%) |     26      14      46     22 |    0.60        0.00
--------|-----------------------|-------|-------------|-------|-------|-------|-------|--------|-----------
         Aggregated                  227     0(0.00%) |     20       8      55     19 |    6.00        0.00

Type     Name                     # reqs      # fails |    Avg     Min     Max    Med |   req/s  failures/s
--------|-----------------------|-------|-------------|-------|-------|-------|-------|--------|-----------
GET      /                             4     0(0.00%) |     24      17      31     21 |    0.10        0.00
GET      /cart                        28     0(0.00%) |     17       8      38     14 |    0.70        0.00
POST     /cart [add]                  39     0(0.00%) |     23      12      35     24 |    0.80        0.00
POST     /cart/checkout               14     0(0.00%) |     22      15      40     21 |    0.30        0.00
GET      /product/[id]               131     0(0.00%) |     18       9      55     17 |    4.00        0.00
POST     /setCurrency                 25     0(0.00%) |     25      14      46     22 |    0.50        0.00
--------|-----------------------|-------|-------------|-------|-------|-------|-------|--------|-----------
         Aggregated                  241     0(0.00%) |     20       8      55     19 |    6.40        0.00

Type     Name                     # reqs      # fails |    Avg     Min     Max    Med |   req/s  failures/s
--------|-----------------------|-------|-------------|-------|-------|-------|-------|--------|-----------
GET      /                             4     0(0.00%) |     24      17      31     21 |    0.10        0.00
GET      /cart                        30     0(0.00%) |     17       8      38     14 |    1.00        0.00
POST     /cart [add]                  44     0(0.00%) |     23      12      35     23 |    1.00        0.00
POST     /cart/checkout               14     0(0.00%) |     22      15      40     21 |    0.30        0.00
GET      /product/[id]               138     0(0.00%) |     18       9      55     16 |    3.60        0.00
POST     /setCurrency                 25     0(0.00%) |     25      14      46     22 |    0.60        0.00
--------|-----------------------|-------|-------------|-------|-------|-------|-------|--------|-----------
         Aggregated                  255     0(0.00%) |     20       8      55     19 |    6.60        0.00

Type     Name                     # reqs      # fails |    Avg     Min     Max    Med |   req/s  failures/s
--------|-----------------------|-------|-------------|-------|-------|-------|-------|--------|-----------
GET      /                             4     0(0.00%) |     24      17      31     21 |    0.10        0.00
GET      /cart                        34     0(0.00%) |     17       8      38     16 |    0.90        0.00
POST     /cart [add]                  44     0(0.00%) |     23      12      35     23 |    1.40        0.00
POST     /cart/checkout               14     0(0.00%) |     22      15      40     21 |    0.30        0.00
GET      /product/[id]               146     0(0.00%) |     18       9      55     16 |    3.90        0.00
POST     /setCurrency                 25     0(0.00%) |     25      14      46     22 |    0.50        0.00
--------|-----------------------|-------|-------------|-------|-------|-------|-------|--------|-----------
         Aggregated                  267     0(0.00%) |     20       8      55     19 |    7.10        0.00

Type     Name                     # reqs      # fails |    Avg     Min     Max    Med |   req/s  failures/s
--------|-----------------------|-------|-------------|-------|-------|-------|-------|--------|-----------
GET      /                             4     0(0.00%) |     24      17      31     21 |    0.00        0.00
GET      /cart                        36     0(0.00%) |     17       8      38     14 |    1.10        0.00
POST     /cart [add]                  46     0(0.00%) |     23      12      35     22 |    1.30        0.00
POST     /cart/checkout               15     0(0.00%) |     22      13      40     21 |    0.20        0.00
GET      /product/[id]               152     0(0.00%) |     18       9      55     16 |    3.70        0.00
POST     /setCurrency                 29     0(0.00%) |     25      14      46     22 |    0.40        0.00
--------|-----------------------|-------|-------------|-------|-------|-------|-------|--------|-----------
         Aggregated                  282     0(0.00%) |     19       8      55     19 |    6.70        0.00

Type     Name                     # reqs      # fails |    Avg     Min     Max    Med |   req/s  failures/s
--------|-----------------------|-------|-------------|-------|-------|-------|-------|--------|-----------
GET      /                             4     0(0.00%) |     24      17      31     21 |    0.00        0.00
GET      /cart                        38     0(0.00%) |     17       8      38     14 |    1.30        0.00
POST     /cart [add]                  47     0(0.00%) |     22      12      35     22 |    1.20        0.00
POST     /cart/checkout               15     0(0.00%) |     22      13      40     21 |    0.20        0.00
GET      /product/[id]               156     0(0.00%) |     18       9      55     16 |    3.60        0.00
POST     /setCurrency                 30     0(0.00%) |     25      14      46     22 |    0.70        0.00
--------|-----------------------|-------|-------------|-------|-------|-------|-------|--------|-----------
         Aggregated                  290     0(0.00%) |     19       8      55     19 |    7.00        0.00

Type     Name                     # reqs      # fails |    Avg     Min     Max    Med |   req/s  failures/s
--------|-----------------------|-------|-------------|-------|-------|-------|-------|--------|-----------
GET      /                             4     0(0.00%) |     24      17      31     21 |    0.00        0.00
GET      /cart                        41     0(0.00%) |     17       8      38     16 |    1.60        0.00
POST     /cart [add]                  48     0(0.00%) |     23      12      35     22 |    1.20        0.00
POST     /cart/checkout               15     0(0.00%) |     22      13      40     21 |    0.30        0.00
GET      /product/[id]               168     0(0.00%) |     18       9      55     16 |    3.00        0.00
POST     /setCurrency                 32     0(0.00%) |     26      14      46     22 |    0.70        0.00
--------|-----------------------|-------|-------------|-------|-------|-------|-------|--------|-----------
         Aggregated                  308     0(0.00%) |     20       8      55     19 |    6.80        0.00

Type     Name                     # reqs      # fails |    Avg     Min     Max    Med |   req/s  failures/s
--------|-----------------------|-------|-------------|-------|-------|-------|-------|--------|-----------
GET      /                             4     0(0.00%) |     24      17      31     21 |    0.00        0.00
GET      /cart                        43     0(0.00%) |     17       8      38     16 |    1.20        0.00
POST     /cart [add]                  50     0(0.00%) |     23      12      35     22 |    1.00        0.00
POST     /cart/checkout               15     0(0.00%) |     22      13      40     21 |    0.20        0.00
GET      /product/[id]               175     0(0.00%) |     18       9      55     17 |    3.60        0.00
POST     /setCurrency                 33     0(0.00%) |     27      14      46     23 |    0.70        0.00
--------|-----------------------|-------|-------------|-------|-------|-------|-------|--------|-----------
         Aggregated                  320     0(0.00%) |     20       8      55     19 |    6.70        0.00

Type     Name                     # reqs      # fails |    Avg     Min     Max    Med |   req/s  failures/s
--------|-----------------------|-------|-------------|-------|-------|-------|-------|--------|-----------
GET      /                             4     0(0.00%) |     24      17      31     21 |    0.00        0.00
GET      /cart                        46     0(0.00%) |     17       8      38     16 |    1.40        0.00
POST     /cart [add]                  51     0(0.00%) |     23      12      35     22 |    0.50        0.00
POST     /cart/checkout               15     0(0.00%) |     22      13      40     21 |    0.10        0.00
GET      /product/[id]               180     0(0.00%) |     18       9      55     16 |    3.50        0.00
POST     /setCurrency                 35     0(0.00%) |     27      14      46     23 |    0.70        0.00
--------|-----------------------|-------|-------------|-------|-------|-------|-------|--------|-----------
         Aggregated                  331     0(0.00%) |     20       8      55     19 |    6.20        0.00

Type     Name                     # reqs      # fails |    Avg     Min     Max    Med |   req/s  failures/s
--------|-----------------------|-------|-------------|-------|-------|-------|-------|--------|-----------
GET      /                             4     0(0.00%) |     24      17      31     21 |    0.00        0.00
GET      /cart                        48     0(0.00%) |     17       8      38     16 |    1.20        0.00
POST     /cart [add]                  52     0(0.00%) |     23      12      35     22 |    0.70        0.00
POST     /cart/checkout               15     0(0.00%) |     22      13      40     21 |    0.10        0.00
GET      /product/[id]               184     0(0.00%) |     18       9      55     16 |    3.40        0.00
POST     /setCurrency                 36     0(0.00%) |     27      14      46     23 |    0.90        0.00
--------|-----------------------|-------|-------------|-------|-------|-------|-------|--------|-----------
         Aggregated                  339     0(0.00%) |     20       8      55     19 |    6.30        0.00

Type     Name                     # reqs      # fails |    Avg     Min     Max    Med |   req/s  failures/s
--------|-----------------------|-------|-------------|-------|-------|-------|-------|--------|-----------
GET      /                             4     0(0.00%) |     24      17      31     21 |    0.00        0.00
GET      /cart                        50     0(0.00%) |     17       8      38     16 |    1.30        0.00
POST     /cart [add]                  54     0(0.00%) |     23      12      35     21 |    0.70        0.00
POST     /cart/checkout               16     0(0.00%) |     21      13      40     20 |    0.10        0.00
GET      /product/[id]               194     0(0.00%) |     18       8      55     16 |    3.20        0.00
POST     /setCurrency                 37     0(0.00%) |     27      14      46     25 |    0.80        0.00
--------|-----------------------|-------|-------------|-------|-------|-------|-------|--------|-----------
         Aggregated                  355     0(0.00%) |     20       8      55     19 |    6.10        0.00

Type     Name                     # reqs      # fails |    Avg     Min     Max    Med |   req/s  failures/s
--------|-----------------------|-------|-------------|-------|-------|-------|-------|--------|-----------
GET      /                             5     0(0.00%) |     24      17      31     26 |    0.00        0.00
GET      /cart                        51     0(0.00%) |     17       8      38     16 |    1.20        0.00
POST     /cart [add]                  56     0(0.00%) |     23      12      35     22 |    0.70        0.00
POST     /cart/checkout               16     0(0.00%) |     21      13      40     20 |    0.00        0.00
GET      /product/[id]               201     0(0.00%) |     18       8      55     16 |    3.20        0.00
POST     /setCurrency                 39     0(0.00%) |     27      14      46     25 |    0.70        0.00
--------|-----------------------|-------|-------------|-------|-------|-------|-------|--------|-----------
         Aggregated                  368     0(0.00%) |     20       8      55     19 |    5.80        0.00

Type     Name                     # reqs      # fails |    Avg     Min     Max    Med |   req/s  failures/s
--------|-----------------------|-------|-------------|-------|-------|-------|-------|--------|-----------
GET      /                             6     0(0.00%) |     25      17      31     26 |    0.10        0.00
GET      /cart                        53     0(0.00%) |     17       8      38     16 |    1.20        0.00
POST     /cart [add]                  60     0(0.00%) |     23      12      35     22 |    0.80        0.00
POST     /cart/checkout               16     0(0.00%) |     21      13      40     20 |    0.10        0.00
GET      /product/[id]               207     0(0.00%) |     18       8      55     16 |    3.30        0.00
POST     /setCurrency                 40     0(0.00%) |     27      14      46     25 |    0.50        0.00
--------|-----------------------|-------|-------------|-------|-------|-------|-------|--------|-----------
         Aggregated                  382     0(0.00%) |     20       8      55     19 |    6.00        0.00

Type     Name                     # reqs      # fails |    Avg     Min     Max    Med |   req/s  failures/s
--------|-----------------------|-------|-------------|-------|-------|-------|-------|--------|-----------
GET      /                             6     0(0.00%) |     25      17      31     26 |    0.10        0.00
GET      /cart                        54     0(0.00%) |     17       8      38     16 |    1.00        0.00
POST     /cart [add]                  63     0(0.00%) |     23      12      35     22 |    1.10        0.00
POST     /cart/checkout               18     0(0.00%) |     21      13      40     21 |    0.10        0.00
GET      /product/[id]               212     0(0.00%) |     18       8      55     16 |    3.30        0.00
POST     /setCurrency                 43     0(0.00%) |     27      14      46     25 |    0.80        0.00
--------|-----------------------|-------|-------------|-------|-------|-------|-------|--------|-----------
         Aggregated                  396     0(0.00%) |     20       8      55     19 |    6.40        0.00

Type     Name                     # reqs      # fails |    Avg     Min     Max    Med |   req/s  failures/s
--------|-----------------------|-------|-------------|-------|-------|-------|-------|--------|-----------
GET      /                             7     0(0.00%) |     26      17      31     27 |    0.20        0.00
GET      /cart                        54     0(0.00%) |     17       8      38     16 |    1.00        0.00
POST     /cart [add]                  65     0(0.00%) |     23      12      35     22 |    1.20        0.00
POST     /cart/checkout               19     0(0.00%) |     21      13      40     21 |    0.30        0.00
GET      /product/[id]               216     0(0.00%) |     18       8      55     16 |    3.20        0.00
POST     /setCurrency                 44     0(0.00%) |     27      14      46     25 |    0.80        0.00
--------|-----------------------|-------|-------------|-------|-------|-------|-------|--------|-----------
         Aggregated                  405     0(0.00%) |     20       8      55     19 |    6.70        0.00

Type     Name                     # reqs      # fails |    Avg     Min     Max    Med |   req/s  failures/s
--------|-----------------------|-------|-------------|-------|-------|-------|-------|--------|-----------
GET      /                             8     0(0.00%) |     25      17      31     26 |    0.30        0.00
GET      /cart                        56     0(0.00%) |     17       8      38     16 |    0.60        0.00
POST     /cart [add]                  68     0(0.00%) |     23      12      35     22 |    1.10        0.00
POST     /cart/checkout               20     0(0.00%) |     22      13      40     21 |    0.30        0.00
GET      /product/[id]               223     0(0.00%) |     17       8      55     16 |    3.30        0.00
POST     /setCurrency                 45     0(0.00%) |     27      14      46     25 |    0.80        0.00
--------|-----------------------|-------|-------------|-------|-------|-------|-------|--------|-----------
         Aggregated                  420     0(0.00%) |     19       8      55     19 |    6.40        0.00

Type     Name                     # reqs      # fails |    Avg     Min     Max    Med |   req/s  failures/s
--------|-----------------------|-------|-------------|-------|-------|-------|-------|--------|-----------
GET      /                             8     0(0.00%) |     25      17      31     26 |    0.30        0.00
GET      /cart                        58     0(0.00%) |     17       8      38     16 |    0.60        0.00
POST     /cart [add]                  75     0(0.00%) |     23      12      35     22 |    1.40        0.00
POST     /cart/checkout               24     0(0.00%) |     22      13      51     21 |    0.50        0.00
GET      /product/[id]               227     0(0.00%) |     17       8      55     16 |    3.40        0.00
POST     /setCurrency                 45     0(0.00%) |     27      14      46     25 |    0.70        0.00
--------|-----------------------|-------|-------------|-------|-------|-------|-------|--------|-----------
         Aggregated                  437     0(0.00%) |     20       8      55     19 |    6.90        0.00

Type     Name                     # reqs      # fails |    Avg     Min     Max    Med |   req/s  failures/s
--------|-----------------------|-------|-------------|-------|-------|-------|-------|--------|-----------
GET      /                             8     0(0.00%) |     25      17      31     26 |    0.30        0.00
GET      /cart                        60     0(0.00%) |     17       8      38     16 |    0.70        0.00
POST     /cart [add]                  77     0(0.00%) |     23      12      35     23 |    1.70        0.00
POST     /cart/checkout               25     0(0.00%) |     22      13      51     21 |    0.60        0.00
GET      /product/[id]               232     0(0.00%) |     18       8      55     16 |    2.60        0.00
POST     /setCurrency                 45     0(0.00%) |     27      14      46     25 |    0.80        0.00
--------|-----------------------|-------|-------------|-------|-------|-------|-------|--------|-----------
         Aggregated                  447     0(0.00%) |     20       8      55     19 |    6.70        0.00

Type     Name                     # reqs      # fails |    Avg     Min     Max    Med |   req/s  failures/s
--------|-----------------------|-------|-------------|-------|-------|-------|-------|--------|-----------
GET      /                             8     0(0.00%) |     25      17      31     26 |    0.30        0.00
GET      /cart                        63     0(0.00%) |     17       8      38     16 |    0.60        0.00
POST     /cart [add]                  80     0(0.00%) |     23      12      35     23 |    1.70        0.00
POST     /cart/checkout               25     0(0.00%) |     22      13      51     21 |    0.80        0.00
GET      /product/[id]               238     0(0.00%) |     18       8      55     16 |    2.40        0.00
POST     /setCurrency                 46     0(0.00%) |     27      14      46     25 |    0.50        0.00
--------|-----------------------|-------|-------------|-------|-------|-------|-------|--------|-----------
         Aggregated                  460     0(0.00%) |     20       8      55     19 |    6.30        0.00

Type     Name                     # reqs      # fails |    Avg     Min     Max    Med |   req/s  failures/s
--------|-----------------------|-------|-------------|-------|-------|-------|-------|--------|-----------
GET      /                             8     0(0.00%) |     25      17      31     26 |    0.20        0.00
GET      /cart                        65     0(0.00%) |     17       8      38     16 |    0.80        0.00
POST     /cart [add]                  83     0(0.00%) |     23      12      35     23 |    1.70        0.00
POST     /cart/checkout               27     0(0.00%) |     22      13      51     21 |    0.70        0.00
GET      /product/[id]               243     0(0.00%) |     18       8      55     16 |    2.80        0.00
POST     /setCurrency                 48     0(0.00%) |     27      14      46     25 |    0.30        0.00
--------|-----------------------|-------|-------------|-------|-------|-------|-------|--------|-----------
         Aggregated                  474     0(0.00%) |     20       8      55     19 |    6.50        0.00

Type     Name                     # reqs      # fails |    Avg     Min     Max    Med |   req/s  failures/s
--------|-----------------------|-------|-------------|-------|-------|-------|-------|--------|-----------
GET      /                             8     0(0.00%) |     25      17      31     26 |    0.10        0.00
GET      /cart                        67     0(0.00%) |     17       8      38     16 |    1.00        0.00
POST     /cart [add]                  86     0(0.00%) |     22      12      35     22 |    2.00        0.00
POST     /cart/checkout               27     0(0.00%) |     22      13      51     21 |    0.90        0.00
GET      /product/[id]               252     0(0.00%) |     17       8      55     16 |    2.80        0.00
POST     /setCurrency                 49     0(0.00%) |     26      14      46     25 |    0.40        0.00
--------|-----------------------|-------|-------------|-------|-------|-------|-------|--------|-----------
         Aggregated                  489     0(0.00%) |     19       8      55     19 |    7.20        0.00

Type     Name                     # reqs      # fails |    Avg     Min     Max    Med |   req/s  failures/s
--------|-----------------------|-------|-------------|-------|-------|-------|-------|--------|-----------
GET      /                             8     0(0.00%) |     25      17      31     26 |    0.10        0.00
GET      /cart                        68     0(0.00%) |     17       8      38     16 |    1.00        0.00
POST     /cart [add]                  88     0(0.00%) |     23      12      35     22 |    1.70        0.00
POST     /cart/checkout               28     0(0.00%) |     22      13      51     21 |    0.70        0.00
GET      /product/[id]               258     0(0.00%) |     18       8      55     16 |    2.70        0.00
POST     /setCurrency                 50     0(0.00%) |     26      14      46     25 |    0.40        0.00
--------|-----------------------|-------|-------------|-------|-------|-------|-------|--------|-----------
         Aggregated                  500     0(0.00%) |     20       8      55     19 |    6.60        0.00

Type     Name                     # reqs      # fails |    Avg     Min     Max    Med |   req/s  failures/s
--------|-----------------------|-------|-------------|-------|-------|-------|-------|--------|-----------
GET      /                             8     0(0.00%) |     25      17      31     26 |    0.00        0.00
GET      /cart                        69     0(0.00%) |     17       8      38     16 |    1.00        0.00
POST     /cart [add]                  89     0(0.00%) |     22      12      35     22 |    1.50        0.00
POST     /cart/checkout               29     0(0.00%) |     22      13      51     21 |    0.50        0.00
GET      /product/[id]               268     0(0.00%) |     17       8      55     16 |    3.00        0.00
POST     /setCurrency                 51     0(0.00%) |     26      14      46     25 |    0.50        0.00
--------|-----------------------|-------|-------------|-------|-------|-------|-------|--------|-----------
         Aggregated                  514     0(0.00%) |     19       8      55     19 |    6.50        0.00

Type     Name                     # reqs      # fails |    Avg     Min     Max    Med |   req/s  failures/s
--------|-----------------------|-------|-------------|-------|-------|-------|-------|--------|-----------
GET      /                            10     0(0.00%) |     23      14      31     21 |    0.00        0.00
GET      /cart                        70     0(0.00%) |     16       8      38     16 |    1.00        0.00
POST     /cart [add]                  91     0(0.00%) |     22      12      35     23 |    1.20        0.00
POST     /cart/checkout               29     0(0.00%) |     22      13      51     21 |    0.40        0.00
GET      /product/[id]               275     0(0.00%) |     17       8      55     16 |    3.40        0.00
POST     /setCurrency                 52     0(0.00%) |     26      14      46     23 |    0.50        0.00
--------|-----------------------|-------|-------------|-------|-------|-------|-------|--------|-----------
         Aggregated                  527     0(0.00%) |     19       8      55     19 |    6.50        0.00

Type     Name                     # reqs      # fails |    Avg     Min     Max    Med |   req/s  failures/s
--------|-----------------------|-------|-------------|-------|-------|-------|-------|--------|-----------
GET      /                            10     0(0.00%) |     23      14      31     21 |    0.10        0.00
GET      /cart                        72     0(0.00%) |     17       8      38     16 |    0.80        0.00
POST     /cart [add]                  96     0(0.00%) |     23      12      36     22 |    1.00        0.00
POST     /cart/checkout               32     0(0.00%) |     21      13      51     20 |    0.40        0.00
GET      /product/[id]               283     0(0.00%) |     17       8      55     16 |    3.60        0.00
POST     /setCurrency                 53     0(0.00%) |     26      14      46     23 |    0.60        0.00
--------|-----------------------|-------|-------------|-------|-------|-------|-------|--------|-----------
         Aggregated                  546     0(0.00%) |     19       8      55     19 |    6.50        0.00

Type     Name                     # reqs      # fails |    Avg     Min     Max    Med |   req/s  failures/s
--------|-----------------------|-------|-------------|-------|-------|-------|-------|--------|-----------
GET      /                            10     0(0.00%) |     23      14      31     21 |    0.20        0.00
GET      /cart                        75     0(0.00%) |     16       8      38     16 |    0.70        0.00
POST     /cart [add]                  99     0(0.00%) |     23      12      36     23 |    1.10        0.00
POST     /cart/checkout               32     0(0.00%) |     21      13      51     20 |    0.50        0.00
GET      /product/[id]               290     0(0.00%) |     17       8      55     16 |    3.70        0.00
POST     /setCurrency                 55     0(0.00%) |     26      14      46     25 |    0.50        0.00
--------|-----------------------|-------|-------------|-------|-------|-------|-------|--------|-----------
         Aggregated                  561     0(0.00%) |     19       8      55     19 |    6.70        0.00

Type     Name                     # reqs      # fails |    Avg     Min     Max    Med |   req/s  failures/s
--------|-----------------------|-------|-------------|-------|-------|-------|-------|--------|-----------
GET      /                            10     0(0.00%) |     23      14      31     21 |    0.20        0.00
GET      /cart                        75     0(0.00%) |     16       8      38     16 |    0.70        0.00
POST     /cart [add]                 101     0(0.00%) |     23      12      37     23 |    1.20        0.00
POST     /cart/checkout               33     0(0.00%) |     21      13      51     20 |    0.50        0.00
GET      /product/[id]               296     0(0.00%) |     17       8      55     16 |    4.10        0.00
POST     /setCurrency                 56     0(0.00%) |     27      14      46     25 |    0.60        0.00
--------|-----------------------|-------|-------------|-------|-------|-------|-------|--------|-----------
         Aggregated                  571     0(0.00%) |     19       8      55     19 |    7.30        0.00

Type     Name                     # reqs      # fails |    Avg     Min     Max    Med |   req/s  failures/s
--------|-----------------------|-------|-------------|-------|-------|-------|-------|--------|-----------
GET      /                            10     0(0.00%) |     23      14      31     21 |    0.20        0.00
GET      /cart                        78     0(0.00%) |     16       8      38     15 |    0.70        0.00
POST     /cart [add]                 104     0(0.00%) |     23      12      37     22 |    1.30        0.00
POST     /cart/checkout               33     0(0.00%) |     21      13      51     20 |    0.60        0.00
GET      /product/[id]               299     0(0.00%) |     17       8      55     16 |    3.80        0.00
POST     /setCurrency                 58     0(0.00%) |     27      14      46     25 |    0.60        0.00
--------|-----------------------|-------|-------------|-------|-------|-------|-------|--------|-----------
         Aggregated                  582     0(0.00%) |     19       8      55     18 |    7.20        0.00

Type     Name                     # reqs      # fails |    Avg     Min     Max    Med |   req/s  failures/s
--------|-----------------------|-------|-------------|-------|-------|-------|-------|--------|-----------
GET      /                            10     0(0.00%) |     23      14      31     21 |    0.20        0.00
GET      /cart                        79     0(0.00%) |     16       8      38     15 |    0.70        0.00
POST     /cart [add]                 108     0(0.00%) |     23      12      37     22 |    1.50        0.00
POST     /cart/checkout               34     0(0.00%) |     21      13      51     20 |    0.50        0.00
GET      /product/[id]               308     0(0.00%) |     17       8      83     16 |    3.40        0.00
POST     /setCurrency                 61     0(0.00%) |     27      14      46     25 |    0.70        0.00
--------|-----------------------|-------|-------------|-------|-------|-------|-------|--------|-----------
         Aggregated                  600     0(0.00%) |     19       8      83     19 |    7.00        0.00

Type     Name                     # reqs      # fails |    Avg     Min     Max    Med |   req/s  failures/s
--------|-----------------------|-------|-------------|-------|-------|-------|-------|--------|-----------
GET      /                            10     0(0.00%) |     23      14      31     21 |    0.10        0.00
GET      /cart                        83     0(0.00%) |     16       8      38     15 |    0.80        0.00
POST     /cart [add]                 108     0(0.00%) |     23      12      37     22 |    1.70        0.00
POST     /cart/checkout               34     0(0.00%) |     21      13      51     20 |    0.50        0.00
GET      /product/[id]               315     0(0.00%) |     17       8      83     16 |    3.10        0.00
POST     /setCurrency                 61     0(0.00%) |     27      14      46     25 |    0.90        0.00
--------|-----------------------|-------|-------------|-------|-------|-------|-------|--------|-----------
         Aggregated                  611     0(0.00%) |     19       8      83     18 |    7.10        0.00

Type     Name                     # reqs      # fails |    Avg     Min     Max    Med |   req/s  failures/s
--------|-----------------------|-------|-------------|-------|-------|-------|-------|--------|-----------
GET      /                            10     0(0.00%) |     23      14      31     21 |    0.00        0.00
GET      /cart                        87     0(0.00%) |     16       8      38     15 |    1.00        0.00
POST     /cart [add]                 109     0(0.00%) |     22      12      37     22 |    1.40        0.00
POST     /cart/checkout               34     0(0.00%) |     21      13      51     20 |    0.20        0.00
GET      /product/[id]               318     0(0.00%) |     17       8      83     16 |    3.40        0.00
POST     /setCurrency                 61     0(0.00%) |     27      14      46     25 |    0.80        0.00
--------|-----------------------|-------|-------------|-------|-------|-------|-------|--------|-----------
         Aggregated                  619     0(0.00%) |     19       8      83     18 |    6.80        0.00

Type     Name                     # reqs      # fails |    Avg     Min     Max    Med |   req/s  failures/s
--------|-----------------------|-------|-------------|-------|-------|-------|-------|--------|-----------
GET      /                            10     0(0.00%) |     23      14      31     21 |    0.00        0.00
GET      /cart                        89     0(0.00%) |     16       8      38     15 |    1.20        0.00
POST     /cart [add]                 112     0(0.00%) |     22      12      37     21 |    1.30        0.00
POST     /cart/checkout               35     0(0.00%) |     21      13      51     20 |    0.20        0.00
GET      /product/[id]               325     0(0.00%) |     17       8      83     16 |    2.90        0.00
POST     /setCurrency                 64     0(0.00%) |     26      14      46     25 |    0.70        0.00
--------|-----------------------|-------|-------------|-------|-------|-------|-------|--------|-----------
         Aggregated                  635     0(0.00%) |     19       8      83     18 |    6.30        0.00

Type     Name                     # reqs      # fails |    Avg     Min     Max    Med |   req/s  failures/s
--------|-----------------------|-------|-------------|-------|-------|-------|-------|--------|-----------
GET      /                            10     0(0.00%) |     23      14      31     21 |    0.00        0.00
GET      /cart                        90     0(0.00%) |     16       8      38     15 |    1.20        0.00
POST     /cart [add]                 113     0(0.00%) |     22      12      37     21 |    1.20        0.00
POST     /cart/checkout               36     0(0.00%) |     21      13      51     20 |    0.20        0.00
GET      /product/[id]               335     0(0.00%) |     17       8      83     16 |    2.90        0.00
POST     /setCurrency                 65     0(0.00%) |     26      14      46     25 |    0.80        0.00
--------|-----------------------|-------|-------------|-------|-------|-------|-------|--------|-----------
         Aggregated                  649     0(0.00%) |     19       8      83     18 |    6.30        0.00

Type     Name                     # reqs      # fails |    Avg     Min     Max    Med |   req/s  failures/s
--------|-----------------------|-------|-------------|-------|-------|-------|-------|--------|-----------
GET      /                            12     0(0.00%) |     24      14      34     26 |    0.00        0.00
GET      /cart                        91     0(0.00%) |     16       8      38     15 |    1.40        0.00
POST     /cart [add]                 115     0(0.00%) |     22      12      37     21 |    1.00        0.00
POST     /cart/checkout               37     0(0.00%) |     21      13      51     20 |    0.30        0.00
GET      /product/[id]               342     0(0.00%) |     17       8      83     16 |    3.50        0.00
POST     /setCurrency                 66     0(0.00%) |     26      14      46     23 |    0.70        0.00
--------|-----------------------|-------|-------------|-------|-------|-------|-------|--------|-----------
         Aggregated                  663     0(0.00%) |     19       8      83     18 |    6.90        0.00

Type     Name                     # reqs      # fails |    Avg     Min     Max    Med |   req/s  failures/s
--------|-----------------------|-------|-------------|-------|-------|-------|-------|--------|-----------
GET      /                            13     0(0.00%) |     24      14      34     26 |    0.10        0.00
GET      /cart                        92     0(0.00%) |     16       8      38     15 |    1.20        0.00
POST     /cart [add]                 116     0(0.00%) |     22      12      37     21 |    0.80        0.00
POST     /cart/checkout               38     0(0.00%) |     21      13      51     20 |    0.30        0.00
GET      /product/[id]               348     0(0.00%) |     18       8     199     16 |    3.40        0.00
POST     /setCurrency                 68     0(0.00%) |     33      14     446     25 |    0.60        0.00
--------|-----------------------|-------|-------------|-------|-------|-------|-------|--------|-----------
         Aggregated                  675     0(0.00%) |     20       8     446     18 |    6.40        0.00

Type     Name                     # reqs      # fails |    Avg     Min     Max    Med |   req/s  failures/s
--------|-----------------------|-------|-------------|-------|-------|-------|-------|--------|-----------
GET      /                            13     0(0.00%) |     24      14      34     26 |    0.30        0.00
GET      /cart                        96     0(0.00%) |     16       8      38     15 |    1.10        0.00
POST     /cart [add]                 118     0(0.00%) |     22      12      37     21 |    0.80        0.00
POST     /cart/checkout               38     0(0.00%) |     21      13      51     20 |    0.40        0.00
GET      /product/[id]               353     0(0.00%) |     18       8     199     16 |    3.10        0.00
POST     /setCurrency                 71     0(0.00%) |     33      14     446     25 |    0.70        0.00
--------|-----------------------|-------|-------------|-------|-------|-------|-------|--------|-----------
         Aggregated                  689     0(0.00%) |     20       8     446     18 |    6.40        0.00

Type     Name                     # reqs      # fails |    Avg     Min     Max    Med |   req/s  failures/s
--------|-----------------------|-------|-------------|-------|-------|-------|-------|--------|-----------
GET      /                            14     0(0.00%) |     23      14      34     21 |    0.30        0.00
GET      /cart                        96     0(0.00%) |     16       8      38     15 |    0.90        0.00
POST     /cart [add]                 119     0(0.00%) |     23      12      37     22 |    0.90        0.00
POST     /cart/checkout               38     0(0.00%) |     21      13      51     20 |    0.40        0.00
GET      /product/[id]               362     0(0.00%) |     18       8     199     16 |    3.20        0.00
POST     /setCurrency                 71     0(0.00%) |     33      14     446     25 |    0.80        0.00
--------|-----------------------|-------|-------------|-------|-------|-------|-------|--------|-----------
         Aggregated                  700     0(0.00%) |     20       8     446     18 |    6.50        0.00

Type     Name                     # reqs      # fails |    Avg     Min     Max    Med |   req/s  failures/s
--------|-----------------------|-------|-------------|-------|-------|-------|-------|--------|-----------
GET      /                            14     0(0.00%) |     23      14      34     21 |    0.40        0.00
GET      /cart                        97     0(0.00%) |     16       8      38     15 |    0.90        0.00
POST     /cart [add]                 123     0(0.00%) |     23      12      37     22 |    0.70        0.00
POST     /cart/checkout               38     0(0.00%) |     21      13      51     20 |    0.30        0.00
GET      /product/[id]               371     0(0.00%) |     18       8     199     16 |    3.60        0.00
POST     /setCurrency                 71     0(0.00%) |     33      14     446     25 |    0.70        0.00
--------|-----------------------|-------|-------------|-------|-------|-------|-------|--------|-----------
         Aggregated                  714     0(0.00%) |     20       8     446     18 |    6.60        0.00

Type     Name                     # reqs      # fails |    Avg     Min     Max    Med |   req/s  failures/s
--------|-----------------------|-------|-------------|-------|-------|-------|-------|--------|-----------
GET      /                            14     0(0.00%) |     23      14      34     21 |    0.40        0.00
GET      /cart                       100     0(0.00%) |     16       8      38     15 |    0.70        0.00
POST     /cart [add]                 125     0(0.00%) |     23      12      37     22 |    0.60        0.00
POST     /cart/checkout               39     0(0.00%) |     21      13      51     20 |    0.20        0.00
GET      /product/[id]               374     0(0.00%) |     18       8     199     16 |    3.40        0.00
POST     /setCurrency                 71     0(0.00%) |     33      14     446     25 |    0.70        0.00
--------|-----------------------|-------|-------------|-------|-------|-------|-------|--------|-----------
         Aggregated                  723     0(0.00%) |     20       8     446     18 |    6.00        0.00

Type     Name                     # reqs      # fails |    Avg     Min     Max    Med |   req/s  failures/s
--------|-----------------------|-------|-------------|-------|-------|-------|-------|--------|-----------
GET      /                            14     0(0.00%) |     23      14      34     21 |    0.30        0.00
GET      /cart                       101     0(0.00%) |     16       8      38     15 |    0.80        0.00
POST     /cart [add]                 126     0(0.00%) |     23      12      37     22 |    0.90        0.00
POST     /cart/checkout               39     0(0.00%) |     21      13      51     20 |    0.20        0.00
GET      /product/[id]               384     0(0.00%) |     18       8     199     16 |    3.40        0.00
POST     /setCurrency                 72     0(0.00%) |     33      14     446     24 |    0.50        0.00
--------|-----------------------|-------|-------------|-------|-------|-------|-------|--------|-----------
         Aggregated                  736     0(0.00%) |     20       8     446     18 |    6.10        0.00

Type     Name                     # reqs      # fails |    Avg     Min     Max    Med |   req/s  failures/s
--------|-----------------------|-------|-------------|-------|-------|-------|-------|--------|-----------
GET      /                            14     0(0.00%) |     23      14      34     21 |    0.10        0.00
GET      /cart                       103     0(0.00%) |     16       8      38     15 |    0.90        0.00
POST     /cart [add]                 129     0(0.00%) |     23      12      37     22 |    1.00        0.00
POST     /cart/checkout               41     0(0.00%) |     21      13      51     20 |    0.10        0.00
GET      /product/[id]               391     0(0.00%) |     18       8     199     16 |    3.60        0.00
POST     /setCurrency                 73     0(0.00%) |     33      14     446     24 |    0.40        0.00
--------|-----------------------|-------|-------------|-------|-------|-------|-------|--------|-----------
         Aggregated                  751     0(0.00%) |     20       8     446     18 |    6.10        0.00

Type     Name                     # reqs      # fails |    Avg     Min     Max    Med |   req/s  failures/s
--------|-----------------------|-------|-------------|-------|-------|-------|-------|--------|-----------
GET      /                            14     0(0.00%) |     23      14      34     21 |    0.12        0.00
GET      /cart                       103     0(0.00%) |     16       8      38     15 |    0.86        0.00
POST     /cart [add]                 132     0(0.00%) |     23      12      37     22 |    1.10        0.00
POST     /cart/checkout               43     0(0.00%) |     21      13      51     20 |    0.36        0.00
GET      /product/[id]               396     0(0.00%) |     18       8     199     16 |    3.31        0.00
POST     /setCurrency                 75     0(0.00%) |     33      14     446     25 |    0.63        0.00
--------|-----------------------|-------|-------------|-------|-------|-------|-------|--------|-----------
         Aggregated                  763     0(0.00%) |     20       8     446     18 |    6.38        0.00

Response time percentiles (approximated)
Type     Name                             50%    66%    75%    80%    90%    95%    98%    99%  99.9% 99.99%   100% # reqs
--------|---------------------------|--------|------|------|------|------|------|------|------|------|------|------|------
GET      /                                 26     28     30     30     31     35     35     35     35     35     35     14
GET      /cart                             15     18     21     22     25     27     29     37     38     38     38    103
POST     /cart [add]                       22     27     29     31     33     35     37     37     38     38     38    132
POST     /cart/checkout                    20     22     22     23     28     31     52     52     52     52     52     43
GET      /product/[id]                     16     20     22     23     26     30     35     55    200    200    200    396
POST     /setCurrency                      25     31     32     34     41     46    100    450    450    450    450     75
--------|---------------------------|--------|------|------|------|------|------|------|------|------|------|------|------
         Aggregated                        18     22     24     25     31     34     40     52    450    450    450    763

