/Users/edias/Library/Python/3.9/lib/python/site-packages/urllib3/__init__.py:35: NotOpenSSLWarning: urllib3 v2 only supports OpenSSL 1.1.1+, currently the 'ssl' module is compiled with 'LibreSSL 2.8.3'. See: https://github.com/urllib3/urllib3/issues/3020
  warnings.warn(
[2026-04-26 10:22:25,099] Mac/WARNING/locust.main: Python 3.9 support is deprecated and will be removed soon
Type     Name                                                                          # reqs      # fails |    Avg     Min     Max    Med |   req/s  failures/s
--------|----------------------------------------------------------------------------|-------|-------------|-------|-------|-------|-------|--------|-----------
--------|----------------------------------------------------------------------------|-------|-------------|-------|-------|-------|-------|--------|-----------
         Aggregated                                                                         0     0(0.00%) |      0       0       0      0 |    0.00        0.00

Type     Name                                                                          # reqs      # fails |    Avg     Min     Max    Med |   req/s  failures/s
--------|----------------------------------------------------------------------------|-------|-------------|-------|-------|-------|-------|--------|-----------
GET      /cart                                                                              2     0(0.00%) |     14      12      16     12 |    0.00        0.00
POST     /cart [add]                                                                        1     0(0.00%) |     23      23      23     23 |    0.00        0.00
POST     /cart/checkout                                                                     1     0(0.00%) |     38      38      38     38 |    0.00        0.00
GET      /product/[id]                                                                     17     0(0.00%) |     24      13      52     17 |    0.00        0.00
POST     /setCurrency                                                                       2     0(0.00%) |     25      23      27     24 |    0.00        0.00
--------|----------------------------------------------------------------------------|-------|-------------|-------|-------|-------|-------|--------|-----------
         Aggregated                                                                        23     0(0.00%) |     24      12      52     19 |    0.00        0.00

Type     Name                                                                          # reqs      # fails |    Avg     Min     Max    Med |   req/s  failures/s
--------|----------------------------------------------------------------------------|-------|-------------|-------|-------|-------|-------|--------|-----------
GET      /                                                                                  1     0(0.00%) |     34      34      34     34 |    0.00        0.00
GET      /cart                                                                              8     0(0.00%) |     19      11      40     17 |    1.00        0.00
POST     /cart [add]                                                                        6     0(0.00%) |     39      14     145     17 |    0.50        0.00
POST     /cart/checkout                                                                     4     0(0.00%) |     27      19      38     21 |    0.50        0.00
GET      /product/[id]                                                                     43     0(0.00%) |     24      10      90     16 |    8.50        0.00
POST     /setCurrency                                                                      10     0(0.00%) |     49      20     122     25 |    1.00        0.00
--------|----------------------------------------------------------------------------|-------|-------------|-------|-------|-------|-------|--------|-----------
         Aggregated                                                                        72     0(0.00%) |     28      10     145     20 |   11.50        0.00

Type     Name                                                                          # reqs      # fails |    Avg     Min     Max    Med |   req/s  failures/s
--------|----------------------------------------------------------------------------|-------|-------------|-------|-------|-------|-------|--------|-----------
GET      /                                                                                  1     0(0.00%) |     34      34      34     34 |    0.25        0.00
GET      /cart                                                                             18     0(0.00%) |     21       9      51     17 |    1.75        0.00
POST     /cart [add]                                                                       24     0(0.00%) |     38      14     145     26 |    1.50        0.00
POST     /cart/checkout                                                                    10     0(0.00%) |     27      19      38     27 |    1.00        0.00
GET      /product/[id]                                                                     81     0(0.00%) |     24      10      90     17 |   10.50        0.00
POST     /setCurrency                                                                      16     0(0.00%) |     46      20     122     28 |    2.50        0.00
--------|----------------------------------------------------------------------------|-------|-------------|-------|-------|-------|-------|--------|-----------
         Aggregated                                                                       150     0(0.00%) |     28       9     145     21 |   17.50        0.00

Type     Name                                                                          # reqs      # fails |    Avg     Min     Max    Med |   req/s  failures/s
--------|----------------------------------------------------------------------------|-------|-------------|-------|-------|-------|-------|--------|-----------
GET      /                                                                                  4     0(0.00%) |     90      20     174     34 |    0.17        0.00
GET      /cart                                                                             30     0(0.00%) |     20       9      69     15 |    3.00        0.00
POST     /cart [add]                                                                       40     0(0.00%) |     41      14     212     24 |    3.67        0.00
POST     /cart/checkout                                                                    13     0(0.00%) |     26      19      38     27 |    1.50        0.00
GET      /product/[id]                                                                    132     0(0.00%) |     24      10     103     17 |   13.17        0.00
POST     /setCurrency                                                                      30     0(0.00%) |     51      17     224     26 |    2.50        0.00
--------|----------------------------------------------------------------------------|-------|-------------|-------|-------|-------|-------|--------|-----------
         Aggregated                                                                       249     0(0.00%) |     31       9     224     20 |   24.00        0.00

Type     Name                                                                          # reqs      # fails |    Avg     Min     Max    Med |   req/s  failures/s
--------|----------------------------------------------------------------------------|-------|-------------|-------|-------|-------|-------|--------|-----------
GET      /                                                                                  7     0(0.00%) |     67      13     174     34 |    0.25        0.00
GET      /cart                                                                             44     0(0.00%) |     28       9     146     15 |    3.75        0.00
POST     /cart [add]                                                                       64     0(0.00%) |     40      14     227     23 |    4.88        0.00
POST     /cart/checkout                                                                    19     0(0.00%) |     35      17     125     27 |    1.62        0.00
GET      /product/[id]                                                                    200     0(0.00%) |     26       9     104     17 |   16.38        0.00
POST     /setCurrency                                                                      38     0(0.00%) |     63      17     278     28 |    3.38        0.00
--------|----------------------------------------------------------------------------|-------|-------------|-------|-------|-------|-------|--------|-----------
         Aggregated                                                                       372     0(0.00%) |     34       9     278     20 |   30.25        0.00

Type     Name                                                                          # reqs      # fails |    Avg     Min     Max    Med |   req/s  failures/s
--------|----------------------------------------------------------------------------|-------|-------------|-------|-------|-------|-------|--------|-----------
GET      /                                                                                 11     0(0.00%) |     63      13     174     34 |    0.60        0.00
GET      /cart                                                                             67     0(0.00%) |     29       8     146     16 |    4.40        0.00
POST     /cart [add]                                                                       95     0(0.00%) |     41      12     227     24 |    6.10        0.00
POST     /cart/checkout                                                                    29     0(0.00%) |     36      16     125     27 |    1.90        0.00
GET      /product/[id]                                                                    278     0(0.00%) |     25       7     104     16 |   19.80        0.00
POST     /setCurrency                                                                      50     0(0.00%) |     59      14     278     29 |    3.60        0.00
--------|----------------------------------------------------------------------------|-------|-------------|-------|-------|-------|-------|--------|-----------
         Aggregated                                                                       530     0(0.00%) |     33       7     278     20 |   36.40        0.00

Type     Name                                                                          # reqs      # fails |    Avg     Min     Max    Med |   req/s  failures/s
--------|----------------------------------------------------------------------------|-------|-------------|-------|-------|-------|-------|--------|-----------
GET      /                                                                                 16     0(0.00%) |     89      12     263     34 |    1.10        0.00
GET      /cart                                                                             88     0(0.00%) |     33       7     184     16 |    6.20        0.00
POST     /cart [add]                                                                      126     0(0.00%) |     42      11     308     22 |    9.40        0.00
POST     /cart/checkout                                                                    41     0(0.00%) |     39      15     192     26 |    2.80        0.00
GET      /product/[id]                                                                    371     0(0.00%) |     30       7     206     16 |   25.80        0.00
POST     /setCurrency                                                                      67     0(0.00%) |     61      14     278     29 |    4.70        0.00
--------|----------------------------------------------------------------------------|-------|-------------|-------|-------|-------|-------|--------|-----------
         Aggregated                                                                       709     0(0.00%) |     38       7     308     20 |   50.00        0.00

Type     Name                                                                          # reqs      # fails |    Avg     Min     Max    Med |   req/s  failures/s
--------|----------------------------------------------------------------------------|-------|-------------|-------|-------|-------|-------|--------|-----------
GET      /                                                                                 22     0(0.00%) |     79      12     263     45 |    1.50        0.00
GET      /cart                                                                            117     0(0.00%) |     41       7     192     22 |    8.00        0.00
POST     /cart [add]                                                                      158     0(0.00%) |     43      11     308     23 |   11.50        0.00
POST     /cart/checkout                                                                    58     0(0.00%) |     42      15     204     27 |    3.70        0.00
GET      /product/[id]                                                                    468     0(0.00%) |     35       7     219     17 |   32.40        0.00
POST     /setCurrency                                                                      82     0(0.00%) |     60      14     278     33 |    5.60        0.00
--------|----------------------------------------------------------------------------|-------|-------------|-------|-------|-------|-------|--------|-----------
         Aggregated                                                                       905     0(0.00%) |     41       7     308     22 |   62.70        0.00

Type     Name                                                                          # reqs      # fails |    Avg     Min     Max    Med |   req/s  failures/s
--------|----------------------------------------------------------------------------|-------|-------------|-------|-------|-------|-------|--------|-----------
GET      /                                                                                 29     0(0.00%) |     76      12     263     48 |    2.00        0.00
GET      /cart                                                                            154     0(0.00%) |     44       7     192     29 |    9.70        0.00
POST     /cart [add]                                                                      193     0(0.00%) |     46      11     308     28 |   13.30        0.00
POST     /cart/checkout                                                                    70     0(0.00%) |     46      15     204     28 |    4.70        0.00
GET      /product/[id]                                                                    572     0(0.00%) |     38       7     219     21 |   38.40        0.00
POST     /setCurrency                                                                     101     0(0.00%) |     62      14     278     38 |    6.50        0.00
--------|----------------------------------------------------------------------------|-------|-------------|-------|-------|-------|-------|--------|-----------
         Aggregated                                                                      1119     0(0.00%) |     44       7     308     27 |   74.60        0.00

Type     Name                                                                          # reqs      # fails |    Avg     Min     Max    Med |   req/s  failures/s
--------|----------------------------------------------------------------------------|-------|-------------|-------|-------|-------|-------|--------|-----------
GET      /                                                                                 38     0(0.00%) |    122      12     513     77 |    2.70        0.00
GET      /cart                                                                            173     0(0.00%) |     48       7     192     35 |   12.40        0.00
POST     /cart [add]                                                                      222     0(0.00%) |     57      11     427     32 |   15.40        0.00
POST     /cart/checkout                                                                    87     0(0.00%) |     57      15     204     30 |    5.70        0.00
GET      /product/[id]                                                                    672     0(0.00%) |     49       7     456     27 |   43.50        0.00
POST     /setCurrency                                                                     128     0(0.00%) |     78      14     494     56 |    7.40        0.00
--------|----------------------------------------------------------------------------|-------|-------------|-------|-------|-------|-------|--------|-----------
         Aggregated                                                                      1320     0(0.00%) |     55       7     513     32 |   87.10        0.00

Type     Name                                                                          # reqs      # fails |    Avg     Min     Max    Med |   req/s  failures/s
--------|----------------------------------------------------------------------------|-------|-------------|-------|-------|-------|-------|--------|-----------
GET      /                                                                                 45     0(0.00%) |    124      12     513     82 |    3.10        0.00
GET      /cart                                                                            205     0(0.00%) |     54       7     269     40 |   12.70        0.00
POST     /cart [add]                                                                      256     0(0.00%) |     67      11     427     43 |   15.80        0.00
POST     /cart/checkout                                                                    98     0(0.00%) |     61      15     204     34 |    6.60        0.00
GET      /product/[id]                                                                    794     0(0.00%) |     56       7     456     33 |   46.70        0.00
POST     /setCurrency                                                                     159     0(0.00%) |     85      14     494     68 |    9.20        0.00
--------|----------------------------------------------------------------------------|-------|-------------|-------|-------|-------|-------|--------|-----------
         Aggregated                                                                      1557     0(0.00%) |     63       7     513     40 |   94.10        0.00

Type     Name                                                                          # reqs      # fails |    Avg     Min     Max    Med |   req/s  failures/s
--------|----------------------------------------------------------------------------|-------|-------------|-------|-------|-------|-------|--------|-----------
GET      /                                                                                 53     0(0.00%) |    118      12     513     86 |    3.40        0.00
GET      /cart                                                                            238     0(0.00%) |     58       7     269     50 |   13.80        0.00
POST     /cart [add]                                                                      294     0(0.00%) |     73      11     427     52 |   15.60        0.00
POST     /cart/checkout                                                                   116     0(0.00%) |     67      15     209     47 |    6.90        0.00
GET      /product/[id]                                                                    930     0(0.00%) |     59       7     456     39 |   50.80        0.00
POST     /setCurrency                                                                     184     0(0.00%) |     88      14     494     75 |   10.60        0.00
--------|----------------------------------------------------------------------------|-------|-------------|-------|-------|-------|-------|--------|-----------
         Aggregated                                                                      1815     0(0.00%) |     67       7     513     45 |  101.10        0.00

Type     Name                                                                          # reqs      # fails |    Avg     Min     Max    Med |   req/s  failures/s
--------|----------------------------------------------------------------------------|-------|-------------|-------|-------|-------|-------|--------|-----------
GET      /                                                                                 57     0(0.00%) |    116      12     513     86 |    3.60        0.00
GET      /cart                                                                            273     0(0.00%) |     71       7     316     60 |   15.10        0.00
POST     /cart [add]                                                                      337     0(0.00%) |     83      11     429     58 |   17.00        0.00
POST     /cart/checkout                                                                   133     0(0.00%) |     76      15     296     67 |    7.30        0.00
GET      /product/[id]                                                                   1038     0(0.00%) |     66       7     485     43 |   55.20        0.00
POST     /setCurrency                                                                     206     0(0.00%) |     94      14     494     81 |   11.80        0.00
--------|----------------------------------------------------------------------------|-------|-------------|-------|-------|-------|-------|--------|-----------
         Aggregated                                                                      2044     0(0.00%) |     74       7     513     52 |  110.00        0.00

Type     Name                                                                          # reqs      # fails |    Avg     Min     Max    Med |   req/s  failures/s
--------|----------------------------------------------------------------------------|-------|-------------|-------|-------|-------|-------|--------|-----------
GET      /                                                                                 66     0(0.00%) |    133      12     515    100 |    3.60        0.00
GET      /cart                                                                            310     0(0.00%) |     77       7     316     65 |   15.40        0.00
POST     /cart [add]                                                                      381     0(0.00%) |     91      11     429     70 |   17.80        0.00
POST     /cart/checkout                                                                   149     0(0.00%) |     84      15     299     68 |    7.70        0.00
GET      /product/[id]                                                                   1173     0(0.00%) |     74       7     547     48 |   56.30        0.00
POST     /setCurrency                                                                     241     0(0.00%) |    100      14     494     85 |   12.30        0.00
--------|----------------------------------------------------------------------------|-------|-------------|-------|-------|-------|-------|--------|-----------
         Aggregated                                                                      2320     0(0.00%) |     82       7     547     60 |  113.10        0.00

Type     Name                                                                          # reqs      # fails |    Avg     Min     Max    Med |   req/s  failures/s
--------|----------------------------------------------------------------------------|-------|-------------|-------|-------|-------|-------|--------|-----------
GET      /                                                                                 71     0(0.00%) |    130      12     515    100 |    2.39        0.00
GET      /cart                                                                            342     0(0.00%) |     87       7     398     70 |   11.50        0.00
POST     /cart [add]                                                                      421     0(0.00%) |     98      11     464     78 |   14.15        0.00
POST     /cart/checkout                                                                   166     0(0.00%) |     92      15     425     69 |    5.58        0.00
GET      /product/[id]                                                                   1289     0(0.00%) |     80       7     547     52 |   43.33        0.00
POST     /setCurrency                                                                     261     0(0.00%) |    100      14     494     85 |    8.77        0.00
--------|----------------------------------------------------------------------------|-------|-------------|-------|-------|-------|-------|--------|-----------
         Aggregated                                                                      2550     0(0.00%) |     88       7     547     65 |   85.72        0.00

Response time percentiles (approximated)
Type     Name                                                                                  50%    66%    75%    80%    90%    95%    98%    99%  99.9% 99.99%   100% # reqs
--------|--------------------------------------------------------------------------------|--------|------|------|------|------|------|------|------|------|------|------|------
GET      /                                                                                     100    120    150    190    330    420    510    520    520    520    520     71
GET      /cart                                                                                  70     91    130    150    200    240    270    300    400    400    400    342
POST     /cart [add]                                                                            78    110    140    160    220    270    370    410    460    460    460    421
POST     /cart/checkout                                                                         69     93    120    170    210    260    300    320    430    430    430    166
GET      /product/[id]                                                                          52     77    110    130    200    260    360    400    520    550    550   1289
POST     /setCurrency                                                                           85    110    120    130    180    260    470    490    490    490    490    261
--------|--------------------------------------------------------------------------------|--------|------|------|------|------|------|------|------|------|------|------|------
         Aggregated                                                                             65     94    120    140    200    260    370    410    520    550    550   2550

