/Users/edias/Library/Python/3.9/lib/python/site-packages/urllib3/__init__.py:35: NotOpenSSLWarning: urllib3 v2 only supports OpenSSL 1.1.1+, currently the 'ssl' module is compiled with 'LibreSSL 2.8.3'. See: https://github.com/urllib3/urllib3/issues/3020
  warnings.warn(
[2026-05-21 15:06:24,704] MacBook-Air-de-Eduardo/WARNING/locust.main: Python 3.9 support is deprecated and will be removed soon
Type     Name                                                                          # reqs      # fails |    Avg     Min     Max    Med |   req/s  failures/s
--------|----------------------------------------------------------------------------|-------|-------------|-------|-------|-------|-------|--------|-----------
--------|----------------------------------------------------------------------------|-------|-------------|-------|-------|-------|-------|--------|-----------
         Aggregated                                                                         0     0(0.00%) |      0       0       0      0 |    0.00        0.00

Type     Name                                                                          # reqs      # fails |    Avg     Min     Max    Med |   req/s  failures/s
--------|----------------------------------------------------------------------------|-------|-------------|-------|-------|-------|-------|--------|-----------
GET      /                                                                                  1     0(0.00%) |     22      22      22     22 |    0.00        0.00
GET      /cart                                                                              3     0(0.00%) |     18      13      24     19 |    0.00        0.00
POST     /cart [add]                                                                        5     0(0.00%) |     42      22      69     32 |    0.00        0.00
GET      /product/[id]                                                                      8     0(0.00%) |     27      15      58     24 |    0.00        0.00
POST     /setCurrency                                                                       5     0(0.00%) |     30      23      46     26 |    0.00        0.00
--------|----------------------------------------------------------------------------|-------|-------------|-------|-------|-------|-------|--------|-----------
         Aggregated                                                                        22     0(0.00%) |     30      13      69     25 |    0.00        0.00

Type     Name                                                                          # reqs      # fails |    Avg     Min     Max    Med |   req/s  failures/s
--------|----------------------------------------------------------------------------|-------|-------------|-------|-------|-------|-------|--------|-----------
GET      /                                                                                  2     0(0.00%) |    171      22     320     22 |    0.50        0.00
GET      /cart                                                                              5     0(0.00%) |     21      13      27     24 |    1.00        0.00
POST     /cart [add]                                                                       11     0(0.00%) |     32      20      69     26 |    1.50        0.00
POST     /cart/checkout                                                                     4     0(0.00%) |    100      27     314     29 |    0.00        0.00
GET      /product/[id]                                                                     31     0(0.00%) |     24      13      70     22 |    3.00        0.00
POST     /setCurrency                                                                      13     0(0.00%) |     73      22     592     28 |    0.50        0.00
--------|----------------------------------------------------------------------------|-------|-------------|-------|-------|-------|-------|--------|-----------
         Aggregated                                                                        66     0(0.00%) |     44      13     592     25 |    6.50        0.00

Type     Name                                                                          # reqs      # fails |    Avg     Min     Max    Med |   req/s  failures/s
--------|----------------------------------------------------------------------------|-------|-------------|-------|-------|-------|-------|--------|-----------
GET      /                                                                                  3     0(0.00%) |    121      22     320     22 |    0.50        0.00
GET      /cart                                                                             15     0(0.00%) |     18      12      27     17 |    1.00        0.00
POST     /cart [add]                                                                       20     0(0.00%) |     26      17      69     22 |    2.00        0.00
POST     /cart/checkout                                                                     8     0(0.00%) |     61      20     314     27 |    0.25        0.00
GET      /product/[id]                                                                     83     0(0.00%) |     19      12      70     17 |    5.00        0.00
POST     /setCurrency                                                                      16     0(0.00%) |     64      22     592     27 |    2.75        0.00
--------|----------------------------------------------------------------------------|-------|-------------|-------|-------|-------|-------|--------|-----------
         Aggregated                                                                       145     0(0.00%) |     29      12     592     19 |   11.50        0.00

Type     Name                                                                          # reqs      # fails |    Avg     Min     Max    Med |   req/s  failures/s
--------|----------------------------------------------------------------------------|-------|-------------|-------|-------|-------|-------|--------|-----------
GET      /                                                                                  7     0(0.00%) |     65      22     320     24 |    0.50        0.00
GET      /cart                                                                             30     0(0.00%) |     16      11      27     16 |    1.67        0.00
POST     /cart [add]                                                                       39     0(0.00%) |     24      17      69     21 |    2.67        0.00
POST     /cart/checkout                                                                    17     0(0.00%) |     41      19     314     25 |    1.00        0.00
GET      /product/[id]                                                                    138     0(0.00%) |     17      11      70     16 |   10.33        0.00
POST     /setCurrency                                                                      24     0(0.00%) |     52      19     592     27 |    2.50        0.00
--------|----------------------------------------------------------------------------|-------|-------------|-------|-------|-------|-------|--------|-----------
         Aggregated                                                                       255     0(0.00%) |     24      11     592     19 |   18.67        0.00

Type     Name                                                                          # reqs      # fails |    Avg     Min     Max    Med |   req/s  failures/s
--------|----------------------------------------------------------------------------|-------|-------------|-------|-------|-------|-------|--------|-----------
GET      /                                                                                 10     0(0.00%) |     55      22     320     24 |    0.62        0.00
GET      /cart                                                                             52     0(0.00%) |     18      11      57     17 |    3.00        0.00
POST     /cart [add]                                                                       67     0(0.00%) |     28      17     104     23 |    4.00        0.00
POST     /cart/checkout                                                                    33     0(0.00%) |     41      19     314     27 |    1.75        0.00
GET      /product/[id]                                                                    197     0(0.00%) |     19      11     108     17 |   15.12        0.00
POST     /setCurrency                                                                      36     0(0.00%) |     45      19     592     27 |    2.50        0.00
--------|----------------------------------------------------------------------------|-------|-------------|-------|-------|-------|-------|--------|-----------
         Aggregated                                                                       395     0(0.00%) |     26      11     592     19 |   27.00        0.00

Type     Name                                                                          # reqs      # fails |    Avg     Min     Max    Med |   req/s  failures/s
--------|----------------------------------------------------------------------------|-------|-------------|-------|-------|-------|-------|--------|-----------
GET      /                                                                                 14     0(0.00%) |     47      22     320     24 |    0.80        0.00
GET      /cart                                                                             76     0(0.00%) |     19      11      57     17 |    3.90        0.00
POST     /cart [add]                                                                       96     0(0.00%) |     26      17     104     22 |    5.50        0.00
POST     /cart/checkout                                                                    42     0(0.00%) |     39      19     314     25 |    2.70        0.00
GET      /product/[id]                                                                    266     0(0.00%) |     19      11     108     17 |   18.00        0.00
POST     /setCurrency                                                                      49     0(0.00%) |     41      19     592     27 |    3.30        0.00
--------|----------------------------------------------------------------------------|-------|-------------|-------|-------|-------|-------|--------|-----------
         Aggregated                                                                       543     0(0.00%) |     24      11     592     19 |   34.20        0.00

Type     Name                                                                          # reqs      # fails |    Avg     Min     Max    Med |   req/s  failures/s
--------|----------------------------------------------------------------------------|-------|-------------|-------|-------|-------|-------|--------|-----------
GET      /                                                                                 19     0(0.00%) |     47      21     320     26 |    1.20        0.00
GET      /cart                                                                             97     0(0.00%) |     21      11     159     18 |    6.40        0.00
POST     /cart [add]                                                                      135     0(0.00%) |     34      17     515     23 |    8.40        0.00
POST     /cart/checkout                                                                    56     0(0.00%) |     39      19     314     27 |    3.80        0.00
GET      /product/[id]                                                                    352     0(0.00%) |     20      11     227     17 |   23.80        0.00
POST     /setCurrency                                                                      68     0(0.00%) |     63      19     592     28 |    4.40        0.00
--------|----------------------------------------------------------------------------|-------|-------------|-------|-------|-------|-------|--------|-----------
         Aggregated                                                                       727     0(0.00%) |     29      11     592     20 |   48.00        0.00

Type     Name                                                                          # reqs      # fails |    Avg     Min     Max    Med |   req/s  failures/s
--------|----------------------------------------------------------------------------|-------|-------------|-------|-------|-------|-------|--------|-----------
GET      /                                                                                 23     0(0.00%) |     48      19     320     26 |    1.40        0.00
GET      /cart                                                                            125     0(0.00%) |     21      11     159     18 |    8.30        0.00
POST     /cart [add]                                                                      176     0(0.00%) |     33      17     515     23 |   11.30        0.00
POST     /cart/checkout                                                                    65     0(0.00%) |     39      19     314     28 |    5.30        0.00
GET      /product/[id]                                                                    456     0(0.00%) |     20      11     227     17 |   30.10        0.00
POST     /setCurrency                                                                      90     0(0.00%) |     56      19     592     29 |    5.00        0.00
--------|----------------------------------------------------------------------------|-------|-------------|-------|-------|-------|-------|--------|-----------
         Aggregated                                                                       935     0(0.00%) |     28      11     592     20 |   61.40        0.00

Type     Name                                                                          # reqs      # fails |    Avg     Min     Max    Med |   req/s  failures/s
--------|----------------------------------------------------------------------------|-------|-------------|-------|-------|-------|-------|--------|-----------
GET      /                                                                                 29     0(0.00%) |     57      19     320     30 |    2.00        0.00
GET      /cart                                                                            155     0(0.00%) |     26      11     159     19 |   10.30        0.00
POST     /cart [add]                                                                      214     0(0.00%) |     36      17     515     25 |   14.40        0.00
POST     /cart/checkout                                                                    85     0(0.00%) |     46      19     314     30 |    5.50        0.00
GET      /product/[id]                                                                    564     0(0.00%) |     24      11     227     18 |   35.40        0.00
POST     /setCurrency                                                                     116     0(0.00%) |     58      18     592     30 |    6.60        0.00
--------|----------------------------------------------------------------------------|-------|-------------|-------|-------|-------|-------|--------|-----------
         Aggregated                                                                      1163     0(0.00%) |     32      11     592     21 |   74.20        0.00

Type     Name                                                                          # reqs      # fails |    Avg     Min     Max    Med |   req/s  failures/s
--------|----------------------------------------------------------------------------|-------|-------------|-------|-------|-------|-------|--------|-----------
GET      /                                                                                 33     0(0.00%) |     54      17     320     30 |    1.90        0.00
GET      /cart                                                                            195     0(0.00%) |     27      11     159     19 |   12.30        0.00
POST     /cart [add]                                                                      257     0(0.00%) |     37      17     515     26 |   17.00        0.00
POST     /cart/checkout                                                                   101     0(0.00%) |     48      19     314     31 |    6.50        0.00
GET      /product/[id]                                                                    692     0(0.00%) |     25      11     227     18 |   40.30        0.00
POST     /setCurrency                                                                     145     0(0.00%) |     58      18     592     33 |    8.80        0.00
--------|----------------------------------------------------------------------------|-------|-------------|-------|-------|-------|-------|--------|-----------
         Aggregated                                                                      1423     0(0.00%) |     33      11     592     22 |   86.80        0.00

Type     Name                                                                          # reqs      # fails |    Avg     Min     Max    Med |   req/s  failures/s
--------|----------------------------------------------------------------------------|-------|-------------|-------|-------|-------|-------|--------|-----------
GET      /                                                                                 40     0(0.00%) |     55      17     320     33 |    2.30        0.00
GET      /cart                                                                            226     0(0.00%) |     28      11     236     20 |   13.90        0.00
POST     /cart [add]                                                                      308     0(0.00%) |     41      17     515     27 |   18.70        0.00
POST     /cart/checkout                                                                   119     0(0.00%) |     49      19     314     34 |    6.90        0.00
GET      /product/[id]                                                                    821     0(0.00%) |     28      11     227     19 |   46.10        0.00
POST     /setCurrency                                                                     180     0(0.00%) |     64      18     592     36 |   10.20        0.00
--------|----------------------------------------------------------------------------|-------|-------------|-------|-------|-------|-------|--------|-----------
         Aggregated                                                                      1694     0(0.00%) |     36      11     592     23 |   98.10        0.00

Type     Name                                                                          # reqs      # fails |    Avg     Min     Max    Med |   req/s  failures/s
--------|----------------------------------------------------------------------------|-------|-------------|-------|-------|-------|-------|--------|-----------
GET      /                                                                                 44     0(0.00%) |     57      17     320     35 |    2.60        0.00
GET      /cart                                                                            256     0(0.00%) |     35      11     258     22 |   14.80        0.00
POST     /cart [add]                                                                      353     0(0.00%) |     47      17     515     30 |   19.90        0.00
POST     /cart/checkout                                                                   134     0(0.00%) |     53      19     314     36 |    7.50        0.00
GET      /product/[id]                                                                    964     0(0.00%) |     32      11     227     20 |   53.30        0.00
POST     /setCurrency                                                                     212     0(0.00%) |     69      18     592     40 |   12.40        0.00
--------|----------------------------------------------------------------------------|-------|-------------|-------|-------|-------|-------|--------|-----------
         Aggregated                                                                      1963     0(0.00%) |     41      11     592     25 |  110.50        0.00

Type     Name                                                                          # reqs      # fails |    Avg     Min     Max    Med |   req/s  failures/s
--------|----------------------------------------------------------------------------|-------|-------------|-------|-------|-------|-------|--------|-----------
GET      /                                                                                 52     0(0.00%) |     67      17     320     46 |    2.70        0.00
GET      /cart                                                                            310     0(0.00%) |     41      11     258     24 |   15.70        0.00
POST     /cart [add]                                                                      402     0(0.00%) |     54      17     515     33 |   21.80        0.00
POST     /cart/checkout                                                                   155     0(0.00%) |     60      19     314     42 |    7.50        0.00
GET      /product/[id]                                                                   1087     0(0.00%) |     36      11     227     21 |   59.10        0.00
POST     /setCurrency                                                                     242     0(0.00%) |     76      18     592     46 |   14.10        0.00
--------|----------------------------------------------------------------------------|-------|-------------|-------|-------|-------|-------|--------|-----------
         Aggregated                                                                      2248     0(0.00%) |     47      11     592     28 |  120.90        0.00

Type     Name                                                                          # reqs      # fails |    Avg     Min     Max    Med |   req/s  failures/s
--------|----------------------------------------------------------------------------|-------|-------------|-------|-------|-------|-------|--------|-----------
GET      /                                                                                 57     0(0.00%) |     74      17     320     53 |    2.50        0.00
GET      /cart                                                                            345     0(0.00%) |     46      11     784     26 |   17.30        0.00
POST     /cart [add]                                                                      435     0(0.00%) |     60      17     767     35 |   22.10        0.00
POST     /cart/checkout                                                                   168     0(0.00%) |     66      19     852     44 |    8.60        0.00
GET      /product/[id]                                                                   1252     0(0.00%) |     42      11     826     23 |   62.30        0.00
POST     /setCurrency                                                                     280     0(0.00%) |     80      18     672     53 |   15.00        0.00
--------|----------------------------------------------------------------------------|-------|-------------|-------|-------|-------|-------|--------|-----------
         Aggregated                                                                      2537     0(0.00%) |     52      11     852     30 |  127.80        0.00

Type     Name                                                                          # reqs      # fails |    Avg     Min     Max    Med |   req/s  failures/s
--------|----------------------------------------------------------------------------|-------|-------------|-------|-------|-------|-------|--------|-----------
GET      /                                                                                 66     0(0.00%) |     90      17     320     63 |    3.30        0.00
GET      /cart                                                                            385     0(0.00%) |     54      11     784     29 |   18.80        0.00
POST     /cart [add]                                                                      481     0(0.00%) |     69      17     767     42 |   22.00        0.00
POST     /cart/checkout                                                                   183     0(0.00%) |     72      19     852     55 |    8.40        0.00
GET      /product/[id]                                                                   1374     0(0.00%) |     46      11     826     26 |   66.40        0.00
POST     /setCurrency                                                                     317     0(0.00%) |     90      18     672     60 |   16.10        0.00
--------|----------------------------------------------------------------------------|-------|-------------|-------|-------|-------|-------|--------|-----------
         Aggregated                                                                      2806     0(0.00%) |     59      11     852     34 |  135.00        0.00

Type     Name                                                                          # reqs      # fails |    Avg     Min     Max    Med |   req/s  failures/s
--------|----------------------------------------------------------------------------|-------|-------------|-------|-------|-------|-------|--------|-----------
GET      /                                                                                 75     0(0.00%) |     97      17     320     79 |    3.00        0.00
GET      /cart                                                                            426     0(0.00%) |     58      11     784     32 |   19.80        0.00
POST     /cart [add]                                                                      533     0(0.00%) |     80      17     986     51 |   22.30        0.00
POST     /cart/checkout                                                                   205     0(0.00%) |     81      19     852     61 |    8.20        0.00
GET      /product/[id]                                                                   1530     0(0.00%) |     52      11    1046     31 |   68.80        0.00
POST     /setCurrency                                                                     359     0(0.00%) |    108      18    1282     72 |   17.00        0.00
--------|----------------------------------------------------------------------------|-------|-------------|-------|-------|-------|-------|--------|-----------
         Aggregated                                                                      3128     0(0.00%) |     67      11    1282     41 |  139.10        0.00

Type     Name                                                                          # reqs      # fails |    Avg     Min     Max    Med |   req/s  failures/s
--------|----------------------------------------------------------------------------|-------|-------------|-------|-------|-------|-------|--------|-----------
GET      /                                                                                 89     0(0.00%) |    108      17     327    100 |    2.90        0.00
GET      /cart                                                                            456     0(0.00%) |     64      11     903     36 |   20.00        0.00
POST     /cart [add]                                                                      581     0(0.00%) |     91      16     986     56 |   23.00        0.00
POST     /cart/checkout                                                                   217     0(0.00%) |     82      19     852     68 |    8.20        0.00
GET      /product/[id]                                                                   1699     0(0.00%) |     58      11    1046     36 |   69.40        0.00
POST     /setCurrency                                                                     385     0(0.00%) |    110      18    1282     76 |   16.80        0.00
--------|----------------------------------------------------------------------------|-------|-------------|-------|-------|-------|-------|--------|-----------
         Aggregated                                                                      3427     0(0.00%) |     73      11    1282     46 |  140.30        0.00

Type     Name                                                                          # reqs      # fails |    Avg     Min     Max    Med |   req/s  failures/s
--------|----------------------------------------------------------------------------|-------|-------------|-------|-------|-------|-------|--------|-----------
GET      /                                                                                101     0(0.00%) |    126      17     557    110 |    3.80        0.00
GET      /cart                                                                            503     0(0.00%) |     72      11     903     43 |   20.10        0.00
POST     /cart [add]                                                                      633     0(0.00%) |     99      16     986     64 |   22.70        0.00
POST     /cart/checkout                                                                   232     0(0.00%) |     97      19    1004     77 |    8.50        0.00
GET      /product/[id]                                                                   1841     0(0.00%) |     66      11    1067     41 |   72.40        0.00
POST     /setCurrency                                                                     421     0(0.00%) |    124      18    1282     86 |   17.50        0.00
--------|----------------------------------------------------------------------------|-------|-------------|-------|-------|-------|-------|--------|-----------
         Aggregated                                                                      3731     0(0.00%) |     83      11    1282     52 |  145.00        0.00

Type     Name                                                                          # reqs      # fails |    Avg     Min     Max    Med |   req/s  failures/s
--------|----------------------------------------------------------------------------|-------|-------------|-------|-------|-------|-------|--------|-----------
GET      /                                                                                111     0(0.00%) |    132      17     557    120 |    4.90        0.00
GET      /cart                                                                            546     0(0.00%) |     78      11     903     51 |   19.30        0.00
POST     /cart [add]                                                                      693     0(0.00%) |    107      16     986     73 |   22.60        0.00
POST     /cart/checkout                                                                   259     0(0.00%) |    107      19    1004     84 |    8.10        0.00
GET      /product/[id]                                                                   2016     0(0.00%) |     72      11    1067     47 |   74.90        0.00
POST     /setCurrency                                                                     454     0(0.00%) |    129      18    1282     99 |   17.60        0.00
--------|----------------------------------------------------------------------------|-------|-------------|-------|-------|-------|-------|--------|-----------
         Aggregated                                                                      4079     0(0.00%) |     89      11    1282     58 |  147.40        0.00

Type     Name                                                                          # reqs      # fails |    Avg     Min     Max    Med |   req/s  failures/s
--------|----------------------------------------------------------------------------|-------|-------------|-------|-------|-------|-------|--------|-----------
GET      /                                                                                119     0(0.00%) |    138      17     557    120 |    4.80        0.00
GET      /cart                                                                            602     0(0.00%) |     91      11     903     57 |   19.30        0.00
POST     /cart [add]                                                                      742     0(0.00%) |    116      16     986     80 |   24.50        0.00
POST     /cart/checkout                                                                   274     0(0.00%) |    112      19    1004     86 |    8.10        0.00
GET      /product/[id]                                                                   2171     0(0.00%) |     79      11    1067     53 |   75.70        0.00
POST     /setCurrency                                                                     483     0(0.00%) |    136      18    1282    100 |   17.30        0.00
--------|----------------------------------------------------------------------------|-------|-------------|-------|-------|-------|-------|--------|-----------
         Aggregated                                                                      4391     0(0.00%) |     97      11    1282     66 |  149.70        0.00

Type     Name                                                                          # reqs      # fails |    Avg     Min     Max    Med |   req/s  failures/s
--------|----------------------------------------------------------------------------|-------|-------------|-------|-------|-------|-------|--------|-----------
GET      /                                                                                124     0(0.00%) |    142      17     557    130 |    5.30        0.00
GET      /cart                                                                            638     0(0.00%) |     96      11     903     68 |   19.60        0.00
POST     /cart [add]                                                                      809     0(0.00%) |    126      16     986     93 |   26.00        0.00
POST     /cart/checkout                                                                   294     0(0.00%) |    116      19    1004     90 |    9.40        0.00
GET      /product/[id]                                                                   2367     0(0.00%) |     83      11    1067     59 |   77.50        0.00
POST     /setCurrency                                                                     522     0(0.00%) |    143      18    1282    110 |   16.80        0.00
--------|----------------------------------------------------------------------------|-------|-------------|-------|-------|-------|-------|--------|-----------
         Aggregated                                                                      4754     0(0.00%) |    103      11    1282     74 |  154.60        0.00

Type     Name                                                                          # reqs      # fails |    Avg     Min     Max    Med |   req/s  failures/s
--------|----------------------------------------------------------------------------|-------|-------------|-------|-------|-------|-------|--------|-----------
GET      /                                                                                136     0(0.00%) |    154      17     604    140 |    5.50        0.00
GET      /cart                                                                            681     0(0.00%) |    101      11     903     73 |   20.90        0.00
POST     /cart [add]                                                                      868     0(0.00%) |    133      16     986    100 |   26.30        0.00
POST     /cart/checkout                                                                   320     0(0.00%) |    123      19    1004     97 |    8.90        0.00
GET      /product/[id]                                                                   2550     0(0.00%) |     88      11    1067     66 |   82.40        0.00
POST     /setCurrency                                                                     559     0(0.00%) |    150      18    1282    120 |   17.40        0.00
--------|----------------------------------------------------------------------------|-------|-------------|-------|-------|-------|-------|--------|-----------
         Aggregated                                                                      5114     0(0.00%) |    108      11    1282     81 |  161.40        0.00

Type     Name                                                                          # reqs      # fails |    Avg     Min     Max    Med |   req/s  failures/s
--------|----------------------------------------------------------------------------|-------|-------------|-------|-------|-------|-------|--------|-----------
GET      /                                                                                147     0(0.00%) |    163      17     604    150 |    5.10        0.00
GET      /cart                                                                            734     0(0.00%) |    110      11     903     81 |   21.90        0.00
POST     /cart [add]                                                                      922     0(0.00%) |    143      16     986    110 |   28.50        0.00
POST     /cart/checkout                                                                   340     0(0.00%) |    129      19    1004     98 |    9.70        0.00
GET      /product/[id]                                                                   2732     0(0.00%) |     94      11    1067     74 |   83.40        0.00
POST     /setCurrency                                                                     595     0(0.00%) |    159      18    1282    130 |   17.10        0.00
--------|----------------------------------------------------------------------------|-------|-------------|-------|-------|-------|-------|--------|-----------
         Aggregated                                                                      5470     0(0.00%) |    115      11    1282     88 |  165.70        0.00

Type     Name                                                                          # reqs      # fails |    Avg     Min     Max    Med |   req/s  failures/s
--------|----------------------------------------------------------------------------|-------|-------------|-------|-------|-------|-------|--------|-----------
GET      /                                                                                155     0(0.00%) |    170      17     734    160 |    4.70        0.00
GET      /cart                                                                            783     0(0.00%) |    116      11    1075     87 |   23.20        0.00
POST     /cart [add]                                                                      981     0(0.00%) |    153      16    1305    120 |   28.90        0.00
POST     /cart/checkout                                                                   367     0(0.00%) |    140      19    1396    100 |   10.50        0.00
GET      /product/[id]                                                                   2937     0(0.00%) |    100      11    1305     80 |   87.60        0.00
POST     /setCurrency                                                                     628     0(0.00%) |    163      18    1282    130 |   17.30        0.00
--------|----------------------------------------------------------------------------|-------|-------------|-------|-------|-------|-------|--------|-----------
         Aggregated                                                                      5851     0(0.00%) |    122      11    1396     95 |  172.20        0.00

Type     Name                                                                          # reqs      # fails |    Avg     Min     Max    Med |   req/s  failures/s
--------|----------------------------------------------------------------------------|-------|-------------|-------|-------|-------|-------|--------|-----------
GET      /                                                                                170     0(0.00%) |    178      17     734    170 |    4.60        0.00
GET      /cart                                                                            830     0(0.00%) |    122      11    1075     93 |   24.00        0.00
POST     /cart [add]                                                                     1042     0(0.00%) |    162      16    1305    130 |   28.90        0.00
POST     /cart/checkout                                                                   391     0(0.00%) |    148      19    1396    110 |   11.10        0.00
GET      /product/[id]                                                                   3116     0(0.00%) |    107      11    1305     86 |   90.50        0.00
POST     /setCurrency                                                                     665     0(0.00%) |    172      18    1282    150 |   17.40        0.00
--------|----------------------------------------------------------------------------|-------|-------------|-------|-------|-------|-------|--------|-----------
         Aggregated                                                                      6214     0(0.00%) |    130      11    1396    100 |  176.50        0.00

Type     Name                                                                          # reqs      # fails |    Avg     Min     Max    Med |   req/s  failures/s
--------|----------------------------------------------------------------------------|-------|-------------|-------|-------|-------|-------|--------|-----------
GET      /                                                                                181     0(0.00%) |    183      17     734    180 |    5.00        0.00
GET      /cart                                                                            878     0(0.00%) |    128      11    1075    100 |   24.00        0.00
POST     /cart [add]                                                                     1104     0(0.00%) |    168      16    1305    140 |   29.20        0.00
POST     /cart/checkout                                                                   404     0(0.00%) |    151      19    1396    110 |   11.20        0.00
GET      /product/[id]                                                                   3333     0(0.00%) |    112      11    1305     94 |   93.80        0.00
POST     /setCurrency                                                                     696     0(0.00%) |    176      18    1282    150 |   16.80        0.00
--------|----------------------------------------------------------------------------|-------|-------------|-------|-------|-------|-------|--------|-----------
         Aggregated                                                                      6596     0(0.00%) |    135      11    1396    110 |  180.00        0.00

Type     Name                                                                          # reqs      # fails |    Avg     Min     Max    Med |   req/s  failures/s
--------|----------------------------------------------------------------------------|-------|-------------|-------|-------|-------|-------|--------|-----------
GET      /                                                                                197     0(0.00%) |    197      17     734    190 |    5.20        0.00
GET      /cart                                                                            922     0(0.00%) |    135      11    1075    110 |   23.70        0.00
POST     /cart [add]                                                                     1165     0(0.00%) |    177      16    1305    150 |   29.70        0.00
POST     /cart/checkout                                                                   426     0(0.00%) |    158      19    1396    120 |   11.60        0.00
GET      /product/[id]                                                                   3516     0(0.00%) |    118      11    1305    100 |   96.30        0.00
POST     /setCurrency                                                                     740     0(0.00%) |    186      18    1282    160 |   16.90        0.00
--------|----------------------------------------------------------------------------|-------|-------------|-------|-------|-------|-------|--------|-----------
         Aggregated                                                                      6966     0(0.00%) |    142      11    1396    120 |  183.40        0.00

Type     Name                                                                          # reqs      # fails |    Avg     Min     Max    Med |   req/s  failures/s
--------|----------------------------------------------------------------------------|-------|-------------|-------|-------|-------|-------|--------|-----------
GET      /                                                                                209     0(0.00%) |    216      17     734    200 |    5.70        0.00
GET      /cart                                                                            973     0(0.00%) |    144      11    1075    120 |   24.00        0.00
POST     /cart [add]                                                                     1219     0(0.00%) |    186      16    1305    160 |   28.80        0.00
POST     /cart/checkout                                                                   451     0(0.00%) |    170      19    1396    130 |   10.80        0.00
GET      /product/[id]                                                                   3716     0(0.00%) |    126      11    1305    110 |   97.90        0.00
POST     /setCurrency                                                                     772     0(0.00%) |    197      18    1282    170 |   17.70        0.00
--------|----------------------------------------------------------------------------|-------|-------------|-------|-------|-------|-------|--------|-----------
         Aggregated                                                                      7340     0(0.00%) |    151      11    1396    120 |  184.90        0.00

Type     Name                                                                          # reqs      # fails |    Avg     Min     Max    Med |   req/s  failures/s
--------|----------------------------------------------------------------------------|-------|-------------|-------|-------|-------|-------|--------|-----------
GET      /                                                                                224     0(0.00%) |    223      17     734    200 |    5.70        0.00
GET      /cart                                                                           1035     0(0.00%) |    150      11    1075    120 |   24.50        0.00
POST     /cart [add]                                                                     1288     0(0.00%) |    194      16    1305    170 |   30.70        0.00
POST     /cart/checkout                                                                   486     0(0.00%) |    179      19    1396    160 |   10.60        0.00
GET      /product/[id]                                                                   3907     0(0.00%) |    130      11    1305    110 |   97.50        0.00
POST     /setCurrency                                                                     818     0(0.00%) |    205      18    1282    190 |   17.40        0.00
--------|----------------------------------------------------------------------------|-------|-------------|-------|-------|-------|-------|--------|-----------
         Aggregated                                                                      7758     0(0.00%) |    157      11    1396    130 |  186.40        0.00

Type     Name                                                                          # reqs      # fails |    Avg     Min     Max    Med |   req/s  failures/s
--------|----------------------------------------------------------------------------|-------|-------------|-------|-------|-------|-------|--------|-----------
GET      /                                                                                234     0(0.00%) |    231      17     800    210 |    6.40        0.00
GET      /cart                                                                           1087     0(0.00%) |    156      11    1075    130 |   24.40        0.00
POST     /cart [add]                                                                     1340     0(0.00%) |    204      16    1307    180 |   30.30        0.00
POST     /cart/checkout                                                                   507     0(0.00%) |    185      19    1396    170 |   11.70        0.00
GET      /product/[id]                                                                   4117     0(0.00%) |    137      11    1379    120 |   98.00        0.00
POST     /setCurrency                                                                     851     0(0.00%) |    211      18    1282    190 |   18.90        0.00
--------|----------------------------------------------------------------------------|-------|-------------|-------|-------|-------|-------|--------|-----------
         Aggregated                                                                      8136     0(0.00%) |    164      11    1396    130 |  189.70        0.00

Type     Name                                                                          # reqs      # fails |    Avg     Min     Max    Med |   req/s  failures/s
--------|----------------------------------------------------------------------------|-------|-------------|-------|-------|-------|-------|--------|-----------
GET      /                                                                                251     0(0.00%) |    245      17    1172    220 |    6.50        0.00
GET      /cart                                                                           1128     0(0.00%) |    160      11    1075    140 |   25.20        0.00
POST     /cart [add]                                                                     1412     0(0.00%) |    214      16    1307    190 |   29.70        0.00
POST     /cart/checkout                                                                   540     0(0.00%) |    194      19    1396    180 |   11.30        0.00
GET      /product/[id]                                                                   4319     0(0.00%) |    143      11    1379    120 |   99.80        0.00
POST     /setCurrency                                                                     889     0(0.00%) |    218      18    1282    200 |   19.30        0.00
--------|----------------------------------------------------------------------------|-------|-------------|-------|-------|-------|-------|--------|-----------
         Aggregated                                                                      8539     0(0.00%) |    171      11    1396    140 |  191.80        0.00

Type     Name                                                                          # reqs      # fails |    Avg     Min     Max    Med |   req/s  failures/s
--------|----------------------------------------------------------------------------|-------|-------------|-------|-------|-------|-------|--------|-----------
GET      /                                                                                265     0(0.00%) |    255      17    1172    220 |    7.20        0.00
GET      /cart                                                                           1180     0(0.00%) |    165      11    1075    140 |   24.90        0.00
POST     /cart [add]                                                                     1477     0(0.00%) |    219      16    1307    200 |   31.30        0.00
POST     /cart/checkout                                                                   563     0(0.00%) |    198      19    1396    180 |   12.40        0.00
GET      /product/[id]                                                                   4544     0(0.00%) |    147      11    1379    130 |   97.80        0.00
POST     /setCurrency                                                                     937     0(0.00%) |    229      18    1282    210 |   19.60        0.00
--------|----------------------------------------------------------------------------|-------|-------------|-------|-------|-------|-------|--------|-----------
         Aggregated                                                                      8966     0(0.00%) |    176      11    1396    150 |  193.20        0.00

Type     Name                                                                          # reqs      # fails |    Avg     Min     Max    Med |   req/s  failures/s
--------|----------------------------------------------------------------------------|-------|-------------|-------|-------|-------|-------|--------|-----------
GET      /                                                                                285     0(0.00%) |    266      17    1172    240 |    7.00        0.00
GET      /cart                                                                           1232     0(0.00%) |    171      11    1075    150 |   25.60        0.00
POST     /cart [add]                                                                     1552     0(0.00%) |    228      16    1307    210 |   31.40        0.00
POST     /cart/checkout                                                                   587     0(0.00%) |    202      19    1396    190 |   13.40        0.00
GET      /product/[id]                                                                   4741     0(0.00%) |    153      11    1379    130 |  101.80        0.00
POST     /setCurrency                                                                     987     0(0.00%) |    239      18    1282    220 |   19.30        0.00
--------|----------------------------------------------------------------------------|-------|-------------|-------|-------|-------|-------|--------|-----------
         Aggregated                                                                      9384     0(0.00%) |    183      11    1396    160 |  198.50        0.00

Type     Name                                                                          # reqs      # fails |    Avg     Min     Max    Med |   req/s  failures/s
--------|----------------------------------------------------------------------------|-------|-------------|-------|-------|-------|-------|--------|-----------
GET      /                                                                                291     0(0.00%) |    268      17    1172    240 |    7.70        0.00
GET      /cart                                                                           1287     0(0.00%) |    176      11    1075    160 |   25.60        0.00
POST     /cart [add]                                                                     1625     0(0.00%) |    236      16    1307    220 |   30.90        0.00
POST     /cart/checkout                                                                   612     0(0.00%) |    206      19    1396    190 |   13.80        0.00
GET      /product/[id]                                                                   4967     0(0.00%) |    157      11    1379    140 |  102.30        0.00
POST     /setCurrency                                                                    1045     0(0.00%) |    246      18    1282    230 |   21.00        0.00
--------|----------------------------------------------------------------------------|-------|-------------|-------|-------|-------|-------|--------|-----------
         Aggregated                                                                      9827     0(0.00%) |    188      11    1396    160 |  201.30        0.00

Type     Name                                                                          # reqs      # fails |    Avg     Min     Max    Med |   req/s  failures/s
--------|----------------------------------------------------------------------------|-------|-------------|-------|-------|-------|-------|--------|-----------
GET      /                                                                                303     0(0.00%) |    275      17    1172    250 |    7.50        0.00
GET      /cart                                                                           1331     0(0.00%) |    180      11    1075    160 |   26.20        0.00
POST     /cart [add]                                                                     1695     0(0.00%) |    244      16    1307    230 |   33.70        0.00
POST     /cart/checkout                                                                   639     0(0.00%) |    211      19    1396    200 |   13.20        0.00
GET      /product/[id]                                                                   5190     0(0.00%) |    163      11    1379    150 |  104.10        0.00
POST     /setCurrency                                                                    1085     0(0.00%) |    253      18    1282    240 |   20.90        0.00
--------|----------------------------------------------------------------------------|-------|-------------|-------|-------|-------|-------|--------|-----------
         Aggregated                                                                     10243     0(0.00%) |    195      11    1396    170 |  205.60        0.00

Type     Name                                                                          # reqs      # fails |    Avg     Min     Max    Med |   req/s  failures/s
--------|----------------------------------------------------------------------------|-------|-------------|-------|-------|-------|-------|--------|-----------
GET      /                                                                                320     0(0.00%) |    282      17    1172    260 |    7.20        0.00
GET      /cart                                                                           1400     0(0.00%) |    188      11    1075    170 |   24.70        0.00
POST     /cart [add]                                                                     1771     0(0.00%) |    252      16    1307    230 |   35.70        0.00
POST     /cart/checkout                                                                   665     0(0.00%) |    216      19    1396    200 |   12.90        0.00
GET      /product/[id]                                                                   5411     0(0.00%) |    169      11    1379    150 |  106.90        0.00
POST     /setCurrency                                                                    1132     0(0.00%) |    260      18    1282    240 |   23.70        0.00
--------|----------------------------------------------------------------------------|-------|-------------|-------|-------|-------|-------|--------|-----------
         Aggregated                                                                     10699     0(0.00%) |    201      11    1396    180 |  211.10        0.00

Type     Name                                                                          # reqs      # fails |    Avg     Min     Max    Med |   req/s  failures/s
--------|----------------------------------------------------------------------------|-------|-------------|-------|-------|-------|-------|--------|-----------
GET      /                                                                                332     0(0.00%) |    284      17    1172    270 |    6.60        0.00
GET      /cart                                                                           1443     0(0.00%) |    192      11    1075    180 |   25.80        0.00
POST     /cart [add]                                                                     1838     0(0.00%) |    259      16    1307    240 |   35.60        0.00
POST     /cart/checkout                                                                   694     0(0.00%) |    224      19    1396    200 |   13.00        0.00
GET      /product/[id]                                                                   5652     0(0.00%) |    175      11    1379    160 |  108.60        0.00
POST     /setCurrency                                                                    1165     0(0.00%) |    262      18    1282    250 |   23.90        0.00
--------|----------------------------------------------------------------------------|-------|-------------|-------|-------|-------|-------|--------|-----------
         Aggregated                                                                     11124     0(0.00%) |    207      11    1396    190 |  213.50        0.00

Type     Name                                                                          # reqs      # fails |    Avg     Min     Max    Med |   req/s  failures/s
--------|----------------------------------------------------------------------------|-------|-------------|-------|-------|-------|-------|--------|-----------
GET      /                                                                                341     0(0.00%) |    288      17    1172    270 |    6.50        0.00
GET      /cart                                                                           1509     0(0.00%) |    202      11    1075    190 |   26.30        0.00
POST     /cart [add]                                                                     1906     0(0.00%) |    269      16    1307    250 |   36.50        0.00
POST     /cart/checkout                                                                   713     0(0.00%) |    230      19    1396    210 |   13.20        0.00
GET      /product/[id]                                                                   5883     0(0.00%) |    183      11    1379    160 |  110.30        0.00
POST     /setCurrency                                                                    1205     0(0.00%) |    268      18    1282    250 |   23.50        0.00
--------|----------------------------------------------------------------------------|-------|-------------|-------|-------|-------|-------|--------|-----------
         Aggregated                                                                     11557     0(0.00%) |    215      11    1396    190 |  216.30        0.00

Type     Name                                                                          # reqs      # fails |    Avg     Min     Max    Med |   req/s  failures/s
--------|----------------------------------------------------------------------------|-------|-------------|-------|-------|-------|-------|--------|-----------
GET      /                                                                                359     0(0.00%) |    299      17    1172    280 |    5.90        0.00
GET      /cart                                                                           1579     0(0.00%) |    211      11    1075    190 |   27.40        0.00
POST     /cart [add]                                                                     1973     0(0.00%) |    278      16    1307    260 |   36.50        0.00
POST     /cart/checkout                                                                   746     0(0.00%) |    237      19    1396    220 |   13.10        0.00
GET      /product/[id]                                                                   6089     0(0.00%) |    188      11    1379    170 |  112.30        0.00
POST     /setCurrency                                                                    1248     0(0.00%) |    277      18    1282    260 |   22.40        0.00
--------|----------------------------------------------------------------------------|-------|-------------|-------|-------|-------|-------|--------|-----------
         Aggregated                                                                     11994     0(0.00%) |    221      11    1396    200 |  217.60        0.00

Type     Name                                                                          # reqs      # fails |    Avg     Min     Max    Med |   req/s  failures/s
--------|----------------------------------------------------------------------------|-------|-------------|-------|-------|-------|-------|--------|-----------
GET      /                                                                                372     0(0.00%) |    302      17    1172    290 |    6.00        0.00
GET      /cart                                                                           1633     0(0.00%) |    217      11    1075    200 |   27.60        0.00
POST     /cart [add]                                                                     2046     0(0.00%) |    288      16    1307    260 |   34.30        0.00
POST     /cart/checkout                                                                   764     0(0.00%) |    241      19    1396    220 |   13.30        0.00
GET      /product/[id]                                                                   6303     0(0.00%) |    196      11    1379    180 |  113.70        0.00
POST     /setCurrency                                                                    1281     0(0.00%) |    280      18    1282    270 |   21.50        0.00
--------|----------------------------------------------------------------------------|-------|-------------|-------|-------|-------|-------|--------|-----------
         Aggregated                                                                     12399     0(0.00%) |    228      11    1396    200 |  216.40        0.00

Type     Name                                                                          # reqs      # fails |    Avg     Min     Max    Med |   req/s  failures/s
--------|----------------------------------------------------------------------------|-------|-------------|-------|-------|-------|-------|--------|-----------
GET      /                                                                                387     0(0.00%) |    308      17    1172    300 |    6.70        0.00
GET      /cart                                                                           1684     0(0.00%) |    224      11    1075    200 |   29.90        0.00
POST     /cart [add]                                                                     2119     0(0.00%) |    297      16    1307    280 |   34.30        0.00
POST     /cart/checkout                                                                   793     0(0.00%) |    249      19    1396    230 |   13.10        0.00
GET      /product/[id]                                                                   6544     0(0.00%) |    202      11    1379    180 |  110.10        0.00
POST     /setCurrency                                                                    1332     0(0.00%) |    287      18    1282    280 |   19.70        0.00
--------|----------------------------------------------------------------------------|-------|-------------|-------|-------|-------|-------|--------|-----------
         Aggregated                                                                     12859     0(0.00%) |    235      11    1396    210 |  213.80        0.00

Type     Name                                                                          # reqs      # fails |    Avg     Min     Max    Med |   req/s  failures/s
--------|----------------------------------------------------------------------------|-------|-------------|-------|-------|-------|-------|--------|-----------
GET      /                                                                                400     0(0.00%) |    313      17    1172    300 |    6.50        0.00
GET      /cart                                                                           1745     0(0.00%) |    228      11    1108    210 |   29.80        0.00
POST     /cart [add]                                                                     2191     0(0.00%) |    303      16    1307    280 |   33.70        0.00
POST     /cart/checkout                                                                   821     0(0.00%) |    254      19    1396    240 |   12.90        0.00
GET      /product/[id]                                                                   6776     0(0.00%) |    206      11    1379    190 |  112.70        0.00
POST     /setCurrency                                                                    1396     0(0.00%) |    298      18    1497    280 |   19.30        0.00
--------|----------------------------------------------------------------------------|-------|-------------|-------|-------|-------|-------|--------|-----------
         Aggregated                                                                     13329     0(0.00%) |    241      11    1497    220 |  214.90        0.00

Type     Name                                                                          # reqs      # fails |    Avg     Min     Max    Med |   req/s  failures/s
--------|----------------------------------------------------------------------------|-------|-------------|-------|-------|-------|-------|--------|-----------
GET      /                                                                                423     0(0.00%) |    323      17    1172    310 |    7.20        0.00
GET      /cart                                                                           1799     0(0.00%) |    235      11    1108    220 |   29.90        0.00
POST     /cart [add]                                                                     2264     0(0.00%) |    312      16    1307    290 |   33.90        0.00
POST     /cart/checkout                                                                   852     0(0.00%) |    262      19    1396    250 |   12.60        0.00
GET      /product/[id]                                                                   6994     0(0.00%) |    212      11    1379    190 |  110.30        0.00
POST     /setCurrency                                                                    1444     0(0.00%) |    305      18    1497    290 |   21.50        0.00
--------|----------------------------------------------------------------------------|-------|-------------|-------|-------|-------|-------|--------|-----------
         Aggregated                                                                     13776     0(0.00%) |    248      11    1497    220 |  215.40        0.00

Type     Name                                                                          # reqs      # fails |    Avg     Min     Max    Med |   req/s  failures/s
--------|----------------------------------------------------------------------------|-------|-------------|-------|-------|-------|-------|--------|-----------
GET      /                                                                                440     0(0.00%) |    330      17    1172    320 |    7.60        0.00
GET      /cart                                                                           1856     0(0.00%) |    240      11    1108    220 |   28.80        0.00
POST     /cart [add]                                                                     2339     0(0.00%) |    318      16    1307    300 |   35.20        0.00
POST     /cart/checkout                                                                   879     0(0.00%) |    267      19    1396    250 |   13.30        0.00
GET      /product/[id]                                                                   7238     0(0.00%) |    217      11    1379    200 |  111.80        0.00
POST     /setCurrency                                                                    1491     0(0.00%) |    311      18    1497    300 |   23.70        0.00
--------|----------------------------------------------------------------------------|-------|-------------|-------|-------|-------|-------|--------|-----------
         Aggregated                                                                     14243     0(0.00%) |    253      11    1497    230 |  220.40        0.00

Type     Name                                                                          # reqs      # fails |    Avg     Min     Max    Med |   req/s  failures/s
--------|----------------------------------------------------------------------------|-------|-------------|-------|-------|-------|-------|--------|-----------
GET      /                                                                                453     0(0.00%) |    338      17    1219    320 |    8.60        0.00
GET      /cart                                                                           1900     0(0.00%) |    248      11    1108    230 |   28.50        0.00
POST     /cart [add]                                                                     2393     0(0.00%) |    327      16    1329    310 |   36.70        0.00
POST     /cart/checkout                                                                   898     0(0.00%) |    273      19    1396    260 |   13.40        0.00
GET      /product/[id]                                                                   7454     0(0.00%) |    226      11    1379    210 |  113.10        0.00
POST     /setCurrency                                                                    1534     0(0.00%) |    319      18    1497    310 |   24.50        0.00
--------|----------------------------------------------------------------------------|-------|-------------|-------|-------|-------|-------|--------|-----------
         Aggregated                                                                     14632     0(0.00%) |    262      11    1497    240 |  224.80        0.00

Type     Name                                                                          # reqs      # fails |    Avg     Min     Max    Med |   req/s  failures/s
--------|----------------------------------------------------------------------------|-------|-------------|-------|-------|-------|-------|--------|-----------
GET      /                                                                                463     0(0.00%) |    344      17    1219    330 |    7.90        0.00
GET      /cart                                                                           1957     0(0.00%) |    255      11    1108    240 |   27.00        0.00
POST     /cart [add]                                                                     2474     0(0.00%) |    337      16    1329    310 |   35.90        0.00
POST     /cart/checkout                                                                   924     0(0.00%) |    279      19    1396    270 |   13.40        0.00
GET      /product/[id]                                                                   7684     0(0.00%) |    234      11    1379    210 |  115.70        0.00
POST     /setCurrency                                                                    1584     0(0.00%) |    327      18    1497    320 |   25.10        0.00
--------|----------------------------------------------------------------------------|-------|-------------|-------|-------|-------|-------|--------|-----------
         Aggregated                                                                     15086     0(0.00%) |    269      11    1497    240 |  225.00        0.00

Type     Name                                                                          # reqs      # fails |    Avg     Min     Max    Med |   req/s  failures/s
--------|----------------------------------------------------------------------------|-------|-------------|-------|-------|-------|-------|--------|-----------
GET      /                                                                                476     0(0.00%) |    347      17    1219    330 |    8.20        0.00
GET      /cart                                                                           2020     0(0.00%) |    260      11    1108    240 |   26.70        0.00
POST     /cart [add]                                                                     2571     0(0.00%) |    344      16    1329    320 |   36.20        0.00
POST     /cart/checkout                                                                   954     0(0.00%) |    282      19    1396    270 |   13.20        0.00
GET      /product/[id]                                                                   7949     0(0.00%) |    238      11    1379    220 |  115.10        0.00
POST     /setCurrency                                                                    1632     0(0.00%) |    329      18    1497    320 |   25.40        0.00
--------|----------------------------------------------------------------------------|-------|-------------|-------|-------|-------|-------|--------|-----------
         Aggregated                                                                     15602     0(0.00%) |    274      11    1497    250 |  224.80        0.00

Type     Name                                                                          # reqs      # fails |    Avg     Min     Max    Med |   req/s  failures/s
--------|----------------------------------------------------------------------------|-------|-------------|-------|-------|-------|-------|--------|-----------
GET      /                                                                                488     0(0.00%) |    353      17    1219    340 |    7.40        0.00
GET      /cart                                                                           2081     0(0.00%) |    269      11    1324    250 |   27.90        0.00
POST     /cart [add]                                                                     2642     0(0.00%) |    354      16    1430    330 |   37.70        0.00
POST     /cart/checkout                                                                   993     0(0.00%) |    294      19    1396    280 |   13.10        0.00
GET      /product/[id]                                                                   8152     0(0.00%) |    245      11    1379    220 |  117.40        0.00
POST     /setCurrency                                                                    1670     0(0.00%) |    335      18    1497    320 |   24.70        0.00
--------|----------------------------------------------------------------------------|-------|-------------|-------|-------|-------|-------|--------|-----------
         Aggregated                                                                     16026     0(0.00%) |    282      11    1497    260 |  228.20        0.00

Type     Name                                                                          # reqs      # fails |    Avg     Min     Max    Med |   req/s  failures/s
--------|----------------------------------------------------------------------------|-------|-------------|-------|-------|-------|-------|--------|-----------
GET      /                                                                                509     0(0.00%) |    364      17    1219    350 |    6.80        0.00
GET      /cart                                                                           2133     0(0.00%) |    276      11    1324    250 |   28.50        0.00
POST     /cart [add]                                                                     2717     0(0.00%) |    364      16    1430    340 |   38.40        0.00
POST     /cart/checkout                                                                  1026     0(0.00%) |    302      19    1396    290 |   13.40        0.00
GET      /product/[id]                                                                   8368     0(0.00%) |    251      11    1379    230 |  115.40        0.00
POST     /setCurrency                                                                    1699     0(0.00%) |    340      18    1497    320 |   22.80        0.00
--------|----------------------------------------------------------------------------|-------|-------------|-------|-------|-------|-------|--------|-----------
         Aggregated                                                                     16452     0(0.00%) |    289      11    1497    260 |  225.30        0.00

Type     Name                                                                          # reqs      # fails |    Avg     Min     Max    Med |   req/s  failures/s
--------|----------------------------------------------------------------------------|-------|-------------|-------|-------|-------|-------|--------|-----------
GET      /                                                                                518     0(0.00%) |    371      17    1219    350 |    6.50        0.00
GET      /cart                                                                           2184     0(0.00%) |    284      11    1324    260 |   27.80        0.00
POST     /cart [add]                                                                     2783     0(0.00%) |    374      16    1566    350 |   38.80        0.00
POST     /cart/checkout                                                                  1047     0(0.00%) |    307      19    1396    290 |   14.30        0.00
GET      /product/[id]                                                                   8583     0(0.00%) |    260      11    1379    240 |  113.50        0.00
POST     /setCurrency                                                                    1753     0(0.00%) |    351      18    1497    330 |   21.70        0.00
--------|----------------------------------------------------------------------------|-------|-------------|-------|-------|-------|-------|--------|-----------
         Aggregated                                                                     16868     0(0.00%) |    298      11    1566    270 |  222.60        0.00

Type     Name                                                                          # reqs      # fails |    Avg     Min     Max    Med |   req/s  failures/s
--------|----------------------------------------------------------------------------|-------|-------------|-------|-------|-------|-------|--------|-----------
GET      /                                                                                539     0(0.00%) |    379      17    1219    360 |    6.70        0.00
GET      /cart                                                                           2247     0(0.00%) |    292      11    1324    260 |   28.30        0.00
POST     /cart [add]                                                                     2852     0(0.00%) |    382      16    1566    360 |   37.70        0.00
POST     /cart/checkout                                                                  1075     0(0.00%) |    315      19    1396    300 |   15.20        0.00
GET      /product/[id]                                                                   8848     0(0.00%) |    267      11    1379    240 |  113.60        0.00
POST     /setCurrency                                                                    1802     0(0.00%) |    356      18    1497    340 |   21.90        0.00
--------|----------------------------------------------------------------------------|-------|-------------|-------|-------|-------|-------|--------|-----------
         Aggregated                                                                     17363     0(0.00%) |    305      11    1566    280 |  223.40        0.00

Type     Name                                                                          # reqs      # fails |    Avg     Min     Max    Med |   req/s  failures/s
--------|----------------------------------------------------------------------------|-------|-------------|-------|-------|-------|-------|--------|-----------
GET      /                                                                                556     0(0.00%) |    383      17    1219    370 |    6.90        0.00
GET      /cart                                                                           2311     0(0.00%) |    296      11    1324    270 |   28.60        0.00
POST     /cart [add]                                                                     2936     0(0.00%) |    389      16    1566    360 |   38.20        0.00
POST     /cart/checkout                                                                  1100     0(0.00%) |    318      19    1396    300 |   14.90        0.00
GET      /product/[id]                                                                   9126     0(0.00%) |    272      11    1379    250 |  114.50        0.00
POST     /setCurrency                                                                    1857     0(0.00%) |    360      18    1497    340 |   21.80        0.00
--------|----------------------------------------------------------------------------|-------|-------------|-------|-------|-------|-------|--------|-----------
         Aggregated                                                                     17886     0(0.00%) |    310      11    1566    280 |  224.90        0.00

Type     Name                                                                          # reqs      # fails |    Avg     Min     Max    Med |   req/s  failures/s
--------|----------------------------------------------------------------------------|-------|-------------|-------|-------|-------|-------|--------|-----------
GET      /                                                                                574     0(0.00%) |    392      17    1219    370 |    8.10        0.00
GET      /cart                                                                           2364     0(0.00%) |    304      11    1439    280 |   28.80        0.00
POST     /cart [add]                                                                     3013     0(0.00%) |    398      16    1639    370 |   36.20        0.00
POST     /cart/checkout                                                                  1129     0(0.00%) |    328      19    1500    300 |   14.40        0.00
GET      /product/[id]                                                                   9348     0(0.00%) |    279      11    1470    250 |  115.60        0.00
POST     /setCurrency                                                                    1901     0(0.00%) |    369      18    1497    350 |   22.30        0.00
--------|----------------------------------------------------------------------------|-------|-------------|-------|-------|-------|-------|--------|-----------
         Aggregated                                                                     18329     0(0.00%) |    318      11    1639    290 |  225.40        0.00

Type     Name                                                                          # reqs      # fails |    Avg     Min     Max    Med |   req/s  failures/s
--------|----------------------------------------------------------------------------|-------|-------------|-------|-------|-------|-------|--------|-----------
GET      /                                                                                587     0(0.00%) |    398      17    1222    380 |    8.30        0.00
GET      /cart                                                                           2417     0(0.00%) |    310      11    1439    280 |   27.90        0.00
POST     /cart [add]                                                                     3079     0(0.00%) |    405      16    1876    380 |   37.00        0.00
POST     /cart/checkout                                                                  1155     0(0.00%) |    334      19    1500    300 |   14.10        0.00
GET      /product/[id]                                                                   9577     0(0.00%) |    285      11    1492    260 |  118.70        0.00
POST     /setCurrency                                                                    1946     0(0.00%) |    374      18    1497    360 |   22.50        0.00
--------|----------------------------------------------------------------------------|-------|-------------|-------|-------|-------|-------|--------|-----------
         Aggregated                                                                     18761     0(0.00%) |    324      11    1876    300 |  228.50        0.00

Type     Name                                                                          # reqs      # fails |    Avg     Min     Max    Med |   req/s  failures/s
--------|----------------------------------------------------------------------------|-------|-------------|-------|-------|-------|-------|--------|-----------
GET      /                                                                                594     0(0.00%) |    404      17    1572    380 |    8.10        0.00
GET      /cart                                                                           2452     0(0.00%) |    319      11    1904    290 |   28.50        0.00
POST     /cart [add]                                                                     3119     0(0.00%) |    414      16    1912    390 |   36.90        0.00
POST     /cart/checkout                                                                  1167     0(0.00%) |    340      19    1500    310 |   13.30        0.00
GET      /product/[id]                                                                   9736     0(0.00%) |    294      11    1492    270 |  121.80        0.00
POST     /setCurrency                                                                    1974     0(0.00%) |    380      18    1648    360 |   23.80        0.00
--------|----------------------------------------------------------------------------|-------|-------------|-------|-------|-------|-------|--------|-----------
         Aggregated                                                                     19042     0(0.00%) |    332      11    1912    300 |  232.40        0.00

Type     Name                                                                          # reqs      # fails |    Avg     Min     Max    Med |   req/s  failures/s
--------|----------------------------------------------------------------------------|-------|-------------|-------|-------|-------|-------|--------|-----------
GET      /                                                                                614     0(0.00%) |    410      17    1573    390 |    7.70        0.00
GET      /cart                                                                           2506     0(0.00%) |    331      11    2141    290 |   27.70        0.00
POST     /cart [add]                                                                     3199     0(0.00%) |    430      16    2201    400 |   35.70        0.00
POST     /cart/checkout                                                                  1195     0(0.00%) |    350      19    1500    310 |   11.70        0.00
GET      /product/[id]                                                                   9998     0(0.00%) |    307      11    2152    270 |  118.30        0.00
POST     /setCurrency                                                                    2023     0(0.00%) |    388      18    1737    360 |   22.70        0.00
--------|----------------------------------------------------------------------------|-------|-------------|-------|-------|-------|-------|--------|-----------
         Aggregated                                                                     19535     0(0.00%) |    345      11    2201    310 |  223.80        0.00

Type     Name                                                                          # reqs      # fails |    Avg     Min     Max    Med |   req/s  failures/s
--------|----------------------------------------------------------------------------|-------|-------------|-------|-------|-------|-------|--------|-----------
GET      /                                                                                632     0(0.00%) |    419      17    1573    400 |    7.10        0.00
GET      /cart                                                                           2553     0(0.00%) |    336      11    2141    300 |   26.40        0.00
POST     /cart [add]                                                                     3279     0(0.00%) |    437      16    2201    400 |   34.70        0.00
POST     /cart/checkout                                                                  1219     0(0.00%) |    354      19    1500    310 |   11.90        0.00
GET      /product/[id]                                                                  10243     0(0.00%) |    313      11    2152    280 |  113.80        0.00
POST     /setCurrency                                                                    2084     0(0.00%) |    398      18    1737    370 |   22.20        0.00
--------|----------------------------------------------------------------------------|-------|-------------|-------|-------|-------|-------|--------|-----------
         Aggregated                                                                     20010     0(0.00%) |    351      11    2201    310 |  216.10        0.00

Type     Name                                                                          # reqs      # fails |    Avg     Min     Max    Med |   req/s  failures/s
--------|----------------------------------------------------------------------------|-------|-------------|-------|-------|-------|-------|--------|-----------
GET      /                                                                                651     0(0.00%) |    431      17    1573    410 |    7.40        0.00
GET      /cart                                                                           2593     0(0.00%) |    341      11    2141    300 |   24.30        0.00
POST     /cart [add]                                                                     3362     0(0.00%) |    448      16    2201    410 |   34.90        0.00
POST     /cart/checkout                                                                  1245     0(0.00%) |    360      19    1500    320 |   12.20        0.00
GET      /product/[id]                                                                  10466     0(0.00%) |    319      11    2152    290 |  115.10        0.00
POST     /setCurrency                                                                    2134     0(0.00%) |    407      18    1737    380 |   21.40        0.00
--------|----------------------------------------------------------------------------|-------|-------------|-------|-------|-------|-------|--------|-----------
         Aggregated                                                                     20451     0(0.00%) |    359      11    2201    320 |  215.30        0.00

Type     Name                                                                          # reqs      # fails |    Avg     Min     Max    Med |   req/s  failures/s
--------|----------------------------------------------------------------------------|-------|-------------|-------|-------|-------|-------|--------|-----------
GET      /                                                                                664     0(0.00%) |    436      17    1573    410 |    7.60        0.00
GET      /cart                                                                           2639     0(0.00%) |    349      11    2141    310 |   23.60        0.00
POST     /cart [add]                                                                     3438     0(0.00%) |    460      16    2201    420 |   34.00        0.00
POST     /cart/checkout                                                                  1276     0(0.00%) |    369      19    1500    330 |   11.90        0.00
GET      /product/[id]                                                                  10669     0(0.00%) |    327      11    2152    290 |  113.00        0.00
POST     /setCurrency                                                                    2184     0(0.00%) |    414      18    1737    380 |   23.50        0.00
--------|----------------------------------------------------------------------------|-------|-------------|-------|-------|-------|-------|--------|-----------
         Aggregated                                                                     20870     0(0.00%) |    367      11    2201    330 |  213.60        0.00

Type     Name                                                                          # reqs      # fails |    Avg     Min     Max    Med |   req/s  failures/s
--------|----------------------------------------------------------------------------|-------|-------------|-------|-------|-------|-------|--------|-----------
GET      /                                                                                677     0(0.00%) |    444      17    1573    420 |    5.65        0.00
GET      /cart                                                                           2680     0(0.00%) |    358      11    2141    310 |   22.36        0.00
POST     /cart [add]                                                                     3482     0(0.00%) |    467      16    2201    430 |   29.05        0.00
POST     /cart/checkout                                                                  1297     0(0.00%) |    377      19    1778    340 |   10.82        0.00
GET      /product/[id]                                                                  10838     0(0.00%) |    335      11    2152    300 |   90.43        0.00
POST     /setCurrency                                                                    2215     0(0.00%) |    420      18    1737    390 |   18.48        0.00
--------|----------------------------------------------------------------------------|-------|-------------|-------|-------|-------|-------|--------|-----------
         Aggregated                                                                     21189     0(0.00%) |    374      11    2201    330 |  176.79        0.00

Response time percentiles (approximated)
Type     Name                                                                                  50%    66%    75%    80%    90%    95%    98%    99%  99.9% 99.99%   100% # reqs
--------|--------------------------------------------------------------------------------|--------|------|------|------|------|------|------|------|------|------|------|------
GET      /                                                                                     420    520    590    650    760    900   1100   1200   1600   1600   1600    677
GET      /cart                                                                                 310    420    490    540    710    870   1100   1200   1900   2100   2100   2680
POST     /cart [add]                                                                           430    560    650    700    890   1100   1300   1400   1900   2200   2200   3482
POST     /cart/checkout                                                                        340    440    500    560    700    880   1100   1200   1500   1800   1800   1297
GET      /product/[id]                                                                         300    400    470    510    650    790    970   1100   1600   1800   2200  10838
POST     /setCurrency                                                                          390    490    560    610    760    910   1100   1200   1600   1700   1700   2215
--------|--------------------------------------------------------------------------------|--------|------|------|------|------|------|------|------|------|------|------|------
         Aggregated                                                                            330    440    520    570    720    880   1100   1200   1800   2100   2200  21189

