23:04:51 RESTART pod=adservice-574bff445c-qb9cj restarts=1
23:04:51 RESTART pod=currencyservice-7c8fc8fc9c-4hm9g restarts=9
23:04:51 RESTART pod=currencyservice-7c8fc8fc9c-5frj9 restarts=2
23:04:51 RESTART pod=currencyservice-7c8fc8fc9c-mgwx9 restarts=2
23:04:51 RESTART pod=recommendationservice-7444754ff5-n8cbh restarts=6
23:04:54 RESTART pod=adservice-574bff445c-qb9cj restarts=1
23:04:54 RESTART pod=currencyservice-7c8fc8fc9c-4hm9g restarts=9
23:04:54 RESTART pod=currencyservice-7c8fc8fc9c-5frj9 restarts=2
23:04:54 RESTART pod=currencyservice-7c8fc8fc9c-mgwx9 restarts=2
23:04:54 RESTART pod=recommendationservice-7444754ff5-n8cbh restarts=6
23:04:59 RESTART pod=adservice-574bff445c-qb9cj restarts=1
23:04:59 RESTART pod=currencyservice-7c8fc8fc9c-4hm9g restarts=9
23:04:59 RESTART pod=currencyservice-7c8fc8fc9c-5frj9 restarts=2
23:04:59 RESTART pod=currencyservice-7c8fc8fc9c-mgwx9 restarts=2
23:04:59 RESTART pod=recommendationservice-7444754ff5-n8cbh restarts=6
23:05:01 RESTART pod=adservice-574bff445c-qb9cj restarts=1
23:05:01 RESTART pod=currencyservice-7c8fc8fc9c-4hm9g restarts=9
23:05:01 RESTART pod=currencyservice-7c8fc8fc9c-5frj9 restarts=2
23:05:01 RESTART pod=currencyservice-7c8fc8fc9c-mgwx9 restarts=2
23:05:01 RESTART pod=recommendationservice-7444754ff5-n8cbh restarts=6
23:05:04 RESTART pod=adservice-574bff445c-qb9cj restarts=1
23:05:04 RESTART pod=currencyservice-7c8fc8fc9c-4hm9g restarts=9
23:05:04 RESTART pod=currencyservice-7c8fc8fc9c-5frj9 restarts=2
23:05:04 RESTART pod=currencyservice-7c8fc8fc9c-mgwx9 restarts=2
23:05:04 RESTART pod=recommendationservice-7444754ff5-n8cbh restarts=6
23:05:09 RESTART pod=adservice-574bff445c-qb9cj restarts=1
23:05:09 RESTART pod=currencyservice-7c8fc8fc9c-4hm9g restarts=9
23:05:09 RESTART pod=currencyservice-7c8fc8fc9c-5frj9 restarts=2
23:05:09 RESTART pod=currencyservice-7c8fc8fc9c-mgwx9 restarts=2
23:05:09 RESTART pod=recommendationservice-7444754ff5-n8cbh restarts=6
23:05:12 RESTART pod=adservice-574bff445c-qb9cj restarts=1
23:05:12 RESTART pod=currencyservice-7c8fc8fc9c-4hm9g restarts=9
23:05:12 RESTART pod=currencyservice-7c8fc8fc9c-5frj9 restarts=2
23:05:12 RESTART pod=currencyservice-7c8fc8fc9c-mgwx9 restarts=2
23:05:12 RESTART pod=recommendationservice-7444754ff5-n8cbh restarts=6
23:05:14 RESTART pod=adservice-574bff445c-qb9cj restarts=1
23:05:14 RESTART pod=currencyservice-7c8fc8fc9c-4hm9g restarts=9
23:05:14 RESTART pod=currencyservice-7c8fc8fc9c-5frj9 restarts=2
23:05:14 RESTART pod=currencyservice-7c8fc8fc9c-mgwx9 restarts=2
23:05:14 RESTART pod=recommendationservice-7444754ff5-n8cbh restarts=6
23:05:19 RESTART pod=adservice-574bff445c-qb9cj restarts=1
23:05:19 RESTART pod=currencyservice-7c8fc8fc9c-4hm9g restarts=9
23:05:19 RESTART pod=currencyservice-7c8fc8fc9c-5frj9 restarts=2
23:05:19 RESTART pod=currencyservice-7c8fc8fc9c-mgwx9 restarts=2
23:05:19 RESTART pod=recommendationservice-7444754ff5-n8cbh restarts=6
23:05:22 RESTART pod=adservice-574bff445c-qb9cj restarts=1
23:05:22 RESTART pod=currencyservice-7c8fc8fc9c-4hm9g restarts=9
23:05:22 RESTART pod=currencyservice-7c8fc8fc9c-5frj9 restarts=2
23:05:22 RESTART pod=currencyservice-7c8fc8fc9c-mgwx9 restarts=2
23:05:22 RESTART pod=recommendationservice-7444754ff5-n8cbh restarts=6
23:05:24 RESTART pod=adservice-574bff445c-qb9cj restarts=1
23:05:24 RESTART pod=currencyservice-7c8fc8fc9c-4hm9g restarts=9
23:05:24 RESTART pod=currencyservice-7c8fc8fc9c-5frj9 restarts=2
23:05:24 RESTART pod=currencyservice-7c8fc8fc9c-mgwx9 restarts=2
23:05:24 RESTART pod=recommendationservice-7444754ff5-n8cbh restarts=6
23:05:29 RESTART pod=adservice-574bff445c-qb9cj restarts=1
23:05:29 RESTART pod=currencyservice-7c8fc8fc9c-4hm9g restarts=9
23:05:29 RESTART pod=currencyservice-7c8fc8fc9c-5frj9 restarts=2
23:05:29 RESTART pod=currencyservice-7c8fc8fc9c-mgwx9 restarts=2
23:05:29 RESTART pod=recommendationservice-7444754ff5-n8cbh restarts=6
23:05:32 RESTART pod=adservice-574bff445c-qb9cj restarts=1
23:05:32 RESTART pod=currencyservice-7c8fc8fc9c-4hm9g restarts=9
23:05:32 RESTART pod=currencyservice-7c8fc8fc9c-5frj9 restarts=2
23:05:32 RESTART pod=currencyservice-7c8fc8fc9c-mgwx9 restarts=2
23:05:32 RESTART pod=recommendationservice-7444754ff5-n8cbh restarts=6
23:05:34 RESTART pod=adservice-574bff445c-qb9cj restarts=1
23:05:34 RESTART pod=currencyservice-7c8fc8fc9c-4hm9g restarts=9
23:05:34 RESTART pod=currencyservice-7c8fc8fc9c-5frj9 restarts=2
23:05:34 RESTART pod=currencyservice-7c8fc8fc9c-mgwx9 restarts=2
23:05:34 RESTART pod=recommendationservice-7444754ff5-n8cbh restarts=6
23:05:40 RESTART pod=adservice-574bff445c-qb9cj restarts=1
23:05:40 RESTART pod=currencyservice-7c8fc8fc9c-4hm9g restarts=9
23:05:40 RESTART pod=currencyservice-7c8fc8fc9c-5frj9 restarts=2
23:05:40 RESTART pod=currencyservice-7c8fc8fc9c-mgwx9 restarts=2
23:05:40 RESTART pod=recommendationservice-7444754ff5-n8cbh restarts=6
23:05:42 RESTART pod=adservice-574bff445c-qb9cj restarts=1
23:05:42 RESTART pod=currencyservice-7c8fc8fc9c-4hm9g restarts=9
23:05:42 RESTART pod=currencyservice-7c8fc8fc9c-5frj9 restarts=2
23:05:42 RESTART pod=currencyservice-7c8fc8fc9c-mgwx9 restarts=2
23:05:42 RESTART pod=recommendationservice-7444754ff5-n8cbh restarts=6
23:05:44 RESTART pod=adservice-574bff445c-qb9cj restarts=1
23:05:44 RESTART pod=currencyservice-7c8fc8fc9c-4hm9g restarts=9
23:05:44 RESTART pod=currencyservice-7c8fc8fc9c-5frj9 restarts=2
23:05:44 RESTART pod=currencyservice-7c8fc8fc9c-mgwx9 restarts=2
23:05:44 RESTART pod=recommendationservice-7444754ff5-n8cbh restarts=6
23:05:50 RESTART pod=adservice-574bff445c-qb9cj restarts=1
23:05:50 RESTART pod=currencyservice-7c8fc8fc9c-4hm9g restarts=9
23:05:50 RESTART pod=currencyservice-7c8fc8fc9c-5frj9 restarts=2
23:05:50 RESTART pod=currencyservice-7c8fc8fc9c-mgwx9 restarts=2
23:05:50 RESTART pod=recommendationservice-7444754ff5-n8cbh restarts=6
23:05:52 RESTART pod=adservice-574bff445c-qb9cj restarts=1
23:05:52 RESTART pod=currencyservice-7c8fc8fc9c-4hm9g restarts=9
23:05:52 RESTART pod=currencyservice-7c8fc8fc9c-5frj9 restarts=2
23:05:52 RESTART pod=currencyservice-7c8fc8fc9c-mgwx9 restarts=2
23:05:52 RESTART pod=recommendationservice-7444754ff5-n8cbh restarts=6
23:05:55 RESTART pod=adservice-574bff445c-qb9cj restarts=1
23:05:55 RESTART pod=currencyservice-7c8fc8fc9c-4hm9g restarts=9
23:05:55 RESTART pod=currencyservice-7c8fc8fc9c-5frj9 restarts=2
23:05:55 RESTART pod=currencyservice-7c8fc8fc9c-mgwx9 restarts=2
23:05:55 RESTART pod=recommendationservice-7444754ff5-n8cbh restarts=6
23:06:00 RESTART pod=adservice-574bff445c-qb9cj restarts=1
23:06:00 RESTART pod=currencyservice-7c8fc8fc9c-4hm9g restarts=9
23:06:00 RESTART pod=currencyservice-7c8fc8fc9c-5frj9 restarts=2
23:06:00 RESTART pod=currencyservice-7c8fc8fc9c-mgwx9 restarts=2
23:06:00 RESTART pod=recommendationservice-7444754ff5-n8cbh restarts=6
23:06:02 RESTART pod=adservice-574bff445c-qb9cj restarts=1
23:06:02 RESTART pod=currencyservice-7c8fc8fc9c-4hm9g restarts=9
23:06:02 RESTART pod=currencyservice-7c8fc8fc9c-5frj9 restarts=2
23:06:02 RESTART pod=currencyservice-7c8fc8fc9c-mgwx9 restarts=2
23:06:02 RESTART pod=recommendationservice-7444754ff5-n8cbh restarts=6
23:06:05 RESTART pod=adservice-574bff445c-qb9cj restarts=1
23:06:05 RESTART pod=currencyservice-7c8fc8fc9c-4hm9g restarts=9
23:06:05 RESTART pod=currencyservice-7c8fc8fc9c-5frj9 restarts=2
23:06:05 RESTART pod=currencyservice-7c8fc8fc9c-mgwx9 restarts=2
23:06:05 RESTART pod=recommendationservice-7444754ff5-n8cbh restarts=6
23:06:10 RESTART pod=adservice-574bff445c-qb9cj restarts=1
23:06:10 RESTART pod=currencyservice-7c8fc8fc9c-4hm9g restarts=9
23:06:10 RESTART pod=currencyservice-7c8fc8fc9c-5frj9 restarts=2
23:06:10 RESTART pod=currencyservice-7c8fc8fc9c-mgwx9 restarts=2
23:06:10 RESTART pod=recommendationservice-7444754ff5-n8cbh restarts=6
23:06:12 RESTART pod=adservice-574bff445c-qb9cj restarts=1
23:06:12 RESTART pod=currencyservice-7c8fc8fc9c-4hm9g restarts=9
23:06:12 RESTART pod=currencyservice-7c8fc8fc9c-5frj9 restarts=2
23:06:12 RESTART pod=currencyservice-7c8fc8fc9c-mgwx9 restarts=2
23:06:12 RESTART pod=recommendationservice-7444754ff5-n8cbh restarts=6
23:06:15 RESTART pod=adservice-574bff445c-qb9cj restarts=1
23:06:15 RESTART pod=currencyservice-7c8fc8fc9c-4hm9g restarts=9
23:06:15 RESTART pod=currencyservice-7c8fc8fc9c-5frj9 restarts=2
23:06:15 RESTART pod=currencyservice-7c8fc8fc9c-mgwx9 restarts=2
23:06:15 RESTART pod=recommendationservice-7444754ff5-n8cbh restarts=6
23:06:20 RESTART pod=adservice-574bff445c-qb9cj restarts=1
23:06:20 RESTART pod=currencyservice-7c8fc8fc9c-4hm9g restarts=9
23:06:20 RESTART pod=currencyservice-7c8fc8fc9c-5frj9 restarts=2
23:06:20 RESTART pod=currencyservice-7c8fc8fc9c-mgwx9 restarts=2
23:06:20 RESTART pod=recommendationservice-7444754ff5-n8cbh restarts=6
23:06:22 RESTART pod=adservice-574bff445c-qb9cj restarts=1
23:06:22 RESTART pod=currencyservice-7c8fc8fc9c-4hm9g restarts=9
23:06:22 RESTART pod=currencyservice-7c8fc8fc9c-5frj9 restarts=2
23:06:22 RESTART pod=currencyservice-7c8fc8fc9c-mgwx9 restarts=2
23:06:22 RESTART pod=recommendationservice-7444754ff5-n8cbh restarts=6
23:06:25 RESTART pod=adservice-574bff445c-qb9cj restarts=1
23:06:25 RESTART pod=currencyservice-7c8fc8fc9c-4hm9g restarts=9
23:06:25 RESTART pod=currencyservice-7c8fc8fc9c-5frj9 restarts=2
23:06:25 RESTART pod=currencyservice-7c8fc8fc9c-mgwx9 restarts=2
23:06:25 RESTART pod=recommendationservice-7444754ff5-n8cbh restarts=6
23:06:30 RESTART pod=adservice-574bff445c-qb9cj restarts=1
23:06:30 RESTART pod=currencyservice-7c8fc8fc9c-4hm9g restarts=9
23:06:30 RESTART pod=currencyservice-7c8fc8fc9c-5frj9 restarts=2
23:06:30 RESTART pod=currencyservice-7c8fc8fc9c-mgwx9 restarts=2
23:06:30 RESTART pod=recommendationservice-7444754ff5-n8cbh restarts=6
23:06:32 RESTART pod=adservice-574bff445c-qb9cj restarts=1
23:06:32 RESTART pod=currencyservice-7c8fc8fc9c-4hm9g restarts=9
23:06:32 RESTART pod=currencyservice-7c8fc8fc9c-5frj9 restarts=2
23:06:32 RESTART pod=currencyservice-7c8fc8fc9c-mgwx9 restarts=2
23:06:32 RESTART pod=recommendationservice-7444754ff5-n8cbh restarts=6
23:06:35 RESTART pod=adservice-574bff445c-qb9cj restarts=1
23:06:35 RESTART pod=currencyservice-7c8fc8fc9c-4hm9g restarts=9
23:06:35 RESTART pod=currencyservice-7c8fc8fc9c-5frj9 restarts=2
23:06:35 RESTART pod=currencyservice-7c8fc8fc9c-mgwx9 restarts=2
23:06:35 RESTART pod=recommendationservice-7444754ff5-n8cbh restarts=6
23:06:40 RESTART pod=adservice-574bff445c-qb9cj restarts=1
23:06:40 RESTART pod=currencyservice-7c8fc8fc9c-4hm9g restarts=9
23:06:40 RESTART pod=currencyservice-7c8fc8fc9c-5frj9 restarts=2
23:06:40 RESTART pod=currencyservice-7c8fc8fc9c-mgwx9 restarts=2
23:06:40 RESTART pod=recommendationservice-7444754ff5-n8cbh restarts=6
23:06:42 RESTART pod=adservice-574bff445c-qb9cj restarts=1
23:06:42 RESTART pod=currencyservice-7c8fc8fc9c-4hm9g restarts=9
23:06:42 RESTART pod=currencyservice-7c8fc8fc9c-5frj9 restarts=2
23:06:42 RESTART pod=currencyservice-7c8fc8fc9c-mgwx9 restarts=2
23:06:42 RESTART pod=recommendationservice-7444754ff5-n8cbh restarts=6
23:06:45 RESTART pod=adservice-574bff445c-qb9cj restarts=1
23:06:45 RESTART pod=currencyservice-7c8fc8fc9c-4hm9g restarts=9
23:06:45 RESTART pod=currencyservice-7c8fc8fc9c-5frj9 restarts=2
23:06:45 RESTART pod=currencyservice-7c8fc8fc9c-mgwx9 restarts=2
23:06:45 RESTART pod=recommendationservice-7444754ff5-n8cbh restarts=6
23:06:50 RESTART pod=adservice-574bff445c-qb9cj restarts=1
23:06:50 RESTART pod=currencyservice-7c8fc8fc9c-4hm9g restarts=9
23:06:50 RESTART pod=currencyservice-7c8fc8fc9c-5frj9 restarts=2
23:06:50 RESTART pod=currencyservice-7c8fc8fc9c-mgwx9 restarts=2
23:06:50 RESTART pod=recommendationservice-7444754ff5-n8cbh restarts=6
23:06:53 RESTART pod=adservice-574bff445c-qb9cj restarts=1
23:06:53 RESTART pod=currencyservice-7c8fc8fc9c-4hm9g restarts=9
23:06:53 RESTART pod=currencyservice-7c8fc8fc9c-5frj9 restarts=2
23:06:53 RESTART pod=currencyservice-7c8fc8fc9c-mgwx9 restarts=2
23:06:53 RESTART pod=recommendationservice-7444754ff5-n8cbh restarts=6
23:06:55 RESTART pod=adservice-574bff445c-qb9cj restarts=1
23:06:55 RESTART pod=currencyservice-7c8fc8fc9c-4hm9g restarts=9
23:06:55 RESTART pod=currencyservice-7c8fc8fc9c-5frj9 restarts=2
23:06:55 RESTART pod=currencyservice-7c8fc8fc9c-mgwx9 restarts=2
23:06:55 RESTART pod=recommendationservice-7444754ff5-n8cbh restarts=6
23:07:00 RESTART pod=adservice-574bff445c-qb9cj restarts=1
23:07:00 RESTART pod=currencyservice-7c8fc8fc9c-4hm9g restarts=9
23:07:00 RESTART pod=currencyservice-7c8fc8fc9c-5frj9 restarts=2
23:07:00 RESTART pod=currencyservice-7c8fc8fc9c-mgwx9 restarts=2
23:07:00 RESTART pod=recommendationservice-7444754ff5-n8cbh restarts=6
23:07:03 RESTART pod=adservice-574bff445c-qb9cj restarts=1
23:07:03 RESTART pod=currencyservice-7c8fc8fc9c-4hm9g restarts=9
23:07:03 RESTART pod=currencyservice-7c8fc8fc9c-5frj9 restarts=2
23:07:03 RESTART pod=currencyservice-7c8fc8fc9c-mgwx9 restarts=2
23:07:03 RESTART pod=recommendationservice-7444754ff5-n8cbh restarts=6
23:07:05 RESTART pod=adservice-574bff445c-qb9cj restarts=1
23:07:05 RESTART pod=currencyservice-7c8fc8fc9c-4hm9g restarts=9
23:07:05 RESTART pod=currencyservice-7c8fc8fc9c-5frj9 restarts=2
23:07:05 RESTART pod=currencyservice-7c8fc8fc9c-mgwx9 restarts=2
23:07:05 RESTART pod=recommendationservice-7444754ff5-n8cbh restarts=6
23:07:10 RESTART pod=adservice-574bff445c-qb9cj restarts=1
23:07:10 RESTART pod=currencyservice-7c8fc8fc9c-4hm9g restarts=9
23:07:10 RESTART pod=currencyservice-7c8fc8fc9c-5frj9 restarts=2
23:07:10 RESTART pod=currencyservice-7c8fc8fc9c-mgwx9 restarts=2
23:07:10 RESTART pod=recommendationservice-7444754ff5-n8cbh restarts=6
23:07:13 RESTART pod=adservice-574bff445c-qb9cj restarts=1
23:07:13 RESTART pod=currencyservice-7c8fc8fc9c-4hm9g restarts=9
23:07:13 RESTART pod=currencyservice-7c8fc8fc9c-5frj9 restarts=2
23:07:13 RESTART pod=currencyservice-7c8fc8fc9c-mgwx9 restarts=2
23:07:13 RESTART pod=recommendationservice-7444754ff5-n8cbh restarts=6
23:07:15 RESTART pod=adservice-574bff445c-qb9cj restarts=1
23:07:15 RESTART pod=currencyservice-7c8fc8fc9c-4hm9g restarts=9
23:07:15 RESTART pod=currencyservice-7c8fc8fc9c-5frj9 restarts=2
23:07:15 RESTART pod=currencyservice-7c8fc8fc9c-mgwx9 restarts=2
23:07:15 RESTART pod=recommendationservice-7444754ff5-n8cbh restarts=6
23:07:21 RESTART pod=adservice-574bff445c-qb9cj restarts=1
23:07:21 RESTART pod=currencyservice-7c8fc8fc9c-4hm9g restarts=9
23:07:21 RESTART pod=currencyservice-7c8fc8fc9c-5frj9 restarts=2
23:07:21 RESTART pod=currencyservice-7c8fc8fc9c-mgwx9 restarts=2
23:07:21 RESTART pod=recommendationservice-7444754ff5-n8cbh restarts=6
23:07:23 RESTART pod=adservice-574bff445c-qb9cj restarts=1
23:07:23 RESTART pod=currencyservice-7c8fc8fc9c-4hm9g restarts=9
23:07:23 RESTART pod=currencyservice-7c8fc8fc9c-5frj9 restarts=2
23:07:23 RESTART pod=currencyservice-7c8fc8fc9c-mgwx9 restarts=2
23:07:23 RESTART pod=recommendationservice-7444754ff5-n8cbh restarts=6
23:07:25 RESTART pod=adservice-574bff445c-qb9cj restarts=1
23:07:25 RESTART pod=currencyservice-7c8fc8fc9c-4hm9g restarts=9
23:07:25 RESTART pod=currencyservice-7c8fc8fc9c-5frj9 restarts=2
23:07:25 RESTART pod=currencyservice-7c8fc8fc9c-mgwx9 restarts=2
23:07:25 RESTART pod=recommendationservice-7444754ff5-n8cbh restarts=6
23:07:31 RESTART pod=adservice-574bff445c-qb9cj restarts=1
23:07:31 RESTART pod=currencyservice-7c8fc8fc9c-4hm9g restarts=9
23:07:31 RESTART pod=currencyservice-7c8fc8fc9c-5frj9 restarts=2
23:07:31 RESTART pod=currencyservice-7c8fc8fc9c-mgwx9 restarts=2
23:07:31 RESTART pod=recommendationservice-7444754ff5-n8cbh restarts=6
23:07:33 RESTART pod=adservice-574bff445c-qb9cj restarts=1
23:07:33 RESTART pod=currencyservice-7c8fc8fc9c-4hm9g restarts=9
23:07:33 RESTART pod=currencyservice-7c8fc8fc9c-5frj9 restarts=2
23:07:33 RESTART pod=currencyservice-7c8fc8fc9c-mgwx9 restarts=2
23:07:33 RESTART pod=recommendationservice-7444754ff5-n8cbh restarts=6
23:07:36 RESTART pod=adservice-574bff445c-qb9cj restarts=1
23:07:36 RESTART pod=currencyservice-7c8fc8fc9c-4hm9g restarts=9
23:07:36 RESTART pod=currencyservice-7c8fc8fc9c-5frj9 restarts=2
23:07:36 RESTART pod=currencyservice-7c8fc8fc9c-mgwx9 restarts=2
23:07:36 RESTART pod=recommendationservice-7444754ff5-n8cbh restarts=6
23:07:41 RESTART pod=adservice-574bff445c-qb9cj restarts=1
23:07:41 RESTART pod=currencyservice-7c8fc8fc9c-4hm9g restarts=9
23:07:41 RESTART pod=currencyservice-7c8fc8fc9c-5frj9 restarts=2
23:07:41 RESTART pod=currencyservice-7c8fc8fc9c-mgwx9 restarts=2
23:07:41 RESTART pod=recommendationservice-7444754ff5-n8cbh restarts=6
23:07:43 RESTART pod=adservice-574bff445c-qb9cj restarts=1
23:07:43 RESTART pod=currencyservice-7c8fc8fc9c-4hm9g restarts=9
23:07:43 RESTART pod=currencyservice-7c8fc8fc9c-5frj9 restarts=2
23:07:43 RESTART pod=currencyservice-7c8fc8fc9c-mgwx9 restarts=2
23:07:43 RESTART pod=recommendationservice-7444754ff5-n8cbh restarts=6
23:07:46 RESTART pod=adservice-574bff445c-qb9cj restarts=1
23:07:46 RESTART pod=currencyservice-7c8fc8fc9c-4hm9g restarts=9
23:07:46 RESTART pod=currencyservice-7c8fc8fc9c-5frj9 restarts=2
23:07:46 RESTART pod=currencyservice-7c8fc8fc9c-mgwx9 restarts=2
23:07:46 RESTART pod=recommendationservice-7444754ff5-n8cbh restarts=6
23:07:51 RESTART pod=adservice-574bff445c-qb9cj restarts=1
23:07:51 RESTART pod=currencyservice-7c8fc8fc9c-4hm9g restarts=9
23:07:51 RESTART pod=currencyservice-7c8fc8fc9c-5frj9 restarts=2
23:07:51 RESTART pod=currencyservice-7c8fc8fc9c-mgwx9 restarts=2
23:07:51 RESTART pod=recommendationservice-7444754ff5-n8cbh restarts=6
23:07:53 RESTART pod=adservice-574bff445c-qb9cj restarts=1
23:07:53 RESTART pod=currencyservice-7c8fc8fc9c-4hm9g restarts=9
23:07:53 RESTART pod=currencyservice-7c8fc8fc9c-5frj9 restarts=2
23:07:53 RESTART pod=currencyservice-7c8fc8fc9c-mgwx9 restarts=2
23:07:53 RESTART pod=recommendationservice-7444754ff5-n8cbh restarts=6
23:07:56 RESTART pod=adservice-574bff445c-qb9cj restarts=1
23:07:56 RESTART pod=currencyservice-7c8fc8fc9c-4hm9g restarts=9
23:07:56 RESTART pod=currencyservice-7c8fc8fc9c-5frj9 restarts=2
23:07:56 RESTART pod=currencyservice-7c8fc8fc9c-mgwx9 restarts=2
23:07:56 RESTART pod=recommendationservice-7444754ff5-n8cbh restarts=6
23:08:01 RESTART pod=adservice-574bff445c-qb9cj restarts=1
23:08:01 RESTART pod=currencyservice-7c8fc8fc9c-4hm9g restarts=9
23:08:01 RESTART pod=currencyservice-7c8fc8fc9c-5frj9 restarts=2
23:08:01 RESTART pod=currencyservice-7c8fc8fc9c-mgwx9 restarts=2
23:08:01 RESTART pod=recommendationservice-7444754ff5-n8cbh restarts=6
23:08:03 RESTART pod=adservice-574bff445c-qb9cj restarts=1
23:08:03 RESTART pod=currencyservice-7c8fc8fc9c-4hm9g restarts=9
23:08:03 RESTART pod=currencyservice-7c8fc8fc9c-5frj9 restarts=2
23:08:03 RESTART pod=currencyservice-7c8fc8fc9c-mgwx9 restarts=2
23:08:03 RESTART pod=recommendationservice-7444754ff5-n8cbh restarts=6
23:08:06 RESTART pod=adservice-574bff445c-qb9cj restarts=1
23:08:06 RESTART pod=currencyservice-7c8fc8fc9c-4hm9g restarts=9
23:08:06 RESTART pod=currencyservice-7c8fc8fc9c-5frj9 restarts=2
23:08:06 RESTART pod=currencyservice-7c8fc8fc9c-mgwx9 restarts=2
23:08:06 RESTART pod=recommendationservice-7444754ff5-n8cbh restarts=6
23:08:11 RESTART pod=adservice-574bff445c-qb9cj restarts=1
23:08:11 RESTART pod=currencyservice-7c8fc8fc9c-4hm9g restarts=9
23:08:11 RESTART pod=currencyservice-7c8fc8fc9c-5frj9 restarts=2
23:08:11 RESTART pod=currencyservice-7c8fc8fc9c-mgwx9 restarts=2
23:08:11 RESTART pod=recommendationservice-7444754ff5-n8cbh restarts=6
23:08:13 RESTART pod=adservice-574bff445c-qb9cj restarts=1
23:08:13 RESTART pod=currencyservice-7c8fc8fc9c-4hm9g restarts=9
23:08:13 RESTART pod=currencyservice-7c8fc8fc9c-5frj9 restarts=2
23:08:13 RESTART pod=currencyservice-7c8fc8fc9c-mgwx9 restarts=2
23:08:13 RESTART pod=recommendationservice-7444754ff5-n8cbh restarts=6
23:08:16 RESTART pod=adservice-574bff445c-qb9cj restarts=1
23:08:16 RESTART pod=currencyservice-7c8fc8fc9c-4hm9g restarts=9
23:08:16 RESTART pod=currencyservice-7c8fc8fc9c-5frj9 restarts=2
23:08:16 RESTART pod=currencyservice-7c8fc8fc9c-mgwx9 restarts=2
23:08:16 RESTART pod=recommendationservice-7444754ff5-n8cbh restarts=6
23:08:21 RESTART pod=adservice-574bff445c-qb9cj restarts=1
23:08:21 RESTART pod=currencyservice-7c8fc8fc9c-4hm9g restarts=9
23:08:21 RESTART pod=currencyservice-7c8fc8fc9c-5frj9 restarts=2
23:08:21 RESTART pod=currencyservice-7c8fc8fc9c-mgwx9 restarts=2
23:08:21 RESTART pod=recommendationservice-7444754ff5-n8cbh restarts=6
23:08:23 RESTART pod=adservice-574bff445c-qb9cj restarts=1
23:08:23 RESTART pod=currencyservice-7c8fc8fc9c-4hm9g restarts=9
23:08:23 RESTART pod=currencyservice-7c8fc8fc9c-5frj9 restarts=2
23:08:23 RESTART pod=currencyservice-7c8fc8fc9c-mgwx9 restarts=2
23:08:23 RESTART pod=recommendationservice-7444754ff5-n8cbh restarts=6
23:08:26 RESTART pod=adservice-574bff445c-qb9cj restarts=1
23:08:26 RESTART pod=currencyservice-7c8fc8fc9c-4hm9g restarts=9
23:08:26 RESTART pod=currencyservice-7c8fc8fc9c-5frj9 restarts=2
23:08:26 RESTART pod=currencyservice-7c8fc8fc9c-mgwx9 restarts=2
23:08:26 RESTART pod=recommendationservice-7444754ff5-n8cbh restarts=6
23:08:31 RESTART pod=adservice-574bff445c-qb9cj restarts=1
23:08:31 RESTART pod=currencyservice-7c8fc8fc9c-4hm9g restarts=9
23:08:31 RESTART pod=currencyservice-7c8fc8fc9c-5frj9 restarts=2
23:08:31 RESTART pod=currencyservice-7c8fc8fc9c-mgwx9 restarts=2
23:08:31 RESTART pod=recommendationservice-7444754ff5-n8cbh restarts=6
23:08:34 RESTART pod=adservice-574bff445c-qb9cj restarts=1
23:08:34 RESTART pod=currencyservice-7c8fc8fc9c-4hm9g restarts=9
23:08:34 RESTART pod=currencyservice-7c8fc8fc9c-5frj9 restarts=2
23:08:34 RESTART pod=currencyservice-7c8fc8fc9c-mgwx9 restarts=2
23:08:34 RESTART pod=recommendationservice-7444754ff5-n8cbh restarts=6
23:08:36 RESTART pod=adservice-574bff445c-qb9cj restarts=1
23:08:36 RESTART pod=currencyservice-7c8fc8fc9c-4hm9g restarts=9
23:08:36 RESTART pod=currencyservice-7c8fc8fc9c-5frj9 restarts=2
23:08:36 RESTART pod=currencyservice-7c8fc8fc9c-mgwx9 restarts=2
23:08:36 RESTART pod=recommendationservice-7444754ff5-n8cbh restarts=6
23:08:41 RESTART pod=adservice-574bff445c-qb9cj restarts=1
23:08:41 RESTART pod=currencyservice-7c8fc8fc9c-4hm9g restarts=9
23:08:41 RESTART pod=currencyservice-7c8fc8fc9c-5frj9 restarts=2
23:08:41 RESTART pod=currencyservice-7c8fc8fc9c-mgwx9 restarts=2
23:08:41 RESTART pod=recommendationservice-7444754ff5-n8cbh restarts=6
23:08:44 RESTART pod=adservice-574bff445c-qb9cj restarts=1
23:08:44 RESTART pod=currencyservice-7c8fc8fc9c-4hm9g restarts=9
23:08:44 RESTART pod=currencyservice-7c8fc8fc9c-5frj9 restarts=2
23:08:44 RESTART pod=currencyservice-7c8fc8fc9c-mgwx9 restarts=2
23:08:44 RESTART pod=recommendationservice-7444754ff5-n8cbh restarts=6
23:08:46 RESTART pod=adservice-574bff445c-qb9cj restarts=1
23:08:46 RESTART pod=currencyservice-7c8fc8fc9c-4hm9g restarts=9
23:08:46 RESTART pod=currencyservice-7c8fc8fc9c-5frj9 restarts=2
23:08:46 RESTART pod=currencyservice-7c8fc8fc9c-mgwx9 restarts=2
23:08:46 RESTART pod=recommendationservice-7444754ff5-n8cbh restarts=6
23:08:52 RESTART pod=adservice-574bff445c-qb9cj restarts=1
23:08:52 RESTART pod=currencyservice-7c8fc8fc9c-4hm9g restarts=9
23:08:52 RESTART pod=currencyservice-7c8fc8fc9c-5frj9 restarts=2
23:08:52 RESTART pod=currencyservice-7c8fc8fc9c-mgwx9 restarts=2
23:08:52 RESTART pod=recommendationservice-7444754ff5-n8cbh restarts=6
23:08:54 RESTART pod=adservice-574bff445c-qb9cj restarts=1
23:08:54 RESTART pod=currencyservice-7c8fc8fc9c-4hm9g restarts=9
23:08:54 RESTART pod=currencyservice-7c8fc8fc9c-5frj9 restarts=2
23:08:54 RESTART pod=currencyservice-7c8fc8fc9c-mgwx9 restarts=2
23:08:54 RESTART pod=recommendationservice-7444754ff5-n8cbh restarts=6
23:08:56 RESTART pod=adservice-574bff445c-qb9cj restarts=1
23:08:56 RESTART pod=currencyservice-7c8fc8fc9c-4hm9g restarts=9
23:08:56 RESTART pod=currencyservice-7c8fc8fc9c-5frj9 restarts=2
23:08:56 RESTART pod=currencyservice-7c8fc8fc9c-mgwx9 restarts=2
23:08:56 RESTART pod=recommendationservice-7444754ff5-n8cbh restarts=6
23:09:02 RESTART pod=adservice-574bff445c-qb9cj restarts=1
23:09:02 RESTART pod=currencyservice-7c8fc8fc9c-4hm9g restarts=9
23:09:02 RESTART pod=currencyservice-7c8fc8fc9c-5frj9 restarts=2
23:09:02 RESTART pod=currencyservice-7c8fc8fc9c-mgwx9 restarts=2
23:09:02 RESTART pod=recommendationservice-7444754ff5-n8cbh restarts=6
23:09:04 RESTART pod=adservice-574bff445c-qb9cj restarts=1
23:09:04 RESTART pod=currencyservice-7c8fc8fc9c-4hm9g restarts=9
23:09:04 RESTART pod=currencyservice-7c8fc8fc9c-5frj9 restarts=2
23:09:04 RESTART pod=currencyservice-7c8fc8fc9c-mgwx9 restarts=2
23:09:04 RESTART pod=recommendationservice-7444754ff5-n8cbh restarts=6
23:09:06 RESTART pod=adservice-574bff445c-qb9cj restarts=1
23:09:06 RESTART pod=currencyservice-7c8fc8fc9c-4hm9g restarts=9
23:09:06 RESTART pod=currencyservice-7c8fc8fc9c-5frj9 restarts=2
23:09:06 RESTART pod=currencyservice-7c8fc8fc9c-mgwx9 restarts=2
23:09:06 RESTART pod=recommendationservice-7444754ff5-n8cbh restarts=6
23:09:12 RESTART pod=adservice-574bff445c-qb9cj restarts=1
23:09:12 RESTART pod=currencyservice-7c8fc8fc9c-4hm9g restarts=9
23:09:12 RESTART pod=currencyservice-7c8fc8fc9c-5frj9 restarts=2
23:09:12 RESTART pod=currencyservice-7c8fc8fc9c-mgwx9 restarts=2
23:09:12 RESTART pod=recommendationservice-7444754ff5-n8cbh restarts=6
23:09:14 RESTART pod=adservice-574bff445c-qb9cj restarts=1
23:09:14 RESTART pod=currencyservice-7c8fc8fc9c-4hm9g restarts=9
23:09:14 RESTART pod=currencyservice-7c8fc8fc9c-5frj9 restarts=2
23:09:14 RESTART pod=currencyservice-7c8fc8fc9c-mgwx9 restarts=2
23:09:14 RESTART pod=recommendationservice-7444754ff5-n8cbh restarts=6
23:09:17 RESTART pod=adservice-574bff445c-qb9cj restarts=1
23:09:17 RESTART pod=currencyservice-7c8fc8fc9c-4hm9g restarts=9
23:09:17 RESTART pod=currencyservice-7c8fc8fc9c-5frj9 restarts=2
23:09:17 RESTART pod=currencyservice-7c8fc8fc9c-mgwx9 restarts=2
23:09:17 RESTART pod=recommendationservice-7444754ff5-n8cbh restarts=6
23:09:22 RESTART pod=adservice-574bff445c-qb9cj restarts=1
23:09:22 RESTART pod=currencyservice-7c8fc8fc9c-4hm9g restarts=9
23:09:22 RESTART pod=currencyservice-7c8fc8fc9c-5frj9 restarts=2
23:09:22 RESTART pod=currencyservice-7c8fc8fc9c-mgwx9 restarts=2
23:09:22 RESTART pod=recommendationservice-7444754ff5-n8cbh restarts=6
23:09:24 RESTART pod=adservice-574bff445c-qb9cj restarts=1
23:09:24 RESTART pod=currencyservice-7c8fc8fc9c-4hm9g restarts=9
23:09:24 RESTART pod=currencyservice-7c8fc8fc9c-5frj9 restarts=2
23:09:24 RESTART pod=currencyservice-7c8fc8fc9c-mgwx9 restarts=2
23:09:24 RESTART pod=recommendationservice-7444754ff5-n8cbh restarts=6
23:09:27 RESTART pod=adservice-574bff445c-qb9cj restarts=1
23:09:27 RESTART pod=currencyservice-7c8fc8fc9c-4hm9g restarts=9
23:09:27 RESTART pod=currencyservice-7c8fc8fc9c-5frj9 restarts=2
23:09:27 RESTART pod=currencyservice-7c8fc8fc9c-mgwx9 restarts=2
23:09:27 RESTART pod=recommendationservice-7444754ff5-n8cbh restarts=6
23:09:32 RESTART pod=adservice-574bff445c-qb9cj restarts=1
23:09:32 RESTART pod=currencyservice-7c8fc8fc9c-4hm9g restarts=9
23:09:32 RESTART pod=currencyservice-7c8fc8fc9c-5frj9 restarts=2
23:09:32 RESTART pod=currencyservice-7c8fc8fc9c-mgwx9 restarts=2
23:09:32 RESTART pod=recommendationservice-7444754ff5-n8cbh restarts=6
23:09:34 RESTART pod=adservice-574bff445c-qb9cj restarts=1
23:09:34 RESTART pod=currencyservice-7c8fc8fc9c-4hm9g restarts=9
23:09:34 RESTART pod=currencyservice-7c8fc8fc9c-5frj9 restarts=2
23:09:34 RESTART pod=currencyservice-7c8fc8fc9c-mgwx9 restarts=2
23:09:34 RESTART pod=recommendationservice-7444754ff5-n8cbh restarts=6
23:09:37 RESTART pod=adservice-574bff445c-qb9cj restarts=1
23:09:37 RESTART pod=currencyservice-7c8fc8fc9c-4hm9g restarts=9
23:09:37 RESTART pod=currencyservice-7c8fc8fc9c-5frj9 restarts=2
23:09:37 RESTART pod=currencyservice-7c8fc8fc9c-mgwx9 restarts=2
23:09:37 RESTART pod=recommendationservice-7444754ff5-n8cbh restarts=6
23:09:42 RESTART pod=adservice-574bff445c-qb9cj restarts=1
23:09:42 RESTART pod=currencyservice-7c8fc8fc9c-4hm9g restarts=9
23:09:42 RESTART pod=currencyservice-7c8fc8fc9c-5frj9 restarts=2
23:09:42 RESTART pod=currencyservice-7c8fc8fc9c-mgwx9 restarts=2
23:09:42 RESTART pod=recommendationservice-7444754ff5-n8cbh restarts=6
23:09:44 RESTART pod=adservice-574bff445c-qb9cj restarts=1
23:09:44 RESTART pod=currencyservice-7c8fc8fc9c-4hm9g restarts=9
23:09:44 RESTART pod=currencyservice-7c8fc8fc9c-5frj9 restarts=2
23:09:44 RESTART pod=currencyservice-7c8fc8fc9c-mgwx9 restarts=2
23:09:44 RESTART pod=recommendationservice-7444754ff5-n8cbh restarts=6
23:09:47 RESTART pod=adservice-574bff445c-qb9cj restarts=1
23:09:47 RESTART pod=currencyservice-7c8fc8fc9c-4hm9g restarts=9
23:09:47 RESTART pod=currencyservice-7c8fc8fc9c-5frj9 restarts=2
23:09:47 RESTART pod=currencyservice-7c8fc8fc9c-mgwx9 restarts=2
23:09:47 RESTART pod=recommendationservice-7444754ff5-n8cbh restarts=6
23:09:52 RESTART pod=adservice-574bff445c-qb9cj restarts=1
23:09:52 RESTART pod=currencyservice-7c8fc8fc9c-4hm9g restarts=9
23:09:52 RESTART pod=currencyservice-7c8fc8fc9c-5frj9 restarts=2
23:09:52 RESTART pod=currencyservice-7c8fc8fc9c-mgwx9 restarts=2
23:09:52 RESTART pod=recommendationservice-7444754ff5-n8cbh restarts=6
23:09:54 RESTART pod=adservice-574bff445c-qb9cj restarts=1
23:09:54 RESTART pod=currencyservice-7c8fc8fc9c-4hm9g restarts=9
23:09:54 RESTART pod=currencyservice-7c8fc8fc9c-5frj9 restarts=2
23:09:54 RESTART pod=currencyservice-7c8fc8fc9c-mgwx9 restarts=2
23:09:54 RESTART pod=recommendationservice-7444754ff5-n8cbh restarts=6
23:09:57 RESTART pod=adservice-574bff445c-qb9cj restarts=1
23:09:57 RESTART pod=currencyservice-7c8fc8fc9c-4hm9g restarts=9
23:09:57 RESTART pod=currencyservice-7c8fc8fc9c-5frj9 restarts=2
23:09:57 RESTART pod=currencyservice-7c8fc8fc9c-mgwx9 restarts=2
23:09:57 RESTART pod=recommendationservice-7444754ff5-n8cbh restarts=6
23:10:02 RESTART pod=adservice-574bff445c-qb9cj restarts=1
23:10:02 RESTART pod=currencyservice-7c8fc8fc9c-4hm9g restarts=9
23:10:02 RESTART pod=currencyservice-7c8fc8fc9c-5frj9 restarts=2
23:10:02 RESTART pod=currencyservice-7c8fc8fc9c-mgwx9 restarts=2
23:10:02 RESTART pod=recommendationservice-7444754ff5-n8cbh restarts=6
23:10:04 RESTART pod=adservice-574bff445c-qb9cj restarts=1
23:10:04 RESTART pod=currencyservice-7c8fc8fc9c-4hm9g restarts=9
23:10:04 RESTART pod=currencyservice-7c8fc8fc9c-5frj9 restarts=2
23:10:04 RESTART pod=currencyservice-7c8fc8fc9c-mgwx9 restarts=2
23:10:04 RESTART pod=recommendationservice-7444754ff5-n8cbh restarts=6
23:10:07 RESTART pod=adservice-574bff445c-qb9cj restarts=1
23:10:07 RESTART pod=currencyservice-7c8fc8fc9c-4hm9g restarts=9
23:10:07 RESTART pod=currencyservice-7c8fc8fc9c-5frj9 restarts=2
23:10:07 RESTART pod=currencyservice-7c8fc8fc9c-mgwx9 restarts=2
23:10:07 RESTART pod=recommendationservice-7444754ff5-n8cbh restarts=6
23:10:13 RESTART pod=adservice-574bff445c-qb9cj restarts=1
23:10:13 RESTART pod=currencyservice-7c8fc8fc9c-4hm9g restarts=9
23:10:13 RESTART pod=currencyservice-7c8fc8fc9c-5frj9 restarts=2
23:10:13 RESTART pod=currencyservice-7c8fc8fc9c-mgwx9 restarts=2
23:10:13 RESTART pod=recommendationservice-7444754ff5-n8cbh restarts=6
23:10:15 RESTART pod=adservice-574bff445c-qb9cj restarts=1
23:10:15 RESTART pod=currencyservice-7c8fc8fc9c-4hm9g restarts=9
23:10:15 RESTART pod=currencyservice-7c8fc8fc9c-5frj9 restarts=2
23:10:15 RESTART pod=currencyservice-7c8fc8fc9c-mgwx9 restarts=2
23:10:15 RESTART pod=recommendationservice-7444754ff5-n8cbh restarts=6
23:10:17 RESTART pod=adservice-574bff445c-qb9cj restarts=1
23:10:17 RESTART pod=currencyservice-7c8fc8fc9c-4hm9g restarts=9
23:10:17 RESTART pod=currencyservice-7c8fc8fc9c-5frj9 restarts=2
23:10:17 RESTART pod=currencyservice-7c8fc8fc9c-mgwx9 restarts=2
23:10:17 RESTART pod=recommendationservice-7444754ff5-n8cbh restarts=6
23:10:23 RESTART pod=adservice-574bff445c-qb9cj restarts=1
23:10:23 RESTART pod=currencyservice-7c8fc8fc9c-4hm9g restarts=9
23:10:23 RESTART pod=currencyservice-7c8fc8fc9c-5frj9 restarts=2
23:10:23 RESTART pod=currencyservice-7c8fc8fc9c-mgwx9 restarts=2
23:10:23 RESTART pod=recommendationservice-7444754ff5-n8cbh restarts=6
23:10:25 RESTART pod=adservice-574bff445c-qb9cj restarts=1
23:10:25 RESTART pod=currencyservice-7c8fc8fc9c-4hm9g restarts=9
23:10:25 RESTART pod=currencyservice-7c8fc8fc9c-5frj9 restarts=2
23:10:25 RESTART pod=currencyservice-7c8fc8fc9c-mgwx9 restarts=2
23:10:25 RESTART pod=recommendationservice-7444754ff5-n8cbh restarts=6
23:10:27 RESTART pod=adservice-574bff445c-qb9cj restarts=1
23:10:27 RESTART pod=currencyservice-7c8fc8fc9c-4hm9g restarts=9
23:10:27 RESTART pod=currencyservice-7c8fc8fc9c-5frj9 restarts=2
23:10:27 RESTART pod=currencyservice-7c8fc8fc9c-mgwx9 restarts=2
23:10:27 RESTART pod=recommendationservice-7444754ff5-n8cbh restarts=6
23:10:33 RESTART pod=adservice-574bff445c-qb9cj restarts=1
23:10:33 RESTART pod=currencyservice-7c8fc8fc9c-4hm9g restarts=9
23:10:33 RESTART pod=currencyservice-7c8fc8fc9c-5frj9 restarts=2
23:10:33 RESTART pod=currencyservice-7c8fc8fc9c-mgwx9 restarts=2
23:10:33 RESTART pod=recommendationservice-7444754ff5-n8cbh restarts=6
23:10:35 RESTART pod=adservice-574bff445c-qb9cj restarts=1
23:10:35 RESTART pod=currencyservice-7c8fc8fc9c-4hm9g restarts=9
23:10:35 RESTART pod=currencyservice-7c8fc8fc9c-5frj9 restarts=2
23:10:35 RESTART pod=currencyservice-7c8fc8fc9c-mgwx9 restarts=2
23:10:35 RESTART pod=recommendationservice-7444754ff5-n8cbh restarts=6
23:10:37 RESTART pod=adservice-574bff445c-qb9cj restarts=1
23:10:37 RESTART pod=currencyservice-7c8fc8fc9c-4hm9g restarts=9
23:10:37 RESTART pod=currencyservice-7c8fc8fc9c-5frj9 restarts=2
23:10:37 RESTART pod=currencyservice-7c8fc8fc9c-mgwx9 restarts=2
23:10:37 RESTART pod=recommendationservice-7444754ff5-n8cbh restarts=6
23:10:43 RESTART pod=adservice-574bff445c-qb9cj restarts=1
23:10:43 RESTART pod=currencyservice-7c8fc8fc9c-4hm9g restarts=9
23:10:43 RESTART pod=currencyservice-7c8fc8fc9c-5frj9 restarts=2
23:10:43 RESTART pod=currencyservice-7c8fc8fc9c-mgwx9 restarts=2
23:10:43 RESTART pod=recommendationservice-7444754ff5-n8cbh restarts=6
23:10:45 RESTART pod=adservice-574bff445c-qb9cj restarts=1
23:10:45 RESTART pod=currencyservice-7c8fc8fc9c-4hm9g restarts=9
23:10:45 RESTART pod=currencyservice-7c8fc8fc9c-5frj9 restarts=2
23:10:45 RESTART pod=currencyservice-7c8fc8fc9c-mgwx9 restarts=2
23:10:45 RESTART pod=recommendationservice-7444754ff5-n8cbh restarts=6
23:10:47 RESTART pod=adservice-574bff445c-qb9cj restarts=1
23:10:47 RESTART pod=currencyservice-7c8fc8fc9c-4hm9g restarts=9
23:10:47 RESTART pod=currencyservice-7c8fc8fc9c-5frj9 restarts=2
23:10:47 RESTART pod=currencyservice-7c8fc8fc9c-mgwx9 restarts=2
23:10:47 RESTART pod=recommendationservice-7444754ff5-n8cbh restarts=6
23:10:53 RESTART pod=adservice-574bff445c-qb9cj restarts=1
23:10:53 RESTART pod=currencyservice-7c8fc8fc9c-4hm9g restarts=9
23:10:53 RESTART pod=currencyservice-7c8fc8fc9c-5frj9 restarts=2
23:10:53 RESTART pod=currencyservice-7c8fc8fc9c-mgwx9 restarts=2
23:10:53 RESTART pod=recommendationservice-7444754ff5-n8cbh restarts=6
23:10:55 RESTART pod=adservice-574bff445c-qb9cj restarts=1
23:10:55 RESTART pod=currencyservice-7c8fc8fc9c-4hm9g restarts=9
23:10:55 RESTART pod=currencyservice-7c8fc8fc9c-5frj9 restarts=2
23:10:55 RESTART pod=currencyservice-7c8fc8fc9c-mgwx9 restarts=2
23:10:55 RESTART pod=recommendationservice-7444754ff5-n8cbh restarts=6
23:10:58 RESTART pod=adservice-574bff445c-qb9cj restarts=1
23:10:58 RESTART pod=currencyservice-7c8fc8fc9c-4hm9g restarts=9
23:10:58 RESTART pod=currencyservice-7c8fc8fc9c-5frj9 restarts=2
23:10:58 RESTART pod=currencyservice-7c8fc8fc9c-mgwx9 restarts=2
23:10:58 RESTART pod=recommendationservice-7444754ff5-n8cbh restarts=6
23:11:03 RESTART pod=adservice-574bff445c-qb9cj restarts=1
23:11:03 RESTART pod=currencyservice-7c8fc8fc9c-4hm9g restarts=9
23:11:03 RESTART pod=currencyservice-7c8fc8fc9c-5frj9 restarts=2
23:11:03 RESTART pod=currencyservice-7c8fc8fc9c-mgwx9 restarts=2
23:11:03 RESTART pod=recommendationservice-7444754ff5-n8cbh restarts=6
23:11:05 RESTART pod=adservice-574bff445c-qb9cj restarts=1
23:11:05 RESTART pod=currencyservice-7c8fc8fc9c-4hm9g restarts=9
23:11:05 RESTART pod=currencyservice-7c8fc8fc9c-5frj9 restarts=2
23:11:05 RESTART pod=currencyservice-7c8fc8fc9c-mgwx9 restarts=2
23:11:05 RESTART pod=recommendationservice-7444754ff5-n8cbh restarts=6
23:11:08 RESTART pod=adservice-574bff445c-qb9cj restarts=1
23:11:08 RESTART pod=currencyservice-7c8fc8fc9c-4hm9g restarts=9
23:11:08 RESTART pod=currencyservice-7c8fc8fc9c-5frj9 restarts=2
23:11:08 RESTART pod=currencyservice-7c8fc8fc9c-mgwx9 restarts=2
23:11:08 RESTART pod=recommendationservice-7444754ff5-n8cbh restarts=6
23:11:13 RESTART pod=adservice-574bff445c-qb9cj restarts=1
23:11:13 RESTART pod=currencyservice-7c8fc8fc9c-4hm9g restarts=9
23:11:13 RESTART pod=currencyservice-7c8fc8fc9c-5frj9 restarts=2
23:11:13 RESTART pod=currencyservice-7c8fc8fc9c-mgwx9 restarts=2
23:11:13 RESTART pod=recommendationservice-7444754ff5-n8cbh restarts=6
23:11:15 RESTART pod=adservice-574bff445c-qb9cj restarts=1
23:11:15 RESTART pod=currencyservice-7c8fc8fc9c-4hm9g restarts=9
23:11:15 RESTART pod=currencyservice-7c8fc8fc9c-5frj9 restarts=2
23:11:15 RESTART pod=currencyservice-7c8fc8fc9c-mgwx9 restarts=2
23:11:15 RESTART pod=recommendationservice-7444754ff5-n8cbh restarts=6
23:11:18 RESTART pod=adservice-574bff445c-qb9cj restarts=1
23:11:18 RESTART pod=currencyservice-7c8fc8fc9c-4hm9g restarts=9
23:11:18 RESTART pod=currencyservice-7c8fc8fc9c-5frj9 restarts=2
23:11:18 RESTART pod=currencyservice-7c8fc8fc9c-mgwx9 restarts=2
23:11:18 RESTART pod=recommendationservice-7444754ff5-n8cbh restarts=6
23:11:23 RESTART pod=adservice-574bff445c-qb9cj restarts=1
23:11:23 RESTART pod=currencyservice-7c8fc8fc9c-4hm9g restarts=9
23:11:23 RESTART pod=currencyservice-7c8fc8fc9c-5frj9 restarts=2
23:11:23 RESTART pod=currencyservice-7c8fc8fc9c-mgwx9 restarts=2
23:11:23 RESTART pod=recommendationservice-7444754ff5-n8cbh restarts=6
23:11:25 RESTART pod=adservice-574bff445c-qb9cj restarts=1
23:11:25 RESTART pod=currencyservice-7c8fc8fc9c-4hm9g restarts=9
23:11:25 RESTART pod=currencyservice-7c8fc8fc9c-5frj9 restarts=2
23:11:25 RESTART pod=currencyservice-7c8fc8fc9c-mgwx9 restarts=2
23:11:25 RESTART pod=recommendationservice-7444754ff5-n8cbh restarts=6
23:11:28 RESTART pod=adservice-574bff445c-qb9cj restarts=1
23:11:28 RESTART pod=currencyservice-7c8fc8fc9c-4hm9g restarts=9
23:11:28 RESTART pod=currencyservice-7c8fc8fc9c-5frj9 restarts=2
23:11:28 RESTART pod=currencyservice-7c8fc8fc9c-mgwx9 restarts=2
23:11:28 RESTART pod=recommendationservice-7444754ff5-n8cbh restarts=6
23:11:33 RESTART pod=adservice-574bff445c-qb9cj restarts=1
23:11:33 RESTART pod=currencyservice-7c8fc8fc9c-4hm9g restarts=9
23:11:33 RESTART pod=currencyservice-7c8fc8fc9c-5frj9 restarts=2
23:11:33 RESTART pod=currencyservice-7c8fc8fc9c-mgwx9 restarts=2
23:11:33 RESTART pod=recommendationservice-7444754ff5-n8cbh restarts=6
23:11:35 RESTART pod=adservice-574bff445c-qb9cj restarts=1
23:11:35 RESTART pod=currencyservice-7c8fc8fc9c-4hm9g restarts=9
23:11:35 RESTART pod=currencyservice-7c8fc8fc9c-5frj9 restarts=2
23:11:35 RESTART pod=currencyservice-7c8fc8fc9c-mgwx9 restarts=2
23:11:35 RESTART pod=recommendationservice-7444754ff5-n8cbh restarts=6
23:11:38 RESTART pod=adservice-574bff445c-qb9cj restarts=1
23:11:38 RESTART pod=currencyservice-7c8fc8fc9c-4hm9g restarts=9
23:11:38 RESTART pod=currencyservice-7c8fc8fc9c-5frj9 restarts=2
23:11:38 RESTART pod=currencyservice-7c8fc8fc9c-mgwx9 restarts=2
23:11:38 RESTART pod=recommendationservice-7444754ff5-n8cbh restarts=6
23:11:44 RESTART pod=adservice-574bff445c-qb9cj restarts=1
23:11:44 RESTART pod=currencyservice-7c8fc8fc9c-4hm9g restarts=9
23:11:44 RESTART pod=currencyservice-7c8fc8fc9c-5frj9 restarts=2
23:11:44 RESTART pod=currencyservice-7c8fc8fc9c-mgwx9 restarts=2
23:11:44 RESTART pod=recommendationservice-7444754ff5-n8cbh restarts=6
23:11:46 RESTART pod=adservice-574bff445c-qb9cj restarts=1
23:11:46 RESTART pod=currencyservice-7c8fc8fc9c-4hm9g restarts=9
23:11:46 RESTART pod=currencyservice-7c8fc8fc9c-5frj9 restarts=2
23:11:46 RESTART pod=currencyservice-7c8fc8fc9c-mgwx9 restarts=2
23:11:46 RESTART pod=recommendationservice-7444754ff5-n8cbh restarts=6
23:11:48 RESTART pod=adservice-574bff445c-qb9cj restarts=1
23:11:48 RESTART pod=currencyservice-7c8fc8fc9c-4hm9g restarts=9
23:11:48 RESTART pod=currencyservice-7c8fc8fc9c-5frj9 restarts=2
23:11:48 RESTART pod=currencyservice-7c8fc8fc9c-mgwx9 restarts=2
23:11:48 RESTART pod=recommendationservice-7444754ff5-n8cbh restarts=6
23:11:54 RESTART pod=adservice-574bff445c-qb9cj restarts=1
23:11:54 RESTART pod=currencyservice-7c8fc8fc9c-4hm9g restarts=9
23:11:54 RESTART pod=currencyservice-7c8fc8fc9c-5frj9 restarts=2
23:11:54 RESTART pod=currencyservice-7c8fc8fc9c-mgwx9 restarts=2
23:11:54 RESTART pod=recommendationservice-7444754ff5-n8cbh restarts=6
23:11:56 RESTART pod=adservice-574bff445c-qb9cj restarts=1
23:11:56 RESTART pod=currencyservice-7c8fc8fc9c-4hm9g restarts=9
23:11:56 RESTART pod=currencyservice-7c8fc8fc9c-5frj9 restarts=2
23:11:56 RESTART pod=currencyservice-7c8fc8fc9c-mgwx9 restarts=2
23:11:56 RESTART pod=recommendationservice-7444754ff5-n8cbh restarts=6
23:11:58 RESTART pod=adservice-574bff445c-qb9cj restarts=1
23:11:58 RESTART pod=currencyservice-7c8fc8fc9c-4hm9g restarts=9
23:11:58 RESTART pod=currencyservice-7c8fc8fc9c-5frj9 restarts=2
23:11:58 RESTART pod=currencyservice-7c8fc8fc9c-mgwx9 restarts=2
23:11:58 RESTART pod=recommendationservice-7444754ff5-n8cbh restarts=6
23:12:04 RESTART pod=adservice-574bff445c-qb9cj restarts=1
23:12:04 RESTART pod=currencyservice-7c8fc8fc9c-4hm9g restarts=10
23:12:04 RESTART pod=currencyservice-7c8fc8fc9c-5frj9 restarts=2
23:12:04 RESTART pod=currencyservice-7c8fc8fc9c-mgwx9 restarts=2
23:12:04 RESTART pod=recommendationservice-7444754ff5-n8cbh restarts=6
23:12:06 RESTART pod=adservice-574bff445c-qb9cj restarts=1
23:12:06 RESTART pod=currencyservice-7c8fc8fc9c-4hm9g restarts=10
23:12:06 RESTART pod=currencyservice-7c8fc8fc9c-5frj9 restarts=2
23:12:06 RESTART pod=currencyservice-7c8fc8fc9c-mgwx9 restarts=2
23:12:06 RESTART pod=recommendationservice-7444754ff5-n8cbh restarts=6
23:12:08 RESTART pod=adservice-574bff445c-qb9cj restarts=1
23:12:08 RESTART pod=currencyservice-7c8fc8fc9c-4hm9g restarts=10
23:12:08 RESTART pod=currencyservice-7c8fc8fc9c-5frj9 restarts=2
23:12:08 RESTART pod=currencyservice-7c8fc8fc9c-mgwx9 restarts=2
23:12:08 RESTART pod=recommendationservice-7444754ff5-n8cbh restarts=6
23:12:14 RESTART pod=adservice-574bff445c-qb9cj restarts=1
23:12:14 RESTART pod=currencyservice-7c8fc8fc9c-4hm9g restarts=10
23:12:14 RESTART pod=currencyservice-7c8fc8fc9c-5frj9 restarts=2
23:12:14 RESTART pod=currencyservice-7c8fc8fc9c-mgwx9 restarts=2
23:12:14 RESTART pod=recommendationservice-7444754ff5-n8cbh restarts=6
23:12:16 RESTART pod=adservice-574bff445c-qb9cj restarts=1
23:12:16 RESTART pod=currencyservice-7c8fc8fc9c-4hm9g restarts=10
23:12:16 RESTART pod=currencyservice-7c8fc8fc9c-5frj9 restarts=2
23:12:16 RESTART pod=currencyservice-7c8fc8fc9c-mgwx9 restarts=2
23:12:16 RESTART pod=recommendationservice-7444754ff5-n8cbh restarts=6
23:12:19 RESTART pod=adservice-574bff445c-qb9cj restarts=1
23:12:19 RESTART pod=currencyservice-7c8fc8fc9c-4hm9g restarts=10
23:12:19 RESTART pod=currencyservice-7c8fc8fc9c-5frj9 restarts=2
23:12:19 RESTART pod=currencyservice-7c8fc8fc9c-mgwx9 restarts=2
23:12:19 RESTART pod=recommendationservice-7444754ff5-n8cbh restarts=6
23:12:24 RESTART pod=adservice-574bff445c-qb9cj restarts=1
23:12:24 RESTART pod=currencyservice-7c8fc8fc9c-4hm9g restarts=10
23:12:24 RESTART pod=currencyservice-7c8fc8fc9c-5frj9 restarts=2
23:12:24 RESTART pod=currencyservice-7c8fc8fc9c-mgwx9 restarts=2
23:12:24 RESTART pod=recommendationservice-7444754ff5-n8cbh restarts=6
23:12:26 RESTART pod=adservice-574bff445c-qb9cj restarts=1
23:12:26 RESTART pod=currencyservice-7c8fc8fc9c-4hm9g restarts=10
23:12:26 RESTART pod=currencyservice-7c8fc8fc9c-5frj9 restarts=2
23:12:26 RESTART pod=currencyservice-7c8fc8fc9c-mgwx9 restarts=2
23:12:26 RESTART pod=recommendationservice-7444754ff5-n8cbh restarts=6
23:12:29 RESTART pod=adservice-574bff445c-qb9cj restarts=1
23:12:29 RESTART pod=currencyservice-7c8fc8fc9c-4hm9g restarts=10
23:12:29 RESTART pod=currencyservice-7c8fc8fc9c-5frj9 restarts=2
23:12:29 RESTART pod=currencyservice-7c8fc8fc9c-mgwx9 restarts=2
23:12:29 RESTART pod=recommendationservice-7444754ff5-n8cbh restarts=6
23:12:34 RESTART pod=adservice-574bff445c-qb9cj restarts=1
23:12:34 RESTART pod=currencyservice-7c8fc8fc9c-4hm9g restarts=10
23:12:34 RESTART pod=currencyservice-7c8fc8fc9c-5frj9 restarts=2
23:12:34 RESTART pod=currencyservice-7c8fc8fc9c-mgwx9 restarts=2
23:12:34 RESTART pod=recommendationservice-7444754ff5-n8cbh restarts=6
23:12:36 RESTART pod=adservice-574bff445c-qb9cj restarts=1
23:12:36 RESTART pod=currencyservice-7c8fc8fc9c-4hm9g restarts=10
23:12:36 RESTART pod=currencyservice-7c8fc8fc9c-5frj9 restarts=2
23:12:36 RESTART pod=currencyservice-7c8fc8fc9c-mgwx9 restarts=2
23:12:36 RESTART pod=recommendationservice-7444754ff5-n8cbh restarts=6
23:12:39 RESTART pod=adservice-574bff445c-qb9cj restarts=1
23:12:39 RESTART pod=currencyservice-7c8fc8fc9c-4hm9g restarts=10
23:12:39 RESTART pod=currencyservice-7c8fc8fc9c-5frj9 restarts=2
23:12:39 RESTART pod=currencyservice-7c8fc8fc9c-mgwx9 restarts=2
23:12:39 RESTART pod=recommendationservice-7444754ff5-n8cbh restarts=6
23:12:44 RESTART pod=adservice-574bff445c-qb9cj restarts=1
23:12:44 RESTART pod=currencyservice-7c8fc8fc9c-4hm9g restarts=10
23:12:44 RESTART pod=currencyservice-7c8fc8fc9c-5frj9 restarts=2
23:12:44 RESTART pod=currencyservice-7c8fc8fc9c-mgwx9 restarts=2
23:12:44 RESTART pod=recommendationservice-7444754ff5-n8cbh restarts=6
23:12:46 RESTART pod=adservice-574bff445c-qb9cj restarts=1
23:12:46 RESTART pod=currencyservice-7c8fc8fc9c-4hm9g restarts=10
23:12:46 RESTART pod=currencyservice-7c8fc8fc9c-5frj9 restarts=2
23:12:46 RESTART pod=currencyservice-7c8fc8fc9c-mgwx9 restarts=2
23:12:46 RESTART pod=recommendationservice-7444754ff5-n8cbh restarts=6
23:12:49 RESTART pod=adservice-574bff445c-qb9cj restarts=1
23:12:49 RESTART pod=currencyservice-7c8fc8fc9c-4hm9g restarts=10
23:12:49 RESTART pod=currencyservice-7c8fc8fc9c-5frj9 restarts=2
23:12:49 RESTART pod=currencyservice-7c8fc8fc9c-mgwx9 restarts=2
23:12:49 RESTART pod=recommendationservice-7444754ff5-n8cbh restarts=6
23:12:54 RESTART pod=adservice-574bff445c-qb9cj restarts=1
23:12:54 RESTART pod=currencyservice-7c8fc8fc9c-4hm9g restarts=10
23:12:54 RESTART pod=currencyservice-7c8fc8fc9c-5frj9 restarts=2
23:12:54 RESTART pod=currencyservice-7c8fc8fc9c-mgwx9 restarts=2
23:12:54 RESTART pod=recommendationservice-7444754ff5-n8cbh restarts=6
23:12:56 RESTART pod=adservice-574bff445c-qb9cj restarts=1
23:12:56 RESTART pod=currencyservice-7c8fc8fc9c-4hm9g restarts=10
23:12:56 RESTART pod=currencyservice-7c8fc8fc9c-5frj9 restarts=2
23:12:56 RESTART pod=currencyservice-7c8fc8fc9c-mgwx9 restarts=2
23:12:56 RESTART pod=recommendationservice-7444754ff5-n8cbh restarts=6
23:12:59 RESTART pod=adservice-574bff445c-qb9cj restarts=1
23:12:59 RESTART pod=currencyservice-7c8fc8fc9c-4hm9g restarts=10
23:12:59 RESTART pod=currencyservice-7c8fc8fc9c-5frj9 restarts=2
23:12:59 RESTART pod=currencyservice-7c8fc8fc9c-mgwx9 restarts=2
23:12:59 RESTART pod=recommendationservice-7444754ff5-n8cbh restarts=6
23:13:05 RESTART pod=adservice-574bff445c-qb9cj restarts=1
23:13:05 RESTART pod=currencyservice-7c8fc8fc9c-4hm9g restarts=10
23:13:05 RESTART pod=currencyservice-7c8fc8fc9c-5frj9 restarts=2
23:13:05 RESTART pod=currencyservice-7c8fc8fc9c-mgwx9 restarts=2
23:13:05 RESTART pod=recommendationservice-7444754ff5-n8cbh restarts=6
23:13:06 RESTART pod=adservice-574bff445c-qb9cj restarts=1
23:13:06 RESTART pod=currencyservice-7c8fc8fc9c-4hm9g restarts=10
23:13:06 RESTART pod=currencyservice-7c8fc8fc9c-5frj9 restarts=2
23:13:06 RESTART pod=currencyservice-7c8fc8fc9c-mgwx9 restarts=2
23:13:06 RESTART pod=recommendationservice-7444754ff5-n8cbh restarts=6
23:13:09 RESTART pod=adservice-574bff445c-qb9cj restarts=1
23:13:09 RESTART pod=currencyservice-7c8fc8fc9c-4hm9g restarts=10
23:13:09 RESTART pod=currencyservice-7c8fc8fc9c-5frj9 restarts=2
23:13:09 RESTART pod=currencyservice-7c8fc8fc9c-mgwx9 restarts=2
23:13:09 RESTART pod=recommendationservice-7444754ff5-n8cbh restarts=6
23:13:15 RESTART pod=adservice-574bff445c-qb9cj restarts=1
23:13:15 RESTART pod=currencyservice-7c8fc8fc9c-4hm9g restarts=10
23:13:15 RESTART pod=currencyservice-7c8fc8fc9c-5frj9 restarts=2
23:13:15 RESTART pod=currencyservice-7c8fc8fc9c-mgwx9 restarts=2
23:13:15 RESTART pod=recommendationservice-7444754ff5-n8cbh restarts=6
23:13:16 RESTART pod=adservice-574bff445c-qb9cj restarts=1
23:13:16 RESTART pod=currencyservice-7c8fc8fc9c-4hm9g restarts=10
23:13:16 RESTART pod=currencyservice-7c8fc8fc9c-5frj9 restarts=2
23:13:16 RESTART pod=currencyservice-7c8fc8fc9c-mgwx9 restarts=2
23:13:16 RESTART pod=recommendationservice-7444754ff5-n8cbh restarts=6
23:13:19 RESTART pod=adservice-574bff445c-qb9cj restarts=1
23:13:19 RESTART pod=currencyservice-7c8fc8fc9c-4hm9g restarts=10
23:13:19 RESTART pod=currencyservice-7c8fc8fc9c-5frj9 restarts=2
23:13:19 RESTART pod=currencyservice-7c8fc8fc9c-mgwx9 restarts=2
23:13:19 RESTART pod=recommendationservice-7444754ff5-n8cbh restarts=6
23:13:25 RESTART pod=adservice-574bff445c-qb9cj restarts=1
23:13:25 RESTART pod=currencyservice-7c8fc8fc9c-4hm9g restarts=10
23:13:25 RESTART pod=currencyservice-7c8fc8fc9c-5frj9 restarts=2
23:13:25 RESTART pod=currencyservice-7c8fc8fc9c-mgwx9 restarts=2
23:13:25 RESTART pod=recommendationservice-7444754ff5-n8cbh restarts=6
23:13:27 RESTART pod=adservice-574bff445c-qb9cj restarts=1
23:13:27 RESTART pod=currencyservice-7c8fc8fc9c-4hm9g restarts=10
23:13:27 RESTART pod=currencyservice-7c8fc8fc9c-5frj9 restarts=2
23:13:27 RESTART pod=currencyservice-7c8fc8fc9c-mgwx9 restarts=2
23:13:27 RESTART pod=recommendationservice-7444754ff5-n8cbh restarts=6
23:13:29 RESTART pod=adservice-574bff445c-qb9cj restarts=1
23:13:29 RESTART pod=currencyservice-7c8fc8fc9c-4hm9g restarts=10
23:13:29 RESTART pod=currencyservice-7c8fc8fc9c-5frj9 restarts=2
23:13:29 RESTART pod=currencyservice-7c8fc8fc9c-mgwx9 restarts=2
23:13:29 RESTART pod=recommendationservice-7444754ff5-n8cbh restarts=6
23:13:35 RESTART pod=adservice-574bff445c-qb9cj restarts=1
23:13:35 RESTART pod=currencyservice-7c8fc8fc9c-4hm9g restarts=10
23:13:35 RESTART pod=currencyservice-7c8fc8fc9c-5frj9 restarts=2
23:13:35 RESTART pod=currencyservice-7c8fc8fc9c-mgwx9 restarts=2
23:13:35 RESTART pod=recommendationservice-7444754ff5-n8cbh restarts=6
23:13:37 RESTART pod=adservice-574bff445c-qb9cj restarts=1
23:13:37 RESTART pod=currencyservice-7c8fc8fc9c-4hm9g restarts=10
23:13:37 RESTART pod=currencyservice-7c8fc8fc9c-5frj9 restarts=2
23:13:37 RESTART pod=currencyservice-7c8fc8fc9c-mgwx9 restarts=2
23:13:37 RESTART pod=recommendationservice-7444754ff5-n8cbh restarts=6
23:13:39 RESTART pod=adservice-574bff445c-qb9cj restarts=1
23:13:39 RESTART pod=currencyservice-7c8fc8fc9c-4hm9g restarts=10
23:13:39 RESTART pod=currencyservice-7c8fc8fc9c-5frj9 restarts=2
23:13:39 RESTART pod=currencyservice-7c8fc8fc9c-mgwx9 restarts=2
23:13:39 RESTART pod=recommendationservice-7444754ff5-n8cbh restarts=6
23:13:45 RESTART pod=adservice-574bff445c-qb9cj restarts=1
23:13:45 RESTART pod=currencyservice-7c8fc8fc9c-4hm9g restarts=10
23:13:45 RESTART pod=currencyservice-7c8fc8fc9c-5frj9 restarts=2
23:13:45 RESTART pod=currencyservice-7c8fc8fc9c-mgwx9 restarts=2
23:13:45 RESTART pod=recommendationservice-7444754ff5-n8cbh restarts=6
23:13:47 RESTART pod=adservice-574bff445c-qb9cj restarts=1
23:13:47 RESTART pod=currencyservice-7c8fc8fc9c-4hm9g restarts=10
23:13:47 RESTART pod=currencyservice-7c8fc8fc9c-5frj9 restarts=2
23:13:47 RESTART pod=currencyservice-7c8fc8fc9c-mgwx9 restarts=2
23:13:47 RESTART pod=recommendationservice-7444754ff5-n8cbh restarts=6
23:13:49 RESTART pod=adservice-574bff445c-qb9cj restarts=1
23:13:49 RESTART pod=currencyservice-7c8fc8fc9c-4hm9g restarts=10
23:13:49 RESTART pod=currencyservice-7c8fc8fc9c-5frj9 restarts=2
23:13:49 RESTART pod=currencyservice-7c8fc8fc9c-mgwx9 restarts=2
23:13:49 RESTART pod=recommendationservice-7444754ff5-n8cbh restarts=6
23:13:55 RESTART pod=adservice-574bff445c-qb9cj restarts=1
23:13:55 RESTART pod=currencyservice-7c8fc8fc9c-4hm9g restarts=10
23:13:55 RESTART pod=currencyservice-7c8fc8fc9c-5frj9 restarts=2
23:13:55 RESTART pod=currencyservice-7c8fc8fc9c-mgwx9 restarts=2
23:13:55 RESTART pod=recommendationservice-7444754ff5-n8cbh restarts=6
23:13:57 RESTART pod=adservice-574bff445c-qb9cj restarts=1
23:13:57 RESTART pod=currencyservice-7c8fc8fc9c-4hm9g restarts=10
23:13:57 RESTART pod=currencyservice-7c8fc8fc9c-5frj9 restarts=2
23:13:57 RESTART pod=currencyservice-7c8fc8fc9c-mgwx9 restarts=2
23:13:57 RESTART pod=recommendationservice-7444754ff5-n8cbh restarts=6
23:14:00 RESTART pod=adservice-574bff445c-qb9cj restarts=1
23:14:00 RESTART pod=currencyservice-7c8fc8fc9c-4hm9g restarts=10
23:14:00 RESTART pod=currencyservice-7c8fc8fc9c-5frj9 restarts=2
23:14:00 RESTART pod=currencyservice-7c8fc8fc9c-mgwx9 restarts=2
23:14:00 RESTART pod=recommendationservice-7444754ff5-n8cbh restarts=6
23:14:05 RESTART pod=adservice-574bff445c-qb9cj restarts=1
23:14:05 RESTART pod=currencyservice-7c8fc8fc9c-4hm9g restarts=10
23:14:05 RESTART pod=currencyservice-7c8fc8fc9c-5frj9 restarts=2
23:14:05 RESTART pod=currencyservice-7c8fc8fc9c-mgwx9 restarts=2
23:14:05 RESTART pod=recommendationservice-7444754ff5-n8cbh restarts=7
23:14:07 RESTART pod=adservice-574bff445c-qb9cj restarts=1
23:14:07 RESTART pod=currencyservice-7c8fc8fc9c-4hm9g restarts=10
23:14:07 RESTART pod=currencyservice-7c8fc8fc9c-5frj9 restarts=2
23:14:07 RESTART pod=currencyservice-7c8fc8fc9c-mgwx9 restarts=2
23:14:07 RESTART pod=recommendationservice-7444754ff5-n8cbh restarts=7
23:14:10 RESTART pod=adservice-574bff445c-qb9cj restarts=1
23:14:10 RESTART pod=currencyservice-7c8fc8fc9c-4hm9g restarts=10
23:14:10 RESTART pod=currencyservice-7c8fc8fc9c-5frj9 restarts=2
23:14:10 RESTART pod=currencyservice-7c8fc8fc9c-mgwx9 restarts=2
23:14:10 RESTART pod=recommendationservice-7444754ff5-n8cbh restarts=7
23:14:15 RESTART pod=adservice-574bff445c-qb9cj restarts=1
23:14:15 RESTART pod=currencyservice-7c8fc8fc9c-4hm9g restarts=10
23:14:15 RESTART pod=currencyservice-7c8fc8fc9c-5frj9 restarts=2
23:14:15 RESTART pod=currencyservice-7c8fc8fc9c-mgwx9 restarts=2
23:14:15 RESTART pod=recommendationservice-7444754ff5-n8cbh restarts=7
23:14:17 RESTART pod=adservice-574bff445c-qb9cj restarts=1
23:14:17 RESTART pod=currencyservice-7c8fc8fc9c-4hm9g restarts=10
23:14:17 RESTART pod=currencyservice-7c8fc8fc9c-5frj9 restarts=2
23:14:17 RESTART pod=currencyservice-7c8fc8fc9c-mgwx9 restarts=2
23:14:17 RESTART pod=recommendationservice-7444754ff5-n8cbh restarts=7
23:14:20 RESTART pod=adservice-574bff445c-qb9cj restarts=1
23:14:20 RESTART pod=currencyservice-7c8fc8fc9c-4hm9g restarts=10
23:14:20 RESTART pod=currencyservice-7c8fc8fc9c-5frj9 restarts=2
23:14:20 RESTART pod=currencyservice-7c8fc8fc9c-mgwx9 restarts=2
23:14:20 RESTART pod=recommendationservice-7444754ff5-n8cbh restarts=7
23:14:26 RESTART pod=adservice-574bff445c-qb9cj restarts=1
23:14:26 RESTART pod=currencyservice-7c8fc8fc9c-4hm9g restarts=10
23:14:26 RESTART pod=currencyservice-7c8fc8fc9c-5frj9 restarts=2
23:14:26 RESTART pod=currencyservice-7c8fc8fc9c-mgwx9 restarts=2
23:14:26 RESTART pod=recommendationservice-7444754ff5-n8cbh restarts=7
23:14:27 RESTART pod=adservice-574bff445c-qb9cj restarts=1
23:14:27 RESTART pod=currencyservice-7c8fc8fc9c-4hm9g restarts=10
23:14:27 RESTART pod=currencyservice-7c8fc8fc9c-5frj9 restarts=2
23:14:27 RESTART pod=currencyservice-7c8fc8fc9c-mgwx9 restarts=2
23:14:27 RESTART pod=recommendationservice-7444754ff5-n8cbh restarts=7
23:14:30 RESTART pod=adservice-574bff445c-qb9cj restarts=1
23:14:30 RESTART pod=currencyservice-7c8fc8fc9c-4hm9g restarts=10
23:14:30 RESTART pod=currencyservice-7c8fc8fc9c-5frj9 restarts=2
23:14:30 RESTART pod=currencyservice-7c8fc8fc9c-mgwx9 restarts=2
23:14:30 RESTART pod=recommendationservice-7444754ff5-n8cbh restarts=7
23:14:36 RESTART pod=adservice-574bff445c-qb9cj restarts=1
23:14:36 RESTART pod=currencyservice-7c8fc8fc9c-4hm9g restarts=10
23:14:36 RESTART pod=currencyservice-7c8fc8fc9c-5frj9 restarts=2
23:14:36 RESTART pod=currencyservice-7c8fc8fc9c-mgwx9 restarts=2
23:14:36 RESTART pod=recommendationservice-7444754ff5-n8cbh restarts=7
23:14:37 RESTART pod=adservice-574bff445c-qb9cj restarts=1
23:14:37 RESTART pod=currencyservice-7c8fc8fc9c-4hm9g restarts=10
23:14:37 RESTART pod=currencyservice-7c8fc8fc9c-5frj9 restarts=2
23:14:37 RESTART pod=currencyservice-7c8fc8fc9c-mgwx9 restarts=2
23:14:37 RESTART pod=recommendationservice-7444754ff5-n8cbh restarts=7
23:14:40 RESTART pod=adservice-574bff445c-qb9cj restarts=1
23:14:40 RESTART pod=currencyservice-7c8fc8fc9c-4hm9g restarts=10
23:14:40 RESTART pod=currencyservice-7c8fc8fc9c-5frj9 restarts=2
23:14:40 RESTART pod=currencyservice-7c8fc8fc9c-mgwx9 restarts=2
23:14:40 RESTART pod=recommendationservice-7444754ff5-n8cbh restarts=7
23:14:46 RESTART pod=adservice-574bff445c-qb9cj restarts=1
23:14:46 RESTART pod=currencyservice-7c8fc8fc9c-4hm9g restarts=10
23:14:46 RESTART pod=currencyservice-7c8fc8fc9c-5frj9 restarts=2
23:14:46 RESTART pod=currencyservice-7c8fc8fc9c-mgwx9 restarts=2
23:14:46 RESTART pod=recommendationservice-7444754ff5-n8cbh restarts=7
23:14:47 RESTART pod=adservice-574bff445c-qb9cj restarts=1
23:14:47 RESTART pod=currencyservice-7c8fc8fc9c-4hm9g restarts=10
23:14:47 RESTART pod=currencyservice-7c8fc8fc9c-5frj9 restarts=2
23:14:47 RESTART pod=currencyservice-7c8fc8fc9c-mgwx9 restarts=2
23:14:47 RESTART pod=recommendationservice-7444754ff5-n8cbh restarts=7
23:14:50 RESTART pod=adservice-574bff445c-qb9cj restarts=1
23:14:50 RESTART pod=currencyservice-7c8fc8fc9c-4hm9g restarts=10
23:14:50 RESTART pod=currencyservice-7c8fc8fc9c-5frj9 restarts=2
23:14:50 RESTART pod=currencyservice-7c8fc8fc9c-mgwx9 restarts=2
23:14:50 RESTART pod=recommendationservice-7444754ff5-n8cbh restarts=7
23:14:56 RESTART pod=adservice-574bff445c-qb9cj restarts=1
23:14:56 RESTART pod=currencyservice-7c8fc8fc9c-4hm9g restarts=10
23:14:56 RESTART pod=currencyservice-7c8fc8fc9c-5frj9 restarts=2
23:14:56 RESTART pod=currencyservice-7c8fc8fc9c-mgwx9 restarts=2
23:14:56 RESTART pod=recommendationservice-7444754ff5-n8cbh restarts=7
23:14:58 RESTART pod=adservice-574bff445c-qb9cj restarts=1
23:14:58 RESTART pod=currencyservice-7c8fc8fc9c-4hm9g restarts=10
23:14:58 RESTART pod=currencyservice-7c8fc8fc9c-5frj9 restarts=2
23:14:58 RESTART pod=currencyservice-7c8fc8fc9c-mgwx9 restarts=2
23:14:58 RESTART pod=recommendationservice-7444754ff5-n8cbh restarts=7
23:15:00 RESTART pod=adservice-574bff445c-qb9cj restarts=1
23:15:00 RESTART pod=currencyservice-7c8fc8fc9c-4hm9g restarts=10
23:15:00 RESTART pod=currencyservice-7c8fc8fc9c-5frj9 restarts=2
23:15:00 RESTART pod=currencyservice-7c8fc8fc9c-mgwx9 restarts=2
23:15:00 RESTART pod=recommendationservice-7444754ff5-n8cbh restarts=7
23:15:06 RESTART pod=adservice-574bff445c-qb9cj restarts=1
23:15:06 RESTART pod=currencyservice-7c8fc8fc9c-4hm9g restarts=10
23:15:06 RESTART pod=currencyservice-7c8fc8fc9c-5frj9 restarts=2
23:15:06 RESTART pod=currencyservice-7c8fc8fc9c-mgwx9 restarts=2
23:15:06 RESTART pod=recommendationservice-7444754ff5-n8cbh restarts=7
23:15:08 RESTART pod=adservice-574bff445c-qb9cj restarts=1
23:15:08 RESTART pod=currencyservice-7c8fc8fc9c-4hm9g restarts=10
23:15:08 RESTART pod=currencyservice-7c8fc8fc9c-5frj9 restarts=2
23:15:08 RESTART pod=currencyservice-7c8fc8fc9c-mgwx9 restarts=2
23:15:08 RESTART pod=recommendationservice-7444754ff5-n8cbh restarts=7
23:15:10 RESTART pod=adservice-574bff445c-qb9cj restarts=1
23:15:10 RESTART pod=currencyservice-7c8fc8fc9c-4hm9g restarts=10
23:15:10 RESTART pod=currencyservice-7c8fc8fc9c-5frj9 restarts=2
23:15:10 RESTART pod=currencyservice-7c8fc8fc9c-mgwx9 restarts=2
23:15:10 RESTART pod=recommendationservice-7444754ff5-n8cbh restarts=7
23:15:16 RESTART pod=adservice-574bff445c-qb9cj restarts=1
23:15:16 RESTART pod=currencyservice-7c8fc8fc9c-4hm9g restarts=10
23:15:16 RESTART pod=currencyservice-7c8fc8fc9c-5frj9 restarts=2
23:15:16 RESTART pod=currencyservice-7c8fc8fc9c-mgwx9 restarts=2
23:15:16 RESTART pod=recommendationservice-7444754ff5-n8cbh restarts=7
23:15:18 RESTART pod=adservice-574bff445c-qb9cj restarts=1
23:15:18 RESTART pod=currencyservice-7c8fc8fc9c-4hm9g restarts=10
23:15:18 RESTART pod=currencyservice-7c8fc8fc9c-5frj9 restarts=2
23:15:18 RESTART pod=currencyservice-7c8fc8fc9c-mgwx9 restarts=2
23:15:18 RESTART pod=recommendationservice-7444754ff5-n8cbh restarts=7
23:15:20 RESTART pod=adservice-574bff445c-qb9cj restarts=1
23:15:20 RESTART pod=currencyservice-7c8fc8fc9c-4hm9g restarts=10
23:15:20 RESTART pod=currencyservice-7c8fc8fc9c-5frj9 restarts=2
23:15:20 RESTART pod=currencyservice-7c8fc8fc9c-mgwx9 restarts=2
23:15:20 RESTART pod=recommendationservice-7444754ff5-n8cbh restarts=7
23:15:26 RESTART pod=adservice-574bff445c-qb9cj restarts=1
23:15:26 RESTART pod=currencyservice-7c8fc8fc9c-4hm9g restarts=10
23:15:26 RESTART pod=currencyservice-7c8fc8fc9c-5frj9 restarts=2
23:15:26 RESTART pod=currencyservice-7c8fc8fc9c-mgwx9 restarts=2
23:15:26 RESTART pod=recommendationservice-7444754ff5-n8cbh restarts=7
23:15:28 RESTART pod=adservice-574bff445c-qb9cj restarts=1
23:15:28 RESTART pod=currencyservice-7c8fc8fc9c-4hm9g restarts=10
23:15:28 RESTART pod=currencyservice-7c8fc8fc9c-5frj9 restarts=2
23:15:28 RESTART pod=currencyservice-7c8fc8fc9c-mgwx9 restarts=2
23:15:28 RESTART pod=recommendationservice-7444754ff5-n8cbh restarts=7
23:15:31 RESTART pod=adservice-574bff445c-qb9cj restarts=1
23:15:31 RESTART pod=currencyservice-7c8fc8fc9c-4hm9g restarts=10
23:15:31 RESTART pod=currencyservice-7c8fc8fc9c-5frj9 restarts=2
23:15:31 RESTART pod=currencyservice-7c8fc8fc9c-mgwx9 restarts=2
23:15:31 RESTART pod=recommendationservice-7444754ff5-n8cbh restarts=7
23:15:36 RESTART pod=adservice-574bff445c-qb9cj restarts=1
23:15:36 RESTART pod=currencyservice-7c8fc8fc9c-4hm9g restarts=10
23:15:36 RESTART pod=currencyservice-7c8fc8fc9c-5frj9 restarts=2
23:15:36 RESTART pod=currencyservice-7c8fc8fc9c-mgwx9 restarts=2
23:15:36 RESTART pod=recommendationservice-7444754ff5-n8cbh restarts=7
23:15:38 RESTART pod=adservice-574bff445c-qb9cj restarts=1
23:15:38 RESTART pod=currencyservice-7c8fc8fc9c-4hm9g restarts=10
23:15:38 RESTART pod=currencyservice-7c8fc8fc9c-5frj9 restarts=2
23:15:38 RESTART pod=currencyservice-7c8fc8fc9c-mgwx9 restarts=2
23:15:38 RESTART pod=recommendationservice-7444754ff5-n8cbh restarts=7
23:15:41 RESTART pod=adservice-574bff445c-qb9cj restarts=1
23:15:41 RESTART pod=currencyservice-7c8fc8fc9c-4hm9g restarts=10
23:15:41 RESTART pod=currencyservice-7c8fc8fc9c-5frj9 restarts=2
23:15:41 RESTART pod=currencyservice-7c8fc8fc9c-mgwx9 restarts=2
23:15:41 RESTART pod=recommendationservice-7444754ff5-n8cbh restarts=7
23:15:46 RESTART pod=adservice-574bff445c-qb9cj restarts=1
23:15:46 RESTART pod=currencyservice-7c8fc8fc9c-4hm9g restarts=10
23:15:46 RESTART pod=currencyservice-7c8fc8fc9c-5frj9 restarts=2
23:15:46 RESTART pod=currencyservice-7c8fc8fc9c-mgwx9 restarts=2
23:15:46 RESTART pod=recommendationservice-7444754ff5-n8cbh restarts=7
23:15:48 RESTART pod=adservice-574bff445c-qb9cj restarts=1
23:15:48 RESTART pod=currencyservice-7c8fc8fc9c-4hm9g restarts=10
23:15:48 RESTART pod=currencyservice-7c8fc8fc9c-5frj9 restarts=2
23:15:48 RESTART pod=currencyservice-7c8fc8fc9c-mgwx9 restarts=2
23:15:48 RESTART pod=recommendationservice-7444754ff5-n8cbh restarts=7
23:15:51 RESTART pod=adservice-574bff445c-qb9cj restarts=1
23:15:51 RESTART pod=currencyservice-7c8fc8fc9c-4hm9g restarts=10
23:15:51 RESTART pod=currencyservice-7c8fc8fc9c-5frj9 restarts=2
23:15:51 RESTART pod=currencyservice-7c8fc8fc9c-mgwx9 restarts=2
23:15:51 RESTART pod=recommendationservice-7444754ff5-n8cbh restarts=7
23:15:57 RESTART pod=adservice-574bff445c-qb9cj restarts=1
23:15:57 RESTART pod=currencyservice-7c8fc8fc9c-4hm9g restarts=10
23:15:57 RESTART pod=currencyservice-7c8fc8fc9c-5frj9 restarts=2
23:15:57 RESTART pod=currencyservice-7c8fc8fc9c-mgwx9 restarts=2
23:15:57 RESTART pod=recommendationservice-7444754ff5-n8cbh restarts=7
23:15:58 RESTART pod=adservice-574bff445c-qb9cj restarts=1
23:15:58 RESTART pod=currencyservice-7c8fc8fc9c-4hm9g restarts=10
23:15:58 RESTART pod=currencyservice-7c8fc8fc9c-5frj9 restarts=2
23:15:58 RESTART pod=currencyservice-7c8fc8fc9c-mgwx9 restarts=2
23:15:58 RESTART pod=recommendationservice-7444754ff5-n8cbh restarts=7
23:16:01 RESTART pod=adservice-574bff445c-qb9cj restarts=1
23:16:01 RESTART pod=currencyservice-7c8fc8fc9c-4hm9g restarts=10
23:16:01 RESTART pod=currencyservice-7c8fc8fc9c-5frj9 restarts=2
23:16:01 RESTART pod=currencyservice-7c8fc8fc9c-mgwx9 restarts=2
23:16:01 RESTART pod=recommendationservice-7444754ff5-n8cbh restarts=7
23:16:07 RESTART pod=adservice-574bff445c-qb9cj restarts=1
23:16:07 RESTART pod=currencyservice-7c8fc8fc9c-4hm9g restarts=10
23:16:07 RESTART pod=currencyservice-7c8fc8fc9c-5frj9 restarts=2
23:16:07 RESTART pod=currencyservice-7c8fc8fc9c-mgwx9 restarts=2
23:16:07 RESTART pod=recommendationservice-7444754ff5-n8cbh restarts=7
23:16:08 RESTART pod=adservice-574bff445c-qb9cj restarts=1
23:16:08 RESTART pod=currencyservice-7c8fc8fc9c-4hm9g restarts=10
23:16:08 RESTART pod=currencyservice-7c8fc8fc9c-5frj9 restarts=2
23:16:08 RESTART pod=currencyservice-7c8fc8fc9c-mgwx9 restarts=2
23:16:08 RESTART pod=recommendationservice-7444754ff5-n8cbh restarts=7
23:16:11 RESTART pod=adservice-574bff445c-qb9cj restarts=1
23:16:11 RESTART pod=currencyservice-7c8fc8fc9c-4hm9g restarts=10
23:16:11 RESTART pod=currencyservice-7c8fc8fc9c-5frj9 restarts=2
23:16:11 RESTART pod=currencyservice-7c8fc8fc9c-mgwx9 restarts=2
23:16:11 RESTART pod=recommendationservice-7444754ff5-n8cbh restarts=7
23:16:17 RESTART pod=adservice-574bff445c-qb9cj restarts=1
23:16:17 RESTART pod=currencyservice-7c8fc8fc9c-4hm9g restarts=10
23:16:17 RESTART pod=currencyservice-7c8fc8fc9c-5frj9 restarts=2
23:16:17 RESTART pod=currencyservice-7c8fc8fc9c-mgwx9 restarts=2
23:16:17 RESTART pod=recommendationservice-7444754ff5-n8cbh restarts=7
23:16:18 RESTART pod=adservice-574bff445c-qb9cj restarts=1
23:16:18 RESTART pod=currencyservice-7c8fc8fc9c-4hm9g restarts=10
23:16:18 RESTART pod=currencyservice-7c8fc8fc9c-5frj9 restarts=2
23:16:18 RESTART pod=currencyservice-7c8fc8fc9c-mgwx9 restarts=2
23:16:18 RESTART pod=recommendationservice-7444754ff5-n8cbh restarts=7
23:16:21 RESTART pod=adservice-574bff445c-qb9cj restarts=1
23:16:21 RESTART pod=currencyservice-7c8fc8fc9c-4hm9g restarts=10
23:16:21 RESTART pod=currencyservice-7c8fc8fc9c-5frj9 restarts=2
23:16:21 RESTART pod=currencyservice-7c8fc8fc9c-mgwx9 restarts=2
23:16:21 RESTART pod=recommendationservice-7444754ff5-n8cbh restarts=7
23:16:27 RESTART pod=adservice-574bff445c-qb9cj restarts=1
23:16:27 RESTART pod=currencyservice-7c8fc8fc9c-4hm9g restarts=10
23:16:27 RESTART pod=currencyservice-7c8fc8fc9c-5frj9 restarts=2
23:16:27 RESTART pod=currencyservice-7c8fc8fc9c-mgwx9 restarts=2
23:16:27 RESTART pod=recommendationservice-7444754ff5-n8cbh restarts=7
23:16:29 RESTART pod=adservice-574bff445c-qb9cj restarts=1
23:16:29 RESTART pod=currencyservice-7c8fc8fc9c-4hm9g restarts=10
23:16:29 RESTART pod=currencyservice-7c8fc8fc9c-5frj9 restarts=2
23:16:29 RESTART pod=currencyservice-7c8fc8fc9c-mgwx9 restarts=2
23:16:29 RESTART pod=recommendationservice-7444754ff5-n8cbh restarts=7
23:16:31 RESTART pod=adservice-574bff445c-qb9cj restarts=1
23:16:31 RESTART pod=currencyservice-7c8fc8fc9c-4hm9g restarts=10
23:16:31 RESTART pod=currencyservice-7c8fc8fc9c-5frj9 restarts=2
23:16:31 RESTART pod=currencyservice-7c8fc8fc9c-mgwx9 restarts=2
23:16:31 RESTART pod=recommendationservice-7444754ff5-n8cbh restarts=7
23:16:37 RESTART pod=adservice-574bff445c-qb9cj restarts=1
23:16:37 RESTART pod=currencyservice-7c8fc8fc9c-4hm9g restarts=10
23:16:37 RESTART pod=currencyservice-7c8fc8fc9c-5frj9 restarts=2
23:16:37 RESTART pod=currencyservice-7c8fc8fc9c-mgwx9 restarts=2
23:16:37 RESTART pod=recommendationservice-7444754ff5-n8cbh restarts=7
23:16:39 RESTART pod=adservice-574bff445c-qb9cj restarts=1
23:16:39 RESTART pod=currencyservice-7c8fc8fc9c-4hm9g restarts=10
23:16:39 RESTART pod=currencyservice-7c8fc8fc9c-5frj9 restarts=2
23:16:39 RESTART pod=currencyservice-7c8fc8fc9c-mgwx9 restarts=2
23:16:39 RESTART pod=recommendationservice-7444754ff5-n8cbh restarts=7
23:16:41 RESTART pod=adservice-574bff445c-qb9cj restarts=1
23:16:41 RESTART pod=currencyservice-7c8fc8fc9c-4hm9g restarts=10
23:16:41 RESTART pod=currencyservice-7c8fc8fc9c-5frj9 restarts=2
23:16:41 RESTART pod=currencyservice-7c8fc8fc9c-mgwx9 restarts=2
23:16:41 RESTART pod=recommendationservice-7444754ff5-n8cbh restarts=7
23:16:47 RESTART pod=adservice-574bff445c-qb9cj restarts=1
23:16:47 RESTART pod=currencyservice-7c8fc8fc9c-4hm9g restarts=10
23:16:47 RESTART pod=currencyservice-7c8fc8fc9c-5frj9 restarts=2
23:16:47 RESTART pod=currencyservice-7c8fc8fc9c-mgwx9 restarts=2
23:16:47 RESTART pod=recommendationservice-7444754ff5-n8cbh restarts=7
23:16:49 RESTART pod=adservice-574bff445c-qb9cj restarts=1
23:16:49 RESTART pod=currencyservice-7c8fc8fc9c-4hm9g restarts=10
23:16:49 RESTART pod=currencyservice-7c8fc8fc9c-5frj9 restarts=2
23:16:49 RESTART pod=currencyservice-7c8fc8fc9c-mgwx9 restarts=2
23:16:49 RESTART pod=recommendationservice-7444754ff5-n8cbh restarts=7
23:16:51 RESTART pod=adservice-574bff445c-qb9cj restarts=1
23:16:51 RESTART pod=currencyservice-7c8fc8fc9c-4hm9g restarts=10
23:16:51 RESTART pod=currencyservice-7c8fc8fc9c-5frj9 restarts=2
23:16:51 RESTART pod=currencyservice-7c8fc8fc9c-mgwx9 restarts=2
23:16:51 RESTART pod=recommendationservice-7444754ff5-n8cbh restarts=7
23:16:57 RESTART pod=adservice-574bff445c-qb9cj restarts=1
23:16:57 RESTART pod=currencyservice-7c8fc8fc9c-4hm9g restarts=10
23:16:57 RESTART pod=currencyservice-7c8fc8fc9c-5frj9 restarts=2
23:16:57 RESTART pod=currencyservice-7c8fc8fc9c-mgwx9 restarts=2
23:16:57 RESTART pod=recommendationservice-7444754ff5-n8cbh restarts=7
23:16:59 RESTART pod=adservice-574bff445c-qb9cj restarts=1
23:16:59 RESTART pod=currencyservice-7c8fc8fc9c-4hm9g restarts=10
23:16:59 RESTART pod=currencyservice-7c8fc8fc9c-5frj9 restarts=2
23:16:59 RESTART pod=currencyservice-7c8fc8fc9c-mgwx9 restarts=2
23:16:59 RESTART pod=recommendationservice-7444754ff5-n8cbh restarts=7
23:17:01 RESTART pod=adservice-574bff445c-qb9cj restarts=1
23:17:01 RESTART pod=currencyservice-7c8fc8fc9c-4hm9g restarts=10
23:17:01 RESTART pod=currencyservice-7c8fc8fc9c-5frj9 restarts=2
23:17:01 RESTART pod=currencyservice-7c8fc8fc9c-mgwx9 restarts=2
23:17:01 RESTART pod=recommendationservice-7444754ff5-n8cbh restarts=7
23:17:07 RESTART pod=adservice-574bff445c-qb9cj restarts=1
23:17:07 RESTART pod=currencyservice-7c8fc8fc9c-4hm9g restarts=10
23:17:07 RESTART pod=currencyservice-7c8fc8fc9c-5frj9 restarts=2
23:17:07 RESTART pod=currencyservice-7c8fc8fc9c-mgwx9 restarts=2
23:17:07 RESTART pod=recommendationservice-7444754ff5-n8cbh restarts=7
23:17:09 RESTART pod=adservice-574bff445c-qb9cj restarts=1
23:17:09 RESTART pod=currencyservice-7c8fc8fc9c-4hm9g restarts=10
23:17:09 RESTART pod=currencyservice-7c8fc8fc9c-5frj9 restarts=2
23:17:09 RESTART pod=currencyservice-7c8fc8fc9c-mgwx9 restarts=2
23:17:09 RESTART pod=recommendationservice-7444754ff5-n8cbh restarts=7
23:17:12 RESTART pod=adservice-574bff445c-qb9cj restarts=1
23:17:12 RESTART pod=currencyservice-7c8fc8fc9c-4hm9g restarts=10
23:17:12 RESTART pod=currencyservice-7c8fc8fc9c-5frj9 restarts=2
23:17:12 RESTART pod=currencyservice-7c8fc8fc9c-mgwx9 restarts=2
23:17:12 RESTART pod=recommendationservice-7444754ff5-n8cbh restarts=7
23:17:18 RESTART pod=adservice-574bff445c-qb9cj restarts=1
23:17:18 RESTART pod=currencyservice-7c8fc8fc9c-4hm9g restarts=10
23:17:18 RESTART pod=currencyservice-7c8fc8fc9c-5frj9 restarts=2
23:17:18 RESTART pod=currencyservice-7c8fc8fc9c-mgwx9 restarts=2
23:17:18 RESTART pod=recommendationservice-7444754ff5-n8cbh restarts=7
23:17:19 RESTART pod=adservice-574bff445c-qb9cj restarts=1
23:17:19 RESTART pod=currencyservice-7c8fc8fc9c-4hm9g restarts=10
23:17:19 RESTART pod=currencyservice-7c8fc8fc9c-5frj9 restarts=2
23:17:19 RESTART pod=currencyservice-7c8fc8fc9c-mgwx9 restarts=2
23:17:19 RESTART pod=recommendationservice-7444754ff5-n8cbh restarts=7
23:17:22 RESTART pod=adservice-574bff445c-qb9cj restarts=1
23:17:22 RESTART pod=currencyservice-7c8fc8fc9c-4hm9g restarts=10
23:17:22 RESTART pod=currencyservice-7c8fc8fc9c-5frj9 restarts=2
23:17:22 RESTART pod=currencyservice-7c8fc8fc9c-mgwx9 restarts=2
23:17:22 RESTART pod=recommendationservice-7444754ff5-n8cbh restarts=7
23:17:28 RESTART pod=adservice-574bff445c-qb9cj restarts=1
23:17:28 RESTART pod=currencyservice-7c8fc8fc9c-4hm9g restarts=10
23:17:28 RESTART pod=currencyservice-7c8fc8fc9c-5frj9 restarts=2
23:17:28 RESTART pod=currencyservice-7c8fc8fc9c-mgwx9 restarts=2
23:17:28 RESTART pod=recommendationservice-7444754ff5-n8cbh restarts=7
23:17:29 RESTART pod=adservice-574bff445c-qb9cj restarts=1
23:17:29 RESTART pod=currencyservice-7c8fc8fc9c-4hm9g restarts=10
23:17:29 RESTART pod=currencyservice-7c8fc8fc9c-5frj9 restarts=2
23:17:29 RESTART pod=currencyservice-7c8fc8fc9c-mgwx9 restarts=2
23:17:29 RESTART pod=recommendationservice-7444754ff5-n8cbh restarts=7
23:17:32 RESTART pod=adservice-574bff445c-qb9cj restarts=1
23:17:32 RESTART pod=currencyservice-7c8fc8fc9c-4hm9g restarts=10
23:17:32 RESTART pod=currencyservice-7c8fc8fc9c-5frj9 restarts=2
23:17:32 RESTART pod=currencyservice-7c8fc8fc9c-mgwx9 restarts=2
23:17:32 RESTART pod=recommendationservice-7444754ff5-n8cbh restarts=7
23:17:38 RESTART pod=adservice-574bff445c-qb9cj restarts=1
23:17:38 RESTART pod=currencyservice-7c8fc8fc9c-4hm9g restarts=10
23:17:38 RESTART pod=currencyservice-7c8fc8fc9c-5frj9 restarts=2
23:17:38 RESTART pod=currencyservice-7c8fc8fc9c-mgwx9 restarts=2
23:17:38 RESTART pod=recommendationservice-7444754ff5-n8cbh restarts=7
23:17:39 RESTART pod=adservice-574bff445c-qb9cj restarts=1
23:17:39 RESTART pod=currencyservice-7c8fc8fc9c-4hm9g restarts=10
23:17:39 RESTART pod=currencyservice-7c8fc8fc9c-5frj9 restarts=2
23:17:39 RESTART pod=currencyservice-7c8fc8fc9c-mgwx9 restarts=2
23:17:39 RESTART pod=recommendationservice-7444754ff5-n8cbh restarts=7
23:17:42 RESTART pod=adservice-574bff445c-qb9cj restarts=1
23:17:42 RESTART pod=currencyservice-7c8fc8fc9c-4hm9g restarts=10
23:17:42 RESTART pod=currencyservice-7c8fc8fc9c-5frj9 restarts=2
23:17:42 RESTART pod=currencyservice-7c8fc8fc9c-mgwx9 restarts=2
23:17:42 RESTART pod=recommendationservice-7444754ff5-n8cbh restarts=8
23:17:48 RESTART pod=adservice-574bff445c-qb9cj restarts=1
23:17:48 RESTART pod=currencyservice-7c8fc8fc9c-4hm9g restarts=10
23:17:48 RESTART pod=currencyservice-7c8fc8fc9c-5frj9 restarts=2
23:17:48 RESTART pod=currencyservice-7c8fc8fc9c-mgwx9 restarts=2
23:17:48 RESTART pod=recommendationservice-7444754ff5-n8cbh restarts=8
23:17:49 RESTART pod=adservice-574bff445c-qb9cj restarts=1
23:17:49 RESTART pod=currencyservice-7c8fc8fc9c-4hm9g restarts=10
23:17:49 RESTART pod=currencyservice-7c8fc8fc9c-5frj9 restarts=2
23:17:49 RESTART pod=currencyservice-7c8fc8fc9c-mgwx9 restarts=2
23:17:49 RESTART pod=recommendationservice-7444754ff5-n8cbh restarts=8
23:17:52 RESTART pod=adservice-574bff445c-qb9cj restarts=1
23:17:52 RESTART pod=currencyservice-7c8fc8fc9c-4hm9g restarts=10
23:17:52 RESTART pod=currencyservice-7c8fc8fc9c-5frj9 restarts=2
23:17:52 RESTART pod=currencyservice-7c8fc8fc9c-mgwx9 restarts=2
23:17:52 RESTART pod=recommendationservice-7444754ff5-n8cbh restarts=8
23:17:58 RESTART pod=adservice-574bff445c-qb9cj restarts=1
23:17:58 RESTART pod=currencyservice-7c8fc8fc9c-4hm9g restarts=10
23:17:58 RESTART pod=currencyservice-7c8fc8fc9c-5frj9 restarts=2
23:17:58 RESTART pod=currencyservice-7c8fc8fc9c-mgwx9 restarts=2
23:17:58 RESTART pod=recommendationservice-7444754ff5-n8cbh restarts=8
23:18:02 RESTART pod=adservice-574bff445c-qb9cj restarts=1
23:18:02 RESTART pod=currencyservice-7c8fc8fc9c-4hm9g restarts=10
23:18:02 RESTART pod=currencyservice-7c8fc8fc9c-5frj9 restarts=2
23:18:02 RESTART pod=currencyservice-7c8fc8fc9c-mgwx9 restarts=2
23:18:02 RESTART pod=recommendationservice-7444754ff5-n8cbh restarts=8
23:18:08 RESTART pod=adservice-574bff445c-qb9cj restarts=1
23:18:08 RESTART pod=currencyservice-7c8fc8fc9c-4hm9g restarts=10
23:18:08 RESTART pod=currencyservice-7c8fc8fc9c-5frj9 restarts=2
23:18:08 RESTART pod=currencyservice-7c8fc8fc9c-mgwx9 restarts=2
23:18:08 RESTART pod=recommendationservice-7444754ff5-n8cbh restarts=8
23:18:12 RESTART pod=adservice-574bff445c-qb9cj restarts=1
23:18:12 RESTART pod=currencyservice-7c8fc8fc9c-4hm9g restarts=10
23:18:12 RESTART pod=currencyservice-7c8fc8fc9c-5frj9 restarts=2
23:18:12 RESTART pod=currencyservice-7c8fc8fc9c-mgwx9 restarts=2
23:18:12 RESTART pod=recommendationservice-7444754ff5-n8cbh restarts=8
