/Users/edias/Library/Python/3.9/lib/python/site-packages/urllib3/__init__.py:35: NotOpenSSLWarning: urllib3 v2 only supports OpenSSL 1.1.1+, currently the 'ssl' module is compiled with 'LibreSSL 2.8.3'. See: https://github.com/urllib3/urllib3/issues/3020
  warnings.warn(
[2026-05-20 20:29:14,988] Mac/WARNING/locust.main: Python 3.9 support is deprecated and will be removed soon
Type     Name                                                                          # reqs      # fails |    Avg     Min     Max    Med |   req/s  failures/s
--------|----------------------------------------------------------------------------|-------|-------------|-------|-------|-------|-------|--------|-----------
--------|----------------------------------------------------------------------------|-------|-------------|-------|-------|-------|-------|--------|-----------
         Aggregated                                                                         0     0(0.00%) |      0       0       0      0 |    0.00        0.00

Type     Name                                                                          # reqs      # fails |    Avg     Min     Max    Med |   req/s  failures/s
--------|----------------------------------------------------------------------------|-------|-------------|-------|-------|-------|-------|--------|-----------
GET      /cart                                                                              3     0(0.00%) |     21      14      34     14 |    0.00        0.00
POST     /cart [add]                                                                        3     0(0.00%) |     24      13      37     22 |    0.00        0.00
POST     /cart/checkout                                                                     2     0(0.00%) |     20      18      22     18 |    0.00        0.00
GET      /product/[id]                                                                     13     0(0.00%) |     23      10      48     19 |    0.00        0.00
POST     /setCurrency                                                                       4     0(0.00%) |     36      18      73     22 |    0.00        0.00
--------|----------------------------------------------------------------------------|-------|-------------|-------|-------|-------|-------|--------|-----------
         Aggregated                                                                        25     0(0.00%) |     25      10      73     20 |    0.00        0.00

Type     Name                                                                          # reqs      # fails |    Avg     Min     Max    Med |   req/s  failures/s
--------|----------------------------------------------------------------------------|-------|-------------|-------|-------|-------|-------|--------|-----------
GET      /                                                                                  2     0(0.00%) |     13      10      15     11 |    0.00        0.00
GET      /cart                                                                             12     0(0.00%) |     15       5      34     13 |    0.00        0.00
POST     /cart [add]                                                                       13     0(0.00%) |     17      11      37     14 |    0.50        0.00
POST     /cart/checkout                                                                     6     0(0.00%) |     17      12      26     14 |    0.00        0.00
GET      /product/[id]                                                                     33     0(0.00%) |     15       6      48     12 |    2.50        0.00
POST     /setCurrency                                                                      13     0(0.00%) |     24      11      73     18 |    1.50        0.00
--------|----------------------------------------------------------------------------|-------|-------------|-------|-------|-------|-------|--------|-----------
         Aggregated                                                                        79     0(0.00%) |     17       5      73     14 |    4.50        0.00

Type     Name                                                                          # reqs      # fails |    Avg     Min     Max    Med |   req/s  failures/s
--------|----------------------------------------------------------------------------|-------|-------------|-------|-------|-------|-------|--------|-----------
GET      /                                                                                  5     0(0.00%) |     12      10      15     13 |    0.25        0.00
GET      /cart                                                                             24     0(0.00%) |     12       5      34     10 |    2.25        0.00
POST     /cart [add]                                                                       28     0(0.00%) |     15       8      37     13 |    1.50        0.00
POST     /cart/checkout                                                                     9     0(0.00%) |     17      12      27     14 |    0.75        0.00
GET      /product/[id]                                                                     79     0(0.00%) |     12       6      48     10 |    5.75        0.00
POST     /setCurrency                                                                      17     0(0.00%) |     22      11      73     18 |    1.50        0.00
--------|----------------------------------------------------------------------------|-------|-------------|-------|-------|-------|-------|--------|-----------
         Aggregated                                                                       162     0(0.00%) |     14       5      73     12 |   12.00        0.00

Type     Name                                                                          # reqs      # fails |    Avg     Min     Max    Med |   req/s  failures/s
--------|----------------------------------------------------------------------------|-------|-------------|-------|-------|-------|-------|--------|-----------
GET      /                                                                                  5     0(0.00%) |     12      10      15     13 |    0.50        0.00
GET      /cart                                                                             38     0(0.00%) |     12       4      55      9 |    2.83        0.00
POST     /cart [add]                                                                       46     0(0.00%) |     18       7     148     12 |    3.00        0.00
POST     /cart/checkout                                                                    14     0(0.00%) |     19       8      75     13 |    1.33        0.00
GET      /product/[id]                                                                    140     0(0.00%) |     15       4     162      9 |    9.83        0.00
POST     /setCurrency                                                                      29     0(0.00%) |     23       8      82     15 |    2.33        0.00
--------|----------------------------------------------------------------------------|-------|-------------|-------|-------|-------|-------|--------|-----------
         Aggregated                                                                       272     0(0.00%) |     16       4     162     11 |   19.83        0.00

Type     Name                                                                          # reqs      # fails |    Avg     Min     Max    Med |   req/s  failures/s
--------|----------------------------------------------------------------------------|-------|-------------|-------|-------|-------|-------|--------|-----------
GET      /                                                                                  8     0(0.00%) |     12       8      15     11 |    0.62        0.00
GET      /cart                                                                             55     0(0.00%) |     10       4      55      8 |    4.00        0.00
POST     /cart [add]                                                                       80     0(0.00%) |     14       6     148     10 |    4.50        0.00
POST     /cart/checkout                                                                    24     0(0.00%) |     15       7      75     12 |    1.25        0.00
GET      /product/[id]                                                                    208     0(0.00%) |     12       4     162      8 |   13.75        0.00
POST     /setCurrency                                                                      41     0(0.00%) |     21       8      82     15 |    2.75        0.00
--------|----------------------------------------------------------------------------|-------|-------------|-------|-------|-------|-------|--------|-----------
         Aggregated                                                                       416     0(0.00%) |     13       4     162      9 |   26.88        0.00

Type     Name                                                                          # reqs      # fails |    Avg     Min     Max    Med |   req/s  failures/s
--------|----------------------------------------------------------------------------|-------|-------------|-------|-------|-------|-------|--------|-----------
GET      /                                                                                 12     0(0.00%) |     11       8      15     11 |    0.70        0.00
GET      /cart                                                                             80     0(0.00%) |      9       3      55      8 |    4.40        0.00
POST     /cart [add]                                                                      110     0(0.00%) |     14       6     148     10 |    6.60        0.00
POST     /cart/checkout                                                                    32     0(0.00%) |     14       7      75     11 |    1.90        0.00
GET      /product/[id]                                                                    294     0(0.00%) |     12       4     162      8 |   16.60        0.00
POST     /setCurrency                                                                      60     0(0.00%) |     18       8      82     13 |    3.80        0.00
--------|----------------------------------------------------------------------------|-------|-------------|-------|-------|-------|-------|--------|-----------
         Aggregated                                                                       588     0(0.00%) |     12       3     162      9 |   34.00        0.00

Type     Name                                                                          # reqs      # fails |    Avg     Min     Max    Med |   req/s  failures/s
--------|----------------------------------------------------------------------------|-------|-------------|-------|-------|-------|-------|--------|-----------
GET      /                                                                                 16     0(0.00%) |     11       8      15     11 |    1.00        0.00
GET      /cart                                                                            101     0(0.00%) |      9       3      55      8 |    7.00        0.00
POST     /cart [add]                                                                      151     0(0.00%) |     13       6     148     10 |    8.90        0.00
POST     /cart/checkout                                                                    49     0(0.00%) |     13       6      75     10 |    2.60        0.00
GET      /product/[id]                                                                    398     0(0.00%) |     10       4     162      7 |   24.70        0.00
POST     /setCurrency                                                                      80     0(0.00%) |     16       8      82     12 |    4.80        0.00
--------|----------------------------------------------------------------------------|-------|-------------|-------|-------|-------|-------|--------|-----------
         Aggregated                                                                       795     0(0.00%) |     11       3     162      9 |   49.00        0.00

Type     Name                                                                          # reqs      # fails |    Avg     Min     Max    Med |   req/s  failures/s
--------|----------------------------------------------------------------------------|-------|-------------|-------|-------|-------|-------|--------|-----------
GET      /                                                                                 19     0(0.00%) |     11       8      25     11 |    1.10        0.00
GET      /cart                                                                            135     0(0.00%) |     11       3      64      8 |    8.00        0.00
POST     /cart [add]                                                                      189     0(0.00%) |     14       6     148     10 |   12.30        0.00
POST     /cart/checkout                                                                    60     0(0.00%) |     14       6      75     10 |    3.70        0.00
GET      /product/[id]                                                                    506     0(0.00%) |     11       4     162      7 |   32.50        0.00
POST     /setCurrency                                                                     107     0(0.00%) |     18       8      82     13 |    6.10        0.00
--------|----------------------------------------------------------------------------|-------|-------------|-------|-------|-------|-------|--------|-----------
         Aggregated                                                                      1016     0(0.00%) |     12       3     162      9 |   63.70        0.00

Type     Name                                                                          # reqs      # fails |    Avg     Min     Max    Med |   req/s  failures/s
--------|----------------------------------------------------------------------------|-------|-------------|-------|-------|-------|-------|--------|-----------
GET      /                                                                                 25     0(0.00%) |     23       8     154     11 |    1.50        0.00
GET      /cart                                                                            168     0(0.00%) |     17       3     152      8 |   10.10        0.00
POST     /cart [add]                                                                      228     0(0.00%) |     18       6     148     11 |   14.90        0.00
POST     /cart/checkout                                                                    74     0(0.00%) |     16       6     182     11 |    4.70        0.00
GET      /product/[id]                                                                    619     0(0.00%) |     15       4     162      8 |   39.40        0.00
POST     /setCurrency                                                                     126     0(0.00%) |     21       8     182     13 |    7.80        0.00
--------|----------------------------------------------------------------------------|-------|-------------|-------|-------|-------|-------|--------|-----------
         Aggregated                                                                      1240     0(0.00%) |     17       3     182      9 |   78.40        0.00

Type     Name                                                                          # reqs      # fails |    Avg     Min     Max    Med |   req/s  failures/s
--------|----------------------------------------------------------------------------|-------|-------------|-------|-------|-------|-------|--------|-----------
GET      /                                                                                 29     0(0.00%) |     80       8     616     13 |    1.60        0.00
GET      /cart                                                                            174     0(0.00%) |     39       3     797      8 |   12.10        0.00
POST     /cart [add]                                                                      236     0(0.00%) |     58       6    1870     11 |   17.50        0.00
POST     /cart/checkout                                                                    75     0(0.00%) |     42       6    1928     11 |    5.80        0.00
GET      /product/[id]                                                                    658     0(0.00%) |     61       4    1083      8 |   44.80        0.00
POST     /setCurrency                                                                     136     0(0.00%) |     68       8     934     14 |    9.40        0.00
--------|----------------------------------------------------------------------------|-------|-------------|-------|-------|-------|-------|--------|-----------
         Aggregated                                                                      1308     0(0.00%) |     58       3    1928     10 |   91.20        0.00

Type     Name                                                                          # reqs      # fails |    Avg     Min     Max    Med |   req/s  failures/s
--------|----------------------------------------------------------------------------|-------|-------------|-------|-------|-------|-------|--------|-----------
GET      /                                                                                 37     0(0.00%) |     80       8     616     14 |    1.90        0.00
GET      /cart                                                                            209     0(0.00%) |     41       3     797      9 |   12.70        0.00
POST     /cart [add]                                                                      277     0(0.00%) |     66       6    1870     12 |   16.40        0.00
POST     /cart/checkout                                                                    93     0(0.00%) |     45       6    1928     11 |    5.50        0.00
GET      /product/[id]                                                                    790     0(0.00%) |     59       4    1083      8 |   46.60        0.00
POST     /setCurrency                                                                     164     0(0.00%) |     68       8     934     15 |    9.60        0.00
--------|----------------------------------------------------------------------------|-------|-------------|-------|-------|-------|-------|--------|-----------
         Aggregated                                                                      1570     0(0.00%) |     59       3    1928     11 |   92.70        0.00

Type     Name                                                                          # reqs      # fails |    Avg     Min     Max    Med |   req/s  failures/s
--------|----------------------------------------------------------------------------|-------|-------------|-------|-------|-------|-------|--------|-----------
GET      /                                                                                 43     0(0.00%) |     91       8     616     14 |    2.40        0.00
GET      /cart                                                                            242     0(0.00%) |     56       3     797     11 |   12.20        0.00
POST     /cart [add]                                                                      307     0(0.00%) |    103       6    1870     13 |   16.80        0.00
POST     /cart/checkout                                                                   108     0(0.00%) |     60       6    1928     12 |    6.10        0.00
GET      /product/[id]                                                                    878     0(0.00%) |     79       4    1083     10 |   47.40        0.00
POST     /setCurrency                                                                     177     0(0.00%) |     73       8     934     16 |    9.20        0.00
--------|----------------------------------------------------------------------------|-------|-------------|-------|-------|-------|-------|--------|-----------
         Aggregated                                                                      1755     0(0.00%) |     79       3    1928     12 |   94.10        0.00

Type     Name                                                                          # reqs      # fails |    Avg     Min     Max    Med |   req/s  failures/s
--------|----------------------------------------------------------------------------|-------|-------------|-------|-------|-------|-------|--------|-----------
GET      /                                                                                 48     0(0.00%) |     85       8     616     16 |    2.70        0.00
GET      /cart                                                                            279     0(0.00%) |     59       3     797     20 |   14.10        0.00
POST     /cart [add]                                                                      355     0(0.00%) |    103       6    1870     14 |   15.60        0.00
POST     /cart/checkout                                                                   130     0(0.00%) |     63       6    1928     13 |    5.90        0.00
GET      /product/[id]                                                                   1011     0(0.00%) |     81       4    1083     13 |   48.00        0.00
POST     /setCurrency                                                                     203     0(0.00%) |     75       8     934     19 |    9.70        0.00
--------|----------------------------------------------------------------------------|-------|-------------|-------|-------|-------|-------|--------|-----------
         Aggregated                                                                      2026     0(0.00%) |     80       3    1928     15 |   96.00        0.00

Type     Name                                                                          # reqs      # fails |    Avg     Min     Max    Med |   req/s  failures/s
--------|----------------------------------------------------------------------------|-------|-------------|-------|-------|-------|-------|--------|-----------
GET      /                                                                                 52     0(0.00%) |     87       8     616     16 |    2.90        0.00
GET      /cart                                                                            314     0(0.00%) |     62       3     797     26 |   14.40        0.00
POST     /cart [add]                                                                      395     0(0.00%) |    105       6    1870     20 |   16.50        0.00
POST     /cart/checkout                                                                   149     0(0.00%) |     69       6    1928     24 |    6.90        0.00
GET      /product/[id]                                                                   1150     0(0.00%) |     84       4    1083     21 |   50.20        0.00
POST     /setCurrency                                                                     229     0(0.00%) |     76       8     934     21 |    9.60        0.00
--------|----------------------------------------------------------------------------|-------|-------------|-------|-------|-------|-------|--------|-----------
         Aggregated                                                                      2289     0(0.00%) |     83       3    1928     22 |  100.50        0.00

Type     Name                                                                          # reqs      # fails |    Avg     Min     Max    Med |   req/s  failures/s
--------|----------------------------------------------------------------------------|-------|-------------|-------|-------|-------|-------|--------|-----------
GET      /                                                                                 60     0(0.00%) |     88       8     616     22 |    2.02        0.00
GET      /cart                                                                            350     0(0.00%) |     62       3     797     31 |   11.76        0.00
POST     /cart [add]                                                                      431     0(0.00%) |    105       6    1870     25 |   14.49        0.00
POST     /cart/checkout                                                                   164     0(0.00%) |     69       6    1928     27 |    5.51        0.00
GET      /product/[id]                                                                   1269     0(0.00%) |     85       4    1083     29 |   42.66        0.00
POST     /setCurrency                                                                     248     0(0.00%) |     77       8     934     25 |    8.34        0.00
--------|----------------------------------------------------------------------------|-------|-------------|-------|-------|-------|-------|--------|-----------
         Aggregated                                                                      2522     0(0.00%) |     84       3    1928     28 |   84.77        0.00

Response time percentiles (approximated)
Type     Name                                                                                  50%    66%    75%    80%    90%    95%    98%    99%  99.9% 99.99%   100% # reqs
--------|--------------------------------------------------------------------------------|--------|------|------|------|------|------|------|------|------|------|------|------
GET      /                                                                                      25     88    120    130    200    570    590    620    620    620    620     60
GET      /cart                                                                                  32     58     80     91    130    190    510    630    800    800    800    350
POST     /cart [add]                                                                            25     82    110    120    170    570    970   1500   1900   1900   1900    431
POST     /cart/checkout                                                                         27     87     95     96    120    200    240    290   1900   1900   1900    164
GET      /product/[id]                                                                          29     70     97    110    160    290    800    950   1100   1100   1100   1269
POST     /setCurrency                                                                           25     59     87    100    150    180    780    820    930    930    930    248
--------|--------------------------------------------------------------------------------|--------|------|------|------|------|------|------|------|------|------|------|------
         Aggregated                                                                             28     69     95    110    160    260    780    930   1700   1900   1900   2522

