/Users/edias/Library/Python/3.9/lib/python/site-packages/urllib3/__init__.py:35: NotOpenSSLWarning: urllib3 v2 only supports OpenSSL 1.1.1+, currently the 'ssl' module is compiled with 'LibreSSL 2.8.3'. See: https://github.com/urllib3/urllib3/issues/3020
  warnings.warn(
[2026-05-20 20:29:45,136] Mac/WARNING/locust.main: Python 3.9 support is deprecated and will be removed soon
Type     Name                                                                          # reqs      # fails |    Avg     Min     Max    Med |   req/s  failures/s
--------|----------------------------------------------------------------------------|-------|-------------|-------|-------|-------|-------|--------|-----------
--------|----------------------------------------------------------------------------|-------|-------------|-------|-------|-------|-------|--------|-----------
         Aggregated                                                                         0     0(0.00%) |      0       0       0      0 |    0.00        0.00

Type     Name                                                                          # reqs      # fails |    Avg     Min     Max    Med |   req/s  failures/s
--------|----------------------------------------------------------------------------|-------|-------------|-------|-------|-------|-------|--------|-----------
GET      /cart                                                                              3     0(0.00%) |     82       8     223     17 |    0.00        0.00
POST     /cart [add]                                                                        4     0(0.00%) |    191      36     392     37 |    0.00        0.00
POST     /cart/checkout                                                                     1     0(0.00%) |     26      26      26     26 |    0.00        0.00
GET      /product/[id]                                                                     11     0(0.00%) |     19       8      51     12 |    0.00        0.00
POST     /setCurrency                                                                       2     0(0.00%) |     22      15      30     15 |    0.00        0.00
--------|----------------------------------------------------------------------------|-------|-------------|-------|-------|-------|-------|--------|-----------
         Aggregated                                                                        21     0(0.00%) |     61       8     392     21 |    0.00        0.00

Type     Name                                                                          # reqs      # fails |    Avg     Min     Max    Med |   req/s  failures/s
--------|----------------------------------------------------------------------------|-------|-------------|-------|-------|-------|-------|--------|-----------
GET      /                                                                                  2     0(0.00%) |     21      16      25     16 |    0.00        0.00
GET      /cart                                                                              9     0(0.00%) |     34       8     223     12 |    1.00        0.00
POST     /cart [add]                                                                       16     0(0.00%) |     61      12     392     18 |    2.00        0.00
POST     /cart/checkout                                                                     4     0(0.00%) |     18      11      26     18 |    0.50        0.00
GET      /product/[id]                                                                     31     0(0.00%) |     15       7      51     12 |    5.00        0.00
POST     /setCurrency                                                                       6     0(0.00%) |     19      15      30     17 |    1.00        0.00
--------|----------------------------------------------------------------------------|-------|-------------|-------|-------|-------|-------|--------|-----------
         Aggregated                                                                        68     0(0.00%) |     29       7     392     15 |    9.50        0.00

Type     Name                                                                          # reqs      # fails |    Avg     Min     Max    Med |   req/s  failures/s
--------|----------------------------------------------------------------------------|-------|-------------|-------|-------|-------|-------|--------|-----------
GET      /                                                                                  3     0(0.00%) |     19      15      25     16 |    0.50        0.00
GET      /cart                                                                             14     0(0.00%) |     30       5     223     10 |    1.75        0.00
POST     /cart [add]                                                                       28     0(0.00%) |     49       8     392     16 |    4.00        0.00
POST     /cart/checkout                                                                     7     0(0.00%) |     23      11      63     18 |    1.00        0.00
GET      /product/[id]                                                                     80     0(0.00%) |     17       5     106     11 |    7.50        0.00
POST     /setCurrency                                                                      15     0(0.00%) |     22      11      87     17 |    1.50        0.00
--------|----------------------------------------------------------------------------|-------|-------------|-------|-------|-------|-------|--------|-----------
         Aggregated                                                                       147     0(0.00%) |     25       5     392     13 |   16.25        0.00

Type     Name                                                                          # reqs      # fails |    Avg     Min     Max    Med |   req/s  failures/s
--------|----------------------------------------------------------------------------|-------|-------------|-------|-------|-------|-------|--------|-----------
GET      /                                                                                  6     0(0.00%) |     15       9      25     13 |    0.50        0.00
GET      /cart                                                                             29     0(0.00%) |     18       4     223      8 |    2.17        0.00
POST     /cart [add]                                                                       47     0(0.00%) |     33       8     392     13 |    4.50        0.00
POST     /cart/checkout                                                                    17     0(0.00%) |     15       7      63     12 |    0.83        0.00
GET      /product/[id]                                                                    139     0(0.00%) |     13       4     106      9 |   12.50        0.00
POST     /setCurrency                                                                      30     0(0.00%) |     17      10      87     14 |    2.50        0.00
--------|----------------------------------------------------------------------------|-------|-------------|-------|-------|-------|-------|--------|-----------
         Aggregated                                                                       268     0(0.00%) |     18       4     392     10 |   23.00        0.00

Type     Name                                                                          # reqs      # fails |    Avg     Min     Max    Med |   req/s  failures/s
--------|----------------------------------------------------------------------------|-------|-------------|-------|-------|-------|-------|--------|-----------
GET      /                                                                                  9     0(0.00%) |     60       9     225     15 |    0.75        0.00
GET      /cart                                                                             54     0(0.00%) |     14       4     223      8 |    3.62        0.00
POST     /cart [add]                                                                       68     0(0.00%) |     27       7     392     12 |    5.50        0.00
POST     /cart/checkout                                                                    30     0(0.00%) |     19       7     189     11 |    1.88        0.00
GET      /product/[id]                                                                    206     0(0.00%) |     14       4     110      9 |   17.00        0.00
POST     /setCurrency                                                                      40     0(0.00%) |     21      10     185     14 |    3.62        0.00
--------|----------------------------------------------------------------------------|-------|-------------|-------|-------|-------|-------|--------|-----------
         Aggregated                                                                       407     0(0.00%) |     18       4     392     10 |   32.38        0.00

Type     Name                                                                          # reqs      # fails |    Avg     Min     Max    Med |   req/s  failures/s
--------|----------------------------------------------------------------------------|-------|-------------|-------|-------|-------|-------|--------|-----------
GET      /                                                                                 11     0(0.00%) |     52       8     225     15 |    0.80        0.00
GET      /cart                                                                             82     0(0.00%) |     12       4     223      7 |    5.20        0.00
POST     /cart [add]                                                                       93     0(0.00%) |     23       6     392     11 |    6.50        0.00
POST     /cart/checkout                                                                    38     0(0.00%) |     18       7     189     11 |    2.90        0.00
GET      /product/[id]                                                                    303     0(0.00%) |     12       4     110      8 |   20.30        0.00
POST     /setCurrency                                                                      56     0(0.00%) |     18       9     185     13 |    3.90        0.00
--------|----------------------------------------------------------------------------|-------|-------------|-------|-------|-------|-------|--------|-----------
         Aggregated                                                                       583     0(0.00%) |     15       4     392      9 |   39.60        0.00

Type     Name                                                                          # reqs      # fails |    Avg     Min     Max    Med |   req/s  failures/s
--------|----------------------------------------------------------------------------|-------|-------------|-------|-------|-------|-------|--------|-----------
GET      /                                                                                 15     0(0.00%) |     41       7     225     13 |    1.10        0.00
GET      /cart                                                                            105     0(0.00%) |     11       4     223      7 |    7.70        0.00
POST     /cart [add]                                                                      128     0(0.00%) |     20       5     392     11 |    8.70        0.00
POST     /cart/checkout                                                                    52     0(0.00%) |     16       7     189     10 |    3.70        0.00
GET      /product/[id]                                                                    411     0(0.00%) |     11       4     110      8 |   28.80        0.00
POST     /setCurrency                                                                      72     0(0.00%) |     17       9     185     12 |    5.30        0.00
--------|----------------------------------------------------------------------------|-------|-------------|-------|-------|-------|-------|--------|-----------
         Aggregated                                                                       783     0(0.00%) |     14       4     392      9 |   55.30        0.00

Type     Name                                                                          # reqs      # fails |    Avg     Min     Max    Med |   req/s  failures/s
--------|----------------------------------------------------------------------------|-------|-------------|-------|-------|-------|-------|--------|-----------
GET      /                                                                                 20     0(0.00%) |     36       7     225     13 |    1.20        0.00
GET      /cart                                                                            140     0(0.00%) |     13       4     223      7 |    9.60        0.00
POST     /cart [add]                                                                      172     0(0.00%) |     30       5     392     12 |   10.90        0.00
POST     /cart/checkout                                                                    68     0(0.00%) |     18       7     189     10 |    4.70        0.00
GET      /product/[id]                                                                    504     0(0.00%) |     15       4     175      8 |   37.00        0.00
POST     /setCurrency                                                                      95     0(0.00%) |     24       8     185     12 |    6.50        0.00
--------|----------------------------------------------------------------------------|-------|-------------|-------|-------|-------|-------|--------|-----------
         Aggregated                                                                       999     0(0.00%) |     19       4     392      9 |   69.90        0.00

Type     Name                                                                          # reqs      # fails |    Avg     Min     Max    Med |   req/s  failures/s
--------|----------------------------------------------------------------------------|-------|-------------|-------|-------|-------|-------|--------|-----------
GET      /                                                                                 25     0(0.00%) |     40       7     225     13 |    1.70        0.00
GET      /cart                                                                            169     0(0.00%) |     20       4     223      8 |   12.40        0.00
POST     /cart [add]                                                                      206     0(0.00%) |     39       5     392     14 |   13.60        0.00
POST     /cart/checkout                                                                    76     0(0.00%) |     25       7     189     11 |    6.20        0.00
GET      /product/[id]                                                                    613     0(0.00%) |     22       4     177      9 |   42.00        0.00
POST     /setCurrency                                                                     115     0(0.00%) |     31       8     185     14 |    7.90        0.00
--------|----------------------------------------------------------------------------|-------|-------------|-------|-------|-------|-------|--------|-----------
         Aggregated                                                                      1204     0(0.00%) |     26       4     392     10 |   83.80        0.00

Type     Name                                                                          # reqs      # fails |    Avg     Min     Max    Med |   req/s  failures/s
--------|----------------------------------------------------------------------------|-------|-------------|-------|-------|-------|-------|--------|-----------
GET      /                                                                                 33     0(0.00%) |     45       7     225     15 |    1.90        0.00
GET      /cart                                                                            203     0(0.00%) |     28       4     223      9 |   13.40        0.00
POST     /cart [add]                                                                      243     0(0.00%) |     46       5     392     15 |   16.10        0.00
POST     /cart/checkout                                                                    88     0(0.00%) |     28       7     189     11 |    6.10        0.00
GET      /product/[id]                                                                    729     0(0.00%) |     29       4     177     10 |   46.80        0.00
POST     /setCurrency                                                                     144     0(0.00%) |     37       8     185     16 |    8.60        0.00
--------|----------------------------------------------------------------------------|-------|-------------|-------|-------|-------|-------|--------|-----------
         Aggregated                                                                      1440     0(0.00%) |     33       4     392     12 |   92.90        0.00

Type     Name                                                                          # reqs      # fails |    Avg     Min     Max    Med |   req/s  failures/s
--------|----------------------------------------------------------------------------|-------|-------------|-------|-------|-------|-------|--------|-----------
GET      /                                                                                 37     0(0.00%) |     49       7     225     16 |    2.30        0.00
GET      /cart                                                                            238     0(0.00%) |     34       4     223     11 |   14.80        0.00
POST     /cart [add]                                                                      282     0(0.00%) |     51       5     392     19 |   17.20        0.00
POST     /cart/checkout                                                                   103     0(0.00%) |     36       7     204     12 |    5.80        0.00
GET      /product/[id]                                                                    862     0(0.00%) |     35       4     180     12 |   51.80        0.00
POST     /setCurrency                                                                     173     0(0.00%) |     44       8     213     20 |   10.30        0.00
--------|----------------------------------------------------------------------------|-------|-------------|-------|-------|-------|-------|--------|-----------
         Aggregated                                                                      1695     0(0.00%) |     39       4     392     14 |  102.20        0.00

Type     Name                                                                          # reqs      # fails |    Avg     Min     Max    Med |   req/s  failures/s
--------|----------------------------------------------------------------------------|-------|-------------|-------|-------|-------|-------|--------|-----------
GET      /                                                                                 43     0(0.00%) |     49       7     225     20 |    2.60        0.00
GET      /cart                                                                            278     0(0.00%) |     37       4     223     16 |   15.40        0.00
POST     /cart [add]                                                                      317     0(0.00%) |     54       5     392     25 |   18.80        0.00
POST     /cart/checkout                                                                   117     0(0.00%) |     39       7     204     12 |    6.50        0.00
GET      /product/[id]                                                                   1016     0(0.00%) |     40       4     186     22 |   54.50        0.00
POST     /setCurrency                                                                     199     0(0.00%) |     49       8     213     25 |   11.60        0.00
--------|----------------------------------------------------------------------------|-------|-------------|-------|-------|-------|-------|--------|-----------
         Aggregated                                                                      1970     0(0.00%) |     43       4     392     20 |  109.40        0.00

Type     Name                                                                          # reqs      # fails |    Avg     Min     Max    Med |   req/s  failures/s
--------|----------------------------------------------------------------------------|-------|-------------|-------|-------|-------|-------|--------|-----------
GET      /                                                                                 50     0(0.00%) |     51       7     225     26 |    2.90        0.00
GET      /cart                                                                            322     0(0.00%) |     44       4     223     26 |   16.80        0.00
POST     /cart [add]                                                                      361     0(0.00%) |     61       5     392     38 |   18.80        0.00
POST     /cart/checkout                                                                   132     0(0.00%) |     47       7     204     15 |    6.50        0.00
GET      /product/[id]                                                                   1136     0(0.00%) |     47       4     272     30 |   60.20        0.00
POST     /setCurrency                                                                     223     0(0.00%) |     56       8     213     35 |   12.70        0.00
--------|----------------------------------------------------------------------------|-------|-------------|-------|-------|-------|-------|--------|-----------
         Aggregated                                                                      2224     0(0.00%) |     50       4     392     30 |  117.90        0.00

Type     Name                                                                          # reqs      # fails |    Avg     Min     Max    Med |   req/s  failures/s
--------|----------------------------------------------------------------------------|-------|-------------|-------|-------|-------|-------|--------|-----------
GET      /                                                                                 55     0(0.00%) |     71       7     472     32 |    3.00        0.00
GET      /cart                                                                            361     0(0.00%) |     54       4     420     34 |   17.90        0.00
POST     /cart [add]                                                                      400     0(0.00%) |     76       5     599     50 |   19.70        0.00
POST     /cart/checkout                                                                   148     0(0.00%) |     61       7     392     21 |    6.50        0.00
GET      /product/[id]                                                                   1243     0(0.00%) |     56       4     366     36 |   63.10        0.00
POST     /setCurrency                                                                     246     0(0.00%) |     70       8     499     38 |   12.80        0.00
--------|----------------------------------------------------------------------------|-------|-------------|-------|-------|-------|-------|--------|-----------
         Aggregated                                                                      2453     0(0.00%) |     61       4     599     37 |  123.00        0.00

Type     Name                                                                          # reqs      # fails |    Avg     Min     Max    Med |   req/s  failures/s
--------|----------------------------------------------------------------------------|-------|-------------|-------|-------|-------|-------|--------|-----------
GET      /                                                                                 61     0(0.00%) |     78       7     472     35 |    2.80        0.00
GET      /cart                                                                            402     0(0.00%) |     59       4     420     39 |   19.30        0.00
POST     /cart [add]                                                                      444     0(0.00%) |     82       5     599     64 |   19.10        0.00
POST     /cart/checkout                                                                   160     0(0.00%) |     64       7     392     38 |    7.00        0.00
GET      /product/[id]                                                                   1352     0(0.00%) |     61       4     366     41 |   61.90        0.00
POST     /setCurrency                                                                     278     0(0.00%) |     79       8     499     54 |   12.80        0.00
--------|----------------------------------------------------------------------------|-------|-------------|-------|-------|-------|-------|--------|-----------
         Aggregated                                                                      2697     0(0.00%) |     66       4     599     45 |  122.90        0.00

Type     Name                                                                          # reqs      # fails |    Avg     Min     Max    Med |   req/s  failures/s
--------|----------------------------------------------------------------------------|-------|-------------|-------|-------|-------|-------|--------|-----------
GET      /                                                                                 70     0(0.00%) |    115       7    1141     34 |    3.00        0.00
GET      /cart                                                                            430     0(0.00%) |     69       4    1085     41 |   19.70        0.00
POST     /cart [add]                                                                      466     0(0.00%) |     82       5     599     65 |   20.10        0.00
POST     /cart/checkout                                                                   169     0(0.00%) |     65       7     392     63 |    7.30        0.00
GET      /product/[id]                                                                   1422     0(0.00%) |     66       4    1104     43 |   61.50        0.00
POST     /setCurrency                                                                     297     0(0.00%) |     93       8    1025     58 |   13.50        0.00
--------|----------------------------------------------------------------------------|-------|-------------|-------|-------|-------|-------|--------|-----------
         Aggregated                                                                      2854     0(0.00%) |     73       4    1141     48 |  125.10        0.00

Type     Name                                                                          # reqs      # fails |    Avg     Min     Max    Med |   req/s  failures/s
--------|----------------------------------------------------------------------------|-------|-------------|-------|-------|-------|-------|--------|-----------
GET      /                                                                                 75     0(0.00%) |    117       7    1141     45 |    3.00        0.00
GET      /cart                                                                            470     0(0.00%) |     77       4    1085     49 |   19.20        0.00
POST     /cart [add]                                                                      491     0(0.00%) |    102       5    1412     70 |   18.70        0.00
POST     /cart/checkout                                                                   184     0(0.00%) |     71       7     392     78 |    6.60        0.00
GET      /product/[id]                                                                   1547     0(0.00%) |     83       4    1104     51 |   57.30        0.00
POST     /setCurrency                                                                     322     0(0.00%) |     93       8    1025     63 |   12.10        0.00
--------|----------------------------------------------------------------------------|-------|-------------|-------|-------|-------|-------|--------|-----------
         Aggregated                                                                      3089     0(0.00%) |     86       4    1412     55 |  116.90        0.00

Type     Name                                                                          # reqs      # fails |    Avg     Min     Max    Med |   req/s  failures/s
--------|----------------------------------------------------------------------------|-------|-------------|-------|-------|-------|-------|--------|-----------
GET      /                                                                                 82     0(0.00%) |    115       7    1141     48 |    3.20        0.00
GET      /cart                                                                            491     0(0.00%) |     79       4    1085     50 |   19.60        0.00
POST     /cart [add]                                                                      524     0(0.00%) |    109       5    1412     79 |   17.50        0.00
POST     /cart/checkout                                                                   196     0(0.00%) |     79       7     392     85 |    6.60        0.00
GET      /product/[id]                                                                   1638     0(0.00%) |     88       4    1104     56 |   53.40        0.00
POST     /setCurrency                                                                     347     0(0.00%) |     95       8    1025     64 |   12.10        0.00
--------|----------------------------------------------------------------------------|-------|-------------|-------|-------|-------|-------|--------|-----------
         Aggregated                                                                      3278     0(0.00%) |     91       4    1412     60 |  112.40        0.00

Type     Name                                                                          # reqs      # fails |    Avg     Min     Max    Med |   req/s  failures/s
--------|----------------------------------------------------------------------------|-------|-------------|-------|-------|-------|-------|--------|-----------
GET      /                                                                                 83     0(0.00%) |    118       7    1141     49 |    3.20        0.00
GET      /cart                                                                            519     0(0.00%) |     99       4    1085     57 |   17.50        0.00
POST     /cart [add]                                                                      547     0(0.00%) |    126       5    1412     86 |   16.10        0.00
POST     /cart/checkout                                                                   205     0(0.00%) |     93       7    1179     87 |    6.30        0.00
GET      /product/[id]                                                                   1706     0(0.00%) |    105       4    1152     61 |   51.00        0.00
POST     /setCurrency                                                                     363     0(0.00%) |    107       8    1025     68 |   12.50        0.00
--------|----------------------------------------------------------------------------|-------|-------------|-------|-------|-------|-------|--------|-----------
         Aggregated                                                                      3423     0(0.00%) |    107       4    1412     65 |  106.60        0.00

Type     Name                                                                          # reqs      # fails |    Avg     Min     Max    Med |   req/s  failures/s
--------|----------------------------------------------------------------------------|-------|-------------|-------|-------|-------|-------|--------|-----------
GET      /                                                                                 87     0(0.00%) |    116       7    1141     56 |    3.00        0.00
GET      /cart                                                                            558     0(0.00%) |     96       4    1085     57 |   15.80        0.00
POST     /cart [add]                                                                      587     0(0.00%) |    123       5    1412     87 |   14.60        0.00
POST     /cart/checkout                                                                   224     0(0.00%) |     91       7    1179     87 |    5.90        0.00
GET      /product/[id]                                                                   1857     0(0.00%) |    102       4    1152     61 |   46.90        0.00
POST     /setCurrency                                                                     393     0(0.00%) |    104       8    1025     67 |   12.00        0.00
--------|----------------------------------------------------------------------------|-------|-------------|-------|-------|-------|-------|--------|-----------
         Aggregated                                                                      3706     0(0.00%) |    105       4    1412     66 |   98.20        0.00

Type     Name                                                                          # reqs      # fails |    Avg     Min     Max    Med |   req/s  failures/s
--------|----------------------------------------------------------------------------|-------|-------------|-------|-------|-------|-------|--------|-----------
GET      /                                                                                 96     0(0.00%) |    110       7    1141     49 |    2.60        0.00
GET      /cart                                                                            593     0(0.00%) |     95       4    1085     60 |   16.00        0.00
POST     /cart [add]                                                                      637     0(0.00%) |    122       5    1412     89 |   14.60        0.00
POST     /cart/checkout                                                                   242     0(0.00%) |     92       7    1179     88 |    6.30        0.00
GET      /product/[id]                                                                   1999     0(0.00%) |    102       4    1152     64 |   50.60        0.00
POST     /setCurrency                                                                     421     0(0.00%) |    100       8    1025     64 |   11.50        0.00
--------|----------------------------------------------------------------------------|-------|-------------|-------|-------|-------|-------|--------|-----------
         Aggregated                                                                      3988     0(0.00%) |    103       4    1412     68 |  101.60        0.00

Type     Name                                                                          # reqs      # fails |    Avg     Min     Max    Med |   req/s  failures/s
--------|----------------------------------------------------------------------------|-------|-------------|-------|-------|-------|-------|--------|-----------
GET      /                                                                                 98     0(0.00%) |    110       7    1141     56 |    2.70        0.00
GET      /cart                                                                            624     0(0.00%) |     95       4    1085     63 |   16.30        0.00
POST     /cart [add]                                                                      674     0(0.00%) |    122       5    1412     91 |   16.90        0.00
POST     /cart/checkout                                                                   260     0(0.00%) |     95       7    1179     91 |    7.20        0.00
GET      /product/[id]                                                                   2134     0(0.00%) |    103       4    1152     67 |   57.20        0.00
POST     /setCurrency                                                                     449     0(0.00%) |    100       8    1025     64 |   12.60        0.00
--------|----------------------------------------------------------------------------|-------|-------------|-------|-------|-------|-------|--------|-----------
         Aggregated                                                                      4239     0(0.00%) |    104       4    1412     71 |  112.90        0.00

Type     Name                                                                          # reqs      # fails |    Avg     Min     Max    Med |   req/s  failures/s
--------|----------------------------------------------------------------------------|-------|-------------|-------|-------|-------|-------|--------|-----------
GET      /                                                                                109     0(0.00%) |    103       7    1141     49 |    2.30        0.00
GET      /cart                                                                            657     0(0.00%) |     93       4    1085     62 |   15.40        0.00
POST     /cart [add]                                                                      727     0(0.00%) |    120       5    1412     91 |   18.20        0.00
POST     /cart/checkout                                                                   280     0(0.00%) |     95       7    1179     92 |    7.60        0.00
GET      /product/[id]                                                                   2278     0(0.00%) |    101       4    1152     67 |   58.10        0.00
POST     /setCurrency                                                                     475     0(0.00%) |     98       8    1025     62 |   12.60        0.00
--------|----------------------------------------------------------------------------|-------|-------------|-------|-------|-------|-------|--------|-----------
         Aggregated                                                                      4526     0(0.00%) |    102       4    1412     70 |  114.20        0.00

Type     Name                                                                          # reqs      # fails |    Avg     Min     Max    Med |   req/s  failures/s
--------|----------------------------------------------------------------------------|-------|-------------|-------|-------|-------|-------|--------|-----------
GET      /                                                                                118     0(0.00%) |    103       7    1141     56 |    2.60        0.00
GET      /cart                                                                            685     0(0.00%) |     92       4    1085     62 |   16.40        0.00
POST     /cart [add]                                                                      769     0(0.00%) |    120       5    1412     92 |   20.30        0.00
POST     /cart/checkout                                                                   299     0(0.00%) |     96       7    1179     93 |    8.50        0.00
GET      /product/[id]                                                                   2417     0(0.00%) |    103       4    1152     71 |   63.20        0.00
POST     /setCurrency                                                                     498     0(0.00%) |     98       8    1025     64 |   12.60        0.00
--------|----------------------------------------------------------------------------|-------|-------------|-------|-------|-------|-------|--------|-----------
         Aggregated                                                                      4786     0(0.00%) |    103       4    1412     73 |  123.60        0.00

Type     Name                                                                          # reqs      # fails |    Avg     Min     Max    Med |   req/s  failures/s
--------|----------------------------------------------------------------------------|-------|-------------|-------|-------|-------|-------|--------|-----------
GET      /                                                                                128     0(0.00%) |    121       7    1141     60 |    3.50        0.00
GET      /cart                                                                            709     0(0.00%) |     96       4    1085     63 |   16.90        0.00
POST     /cart [add]                                                                      797     0(0.00%) |    131       5    1412     95 |   21.90        0.00
POST     /cart/checkout                                                                   308     0(0.00%) |     97       7    1179     93 |    8.80        0.00
GET      /product/[id]                                                                   2504     0(0.00%) |    109       4    1152     73 |   71.20        0.00
POST     /setCurrency                                                                     512     0(0.00%) |    103       8    1025     65 |   13.10        0.00
--------|----------------------------------------------------------------------------|-------|-------------|-------|-------|-------|-------|--------|-----------
         Aggregated                                                                      4958     0(0.00%) |    110       4    1412     75 |  135.40        0.00

Type     Name                                                                          # reqs      # fails |    Avg     Min     Max    Med |   req/s  failures/s
--------|----------------------------------------------------------------------------|-------|-------------|-------|-------|-------|-------|--------|-----------
GET      /                                                                                136     0(0.00%) |    121       7    1141     63 |    3.90        0.00
GET      /cart                                                                            740     0(0.00%) |     95       4    1085     63 |   15.20        0.00
POST     /cart [add]                                                                      840     0(0.00%) |    130       5    1412     95 |   20.20        0.00
POST     /cart/checkout                                                                   334     0(0.00%) |     96       7    1179     94 |    8.50        0.00
GET      /product/[id]                                                                   2639     0(0.00%) |    107       4    1152     73 |   64.00        0.00
POST     /setCurrency                                                                     546     0(0.00%) |    103       8    1025     67 |   12.00        0.00
--------|----------------------------------------------------------------------------|-------|-------------|-------|-------|-------|-------|--------|-----------
         Aggregated                                                                      5235     0(0.00%) |    108       4    1412     76 |  123.80        0.00

Type     Name                                                                          # reqs      # fails |    Avg     Min     Max    Med |   req/s  failures/s
--------|----------------------------------------------------------------------------|-------|-------------|-------|-------|-------|-------|--------|-----------
GET      /                                                                                140     0(0.00%) |    123       7    1141     65 |    4.20        0.00
GET      /cart                                                                            768     0(0.00%) |     95       4    1085     64 |   14.80        0.00
POST     /cart [add]                                                                      882     0(0.00%) |    131       5    1412     97 |   20.20        0.00
POST     /cart/checkout                                                                   351     0(0.00%) |     97       7    1179     94 |    9.10        0.00
GET      /product/[id]                                                                   2767     0(0.00%) |    107       4    1152     75 |   63.40        0.00
POST     /setCurrency                                                                     577     0(0.00%) |    105       8    1025     69 |   12.60        0.00
--------|----------------------------------------------------------------------------|-------|-------------|-------|-------|-------|-------|--------|-----------
         Aggregated                                                                      5485     0(0.00%) |    109       4    1412     78 |  124.30        0.00

Type     Name                                                                          # reqs      # fails |    Avg     Min     Max    Med |   req/s  failures/s
--------|----------------------------------------------------------------------------|-------|-------------|-------|-------|-------|-------|--------|-----------
GET      /                                                                                144     0(0.00%) |    124       7    1141     68 |    4.20        0.00
GET      /cart                                                                            808     0(0.00%) |     95       4    1085     66 |   14.40        0.00
POST     /cart [add]                                                                      930     0(0.00%) |    131       5    1412     99 |   20.60        0.00
POST     /cart/checkout                                                                   369     0(0.00%) |     98       7    1179     95 |    9.20        0.00
GET      /product/[id]                                                                   2883     0(0.00%) |    107       4    1152     77 |   64.00        0.00
POST     /setCurrency                                                                     614     0(0.00%) |    108       8    1025     70 |   13.00        0.00
--------|----------------------------------------------------------------------------|-------|-------------|-------|-------|-------|-------|--------|-----------
         Aggregated                                                                      5748     0(0.00%) |    109       4    1412     80 |  125.40        0.00

Type     Name                                                                          # reqs      # fails |    Avg     Min     Max    Med |   req/s  failures/s
--------|----------------------------------------------------------------------------|-------|-------------|-------|-------|-------|-------|--------|-----------
GET      /                                                                                149     0(0.00%) |    123       7    1141     70 |    3.50        0.00
GET      /cart                                                                            846     0(0.00%) |     96       4    1085     67 |   14.90        0.00
POST     /cart [add]                                                                      970     0(0.00%) |    133       5    1412    100 |   19.80        0.00
POST     /cart/checkout                                                                   387     0(0.00%) |     99       7    1179     95 |    8.50        0.00
GET      /product/[id]                                                                   2997     0(0.00%) |    108       4    1152     79 |   60.00        0.00
POST     /setCurrency                                                                     643     0(0.00%) |    110       8    1025     74 |   13.00        0.00
--------|----------------------------------------------------------------------------|-------|-------------|-------|-------|-------|-------|--------|-----------
         Aggregated                                                                      5992     0(0.00%) |    110       4    1412     82 |  119.70        0.00

Type     Name                                                                          # reqs      # fails |    Avg     Min     Max    Med |   req/s  failures/s
--------|----------------------------------------------------------------------------|-------|-------------|-------|-------|-------|-------|--------|-----------
GET      /                                                                                155     0(0.00%) |    123       7    1141     71 |    3.10        0.00
GET      /cart                                                                            875     0(0.00%) |     96       4    1085     67 |   15.50        0.00
POST     /cart [add]                                                                     1007     0(0.00%) |    133       5    1412    100 |   19.60        0.00
POST     /cart/checkout                                                                   403     0(0.00%) |     99       7    1179     95 |    8.40        0.00
GET      /product/[id]                                                                   3111     0(0.00%) |    107       4    1152     80 |   59.40        0.00
POST     /setCurrency                                                                     666     0(0.00%) |    112       8    1025     77 |   14.20        0.00
--------|----------------------------------------------------------------------------|-------|-------------|-------|-------|-------|-------|--------|-----------
         Aggregated                                                                      6217     0(0.00%) |    110       4    1412     84 |  120.20        0.00

Type     Name                                                                          # reqs      # fails |    Avg     Min     Max    Med |   req/s  failures/s
--------|----------------------------------------------------------------------------|-------|-------------|-------|-------|-------|-------|--------|-----------
GET      /                                                                                160     0(0.00%) |    131       7    1141     71 |    2.90        0.00
GET      /cart                                                                            898     0(0.00%) |    102       4    1085     68 |   16.60        0.00
POST     /cart [add]                                                                     1040     0(0.00%) |    139       5    1412    110 |   22.10        0.00
POST     /cart/checkout                                                                   412     0(0.00%) |    105       7    1179     95 |    9.50        0.00
GET      /product/[id]                                                                   3212     0(0.00%) |    112       4    1152     83 |   62.90        0.00
POST     /setCurrency                                                                     688     0(0.00%) |    116       8    1025     79 |   15.40        0.00
--------|----------------------------------------------------------------------------|-------|-------------|-------|-------|-------|-------|--------|-----------
         Aggregated                                                                      6410     0(0.00%) |    115       4    1412     85 |  129.40        0.00

Type     Name                                                                          # reqs      # fails |    Avg     Min     Max    Med |   req/s  failures/s
--------|----------------------------------------------------------------------------|-------|-------------|-------|-------|-------|-------|--------|-----------
GET      /                                                                                166     0(0.00%) |    128       7    1141     71 |    2.40        0.00
GET      /cart                                                                            933     0(0.00%) |    101       4    1085     70 |   16.10        0.00
POST     /cart [add]                                                                     1080     0(0.00%) |    138       5    1412    110 |   19.60        0.00
POST     /cart/checkout                                                                   430     0(0.00%) |    105       7    1179     95 |    8.00        0.00
GET      /product/[id]                                                                   3358     0(0.00%) |    111       4    1152     82 |   57.00        0.00
POST     /setCurrency                                                                     721     0(0.00%) |    114       8    1025     77 |   14.20        0.00
--------|----------------------------------------------------------------------------|-------|-------------|-------|-------|-------|-------|--------|-----------
         Aggregated                                                                      6688     0(0.00%) |    114       4    1412     85 |  117.30        0.00

Type     Name                                                                          # reqs      # fails |    Avg     Min     Max    Med |   req/s  failures/s
--------|----------------------------------------------------------------------------|-------|-------------|-------|-------|-------|-------|--------|-----------
GET      /                                                                                175     0(0.00%) |    128       7    1141     71 |    2.50        0.00
GET      /cart                                                                            959     0(0.00%) |    100       4    1085     70 |   16.50        0.00
POST     /cart [add]                                                                     1126     0(0.00%) |    138       5    1412    110 |   20.10        0.00
POST     /cart/checkout                                                                   454     0(0.00%) |    105       7    1179     95 |    7.90        0.00
GET      /product/[id]                                                                   3490     0(0.00%) |    111       4    1152     83 |   58.60        0.00
POST     /setCurrency                                                                     749     0(0.00%) |    115       8    1025     79 |   14.20        0.00
--------|----------------------------------------------------------------------------|-------|-------------|-------|-------|-------|-------|--------|-----------
         Aggregated                                                                      6953     0(0.00%) |    114       4    1412     86 |  119.80        0.00

Type     Name                                                                          # reqs      # fails |    Avg     Min     Max    Med |   req/s  failures/s
--------|----------------------------------------------------------------------------|-------|-------------|-------|-------|-------|-------|--------|-----------
GET      /                                                                                180     0(0.00%) |    125       7    1141     71 |    3.10        0.00
GET      /cart                                                                            989     0(0.00%) |    100       4    1085     70 |   15.10        0.00
POST     /cart [add]                                                                     1180     0(0.00%) |    136       5    1412    110 |   19.70        0.00
POST     /cart/checkout                                                                   475     0(0.00%) |    104       7    1179     95 |    8.40        0.00
GET      /product/[id]                                                                   3635     0(0.00%) |    109       4    1152     83 |   59.70        0.00
POST     /setCurrency                                                                     773     0(0.00%) |    113       8    1025     79 |   14.30        0.00
--------|----------------------------------------------------------------------------|-------|-------------|-------|-------|-------|-------|--------|-----------
         Aggregated                                                                      7232     0(0.00%) |    113       4    1412     86 |  120.30        0.00

Type     Name                                                                          # reqs      # fails |    Avg     Min     Max    Med |   req/s  failures/s
--------|----------------------------------------------------------------------------|-------|-------------|-------|-------|-------|-------|--------|-----------
GET      /                                                                                187     0(0.00%) |    122       7    1141     70 |    3.00        0.00
GET      /cart                                                                           1027     0(0.00%) |     99       4    1085     70 |   14.80        0.00
POST     /cart [add]                                                                     1225     0(0.00%) |    134       5    1412    110 |   21.00        0.00
POST     /cart/checkout                                                                   488     0(0.00%) |    104       7    1179     95 |    9.20        0.00
GET      /product/[id]                                                                   3783     0(0.00%) |    108       4    1152     82 |   62.90        0.00
POST     /setCurrency                                                                     793     0(0.00%) |    112       8    1025     77 |   12.90        0.00
--------|----------------------------------------------------------------------------|-------|-------------|-------|-------|-------|-------|--------|-----------
         Aggregated                                                                      7503     0(0.00%) |    112       4    1412     85 |  123.80        0.00

Type     Name                                                                          # reqs      # fails |    Avg     Min     Max    Med |   req/s  failures/s
--------|----------------------------------------------------------------------------|-------|-------------|-------|-------|-------|-------|--------|-----------
GET      /                                                                                197     0(0.00%) |    119       7    1141     71 |    3.10        0.00
GET      /cart                                                                           1065     0(0.00%) |     98       4    1085     71 |   14.50        0.00
POST     /cart [add]                                                                     1277     0(0.00%) |    133       5    1412    110 |   21.30        0.00
POST     /cart/checkout                                                                   514     0(0.00%) |    103       7    1179     95 |    8.50        0.00
GET      /product/[id]                                                                   3925     0(0.00%) |    107       4    1152     82 |   65.40        0.00
POST     /setCurrency                                                                     817     0(0.00%) |    111       8    1025     75 |   12.60        0.00
--------|----------------------------------------------------------------------------|-------|-------------|-------|-------|-------|-------|--------|-----------
         Aggregated                                                                      7795     0(0.00%) |    111       4    1412     85 |  125.40        0.00

Type     Name                                                                          # reqs      # fails |    Avg     Min     Max    Med |   req/s  failures/s
--------|----------------------------------------------------------------------------|-------|-------------|-------|-------|-------|-------|--------|-----------
GET      /                                                                                209     0(0.00%) |    118       7    1141     71 |    3.70        0.00
GET      /cart                                                                           1095     0(0.00%) |     98       4    1085     71 |   16.30        0.00
POST     /cart [add]                                                                     1325     0(0.00%) |    133       5    1412    110 |   23.60        0.00
POST     /cart/checkout                                                                   528     0(0.00%) |    103       7    1179     95 |    9.90        0.00
GET      /product/[id]                                                                   4050     0(0.00%) |    107       4    1152     82 |   71.80        0.00
POST     /setCurrency                                                                     848     0(0.00%) |    112       8    1025     77 |   12.70        0.00
--------|----------------------------------------------------------------------------|-------|-------------|-------|-------|-------|-------|--------|-----------
         Aggregated                                                                      8055     0(0.00%) |    110       4    1412     85 |  138.00        0.00

Type     Name                                                                          # reqs      # fails |    Avg     Min     Max    Med |   req/s  failures/s
--------|----------------------------------------------------------------------------|-------|-------------|-------|-------|-------|-------|--------|-----------
GET      /                                                                                218     0(0.00%) |    118       7    1141     71 |    4.20        0.00
GET      /cart                                                                           1125     0(0.00%) |     98       4    1085     71 |   15.90        0.00
POST     /cart [add]                                                                     1374     0(0.00%) |    133       5    1412    110 |   24.40        0.00
POST     /cart/checkout                                                                   545     0(0.00%) |    104       7    1179     95 |    9.90        0.00
GET      /product/[id]                                                                   4175     0(0.00%) |    107       4    1152     83 |   69.70        0.00
POST     /setCurrency                                                                     873     0(0.00%) |    112       8    1025     79 |   12.80        0.00
--------|----------------------------------------------------------------------------|-------|-------------|-------|-------|-------|-------|--------|-----------
         Aggregated                                                                      8310     0(0.00%) |    110       4    1412     86 |  136.90        0.00

Type     Name                                                                          # reqs      # fails |    Avg     Min     Max    Med |   req/s  failures/s
--------|----------------------------------------------------------------------------|-------|-------------|-------|-------|-------|-------|--------|-----------
GET      /                                                                                228     0(0.00%) |    116       7    1141     71 |    4.40        0.00
GET      /cart                                                                           1171     0(0.00%) |     97       4    1085     71 |   16.10        0.00
POST     /cart [add]                                                                     1413     0(0.00%) |    132       5    1412    110 |   24.90        0.00
POST     /cart/checkout                                                                   558     0(0.00%) |    104       7    1179     95 |    9.40        0.00
GET      /product/[id]                                                                   4313     0(0.00%) |    106       4    1152     83 |   69.60        0.00
POST     /setCurrency                                                                     899     0(0.00%) |    112       8    1025     79 |   12.50        0.00
--------|----------------------------------------------------------------------------|-------|-------------|-------|-------|-------|-------|--------|-----------
         Aggregated                                                                      8582     0(0.00%) |    110       4    1412     86 |  136.90        0.00

Type     Name                                                                          # reqs      # fails |    Avg     Min     Max    Med |   req/s  failures/s
--------|----------------------------------------------------------------------------|-------|-------------|-------|-------|-------|-------|--------|-----------
GET      /                                                                                237     0(0.00%) |    116       7    1141     71 |    4.80        0.00
GET      /cart                                                                           1209     0(0.00%) |     97       4    1085     71 |   17.70        0.00
POST     /cart [add]                                                                     1453     0(0.00%) |    132       5    1412    110 |   23.70        0.00
POST     /cart/checkout                                                                   577     0(0.00%) |    104       7    1179     96 |    8.40        0.00
GET      /product/[id]                                                                   4449     0(0.00%) |    106       4    1152     84 |   68.20        0.00
POST     /setCurrency                                                                     926     0(0.00%) |    114       8    1025     79 |   12.60        0.00
--------|----------------------------------------------------------------------------|-------|-------------|-------|-------|-------|-------|--------|-----------
         Aggregated                                                                      8851     0(0.00%) |    110       4    1412     87 |  135.40        0.00

Type     Name                                                                          # reqs      # fails |    Avg     Min     Max    Med |   req/s  failures/s
--------|----------------------------------------------------------------------------|-------|-------------|-------|-------|-------|-------|--------|-----------
GET      /                                                                                241     0(0.00%) |    117       7    1141     71 |    4.90        0.00
GET      /cart                                                                           1244     0(0.00%) |     96       4    1085     71 |   18.40        0.00
POST     /cart [add]                                                                     1504     0(0.00%) |    132       5    1412    110 |   22.40        0.00
POST     /cart/checkout                                                                   594     0(0.00%) |    103       7    1179     96 |    8.70        0.00
GET      /product/[id]                                                                   4591     0(0.00%) |    105       4    1152     83 |   66.40        0.00
POST     /setCurrency                                                                     957     0(0.00%) |    113       8    1025     79 |   13.30        0.00
--------|----------------------------------------------------------------------------|-------|-------------|-------|-------|-------|-------|--------|-----------
         Aggregated                                                                      9131     0(0.00%) |    109       4    1412     87 |  134.10        0.00

Type     Name                                                                          # reqs      # fails |    Avg     Min     Max    Med |   req/s  failures/s
--------|----------------------------------------------------------------------------|-------|-------------|-------|-------|-------|-------|--------|-----------
GET      /                                                                                250     0(0.00%) |    116       7    1141     71 |    4.20        0.00
GET      /cart                                                                           1289     0(0.00%) |     95       4    1085     71 |   17.80        0.00
POST     /cart [add]                                                                     1540     0(0.00%) |    131       5    1412    110 |   23.00        0.00
POST     /cart/checkout                                                                   604     0(0.00%) |    103       7    1179     96 |    8.20        0.00
GET      /product/[id]                                                                   4741     0(0.00%) |    104       4    1152     83 |   66.10        0.00
POST     /setCurrency                                                                     987     0(0.00%) |    112       8    1025     78 |   13.60        0.00
--------|----------------------------------------------------------------------------|-------|-------------|-------|-------|-------|-------|--------|-----------
         Aggregated                                                                      9411     0(0.00%) |    108       4    1412     86 |  132.90        0.00

Type     Name                                                                          # reqs      # fails |    Avg     Min     Max    Med |   req/s  failures/s
--------|----------------------------------------------------------------------------|-------|-------------|-------|-------|-------|-------|--------|-----------
GET      /                                                                                258     0(0.00%) |    118       7    1141     72 |    4.10        0.00
GET      /cart                                                                           1315     0(0.00%) |     97       4    1085     71 |   19.30        0.00
POST     /cart [add]                                                                     1588     0(0.00%) |    132       5    1412    110 |   21.20        0.00
POST     /cart/checkout                                                                   624     0(0.00%) |    103       7    1179     96 |    7.60        0.00
GET      /product/[id]                                                                   4846     0(0.00%) |    104       4    1152     84 |   68.20        0.00
POST     /setCurrency                                                                    1011     0(0.00%) |    114       8    1025     79 |   13.80        0.00
--------|----------------------------------------------------------------------------|-------|-------------|-------|-------|-------|-------|--------|-----------
         Aggregated                                                                      9642     0(0.00%) |    109       4    1412     87 |  134.20        0.00

Type     Name                                                                          # reqs      # fails |    Avg     Min     Max    Med |   req/s  failures/s
--------|----------------------------------------------------------------------------|-------|-------------|-------|-------|-------|-------|--------|-----------
GET      /                                                                                268     0(0.00%) |    116       7    1141     72 |    3.70        0.00
GET      /cart                                                                           1353     0(0.00%) |     96       4    1085     71 |   19.50        0.00
POST     /cart [add]                                                                     1645     0(0.00%) |    131       5    1412    110 |   21.50        0.00
POST     /cart/checkout                                                                   644     0(0.00%) |    102       7    1179     96 |    7.90        0.00
GET      /product/[id]                                                                   4978     0(0.00%) |    104       4    1152     83 |   67.50        0.00
POST     /setCurrency                                                                    1038     0(0.00%) |    113       8    1025     79 |   13.30        0.00
--------|----------------------------------------------------------------------------|-------|-------------|-------|-------|-------|-------|--------|-----------
         Aggregated                                                                      9926     0(0.00%) |    108       4    1412     87 |  133.40        0.00

Type     Name                                                                          # reqs      # fails |    Avg     Min     Max    Med |   req/s  failures/s
--------|----------------------------------------------------------------------------|-------|-------------|-------|-------|-------|-------|--------|-----------
GET      /                                                                                270     0(0.00%) |    116       7    1141     72 |    4.00        0.00
GET      /cart                                                                           1370     0(0.00%) |     98       4    1085     72 |   18.70        0.00
POST     /cart [add]                                                                     1669     0(0.00%) |    135       5    1412    110 |   22.40        0.00
POST     /cart/checkout                                                                   652     0(0.00%) |    104       7    1186     96 |    8.40        0.00
GET      /product/[id]                                                                   5071     0(0.00%) |    108       4    1152     84 |   66.60        0.00
POST     /setCurrency                                                                    1049     0(0.00%) |    116       8    1025     79 |   14.00        0.00
--------|----------------------------------------------------------------------------|-------|-------------|-------|-------|-------|-------|--------|-----------
         Aggregated                                                                     10081     0(0.00%) |    112       4    1412     88 |  134.10        0.00

Type     Name                                                                          # reqs      # fails |    Avg     Min     Max    Med |   req/s  failures/s
--------|----------------------------------------------------------------------------|-------|-------------|-------|-------|-------|-------|--------|-----------
GET      /                                                                                278     0(0.00%) |    115       7    1141     71 |    3.40        0.00
GET      /cart                                                                           1410     0(0.00%) |     97       4    1085     72 |   15.80        0.00
POST     /cart [add]                                                                     1722     0(0.00%) |    133       5    1412    110 |   22.00        0.00
POST     /cart/checkout                                                                   670     0(0.00%) |    104       7    1186     96 |    7.50        0.00
GET      /product/[id]                                                                   5206     0(0.00%) |    108       4    1152     84 |   62.40        0.00
POST     /setCurrency                                                                    1072     0(0.00%) |    115       8    1025     79 |   12.30        0.00
--------|----------------------------------------------------------------------------|-------|-------------|-------|-------|-------|-------|--------|-----------
         Aggregated                                                                     10358     0(0.00%) |    111       4    1412     87 |  123.40        0.00

Type     Name                                                                          # reqs      # fails |    Avg     Min     Max    Med |   req/s  failures/s
--------|----------------------------------------------------------------------------|-------|-------------|-------|-------|-------|-------|--------|-----------
GET      /                                                                                284     0(0.00%) |    114       7    1141     71 |    3.80        0.00
GET      /cart                                                                           1449     0(0.00%) |     97       4    1085     72 |   16.70        0.00
POST     /cart [add]                                                                     1772     0(0.00%) |    132       5    1412    110 |   21.40        0.00
POST     /cart/checkout                                                                   695     0(0.00%) |    104       7    1186     96 |    7.60        0.00
GET      /product/[id]                                                                   5350     0(0.00%) |    107       4    1152     84 |   62.30        0.00
POST     /setCurrency                                                                    1102     0(0.00%) |    113       8    1025     78 |   11.90        0.00
--------|----------------------------------------------------------------------------|-------|-------------|-------|-------|-------|-------|--------|-----------
         Aggregated                                                                     10652     0(0.00%) |    110       4    1412     87 |  123.70        0.00

Type     Name                                                                          # reqs      # fails |    Avg     Min     Max    Med |   req/s  failures/s
--------|----------------------------------------------------------------------------|-------|-------------|-------|-------|-------|-------|--------|-----------
GET      /                                                                                293     0(0.00%) |    115       7    1141     71 |    3.40        0.00
GET      /cart                                                                           1468     0(0.00%) |     97       4    1085     72 |   15.70        0.00
POST     /cart [add]                                                                     1825     0(0.00%) |    133       5    1412    110 |   23.30        0.00
POST     /cart/checkout                                                                   711     0(0.00%) |    104       7    1186     96 |    8.60        0.00
GET      /product/[id]                                                                   5475     0(0.00%) |    107       4    1152     84 |   61.00        0.00
POST     /setCurrency                                                                    1134     0(0.00%) |    114       8    1025     79 |   11.50        0.00
--------|----------------------------------------------------------------------------|-------|-------------|-------|-------|-------|-------|--------|-----------
         Aggregated                                                                     10906     0(0.00%) |    111       4    1412     87 |  123.50        0.00

Type     Name                                                                          # reqs      # fails |    Avg     Min     Max    Med |   req/s  failures/s
--------|----------------------------------------------------------------------------|-------|-------------|-------|-------|-------|-------|--------|-----------
GET      /                                                                                304     0(0.00%) |    113       7    1141     71 |    3.70        0.00
GET      /cart                                                                           1497     0(0.00%) |     97       4    1085     72 |   15.40        0.00
POST     /cart [add]                                                                     1866     0(0.00%) |    133       5    1412    110 |   23.50        0.00
POST     /cart/checkout                                                                   730     0(0.00%) |    104       7    1186     96 |    8.70        0.00
GET      /product/[id]                                                                   5619     0(0.00%) |    106       4    1152     84 |   61.70        0.00
POST     /setCurrency                                                                    1162     0(0.00%) |    114       8    1025     79 |   12.50        0.00
--------|----------------------------------------------------------------------------|-------|-------------|-------|-------|-------|-------|--------|-----------
         Aggregated                                                                     11178     0(0.00%) |    110       4    1412     88 |  125.50        0.00

Type     Name                                                                          # reqs      # fails |    Avg     Min     Max    Med |   req/s  failures/s
--------|----------------------------------------------------------------------------|-------|-------------|-------|-------|-------|-------|--------|-----------
GET      /                                                                                311     0(0.00%) |    113       7    1141     71 |    3.60        0.00
GET      /cart                                                                           1523     0(0.00%) |     96       4    1085     73 |   14.40        0.00
POST     /cart [add]                                                                     1916     0(0.00%) |    132       5    1412    110 |   22.80        0.00
POST     /cart/checkout                                                                   742     0(0.00%) |    105       7    1186     96 |    8.70        0.00
GET      /product/[id]                                                                   5765     0(0.00%) |    106       4    1152     84 |   63.20        0.00
POST     /setCurrency                                                                    1183     0(0.00%) |    113       8    1025     79 |   12.40        0.00
--------|----------------------------------------------------------------------------|-------|-------------|-------|-------|-------|-------|--------|-----------
         Aggregated                                                                     11440     0(0.00%) |    110       4    1412     88 |  125.10        0.00

Type     Name                                                                          # reqs      # fails |    Avg     Min     Max    Med |   req/s  failures/s
--------|----------------------------------------------------------------------------|-------|-------------|-------|-------|-------|-------|--------|-----------
GET      /                                                                                320     0(0.00%) |    113       7    1141     71 |    3.80        0.00
GET      /cart                                                                           1554     0(0.00%) |     97       4    1085     73 |   15.80        0.00
POST     /cart [add]                                                                     1960     0(0.00%) |    133       5    1412    110 |   24.00        0.00
POST     /cart/checkout                                                                   760     0(0.00%) |    104       7    1186     96 |    8.90        0.00
GET      /product/[id]                                                                   5881     0(0.00%) |    106       4    1152     84 |   69.60        0.00
POST     /setCurrency                                                                    1205     0(0.00%) |    113       8    1025     79 |   13.40        0.00
--------|----------------------------------------------------------------------------|-------|-------------|-------|-------|-------|-------|--------|-----------
         Aggregated                                                                     11680     0(0.00%) |    110       4    1412     88 |  135.50        0.00

Type     Name                                                                          # reqs      # fails |    Avg     Min     Max    Med |   req/s  failures/s
--------|----------------------------------------------------------------------------|-------|-------------|-------|-------|-------|-------|--------|-----------
GET      /                                                                                324     0(0.00%) |    112       7    1141     71 |    4.10        0.00
GET      /cart                                                                           1576     0(0.00%) |     96       4    1085     73 |   14.50        0.00
POST     /cart [add]                                                                     2018     0(0.00%) |    132       5    1412    110 |   23.70        0.00
POST     /cart/checkout                                                                   781     0(0.00%) |    104       7    1186     96 |    8.70        0.00
GET      /product/[id]                                                                   6010     0(0.00%) |    106       4    1152     84 |   67.20        0.00
POST     /setCurrency                                                                    1245     0(0.00%) |    113       8    1025     79 |   13.40        0.00
--------|----------------------------------------------------------------------------|-------|-------------|-------|-------|-------|-------|--------|-----------
         Aggregated                                                                     11954     0(0.00%) |    110       4    1412     88 |  131.60        0.00

Type     Name                                                                          # reqs      # fails |    Avg     Min     Max    Med |   req/s  failures/s
--------|----------------------------------------------------------------------------|-------|-------------|-------|-------|-------|-------|--------|-----------
GET      /                                                                                329     0(0.00%) |    111       7    1141     71 |    4.10        0.00
GET      /cart                                                                           1615     0(0.00%) |     96       4    1085     73 |   13.50        0.00
POST     /cart [add]                                                                     2071     0(0.00%) |    132       5    1412    110 |   24.50        0.00
POST     /cart/checkout                                                                   804     0(0.00%) |    104       7    1186     96 |    8.80        0.00
GET      /product/[id]                                                                   6144     0(0.00%) |    105       4    1152     84 |   65.40        0.00
POST     /setCurrency                                                                    1276     0(0.00%) |    112       8    1025     79 |   14.10        0.00
--------|----------------------------------------------------------------------------|-------|-------------|-------|-------|-------|-------|--------|-----------
         Aggregated                                                                     12239     0(0.00%) |    109       4    1412     88 |  130.40        0.00

Type     Name                                                                          # reqs      # fails |    Avg     Min     Max    Med |   req/s  failures/s
--------|----------------------------------------------------------------------------|-------|-------------|-------|-------|-------|-------|--------|-----------
GET      /                                                                                336     0(0.00%) |    111       7    1141     71 |    3.60        0.00
GET      /cart                                                                           1653     0(0.00%) |     95       4    1085     73 |   14.50        0.00
POST     /cart [add]                                                                     2116     0(0.00%) |    131       5    1412    110 |   24.10        0.00
POST     /cart/checkout                                                                   817     0(0.00%) |    104       7    1186     96 |    8.90        0.00
GET      /product/[id]                                                                   6288     0(0.00%) |    105       4    1152     84 |   67.30        0.00
POST     /setCurrency                                                                    1308     0(0.00%) |    111       8    1025     79 |   14.40        0.00
--------|----------------------------------------------------------------------------|-------|-------------|-------|-------|-------|-------|--------|-----------
         Aggregated                                                                     12518     0(0.00%) |    109       4    1412     88 |  132.80        0.00

Type     Name                                                                          # reqs      # fails |    Avg     Min     Max    Med |   req/s  failures/s
--------|----------------------------------------------------------------------------|-------|-------------|-------|-------|-------|-------|--------|-----------
GET      /                                                                                341     0(0.00%) |    110       7    1141     71 |    3.40        0.00
GET      /cart                                                                           1691     0(0.00%) |     95       4    1085     73 |   15.40        0.00
POST     /cart [add]                                                                     2172     0(0.00%) |    131       5    1412    110 |   24.80        0.00
POST     /cart/checkout                                                                   829     0(0.00%) |    104       7    1186     96 |    8.60        0.00
GET      /product/[id]                                                                   6434     0(0.00%) |    104       4    1152     84 |   66.70        0.00
POST     /setCurrency                                                                    1330     0(0.00%) |    111       8    1025     79 |   14.40        0.00
--------|----------------------------------------------------------------------------|-------|-------------|-------|-------|-------|-------|--------|-----------
         Aggregated                                                                     12797     0(0.00%) |    108       4    1412     87 |  133.30        0.00

Type     Name                                                                          # reqs      # fails |    Avg     Min     Max    Med |   req/s  failures/s
--------|----------------------------------------------------------------------------|-------|-------------|-------|-------|-------|-------|--------|-----------
GET      /                                                                                346     0(0.00%) |    110       7    1141     71 |    3.20        0.00
GET      /cart                                                                           1720     0(0.00%) |     95       4    1085     73 |   16.50        0.00
POST     /cart [add]                                                                     2220     0(0.00%) |    131       5    1412    110 |   25.90        0.00
POST     /cart/checkout                                                                   843     0(0.00%) |    104       7    1186     96 |    9.00        0.00
GET      /product/[id]                                                                   6581     0(0.00%) |    104       4    1152     84 |   66.10        0.00
POST     /setCurrency                                                                    1352     0(0.00%) |    110       8    1025     79 |   14.40        0.00
--------|----------------------------------------------------------------------------|-------|-------------|-------|-------|-------|-------|--------|-----------
         Aggregated                                                                     13062     0(0.00%) |    108       4    1412     88 |  135.10        0.00

Type     Name                                                                          # reqs      # fails |    Avg     Min     Max    Med |   req/s  failures/s
--------|----------------------------------------------------------------------------|-------|-------------|-------|-------|-------|-------|--------|-----------
GET      /                                                                                354     0(0.00%) |    110       7    1141     71 |    2.80        0.00
GET      /cart                                                                           1756     0(0.00%) |     94       4    1085     73 |   16.60        0.00
POST     /cart [add]                                                                     2255     0(0.00%) |    131       5    1412    110 |   26.40        0.00
POST     /cart/checkout                                                                   857     0(0.00%) |    103       7    1186     96 |    8.40        0.00
GET      /product/[id]                                                                   6705     0(0.00%) |    104       4    1152     84 |   68.80        0.00
POST     /setCurrency                                                                    1388     0(0.00%) |    111       8    1025     80 |   14.50        0.00
--------|----------------------------------------------------------------------------|-------|-------------|-------|-------|-------|-------|--------|-----------
         Aggregated                                                                     13315     0(0.00%) |    108       4    1412     88 |  137.50        0.00

Type     Name                                                                          # reqs      # fails |    Avg     Min     Max    Med |   req/s  failures/s
--------|----------------------------------------------------------------------------|-------|-------------|-------|-------|-------|-------|--------|-----------
GET      /                                                                                362     0(0.00%) |    109       7    1141     71 |    3.00        0.00
GET      /cart                                                                           1804     0(0.00%) |     94       4    1085     73 |   17.20        0.00
POST     /cart [add]                                                                     2306     0(0.00%) |    130       5    1412    110 |   23.40        0.00
POST     /cart/checkout                                                                   874     0(0.00%) |    103       7    1186     96 |    7.30        0.00
GET      /product/[id]                                                                   6841     0(0.00%) |    103       4    1152     84 |   69.80        0.00
POST     /setCurrency                                                                    1413     0(0.00%) |    110       8    1025     80 |   14.10        0.00
--------|----------------------------------------------------------------------------|-------|-------------|-------|-------|-------|-------|--------|-----------
         Aggregated                                                                     13600     0(0.00%) |    107       4    1412     88 |  134.80        0.00

Type     Name                                                                          # reqs      # fails |    Avg     Min     Max    Med |   req/s  failures/s
--------|----------------------------------------------------------------------------|-------|-------------|-------|-------|-------|-------|--------|-----------
GET      /                                                                                366     0(0.00%) |    108       7    1141     68 |    3.30        0.00
GET      /cart                                                                           1849     0(0.00%) |     93       4    1085     73 |   18.70        0.00
POST     /cart [add]                                                                     2347     0(0.00%) |    129       5    1412    110 |   24.00        0.00
POST     /cart/checkout                                                                   893     0(0.00%) |    103       7    1186     96 |    7.30        0.00
GET      /product/[id]                                                                   6979     0(0.00%) |    103       4    1152     84 |   70.10        0.00
POST     /setCurrency                                                                    1440     0(0.00%) |    110       8    1025     80 |   13.20        0.00
--------|----------------------------------------------------------------------------|-------|-------------|-------|-------|-------|-------|--------|-----------
         Aggregated                                                                     13874     0(0.00%) |    107       4    1412     88 |  136.60        0.00

Type     Name                                                                          # reqs      # fails |    Avg     Min     Max    Med |   req/s  failures/s
--------|----------------------------------------------------------------------------|-------|-------------|-------|-------|-------|-------|--------|-----------
GET      /                                                                                375     0(0.00%) |    107       7    1141     68 |    3.13        0.00
GET      /cart                                                                           1870     0(0.00%) |     93       4    1085     72 |   15.60        0.00
POST     /cart [add]                                                                     2390     0(0.00%) |    129       5    1412    110 |   19.93        0.00
POST     /cart/checkout                                                                   909     0(0.00%) |    103       7    1186     96 |    7.58        0.00
GET      /product/[id]                                                                   7114     0(0.00%) |    103       4    1152     84 |   59.33        0.00
POST     /setCurrency                                                                    1458     0(0.00%) |    110       8    1025     80 |   12.16        0.00
--------|----------------------------------------------------------------------------|-------|-------------|-------|-------|-------|-------|--------|-----------
         Aggregated                                                                     14116     0(0.00%) |    107       4    1412     88 |  117.73        0.00

Response time percentiles (approximated)
Type     Name                                                                                  50%    66%    75%    80%    90%    95%    98%    99%  99.9% 99.99%   100% # reqs
--------|--------------------------------------------------------------------------------|--------|------|------|------|------|------|------|------|------|------|------|------
GET      /                                                                                      68    100    140    170    220    310    640    850   1100   1100   1100    375
GET      /cart                                                                                  73     95    110    120    170    220    410    730    970   1100   1100   1870
POST     /cart [add]                                                                           110    140    160    170    210    270    470    940   1300   1400   1400   2390
POST     /cart/checkout                                                                         96     99    100    110    190    200    300    310   1200   1200   1200    909
GET      /product/[id]                                                                          84    110    130    140    180    210    390    830   1100   1200   1200   7114
POST     /setCurrency                                                                           80    110    150    170    240    300    430    660    940   1000   1000   1458
--------|--------------------------------------------------------------------------------|--------|------|------|------|------|------|------|------|------|------|------|------
         Aggregated                                                                             88    110    130    150    190    250    410    800   1100   1400   1400  14116

