/Users/edias/Library/Python/3.9/lib/python/site-packages/urllib3/__init__.py:35: NotOpenSSLWarning: urllib3 v2 only supports OpenSSL 1.1.1+, currently the 'ssl' module is compiled with 'LibreSSL 2.8.3'. See: https://github.com/urllib3/urllib3/issues/3020
  warnings.warn(
[2026-04-19 17:04:31,878] Mac/WARNING/locust.main: Python 3.9 support is deprecated and will be removed soon
Type     Name                     # reqs      # fails |    Avg     Min     Max    Med |   req/s  failures/s
--------|-----------------------|-------|-------------|-------|-------|-------|-------|--------|-----------
--------|-----------------------|-------|-------------|-------|-------|-------|-------|--------|-----------
         Aggregated                    0     0(0.00%) |      0       0       0      0 |    0.00        0.00

Type     Name                     # reqs      # fails |    Avg     Min     Max    Med |   req/s  failures/s
--------|-----------------------|-------|-------------|-------|-------|-------|-------|--------|-----------
POST     /cart [add]                   2     0(0.00%) |     22      21      24     21 |    0.00        0.00
POST     /cart/checkout                1     0(0.00%) |     19      19      19     19 |    0.00        0.00
GET      /product/[id]                 3     0(0.00%) |     29      24      33     31 |    0.00        0.00
--------|-----------------------|-------|-------------|-------|-------|-------|-------|--------|-----------
         Aggregated                    6     0(0.00%) |     25      19      33     25 |    0.00        0.00

Type     Name                     # reqs      # fails |    Avg     Min     Max    Med |   req/s  failures/s
--------|-----------------------|-------|-------------|-------|-------|-------|-------|--------|-----------
GET      /cart                         1     0(0.00%) |     15      15      15     15 |    0.00        0.00
POST     /cart [add]                   3     0(0.00%) |     22      21      24     21 |    0.50        0.00
POST     /cart/checkout                2     0(0.00%) |     19      19      20     19 |    0.50        0.00
GET      /product/[id]                 6     0(0.00%) |     22      15      33     17 |    1.50        0.00
POST     /setCurrency                  1     0(0.00%) |     28      28      28     28 |    0.00        0.00
--------|-----------------------|-------|-------------|-------|-------|-------|-------|--------|-----------
         Aggregated                   13     0(0.00%) |     22      15      33     21 |    2.50        0.00

Type     Name                     # reqs      # fails |    Avg     Min     Max    Med |   req/s  failures/s
--------|-----------------------|-------|-------------|-------|-------|-------|-------|--------|-----------
GET      /cart                         1     0(0.00%) |     15      15      15     15 |    0.00        0.00
POST     /cart [add]                   3     0(0.00%) |     22      21      24     21 |    0.67        0.00
POST     /cart/checkout                2     0(0.00%) |     19      19      20     19 |    0.33        0.00
GET      /product/[id]                12     0(0.00%) |     18      11      33     15 |    1.67        0.00
POST     /setCurrency                  2     0(0.00%) |     32      28      35     28 |    0.00        0.00
--------|-----------------------|-------|-------------|-------|-------|-------|-------|--------|-----------
         Aggregated                   20     0(0.00%) |     20      11      35     17 |    2.67        0.00

Type     Name                     # reqs      # fails |    Avg     Min     Max    Med |   req/s  failures/s
--------|-----------------------|-------|-------------|-------|-------|-------|-------|--------|-----------
GET      /cart                         3     0(0.00%) |     15      10      21     15 |    0.17        0.00
POST     /cart [add]                   8     0(0.00%) |     24      17      33     24 |    0.50        0.00
POST     /cart/checkout                5     0(0.00%) |     18      14      20     19 |    0.33        0.00
GET      /product/[id]                16     0(0.00%) |     18      11      33     16 |    2.00        0.00
POST     /setCurrency                  3     0(0.00%) |     27      16      35     28 |    0.33        0.00
--------|-----------------------|-------|-------------|-------|-------|-------|-------|--------|-----------
         Aggregated                   35     0(0.00%) |     20      10      35     19 |    3.33        0.00

Type     Name                     # reqs      # fails |    Avg     Min     Max    Med |   req/s  failures/s
--------|-----------------------|-------|-------------|-------|-------|-------|-------|--------|-----------
GET      /                             1     0(0.00%) |     18      18      18     18 |    0.00        0.00
GET      /cart                         7     0(0.00%) |     17      10      22     20 |    0.38        0.00
POST     /cart [add]                  11     0(0.00%) |     24      16      33     25 |    0.62        0.00
POST     /cart/checkout                5     0(0.00%) |     18      14      20     19 |    0.50        0.00
GET      /product/[id]                21     0(0.00%) |     17      11      33     15 |    1.88        0.00
POST     /setCurrency                  6     0(0.00%) |     33      16      49     34 |    0.25        0.00
--------|-----------------------|-------|-------------|-------|-------|-------|-------|--------|-----------
         Aggregated                   51     0(0.00%) |     21      10      49     20 |    3.62        0.00

Type     Name                     # reqs      # fails |    Avg     Min     Max    Med |   req/s  failures/s
--------|-----------------------|-------|-------------|-------|-------|-------|-------|--------|-----------
GET      /                             1     0(0.00%) |     18      18      18     18 |    0.10        0.00
GET      /cart                         9     0(0.00%) |     16      10      22     16 |    0.50        0.00
POST     /cart [add]                  13     0(0.00%) |     24      16      33     25 |    0.90        0.00
POST     /cart/checkout                7     0(0.00%) |     18      14      20     19 |    0.50        0.00
GET      /product/[id]                32     0(0.00%) |     18      11      33     16 |    2.00        0.00
POST     /setCurrency                  8     0(0.00%) |     32      16      49     31 |    0.50        0.00
--------|-----------------------|-------|-------------|-------|-------|-------|-------|--------|-----------
         Aggregated                   70     0(0.00%) |     21      10      49     19 |    4.50        0.00

Type     Name                     # reqs      # fails |    Avg     Min     Max    Med |   req/s  failures/s
--------|-----------------------|-------|-------------|-------|-------|-------|-------|--------|-----------
GET      /                             1     0(0.00%) |     18      18      18     18 |    0.10        0.00
GET      /cart                        12     0(0.00%) |     16      10      22     15 |    0.90        0.00
POST     /cart [add]                  16     0(0.00%) |     25      16      44     24 |    1.20        0.00
POST     /cart/checkout                7     0(0.00%) |     18      14      20     19 |    0.60        0.00
GET      /product/[id]                41     0(0.00%) |     18      11      33     17 |    2.30        0.00
POST     /setCurrency                  8     0(0.00%) |     32      16      49     31 |    0.80        0.00
--------|-----------------------|-------|-------------|-------|-------|-------|-------|--------|-----------
         Aggregated                   85     0(0.00%) |     20      10      49     20 |    5.90        0.00

Type     Name                     # reqs      # fails |    Avg     Min     Max    Med |   req/s  failures/s
--------|-----------------------|-------|-------------|-------|-------|-------|-------|--------|-----------
GET      /                             2     0(0.00%) |     19      18      20     19 |    0.10        0.00
GET      /cart                        14     0(0.00%) |     15      10      22     15 |    0.90        0.00
POST     /cart [add]                  18     0(0.00%) |     25      16      44     24 |    1.10        0.00
POST     /cart/checkout                7     0(0.00%) |     18      14      20     19 |    0.50        0.00
GET      /product/[id]                46     0(0.00%) |     18      11      33     17 |    3.10        0.00
POST     /setCurrency                  9     0(0.00%) |     30      16      49     31 |    0.80        0.00
--------|-----------------------|-------|-------------|-------|-------|-------|-------|--------|-----------
         Aggregated                   96     0(0.00%) |     20      10      49     20 |    6.50        0.00

Type     Name                     # reqs      # fails |    Avg     Min     Max    Med |   req/s  failures/s
--------|-----------------------|-------|-------------|-------|-------|-------|-------|--------|-----------
GET      /                             3     0(0.00%) |     18      16      20     19 |    0.10        0.00
GET      /cart                        16     0(0.00%) |     15      10      22     15 |    1.20        0.00
POST     /cart [add]                  21     0(0.00%) |     24      16      44     24 |    1.50        0.00
POST     /cart/checkout                9     0(0.00%) |     19      14      23     20 |    0.50        0.00
GET      /product/[id]                54     0(0.00%) |     18      10      33     16 |    3.10        0.00
POST     /setCurrency                 11     0(0.00%) |     29      16      49     28 |    0.70        0.00
--------|-----------------------|-------|-------------|-------|-------|-------|-------|--------|-----------
         Aggregated                  114     0(0.00%) |     20      10      49     19 |    7.10        0.00

Type     Name                     # reqs      # fails |    Avg     Min     Max    Med |   req/s  failures/s
--------|-----------------------|-------|-------------|-------|-------|-------|-------|--------|-----------
GET      /                             3     0(0.00%) |     18      16      20     19 |    0.20        0.00
GET      /cart                        18     0(0.00%) |     15      10      22     15 |    1.10        0.00
POST     /cart [add]                  26     0(0.00%) |     26      16      44     24 |    1.40        0.00
POST     /cart/checkout               11     0(0.00%) |     19      14      23     20 |    0.30        0.00
GET      /product/[id]                61     0(0.00%) |     18      10      42     17 |    3.70        0.00
POST     /setCurrency                 12     0(0.00%) |     30      16      49     28 |    0.90        0.00
--------|-----------------------|-------|-------------|-------|-------|-------|-------|--------|-----------
         Aggregated                  131     0(0.00%) |     20      10      49     20 |    7.60        0.00

Type     Name                     # reqs      # fails |    Avg     Min     Max    Med |   req/s  failures/s
--------|-----------------------|-------|-------------|-------|-------|-------|-------|--------|-----------
GET      /                             4     0(0.00%) |     19      16      22     19 |    0.20        0.00
GET      /cart                        19     0(0.00%) |     15      10      22     15 |    1.20        0.00
POST     /cart [add]                  27     0(0.00%) |     25      16      44     24 |    1.50        0.00
POST     /cart/checkout               12     0(0.00%) |     19      14      23     20 |    0.60        0.00
GET      /product/[id]                69     0(0.00%) |     18       8      42     16 |    3.90        0.00
POST     /setCurrency                 17     0(0.00%) |     28      16      49     28 |    0.70        0.00
--------|-----------------------|-------|-------------|-------|-------|-------|-------|--------|-----------
         Aggregated                  148     0(0.00%) |     20       8      49     19 |    8.10        0.00

Type     Name                     # reqs      # fails |    Avg     Min     Max    Med |   req/s  failures/s
--------|-----------------------|-------|-------------|-------|-------|-------|-------|--------|-----------
GET      /                             4     0(0.00%) |     19      16      22     19 |    0.30        0.00
GET      /cart                        20     0(0.00%) |     15      10      22     15 |    1.00        0.00
POST     /cart [add]                  30     0(0.00%) |     25      16      44     24 |    1.30        0.00
POST     /cart/checkout               12     0(0.00%) |     19      14      23     20 |    0.40        0.00
GET      /product/[id]                78     0(0.00%) |     18       8      42     16 |    3.60        0.00
POST     /setCurrency                 19     0(0.00%) |     27      16      49     27 |    0.70        0.00
--------|-----------------------|-------|-------------|-------|-------|-------|-------|--------|-----------
         Aggregated                  163     0(0.00%) |     20       8      49     19 |    7.30        0.00

Type     Name                     # reqs      # fails |    Avg     Min     Max    Med |   req/s  failures/s
--------|-----------------------|-------|-------------|-------|-------|-------|-------|--------|-----------
GET      /                             4     0(0.00%) |     19      16      22     19 |    0.30        0.00
GET      /cart                        22     0(0.00%) |     15      10      26     15 |    1.00        0.00
POST     /cart [add]                  32     0(0.00%) |     25      16      44     24 |    1.40        0.00
POST     /cart/checkout               12     0(0.00%) |     19      14      23     20 |    0.50        0.00
GET      /product/[id]                86     0(0.00%) |     18       8      42     15 |    3.70        0.00
POST     /setCurrency                 20     0(0.00%) |     27      16      49     25 |    1.10        0.00
--------|-----------------------|-------|-------------|-------|-------|-------|-------|--------|-----------
         Aggregated                  176     0(0.00%) |     20       8      49     19 |    8.00        0.00

Type     Name                     # reqs      # fails |    Avg     Min     Max    Med |   req/s  failures/s
--------|-----------------------|-------|-------------|-------|-------|-------|-------|--------|-----------
GET      /                             5     0(0.00%) |     21      16      27     21 |    0.30        0.00
GET      /cart                        22     0(0.00%) |     15      10      26     15 |    0.70        0.00
POST     /cart [add]                  36     0(0.00%) |     25      16      44     24 |    1.30        0.00
POST     /cart/checkout               14     0(0.00%) |     19      14      23     20 |    0.50        0.00
GET      /product/[id]                95     0(0.00%) |     18       8      42     16 |    4.00        0.00
POST     /setCurrency                 23     0(0.00%) |     27      16      49     25 |    1.00        0.00
--------|-----------------------|-------|-------------|-------|-------|-------|-------|--------|-----------
         Aggregated                  195     0(0.00%) |     20       8      49     20 |    7.80        0.00

Type     Name                     # reqs      # fails |    Avg     Min     Max    Med |   req/s  failures/s
--------|-----------------------|-------|-------------|-------|-------|-------|-------|--------|-----------
GET      /                             5     0(0.00%) |     21      16      27     21 |    0.20        0.00
GET      /cart                        23     0(0.00%) |     16      10      26     15 |    0.80        0.00
POST     /cart [add]                  37     0(0.00%) |     25      16      44     24 |    1.70        0.00
POST     /cart/checkout               15     0(0.00%) |     19      14      23     20 |    0.60        0.00
GET      /product/[id]               104     0(0.00%) |     17       8      42     15 |    4.00        0.00
POST     /setCurrency                 24     0(0.00%) |     27      16      49     25 |    1.00        0.00
--------|-----------------------|-------|-------------|-------|-------|-------|-------|--------|-----------
         Aggregated                  208     0(0.00%) |     20       8      49     19 |    8.30        0.00

Type     Name                     # reqs      # fails |    Avg     Min     Max    Med |   req/s  failures/s
--------|-----------------------|-------|-------------|-------|-------|-------|-------|--------|-----------
GET      /                             5     0(0.00%) |     21      16      27     21 |    0.20        0.00
GET      /cart                        25     0(0.00%) |     16      10      26     15 |    0.50        0.00
POST     /cart [add]                  42     0(0.00%) |     26      13      69     24 |    1.20        0.00
POST     /cart/checkout               17     0(0.00%) |     19      14      23     20 |    0.30        0.00
GET      /product/[id]               112     0(0.00%) |     17       8      42     15 |    4.30        0.00
POST     /setCurrency                 28     0(0.00%) |     31      16      70     28 |    1.20        0.00
--------|-----------------------|-------|-------------|-------|-------|-------|-------|--------|-----------
         Aggregated                  229     0(0.00%) |     21       8      70     20 |    7.70        0.00

Type     Name                     # reqs      # fails |    Avg     Min     Max    Med |   req/s  failures/s
--------|-----------------------|-------|-------------|-------|-------|-------|-------|--------|-----------
GET      /                             5     0(0.00%) |     21      16      27     21 |    0.10        0.00
GET      /cart                        28     0(0.00%) |     16      10      26     15 |    0.60        0.00
POST     /cart [add]                  44     0(0.00%) |     26      13      69     24 |    1.50        0.00
POST     /cart/checkout               19     0(0.00%) |     20      14      27     20 |    0.60        0.00
GET      /product/[id]               117     0(0.00%) |     17       8      42     15 |    4.50        0.00
POST     /setCurrency                 32     0(0.00%) |     31      16      70     29 |    1.30        0.00
--------|-----------------------|-------|-------------|-------|-------|-------|-------|--------|-----------
         Aggregated                  245     0(0.00%) |     21       8      70     20 |    8.60        0.00

Type     Name                     # reqs      # fails |    Avg     Min     Max    Med |   req/s  failures/s
--------|-----------------------|-------|-------------|-------|-------|-------|-------|--------|-----------
GET      /                             5     0(0.00%) |     21      16      27     21 |    0.10        0.00
GET      /cart                        29     0(0.00%) |     16      10      26     15 |    0.60        0.00
POST     /cart [add]                  44     0(0.00%) |     26      13      69     24 |    1.40        0.00
POST     /cart/checkout               19     0(0.00%) |     20      14      27     20 |    0.50        0.00
GET      /product/[id]               126     0(0.00%) |     17       8      42     15 |    4.10        0.00
POST     /setCurrency                 34     0(0.00%) |     31      16      70     29 |    1.30        0.00
--------|-----------------------|-------|-------------|-------|-------|-------|-------|--------|-----------
         Aggregated                  257     0(0.00%) |     21       8      70     20 |    8.00        0.00

Type     Name                     # reqs      # fails |    Avg     Min     Max    Med |   req/s  failures/s
--------|-----------------------|-------|-------------|-------|-------|-------|-------|--------|-----------
GET      /                             6     0(0.00%) |     22      16      27     21 |    0.10        0.00
GET      /cart                        32     0(0.00%) |     16      10      26     15 |    0.90        0.00
POST     /cart [add]                  51     0(0.00%) |     25      10      69     24 |    1.30        0.00
POST     /cart/checkout               20     0(0.00%) |     19      14      27     20 |    0.70        0.00
GET      /product/[id]               132     0(0.00%) |     17       8      42     15 |    3.90        0.00
POST     /setCurrency                 38     0(0.00%) |     31      16      70     29 |    1.40        0.00
--------|-----------------------|-------|-------------|-------|-------|-------|-------|--------|-----------
         Aggregated                  279     0(0.00%) |     21       8      70     19 |    8.30        0.00

Type     Name                     # reqs      # fails |    Avg     Min     Max    Med |   req/s  failures/s
--------|-----------------------|-------|-------------|-------|-------|-------|-------|--------|-----------
GET      /                             6     0(0.00%) |     22      16      27     21 |    0.10        0.00
GET      /cart                        32     0(0.00%) |     16      10      26     15 |    0.70        0.00
POST     /cart [add]                  51     0(0.00%) |     25      10      69     24 |    1.20        0.00
POST     /cart/checkout               20     0(0.00%) |     19      14      27     20 |    0.70        0.00
GET      /product/[id]               142     0(0.00%) |     17       8      42     15 |    3.90        0.00
POST     /setCurrency                 40     0(0.00%) |     30      16      70     29 |    1.60        0.00
--------|-----------------------|-------|-------------|-------|-------|-------|-------|--------|-----------
         Aggregated                  291     0(0.00%) |     21       8      70     19 |    8.20        0.00

Type     Name                     # reqs      # fails |    Avg     Min     Max    Med |   req/s  failures/s
--------|-----------------------|-------|-------------|-------|-------|-------|-------|--------|-----------
GET      /                             6     0(0.00%) |     22      16      27     21 |    0.10        0.00
GET      /cart                        35     0(0.00%) |     16      10      26     15 |    1.00        0.00
POST     /cart [add]                  55     0(0.00%) |     24      10      69     23 |    1.50        0.00
POST     /cart/checkout               22     0(0.00%) |     19      14      27     20 |    0.60        0.00
GET      /product/[id]               148     0(0.00%) |     17       8      42     15 |    3.50        0.00
POST     /setCurrency                 44     0(0.00%) |     30      16      70     28 |    1.50        0.00
--------|-----------------------|-------|-------------|-------|-------|-------|-------|--------|-----------
         Aggregated                  310     0(0.00%) |     20       8      70     19 |    8.20        0.00

Type     Name                     # reqs      # fails |    Avg     Min     Max    Med |   req/s  failures/s
--------|-----------------------|-------|-------------|-------|-------|-------|-------|--------|-----------
GET      /                             6     0(0.00%) |     22      16      27     21 |    0.10        0.00
GET      /cart                        38     0(0.00%) |     16      10      26     15 |    0.90        0.00
POST     /cart [add]                  58     0(0.00%) |     24      10      69     23 |    1.30        0.00
POST     /cart/checkout               23     0(0.00%) |     19      14      27     20 |    0.50        0.00
GET      /product/[id]               157     0(0.00%) |     17       8      42     15 |    3.70        0.00
POST     /setCurrency                 45     0(0.00%) |     29      16      70     28 |    1.30        0.00
--------|-----------------------|-------|-------------|-------|-------|-------|-------|--------|-----------
         Aggregated                  327     0(0.00%) |     20       8      70     19 |    7.80        0.00

Type     Name                     # reqs      # fails |    Avg     Min     Max    Med |   req/s  failures/s
--------|-----------------------|-------|-------------|-------|-------|-------|-------|--------|-----------
GET      /                             8     0(0.00%) |     22      14      30     21 |    0.10        0.00
GET      /cart                        38     0(0.00%) |     16      10      26     15 |    1.10        0.00
POST     /cart [add]                  62     0(0.00%) |     24      10      69     21 |    1.60        0.00
POST     /cart/checkout               25     0(0.00%) |     19      13      27     20 |    0.60        0.00
GET      /product/[id]               168     0(0.00%) |     17       8      42     15 |    3.90        0.00
POST     /setCurrency                 48     0(0.00%) |     29      16      70     27 |    1.20        0.00
--------|-----------------------|-------|-------------|-------|-------|-------|-------|--------|-----------
         Aggregated                  349     0(0.00%) |     20       8      70     18 |    8.50        0.00

Type     Name                     # reqs      # fails |    Avg     Min     Max    Med |   req/s  failures/s
--------|-----------------------|-------|-------------|-------|-------|-------|-------|--------|-----------
GET      /                             8     0(0.00%) |     22      14      30     21 |    0.10        0.00
GET      /cart                        40     0(0.00%) |     15      10      26     15 |    0.90        0.00
POST     /cart [add]                  65     0(0.00%) |     23      10      69     21 |    1.50        0.00
POST     /cart/checkout               26     0(0.00%) |     19      13      27     19 |    0.40        0.00
GET      /product/[id]               174     0(0.00%) |     17       8      42     15 |    4.10        0.00
POST     /setCurrency                 51     0(0.00%) |     29      16      70     28 |    1.40        0.00
--------|-----------------------|-------|-------------|-------|-------|-------|-------|--------|-----------
         Aggregated                  364     0(0.00%) |     20       8      70     18 |    8.40        0.00

Type     Name                     # reqs      # fails |    Avg     Min     Max    Med |   req/s  failures/s
--------|-----------------------|-------|-------------|-------|-------|-------|-------|--------|-----------
GET      /                             9     0(0.00%) |     28      14      73     22 |    0.30        0.00
GET      /cart                        42     0(0.00%) |     16      10      43     15 |    0.90        0.00
POST     /cart [add]                  65     0(0.00%) |     23      10      69     21 |    1.50        0.00
POST     /cart/checkout               26     0(0.00%) |     19      13      27     19 |    0.50        0.00
GET      /product/[id]               182     0(0.00%) |     17       8      42     15 |    4.00        0.00
POST     /setCurrency                 52     0(0.00%) |     29      16      70     28 |    1.30        0.00
--------|-----------------------|-------|-------------|-------|-------|-------|-------|--------|-----------
         Aggregated                  376     0(0.00%) |     20       8      73     18 |    8.50        0.00

Type     Name                     # reqs      # fails |    Avg     Min     Max    Med |   req/s  failures/s
--------|-----------------------|-------|-------------|-------|-------|-------|-------|--------|-----------
GET      /                             9     0(0.00%) |     28      14      73     22 |    0.30        0.00
GET      /cart                        44     0(0.00%) |     16      10      43     15 |    0.90        0.00
POST     /cart [add]                  67     0(0.00%) |     23      10      69     21 |    1.40        0.00
POST     /cart/checkout               26     0(0.00%) |     19      13      27     19 |    0.60        0.00
GET      /product/[id]               190     0(0.00%) |     17       8      42     15 |    4.10        0.00
POST     /setCurrency                 55     0(0.00%) |     29      16      70     28 |    1.30        0.00
--------|-----------------------|-------|-------------|-------|-------|-------|-------|--------|-----------
         Aggregated                  391     0(0.00%) |     20       8      73     18 |    8.60        0.00

Type     Name                     # reqs      # fails |    Avg     Min     Max    Med |   req/s  failures/s
--------|-----------------------|-------|-------------|-------|-------|-------|-------|--------|-----------
GET      /                             9     0(0.00%) |     28      14      73     22 |    0.30        0.00
GET      /cart                        45     0(0.00%) |     16      10      43     15 |    1.00        0.00
POST     /cart [add]                  70     0(0.00%) |     23      10      69     21 |    1.20        0.00
POST     /cart/checkout               27     0(0.00%) |     19      13      27     20 |    0.40        0.00
GET      /product/[id]               201     0(0.00%) |     17       8      42     15 |    4.40        0.00
POST     /setCurrency                 59     0(0.00%) |     29      16      70     27 |    1.30        0.00
--------|-----------------------|-------|-------------|-------|-------|-------|-------|--------|-----------
         Aggregated                  411     0(0.00%) |     20       8      73     18 |    8.60        0.00

Type     Name                     # reqs      # fails |    Avg     Min     Max    Med |   req/s  failures/s
--------|-----------------------|-------|-------------|-------|-------|-------|-------|--------|-----------
GET      /                            10     0(0.00%) |     27      14      73     22 |    0.30        0.00
GET      /cart                        46     0(0.00%) |     16      10      43     15 |    0.80        0.00
POST     /cart [add]                  76     0(0.00%) |     23      10      69     21 |    1.10        0.00
POST     /cart/checkout               28     0(0.00%) |     19      13      27     20 |    0.40        0.00
GET      /product/[id]               209     0(0.00%) |     17       8      42     15 |    4.40        0.00
POST     /setCurrency                 60     0(0.00%) |     29      16      70     27 |    1.30        0.00
--------|-----------------------|-------|-------------|-------|-------|-------|-------|--------|-----------
         Aggregated                  429     0(0.00%) |     20       8      73     18 |    8.30        0.00

Type     Name                     # reqs      # fails |    Avg     Min     Max    Med |   req/s  failures/s
--------|-----------------------|-------|-------------|-------|-------|-------|-------|--------|-----------
GET      /                            10     0(0.00%) |     27      14      73     22 |    0.30        0.00
GET      /cart                        49     0(0.00%) |     17      10      43     15 |    0.70        0.00
POST     /cart [add]                  80     0(0.00%) |     23      10      69     21 |    1.70        0.00
POST     /cart/checkout               30     0(0.00%) |     19      13      27     20 |    0.50        0.00
GET      /product/[id]               213     0(0.00%) |     17       8      42     15 |    4.20        0.00
POST     /setCurrency                 61     0(0.00%) |     29      16      70     27 |    1.30        0.00
--------|-----------------------|-------|-------------|-------|-------|-------|-------|--------|-----------
         Aggregated                  443     0(0.00%) |     20       8      73     18 |    8.70        0.00

Type     Name                     # reqs      # fails |    Avg     Min     Max    Med |   req/s  failures/s
--------|-----------------------|-------|-------------|-------|-------|-------|-------|--------|-----------
GET      /                            12     0(0.00%) |     25      14      73     21 |    0.20        0.00
GET      /cart                        50     0(0.00%) |     17      10      43     15 |    0.90        0.00
POST     /cart [add]                  83     0(0.00%) |     23      10      69     21 |    1.60        0.00
POST     /cart/checkout               31     0(0.00%) |     19      13      27     20 |    0.40        0.00
GET      /product/[id]               223     0(0.00%) |     17       8      42     15 |    4.00        0.00
POST     /setCurrency                 63     0(0.00%) |     29      16      70     27 |    1.00        0.00
--------|-----------------------|-------|-------------|-------|-------|-------|-------|--------|-----------
         Aggregated                  462     0(0.00%) |     20       8      73     18 |    8.10        0.00

Type     Name                     # reqs      # fails |    Avg     Min     Max    Med |   req/s  failures/s
--------|-----------------------|-------|-------------|-------|-------|-------|-------|--------|-----------
GET      /                            12     0(0.00%) |     25      14      73     21 |    0.20        0.00
GET      /cart                        50     0(0.00%) |     17      10      43     15 |    0.90        0.00
POST     /cart [add]                  88     0(0.00%) |     23      10      69     21 |    1.50        0.00
POST     /cart/checkout               33     0(0.00%) |     20      13      37     20 |    0.40        0.00
GET      /product/[id]               236     0(0.00%) |     17       8      54     15 |    4.10        0.00
POST     /setCurrency                 63     0(0.00%) |     29      16      70     27 |    1.00        0.00
--------|-----------------------|-------|-------------|-------|-------|-------|-------|--------|-----------
         Aggregated                  482     0(0.00%) |     20       8      73     18 |    8.10        0.00

Type     Name                     # reqs      # fails |    Avg     Min     Max    Med |   req/s  failures/s
--------|-----------------------|-------|-------------|-------|-------|-------|-------|--------|-----------
GET      /                            12     0(0.00%) |     25      14      73     21 |    0.30        0.00
GET      /cart                        52     0(0.00%) |     17      10      43     15 |    0.60        0.00
POST     /cart [add]                  89     0(0.00%) |     23      10      69     21 |    1.70        0.00
POST     /cart/checkout               33     0(0.00%) |     20      13      37     20 |    0.50        0.00
GET      /product/[id]               242     0(0.00%) |     17       8      54     15 |    4.10        0.00
POST     /setCurrency                 64     0(0.00%) |     29      16      70     27 |    0.90        0.00
--------|-----------------------|-------|-------------|-------|-------|-------|-------|--------|-----------
         Aggregated                  492     0(0.00%) |     20       8      73     18 |    8.10        0.00

Type     Name                     # reqs      # fails |    Avg     Min     Max    Med |   req/s  failures/s
--------|-----------------------|-------|-------------|-------|-------|-------|-------|--------|-----------
GET      /                            12     0(0.00%) |     25      14      73     21 |    0.30        0.00
GET      /cart                        54     0(0.00%) |     17      10      43     15 |    0.60        0.00
POST     /cart [add]                  91     0(0.00%) |     23      10      69     21 |    1.90        0.00
POST     /cart/checkout               34     0(0.00%) |     19      13      37     20 |    0.60        0.00
GET      /product/[id]               251     0(0.00%) |     17       8      54     15 |    4.20        0.00
POST     /setCurrency                 68     0(0.00%) |     28      15      70     27 |    0.70        0.00
--------|-----------------------|-------|-------------|-------|-------|-------|-------|--------|-----------
         Aggregated                  510     0(0.00%) |     20       8      73     18 |    8.30        0.00

Type     Name                     # reqs      # fails |    Avg     Min     Max    Med |   req/s  failures/s
--------|-----------------------|-------|-------------|-------|-------|-------|-------|--------|-----------
GET      /                            13     0(0.00%) |     26      14      73     22 |    0.30        0.00
GET      /cart                        54     0(0.00%) |     17      10      43     15 |    0.80        0.00
POST     /cart [add]                  94     0(0.00%) |     23      10      69     21 |    1.30        0.00
POST     /cart/checkout               35     0(0.00%) |     19      13      37     20 |    0.50        0.00
GET      /product/[id]               261     0(0.00%) |     17       8      54     15 |    4.40        0.00
POST     /setCurrency                 69     0(0.00%) |     28      15      70     27 |    0.50        0.00
--------|-----------------------|-------|-------------|-------|-------|-------|-------|--------|-----------
         Aggregated                  526     0(0.00%) |     20       8      73     18 |    7.80        0.00

Type     Name                     # reqs      # fails |    Avg     Min     Max    Med |   req/s  failures/s
--------|-----------------------|-------|-------------|-------|-------|-------|-------|--------|-----------
GET      /                            13     0(0.00%) |     26      14      73     22 |    0.20        0.00
GET      /cart                        57     0(0.00%) |     17      10      43     15 |    0.70        0.00
POST     /cart [add]                  96     0(0.00%) |     23      10      69     21 |    1.50        0.00
POST     /cart/checkout               36     0(0.00%) |     19      13      37     20 |    0.60        0.00
GET      /product/[id]               267     0(0.00%) |     17       8      54     15 |    4.80        0.00
POST     /setCurrency                 73     0(0.00%) |     28      15      70     26 |    0.80        0.00
--------|-----------------------|-------|-------------|-------|-------|-------|-------|--------|-----------
         Aggregated                  542     0(0.00%) |     20       8      73     18 |    8.60        0.00

Type     Name                     # reqs      # fails |    Avg     Min     Max    Med |   req/s  failures/s
--------|-----------------------|-------|-------------|-------|-------|-------|-------|--------|-----------
GET      /                            13     0(0.00%) |     26      14      73     22 |    0.20        0.00
GET      /cart                        59     0(0.00%) |     17       8      43     15 |    0.60        0.00
POST     /cart [add]                 102     0(0.00%) |     23      10      69     21 |    1.60        0.00
POST     /cart/checkout               39     0(0.00%) |     20      12      37     20 |    0.60        0.00
GET      /product/[id]               278     0(0.00%) |     17       8      54     15 |    4.60        0.00
POST     /setCurrency                 77     0(0.00%) |     27      15      70     26 |    0.80        0.00
--------|-----------------------|-------|-------------|-------|-------|-------|-------|--------|-----------
         Aggregated                  568     0(0.00%) |     20       8      73     18 |    8.40        0.00

Type     Name                     # reqs      # fails |    Avg     Min     Max    Med |   req/s  failures/s
--------|-----------------------|-------|-------------|-------|-------|-------|-------|--------|-----------
GET      /                            14     0(0.00%) |     26      14      73     21 |    0.10        0.00
GET      /cart                        62     0(0.00%) |     17       8      43     15 |    0.80        0.00
POST     /cart [add]                 105     0(0.00%) |     23      10      69     21 |    1.60        0.00
POST     /cart/checkout               42     0(0.00%) |     19      12      37     20 |    0.60        0.00
GET      /product/[id]               285     0(0.00%) |     16       8      54     15 |    4.30        0.00
POST     /setCurrency                 78     0(0.00%) |     27      15      70     26 |    1.30        0.00
--------|-----------------------|-------|-------------|-------|-------|-------|-------|--------|-----------
         Aggregated                  586     0(0.00%) |     20       8      73     18 |    8.70        0.00

Type     Name                     # reqs      # fails |    Avg     Min     Max    Med |   req/s  failures/s
--------|-----------------------|-------|-------------|-------|-------|-------|-------|--------|-----------
GET      /                            14     0(0.00%) |     26      14      73     21 |    0.10        0.00
GET      /cart                        66     0(0.00%) |     16       8      43     15 |    1.00        0.00
POST     /cart [add]                 106     0(0.00%) |     23      10      69     21 |    1.60        0.00
POST     /cart/checkout               42     0(0.00%) |     19      12      37     20 |    0.80        0.00
GET      /product/[id]               295     0(0.00%) |     16       7      54     15 |    3.90        0.00
POST     /setCurrency                 78     0(0.00%) |     27      15      70     26 |    1.30        0.00
--------|-----------------------|-------|-------------|-------|-------|-------|-------|--------|-----------
         Aggregated                  601     0(0.00%) |     19       7      73     18 |    8.70        0.00

Type     Name                     # reqs      # fails |    Avg     Min     Max    Med |   req/s  failures/s
--------|-----------------------|-------|-------------|-------|-------|-------|-------|--------|-----------
GET      /                            15     0(0.00%) |     25      14      73     21 |    0.20        0.00
GET      /cart                        68     0(0.00%) |     16       8      43     15 |    1.20        0.00
POST     /cart [add]                 111     0(0.00%) |     23      10      69     21 |    1.50        0.00
POST     /cart/checkout               45     0(0.00%) |     19      12      37     20 |    0.80        0.00
GET      /product/[id]               299     0(0.00%) |     16       7      54     15 |    4.40        0.00
POST     /setCurrency                 79     0(0.00%) |     27      15      70     26 |    1.00        0.00
--------|-----------------------|-------|-------------|-------|-------|-------|-------|--------|-----------
         Aggregated                  617     0(0.00%) |     19       7      73     18 |    9.10        0.00

Type     Name                     # reqs      # fails |    Avg     Min     Max    Med |   req/s  failures/s
--------|-----------------------|-------|-------------|-------|-------|-------|-------|--------|-----------
GET      /                            15     0(0.00%) |     25      14      73     21 |    0.20        0.00
GET      /cart                        69     0(0.00%) |     16       8      43     15 |    1.30        0.00
POST     /cart [add]                 113     0(0.00%) |     23      10      69     21 |    1.40        0.00
POST     /cart/checkout               46     0(0.00%) |     19      12      37     20 |    0.90        0.00
GET      /product/[id]               311     0(0.00%) |     16       7      54     15 |    3.90        0.00
POST     /setCurrency                 81     0(0.00%) |     27      15      70     26 |    1.10        0.00
--------|-----------------------|-------|-------------|-------|-------|-------|-------|--------|-----------
         Aggregated                  635     0(0.00%) |     19       7      73     17 |    8.80        0.00

Type     Name                     # reqs      # fails |    Avg     Min     Max    Med |   req/s  failures/s
--------|-----------------------|-------|-------------|-------|-------|-------|-------|--------|-----------
GET      /                            15     0(0.00%) |     25      14      73     21 |    0.20        0.00
GET      /cart                        70     0(0.00%) |     16       8      43     15 |    1.20        0.00
POST     /cart [add]                 117     0(0.00%) |     23      10      69     21 |    1.70        0.00
POST     /cart/checkout               47     0(0.00%) |     19      12      37     20 |    1.00        0.00
GET      /product/[id]               317     0(0.00%) |     16       7      54     14 |    4.40        0.00
POST     /setCurrency                 83     0(0.00%) |     27      15      70     26 |    0.80        0.00
--------|-----------------------|-------|-------------|-------|-------|-------|-------|--------|-----------
         Aggregated                  649     0(0.00%) |     19       7      73     17 |    9.30        0.00

Type     Name                     # reqs      # fails |    Avg     Min     Max    Med |   req/s  failures/s
--------|-----------------------|-------|-------------|-------|-------|-------|-------|--------|-----------
GET      /                            17     0(0.00%) |     25      14      73     22 |    0.20        0.00
GET      /cart                        74     0(0.00%) |     17       8      43     15 |    1.10        0.00
POST     /cart [add]                 120     0(0.00%) |     23      10      69     21 |    1.50        0.00
POST     /cart/checkout               47     0(0.00%) |     19      12      37     20 |    0.90        0.00
GET      /product/[id]               325     0(0.00%) |     16       7      54     15 |    4.40        0.00
POST     /setCurrency                 84     0(0.00%) |     27      15      70     25 |    0.60        0.00
--------|-----------------------|-------|-------------|-------|-------|-------|-------|--------|-----------
         Aggregated                  667     0(0.00%) |     19       7      73     17 |    8.70        0.00

Type     Name                     # reqs      # fails |    Avg     Min     Max    Med |   req/s  failures/s
--------|-----------------------|-------|-------------|-------|-------|-------|-------|--------|-----------
GET      /                            17     0(0.00%) |     25      14      73     22 |    0.40        0.00
GET      /cart                        77     0(0.00%) |     17       8      43     15 |    1.10        0.00
POST     /cart [add]                 122     0(0.00%) |     23      10      69     21 |    1.30        0.00
POST     /cart/checkout               49     0(0.00%) |     19      12      37     20 |    0.60        0.00
GET      /product/[id]               335     0(0.00%) |     16       7      54     15 |    4.10        0.00
POST     /setCurrency                 84     0(0.00%) |     27      15      70     25 |    0.70        0.00
--------|-----------------------|-------|-------------|-------|-------|-------|-------|--------|-----------
         Aggregated                  684     0(0.00%) |     19       7      73     17 |    8.20        0.00

Type     Name                     # reqs      # fails |    Avg     Min     Max    Med |   req/s  failures/s
--------|-----------------------|-------|-------------|-------|-------|-------|-------|--------|-----------
GET      /                            17     0(0.00%) |     25      14      73     22 |    0.30        0.00
GET      /cart                        80     0(0.00%) |     17       8      43     15 |    1.00        0.00
POST     /cart [add]                 125     0(0.00%) |     23      10      69     21 |    1.50        0.00
POST     /cart/checkout               49     0(0.00%) |     19      12      37     20 |    0.60        0.00
GET      /product/[id]               344     0(0.00%) |     16       7      54     15 |    4.00        0.00
POST     /setCurrency                 84     0(0.00%) |     27      15      70     25 |    0.60        0.00
--------|-----------------------|-------|-------------|-------|-------|-------|-------|--------|-----------
         Aggregated                  699     0(0.00%) |     19       7      73     18 |    8.00        0.00

Type     Name                     # reqs      # fails |    Avg     Min     Max    Med |   req/s  failures/s
--------|-----------------------|-------|-------------|-------|-------|-------|-------|--------|-----------
GET      /                            18     0(0.00%) |     25      14      73     22 |    0.30        0.00
GET      /cart                        80     0(0.00%) |     17       8      43     15 |    1.20        0.00
POST     /cart [add]                 128     0(0.00%) |     23      10      69     21 |    1.60        0.00
POST     /cart/checkout               49     0(0.00%) |     19      12      37     20 |    0.50        0.00
GET      /product/[id]               352     0(0.00%) |     16       7      54     15 |    4.10        0.00
POST     /setCurrency                 84     0(0.00%) |     27      15      70     25 |    0.50        0.00
--------|-----------------------|-------|-------------|-------|-------|-------|-------|--------|-----------
         Aggregated                  711     0(0.00%) |     19       7      73     18 |    8.20        0.00

Type     Name                     # reqs      # fails |    Avg     Min     Max    Med |   req/s  failures/s
--------|-----------------------|-------|-------------|-------|-------|-------|-------|--------|-----------
GET      /                            18     0(0.00%) |     25      14      73     22 |    0.30        0.00
GET      /cart                        82     0(0.00%) |     17       8      43     15 |    1.10        0.00
POST     /cart [add]                 136     0(0.00%) |     23      10      69     21 |    1.50        0.00
POST     /cart/checkout               52     0(0.00%) |     19      12      37     19 |    0.30        0.00
GET      /product/[id]               361     0(0.00%) |     16       7      54     15 |    4.10        0.00
POST     /setCurrency                 85     0(0.00%) |     27      15      70     25 |    0.30        0.00
--------|-----------------------|-------|-------------|-------|-------|-------|-------|--------|-----------
         Aggregated                  734     0(0.00%) |     19       7      73     18 |    7.60        0.00

Type     Name                     # reqs      # fails |    Avg     Min     Max    Med |   req/s  failures/s
--------|-----------------------|-------|-------------|-------|-------|-------|-------|--------|-----------
GET      /                            19     0(0.00%) |     25      14      73     22 |    0.30        0.00
GET      /cart                        83     0(0.00%) |     17       8      43     15 |    1.20        0.00
POST     /cart [add]                 140     0(0.00%) |     23      10      69     21 |    1.70        0.00
POST     /cart/checkout               54     0(0.00%) |     19      12      37     19 |    0.40        0.00
GET      /product/[id]               369     0(0.00%) |     16       7      54     15 |    4.00        0.00
POST     /setCurrency                 86     0(0.00%) |     27      15      70     25 |    0.20        0.00
--------|-----------------------|-------|-------------|-------|-------|-------|-------|--------|-----------
         Aggregated                  751     0(0.00%) |     19       7      73     18 |    7.80        0.00

Type     Name                     # reqs      # fails |    Avg     Min     Max    Med |   req/s  failures/s
--------|-----------------------|-------|-------------|-------|-------|-------|-------|--------|-----------
GET      /                            19     0(0.00%) |     25      14      73     22 |    0.10        0.00
GET      /cart                        84     0(0.00%) |     17       8      43     15 |    1.00        0.00
POST     /cart [add]                 145     0(0.00%) |     23      10      69     21 |    2.00        0.00
POST     /cart/checkout               56     0(0.00%) |     19      12      37     19 |    0.60        0.00
GET      /product/[id]               378     0(0.00%) |     16       7      54     15 |    4.30        0.00
POST     /setCurrency                 86     0(0.00%) |     27      15      70     25 |    0.20        0.00
--------|-----------------------|-------|-------------|-------|-------|-------|-------|--------|-----------
         Aggregated                  768     0(0.00%) |     19       7      73     18 |    8.20        0.00

Type     Name                     # reqs      # fails |    Avg     Min     Max    Med |   req/s  failures/s
--------|-----------------------|-------|-------------|-------|-------|-------|-------|--------|-----------
GET      /                            20     0(0.00%) |     25      14      73     22 |    0.20        0.00
GET      /cart                        85     0(0.00%) |     17       8      43     15 |    0.90        0.00
POST     /cart [add]                 148     0(0.00%) |     23      10      69     21 |    2.10        0.00
POST     /cart/checkout               57     0(0.00%) |     19      12      37     19 |    0.60        0.00
GET      /product/[id]               384     0(0.00%) |     16       7      55     15 |    4.50        0.00
POST     /setCurrency                 89     0(0.00%) |     27      15      70     26 |    0.20        0.00
--------|-----------------------|-------|-------------|-------|-------|-------|-------|--------|-----------
         Aggregated                  783     0(0.00%) |     19       7      73     18 |    8.50        0.00

Type     Name                     # reqs      # fails |    Avg     Min     Max    Med |   req/s  failures/s
--------|-----------------------|-------|-------------|-------|-------|-------|-------|--------|-----------
GET      /                            20     0(0.00%) |     25      14      73     22 |    0.30        0.00
GET      /cart                        88     0(0.00%) |     17       8      43     15 |    0.50        0.00
POST     /cart [add]                 150     0(0.00%) |     23      10      69     21 |    2.20        0.00
POST     /cart/checkout               57     0(0.00%) |     19      12      37     19 |    0.70        0.00
GET      /product/[id]               398     0(0.00%) |     16       7      55     15 |    4.40        0.00
POST     /setCurrency                 90     0(0.00%) |     27      15      70     25 |    0.30        0.00
--------|-----------------------|-------|-------------|-------|-------|-------|-------|--------|-----------
         Aggregated                  803     0(0.00%) |     19       7      73     18 |    8.40        0.00

Type     Name                     # reqs      # fails |    Avg     Min     Max    Med |   req/s  failures/s
--------|-----------------------|-------|-------------|-------|-------|-------|-------|--------|-----------
GET      /                            20     0(0.00%) |     25      14      73     22 |    0.20        0.00
GET      /cart                        91     0(0.00%) |     18       8      85     15 |    0.60        0.00
POST     /cart [add]                 152     0(0.00%) |     23      10      69     21 |    2.20        0.00
POST     /cart/checkout               58     0(0.00%) |     20      12      92     19 |    0.80        0.00
GET      /product/[id]               406     0(0.00%) |     16       7      55     15 |    4.30        0.00
POST     /setCurrency                 90     0(0.00%) |     27      15      70     25 |    0.60        0.00
--------|-----------------------|-------|-------------|-------|-------|-------|-------|--------|-----------
         Aggregated                  817     0(0.00%) |     19       7      92     18 |    8.70        0.00

Type     Name                     # reqs      # fails |    Avg     Min     Max    Med |   req/s  failures/s
--------|-----------------------|-------|-------------|-------|-------|-------|-------|--------|-----------
GET      /                            21     0(0.00%) |     24      14      73     22 |    0.20        0.00
GET      /cart                        92     0(0.00%) |     17       8      85     15 |    0.90        0.00
POST     /cart [add]                 154     0(0.00%) |     23      10      69     21 |    1.60        0.00
POST     /cart/checkout               58     0(0.00%) |     20      12      92     19 |    0.60        0.00
GET      /product/[id]               416     0(0.00%) |     16       7      55     15 |    4.50        0.00
POST     /setCurrency                 91     0(0.00%) |     27      15      70     25 |    0.60        0.00
--------|-----------------------|-------|-------------|-------|-------|-------|-------|--------|-----------
         Aggregated                  832     0(0.00%) |     19       7      92     18 |    8.40        0.00

Type     Name                     # reqs      # fails |    Avg     Min     Max    Med |   req/s  failures/s
--------|-----------------------|-------|-------------|-------|-------|-------|-------|--------|-----------
GET      /                            21     0(0.00%) |     24      14      73     22 |    0.20        0.00
GET      /cart                        95     0(0.00%) |     19       8     198     16 |    0.90        0.00
POST     /cart [add]                 160     0(0.00%) |     24      10     234     21 |    1.70        0.00
POST     /cart/checkout               58     0(0.00%) |     20      12      92     19 |    0.50        0.00
GET      /product/[id]               424     0(0.00%) |     17       7     123     15 |    4.80        0.00
POST     /setCurrency                 91     0(0.00%) |     27      15      70     25 |    0.40        0.00
--------|-----------------------|-------|-------------|-------|-------|-------|-------|--------|-----------
         Aggregated                  849     0(0.00%) |     20       7     234     18 |    8.50        0.00

Type     Name                     # reqs      # fails |    Avg     Min     Max    Med |   req/s  failures/s
--------|-----------------------|-------|-------------|-------|-------|-------|-------|--------|-----------
GET      /                            22     0(0.00%) |     24      14      73     22 |    0.20        0.00
GET      /cart                        96     0(0.00%) |     20       8     198     16 |    1.10        0.00
POST     /cart [add]                 164     0(0.00%) |     24      10     234     21 |    1.50        0.00
POST     /cart/checkout               61     0(0.00%) |     21      12      92     20 |    0.20        0.00
GET      /product/[id]               432     0(0.00%) |     17       7     123     15 |    4.60        0.00
POST     /setCurrency                 92     0(0.00%) |     27      15      70     25 |    0.50        0.00
--------|-----------------------|-------|-------------|-------|-------|-------|-------|--------|-----------
         Aggregated                  867     0(0.00%) |     20       7     234     18 |    8.10        0.00

Type     Name                     # reqs      # fails |    Avg     Min     Max    Med |   req/s  failures/s
--------|-----------------------|-------|-------------|-------|-------|-------|-------|--------|-----------
GET      /                            22     0(0.00%) |     24      14      73     22 |    0.20        0.00
GET      /cart                        98     0(0.00%) |     20       8     198     16 |    1.10        0.00
POST     /cart [add]                 170     0(0.00%) |     24      10     234     21 |    1.50        0.00
POST     /cart/checkout               63     0(0.00%) |     21      12      92     20 |    0.30        0.00
GET      /product/[id]               439     0(0.00%) |     17       7     123     15 |    4.70        0.00
POST     /setCurrency                 93     0(0.00%) |     27      15      70     25 |    0.30        0.00
--------|-----------------------|-------|-------------|-------|-------|-------|-------|--------|-----------
         Aggregated                  885     0(0.00%) |     20       7     234     18 |    8.10        0.00

Type     Name                     # reqs      # fails |    Avg     Min     Max    Med |   req/s  failures/s
--------|-----------------------|-------|-------------|-------|-------|-------|-------|--------|-----------
GET      /                            23     0(0.00%) |     24      14      73     24 |    0.20        0.00
GET      /cart                        99     0(0.00%) |     19       8     198     16 |    1.00        0.00
POST     /cart [add]                 172     0(0.00%) |     24      10     234     21 |    1.90        0.00
POST     /cart/checkout               65     0(0.00%) |     21      12      92     20 |    0.60        0.00
GET      /product/[id]               447     0(0.00%) |     17       7     123     15 |    4.10        0.00
POST     /setCurrency                 96     0(0.00%) |     27      15      70     25 |    0.30        0.00
--------|-----------------------|-------|-------------|-------|-------|-------|-------|--------|-----------
         Aggregated                  902     0(0.00%) |     20       7     234     18 |    8.10        0.00

Type     Name                     # reqs      # fails |    Avg     Min     Max    Med |   req/s  failures/s
--------|-----------------------|-------|-------------|-------|-------|-------|-------|--------|-----------
GET      /                            24     0(0.00%) |     24      14      73     22 |    0.30        0.00
GET      /cart                       102     0(0.00%) |     19       8     198     16 |    0.80        0.00
POST     /cart [add]                 175     0(0.00%) |     24      10     234     21 |    2.00        0.00
POST     /cart/checkout               65     0(0.00%) |     21      12      92     20 |    0.70        0.00
GET      /product/[id]               452     0(0.00%) |     17       7     123     15 |    4.00        0.00
POST     /setCurrency                 98     0(0.00%) |     27      15      70     25 |    0.60        0.00
--------|-----------------------|-------|-------------|-------|-------|-------|-------|--------|-----------
         Aggregated                  916     0(0.00%) |     20       7     234     18 |    8.40        0.00

Type     Name                     # reqs      # fails |    Avg     Min     Max    Med |   req/s  failures/s
--------|-----------------------|-------|-------------|-------|-------|-------|-------|--------|-----------
GET      /                            24     0(0.00%) |     24      14      73     22 |    0.30        0.00
GET      /cart                       106     0(0.00%) |     19       8     198     16 |    0.80        0.00
POST     /cart [add]                 177     0(0.00%) |     24      10     234     21 |    1.90        0.00
POST     /cart/checkout               66     0(0.00%) |     21      12      92     20 |    0.70        0.00
GET      /product/[id]               456     0(0.00%) |     17       7     123     15 |    3.80        0.00
POST     /setCurrency                 99     0(0.00%) |     27      15      70     26 |    0.70        0.00
--------|-----------------------|-------|-------------|-------|-------|-------|-------|--------|-----------
         Aggregated                  928     0(0.00%) |     20       7     234     18 |    8.20        0.00

Type     Name                     # reqs      # fails |    Avg     Min     Max    Med |   req/s  failures/s
--------|-----------------------|-------|-------------|-------|-------|-------|-------|--------|-----------
GET      /                            25     0(0.00%) |     25      14      73     24 |    0.30        0.00
GET      /cart                       108     0(0.00%) |     19       8     198     16 |    0.90        0.00
POST     /cart [add]                 180     0(0.00%) |     24      10     234     21 |    1.90        0.00
POST     /cart/checkout               67     0(0.00%) |     21      12      92     20 |    0.70        0.00
GET      /product/[id]               464     0(0.00%) |     17       7     123     15 |    3.30        0.00
POST     /setCurrency                100     0(0.00%) |     27      15      70     25 |    0.80        0.00
--------|-----------------------|-------|-------------|-------|-------|-------|-------|--------|-----------
         Aggregated                  944     0(0.00%) |     20       7     234     18 |    7.90        0.00

Type     Name                     # reqs      # fails |    Avg     Min     Max    Med |   req/s  failures/s
--------|-----------------------|-------|-------------|-------|-------|-------|-------|--------|-----------
GET      /                            25     0(0.00%) |     25      14      73     24 |    0.21        0.00
GET      /cart                       109     0(0.00%) |     19       8     198     16 |    0.91        0.00
POST     /cart [add]                 182     0(0.00%) |     24      10     234     21 |    1.52        0.00
POST     /cart/checkout               68     0(0.00%) |     21      12      92     20 |    0.57        0.00
GET      /product/[id]               473     0(0.00%) |     17       7     123     15 |    3.95        0.00
POST     /setCurrency                102     0(0.00%) |     27      15      70     25 |    0.85        0.00
--------|-----------------------|-------|-------------|-------|-------|-------|-------|--------|-----------
         Aggregated                  959     0(0.00%) |     20       7     234     18 |    8.01        0.00

Response time percentiles (approximated)
Type     Name                             50%    66%    75%    80%    90%    95%    98%    99%  99.9% 99.99%   100% # reqs
--------|---------------------------|--------|------|------|------|------|------|------|------|------|------|------|------
GET      /                                 24     25     28     28     37     46     74     74     74     74     74     25
GET      /cart                             16     19     22     23     26     32     44     85    200    200    200    109
POST     /cart [add]                       21     26     29     30     34     39     50     69    230    230    230    182
POST     /cart/checkout                    20     20     22     23     26     33     83     92     92     92     92     68
GET      /product/[id]                     15     18     21     22     26     28     33     47    120    120    120    473
POST     /setCurrency                      25     31     33     35     37     45     60     62     71     71     71    102
--------|---------------------------|--------|------|------|------|------|------|------|------|------|------|------|------
         Aggregated                        18     22     24     26     31     36     47     69    230    230    230    959

