/Users/edias/Library/Python/3.9/lib/python/site-packages/urllib3/__init__.py:35: NotOpenSSLWarning: urllib3 v2 only supports OpenSSL 1.1.1+, currently the 'ssl' module is compiled with 'LibreSSL 2.8.3'. See: https://github.com/urllib3/urllib3/issues/3020
  warnings.warn(
[2026-04-19 17:04:01,532] Mac/WARNING/locust.main: Python 3.9 support is deprecated and will be removed soon
Type     Name                     # reqs      # fails |    Avg     Min     Max    Med |   req/s  failures/s
--------|-----------------------|-------|-------------|-------|-------|-------|-------|--------|-----------
--------|-----------------------|-------|-------------|-------|-------|-------|-------|--------|-----------
         Aggregated                    0     0(0.00%) |      0       0       0      0 |    0.00        0.00

Type     Name                     # reqs      # fails |    Avg     Min     Max    Med |   req/s  failures/s
--------|-----------------------|-------|-------------|-------|-------|-------|-------|--------|-----------
GET      /cart                         1     0(0.00%) |     18      18      18     18 |    0.00        0.00
POST     /cart [add]                   1     0(0.00%) |     15      15      15     15 |    0.00        0.00
POST     /cart/checkout                1     0(0.00%) |     17      17      17     17 |    0.00        0.00
GET      /product/[id]                 2     0(0.00%) |     19      15      23     15 |    0.00        0.00
--------|-----------------------|-------|-------------|-------|-------|-------|-------|--------|-----------
         Aggregated                    5     0(0.00%) |     17      15      23     17 |    0.00        0.00

Type     Name                     # reqs      # fails |    Avg     Min     Max    Med |   req/s  failures/s
--------|-----------------------|-------|-------------|-------|-------|-------|-------|--------|-----------
GET      /                             1     0(0.00%) |     23      23      23     23 |    0.00        0.00
GET      /cart                         1     0(0.00%) |     18      18      18     18 |    0.50        0.00
POST     /cart [add]                   2     0(0.00%) |     18      15      21     15 |    0.50        0.00
POST     /cart/checkout                1     0(0.00%) |     17      17      17     17 |    0.50        0.00
GET      /product/[id]                 6     0(0.00%) |     15      10      23     14 |    1.00        0.00
POST     /setCurrency                  2     0(0.00%) |     34      32      36     33 |    0.00        0.00
--------|-----------------------|-------|-------------|-------|-------|-------|-------|--------|-----------
         Aggregated                   13     0(0.00%) |     19      10      36     17 |    2.50        0.00

Type     Name                     # reqs      # fails |    Avg     Min     Max    Med |   req/s  failures/s
--------|-----------------------|-------|-------------|-------|-------|-------|-------|--------|-----------
GET      /                             1     0(0.00%) |     23      23      23     23 |    0.25        0.00
GET      /cart                         2     0(0.00%) |     16      14      18     14 |    0.25        0.00
POST     /cart [add]                   3     0(0.00%) |     18      15      21     18 |    0.50        0.00
POST     /cart/checkout                2     0(0.00%) |     17      17      17     17 |    0.25        0.00
GET      /product/[id]                11     0(0.00%) |     17      10      28     15 |    1.50        0.00
POST     /setCurrency                  3     0(0.00%) |     32      28      36     33 |    0.25        0.00
--------|-----------------------|-------|-------------|-------|-------|-------|-------|--------|-----------
         Aggregated                   22     0(0.00%) |     20      10      36     18 |    3.00        0.00

Type     Name                     # reqs      # fails |    Avg     Min     Max    Med |   req/s  failures/s
--------|-----------------------|-------|-------------|-------|-------|-------|-------|--------|-----------
GET      /                             1     0(0.00%) |     23      23      23     23 |    0.17        0.00
GET      /cart                         4     0(0.00%) |     15      10      20     14 |    0.33        0.00
POST     /cart [add]                   5     0(0.00%) |     23      15      32     21 |    0.50        0.00
POST     /cart/checkout                2     0(0.00%) |     17      17      17     17 |    0.33        0.00
GET      /product/[id]                16     0(0.00%) |     19      10      28     15 |    1.67        0.00
POST     /setCurrency                  5     0(0.00%) |     30      17      36     33 |    0.50        0.00
--------|-----------------------|-------|-------------|-------|-------|-------|-------|--------|-----------
         Aggregated                   33     0(0.00%) |     21      10      36     20 |    3.50        0.00

Type     Name                     # reqs      # fails |    Avg     Min     Max    Med |   req/s  failures/s
--------|-----------------------|-------|-------------|-------|-------|-------|-------|--------|-----------
GET      /                             1     0(0.00%) |     23      23      23     23 |    0.12        0.00
GET      /cart                         6     0(0.00%) |     16      10      22     14 |    0.50        0.00
POST     /cart [add]                   8     0(0.00%) |     25      15      32     26 |    0.62        0.00
POST     /cart/checkout                4     0(0.00%) |     18      17      21     18 |    0.25        0.00
GET      /product/[id]                22     0(0.00%) |     19      10      28     19 |    2.00        0.00
POST     /setCurrency                  6     0(0.00%) |     30      17      36     33 |    0.50        0.00
--------|-----------------------|-------|-------------|-------|-------|-------|-------|--------|-----------
         Aggregated                   47     0(0.00%) |     21      10      36     21 |    4.00        0.00

Type     Name                     # reqs      # fails |    Avg     Min     Max    Med |   req/s  failures/s
--------|-----------------------|-------|-------------|-------|-------|-------|-------|--------|-----------
GET      /                             2     0(0.00%) |     19      16      23     16 |    0.10        0.00
GET      /cart                         9     0(0.00%) |     14       9      22     14 |    0.60        0.00
POST     /cart [add]                  11     0(0.00%) |     22      11      32     21 |    0.80        0.00
POST     /cart/checkout                4     0(0.00%) |     18      17      21     18 |    0.40        0.00
GET      /product/[id]                33     0(0.00%) |     18      10      28     18 |    2.10        0.00
POST     /setCurrency                  9     0(0.00%) |     29      17      36     33 |    0.60        0.00
--------|-----------------------|-------|-------------|-------|-------|-------|-------|--------|-----------
         Aggregated                   68     0(0.00%) |     20       9      36     18 |    4.60        0.00

Type     Name                     # reqs      # fails |    Avg     Min     Max    Med |   req/s  failures/s
--------|-----------------------|-------|-------------|-------|-------|-------|-------|--------|-----------
GET      /                             4     0(0.00%) |     19      16      23     16 |    0.10        0.00
GET      /cart                        10     0(0.00%) |     14       9      22     14 |    0.70        0.00
POST     /cart [add]                  12     0(0.00%) |     23      11      32     21 |    0.90        0.00
POST     /cart/checkout                5     0(0.00%) |     19      17      21     18 |    0.30        0.00
GET      /product/[id]                39     0(0.00%) |     18       9      28     16 |    2.90        0.00
POST     /setCurrency                 14     0(0.00%) |     26      15      36     23 |    0.80        0.00
--------|-----------------------|-------|-------------|-------|-------|-------|-------|--------|-----------
         Aggregated                   84     0(0.00%) |     19       9      36     18 |    5.70        0.00

Type     Name                     # reqs      # fails |    Avg     Min     Max    Med |   req/s  failures/s
--------|-----------------------|-------|-------------|-------|-------|-------|-------|--------|-----------
GET      /                             4     0(0.00%) |     19      16      23     16 |    0.30        0.00
GET      /cart                        13     0(0.00%) |     14       9      22     13 |    0.90        0.00
POST     /cart [add]                  17     0(0.00%) |     23      11      32     26 |    0.90        0.00
POST     /cart/checkout                8     0(0.00%) |     18      14      21     18 |    0.30        0.00
GET      /product/[id]                47     0(0.00%) |     17       8      28     16 |    3.30        0.00
POST     /setCurrency                 14     0(0.00%) |     26      15      36     23 |    1.10        0.00
--------|-----------------------|-------|-------------|-------|-------|-------|-------|--------|-----------
         Aggregated                  103     0(0.00%) |     19       8      36     18 |    6.80        0.00

Type     Name                     # reqs      # fails |    Avg     Min     Max    Med |   req/s  failures/s
--------|-----------------------|-------|-------------|-------|-------|-------|-------|--------|-----------
GET      /                             4     0(0.00%) |     19      16      23     16 |    0.30        0.00
GET      /cart                        15     0(0.00%) |     14       9      22     14 |    1.10        0.00
POST     /cart [add]                  19     0(0.00%) |     22      11      32     21 |    1.10        0.00
POST     /cart/checkout                9     0(0.00%) |     18      14      21     18 |    0.50        0.00
GET      /product/[id]                57     0(0.00%) |     17       8      29     16 |    3.50        0.00
POST     /setCurrency                 18     0(0.00%) |     26      15      40     22 |    1.10        0.00
--------|-----------------------|-------|-------------|-------|-------|-------|-------|--------|-----------
         Aggregated                  122     0(0.00%) |     19       8      40     18 |    7.60        0.00

Type     Name                     # reqs      # fails |    Avg     Min     Max    Med |   req/s  failures/s
--------|-----------------------|-------|-------------|-------|-------|-------|-------|--------|-----------
GET      /                             5     0(0.00%) |     22      16      36     20 |    0.30        0.00
GET      /cart                        16     0(0.00%) |     14       9      22     14 |    1.00        0.00
POST     /cart [add]                  19     0(0.00%) |     22      11      32     21 |    1.30        0.00
POST     /cart/checkout                9     0(0.00%) |     18      14      21     18 |    0.70        0.00
GET      /product/[id]                70     0(0.00%) |     18       8      39     16 |    3.90        0.00
POST     /setCurrency                 20     0(0.00%) |     26      15      40     22 |    1.30        0.00
--------|-----------------------|-------|-------------|-------|-------|-------|-------|--------|-----------
         Aggregated                  139     0(0.00%) |     19       8      40     18 |    8.50        0.00

Type     Name                     # reqs      # fails |    Avg     Min     Max    Med |   req/s  failures/s
--------|-----------------------|-------|-------------|-------|-------|-------|-------|--------|-----------
GET      /                             5     0(0.00%) |     22      16      36     20 |    0.40        0.00
GET      /cart                        19     0(0.00%) |     14       9      22     14 |    1.00        0.00
POST     /cart [add]                  25     0(0.00%) |     22      11      34     21 |    1.10        0.00
POST     /cart/checkout               11     0(0.00%) |     18      14      22     18 |    0.50        0.00
GET      /product/[id]                75     0(0.00%) |     18       8      39     16 |    4.50        0.00
POST     /setCurrency                 21     0(0.00%) |     26      15      40     23 |    1.40        0.00
--------|-----------------------|-------|-------------|-------|-------|-------|-------|--------|-----------
         Aggregated                  156     0(0.00%) |     19       8      40     19 |    8.90        0.00

Type     Name                     # reqs      # fails |    Avg     Min     Max    Med |   req/s  failures/s
--------|-----------------------|-------|-------------|-------|-------|-------|-------|--------|-----------
GET      /                             5     0(0.00%) |     22      16      36     20 |    0.40        0.00
GET      /cart                        21     0(0.00%) |     14       9      26     14 |    1.10        0.00
POST     /cart [add]                  27     0(0.00%) |     22      11      34     21 |    1.40        0.00
POST     /cart/checkout               11     0(0.00%) |     18      14      22     18 |    0.70        0.00
GET      /product/[id]                81     0(0.00%) |     18       8      39     17 |    4.00        0.00
POST     /setCurrency                 21     0(0.00%) |     26      15      40     23 |    1.30        0.00
--------|-----------------------|-------|-------------|-------|-------|-------|-------|--------|-----------
         Aggregated                  166     0(0.00%) |     19       8      40     19 |    8.90        0.00

Type     Name                     # reqs      # fails |    Avg     Min     Max    Med |   req/s  failures/s
--------|-----------------------|-------|-------------|-------|-------|-------|-------|--------|-----------
GET      /                             6     0(0.00%) |     28      16      60     20 |    0.10        0.00
GET      /cart                        22     0(0.00%) |     15       9      26     14 |    1.00        0.00
POST     /cart [add]                  32     0(0.00%) |     22      11      34     21 |    1.40        0.00
POST     /cart/checkout               12     0(0.00%) |     24      14      85     18 |    0.70        0.00
GET      /product/[id]                92     0(0.00%) |     18       8      39     16 |    4.10        0.00
POST     /setCurrency                 25     0(0.00%) |     25      15      40     23 |    0.90        0.00
--------|-----------------------|-------|-------------|-------|-------|-------|-------|--------|-----------
         Aggregated                  189     0(0.00%) |     20       8      85     19 |    8.20        0.00

Type     Name                     # reqs      # fails |    Avg     Min     Max    Med |   req/s  failures/s
--------|-----------------------|-------|-------------|-------|-------|-------|-------|--------|-----------
GET      /                             6     0(0.00%) |     28      16      60     20 |    0.20        0.00
GET      /cart                        23     0(0.00%) |     15       9      26     14 |    0.80        0.00
POST     /cart [add]                  33     0(0.00%) |     22      11      34     21 |    1.70        0.00
POST     /cart/checkout               13     0(0.00%) |     23      14      85     19 |    0.50        0.00
GET      /product/[id]               100     0(0.00%) |     17       8      39     16 |    4.60        0.00
POST     /setCurrency                 27     0(0.00%) |     25      15      40     23 |    0.80        0.00
--------|-----------------------|-------|-------------|-------|-------|-------|-------|--------|-----------
         Aggregated                  202     0(0.00%) |     20       8      85     19 |    8.60        0.00

Type     Name                     # reqs      # fails |    Avg     Min     Max    Med |   req/s  failures/s
--------|-----------------------|-------|-------------|-------|-------|-------|-------|--------|-----------
GET      /                             6     0(0.00%) |     28      16      60     20 |    0.20        0.00
GET      /cart                        26     0(0.00%) |     16       9      26     14 |    0.87        0.00
POST     /cart [add]                  35     0(0.00%) |     22      11      34     21 |    1.17        0.00
POST     /cart/checkout               14     0(0.00%) |     23      14      85     19 |    0.47        0.00
GET      /product/[id]               105     0(0.00%) |     17       8      39     16 |    3.52        0.00
POST     /setCurrency                 28     0(0.00%) |     26      15      65     23 |    0.94        0.00
--------|-----------------------|-------|-------------|-------|-------|-------|-------|--------|-----------
         Aggregated                  214     0(0.00%) |     20       8      85     19 |    7.18        0.00

Response time percentiles (approximated)
Type     Name                             50%    66%    75%    80%    90%    95%    98%    99%  99.9% 99.99%   100% # reqs
--------|---------------------------|--------|------|------|------|------|------|------|------|------|------|------|------
GET      /                                 24     24     37     37     60     60     60     60     60     60     60      6
GET      /cart                             14     18     20     20     25     25     26     26     26     26     26     26
POST     /cart [add]                       21     26     29     30     32     33     34     34     34     34     34     35
POST     /cart/checkout                    19     22     22     22     22     86     86     86     86     86     86     14
GET      /product/[id]                     16     21     23     24     26     28     29     34     39     39     39    105
POST     /setCurrency                      23     27     33     34     37     41     66     66     66     66     66     28
--------|---------------------------|--------|------|------|------|------|------|------|------|------|------|------|------
         Aggregated                        19     22     24     25     29     34     39     60     86     86     86    214

