/Users/edias/Library/Python/3.9/lib/python/site-packages/urllib3/__init__.py:35: NotOpenSSLWarning: urllib3 v2 only supports OpenSSL 1.1.1+, currently the 'ssl' module is compiled with 'LibreSSL 2.8.3'. See: https://github.com/urllib3/urllib3/issues/3020
  warnings.warn(
[2026-05-20 19:54:03,292] Mac/WARNING/locust.main: Python 3.9 support is deprecated and will be removed soon
Type     Name                                                                          # reqs      # fails |    Avg     Min     Max    Med |   req/s  failures/s
--------|----------------------------------------------------------------------------|-------|-------------|-------|-------|-------|-------|--------|-----------
--------|----------------------------------------------------------------------------|-------|-------------|-------|-------|-------|-------|--------|-----------
         Aggregated                                                                         0     0(0.00%) |      0       0       0      0 |    0.00        0.00

Type     Name                                                                          # reqs      # fails |    Avg     Min     Max    Med |   req/s  failures/s
--------|----------------------------------------------------------------------------|-------|-------------|-------|-------|-------|-------|--------|-----------
GET      /                                                                                  2     0(0.00%) |    276      16     536     17 |    0.00        0.00
GET      /cart                                                                              4     0(0.00%) |     10       6      14      7 |    0.00        0.00
POST     /cart [add]                                                                        3     0(0.00%) |     12       8      17     11 |    0.00        0.00
POST     /cart/checkout                                                                     2     0(0.00%) |     12      12      12     12 |    0.00        0.00
GET      /product/[id]                                                                      4     0(0.00%) |    195      12     737     14 |    0.00        0.00
POST     /setCurrency                                                                       4     0(0.00%) |     17      14      20     15 |    0.00        0.00
--------|----------------------------------------------------------------------------|-------|-------------|-------|-------|-------|-------|--------|-----------
         Aggregated                                                                        19     0(0.00%) |     79       6     737     14 |    0.00        0.00

Type     Name                                                                          # reqs      # fails |    Avg     Min     Max    Med |   req/s  failures/s
--------|----------------------------------------------------------------------------|-------|-------------|-------|-------|-------|-------|--------|-----------
GET      /                                                                                  2     0(0.00%) |    276      16     536     17 |    1.00        0.00
GET      /cart                                                                              7     0(0.00%) |      9       5      14      7 |    2.00        0.00
POST     /cart [add]                                                                       12     0(0.00%) |    125       7     696     15 |    0.50        0.00
POST     /cart/checkout                                                                     6     0(0.00%) |     11       9      12     12 |    0.50        0.00
GET      /product/[id]                                                                     29     0(0.00%) |    105       5     737     14 |    2.00        0.00
POST     /setCurrency                                                                       5     0(0.00%) |     45      14     159     20 |    2.00        0.00
--------|----------------------------------------------------------------------------|-------|-------------|-------|-------|-------|-------|--------|-----------
         Aggregated                                                                        61     0(0.00%) |     89       5     737     13 |    8.00        0.00

Type     Name                                                                          # reqs      # fails |    Avg     Min     Max    Med |   req/s  failures/s
--------|----------------------------------------------------------------------------|-------|-------------|-------|-------|-------|-------|--------|-----------
GET      /                                                                                  4     0(0.00%) |    142       8     536      9 |    0.50        0.00
GET      /cart                                                                             16     0(0.00%) |      7       5      14      7 |    1.75        0.00
POST     /cart [add]                                                                       28     0(0.00%) |     62       6     696     10 |    2.50        0.00
POST     /cart/checkout                                                                    12     0(0.00%) |     11       9      12     11 |    1.50        0.00
GET      /product/[id]                                                                     76     0(0.00%) |     47       4     737      8 |    6.25        0.00
POST     /setCurrency                                                                      10     0(0.00%) |     28       9     159     14 |    1.00        0.00
--------|----------------------------------------------------------------------------|-------|-------------|-------|-------|-------|-------|--------|-----------
         Aggregated                                                                       146     0(0.00%) |     44       4     737      9 |   13.50        0.00

Type     Name                                                                          # reqs      # fails |    Avg     Min     Max    Med |   req/s  failures/s
--------|----------------------------------------------------------------------------|-------|-------------|-------|-------|-------|-------|--------|-----------
GET      /                                                                                  5     0(0.00%) |    116       8     536      9 |    0.67        0.00
GET      /cart                                                                             31     0(0.00%) |      7       5      14      7 |    2.50        0.00
POST     /cart [add]                                                                       58     0(0.00%) |     35       6     696      9 |    3.83        0.00
POST     /cart/checkout                                                                    22     0(0.00%) |     13       8      48     10 |    1.67        0.00
GET      /product/[id]                                                                    129     0(0.00%) |     30       4     737      7 |   12.17        0.00
POST     /setCurrency                                                                      19     0(0.00%) |     20       9     159     12 |    1.33        0.00
--------|----------------------------------------------------------------------------|-------|-------------|-------|-------|-------|-------|--------|-----------
         Aggregated                                                                       264     0(0.00%) |     28       4     737      8 |   22.17        0.00

Type     Name                                                                          # reqs      # fails |    Avg     Min     Max    Med |   req/s  failures/s
--------|----------------------------------------------------------------------------|-------|-------------|-------|-------|-------|-------|--------|-----------
GET      /                                                                                  7     0(0.00%) |     85       8     536      9 |    0.62        0.00
GET      /cart                                                                             50     0(0.00%) |      6       4      14      7 |    3.62        0.00
POST     /cart [add]                                                                       88     0(0.00%) |     26       6     696      9 |    6.75        0.00
POST     /cart/checkout                                                                    36     0(0.00%) |     11       8      48     10 |    2.62        0.00
GET      /product/[id]                                                                    202     0(0.00%) |     21       4     737      7 |   15.25        0.00
POST     /setCurrency                                                                      26     0(0.00%) |     17       8     159     10 |    2.00        0.00
--------|----------------------------------------------------------------------------|-------|-------------|-------|-------|-------|-------|--------|-----------
         Aggregated                                                                       409     0(0.00%) |     20       4     737      8 |   30.88        0.00

Type     Name                                                                          # reqs      # fails |    Avg     Min     Max    Med |   req/s  failures/s
--------|----------------------------------------------------------------------------|-------|-------------|-------|-------|-------|-------|--------|-----------
GET      /                                                                                 12     0(0.00%) |     54       8     536      9 |    0.60        0.00
GET      /cart                                                                             73     0(0.00%) |      6       4      14      7 |    4.80        0.00
POST     /cart [add]                                                                      115     0(0.00%) |     22       6     696      9 |    8.60        0.00
POST     /cart/checkout                                                                    44     0(0.00%) |     11       8      48     10 |    3.40        0.00
GET      /product/[id]                                                                    299     0(0.00%) |     17       4     737      7 |   19.00        0.00
POST     /setCurrency                                                                      39     0(0.00%) |     15       8     159     10 |    2.20        0.00
--------|----------------------------------------------------------------------------|-------|-------------|-------|-------|-------|-------|--------|-----------
         Aggregated                                                                       582     0(0.00%) |     17       4     737      8 |   38.60        0.00

Type     Name                                                                          # reqs      # fails |    Avg     Min     Max    Med |   req/s  failures/s
--------|----------------------------------------------------------------------------|-------|-------------|-------|-------|-------|-------|--------|-----------
GET      /                                                                                 19     0(0.00%) |     40       8     536     10 |    1.00        0.00
GET      /cart                                                                             98     0(0.00%) |      8       4      39      7 |    6.40        0.00
POST     /cart [add]                                                                      146     0(0.00%) |     21       6     696      9 |   10.90        0.00
POST     /cart/checkout                                                                    55     0(0.00%) |     12       8      48     10 |    4.20        0.00
GET      /product/[id]                                                                    405     0(0.00%) |     15       4     737      6 |   28.00        0.00
POST     /setCurrency                                                                      61     0(0.00%) |     15       8     159     11 |    3.40        0.00
--------|----------------------------------------------------------------------------|-------|-------------|-------|-------|-------|-------|--------|-----------
         Aggregated                                                                       784     0(0.00%) |     15       4     737      8 |   53.90        0.00

Type     Name                                                                          # reqs      # fails |    Avg     Min     Max    Med |   req/s  failures/s
--------|----------------------------------------------------------------------------|-------|-------------|-------|-------|-------|-------|--------|-----------
GET      /                                                                                 32     0(0.00%) |     33       7     536     10 |    1.60        0.00
GET      /cart                                                                            124     0(0.00%) |     10       4      87      7 |    8.40        0.00
POST     /cart [add]                                                                      178     0(0.00%) |     22       6     696     10 |   13.30        0.00
POST     /cart/checkout                                                                    63     0(0.00%) |     13       8      81     10 |    4.70        0.00
GET      /product/[id]                                                                    521     0(0.00%) |     16       4     737      7 |   36.20        0.00
POST     /setCurrency                                                                      83     0(0.00%) |     17       8     159     11 |    5.50        0.00
--------|----------------------------------------------------------------------------|-------|-------------|-------|-------|-------|-------|--------|-----------
         Aggregated                                                                      1001     0(0.00%) |     17       4     737      8 |   69.70        0.00

Type     Name                                                                          # reqs      # fails |    Avg     Min     Max    Med |   req/s  failures/s
--------|----------------------------------------------------------------------------|-------|-------------|-------|-------|-------|-------|--------|-----------
GET      /                                                                                 37     0(0.00%) |     34       7     536     11 |    2.50        0.00
GET      /cart                                                                            151     0(0.00%) |     12       4      87      7 |   10.70        0.00
POST     /cart [add]                                                                      216     0(0.00%) |     25       6     696     10 |   15.00        0.00
POST     /cart/checkout                                                                    79     0(0.00%) |     18       8      97     10 |    5.10        0.00
GET      /product/[id]                                                                    652     0(0.00%) |     19       4     737      7 |   43.10        0.00
POST     /setCurrency                                                                     100     0(0.00%) |     20       8     159     12 |    7.00        0.00
--------|----------------------------------------------------------------------------|-------|-------------|-------|-------|-------|-------|--------|-----------
         Aggregated                                                                      1235     0(0.00%) |     19       4     737      9 |   83.40        0.00

Type     Name                                                                          # reqs      # fails |    Avg     Min     Max    Med |   req/s  failures/s
--------|----------------------------------------------------------------------------|-------|-------------|-------|-------|-------|-------|--------|-----------
GET      /                                                                                 43     0(0.00%) |     34       7     536     11 |    3.00        0.00
GET      /cart                                                                            179     0(0.00%) |     17       4     117      7 |   11.90        0.00
POST     /cart [add]                                                                      257     0(0.00%) |     33       6     696     11 |   15.80        0.00
POST     /cart/checkout                                                                    98     0(0.00%) |     32       8     188     12 |    5.80        0.00
GET      /product/[id]                                                                    779     0(0.00%) |     25       4     737      8 |   51.20        0.00
POST     /setCurrency                                                                     119     0(0.00%) |     27       8     159     13 |    8.20        0.00
--------|----------------------------------------------------------------------------|-------|-------------|-------|-------|-------|-------|--------|-----------
         Aggregated                                                                      1475     0(0.00%) |     26       4     737     10 |   95.90        0.00

Type     Name                                                                          # reqs      # fails |    Avg     Min     Max    Med |   req/s  failures/s
--------|----------------------------------------------------------------------------|-------|-------------|-------|-------|-------|-------|--------|-----------
GET      /                                                                                 48     0(0.00%) |     39       7     536     11 |    3.60        0.00
GET      /cart                                                                            211     0(0.00%) |     23       4     169      8 |   12.60        0.00
POST     /cart [add]                                                                      306     0(0.00%) |     43       6     696     13 |   16.60        0.00
POST     /cart/checkout                                                                   114     0(0.00%) |     39       8     188     12 |    5.90        0.00
GET      /product/[id]                                                                    898     0(0.00%) |     30       4     737      9 |   56.50        0.00
POST     /setCurrency                                                                     146     0(0.00%) |     36       8     182     16 |    9.30        0.00
--------|----------------------------------------------------------------------------|-------|-------------|-------|-------|-------|-------|--------|-----------
         Aggregated                                                                      1723     0(0.00%) |     33       4     737     11 |  104.50        0.00

Type     Name                                                                          # reqs      # fails |    Avg     Min     Max    Med |   req/s  failures/s
--------|----------------------------------------------------------------------------|-------|-------------|-------|-------|-------|-------|--------|-----------
GET      /                                                                                 53     0(0.00%) |     41       7     536     17 |    3.60        0.00
GET      /cart                                                                            254     0(0.00%) |     30       4     169     14 |   14.00        0.00
POST     /cart [add]                                                                      346     0(0.00%) |     49       6     696     19 |   19.10        0.00
POST     /cart/checkout                                                                   134     0(0.00%) |     49       8     193     14 |    7.00        0.00
GET      /product/[id]                                                                   1025     0(0.00%) |     36       4     737     13 |   59.10        0.00
POST     /setCurrency                                                                     173     0(0.00%) |     43       8     182     20 |   10.20        0.00
--------|----------------------------------------------------------------------------|-------|-------------|-------|-------|-------|-------|--------|-----------
         Aggregated                                                                      1985     0(0.00%) |     39       4     737     14 |  113.00        0.00

Type     Name                                                                          # reqs      # fails |    Avg     Min     Max    Med |   req/s  failures/s
--------|----------------------------------------------------------------------------|-------|-------------|-------|-------|-------|-------|--------|-----------
GET      /                                                                                 60     0(0.00%) |     43       7     536     17 |    3.40        0.00
GET      /cart                                                                            295     0(0.00%) |     39       4     247     21 |   15.70        0.00
POST     /cart [add]                                                                      394     0(0.00%) |     59       6     696     29 |   19.80        0.00
POST     /cart/checkout                                                                   151     0(0.00%) |     55       8     194     39 |    7.70        0.00
GET      /product/[id]                                                                   1144     0(0.00%) |     42       4     737     18 |   62.10        0.00
POST     /setCurrency                                                                     197     0(0.00%) |     51       8     369     24 |   10.90        0.00
--------|----------------------------------------------------------------------------|-------|-------------|-------|-------|-------|-------|--------|-----------
         Aggregated                                                                      2241     0(0.00%) |     46       4     737     21 |  119.60        0.00

Type     Name                                                                          # reqs      # fails |    Avg     Min     Max    Med |   req/s  failures/s
--------|----------------------------------------------------------------------------|-------|-------------|-------|-------|-------|-------|--------|-----------
GET      /                                                                                 70     0(0.00%) |     47       7     536     21 |    3.10        0.00
GET      /cart                                                                            340     0(0.00%) |     44       4     247     26 |   17.00        0.00
POST     /cart [add]                                                                      427     0(0.00%) |     63       6     696     36 |   21.00        0.00
POST     /cart/checkout                                                                   172     0(0.00%) |     64       8     412     79 |    9.00        0.00
GET      /product/[id]                                                                   1293     0(0.00%) |     48       4     737     27 |   63.50        0.00
POST     /setCurrency                                                                     217     0(0.00%) |     54       8     369     31 |   11.30        0.00
--------|----------------------------------------------------------------------------|-------|-------------|-------|-------|-------|-------|--------|-----------
         Aggregated                                                                      2519     0(0.00%) |     51       4     737     30 |  124.90        0.00

Type     Name                                                                          # reqs      # fails |    Avg     Min     Max    Med |   req/s  failures/s
--------|----------------------------------------------------------------------------|-------|-------------|-------|-------|-------|-------|--------|-----------
GET      /                                                                                 79     0(0.00%) |     51       7     536     27 |    3.50        0.00
GET      /cart                                                                            376     0(0.00%) |     47       4     247     33 |   18.90        0.00
POST     /cart [add]                                                                      474     0(0.00%) |     67       6     696     43 |   21.10        0.00
POST     /cart/checkout                                                                   185     0(0.00%) |     66       8     412     82 |    9.00        0.00
GET      /product/[id]                                                                   1419     0(0.00%) |     51       4     737     34 |   63.00        0.00
POST     /setCurrency                                                                     257     0(0.00%) |     62       8     369     46 |   11.60        0.00
--------|----------------------------------------------------------------------------|-------|-------------|-------|-------|-------|-------|--------|-----------
         Aggregated                                                                      2790     0(0.00%) |     55       4     737     38 |  127.10        0.00

Type     Name                                                                          # reqs      # fails |    Avg     Min     Max    Med |   req/s  failures/s
--------|----------------------------------------------------------------------------|-------|-------------|-------|-------|-------|-------|--------|-----------
GET      /                                                                                 88     0(0.00%) |     63       7     536     33 |    3.60        0.00
GET      /cart                                                                            404     0(0.00%) |     53       4     327     39 |   19.60        0.00
POST     /cart [add]                                                                      525     0(0.00%) |     75       6     696     59 |   21.60        0.00
POST     /cart/checkout                                                                   204     0(0.00%) |     70       8     412     83 |    9.20        0.00
GET      /product/[id]                                                                   1536     0(0.00%) |     55       4     737     40 |   64.50        0.00
POST     /setCurrency                                                                     279     0(0.00%) |     69       8     369     51 |   13.30        0.00
--------|----------------------------------------------------------------------------|-------|-------------|-------|-------|-------|-------|--------|-----------
         Aggregated                                                                      3036     0(0.00%) |     61       4     737     44 |  131.80        0.00

Type     Name                                                                          # reqs      # fails |    Avg     Min     Max    Med |   req/s  failures/s
--------|----------------------------------------------------------------------------|-------|-------------|-------|-------|-------|-------|--------|-----------
GET      /                                                                                 91     0(0.00%) |     64       7     536     35 |    3.90        0.00
GET      /cart                                                                            431     0(0.00%) |     56       4     327     43 |   19.00        0.00
POST     /cart [add]                                                                      574     0(0.00%) |     79       6     696     69 |   21.40        0.00
POST     /cart/checkout                                                                   224     0(0.00%) |     73       8     412     87 |    9.00        0.00
GET      /product/[id]                                                                   1672     0(0.00%) |     60       4     737     47 |   64.70        0.00
POST     /setCurrency                                                                     299     0(0.00%) |     70       8     369     53 |   13.80        0.00
--------|----------------------------------------------------------------------------|-------|-------------|-------|-------|-------|-------|--------|-----------
         Aggregated                                                                      3291     0(0.00%) |     65       4     737     51 |  131.80        0.00

Type     Name                                                                          # reqs      # fails |    Avg     Min     Max    Med |   req/s  failures/s
--------|----------------------------------------------------------------------------|-------|-------------|-------|-------|-------|-------|--------|-----------
GET      /                                                                                 96     0(0.00%) |     66       7     536     35 |    3.80        0.00
GET      /cart                                                                            465     0(0.00%) |     58       4     327     46 |   17.90        0.00
POST     /cart [add]                                                                      627     0(0.00%) |     83       6     696     73 |   22.40        0.00
POST     /cart/checkout                                                                   250     0(0.00%) |     80       8     412     89 |    9.20        0.00
GET      /product/[id]                                                                   1809     0(0.00%) |     63       4     737     51 |   65.10        0.00
POST     /setCurrency                                                                     315     0(0.00%) |     69       8     369     52 |   12.80        0.00
--------|----------------------------------------------------------------------------|-------|-------------|-------|-------|-------|-------|--------|-----------
         Aggregated                                                                      3562     0(0.00%) |     68       4     737     56 |  131.20        0.00

Type     Name                                                                          # reqs      # fails |    Avg     Min     Max    Med |   req/s  failures/s
--------|----------------------------------------------------------------------------|-------|-------------|-------|-------|-------|-------|--------|-----------
GET      /                                                                                102     0(0.00%) |     70       7     536     35 |    3.50        0.00
GET      /cart                                                                            497     0(0.00%) |     59       4     327     47 |   16.10        0.00
POST     /cart [add]                                                                      674     0(0.00%) |     85       6     696     77 |   23.50        0.00
POST     /cart/checkout                                                                   266     0(0.00%) |     81       8     412     92 |    9.60        0.00
GET      /product/[id]                                                                   1951     0(0.00%) |     64       4     737     53 |   65.20        0.00
POST     /setCurrency                                                                     338     0(0.00%) |     72       8     369     56 |   12.30        0.00
--------|----------------------------------------------------------------------------|-------|-------------|-------|-------|-------|-------|--------|-----------
         Aggregated                                                                      3828     0(0.00%) |     69       4     737     59 |  130.20        0.00

Type     Name                                                                          # reqs      # fails |    Avg     Min     Max    Med |   req/s  failures/s
--------|----------------------------------------------------------------------------|-------|-------------|-------|-------|-------|-------|--------|-----------
GET      /                                                                                109     0(0.00%) |     70       7     536     36 |    3.20        0.00
GET      /cart                                                                            531     0(0.00%) |     61       4     327     52 |   15.00        0.00
POST     /cart [add]                                                                      713     0(0.00%) |     88       6     696     81 |   24.80        0.00
POST     /cart/checkout                                                                   281     0(0.00%) |     84       8     412     92 |    9.70        0.00
GET      /product/[id]                                                                   2083     0(0.00%) |     68       4     737     59 |   66.50        0.00
POST     /setCurrency                                                                     366     0(0.00%) |     73       8     369     59 |   12.10        0.00
--------|----------------------------------------------------------------------------|-------|-------------|-------|-------|-------|-------|--------|-----------
         Aggregated                                                                      4083     0(0.00%) |     72       4     737     64 |  131.30        0.00

Type     Name                                                                          # reqs      # fails |    Avg     Min     Max    Med |   req/s  failures/s
--------|----------------------------------------------------------------------------|-------|-------------|-------|-------|-------|-------|--------|-----------
GET      /                                                                                119     0(0.00%) |     72       7     536     48 |    2.90        0.00
GET      /cart                                                                            564     0(0.00%) |     63       4     327     53 |   15.70        0.00
POST     /cart [add]                                                                      758     0(0.00%) |     91       6     696     84 |   23.70        0.00
POST     /cart/checkout                                                                   298     0(0.00%) |     85       8     412     94 |    9.40        0.00
GET      /product/[id]                                                                   2209     0(0.00%) |     70       4     737     62 |   65.90        0.00
POST     /setCurrency                                                                     396     0(0.00%) |     77       8     369     63 |   11.50        0.00
--------|----------------------------------------------------------------------------|-------|-------------|-------|-------|-------|-------|--------|-----------
         Aggregated                                                                      4344     0(0.00%) |     74       4     737     67 |  129.10        0.00

Type     Name                                                                          # reqs      # fails |    Avg     Min     Max    Med |   req/s  failures/s
--------|----------------------------------------------------------------------------|-------|-------------|-------|-------|-------|-------|--------|-----------
GET      /                                                                                134     0(0.00%) |     73       7     536     49 |    3.00        0.00
GET      /cart                                                                            605     0(0.00%) |     63       4     327     55 |   16.10        0.00
POST     /cart [add]                                                                      807     0(0.00%) |     92       6     696     88 |   23.80        0.00
POST     /cart/checkout                                                                   310     0(0.00%) |     85       8     412     94 |    9.40        0.00
GET      /product/[id]                                                                   2335     0(0.00%) |     71       4     737     64 |   66.50        0.00
POST     /setCurrency                                                                     414     0(0.00%) |     77       8     369     65 |   10.90        0.00
--------|----------------------------------------------------------------------------|-------|-------------|-------|-------|-------|-------|--------|-----------
         Aggregated                                                                      4605     0(0.00%) |     75       4     737     69 |  129.70        0.00

Type     Name                                                                          # reqs      # fails |    Avg     Min     Max    Med |   req/s  failures/s
--------|----------------------------------------------------------------------------|-------|-------------|-------|-------|-------|-------|--------|-----------
GET      /                                                                                140     0(0.00%) |     71       7     536     48 |    4.10        0.00
GET      /cart                                                                            633     0(0.00%) |     64       4     327     57 |   17.20        0.00
POST     /cart [add]                                                                      852     0(0.00%) |     94       6     696     91 |   23.00        0.00
POST     /cart/checkout                                                                   332     0(0.00%) |     87       8     412     95 |    8.40        0.00
GET      /product/[id]                                                                   2468     0(0.00%) |     73       4     737     66 |   66.80        0.00
POST     /setCurrency                                                                     447     0(0.00%) |     81       8     369     71 |   11.40        0.00
--------|----------------------------------------------------------------------------|-------|-------------|-------|-------|-------|-------|--------|-----------
         Aggregated                                                                      4872     0(0.00%) |     77       4     737     72 |  130.90        0.00

Type     Name                                                                          # reqs      # fails |    Avg     Min     Max    Med |   req/s  failures/s
--------|----------------------------------------------------------------------------|-------|-------------|-------|-------|-------|-------|--------|-----------
GET      /                                                                                149     0(0.00%) |     73       7     536     50 |    4.20        0.00
GET      /cart                                                                            683     0(0.00%) |     65       4     327     58 |   17.40        0.00
POST     /cart [add]                                                                      902     0(0.00%) |     96       6     696     94 |   22.70        0.00
POST     /cart/checkout                                                                   346     0(0.00%) |     88       8     412     94 |    8.00        0.00
GET      /product/[id]                                                                   2585     0(0.00%) |     73       4     737     68 |   65.60        0.00
POST     /setCurrency                                                                     479     0(0.00%) |     82       8     369     71 |   13.10        0.00
--------|----------------------------------------------------------------------------|-------|-------------|-------|-------|-------|-------|--------|-----------
         Aggregated                                                                      5144     0(0.00%) |     78       4     737     73 |  131.00        0.00

Type     Name                                                                          # reqs      # fails |    Avg     Min     Max    Med |   req/s  failures/s
--------|----------------------------------------------------------------------------|-------|-------------|-------|-------|-------|-------|--------|-----------
GET      /                                                                                153     0(0.00%) |     75       7     536     58 |    4.30        0.00
GET      /cart                                                                            711     0(0.00%) |     65       4     327     59 |   19.00        0.00
POST     /cart [add]                                                                      953     0(0.00%) |     97       6     696     97 |   22.10        0.00
POST     /cart/checkout                                                                   367     0(0.00%) |     91       8     412     95 |    7.90        0.00
GET      /product/[id]                                                                   2715     0(0.00%) |     75       4     737     70 |   63.60        0.00
POST     /setCurrency                                                                     509     0(0.00%) |     83       8     369     71 |   14.10        0.00
--------|----------------------------------------------------------------------------|-------|-------------|-------|-------|-------|-------|--------|-----------
         Aggregated                                                                      5408     0(0.00%) |     79       4     737     75 |  131.00        0.00

Type     Name                                                                          # reqs      # fails |    Avg     Min     Max    Med |   req/s  failures/s
--------|----------------------------------------------------------------------------|-------|-------------|-------|-------|-------|-------|--------|-----------
GET      /                                                                                160     0(0.00%) |     74       7     536     59 |    4.40        0.00
GET      /cart                                                                            734     0(0.00%) |     65       4     327     59 |   18.60        0.00
POST     /cart [add]                                                                      984     0(0.00%) |     97       6     696     97 |   22.90        0.00
POST     /cart/checkout                                                                   376     0(0.00%) |     91       8     412     95 |    8.60        0.00
GET      /product/[id]                                                                   2821     0(0.00%) |     75       4     737     71 |   64.30        0.00
POST     /setCurrency                                                                     524     0(0.00%) |     82       8     369     71 |   13.90        0.00
--------|----------------------------------------------------------------------------|-------|-------------|-------|-------|-------|-------|--------|-----------
         Aggregated                                                                      5599     0(0.00%) |     79       4     737     75 |  132.70        0.00

Type     Name                                                                          # reqs      # fails |    Avg     Min     Max    Med |   req/s  failures/s
--------|----------------------------------------------------------------------------|-------|-------------|-------|-------|-------|-------|--------|-----------
GET      /                                                                                167     0(0.00%) |     80       7     741     59 |    4.30        0.00
GET      /cart                                                                            777     0(0.00%) |     67       4     683     59 |   17.50        0.00
POST     /cart [add]                                                                     1023     0(0.00%) |    101       6     860     97 |   23.10        0.00
POST     /cart/checkout                                                                   388     0(0.00%) |     91       8     412     95 |    7.90        0.00
GET      /product/[id]                                                                   2977     0(0.00%) |     81       4     816     72 |   63.40        0.00
POST     /setCurrency                                                                     553     0(0.00%) |     87       8     728     71 |   13.70        0.00
--------|----------------------------------------------------------------------------|-------|-------------|-------|-------|-------|-------|--------|-----------
         Aggregated                                                                      5885     0(0.00%) |     84       4     860     76 |  129.90        0.00

Type     Name                                                                          # reqs      # fails |    Avg     Min     Max    Med |   req/s  failures/s
--------|----------------------------------------------------------------------------|-------|-------------|-------|-------|-------|-------|--------|-----------
GET      /                                                                                176     0(0.00%) |     80       7     741     62 |    3.60        0.00
GET      /cart                                                                            814     0(0.00%) |     67       4     683     59 |   17.40        0.00
POST     /cart [add]                                                                     1058     0(0.00%) |    102       6     860     97 |   22.20        0.00
POST     /cart/checkout                                                                   401     0(0.00%) |     92       8     412     95 |    8.20        0.00
GET      /product/[id]                                                                   3128     0(0.00%) |     81       4     816     73 |   62.20        0.00
POST     /setCurrency                                                                     580     0(0.00%) |     87       8     728     71 |   13.70        0.00
--------|----------------------------------------------------------------------------|-------|-------------|-------|-------|-------|-------|--------|-----------
         Aggregated                                                                      6157     0(0.00%) |     84       4     860     77 |  127.30        0.00

Type     Name                                                                          # reqs      # fails |    Avg     Min     Max    Med |   req/s  failures/s
--------|----------------------------------------------------------------------------|-------|-------------|-------|-------|-------|-------|--------|-----------
GET      /                                                                                184     0(0.00%) |     81       7     741     63 |    3.80        0.00
GET      /cart                                                                            860     0(0.00%) |     68       4     683     61 |   18.20        0.00
POST     /cart [add]                                                                     1094     0(0.00%) |    103       6     860     98 |   20.60        0.00
POST     /cart/checkout                                                                   411     0(0.00%) |     92       8     412     95 |    7.20        0.00
GET      /product/[id]                                                                   3263     0(0.00%) |     81       4     816     73 |   65.40        0.00
POST     /setCurrency                                                                     609     0(0.00%) |     88       8     728     74 |   12.90        0.00
--------|----------------------------------------------------------------------------|-------|-------------|-------|-------|-------|-------|--------|-----------
         Aggregated                                                                      6421     0(0.00%) |     85       4     860     77 |  128.10        0.00

Type     Name                                                                          # reqs      # fails |    Avg     Min     Max    Med |   req/s  failures/s
--------|----------------------------------------------------------------------------|-------|-------------|-------|-------|-------|-------|--------|-----------
GET      /                                                                                193     0(0.00%) |     84       7     741     68 |    3.70        0.00
GET      /cart                                                                            899     0(0.00%) |     68       4     683     60 |   17.50        0.00
POST     /cart [add]                                                                     1141     0(0.00%) |    105       6     860    100 |   19.30        0.00
POST     /cart/checkout                                                                   423     0(0.00%) |     93       8     412     95 |    6.50        0.00
GET      /product/[id]                                                                   3390     0(0.00%) |     82       4     816     74 |   68.10        0.00
POST     /setCurrency                                                                     633     0(0.00%) |     90       8     728     76 |   12.80        0.00
--------|----------------------------------------------------------------------------|-------|-------------|-------|-------|-------|-------|--------|-----------
         Aggregated                                                                      6679     0(0.00%) |     86       4     860     78 |  127.90        0.00

Type     Name                                                                          # reqs      # fails |    Avg     Min     Max    Med |   req/s  failures/s
--------|----------------------------------------------------------------------------|-------|-------------|-------|-------|-------|-------|--------|-----------
GET      /                                                                                198     0(0.00%) |     84       7     741     66 |    3.90        0.00
GET      /cart                                                                            934     0(0.00%) |     68       4     683     61 |   18.30        0.00
POST     /cart [add]                                                                     1189     0(0.00%) |    104       6     860    100 |   18.80        0.00
POST     /cart/checkout                                                                   435     0(0.00%) |     93       8     412     95 |    5.50        0.00
GET      /product/[id]                                                                   3542     0(0.00%) |     83       4     816     75 |   66.60        0.00
POST     /setCurrency                                                                     656     0(0.00%) |     89       8     728     77 |   12.50        0.00
--------|----------------------------------------------------------------------------|-------|-------------|-------|-------|-------|-------|--------|-----------
         Aggregated                                                                      6954     0(0.00%) |     86       4     860     79 |  125.60        0.00

Type     Name                                                                          # reqs      # fails |    Avg     Min     Max    Med |   req/s  failures/s
--------|----------------------------------------------------------------------------|-------|-------------|-------|-------|-------|-------|--------|-----------
GET      /                                                                                202     0(0.00%) |     86       7     741     68 |    3.80        0.00
GET      /cart                                                                            956     0(0.00%) |     77       4    1012     62 |   19.70        0.00
POST     /cart [add]                                                                     1210     0(0.00%) |    110       6    1314    100 |   19.70        0.00
POST     /cart/checkout                                                                   437     0(0.00%) |     95       8    1318     95 |    5.60        0.00
GET      /product/[id]                                                                   3617     0(0.00%) |     89       4    1108     77 |   68.80        0.00
POST     /setCurrency                                                                     673     0(0.00%) |     95       8    1027     77 |   12.80        0.00
--------|----------------------------------------------------------------------------|-------|-------------|-------|-------|-------|-------|--------|-----------
         Aggregated                                                                      7095     0(0.00%) |     92       4    1318     80 |  130.40        0.00

Type     Name                                                                          # reqs      # fails |    Avg     Min     Max    Med |   req/s  failures/s
--------|----------------------------------------------------------------------------|-------|-------------|-------|-------|-------|-------|--------|-----------
GET      /                                                                                211     0(0.00%) |     89       7     741     68 |    3.40        0.00
GET      /cart                                                                            977     0(0.00%) |     77       4    1012     63 |   18.10        0.00
POST     /cart [add]                                                                     1257     0(0.00%) |    112       6    1314    100 |   18.50        0.00
POST     /cart/checkout                                                                   453     0(0.00%) |     96       8    1318     95 |    4.80        0.00
GET      /product/[id]                                                                   3736     0(0.00%) |     91       4    1108     79 |   64.00        0.00
POST     /setCurrency                                                                     704     0(0.00%) |     98       8    1027     79 |   12.10        0.00
--------|----------------------------------------------------------------------------|-------|-------------|-------|-------|-------|-------|--------|-----------
         Aggregated                                                                      7338     0(0.00%) |     93       4    1318     82 |  120.90        0.00

Type     Name                                                                          # reqs      # fails |    Avg     Min     Max    Med |   req/s  failures/s
--------|----------------------------------------------------------------------------|-------|-------------|-------|-------|-------|-------|--------|-----------
GET      /                                                                                219     0(0.00%) |     88       7     741     68 |    3.50        0.00
GET      /cart                                                                           1005     0(0.00%) |     77       4    1012     64 |   16.50        0.00
POST     /cart [add]                                                                     1305     0(0.00%) |    112       6    1314    100 |   19.70        0.00
POST     /cart/checkout                                                                   472     0(0.00%) |     96       8    1318     95 |    5.10        0.00
GET      /product/[id]                                                                   3870     0(0.00%) |     91       4    1108     80 |   61.50        0.00
POST     /setCurrency                                                                     730     0(0.00%) |     97       8    1027     79 |   12.30        0.00
--------|----------------------------------------------------------------------------|-------|-------------|-------|-------|-------|-------|--------|-----------
         Aggregated                                                                      7601     0(0.00%) |     94       4    1318     83 |  118.60        0.00

Type     Name                                                                          # reqs      # fails |    Avg     Min     Max    Med |   req/s  failures/s
--------|----------------------------------------------------------------------------|-------|-------------|-------|-------|-------|-------|--------|-----------
GET      /                                                                                227     0(0.00%) |     87       7     741     68 |    3.60        0.00
GET      /cart                                                                           1034     0(0.00%) |     78       4    1012     65 |   15.00        0.00
POST     /cart [add]                                                                     1354     0(0.00%) |    113       6    1314    110 |   21.50        0.00
POST     /cart/checkout                                                                   490     0(0.00%) |     96       8    1318     96 |    6.20        0.00
GET      /product/[id]                                                                   4007     0(0.00%) |     92       4    1108     81 |   59.90        0.00
POST     /setCurrency                                                                     756     0(0.00%) |     96       8    1027     79 |   12.10        0.00
--------|----------------------------------------------------------------------------|-------|-------------|-------|-------|-------|-------|--------|-----------
         Aggregated                                                                      7868     0(0.00%) |     94       4    1318     84 |  118.30        0.00

Type     Name                                                                          # reqs      # fails |    Avg     Min     Max    Med |   req/s  failures/s
--------|----------------------------------------------------------------------------|-------|-------------|-------|-------|-------|-------|--------|-----------
GET      /                                                                                234     0(0.00%) |     88       7     741     68 |    3.60        0.00
GET      /cart                                                                           1061     0(0.00%) |     78       4    1012     65 |   13.50        0.00
POST     /cart [add]                                                                     1396     0(0.00%) |    114       6    1314    110 |   21.00        0.00
POST     /cart/checkout                                                                   502     0(0.00%) |     96       8    1318     96 |    7.10        0.00
GET      /product/[id]                                                                   4145     0(0.00%) |     92       4    1108     82 |   60.90        0.00
POST     /setCurrency                                                                     780     0(0.00%) |     96       8    1027     79 |   12.30        0.00
--------|----------------------------------------------------------------------------|-------|-------------|-------|-------|-------|-------|--------|-----------
         Aggregated                                                                      8118     0(0.00%) |     94       4    1318     85 |  118.40        0.00

Type     Name                                                                          # reqs      # fails |    Avg     Min     Max    Med |   req/s  failures/s
--------|----------------------------------------------------------------------------|-------|-------------|-------|-------|-------|-------|--------|-----------
GET      /                                                                                239     0(0.00%) |     88       7     741     68 |    3.60        0.00
GET      /cart                                                                           1090     0(0.00%) |     78       4    1012     66 |   12.50        0.00
POST     /cart [add]                                                                     1439     0(0.00%) |    114       6    1314    110 |   20.70        0.00
POST     /cart/checkout                                                                   512     0(0.00%) |     97       8    1318     96 |    6.80        0.00
GET      /product/[id]                                                                   4297     0(0.00%) |     92       4    1108     83 |   60.70        0.00
POST     /setCurrency                                                                     802     0(0.00%) |     96       8    1027     79 |   12.30        0.00
--------|----------------------------------------------------------------------------|-------|-------------|-------|-------|-------|-------|--------|-----------
         Aggregated                                                                      8379     0(0.00%) |     95       4    1318     86 |  116.60        0.00

Type     Name                                                                          # reqs      # fails |    Avg     Min     Max    Med |   req/s  failures/s
--------|----------------------------------------------------------------------------|-------|-------------|-------|-------|-------|-------|--------|-----------
GET      /                                                                                245     0(0.00%) |     87       7     741     68 |    3.70        0.00
GET      /cart                                                                           1132     0(0.00%) |     79       4    1012     67 |   13.10        0.00
POST     /cart [add]                                                                     1480     0(0.00%) |    115       6    1314    110 |   23.10        0.00
POST     /cart/checkout                                                                   528     0(0.00%) |     97       8    1318     96 |    7.50        0.00
GET      /product/[id]                                                                   4436     0(0.00%) |     92       4    1108     83 |   68.70        0.00
POST     /setCurrency                                                                     826     0(0.00%) |     97       8    1027     79 |   12.60        0.00
--------|----------------------------------------------------------------------------|-------|-------------|-------|-------|-------|-------|--------|-----------
         Aggregated                                                                      8647     0(0.00%) |     95       4    1318     86 |  128.70        0.00

Type     Name                                                                          # reqs      # fails |    Avg     Min     Max    Med |   req/s  failures/s
--------|----------------------------------------------------------------------------|-------|-------------|-------|-------|-------|-------|--------|-----------
GET      /                                                                                252     0(0.00%) |     88       7     741     70 |    3.40        0.00
GET      /cart                                                                           1160     0(0.00%) |     79       4    1012     68 |   15.00        0.00
POST     /cart [add]                                                                     1527     0(0.00%) |    116       6    1314    110 |   22.20        0.00
POST     /cart/checkout                                                                   548     0(0.00%) |     98       8    1318     96 |    7.70        0.00
GET      /product/[id]                                                                   4560     0(0.00%) |     93       4    1108     84 |   69.20        0.00
POST     /setCurrency                                                                     848     0(0.00%) |     97       8    1027     80 |   12.50        0.00
--------|----------------------------------------------------------------------------|-------|-------------|-------|-------|-------|-------|--------|-----------
         Aggregated                                                                      8895     0(0.00%) |     96       4    1318     87 |  130.00        0.00

Type     Name                                                                          # reqs      # fails |    Avg     Min     Max    Med |   req/s  failures/s
--------|----------------------------------------------------------------------------|-------|-------------|-------|-------|-------|-------|--------|-----------
GET      /                                                                                259     0(0.00%) |     88       7     741     70 |    3.40        0.00
GET      /cart                                                                           1183     0(0.00%) |     79       4    1012     68 |   15.40        0.00
POST     /cart [add]                                                                     1575     0(0.00%) |    116       6    1314    110 |   21.90        0.00
POST     /cart/checkout                                                                   568     0(0.00%) |     99       8    1318     96 |    7.10        0.00
GET      /product/[id]                                                                   4696     0(0.00%) |     93       4    1108     85 |   68.80        0.00
POST     /setCurrency                                                                     867     0(0.00%) |     97       8    1027     81 |   12.10        0.00
--------|----------------------------------------------------------------------------|-------|-------------|-------|-------|-------|-------|--------|-----------
         Aggregated                                                                      9148     0(0.00%) |     96       4    1318     88 |  128.70        0.00

Type     Name                                                                          # reqs      # fails |    Avg     Min     Max    Med |   req/s  failures/s
--------|----------------------------------------------------------------------------|-------|-------------|-------|-------|-------|-------|--------|-----------
GET      /                                                                                261     0(0.00%) |     92       7     763     71 |    3.50        0.00
GET      /cart                                                                           1190     0(0.00%) |     81       4    1012     68 |   15.10        0.00
POST     /cart [add]                                                                     1582     0(0.00%) |    118       6    1314    110 |   22.00        0.00
POST     /cart/checkout                                                                   571     0(0.00%) |    101       8    1318     96 |    7.10        0.00
GET      /product/[id]                                                                   4744     0(0.00%) |     97       4    1108     86 |   68.90        0.00
POST     /setCurrency                                                                     876     0(0.00%) |    100       8    1027     81 |   11.50        0.00
--------|----------------------------------------------------------------------------|-------|-------------|-------|-------|-------|-------|--------|-----------
         Aggregated                                                                      9224     0(0.00%) |     99       4    1318     88 |  128.10        0.00

Type     Name                                                                          # reqs      # fails |    Avg     Min     Max    Med |   req/s  failures/s
--------|----------------------------------------------------------------------------|-------|-------------|-------|-------|-------|-------|--------|-----------
GET      /                                                                                268     0(0.00%) |     99       7    1068     70 |    3.10        0.00
GET      /cart                                                                           1207     0(0.00%) |     82       4    1012     68 |   14.90        0.00
POST     /cart [add]                                                                     1616     0(0.00%) |    122       6    1314    110 |   20.80        0.00
POST     /cart/checkout                                                                   583     0(0.00%) |    100       8    1318     96 |    7.40        0.00
GET      /product/[id]                                                                   4836     0(0.00%) |    102       4    1196     86 |   65.40        0.00
POST     /setCurrency                                                                     893     0(0.00%) |    105       8    1045     81 |   10.90        0.00
--------|----------------------------------------------------------------------------|-------|-------------|-------|-------|-------|-------|--------|-----------
         Aggregated                                                                      9403     0(0.00%) |    103       4    1318     88 |  122.50        0.00

Type     Name                                                                          # reqs      # fails |    Avg     Min     Max    Med |   req/s  failures/s
--------|----------------------------------------------------------------------------|-------|-------------|-------|-------|-------|-------|--------|-----------
GET      /                                                                                274     0(0.00%) |    101       7    1068     71 |    3.00        0.00
GET      /cart                                                                           1238     0(0.00%) |     86       4    1012     68 |   12.20        0.00
POST     /cart [add]                                                                     1650     0(0.00%) |    126       6    1314    110 |   18.30        0.00
POST     /cart/checkout                                                                   592     0(0.00%) |    100       8    1318     96 |    7.20        0.00
GET      /product/[id]                                                                   4983     0(0.00%) |    106       4    1196     87 |   56.00        0.00
POST     /setCurrency                                                                     919     0(0.00%) |    107       8    1045     81 |    9.90        0.00
--------|----------------------------------------------------------------------------|-------|-------------|-------|-------|-------|-------|--------|-----------
         Aggregated                                                                      9656     0(0.00%) |    107       4    1318     89 |  106.60        0.00

Type     Name                                                                          # reqs      # fails |    Avg     Min     Max    Med |   req/s  failures/s
--------|----------------------------------------------------------------------------|-------|-------------|-------|-------|-------|-------|--------|-----------
GET      /                                                                                281     0(0.00%) |    101       7    1068     70 |    2.90        0.00
GET      /cart                                                                           1267     0(0.00%) |     86       4    1012     69 |   10.80        0.00
POST     /cart [add]                                                                     1691     0(0.00%) |    127       6    1314    110 |   17.20        0.00
POST     /cart/checkout                                                                   604     0(0.00%) |    100       8    1318     96 |    6.30        0.00
GET      /product/[id]                                                                   5122     0(0.00%) |    106       4    1196     88 |   55.40        0.00
POST     /setCurrency                                                                     943     0(0.00%) |    106       8    1045     82 |    9.20        0.00
--------|----------------------------------------------------------------------------|-------|-------------|-------|-------|-------|-------|--------|-----------
         Aggregated                                                                      9908     0(0.00%) |    107       4    1318     90 |  101.80        0.00

Type     Name                                                                          # reqs      # fails |    Avg     Min     Max    Med |   req/s  failures/s
--------|----------------------------------------------------------------------------|-------|-------------|-------|-------|-------|-------|--------|-----------
GET      /                                                                                292     0(0.00%) |    101       7    1068     71 |    2.60        0.00
GET      /cart                                                                           1301     0(0.00%) |     86       4    1012     70 |   10.30        0.00
POST     /cart [add]                                                                     1742     0(0.00%) |    127       6    1314    110 |   16.90        0.00
POST     /cart/checkout                                                                   615     0(0.00%) |    100       8    1318     96 |    5.90        0.00
GET      /product/[id]                                                                   5240     0(0.00%) |    106       4    1196     89 |   56.50        0.00
POST     /setCurrency                                                                     969     0(0.00%) |    107       8    1045     82 |    9.10        0.00
--------|----------------------------------------------------------------------------|-------|-------------|-------|-------|-------|-------|--------|-----------
         Aggregated                                                                     10159     0(0.00%) |    107       4    1318     91 |  101.30        0.00

Type     Name                                                                          # reqs      # fails |    Avg     Min     Max    Med |   req/s  failures/s
--------|----------------------------------------------------------------------------|-------|-------------|-------|-------|-------|-------|--------|-----------
GET      /                                                                                303     0(0.00%) |    101       7    1068     73 |    3.10        0.00
GET      /cart                                                                           1338     0(0.00%) |     86       4    1012     70 |   10.80        0.00
POST     /cart [add]                                                                     1782     0(0.00%) |    128       6    1314    110 |   16.80        0.00
POST     /cart/checkout                                                                   633     0(0.00%) |    100       8    1318     96 |    4.80        0.00
GET      /product/[id]                                                                   5359     0(0.00%) |    106       4    1196     89 |   53.50        0.00
POST     /setCurrency                                                                     993     0(0.00%) |    108       8    1045     83 |   10.10        0.00
--------|----------------------------------------------------------------------------|-------|-------------|-------|-------|-------|-------|--------|-----------
         Aggregated                                                                     10408     0(0.00%) |    107       4    1318     91 |   99.10        0.00

Type     Name                                                                          # reqs      # fails |    Avg     Min     Max    Med |   req/s  failures/s
--------|----------------------------------------------------------------------------|-------|-------------|-------|-------|-------|-------|--------|-----------
GET      /                                                                                306     0(0.00%) |    102       7    1068     73 |    3.90        0.00
GET      /cart                                                                           1374     0(0.00%) |     86       4    1012     71 |   13.70        0.00
POST     /cart [add]                                                                     1837     0(0.00%) |    128       6    1314    110 |   19.10        0.00
POST     /cart/checkout                                                                   652     0(0.00%) |    100       8    1318     96 |    6.00        0.00
GET      /product/[id]                                                                   5477     0(0.00%) |    106       4    1196     89 |   59.50        0.00
POST     /setCurrency                                                                    1029     0(0.00%) |    108       8    1045     85 |   11.30        0.00
--------|----------------------------------------------------------------------------|-------|-------------|-------|-------|-------|-------|--------|-----------
         Aggregated                                                                     10675     0(0.00%) |    107       4    1318     91 |  113.50        0.00

Type     Name                                                                          # reqs      # fails |    Avg     Min     Max    Med |   req/s  failures/s
--------|----------------------------------------------------------------------------|-------|-------------|-------|-------|-------|-------|--------|-----------
GET      /                                                                                318     0(0.00%) |    102       7    1068     75 |    3.80        0.00
GET      /cart                                                                           1411     0(0.00%) |     87       4    1012     72 |   16.10        0.00
POST     /cart [add]                                                                     1880     0(0.00%) |    128       6    1314    110 |   20.90        0.00
POST     /cart/checkout                                                                   666     0(0.00%) |    101       8    1318     96 |    6.40        0.00
GET      /product/[id]                                                                   5606     0(0.00%) |    106       4    1196     90 |   61.90        0.00
POST     /setCurrency                                                                    1049     0(0.00%) |    108       8    1045     85 |   12.90        0.00
--------|----------------------------------------------------------------------------|-------|-------------|-------|-------|-------|-------|--------|-----------
         Aggregated                                                                     10930     0(0.00%) |    107       4    1318     92 |  122.00        0.00

Type     Name                                                                          # reqs      # fails |    Avg     Min     Max    Med |   req/s  failures/s
--------|----------------------------------------------------------------------------|-------|-------------|-------|-------|-------|-------|--------|-----------
GET      /                                                                                320     0(0.00%) |    101       7    1068     75 |    4.40        0.00
GET      /cart                                                                           1442     0(0.00%) |     87       4    1012     71 |   17.20        0.00
POST     /cart [add]                                                                     1933     0(0.00%) |    128       6    1314    120 |   23.20        0.00
POST     /cart/checkout                                                                   688     0(0.00%) |    102       8    1318     96 |    7.50        0.00
GET      /product/[id]                                                                   5739     0(0.00%) |    106       4    1196     90 |   61.40        0.00
POST     /setCurrency                                                                    1072     0(0.00%) |    107       8    1045     84 |   12.80        0.00
--------|----------------------------------------------------------------------------|-------|-------------|-------|-------|-------|-------|--------|-----------
         Aggregated                                                                     11194     0(0.00%) |    107       4    1318     92 |  126.50        0.00

Type     Name                                                                          # reqs      # fails |    Avg     Min     Max    Med |   req/s  failures/s
--------|----------------------------------------------------------------------------|-------|-------------|-------|-------|-------|-------|--------|-----------
GET      /                                                                                326     0(0.00%) |    101       7    1068     75 |    4.20        0.00
GET      /cart                                                                           1486     0(0.00%) |     86       4    1012     72 |   17.50        0.00
POST     /cart [add]                                                                     1974     0(0.00%) |    128       6    1314    120 |   23.60        0.00
POST     /cart/checkout                                                                   705     0(0.00%) |    101       8    1318     96 |    8.20        0.00
GET      /product/[id]                                                                   5875     0(0.00%) |    106       4    1196     90 |   61.70        0.00
POST     /setCurrency                                                                    1098     0(0.00%) |    106       8    1045     83 |   12.80        0.00
--------|----------------------------------------------------------------------------|-------|-------------|-------|-------|-------|-------|--------|-----------
         Aggregated                                                                     11464     0(0.00%) |    107       4    1318     92 |  128.00        0.00

Type     Name                                                                          # reqs      # fails |    Avg     Min     Max    Med |   req/s  failures/s
--------|----------------------------------------------------------------------------|-------|-------------|-------|-------|-------|-------|--------|-----------
GET      /                                                                                332     0(0.00%) |    100       7    1068     73 |    3.50        0.00
GET      /cart                                                                           1511     0(0.00%) |     86       4    1012     71 |   19.00        0.00
POST     /cart [add]                                                                     2022     0(0.00%) |    128       6    1314    120 |   23.40        0.00
POST     /cart/checkout                                                                   719     0(0.00%) |    102       8    1318     96 |    8.50        0.00
GET      /product/[id]                                                                   6015     0(0.00%) |    106       4    1196     90 |   63.20        0.00
POST     /setCurrency                                                                    1124     0(0.00%) |    106       8    1045     84 |   13.20        0.00
--------|----------------------------------------------------------------------------|-------|-------------|-------|-------|-------|-------|--------|-----------
         Aggregated                                                                     11723     0(0.00%) |    107       4    1318     92 |  130.80        0.00

Type     Name                                                                          # reqs      # fails |    Avg     Min     Max    Med |   req/s  failures/s
--------|----------------------------------------------------------------------------|-------|-------------|-------|-------|-------|-------|--------|-----------
GET      /                                                                                338     0(0.00%) |    100       7    1068     72 |    3.00        0.00
GET      /cart                                                                           1542     0(0.00%) |     86       4    1012     72 |   17.80        0.00
POST     /cart [add]                                                                     2065     0(0.00%) |    128       6    1314    120 |   23.90        0.00
POST     /cart/checkout                                                                   736     0(0.00%) |    102       8    1318     97 |    8.60        0.00
GET      /product/[id]                                                                   6149     0(0.00%) |    106       4    1196     91 |   65.00        0.00
POST     /setCurrency                                                                    1149     0(0.00%) |    106       8    1045     83 |   13.00        0.00
--------|----------------------------------------------------------------------------|-------|-------------|-------|-------|-------|-------|--------|-----------
         Aggregated                                                                     11979     0(0.00%) |    107       4    1318     92 |  131.30        0.00

Type     Name                                                                          # reqs      # fails |    Avg     Min     Max    Med |   req/s  failures/s
--------|----------------------------------------------------------------------------|-------|-------------|-------|-------|-------|-------|--------|-----------
GET      /                                                                                344     0(0.00%) |    100       7    1068     72 |    3.10        0.00
GET      /cart                                                                           1580     0(0.00%) |     87       4    1012     72 |   16.50        0.00
POST     /cart [add]                                                                     2108     0(0.00%) |    128       6    1314    120 |   23.20        0.00
POST     /cart/checkout                                                                   751     0(0.00%) |    103       8    1318     97 |    8.40        0.00
GET      /product/[id]                                                                   6264     0(0.00%) |    106       4    1196     91 |   67.10        0.00
POST     /setCurrency                                                                    1171     0(0.00%) |    106       8    1045     84 |   12.30        0.00
--------|----------------------------------------------------------------------------|-------|-------------|-------|-------|-------|-------|--------|-----------
         Aggregated                                                                     12218     0(0.00%) |    107       4    1318     93 |  130.60        0.00

Type     Name                                                                          # reqs      # fails |    Avg     Min     Max    Med |   req/s  failures/s
--------|----------------------------------------------------------------------------|-------|-------------|-------|-------|-------|-------|--------|-----------
GET      /                                                                                351     0(0.00%) |    100       7    1068     75 |    2.60        0.00
GET      /cart                                                                           1621     0(0.00%) |     87       4    1012     73 |   16.40        0.00
POST     /cart [add]                                                                     2160     0(0.00%) |    128       6    1314    120 |   22.20        0.00
POST     /cart/checkout                                                                   779     0(0.00%) |    104       8    1318     97 |    8.40        0.00
GET      /product/[id]                                                                   6387     0(0.00%) |    106       4    1196     92 |   66.60        0.00
POST     /setCurrency                                                                    1192     0(0.00%) |    105       8    1045     84 |   12.90        0.00
--------|----------------------------------------------------------------------------|-------|-------------|-------|-------|-------|-------|--------|-----------
         Aggregated                                                                     12490     0(0.00%) |    107       4    1318     93 |  129.10        0.00

Type     Name                                                                          # reqs      # fails |    Avg     Min     Max    Med |   req/s  failures/s
--------|----------------------------------------------------------------------------|-------|-------------|-------|-------|-------|-------|--------|-----------
GET      /                                                                                357     0(0.00%) |    100       7    1068     76 |    2.80        0.00
GET      /cart                                                                           1660     0(0.00%) |     86       4    1012     73 |   18.10        0.00
POST     /cart [add]                                                                     2212     0(0.00%) |    128       6    1314    120 |   22.60        0.00
POST     /cart/checkout                                                                   801     0(0.00%) |    104       8    1318     97 |    8.80        0.00
GET      /product/[id]                                                                   6508     0(0.00%) |    106       4    1196     92 |   65.20        0.00
POST     /setCurrency                                                                    1222     0(0.00%) |    105       8    1045     85 |   12.20        0.00
--------|----------------------------------------------------------------------------|-------|-------------|-------|-------|-------|-------|--------|-----------
         Aggregated                                                                     12760     0(0.00%) |    107       4    1318     93 |  129.70        0.00

Type     Name                                                                          # reqs      # fails |    Avg     Min     Max    Med |   req/s  failures/s
--------|----------------------------------------------------------------------------|-------|-------------|-------|-------|-------|-------|--------|-----------
GET      /                                                                                365     0(0.00%) |     99       7    1068     75 |    3.10        0.00
GET      /cart                                                                           1694     0(0.00%) |     87       4    1012     73 |   17.50        0.00
POST     /cart [add]                                                                     2260     0(0.00%) |    129       6    1314    120 |   23.40        0.00
POST     /cart/checkout                                                                   826     0(0.00%) |    106       8    1318     97 |    9.30        0.00
GET      /product/[id]                                                                   6614     0(0.00%) |    107       4    1196     92 |   63.70        0.00
POST     /setCurrency                                                                    1241     0(0.00%) |    105       8    1045     85 |   12.00        0.00
--------|----------------------------------------------------------------------------|-------|-------------|-------|-------|-------|-------|--------|-----------
         Aggregated                                                                     13000     0(0.00%) |    108       4    1318     94 |  129.00        0.00

Type     Name                                                                          # reqs      # fails |    Avg     Min     Max    Med |   req/s  failures/s
--------|----------------------------------------------------------------------------|-------|-------------|-------|-------|-------|-------|--------|-----------
GET      /                                                                                372     0(0.00%) |     99       7    1068     75 |    3.30        0.00
GET      /cart                                                                           1722     0(0.00%) |     87       4    1012     73 |   18.50        0.00
POST     /cart [add]                                                                     2315     0(0.00%) |    129       6    1314    120 |   23.70        0.00
POST     /cart/checkout                                                                   856     0(0.00%) |    106       8    1318     97 |   10.50        0.00
GET      /product/[id]                                                                   6726     0(0.00%) |    107       4    1196     92 |   60.20        0.00
POST     /setCurrency                                                                    1266     0(0.00%) |    105       8    1045     85 |   11.60        0.00
--------|----------------------------------------------------------------------------|-------|-------------|-------|-------|-------|-------|--------|-----------
         Aggregated                                                                     13257     0(0.00%) |    108       4    1318     94 |  127.80        0.00

Type     Name                                                                          # reqs      # fails |    Avg     Min     Max    Med |   req/s  failures/s
--------|----------------------------------------------------------------------------|-------|-------------|-------|-------|-------|-------|--------|-----------
GET      /                                                                                381     0(0.00%) |     99       7    1068     76 |    3.40        0.00
GET      /cart                                                                           1745     0(0.00%) |     88       4    1012     74 |   18.50        0.00
POST     /cart [add]                                                                     2360     0(0.00%) |    129       6    1314    120 |   24.60        0.00
POST     /cart/checkout                                                                   874     0(0.00%) |    106       8    1318     97 |   12.00        0.00
GET      /product/[id]                                                                   6861     0(0.00%) |    107       4    1196     93 |   58.20        0.00
POST     /setCurrency                                                                    1286     0(0.00%) |    105       8    1045     85 |   11.70        0.00
--------|----------------------------------------------------------------------------|-------|-------------|-------|-------|-------|-------|--------|-----------
         Aggregated                                                                     13507     0(0.00%) |    108       4    1318     94 |  128.40        0.00

Type     Name                                                                          # reqs      # fails |    Avg     Min     Max    Med |   req/s  failures/s
--------|----------------------------------------------------------------------------|-------|-------------|-------|-------|-------|-------|--------|-----------
GET      /                                                                                389     0(0.00%) |    100       7    1068     77 |    3.80        0.00
GET      /cart                                                                           1777     0(0.00%) |     88       4    1012     74 |   17.20        0.00
POST     /cart [add]                                                                     2405     0(0.00%) |    130       6    1314    120 |   25.40        0.00
POST     /cart/checkout                                                                   893     0(0.00%) |    106       8    1318     97 |   12.20        0.00
GET      /product/[id]                                                                   6982     0(0.00%) |    107       4    1196     93 |   58.40        0.00
POST     /setCurrency                                                                    1313     0(0.00%) |    105       8    1045     86 |   11.20        0.00
--------|----------------------------------------------------------------------------|-------|-------------|-------|-------|-------|-------|--------|-----------
         Aggregated                                                                     13759     0(0.00%) |    108       4    1318     95 |  128.20        0.00

Type     Name                                                                          # reqs      # fails |    Avg     Min     Max    Med |   req/s  failures/s
--------|----------------------------------------------------------------------------|-------|-------------|-------|-------|-------|-------|--------|-----------
GET      /                                                                                394     0(0.00%) |     99       7    1068     76 |    3.29        0.00
GET      /cart                                                                           1816     0(0.00%) |     88       4    1012     75 |   15.15        0.00
POST     /cart [add]                                                                     2446     0(0.00%) |    130       6    1314    120 |   20.41        0.00
POST     /cart/checkout                                                                   910     0(0.00%) |    107       8    1318     97 |    7.59        0.00
GET      /product/[id]                                                                   7086     0(0.00%) |    107       4    1196     93 |   59.12        0.00
POST     /setCurrency                                                                    1341     0(0.00%) |    105       7    1045     86 |   11.19        0.00
--------|----------------------------------------------------------------------------|-------|-------------|-------|-------|-------|-------|--------|-----------
         Aggregated                                                                     13993     0(0.00%) |    108       4    1318     95 |  116.76        0.00

Response time percentiles (approximated)
Type     Name                                                                                  50%    66%    75%    80%    90%    95%    98%    99%  99.9% 99.99%   100% # reqs
--------|--------------------------------------------------------------------------------|--------|------|------|------|------|------|------|------|------|------|------|------
GET      /                                                                                      77    100    130    150    190    250    550    760   1100   1100   1100    394
GET      /cart                                                                                  75     95    110    120    160    190    290    720    940   1000   1000   1816
POST     /cart [add]                                                                           120    150    160    170    200    250    320    820   1200   1300   1300   2446
POST     /cart/checkout                                                                         97    100    110    110    190    200    290    380   1300   1300   1300    910
GET      /product/[id]                                                                          93    120    140    150    170    200    410    770   1100   1200   1200   7086
POST     /setCurrency                                                                           86    110    140    150    180    240    380    720   1000   1000   1000   1341
--------|--------------------------------------------------------------------------------|--------|------|------|------|------|------|------|------|------|------|------|------
         Aggregated                                                                             95    120    140    150    180    210    340    740   1200   1300   1300  13993

