/Users/edias/Library/Python/3.9/lib/python/site-packages/urllib3/__init__.py:35: NotOpenSSLWarning: urllib3 v2 only supports OpenSSL 1.1.1+, currently the 'ssl' module is compiled with 'LibreSSL 2.8.3'. See: https://github.com/urllib3/urllib3/issues/3020
  warnings.warn(
[2026-05-20 20:17:40,684] Mac/WARNING/locust.main: Python 3.9 support is deprecated and will be removed soon
Type     Name                                                                          # reqs      # fails |    Avg     Min     Max    Med |   req/s  failures/s
--------|----------------------------------------------------------------------------|-------|-------------|-------|-------|-------|-------|--------|-----------
--------|----------------------------------------------------------------------------|-------|-------------|-------|-------|-------|-------|--------|-----------
         Aggregated                                                                         0     0(0.00%) |      0       0       0      0 |    0.00        0.00

Type     Name                                                                          # reqs      # fails |    Avg     Min     Max    Med |   req/s  failures/s
--------|----------------------------------------------------------------------------|-------|-------------|-------|-------|-------|-------|--------|-----------
GET      /                                                                                  1     0(0.00%) |     14      14      14     14 |    0.00        0.00
GET      /cart                                                                              3     0(0.00%) |     12       8      17     11 |    0.00        0.00
POST     /cart [add]                                                                        4     0(0.00%) |     17       9      25     11 |    0.00        0.00
POST     /cart/checkout                                                                     3     0(0.00%) |     13       9      19     12 |    0.00        0.00
GET      /product/[id]                                                                     14     0(0.00%) |     15       6      27     14 |    0.00        0.00
POST     /setCurrency                                                                       1     0(0.00%) |     19      19      19     19 |    0.00        0.00
--------|----------------------------------------------------------------------------|-------|-------------|-------|-------|-------|-------|--------|-----------
         Aggregated                                                                        26     0(0.00%) |     15       6      27     14 |    0.00        0.00

Type     Name                                                                          # reqs      # fails |    Avg     Min     Max    Med |   req/s  failures/s
--------|----------------------------------------------------------------------------|-------|-------------|-------|-------|-------|-------|--------|-----------
GET      /                                                                                  2     0(0.00%) |     14      14      14     14 |    0.00        0.00
GET      /cart                                                                              9     0(0.00%) |     10       7      17      9 |    1.50        0.00
POST     /cart [add]                                                                       10     0(0.00%) |     15       9      25     15 |    1.00        0.00
POST     /cart/checkout                                                                     6     0(0.00%) |     12       9      19     10 |    1.00        0.00
GET      /product/[id]                                                                     46     0(0.00%) |     12       6      31     10 |    5.00        0.00
POST     /setCurrency                                                                       9     0(0.00%) |     16      13      21     16 |    0.00        0.00
--------|----------------------------------------------------------------------------|-------|-------------|-------|-------|-------|-------|--------|-----------
         Aggregated                                                                        82     0(0.00%) |     13       6      31     12 |    8.50        0.00

Type     Name                                                                          # reqs      # fails |    Avg     Min     Max    Med |   req/s  failures/s
--------|----------------------------------------------------------------------------|-------|-------------|-------|-------|-------|-------|--------|-----------
GET      /                                                                                  3     0(0.00%) |     13      11      14     14 |    0.50        0.00
GET      /cart                                                                             21     0(0.00%) |      9       5      17      8 |    2.00        0.00
POST     /cart [add]                                                                       24     0(0.00%) |     12       7      25     11 |    2.00        0.00
POST     /cart/checkout                                                                     9     0(0.00%) |     12       9      19     12 |    1.25        0.00
GET      /product/[id]                                                                     89     0(0.00%) |     10       5      31     10 |    8.25        0.00
POST     /setCurrency                                                                      21     0(0.00%) |     15      12      21     14 |    1.75        0.00
--------|----------------------------------------------------------------------------|-------|-------------|-------|-------|-------|-------|--------|-----------
         Aggregated                                                                       167     0(0.00%) |     11       5      31     10 |   15.75        0.00

Type     Name                                                                          # reqs      # fails |    Avg     Min     Max    Med |   req/s  failures/s
--------|----------------------------------------------------------------------------|-------|-------------|-------|-------|-------|-------|--------|-----------
GET      /                                                                                  4     0(0.00%) |     13      11      14     12 |    0.33        0.00
GET      /cart                                                                             41     0(0.00%) |      8       5      17      8 |    2.83        0.00
POST     /cart [add]                                                                       47     0(0.00%) |     12       7      25     11 |    2.67        0.00
POST     /cart/checkout                                                                    18     0(0.00%) |     11       9      19     11 |    1.33        0.00
GET      /product/[id]                                                                    147     0(0.00%) |      9       4      31      8 |   12.17        0.00
POST     /setCurrency                                                                      29     0(0.00%) |     14      10      21     14 |    2.83        0.00
--------|----------------------------------------------------------------------------|-------|-------------|-------|-------|-------|-------|--------|-----------
         Aggregated                                                                       286     0(0.00%) |     10       4      31     10 |   22.17        0.00

Type     Name                                                                          # reqs      # fails |    Avg     Min     Max    Med |   req/s  failures/s
--------|----------------------------------------------------------------------------|-------|-------------|-------|-------|-------|-------|--------|-----------
GET      /                                                                                  8     0(0.00%) |     11       8      14     11 |    0.50        0.00
GET      /cart                                                                             53     0(0.00%) |      8       5      17      8 |    4.12        0.00
POST     /cart [add]                                                                       72     0(0.00%) |     11       7      25     10 |    5.12        0.00
POST     /cart/checkout                                                                    27     0(0.00%) |     11       8      19     11 |    1.88        0.00
GET      /product/[id]                                                                    222     0(0.00%) |      8       4      31      8 |   15.88        0.00
POST     /setCurrency                                                                      47     0(0.00%) |     13       9      21     14 |    2.75        0.00
--------|----------------------------------------------------------------------------|-------|-------------|-------|-------|-------|-------|--------|-----------
         Aggregated                                                                       429     0(0.00%) |      9       4      31      9 |   30.25        0.00

Type     Name                                                                          # reqs      # fails |    Avg     Min     Max    Med |   req/s  failures/s
--------|----------------------------------------------------------------------------|-------|-------------|-------|-------|-------|-------|--------|-----------
GET      /                                                                                 12     0(0.00%) |     18       8      77     11 |    0.70        0.00
GET      /cart                                                                             75     0(0.00%) |      9       4      71      8 |    4.80        0.00
POST     /cart [add]                                                                      101     0(0.00%) |     15       6     164     11 |    5.90        0.00
POST     /cart/checkout                                                                    33     0(0.00%) |     12       8      38     11 |    2.20        0.00
GET      /product/[id]                                                                    302     0(0.00%) |     10       4     103      8 |   19.40        0.00
POST     /setCurrency                                                                      64     0(0.00%) |     17       9     151     13 |    4.40        0.00
--------|----------------------------------------------------------------------------|-------|-------------|-------|-------|-------|-------|--------|-----------
         Aggregated                                                                       587     0(0.00%) |     12       4     164      9 |   37.40        0.00

Type     Name                                                                          # reqs      # fails |    Avg     Min     Max    Med |   req/s  failures/s
--------|----------------------------------------------------------------------------|-------|-------------|-------|-------|-------|-------|--------|-----------
GET      /                                                                                 19     0(0.00%) |     25       8     171     12 |    1.00        0.00
GET      /cart                                                                             92     0(0.00%) |     14       4     203      8 |    6.50        0.00
POST     /cart [add]                                                                      138     0(0.00%) |     21       6     257     11 |    8.70        0.00
POST     /cart/checkout                                                                    45     0(0.00%) |     14       8      58     11 |    2.90        0.00
GET      /product/[id]                                                                    406     0(0.00%) |     12       4     174      8 |   26.10        0.00
POST     /setCurrency                                                                      84     0(0.00%) |     21       9     215     13 |    6.00        0.00
--------|----------------------------------------------------------------------------|-------|-------------|-------|-------|-------|-------|--------|-----------
         Aggregated                                                                       784     0(0.00%) |     15       4     257      9 |   51.20        0.00

Type     Name                                                                          # reqs      # fails |    Avg     Min     Max    Med |   req/s  failures/s
--------|----------------------------------------------------------------------------|-------|-------------|-------|-------|-------|-------|--------|-----------
GET      /                                                                                 29     0(0.00%) |     23       8     171     11 |    1.60        0.00
GET      /cart                                                                            128     0(0.00%) |     12       3     203      8 |    7.80        0.00
POST     /cart [add]                                                                      175     0(0.00%) |     18       6     257     10 |   11.20        0.00
POST     /cart/checkout                                                                    59     0(0.00%) |     14       7      58     11 |    3.50        0.00
GET      /product/[id]                                                                    527     0(0.00%) |     12       3     174      8 |   34.00        0.00
POST     /setCurrency                                                                     103     0(0.00%) |     20       8     215     13 |    7.00        0.00
--------|----------------------------------------------------------------------------|-------|-------------|-------|-------|-------|-------|--------|-----------
         Aggregated                                                                      1021     0(0.00%) |     14       3     257      9 |   65.10        0.00

Type     Name                                                                          # reqs      # fails |    Avg     Min     Max    Med |   req/s  failures/s
--------|----------------------------------------------------------------------------|-------|-------------|-------|-------|-------|-------|--------|-----------
GET      /                                                                                 40     0(0.00%) |     21       8     171     11 |    2.40        0.00
GET      /cart                                                                            167     0(0.00%) |     13       3     203      8 |    9.90        0.00
POST     /cart [add]                                                                      215     0(0.00%) |     19       6     257     10 |   14.70        0.00
POST     /cart/checkout                                                                    70     0(0.00%) |     15       7      90     11 |    4.70        0.00
GET      /product/[id]                                                                    641     0(0.00%) |     13       3     174      8 |   40.70        0.00
POST     /setCurrency                                                                     132     0(0.00%) |     23       8     215     14 |    7.90        0.00
--------|----------------------------------------------------------------------------|-------|-------------|-------|-------|-------|-------|--------|-----------
         Aggregated                                                                      1265     0(0.00%) |     15       3     257      9 |   80.30        0.00

Type     Name                                                                          # reqs      # fails |    Avg     Min     Max    Med |   req/s  failures/s
--------|----------------------------------------------------------------------------|-------|-------------|-------|-------|-------|-------|--------|-----------
GET      /                                                                                 52     0(0.00%) |     28       8     171     13 |    3.20        0.00
GET      /cart                                                                            200     0(0.00%) |     21       3     203      8 |   12.10        0.00
POST     /cart [add]                                                                      254     0(0.00%) |     31       6     257     11 |   16.20        0.00
POST     /cart/checkout                                                                    86     0(0.00%) |     26       7     188     11 |    5.10        0.00
GET      /product/[id]                                                                    746     0(0.00%) |     19       3     174      8 |   46.70        0.00
POST     /setCurrency                                                                     156     0(0.00%) |     27       8     215     14 |   10.20        0.00
--------|----------------------------------------------------------------------------|-------|-------------|-------|-------|-------|-------|--------|-----------
         Aggregated                                                                      1494     0(0.00%) |     23       3     257     10 |   93.50        0.00

Type     Name                                                                          # reqs      # fails |    Avg     Min     Max    Med |   req/s  failures/s
--------|----------------------------------------------------------------------------|-------|-------------|-------|-------|-------|-------|--------|-----------
GET      /                                                                                 57     0(0.00%) |     31       8     171     15 |    4.20        0.00
GET      /cart                                                                            240     0(0.00%) |     29       3     203      9 |   13.80        0.00
POST     /cart [add]                                                                      291     0(0.00%) |     39       6     257     12 |   18.50        0.00
POST     /cart/checkout                                                                   100     0(0.00%) |     33       7     269     11 |    5.90        0.00
GET      /product/[id]                                                                    867     0(0.00%) |     26       3     196      9 |   51.20        0.00
POST     /setCurrency                                                                     188     0(0.00%) |     32       8     215     16 |   10.40        0.00
--------|----------------------------------------------------------------------------|-------|-------------|-------|-------|-------|-------|--------|-----------
         Aggregated                                                                      1743     0(0.00%) |     30       3     269     11 |  104.00        0.00

Type     Name                                                                          # reqs      # fails |    Avg     Min     Max    Med |   req/s  failures/s
--------|----------------------------------------------------------------------------|-------|-------------|-------|-------|-------|-------|--------|-----------
GET      /                                                                                 63     0(0.00%) |     31       8     171     15 |    4.60        0.00
GET      /cart                                                                            275     0(0.00%) |     31       3     203     10 |   15.90        0.00
POST     /cart [add]                                                                      330     0(0.00%) |     43       6     257     13 |   19.20        0.00
POST     /cart/checkout                                                                   116     0(0.00%) |     39       7     269     12 |    6.40        0.00
GET      /product/[id]                                                                   1030     0(0.00%) |     33       3     196     10 |   55.70        0.00
POST     /setCurrency                                                                     212     0(0.00%) |     33       8     215     16 |   11.50        0.00
--------|----------------------------------------------------------------------------|-------|-------------|-------|-------|-------|-------|--------|-----------
         Aggregated                                                                      2026     0(0.00%) |     35       3     269     12 |  113.30        0.00

Type     Name                                                                          # reqs      # fails |    Avg     Min     Max    Med |   req/s  failures/s
--------|----------------------------------------------------------------------------|-------|-------------|-------|-------|-------|-------|--------|-----------
GET      /                                                                                 73     0(0.00%) |     38       8     171     21 |    4.10        0.00
GET      /cart                                                                            317     0(0.00%) |     36       3     203     16 |   17.70        0.00
POST     /cart [add]                                                                      373     0(0.00%) |     48       6     257     16 |   19.40        0.00
POST     /cart/checkout                                                                   131     0(0.00%) |     42       7     269     12 |    6.90        0.00
GET      /product/[id]                                                                   1161     0(0.00%) |     38       3     196     13 |   59.70        0.00
POST     /setCurrency                                                                     248     0(0.00%) |     41       8     215     19 |   13.00        0.00
--------|----------------------------------------------------------------------------|-------|-------------|-------|-------|-------|-------|--------|-----------
         Aggregated                                                                      2303     0(0.00%) |     40       3     269     15 |  120.80        0.00

Type     Name                                                                          # reqs      # fails |    Avg     Min     Max    Med |   req/s  failures/s
--------|----------------------------------------------------------------------------|-------|-------------|-------|-------|-------|-------|--------|-----------
GET      /                                                                                 87     0(0.00%) |     44       8     171     23 |    4.40        0.00
GET      /cart                                                                            355     0(0.00%) |     39       3     203     22 |   18.30        0.00
POST     /cart [add]                                                                      407     0(0.00%) |     55       6     280     20 |   19.90        0.00
POST     /cart/checkout                                                                   144     0(0.00%) |     47       7     269     14 |    6.90        0.00
GET      /product/[id]                                                                   1309     0(0.00%) |     44       3     196     20 |   63.40        0.00
POST     /setCurrency                                                                     277     0(0.00%) |     46       8     215     25 |   14.00        0.00
--------|----------------------------------------------------------------------------|-------|-------------|-------|-------|-------|-------|--------|-----------
         Aggregated                                                                      2579     0(0.00%) |     46       3     280     20 |  126.90        0.00

Type     Name                                                                          # reqs      # fails |    Avg     Min     Max    Med |   req/s  failures/s
--------|----------------------------------------------------------------------------|-------|-------------|-------|-------|-------|-------|--------|-----------
GET      /                                                                                 97     0(0.00%) |     43       8     171     23 |    4.50        0.00
GET      /cart                                                                            403     0(0.00%) |     42       3     203     26 |   18.30        0.00
POST     /cart [add]                                                                      452     0(0.00%) |     59       6     280     29 |   19.20        0.00
POST     /cart/checkout                                                                   156     0(0.00%) |     48       7     269     15 |    7.60        0.00
GET      /product/[id]                                                                   1459     0(0.00%) |     48       3     200     27 |   67.20        0.00
POST     /setCurrency                                                                     299     0(0.00%) |     47       8     215     27 |   14.40        0.00
--------|----------------------------------------------------------------------------|-------|-------------|-------|-------|-------|-------|--------|-----------
         Aggregated                                                                      2866     0(0.00%) |     48       3     280     27 |  131.20        0.00

Type     Name                                                                          # reqs      # fails |    Avg     Min     Max    Med |   req/s  failures/s
--------|----------------------------------------------------------------------------|-------|-------------|-------|-------|-------|-------|--------|-----------
GET      /                                                                                104     0(0.00%) |     48       8     181     27 |    4.40        0.00
GET      /cart                                                                            436     0(0.00%) |     46       3     249     30 |   19.90        0.00
POST     /cart [add]                                                                      503     0(0.00%) |     65       6     280     45 |   19.30        0.00
POST     /cart/checkout                                                                   176     0(0.00%) |     53       7     269     17 |    6.50        0.00
GET      /product/[id]                                                                   1601     0(0.00%) |     50       3     200     32 |   69.80        0.00
POST     /setCurrency                                                                     328     0(0.00%) |     53       8     215     33 |   14.00        0.00
--------|----------------------------------------------------------------------------|-------|-------------|-------|-------|-------|-------|--------|-----------
         Aggregated                                                                      3148     0(0.00%) |     52       3     280     33 |  133.90        0.00

Type     Name                                                                          # reqs      # fails |    Avg     Min     Max    Med |   req/s  failures/s
--------|----------------------------------------------------------------------------|-------|-------------|-------|-------|-------|-------|--------|-----------
GET      /                                                                                109     0(0.00%) |     48       8     181     27 |    4.60        0.00
GET      /cart                                                                            474     0(0.00%) |     47       3     249     30 |   19.70        0.00
POST     /cart [add]                                                                      541     0(0.00%) |     67       6     280     51 |   20.20        0.00
POST     /cart/checkout                                                                   183     0(0.00%) |     53       7     269     20 |    7.30        0.00
GET      /product/[id]                                                                   1742     0(0.00%) |     52       3     200     38 |   71.80        0.00
POST     /setCurrency                                                                     364     0(0.00%) |     59       8     215     41 |   14.80        0.00
--------|----------------------------------------------------------------------------|-------|-------------|-------|-------|-------|-------|--------|-----------
         Aggregated                                                                      3413     0(0.00%) |     55       3     280     38 |  138.40        0.00

Type     Name                                                                          # reqs      # fails |    Avg     Min     Max    Med |   req/s  failures/s
--------|----------------------------------------------------------------------------|-------|-------------|-------|-------|-------|-------|--------|-----------
GET      /                                                                                116     0(0.00%) |     49       8     181     27 |    4.90        0.00
GET      /cart                                                                            509     0(0.00%) |     51       3     321     38 |   20.20        0.00
POST     /cart [add]                                                                      588     0(0.00%) |     73       6     353     60 |   21.00        0.00
POST     /cart/checkout                                                                   203     0(0.00%) |     61       7     269     62 |    7.00        0.00
GET      /product/[id]                                                                   1870     0(0.00%) |     56       3     262     42 |   71.50        0.00
POST     /setCurrency                                                                     387     0(0.00%) |     62       8     321     45 |   14.50        0.00
--------|----------------------------------------------------------------------------|-------|-------------|-------|-------|-------|-------|--------|-----------
         Aggregated                                                                      3673     0(0.00%) |     59       3     353     44 |  139.10        0.00

Type     Name                                                                          # reqs      # fails |    Avg     Min     Max    Med |   req/s  failures/s
--------|----------------------------------------------------------------------------|-------|-------------|-------|-------|-------|-------|--------|-----------
GET      /                                                                                124     0(0.00%) |     49       8     181     31 |    4.40        0.00
GET      /cart                                                                            555     0(0.00%) |     54       3     321     44 |   20.20        0.00
POST     /cart [add]                                                                      633     0(0.00%) |     77       6     353     70 |   21.00        0.00
POST     /cart/checkout                                                                   226     0(0.00%) |     65       7     269     86 |    7.00        0.00
GET      /product/[id]                                                                   1999     0(0.00%) |     59       3     262     48 |   71.60        0.00
POST     /setCurrency                                                                     404     0(0.00%) |     61       8     321     43 |   14.30        0.00
--------|----------------------------------------------------------------------------|-------|-------------|-------|-------|-------|-------|--------|-----------
         Aggregated                                                                      3941     0(0.00%) |     62       3     353     49 |  138.50        0.00

Type     Name                                                                          # reqs      # fails |    Avg     Min     Max    Med |   req/s  failures/s
--------|----------------------------------------------------------------------------|-------|-------------|-------|-------|-------|-------|--------|-----------
GET      /                                                                                131     0(0.00%) |     51       8     181     32 |    4.00        0.00
GET      /cart                                                                            591     0(0.00%) |     55       3     321     47 |   20.20        0.00
POST     /cart [add]                                                                      678     0(0.00%) |     80       6     353     72 |   22.00        0.00
POST     /cart/checkout                                                                   246     0(0.00%) |     66       7     269     87 |    7.30        0.00
GET      /product/[id]                                                                   2136     0(0.00%) |     61       3     262     51 |   69.00        0.00
POST     /setCurrency                                                                     429     0(0.00%) |     63       8     321     46 |   12.90        0.00
--------|----------------------------------------------------------------------------|-------|-------------|-------|-------|-------|-------|--------|-----------
         Aggregated                                                                      4211     0(0.00%) |     64       3     353     52 |  135.40        0.00

Type     Name                                                                          # reqs      # fails |    Avg     Min     Max    Med |   req/s  failures/s
--------|----------------------------------------------------------------------------|-------|-------------|-------|-------|-------|-------|--------|-----------
GET      /                                                                                135     0(0.00%) |     52       8     181     35 |    3.50        0.00
GET      /cart                                                                            621     0(0.00%) |     58       3     321     48 |   19.00        0.00
POST     /cart [add]                                                                      727     0(0.00%) |     86       6     515     80 |   22.50        0.00
POST     /cart/checkout                                                                   262     0(0.00%) |     70       7     269     88 |    9.40        0.00
GET      /product/[id]                                                                   2258     0(0.00%) |     64       3     320     53 |   68.70        0.00
POST     /setCurrency                                                                     456     0(0.00%) |     68       8     459     50 |   13.50        0.00
--------|----------------------------------------------------------------------------|-------|-------------|-------|-------|-------|-------|--------|-----------
         Aggregated                                                                      4459     0(0.00%) |     67       3     515     55 |  136.60        0.00

Type     Name                                                                          # reqs      # fails |    Avg     Min     Max    Med |   req/s  failures/s
--------|----------------------------------------------------------------------------|-------|-------------|-------|-------|-------|-------|--------|-----------
GET      /                                                                                144     0(0.00%) |     58       8     217     41 |    3.10        0.00
GET      /cart                                                                            643     0(0.00%) |     59       3     321     49 |   18.60        0.00
POST     /cart [add]                                                                      771     0(0.00%) |     88       6     515     83 |   22.90        0.00
POST     /cart/checkout                                                                   280     0(0.00%) |     71       7     269     90 |    9.10        0.00
GET      /product/[id]                                                                   2395     0(0.00%) |     67       3     320     56 |   66.30        0.00
POST     /setCurrency                                                                     489     0(0.00%) |     71       8     459     53 |   12.90        0.00
--------|----------------------------------------------------------------------------|-------|-------------|-------|-------|-------|-------|--------|-----------
         Aggregated                                                                      4722     0(0.00%) |     70       3     515     59 |  132.90        0.00

Type     Name                                                                          # reqs      # fails |    Avg     Min     Max    Med |   req/s  failures/s
--------|----------------------------------------------------------------------------|-------|-------------|-------|-------|-------|-------|--------|-----------
GET      /                                                                                149     0(0.00%) |     57       8     217     40 |    3.50        0.00
GET      /cart                                                                            678     0(0.00%) |     60       3     321     51 |   16.90        0.00
POST     /cart [add]                                                                      818     0(0.00%) |     88       6     515     84 |   23.30        0.00
POST     /cart/checkout                                                                   296     0(0.00%) |     72       7     269     90 |    9.60        0.00
GET      /product/[id]                                                                   2553     0(0.00%) |     67       3     320     58 |   65.70        0.00
POST     /setCurrency                                                                     509     0(0.00%) |     71       8     459     53 |   12.20        0.00
--------|----------------------------------------------------------------------------|-------|-------------|-------|-------|-------|-------|--------|-----------
         Aggregated                                                                      5003     0(0.00%) |     70       3     515     60 |  131.20        0.00

Type     Name                                                                          # reqs      # fails |    Avg     Min     Max    Med |   req/s  failures/s
--------|----------------------------------------------------------------------------|-------|-------------|-------|-------|-------|-------|--------|-----------
GET      /                                                                                155     0(0.00%) |     60       8     217     42 |    3.30        0.00
GET      /cart                                                                            708     0(0.00%) |     61       3     321     52 |   16.70        0.00
POST     /cart [add]                                                                      856     0(0.00%) |     91       6     515     86 |   22.90        0.00
POST     /cart/checkout                                                                   307     0(0.00%) |     74       7     281     91 |    9.30        0.00
GET      /product/[id]                                                                   2689     0(0.00%) |     70       3     353     61 |   67.00        0.00
POST     /setCurrency                                                                     532     0(0.00%) |     72       8     459     55 |   12.00        0.00
--------|----------------------------------------------------------------------------|-------|-------------|-------|-------|-------|-------|--------|-----------
         Aggregated                                                                      5247     0(0.00%) |     73       3     515     63 |  131.20        0.00

Type     Name                                                                          # reqs      # fails |    Avg     Min     Max    Med |   req/s  failures/s
--------|----------------------------------------------------------------------------|-------|-------------|-------|-------|-------|-------|--------|-----------
GET      /                                                                                166     0(0.00%) |     66       8     292     46 |    3.00        0.00
GET      /cart                                                                            738     0(0.00%) |     64       3     402     54 |   15.80        0.00
POST     /cart [add]                                                                      897     0(0.00%) |     95       6     554     91 |   23.00        0.00
POST     /cart/checkout                                                                   327     0(0.00%) |     79       7     441     92 |    8.90        0.00
GET      /product/[id]                                                                   2793     0(0.00%) |     73       3     393     64 |   67.90        0.00
POST     /setCurrency                                                                     559     0(0.00%) |     79       8     515     59 |   12.30        0.00
--------|----------------------------------------------------------------------------|-------|-------------|-------|-------|-------|-------|--------|-----------
         Aggregated                                                                      5480     0(0.00%) |     76       3     554     67 |  130.90        0.00

Type     Name                                                                          # reqs      # fails |    Avg     Min     Max    Med |   req/s  failures/s
--------|----------------------------------------------------------------------------|-------|-------------|-------|-------|-------|-------|--------|-----------
GET      /                                                                                173     0(0.00%) |     66       8     292     50 |    3.30        0.00
GET      /cart                                                                            771     0(0.00%) |     64       3     402     54 |   15.40        0.00
POST     /cart [add]                                                                      943     0(0.00%) |     96       6     554     92 |   22.00        0.00
POST     /cart/checkout                                                                   339     0(0.00%) |     80       7     441     92 |    7.80        0.00
GET      /product/[id]                                                                   2945     0(0.00%) |     74       3     393     67 |   67.10        0.00
POST     /setCurrency                                                                     583     0(0.00%) |     80       8     515     61 |   12.50        0.00
--------|----------------------------------------------------------------------------|-------|-------------|-------|-------|-------|-------|--------|-----------
         Aggregated                                                                      5754     0(0.00%) |     77       3     554     69 |  128.10        0.00

Type     Name                                                                          # reqs      # fails |    Avg     Min     Max    Med |   req/s  failures/s
--------|----------------------------------------------------------------------------|-------|-------------|-------|-------|-------|-------|--------|-----------
GET      /                                                                                189     0(0.00%) |     68       8     292     53 |    3.80        0.00
GET      /cart                                                                            807     0(0.00%) |     65       3     402     56 |   15.60        0.00
POST     /cart [add]                                                                      988     0(0.00%) |     98       6     554     95 |   21.60        0.00
POST     /cart/checkout                                                                   352     0(0.00%) |     81       7     441     93 |    7.60        0.00
GET      /product/[id]                                                                   3086     0(0.00%) |     75       3     393     70 |   67.60        0.00
POST     /setCurrency                                                                     600     0(0.00%) |     80       8     515     63 |   12.20        0.00
--------|----------------------------------------------------------------------------|-------|-------------|-------|-------|-------|-------|--------|-----------
         Aggregated                                                                      6022     0(0.00%) |     78       3     554     72 |  128.40        0.00

Type     Name                                                                          # reqs      # fails |    Avg     Min     Max    Med |   req/s  failures/s
--------|----------------------------------------------------------------------------|-------|-------------|-------|-------|-------|-------|--------|-----------
GET      /                                                                                196     0(0.00%) |     68       8     292     53 |    3.80        0.00
GET      /cart                                                                            835     0(0.00%) |     65       3     402     56 |   15.90        0.00
POST     /cart [add]                                                                     1041     0(0.00%) |     97       6     554     94 |   21.60        0.00
POST     /cart/checkout                                                                   367     0(0.00%) |     81       7     441     93 |    7.20        0.00
GET      /product/[id]                                                                   3231     0(0.00%) |     75       3     393     69 |   69.10        0.00
POST     /setCurrency                                                                     622     0(0.00%) |     81       8     515     64 |   11.70        0.00
--------|----------------------------------------------------------------------------|-------|-------------|-------|-------|-------|-------|--------|-----------
         Aggregated                                                                      6292     0(0.00%) |     78       3     554     71 |  129.30        0.00

Type     Name                                                                          # reqs      # fails |    Avg     Min     Max    Med |   req/s  failures/s
--------|----------------------------------------------------------------------------|-------|-------------|-------|-------|-------|-------|--------|-----------
GET      /                                                                                203     0(0.00%) |     69       8     292     54 |    4.70        0.00
GET      /cart                                                                            865     0(0.00%) |     65       3     402     57 |   15.80        0.00
POST     /cart [add]                                                                     1097     0(0.00%) |     99       6     554     97 |   22.30        0.00
POST     /cart/checkout                                                                   383     0(0.00%) |     81       7     441     93 |    7.40        0.00
GET      /product/[id]                                                                   3362     0(0.00%) |     76       3     393     71 |   68.70        0.00
POST     /setCurrency                                                                     643     0(0.00%) |     81       8     515     64 |   11.30        0.00
--------|----------------------------------------------------------------------------|-------|-------------|-------|-------|-------|-------|--------|-----------
         Aggregated                                                                      6553     0(0.00%) |     79       3     554     73 |  130.20        0.00

Type     Name                                                                          # reqs      # fails |    Avg     Min     Max    Med |   req/s  failures/s
--------|----------------------------------------------------------------------------|-------|-------------|-------|-------|-------|-------|--------|-----------
GET      /                                                                                211     0(0.00%) |     70       8     292     57 |    4.80        0.00
GET      /cart                                                                            894     0(0.00%) |     68       3     402     58 |   16.20        0.00
POST     /cart [add]                                                                     1140     0(0.00%) |    103       6     554    100 |   23.00        0.00
POST     /cart/checkout                                                                   399     0(0.00%) |     83       7     441     94 |    7.20        0.00
GET      /product/[id]                                                                   3476     0(0.00%) |     78       3     393     73 |   67.90        0.00
POST     /setCurrency                                                                     664     0(0.00%) |     83       8     515     66 |   11.50        0.00
--------|----------------------------------------------------------------------------|-------|-------------|-------|-------|-------|-------|--------|-----------
         Aggregated                                                                      6784     0(0.00%) |     82       3     554     76 |  130.60        0.00

Type     Name                                                                          # reqs      # fails |    Avg     Min     Max    Med |   req/s  failures/s
--------|----------------------------------------------------------------------------|-------|-------------|-------|-------|-------|-------|--------|-----------
GET      /                                                                                219     0(0.00%) |     71       8     292     60 |    4.60        0.00
GET      /cart                                                                            923     0(0.00%) |     69       3     402     59 |   15.20        0.00
POST     /cart [add]                                                                     1170     0(0.00%) |    103       6     554    100 |   23.80        0.00
POST     /cart/checkout                                                                   410     0(0.00%) |     83       7     441     94 |    7.30        0.00
GET      /product/[id]                                                                   3595     0(0.00%) |     79       3     393     74 |   66.90        0.00
POST     /setCurrency                                                                     679     0(0.00%) |     83       8     515     67 |   10.40        0.00
--------|----------------------------------------------------------------------------|-------|-------------|-------|-------|-------|-------|--------|-----------
         Aggregated                                                                      6996     0(0.00%) |     82       3     554     77 |  128.20        0.00

Type     Name                                                                          # reqs      # fails |    Avg     Min     Max    Med |   req/s  failures/s
--------|----------------------------------------------------------------------------|-------|-------------|-------|-------|-------|-------|--------|-----------
GET      /                                                                                224     0(0.00%) |     86       8     946     62 |    4.60        0.00
GET      /cart                                                                            941     0(0.00%) |     73       3     719     60 |   15.30        0.00
POST     /cart [add]                                                                     1187     0(0.00%) |    106       6     842    100 |   23.70        0.00
POST     /cart/checkout                                                                   415     0(0.00%) |     83       7     441     94 |    7.20        0.00
GET      /product/[id]                                                                   3677     0(0.00%) |     88       3     931     76 |   67.90        0.00
POST     /setCurrency                                                                     698     0(0.00%) |     90       8     828     68 |   10.20        0.00
--------|----------------------------------------------------------------------------|-------|-------------|-------|-------|-------|-------|--------|-----------
         Aggregated                                                                      7142     0(0.00%) |     89       3     946     78 |  128.90        0.00

Type     Name                                                                          # reqs      # fails |    Avg     Min     Max    Med |   req/s  failures/s
--------|----------------------------------------------------------------------------|-------|-------------|-------|-------|-------|-------|--------|-----------
GET      /                                                                                228     0(0.00%) |     91       8     946     65 |    4.00        0.00
GET      /cart                                                                            963     0(0.00%) |     77       3     776     60 |   14.60        0.00
POST     /cart [add]                                                                     1222     0(0.00%) |    115       6    1202    100 |   21.40        0.00
POST     /cart/checkout                                                                   428     0(0.00%) |     90       7    1213     94 |    6.80        0.00
GET      /product/[id]                                                                   3744     0(0.00%) |     91       3     931     77 |   61.50        0.00
POST     /setCurrency                                                                     709     0(0.00%) |     95       8     916     69 |   10.40        0.00
--------|----------------------------------------------------------------------------|-------|-------------|-------|-------|-------|-------|--------|-----------
         Aggregated                                                                      7294     0(0.00%) |     94       3    1213     78 |  118.70        0.00

Type     Name                                                                          # reqs      # fails |    Avg     Min     Max    Med |   req/s  failures/s
--------|----------------------------------------------------------------------------|-------|-------------|-------|-------|-------|-------|--------|-----------
GET      /                                                                                230     0(0.00%) |     93       8     946     66 |    3.20        0.00
GET      /cart                                                                            984     0(0.00%) |     79       3     776     60 |   13.00        0.00
POST     /cart [add]                                                                     1257     0(0.00%) |    121       6    1202    100 |   18.50        0.00
POST     /cart/checkout                                                                   442     0(0.00%) |     96       7    1213     95 |    6.30        0.00
GET      /product/[id]                                                                   3825     0(0.00%) |     96       3     931     78 |   54.00        0.00
POST     /setCurrency                                                                     724     0(0.00%) |     99       8     916     70 |    9.40        0.00
--------|----------------------------------------------------------------------------|-------|-------------|-------|-------|-------|-------|--------|-----------
         Aggregated                                                                      7462     0(0.00%) |     98       3    1213     80 |  104.40        0.00

Type     Name                                                                          # reqs      # fails |    Avg     Min     Max    Med |   req/s  failures/s
--------|----------------------------------------------------------------------------|-------|-------------|-------|-------|-------|-------|--------|-----------
GET      /                                                                                232     0(0.00%) |     97       8     946     67 |    3.10        0.00
GET      /cart                                                                           1008     0(0.00%) |     85       3     837     62 |   11.70        0.00
POST     /cart [add]                                                                     1281     0(0.00%) |    131       6    1694    100 |   17.40        0.00
POST     /cart/checkout                                                                   453     0(0.00%) |     97       7    1213     95 |    6.20        0.00
GET      /product/[id]                                                                   3906     0(0.00%) |    105       3    1144     80 |   49.30        0.00
POST     /setCurrency                                                                     743     0(0.00%) |    105       8     927     70 |    8.70        0.00
--------|----------------------------------------------------------------------------|-------|-------------|-------|-------|-------|-------|--------|-----------
         Aggregated                                                                      7623     0(0.00%) |    106       3    1694     82 |   96.40        0.00

Type     Name                                                                          # reqs      # fails |    Avg     Min     Max    Med |   req/s  failures/s
--------|----------------------------------------------------------------------------|-------|-------------|-------|-------|-------|-------|--------|-----------
GET      /                                                                                242     0(0.00%) |     94       8     946     65 |    2.50        0.00
GET      /cart                                                                           1054     0(0.00%) |     85       3     837     63 |   11.30        0.00
POST     /cart [add]                                                                     1329     0(0.00%) |    131       6    1694    100 |   14.40        0.00
POST     /cart/checkout                                                                   473     0(0.00%) |     97       7    1213     95 |    5.10        0.00
GET      /product/[id]                                                                   4041     0(0.00%) |    104       3    1144     80 |   42.90        0.00
POST     /setCurrency                                                                     764     0(0.00%) |    104       8     927     71 |    8.20        0.00
--------|----------------------------------------------------------------------------|-------|-------------|-------|-------|-------|-------|--------|-----------
         Aggregated                                                                      7903     0(0.00%) |    105       3    1694     82 |   84.40        0.00

Type     Name                                                                          # reqs      # fails |    Avg     Min     Max    Med |   req/s  failures/s
--------|----------------------------------------------------------------------------|-------|-------------|-------|-------|-------|-------|--------|-----------
GET      /                                                                                250     0(0.00%) |     95       8     946     67 |    2.10        0.00
GET      /cart                                                                           1087     0(0.00%) |     85       3     837     64 |   11.90        0.00
POST     /cart [add]                                                                     1372     0(0.00%) |    131       6    1694    110 |   14.80        0.00
POST     /cart/checkout                                                                   489     0(0.00%) |     97       7    1213     95 |    5.50        0.00
GET      /product/[id]                                                                   4174     0(0.00%) |    104       3    1144     82 |   41.80        0.00
POST     /setCurrency                                                                     786     0(0.00%) |    104       8     927     72 |    8.00        0.00
--------|----------------------------------------------------------------------------|-------|-------------|-------|-------|-------|-------|--------|-----------
         Aggregated                                                                      8158     0(0.00%) |    105       3    1694     84 |   84.10        0.00

Type     Name                                                                          # reqs      # fails |    Avg     Min     Max    Med |   req/s  failures/s
--------|----------------------------------------------------------------------------|-------|-------------|-------|-------|-------|-------|--------|-----------
GET      /                                                                                254     0(0.00%) |     96       8     946     67 |    2.70        0.00
GET      /cart                                                                           1107     0(0.00%) |     88       3     837     64 |   13.30        0.00
POST     /cart [add]                                                                     1398     0(0.00%) |    134       6    1694    110 |   16.50        0.00
POST     /cart/checkout                                                                   505     0(0.00%) |    100       7    1213     95 |    6.70        0.00
GET      /product/[id]                                                                   4270     0(0.00%) |    108       3    1144     84 |   47.40        0.00
POST     /setCurrency                                                                     804     0(0.00%) |    107       8     927     73 |    8.20        0.00
--------|----------------------------------------------------------------------------|-------|-------------|-------|-------|-------|-------|--------|-----------
         Aggregated                                                                      8338     0(0.00%) |    109       3    1694     85 |   94.80        0.00

Type     Name                                                                          # reqs      # fails |    Avg     Min     Max    Med |   req/s  failures/s
--------|----------------------------------------------------------------------------|-------|-------------|-------|-------|-------|-------|--------|-----------
GET      /                                                                                254     0(0.00%) |     96       8     946     67 |    2.50        0.00
GET      /cart                                                                           1124     0(0.00%) |     92       3     979     64 |   13.60        0.00
POST     /cart [add]                                                                     1418     0(0.00%) |    142       6    1694    110 |   17.30        0.00
POST     /cart/checkout                                                                   513     0(0.00%) |    100       7    1213     95 |    6.60        0.00
GET      /product/[id]                                                                   4324     0(0.00%) |    113       3    1179     84 |   48.50        0.00
POST     /setCurrency                                                                     815     0(0.00%) |    110       8    1040     73 |    8.90        0.00
--------|----------------------------------------------------------------------------|-------|-------------|-------|-------|-------|-------|--------|-----------
         Aggregated                                                                      8448     0(0.00%) |    114       3    1694     86 |   97.40        0.00

Type     Name                                                                          # reqs      # fails |    Avg     Min     Max    Med |   req/s  failures/s
--------|----------------------------------------------------------------------------|-------|-------------|-------|-------|-------|-------|--------|-----------
GET      /                                                                                263     0(0.00%) |     96       8     946     67 |    2.40        0.00
GET      /cart                                                                           1159     0(0.00%) |     94       3     979     65 |   14.30        0.00
POST     /cart [add]                                                                     1466     0(0.00%) |    142       6    1694    110 |   15.50        0.00
POST     /cart/checkout                                                                   533     0(0.00%) |    101       7    1213     96 |    6.90        0.00
GET      /product/[id]                                                                   4458     0(0.00%) |    114       3    1179     85 |   47.70        0.00
POST     /setCurrency                                                                     839     0(0.00%) |    110       8    1040     73 |    8.30        0.00
--------|----------------------------------------------------------------------------|-------|-------------|-------|-------|-------|-------|--------|-----------
         Aggregated                                                                      8718     0(0.00%) |    114       3    1694     86 |   95.10        0.00

Type     Name                                                                          # reqs      # fails |    Avg     Min     Max    Med |   req/s  failures/s
--------|----------------------------------------------------------------------------|-------|-------------|-------|-------|-------|-------|--------|-----------
GET      /                                                                                268     0(0.00%) |     96       8     946     67 |    2.80        0.00
GET      /cart                                                                           1195     0(0.00%) |     93       3     979     65 |   15.50        0.00
POST     /cart [add]                                                                     1513     0(0.00%) |    141       6    1694    110 |   17.90        0.00
POST     /cart/checkout                                                                   546     0(0.00%) |    101       7    1213     96 |    7.70        0.00
GET      /product/[id]                                                                   4599     0(0.00%) |    113       3    1179     85 |   54.80        0.00
POST     /setCurrency                                                                     879     0(0.00%) |    110       8    1040     74 |    9.70        0.00
--------|----------------------------------------------------------------------------|-------|-------------|-------|-------|-------|-------|--------|-----------
         Aggregated                                                                      9000     0(0.00%) |    114       3    1694     86 |  108.40        0.00

Type     Name                                                                          # reqs      # fails |    Avg     Min     Max    Med |   req/s  failures/s
--------|----------------------------------------------------------------------------|-------|-------------|-------|-------|-------|-------|--------|-----------
GET      /                                                                                282     0(0.00%) |     94       8     946     65 |    2.70        0.00
GET      /cart                                                                           1231     0(0.00%) |     92       3     979     65 |   14.20        0.00
POST     /cart [add]                                                                     1565     0(0.00%) |    140       6    1694    110 |   18.00        0.00
POST     /cart/checkout                                                                   563     0(0.00%) |    100       7    1213     95 |    7.80        0.00
GET      /product/[id]                                                                   4734     0(0.00%) |    112       3    1179     85 |   55.40        0.00
POST     /setCurrency                                                                     902     0(0.00%) |    109       8    1040     75 |   10.80        0.00
--------|----------------------------------------------------------------------------|-------|-------------|-------|-------|-------|-------|--------|-----------
         Aggregated                                                                      9277     0(0.00%) |    113       3    1694     86 |  108.90        0.00

Type     Name                                                                          # reqs      # fails |    Avg     Min     Max    Med |   req/s  failures/s
--------|----------------------------------------------------------------------------|-------|-------------|-------|-------|-------|-------|--------|-----------
GET      /                                                                                289     0(0.00%) |     93       8     946     64 |    2.40        0.00
GET      /cart                                                                           1255     0(0.00%) |     92       3     979     65 |   14.70        0.00
POST     /cart [add]                                                                     1597     0(0.00%) |    139       6    1694    110 |   18.80        0.00
POST     /cart/checkout                                                                   575     0(0.00%) |     99       7    1213     95 |    7.30        0.00
GET      /product/[id]                                                                   4826     0(0.00%) |    112       3    1179     84 |   56.10        0.00
POST     /setCurrency                                                                     915     0(0.00%) |    110       8    1040     75 |   11.70        0.00
--------|----------------------------------------------------------------------------|-------|-------------|-------|-------|-------|-------|--------|-----------
         Aggregated                                                                      9457     0(0.00%) |    112       3    1694     86 |  111.00        0.00

Type     Name                                                                          # reqs      # fails |    Avg     Min     Max    Med |   req/s  failures/s
--------|----------------------------------------------------------------------------|-------|-------------|-------|-------|-------|-------|--------|-----------
GET      /                                                                                297     0(0.00%) |     98       8    1060     64 |    3.70        0.00
GET      /cart                                                                           1281     0(0.00%) |     94       3    1007     65 |   16.20        0.00
POST     /cart [add]                                                                     1640     0(0.00%) |    143       6    1694    110 |   20.90        0.00
POST     /cart/checkout                                                                   589     0(0.00%) |    104       7    1213     95 |    8.50        0.00
GET      /product/[id]                                                                   4951     0(0.00%) |    115       3    1192     85 |   60.80        0.00
POST     /setCurrency                                                                     944     0(0.00%) |    117       8    1175     76 |   11.60        0.00
--------|----------------------------------------------------------------------------|-------|-------------|-------|-------|-------|-------|--------|-----------
         Aggregated                                                                      9702     0(0.00%) |    116       3    1694     86 |  121.70        0.00

Type     Name                                                                          # reqs      # fails |    Avg     Min     Max    Med |   req/s  failures/s
--------|----------------------------------------------------------------------------|-------|-------------|-------|-------|-------|-------|--------|-----------
GET      /                                                                                304     0(0.00%) |     99       8    1060     65 |    3.90        0.00
GET      /cart                                                                           1314     0(0.00%) |     94       3    1007     66 |   15.00        0.00
POST     /cart [add]                                                                     1696     0(0.00%) |    143       6    1694    110 |   21.80        0.00
POST     /cart/checkout                                                                   604     0(0.00%) |    104       7    1213     95 |    7.40        0.00
GET      /product/[id]                                                                   5072     0(0.00%) |    114       3    1192     85 |   61.00        0.00
POST     /setCurrency                                                                     976     0(0.00%) |    116       8    1175     76 |   12.80        0.00
--------|----------------------------------------------------------------------------|-------|-------------|-------|-------|-------|-------|--------|-----------
         Aggregated                                                                      9966     0(0.00%) |    116       3    1694     86 |  121.90        0.00

Type     Name                                                                          # reqs      # fails |    Avg     Min     Max    Med |   req/s  failures/s
--------|----------------------------------------------------------------------------|-------|-------------|-------|-------|-------|-------|--------|-----------
GET      /                                                                                313     0(0.00%) |     99       8    1060     67 |    3.90        0.00
GET      /cart                                                                           1347     0(0.00%) |     94       3    1007     67 |   15.30        0.00
POST     /cart [add]                                                                     1743     0(0.00%) |    142       6    1694    110 |   23.40        0.00
POST     /cart/checkout                                                                   618     0(0.00%) |    104       7    1213     96 |    8.20        0.00
GET      /product/[id]                                                                   5204     0(0.00%) |    114       3    1192     85 |   61.30        0.00
POST     /setCurrency                                                                    1003     0(0.00%) |    116       8    1175     79 |   13.40        0.00
--------|----------------------------------------------------------------------------|-------|-------------|-------|-------|-------|-------|--------|-----------
         Aggregated                                                                     10228     0(0.00%) |    115       3    1694     88 |  125.50        0.00

Type     Name                                                                          # reqs      # fails |    Avg     Min     Max    Med |   req/s  failures/s
--------|----------------------------------------------------------------------------|-------|-------------|-------|-------|-------|-------|--------|-----------
GET      /                                                                                321     0(0.00%) |    100       8    1060     68 |    4.40        0.00
GET      /cart                                                                           1379     0(0.00%) |     95       3    1007     68 |   15.60        0.00
POST     /cart [add]                                                                     1780     0(0.00%) |    143       6    1694    110 |   23.30        0.00
POST     /cart/checkout                                                                   634     0(0.00%) |    104       7    1213     96 |    6.80        0.00
GET      /product/[id]                                                                   5323     0(0.00%) |    114       3    1192     86 |   60.80        0.00
POST     /setCurrency                                                                    1035     0(0.00%) |    118       8    1175     81 |   12.80        0.00
--------|----------------------------------------------------------------------------|-------|-------------|-------|-------|-------|-------|--------|-----------
         Aggregated                                                                     10472     0(0.00%) |    115       3    1694     89 |  123.70        0.00

Type     Name                                                                          # reqs      # fails |    Avg     Min     Max    Med |   req/s  failures/s
--------|----------------------------------------------------------------------------|-------|-------------|-------|-------|-------|-------|--------|-----------
GET      /                                                                                329     0(0.00%) |     99       8    1060     67 |    4.70        0.00
GET      /cart                                                                           1413     0(0.00%) |     94       3    1007     68 |   14.70        0.00
POST     /cart [add]                                                                     1829     0(0.00%) |    142       6    1694    110 |   22.30        0.00
POST     /cart/checkout                                                                   653     0(0.00%) |    104       7    1213     96 |    7.10        0.00
GET      /product/[id]                                                                   5472     0(0.00%) |    113       3    1192     85 |   59.30        0.00
POST     /setCurrency                                                                    1063     0(0.00%) |    116       8    1175     80 |   12.60        0.00
--------|----------------------------------------------------------------------------|-------|-------------|-------|-------|-------|-------|--------|-----------
         Aggregated                                                                     10759     0(0.00%) |    115       3    1694     88 |  120.70        0.00

Type     Name                                                                          # reqs      # fails |    Avg     Min     Max    Med |   req/s  failures/s
--------|----------------------------------------------------------------------------|-------|-------------|-------|-------|-------|-------|--------|-----------
GET      /                                                                                334     0(0.00%) |     99       8    1060     67 |    3.70        0.00
GET      /cart                                                                           1439     0(0.00%) |     94       3    1007     69 |   14.50        0.00
POST     /cart [add]                                                                     1877     0(0.00%) |    142       6    1694    110 |   22.60        0.00
POST     /cart/checkout                                                                   673     0(0.00%) |    103       7    1213     96 |    7.30        0.00
GET      /product/[id]                                                                   5593     0(0.00%) |    113       3    1192     86 |   58.50        0.00
POST     /setCurrency                                                                    1093     0(0.00%) |    116       8    1175     81 |   14.20        0.00
--------|----------------------------------------------------------------------------|-------|-------------|-------|-------|-------|-------|--------|-----------
         Aggregated                                                                     11009     0(0.00%) |    115       3    1694     89 |  120.80        0.00

Type     Name                                                                          # reqs      # fails |    Avg     Min     Max    Med |   req/s  failures/s
--------|----------------------------------------------------------------------------|-------|-------------|-------|-------|-------|-------|--------|-----------
GET      /                                                                                340     0(0.00%) |     99       8    1060     67 |    3.80        0.00
GET      /cart                                                                           1476     0(0.00%) |     94       3    1007     69 |   16.00        0.00
POST     /cart [add]                                                                     1932     0(0.00%) |    141       6    1694    110 |   23.30        0.00
POST     /cart/checkout                                                                   698     0(0.00%) |    104       7    1213     96 |    8.10        0.00
GET      /product/[id]                                                                   5703     0(0.00%) |    112       3    1192     86 |   64.60        0.00
POST     /setCurrency                                                                    1130     0(0.00%) |    116       8    1175     82 |   14.90        0.00
--------|----------------------------------------------------------------------------|-------|-------------|-------|-------|-------|-------|--------|-----------
         Aggregated                                                                     11279     0(0.00%) |    114       3    1694     89 |  130.70        0.00

Type     Name                                                                          # reqs      # fails |    Avg     Min     Max    Med |   req/s  failures/s
--------|----------------------------------------------------------------------------|-------|-------------|-------|-------|-------|-------|--------|-----------
GET      /                                                                                349     0(0.00%) |     98       8    1060     67 |    3.90        0.00
GET      /cart                                                                           1517     0(0.00%) |     93       3    1007     69 |   15.90        0.00
POST     /cart [add]                                                                     1984     0(0.00%) |    141       6    1694    110 |   23.60        0.00
POST     /cart/checkout                                                                   721     0(0.00%) |    103       7    1213     96 |    8.90        0.00
GET      /product/[id]                                                                   5836     0(0.00%) |    111       3    1192     86 |   63.00        0.00
POST     /setCurrency                                                                    1161     0(0.00%) |    115       8    1175     81 |   15.10        0.00
--------|----------------------------------------------------------------------------|-------|-------------|-------|-------|-------|-------|--------|-----------
         Aggregated                                                                     11568     0(0.00%) |    113       3    1694     89 |  130.40        0.00

Type     Name                                                                          # reqs      # fails |    Avg     Min     Max    Med |   req/s  failures/s
--------|----------------------------------------------------------------------------|-------|-------------|-------|-------|-------|-------|--------|-----------
GET      /                                                                                359     0(0.00%) |     97       8    1060     67 |    3.70        0.00
GET      /cart                                                                           1558     0(0.00%) |     93       3    1007     69 |   16.30        0.00
POST     /cart [add]                                                                     2030     0(0.00%) |    140       6    1694    110 |   23.60        0.00
POST     /cart/checkout                                                                   737     0(0.00%) |    103       7    1213     96 |   10.30        0.00
GET      /product/[id]                                                                   5971     0(0.00%) |    111       3    1192     85 |   63.30        0.00
POST     /setCurrency                                                                    1187     0(0.00%) |    114       8    1175     81 |   15.70        0.00
--------|----------------------------------------------------------------------------|-------|-------------|-------|-------|-------|-------|--------|-----------
         Aggregated                                                                     11842     0(0.00%) |    113       3    1694     89 |  132.90        0.00

Type     Name                                                                          # reqs      # fails |    Avg     Min     Max    Med |   req/s  failures/s
--------|----------------------------------------------------------------------------|-------|-------------|-------|-------|-------|-------|--------|-----------
GET      /                                                                                364     0(0.00%) |     98       8    1060     67 |    3.40        0.00
GET      /cart                                                                           1597     0(0.00%) |     93       3    1007     69 |   17.40        0.00
POST     /cart [add]                                                                     2073     0(0.00%) |    140       6    1694    110 |   24.80        0.00
POST     /cart/checkout                                                                   753     0(0.00%) |    103       7    1213     96 |   10.50        0.00
GET      /product/[id]                                                                   6087     0(0.00%) |    111       3    1192     86 |   63.90        0.00
POST     /setCurrency                                                                    1215     0(0.00%) |    114       8    1175     82 |   15.70        0.00
--------|----------------------------------------------------------------------------|-------|-------------|-------|-------|-------|-------|--------|-----------
         Aggregated                                                                     12089     0(0.00%) |    113       3    1694     89 |  135.70        0.00

Type     Name                                                                          # reqs      # fails |    Avg     Min     Max    Med |   req/s  failures/s
--------|----------------------------------------------------------------------------|-------|-------------|-------|-------|-------|-------|--------|-----------
GET      /                                                                                371     0(0.00%) |     98       8    1060     68 |    3.50        0.00
GET      /cart                                                                           1627     0(0.00%) |     93       3    1007     69 |   18.20        0.00
POST     /cart [add]                                                                     2124     0(0.00%) |    139       6    1694    110 |   23.60        0.00
POST     /cart/checkout                                                                   781     0(0.00%) |    102       7    1213     96 |    9.70        0.00
GET      /product/[id]                                                                   6215     0(0.00%) |    110       3    1192     86 |   63.60        0.00
POST     /setCurrency                                                                    1252     0(0.00%) |    114       8    1175     83 |   15.20        0.00
--------|----------------------------------------------------------------------------|-------|-------------|-------|-------|-------|-------|--------|-----------
         Aggregated                                                                     12370     0(0.00%) |    112       3    1694     90 |  133.80        0.00

Type     Name                                                                          # reqs      # fails |    Avg     Min     Max    Med |   req/s  failures/s
--------|----------------------------------------------------------------------------|-------|-------------|-------|-------|-------|-------|--------|-----------
GET      /                                                                                378     0(0.00%) |     97       8    1060     67 |    3.70        0.00
GET      /cart                                                                           1667     0(0.00%) |     93       3    1007     69 |   18.50        0.00
POST     /cart [add]                                                                     2174     0(0.00%) |    138       6    1694    110 |   25.10        0.00
POST     /cart/checkout                                                                   801     0(0.00%) |    102       7    1213     96 |   11.60        0.00
GET      /product/[id]                                                                   6353     0(0.00%) |    110       3    1192     86 |   61.80        0.00
POST     /setCurrency                                                                    1273     0(0.00%) |    113       8    1175     82 |   15.30        0.00
--------|----------------------------------------------------------------------------|-------|-------------|-------|-------|-------|-------|--------|-----------
         Aggregated                                                                     12646     0(0.00%) |    112       3    1694     90 |  136.00        0.00

Type     Name                                                                          # reqs      # fails |    Avg     Min     Max    Med |   req/s  failures/s
--------|----------------------------------------------------------------------------|-------|-------------|-------|-------|-------|-------|--------|-----------
GET      /                                                                                388     0(0.00%) |     96       8    1060     67 |    3.80        0.00
GET      /cart                                                                           1713     0(0.00%) |     93       3    1007     69 |   19.20        0.00
POST     /cart [add]                                                                     2211     0(0.00%) |    138       6    1694    110 |   24.40        0.00
POST     /cart/checkout                                                                   815     0(0.00%) |    102       7    1213     96 |   10.40        0.00
GET      /product/[id]                                                                   6485     0(0.00%) |    110       3    1192     86 |   64.40        0.00
POST     /setCurrency                                                                    1296     0(0.00%) |    113       8    1175     82 |   14.50        0.00
--------|----------------------------------------------------------------------------|-------|-------------|-------|-------|-------|-------|--------|-----------
         Aggregated                                                                     12908     0(0.00%) |    112       3    1694     90 |  136.70        0.00

Type     Name                                                                          # reqs      # fails |    Avg     Min     Max    Med |   req/s  failures/s
--------|----------------------------------------------------------------------------|-------|-------------|-------|-------|-------|-------|--------|-----------
GET      /                                                                                398     0(0.00%) |     97       8    1060     67 |    3.90        0.00
GET      /cart                                                                           1752     0(0.00%) |     93       3    1007     70 |   19.20        0.00
POST     /cart [add]                                                                     2249     0(0.00%) |    138       6    1694    110 |   23.70        0.00
POST     /cart/checkout                                                                   829     0(0.00%) |    102       7    1213     96 |   10.00        0.00
GET      /product/[id]                                                                   6621     0(0.00%) |    109       3    1192     86 |   64.60        0.00
POST     /setCurrency                                                                    1317     0(0.00%) |    112       8    1175     82 |   14.10        0.00
--------|----------------------------------------------------------------------------|-------|-------------|-------|-------|-------|-------|--------|-----------
         Aggregated                                                                     13166     0(0.00%) |    112       3    1694     90 |  135.50        0.00

Type     Name                                                                          # reqs      # fails |    Avg     Min     Max    Med |   req/s  failures/s
--------|----------------------------------------------------------------------------|-------|-------------|-------|-------|-------|-------|--------|-----------
GET      /                                                                                403     0(0.00%) |     97       8    1060     68 |    4.30        0.00
GET      /cart                                                                           1783     0(0.00%) |     93       3    1007     70 |   19.00        0.00
POST     /cart [add]                                                                     2284     0(0.00%) |    138       6    1694    110 |   22.00        0.00
POST     /cart/checkout                                                                   846     0(0.00%) |    102       7    1213     96 |    9.20        0.00
GET      /product/[id]                                                                   6748     0(0.00%) |    110       3    1192     87 |   64.60        0.00
POST     /setCurrency                                                                    1341     0(0.00%) |    112       8    1175     82 |   13.20        0.00
--------|----------------------------------------------------------------------------|-------|-------------|-------|-------|-------|-------|--------|-----------
         Aggregated                                                                     13405     0(0.00%) |    112       3    1694     90 |  132.30        0.00

Type     Name                                                                          # reqs      # fails |    Avg     Min     Max    Med |   req/s  failures/s
--------|----------------------------------------------------------------------------|-------|-------------|-------|-------|-------|-------|--------|-----------
GET      /                                                                                407     0(0.00%) |    103       8    1078     69 |    3.90        0.00
GET      /cart                                                                           1806     0(0.00%) |     96       3    1062     71 |   18.90        0.00
POST     /cart [add]                                                                     2296     0(0.00%) |    139       6    1694    110 |   22.00        0.00
POST     /cart/checkout                                                                   848     0(0.00%) |    102       7    1213     96 |    9.60        0.00
GET      /product/[id]                                                                   6820     0(0.00%) |    112       3    1200     88 |   65.90        0.00
POST     /setCurrency                                                                    1366     0(0.00%) |    117       8    1225     84 |   12.60        0.00
--------|----------------------------------------------------------------------------|-------|-------------|-------|-------|-------|-------|--------|-----------
         Aggregated                                                                     13543     0(0.00%) |    114       3    1694     91 |  132.90        0.00

Type     Name                                                                          # reqs      # fails |    Avg     Min     Max    Med |   req/s  failures/s
--------|----------------------------------------------------------------------------|-------|-------------|-------|-------|-------|-------|--------|-----------
GET      /                                                                                411     0(0.00%) |    104       8    1078     69 |    3.45        0.00
GET      /cart                                                                           1829     0(0.00%) |     96       3    1062     71 |   15.35        0.00
POST     /cart [add]                                                                     2320     0(0.00%) |    142       6    1694    110 |   19.47        0.00
POST     /cart/checkout                                                                   854     0(0.00%) |    103       7    1213     96 |    7.17        0.00
GET      /product/[id]                                                                   6872     0(0.00%) |    113       3    1232     88 |   57.68        0.00
POST     /setCurrency                                                                    1375     0(0.00%) |    117       8    1225     83 |   11.54        0.00
--------|----------------------------------------------------------------------------|-------|-------------|-------|-------|-------|-------|--------|-----------
         Aggregated                                                                     13661     0(0.00%) |    115       3    1694     91 |  114.66        0.00

Response time percentiles (approximated)
Type     Name                                                                                  50%    66%    75%    80%    90%    95%    98%    99%  99.9% 99.99%   100% # reqs
--------|--------------------------------------------------------------------------------|--------|------|------|------|------|------|------|------|------|------|------|------
GET      /                                                                                      69     95    120    140    190    310    720    910   1100   1100   1100    411
GET      /cart                                                                                  71     95    110    130    180    260    590    750   1000   1100   1100   1829
POST     /cart [add]                                                                           110    140    160    170    210    310    880   1100   1600   1700   1700   2320
POST     /cart/checkout                                                                         96     99    100    100    180    200    290    820   1200   1200   1200    854
GET      /product/[id]                                                                          88    110    140    150    180    280    710    860   1200   1200   1200   6872
POST     /setCurrency                                                                           83    120    140    160    210    350    700    900   1200   1200   1200   1375
--------|--------------------------------------------------------------------------------|--------|------|------|------|------|------|------|------|------|------|------|------
         Aggregated                                                                             91    110    140    150    190    280    700    890   1200   1600   1700  13661

