/Users/edias/Library/Python/3.9/lib/python/site-packages/urllib3/__init__.py:35: NotOpenSSLWarning: urllib3 v2 only supports OpenSSL 1.1.1+, currently the 'ssl' module is compiled with 'LibreSSL 2.8.3'. See: https://github.com/urllib3/urllib3/issues/3020
  warnings.warn(
/Users/edias/Library/Python/3.9/lib/python/site-packages/urllib3/__init__.py:35: NotOpenSSLWarning: urllib3 v2 only supports OpenSSL 1.1.1+, currently the 'ssl' module is compiled with 'LibreSSL 2.8.3'. See: https://github.com/urllib3/urllib3/issues/3020
  warnings.warn(
[2026-04-19 17:58:50,516] Mac/WARNING/locust.main: Python 3.9 support is deprecated and will be removed soon
[2026-04-19 17:58:50,516] Mac/WARNING/locust.main: Python 3.9 support is deprecated and will be removed soon
Type     Name                                                                          # reqs      # fails |    Avg     Min     Max    Med |   req/s  failures/s
Type     Name                    # reqs      # fails |    Avg     Min     Max    Med |   req/s  failures/s
--------|----------------------------------------------------------------------------|-------|-------------|-------|-------|-------|-------|--------|-----------
--------|----------------------|-------|-------------|-------|-------|-------|-------|--------|-----------
--------|----------------------------------------------------------------------------|-------|-------------|-------|-------|-------|-------|--------|-----------
--------|----------------------|-------|-------------|-------|-------|-------|-------|--------|-----------
         Aggregated                                                                         0     0(0.00%) |      0       0       0      0 |    0.00        0.00
         Aggregated                   0     0(0.00%) |      0       0       0      0 |    0.00        0.00


Type     Name                    # reqs      # fails |    Avg     Min     Max    Med |   req/s  failures/s
--------|----------------------|-------|-------------|-------|-------|-------|-------|--------|-----------
GET      /cart                        1     0(0.00%) |     87      87      87     87 |    0.00        0.00
Type     Name                                                                          # reqs      # fails |    Avg     Min     Max    Med |   req/s  failures/s
POST     /cart [add]                  1     0(0.00%) |    100     100     100    100 |    0.00        0.00
GET      /product/[id]                2     0(0.00%) |     76      55      96     56 |    0.00        0.00
--------|----------------------|-------|-------------|-------|-------|-------|-------|--------|-----------
--------|----------------------------------------------------------------------------|-------|-------------|-------|-------|-------|-------|--------|-----------
         Aggregated                   4     0(0.00%) |     85      55     100     87 |    0.00        0.00

POST     /cart [add]                                                                        2     0(0.00%) |     99      96     101     97 |    0.00        0.00
GET      /product/[id]                                                                      2     0(0.00%) |     96      94      98     95 |    0.00        0.00
--------|----------------------------------------------------------------------------|-------|-------------|-------|-------|-------|-------|--------|-----------
         Aggregated                                                                         4     0(0.00%) |     97      94     101     97 |    0.00        0.00

Type     Name                    # reqs      # fails |    Avg     Min     Max    Med |   req/s  failures/s
--------|----------------------|-------|-------------|-------|-------|-------|-------|--------|-----------
GET      /cart                        2     0(0.00%) |     52      17      87     18 |    1.00        0.00
POST     /cart [add]                  2     0(0.00%) |     59      17     100     18 |    0.00        0.00
GET      /product/[id]                5     0(0.00%) |     59      20      96     56 |    1.00        0.00
--------|----------------------|-------|-------------|-------|-------|-------|-------|--------|-----------
         Aggregated                   9     0(0.00%) |     58      17     100     56 |    2.00        0.00

Type     Name                                                                          # reqs      # fails |    Avg     Min     Max    Med |   req/s  failures/s
--------|----------------------------------------------------------------------------|-------|-------------|-------|-------|-------|-------|--------|-----------
POST     /cart [add]                                                                        2     0(0.00%) |     99      96     101     97 |    1.00        0.00
GET      /product/[id]                                                                      8     0(0.00%) |     44      11      98     18 |    1.00        0.00
POST     /setCurrency                                                                       2     0(0.00%) |     58      28      87     29 |    0.00        0.00
--------|----------------------------------------------------------------------------|-------|-------------|-------|-------|-------|-------|--------|-----------
         Aggregated                                                                        12     0(0.00%) |     55      11     101     29 |    2.00        0.00

Type     Name                    # reqs      # fails |    Avg     Min     Max    Med |   req/s  failures/s
--------|----------------------|-------|-------------|-------|-------|-------|-------|--------|-----------
GET      /cart                        2     0(0.00%) |     52      17      87     18 |    0.50        0.00
POST     /cart [add]                  3     0(0.00%) |     47      17     100     25 |    0.50        0.00
POST     /cart/checkout               1     0(0.00%) |     24      24      24     24 |    0.00        0.00
GET      /product/[id]               13     0(0.00%) |     41      16      96     37 |    1.25        0.00
--------|----------------------|-------|-------------|-------|-------|-------|-------|--------|-----------
         Aggregated                  19     0(0.00%) |     42      16     100     27 |    2.25        0.00

Type     Name                                                                          # reqs      # fails |    Avg     Min     Max    Med |   req/s  failures/s
--------|----------------------------------------------------------------------------|-------|-------------|-------|-------|-------|-------|--------|-----------
GET      /                                                                                  1     0(0.00%) |     93      93      93     93 |    0.00        0.00
GET      /cart                                                                              2     0(0.00%) |     13      12      14     12 |    0.00        0.00
POST     /cart [add]                                                                        2     0(0.00%) |     99      96     101     97 |    0.67        0.00
GET      /product/[id]                                                                     13     0(0.00%) |     35      11      98     19 |    1.00        0.00
POST     /setCurrency                                                                       3     0(0.00%) |     48      28      87     30 |    0.33        0.00
--------|----------------------------------------------------------------------------|-------|-------------|-------|-------|-------|-------|--------|-----------
         Aggregated                                                                        21     0(0.00%) |     44      11     101     24 |    2.00        0.00

Type     Name                    # reqs      # fails |    Avg     Min     Max    Med |   req/s  failures/s
--------|----------------------|-------|-------------|-------|-------|-------|-------|--------|-----------
GET      /cart                        2     0(0.00%) |     52      17      87     18 |    0.33        0.00
POST     /cart [add]                  6     0(0.00%) |     35      17     100     23 |    0.33        0.00
POST     /cart/checkout               1     0(0.00%) |     24      24      24     24 |    0.00        0.00
GET      /product/[id]               20     0(0.00%) |     33      11      96     26 |    2.17        0.00
POST     /setCurrency                 1     0(0.00%) |     20      20      20     20 |    0.00        0.00
--------|----------------------|-------|-------------|-------|-------|-------|-------|--------|-----------
         Aggregated                  30     0(0.00%) |     34      11     100     24 |    2.83        0.00

Type     Name                                                                          # reqs      # fails |    Avg     Min     Max    Med |   req/s  failures/s
--------|----------------------------------------------------------------------------|-------|-------------|-------|-------|-------|-------|--------|-----------
GET      /                                                                                  1     0(0.00%) |     93      93      93     93 |    0.17        0.00
GET      /cart                                                                              3     0(0.00%) |     16      12      21     14 |    0.33        0.00
POST     /cart [add]                                                                        4     0(0.00%) |     64      22     101     38 |    0.33        0.00
GET      /product/[id]                                                                     21     0(0.00%) |     29      11      98     19 |    2.17        0.00
POST     /setCurrency                                                                       4     0(0.00%) |     42      21      87     29 |    0.50        0.00
--------|----------------------------------------------------------------------------|-------|-------------|-------|-------|-------|-------|--------|-----------
         Aggregated                                                                        33     0(0.00%) |     35      11     101     22 |    3.50        0.00

Type     Name                    # reqs      # fails |    Avg     Min     Max    Med |   req/s  failures/s
--------|----------------------|-------|-------------|-------|-------|-------|-------|--------|-----------
GET      /cart                        4     0(0.00%) |     34      15      87     16 |    0.25        0.00
POST     /cart [add]                  8     0(0.00%) |     32      17     100     23 |    0.62        0.00
POST     /cart/checkout               2     0(0.00%) |     26      24      28     24 |    0.12        0.00
GET      /product/[id]               30     0(0.00%) |     32      11      96     22 |    2.50        0.00
POST     /setCurrency                 3     0(0.00%) |     46      20      93     27 |    0.12        0.00
--------|----------------------|-------|-------------|-------|-------|-------|-------|--------|-----------
         Aggregated                  47     0(0.00%) |     33      11     100     23 |    3.62        0.00

Type     Name                                                                          # reqs      # fails |    Avg     Min     Max    Med |   req/s  failures/s
--------|----------------------------------------------------------------------------|-------|-------------|-------|-------|-------|-------|--------|-----------
GET      /                                                                                  1     0(0.00%) |     93      93      93     93 |    0.12        0.00
GET      /cart                                                                              5     0(0.00%) |     15      12      21     14 |    0.38        0.00
POST     /cart [add]                                                                        6     0(0.00%) |     63      22     101     38 |    0.38        0.00
POST     /cart/checkout                                                                     1     0(0.00%) |     33      33      33     33 |    0.00        0.00
GET      /product/[id]                                                                     28     0(0.00%) |     26      11      98     19 |    2.25        0.00
POST     /setCurrency                                                                       7     0(0.00%) |     44      21      94     29 |    0.50        0.00
--------|----------------------------------------------------------------------------|-------|-------------|-------|-------|-------|-------|--------|-----------
         Aggregated                                                                        48     0(0.00%) |     34      11     101     21 |    3.62        0.00

Type     Name                    # reqs      # fails |    Avg     Min     Max    Med |   req/s  failures/s
--------|----------------------|-------|-------------|-------|-------|-------|-------|--------|-----------
GET      /                            1     0(0.00%) |     17      17      17     17 |    0.00        0.00
GET      /cart                        6     0(0.00%) |     26      10      87     16 |    0.20        0.00
POST     /cart [add]                  9     0(0.00%) |     30      17     100     23 |    0.70        0.00
POST     /cart/checkout               2     0(0.00%) |     26      24      28     24 |    0.20        0.00
GET      /product/[id]               34     0(0.00%) |     30      11      96     20 |    2.90        0.00
POST     /setCurrency                 5     0(0.00%) |     35      17      93     20 |    0.30        0.00
--------|----------------------|-------|-------------|-------|-------|-------|-------|--------|-----------
         Aggregated                  57     0(0.00%) |     30      10     100     20 |    4.30        0.00

Type     Name                                                                          # reqs      # fails |    Avg     Min     Max    Med |   req/s  failures/s
--------|----------------------------------------------------------------------------|-------|-------------|-------|-------|-------|-------|--------|-----------
GET      /                                                                                  1     0(0.00%) |     93      93      93     93 |    0.10        0.00
GET      /cart                                                                              8     0(0.00%) |     14       9      21     13 |    0.40        0.00
POST     /cart [add]                                                                        9     0(0.00%) |     47      14     101     31 |    0.60        0.00
POST     /cart/checkout                                                                     3     0(0.00%) |     22      13      33     19 |    0.10        0.00
GET      /product/[id]                                                                     29     0(0.00%) |     25      11      98     19 |    2.70        0.00
POST     /setCurrency                                                                       7     0(0.00%) |     44      21      94     29 |    0.70        0.00
--------|----------------------------------------------------------------------------|-------|-------------|-------|-------|-------|-------|--------|-----------
         Aggregated                                                                        57     0(0.00%) |     30       9     101     19 |    4.60        0.00

Type     Name                    # reqs      # fails |    Avg     Min     Max    Med |   req/s  failures/s
--------|----------------------|-------|-------------|-------|-------|-------|-------|--------|-----------
GET      /                            1     0(0.00%) |     17      17      17     17 |    0.00        0.00
GET      /cart                        8     0(0.00%) |     23       9      87     16 |    0.30        0.00
POST     /cart [add]                 14     0(0.00%) |     25      12     100     18 |    0.80        0.00
POST     /cart/checkout               3     0(0.00%) |     22      14      28     24 |    0.20        0.00
GET      /product/[id]               37     0(0.00%) |     29      11      96     21 |    3.20        0.00
POST     /setCurrency                 5     0(0.00%) |     35      17      93     20 |    0.50        0.00
--------|----------------------|-------|-------------|-------|-------|-------|-------|--------|-----------
         Aggregated                  68     0(0.00%) |     27       9     100     19 |    5.00        0.00

Type     Name                                                                          # reqs      # fails |    Avg     Min     Max    Med |   req/s  failures/s
--------|----------------------------------------------------------------------------|-------|-------------|-------|-------|-------|-------|--------|-----------
GET      /                                                                                  1     0(0.00%) |     93      93      93     93 |    0.10        0.00
GET      /cart                                                                             10     0(0.00%) |     13       9      21     13 |    0.80        0.00
POST     /cart [add]                                                                       11     0(0.00%) |     43      14     101     28 |    0.60        0.00
POST     /cart/checkout                                                                     4     0(0.00%) |     21      13      33     19 |    0.20        0.00
GET      /product/[id]                                                                     38     0(0.00%) |     23      10      98     17 |    2.70        0.00
POST     /setCurrency                                                                       9     0(0.00%) |     39      21      94     26 |    0.70        0.00
--------|----------------------------------------------------------------------------|-------|-------------|-------|-------|-------|-------|--------|-----------
         Aggregated                                                                        73     0(0.00%) |     27       9     101     19 |    5.10        0.00

Type     Name                    # reqs      # fails |    Avg     Min     Max    Med |   req/s  failures/s
--------|----------------------|-------|-------------|-------|-------|-------|-------|--------|-----------
GET      /                            2     0(0.00%) |     15      14      17     15 |    0.10        0.00
GET      /cart                       10     0(0.00%) |     21       9      87     16 |    0.50        0.00
POST     /cart [add]                 18     0(0.00%) |     23      12     100     18 |    1.10        0.00
POST     /cart/checkout               6     0(0.00%) |     19      14      28     18 |    0.30        0.00
GET      /product/[id]               44     0(0.00%) |     27       8      96     20 |    3.00        0.00
POST     /setCurrency                 6     0(0.00%) |     33      17      93     20 |    0.50        0.00
--------|----------------------|-------|-------------|-------|-------|-------|-------|--------|-----------
         Aggregated                  86     0(0.00%) |     25       8     100     18 |    5.50        0.00

Type     Name                                                                          # reqs      # fails |    Avg     Min     Max    Med |   req/s  failures/s
--------|----------------------------------------------------------------------------|-------|-------------|-------|-------|-------|-------|--------|-----------
GET      /                                                                                  1     0(0.00%) |     93      93      93     93 |    0.10        0.00
GET      /cart                                                                             12     0(0.00%) |     14       9      23     13 |    1.00        0.00
POST     /cart [add]                                                                       15     0(0.00%) |     36      12     101     19 |    0.80        0.00
POST     /cart/checkout                                                                     5     0(0.00%) |     20      13      33     19 |    0.30        0.00
GET      /product/[id]                                                                     46     0(0.00%) |     21      10      98     17 |    3.20        0.00
POST     /setCurrency                                                                      10     0(0.00%) |     38      21      94     26 |    0.60        0.00
--------|----------------------------------------------------------------------------|-------|-------------|-------|-------|-------|-------|--------|-----------
         Aggregated                                                                        89     0(0.00%) |     25       9     101     19 |    6.00        0.00

Type     Name                    # reqs      # fails |    Avg     Min     Max    Med |   req/s  failures/s
--------|----------------------|-------|-------------|-------|-------|-------|-------|--------|-----------
GET      /                            2     0(0.00%) |     15      14      17     15 |    0.20        0.00
GET      /cart                       11     0(0.00%) |     20       9      87     16 |    0.70        0.00
POST     /cart [add]                 21     0(0.00%) |     22      12     100     19 |    1.50        0.00
POST     /cart/checkout               7     0(0.00%) |     19      14      28     18 |    0.50        0.00
GET      /product/[id]               51     0(0.00%) |     26       8      96     18 |    2.70        0.00
POST     /setCurrency                 6     0(0.00%) |     33      17      93     20 |    0.60        0.00
--------|----------------------|-------|-------------|-------|-------|-------|-------|--------|-----------
         Aggregated                  98     0(0.00%) |     24       8     100     18 |    6.20        0.00

Type     Name                                                                          # reqs      # fails |    Avg     Min     Max    Med |   req/s  failures/s
--------|----------------------------------------------------------------------------|-------|-------------|-------|-------|-------|-------|--------|-----------
GET      /                                                                                  2     0(0.00%) |     60      27      93     27 |    0.00        0.00
GET      /cart                                                                             13     0(0.00%) |     14       9      23     13 |    1.00        0.00
POST     /cart [add]                                                                       18     0(0.00%) |     32      12     101     19 |    1.30        0.00
POST     /cart/checkout                                                                     6     0(0.00%) |     20      13      33     19 |    0.50        0.00
GET      /product/[id]                                                                     52     0(0.00%) |     21      10      98     17 |    3.20        0.00
POST     /setCurrency                                                                      11     0(0.00%) |     41      21      94     29 |    0.60        0.00
--------|----------------------------------------------------------------------------|-------|-------------|-------|-------|-------|-------|--------|-----------
         Aggregated                                                                       102     0(0.00%) |     25       9     101     19 |    6.60        0.00

Type     Name                    # reqs      # fails |    Avg     Min     Max    Med |   req/s  failures/s
--------|----------------------|-------|-------------|-------|-------|-------|-------|--------|-----------
GET      /                            2     0(0.00%) |     15      14      17     15 |    0.20        0.00
GET      /cart                       12     0(0.00%) |     20       9      87     16 |    0.90        0.00
POST     /cart [add]                 24     0(0.00%) |     22      12     100     19 |    1.40        0.00
POST     /cart/checkout               7     0(0.00%) |     19      14      28     18 |    0.50        0.00
GET      /product/[id]               56     0(0.00%) |     25       8      96     18 |    3.00        0.00
POST     /setCurrency                10     0(0.00%) |     30      16      93     20 |    0.50        0.00
--------|----------------------|-------|-------------|-------|-------|-------|-------|--------|-----------
         Aggregated                 111     0(0.00%) |     24       8     100     18 |    6.50        0.00

Type     Name                                                                          # reqs      # fails |    Avg     Min     Max    Med |   req/s  failures/s
--------|----------------------------------------------------------------------------|-------|-------------|-------|-------|-------|-------|--------|-----------
GET      /                                                                                  4     0(0.00%) |     38      14      93     19 |    0.00        0.00
GET      /cart                                                                             15     0(0.00%) |     13       9      23     13 |    1.00        0.00
POST     /cart [add]                                                                       20     0(0.00%) |     31      12     101     19 |    1.40        0.00
POST     /cart/checkout                                                                     7     0(0.00%) |     20      13      33     21 |    0.50        0.00
GET      /product/[id]                                                                     56     0(0.00%) |     20      10      98     15 |    3.10        0.00
POST     /setCurrency                                                                      11     0(0.00%) |     41      21      94     29 |    0.70        0.00
--------|----------------------------------------------------------------------------|-------|-------------|-------|-------|-------|-------|--------|-----------
         Aggregated                                                                       113     0(0.00%) |     24       9     101     18 |    6.70        0.00

Type     Name                    # reqs      # fails |    Avg     Min     Max    Med |   req/s  failures/s
--------|----------------------|-------|-------------|-------|-------|-------|-------|--------|-----------
GET      /                            3     0(0.00%) |     16      14      17     17 |    0.20        0.00
GET      /cart                       14     0(0.00%) |     19       9      87     16 |    0.90        0.00
POST     /cart [add]                 28     0(0.00%) |     22      12     100     19 |    1.50        0.00
POST     /cart/checkout               9     0(0.00%) |     19      14      28     20 |    0.50        0.00
GET      /product/[id]               58     0(0.00%) |     24       8      96     17 |    2.70        0.00
POST     /setCurrency                11     0(0.00%) |     29      16      93     20 |    0.50        0.00
--------|----------------------|-------|-------------|-------|-------|-------|-------|--------|-----------
         Aggregated                 123     0(0.00%) |     23       8     100     18 |    6.30        0.00

Type     Name                                                                          # reqs      # fails |    Avg     Min     Max    Med |   req/s  failures/s
--------|----------------------------------------------------------------------------|-------|-------------|-------|-------|-------|-------|--------|-----------
GET      /                                                                                  5     0(0.00%) |     33      14      93     19 |    0.30        0.00
GET      /cart                                                                             16     0(0.00%) |     13       9      23     13 |    1.10        0.00
POST     /cart [add]                                                                       22     0(0.00%) |     29      12     101     19 |    1.30        0.00
POST     /cart/checkout                                                                     8     0(0.00%) |     19      12      33     19 |    0.50        0.00
GET      /product/[id]                                                                     64     0(0.00%) |     19       9      98     13 |    2.90        0.00
POST     /setCurrency                                                                      15     0(0.00%) |     35      16      94     23 |    0.40        0.00
--------|----------------------------------------------------------------------------|-------|-------------|-------|-------|-------|-------|--------|-----------
         Aggregated                                                                       130     0(0.00%) |     22       9     101     17 |    6.50        0.00

Type     Name                    # reqs      # fails |    Avg     Min     Max    Med |   req/s  failures/s
--------|----------------------|-------|-------------|-------|-------|-------|-------|--------|-----------
GET      /                            3     0(0.00%) |     16      14      17     17 |    0.30        0.00
GET      /cart                       17     0(0.00%) |     19       9      87     16 |    1.00        0.00
POST     /cart [add]                 29     0(0.00%) |     22      12     100     19 |    1.80        0.00
POST     /cart/checkout              10     0(0.00%) |     19      14      28     20 |    0.70        0.00
GET      /product/[id]               66     0(0.00%) |     23       8      96     17 |    2.30        0.00
POST     /setCurrency                12     0(0.00%) |     28      16      93     19 |    0.50        0.00
--------|----------------------|-------|-------------|-------|-------|-------|-------|--------|-----------
         Aggregated                 137     0(0.00%) |     22       8     100     18 |    6.60        0.00

Type     Name                                                                          # reqs      # fails |    Avg     Min     Max    Med |   req/s  failures/s
--------|----------------------------------------------------------------------------|-------|-------------|-------|-------|-------|-------|--------|-----------
GET      /                                                                                  6     0(0.00%) |     30      14      93     16 |    0.40        0.00
GET      /cart                                                                             16     0(0.00%) |     13       9      23     13 |    0.80        0.00
POST     /cart [add]                                                                       24     0(0.00%) |     28      12     101     19 |    1.30        0.00
POST     /cart/checkout                                                                     8     0(0.00%) |     19      12      33     19 |    0.50        0.00
GET      /product/[id]                                                                     73     0(0.00%) |     18       9      98     13 |    3.30        0.00
POST     /setCurrency                                                                      15     0(0.00%) |     35      16      94     23 |    0.70        0.00
--------|----------------------------------------------------------------------------|-------|-------------|-------|-------|-------|-------|--------|-----------
         Aggregated                                                                       142     0(0.00%) |     22       9     101     17 |    7.00        0.00

Type     Name                    # reqs      # fails |    Avg     Min     Max    Med |   req/s  failures/s
--------|----------------------|-------|-------------|-------|-------|-------|-------|--------|-----------
GET      /                            3     0(0.00%) |     16      14      17     17 |    0.20        0.00
GET      /cart                       21     0(0.00%) |     17       8      87     15 |    0.90        0.00
POST     /cart [add]                 32     0(0.00%) |     23      12     100     19 |    1.50        0.00
POST     /cart/checkout              12     0(0.00%) |     19      14      28     19 |    0.60        0.00
GET      /product/[id]               70     0(0.00%) |     23       8      96     17 |    3.00        0.00
POST     /setCurrency                13     0(0.00%) |     27      16      93     20 |    0.70        0.00
--------|----------------------|-------|-------------|-------|-------|-------|-------|--------|-----------
         Aggregated                 151     0(0.00%) |     22       8     100     18 |    6.90        0.00

Type     Name                                                                          # reqs      # fails |    Avg     Min     Max    Med |   req/s  failures/s
--------|----------------------------------------------------------------------------|-------|-------------|-------|-------|-------|-------|--------|-----------
GET      /                                                                                  6     0(0.00%) |     30      14      93     16 |    0.50        0.00
GET      /cart                                                                             18     0(0.00%) |     14       9      25     13 |    0.60        0.00
POST     /cart [add]                                                                       25     0(0.00%) |     28      12     101     19 |    1.30        0.00
POST     /cart/checkout                                                                     8     0(0.00%) |     19      12      33     19 |    0.50        0.00
GET      /product/[id]                                                                     81     0(0.00%) |     18       8      98     13 |    3.10        0.00
POST     /setCurrency                                                                      17     0(0.00%) |     33      14      94     22 |    0.70        0.00
--------|----------------------------------------------------------------------------|-------|-------------|-------|-------|-------|-------|--------|-----------
         Aggregated                                                                       155     0(0.00%) |     21       8     101     16 |    6.70        0.00

Type     Name                    # reqs      # fails |    Avg     Min     Max    Med |   req/s  failures/s
--------|----------------------|-------|-------------|-------|-------|-------|-------|--------|-----------
GET      /                            3     0(0.00%) |     16      14      17     17 |    0.10        0.00
GET      /cart                       22     0(0.00%) |     17       8      87     15 |    1.00        0.00
POST     /cart [add]                 34     0(0.00%) |     22      12     100     19 |    1.40        0.00
POST     /cart/checkout              13     0(0.00%) |     19      14      28     20 |    0.60        0.00
GET      /product/[id]               76     0(0.00%) |     22       8      96     17 |    3.00        0.00
POST     /setCurrency                14     0(0.00%) |     27      16      93     20 |    0.70        0.00
--------|----------------------|-------|-------------|-------|-------|-------|-------|--------|-----------
         Aggregated                 162     0(0.00%) |     22       8     100     18 |    6.80        0.00

Type     Name                                                                          # reqs      # fails |    Avg     Min     Max    Med |   req/s  failures/s
--------|----------------------------------------------------------------------------|-------|-------------|-------|-------|-------|-------|--------|-----------
GET      /                                                                                  6     0(0.00%) |     30      14      93     16 |    0.50        0.00
GET      /cart                                                                             20     0(0.00%) |     14       9      25     13 |    0.60        0.00
POST     /cart [add]                                                                       26     0(0.00%) |     27      12     101     18 |    1.00        0.00
POST     /cart/checkout                                                                     9     0(0.00%) |     19      12      33     19 |    0.30        0.00
GET      /product/[id]                                                                     86     0(0.00%) |     18       8      98     13 |    3.30        0.00
POST     /setCurrency                                                                      18     0(0.00%) |     33      14      94     22 |    0.60        0.00
--------|----------------------------------------------------------------------------|-------|-------------|-------|-------|-------|-------|--------|-----------
         Aggregated                                                                       165     0(0.00%) |     21       8     101     16 |    6.30        0.00

Type     Name                                                                          # reqs      # fails |    Avg     Min     Max    Med |   req/s  failures/s
Type     Name                    # reqs      # fails |    Avg     Min     Max    Med |   req/s  failures/s
--------|----------------------------------------------------------------------------|-------|-------------|-------|-------|-------|-------|--------|-----------
--------|----------------------|-------|-------------|-------|-------|-------|-------|--------|-----------
GET      /                                                                                  7     0(0.00%) |     28      14      93     18 |    0.24        0.00
GET      /                            4     0(0.00%) |     17      14      20     17 |    0.13        0.00
GET      /cart                                                                             20     0(0.00%) |     14       9      25     13 |    0.67        0.00
GET      /cart                       25     0(0.00%) |     16       8      87     13 |    0.84        0.00
POST     /cart [add]                                                                       28     0(0.00%) |     28      12     101     19 |    0.94        0.00
POST     /cart [add]                 39     0(0.00%) |     22      12     100     18 |    1.31        0.00
POST     /cart/checkout                                                                     9     0(0.00%) |     19      12      33     19 |    0.30        0.00
POST     /cart/checkout              14     0(0.00%) |     19      14      28     19 |    0.47        0.00
GET      /product/[id]                                                                     94     0(0.00%) |     17       8      98     13 |    3.16        0.00
GET      /product/[id]               82     0(0.00%) |     22       8      96     17 |    2.76        0.00
POST     /setCurrency                                                                      19     0(0.00%) |     32      14      94     22 |    0.64        0.00
POST     /setCurrency                16     0(0.00%) |     26      15      93     20 |    0.54        0.00
--------|----------------------------------------------------------------------------|-------|-------------|-------|-------|-------|-------|--------|-----------
--------|----------------------|-------|-------------|-------|-------|-------|-------|--------|-----------
         Aggregated                                                                       177     0(0.00%) |     20       8     101     16 |    5.95        0.00
         Aggregated                 180     0(0.00%) |     21       8     100     18 |    6.05        0.00


Response time percentiles (approximated)
Response time percentiles (approximated)
Type     Name                                                                                  50%    66%    75%    80%    90%    95%    98%    99%  99.9% 99.99%   100% # reqs
Type     Name                            50%    66%    75%    80%    90%    95%    98%    99%  99.9% 99.99%   100% # reqs
--------|--------------------------------------------------------------------------------|--------|------|------|------|------|------|------|------|------|------|------|------
--------|--------------------------|--------|------|------|------|------|------|------|------|------|------|------|------
GET      /                                                                                      18     19     27     27     93     93     93     93     93     93     93      7
GET      /                                17     17     20     20     20     20     20     20     20     20     20      4
GET      /cart                                                                                  13     13     15     18     23     26     26     26     26     26     26     20
GET      /cart                            13     16     16     18     21     24     87     87     87     87     87     25
POST     /cart [add]                                                                            19     20     30     31     90     97    100    100    100    100    100     28
POST     /cart [add]                      18     22     25     26     30     36    100    100    100    100    100     39
POST     /cart/checkout                                                                         19     21     21     21     34     34     34     34     34     34     34      9
POST     /cart/checkout                   20     20     21     22     24     28     28     28     28     28     28     14
GET      /product/[id]                                                                          13     17     19     20     23     33     95     98     98     98     98     94
GET      /product/[id]                    17     20     23     25     38     78     88     97     97     97     97     82
POST     /setCurrency                                                                           22     29     32     34     88     95     95     95     95     95     95     19
POST     /setCurrency                     20     26     28     28     33     93     93     93     93     93     93     16
--------|--------------------------------------------------------------------------------|--------|------|------|------|------|------|------|------|------|------|------|------
--------|--------------------------|--------|------|------|------|------|------|------|------|------|------|------|------
         Aggregated                                                                             16     19     20     22     31     86     95     98    100    100    100    177
         Aggregated                       18     20     23     25     29     56     88     97    100    100    100    180


