/Users/edias/Library/Python/3.9/lib/python/site-packages/urllib3/__init__.py:35: NotOpenSSLWarning: urllib3 v2 only supports OpenSSL 1.1.1+, currently the 'ssl' module is compiled with 'LibreSSL 2.8.3'. See: https://github.com/urllib3/urllib3/issues/3020
  warnings.warn(
[2026-05-21 10:24:19,853] MacBook-Air-de-Eduardo/WARNING/locust.main: Python 3.9 support is deprecated and will be removed soon
Type     Name                                                                          # reqs      # fails |    Avg     Min     Max    Med |   req/s  failures/s
--------|----------------------------------------------------------------------------|-------|-------------|-------|-------|-------|-------|--------|-----------
--------|----------------------------------------------------------------------------|-------|-------------|-------|-------|-------|-------|--------|-----------
         Aggregated                                                                         0     0(0.00%) |      0       0       0      0 |    0.00        0.00

Type     Name                                                                          # reqs      # fails |    Avg     Min     Max    Med |   req/s  failures/s
--------|----------------------------------------------------------------------------|-------|-------------|-------|-------|-------|-------|--------|-----------
GET      /cart                                                                              4     0(0.00%) |     17      15      21     17 |    0.00        0.00
POST     /cart [add]                                                                        8     0(0.00%) |     39      19     126     31 |    0.00        0.00
POST     /cart/checkout                                                                     2     0(0.00%) |     26      25      28     26 |    0.00        0.00
GET      /product/[id]                                                                      9     0(0.00%) |     19      14      27     19 |    0.00        0.00
POST     /setCurrency                                                                       1     0(0.00%) |     38      38      38     38 |    0.00        0.00
--------|----------------------------------------------------------------------------|-------|-------------|-------|-------|-------|-------|--------|-----------
         Aggregated                                                                        24     0(0.00%) |     27      14     126     23 |    0.00        0.00

Type     Name                                                                          # reqs      # fails |    Avg     Min     Max    Med |   req/s  failures/s
--------|----------------------------------------------------------------------------|-------|-------------|-------|-------|-------|-------|--------|-----------
GET      /cart                                                                             10     0(0.00%) |     17      13      23     17 |    1.50        0.00
POST     /cart [add]                                                                       19     0(0.00%) |     30      18     126     24 |    2.00        0.00
POST     /cart/checkout                                                                     6     0(0.00%) |     25      21      28     25 |    0.50        0.00
GET      /product/[id]                                                                     31     0(0.00%) |     18      12      27     18 |    2.00        0.00
POST     /setCurrency                                                                       6     0(0.00%) |     27      18      38     26 |    0.50        0.00
--------|----------------------------------------------------------------------------|-------|-------------|-------|-------|-------|-------|--------|-----------
         Aggregated                                                                        72     0(0.00%) |     22      12     126     20 |    6.50        0.00

Type     Name                                                                          # reqs      # fails |    Avg     Min     Max    Med |   req/s  failures/s
--------|----------------------------------------------------------------------------|-------|-------------|-------|-------|-------|-------|--------|-----------
GET      /cart                                                                             20     0(0.00%) |     16      12      23     17 |    2.00        0.00
POST     /cart [add]                                                                       36     0(0.00%) |     26      17     126     23 |    3.25        0.00
POST     /cart/checkout                                                                    14     0(0.00%) |     25      21      36     24 |    0.75        0.00
GET      /product/[id]                                                                     79     0(0.00%) |     17      12      28     16 |    5.00        0.00
POST     /setCurrency                                                                      10     0(0.00%) |     26      18      38     25 |    1.25        0.00
--------|----------------------------------------------------------------------------|-------|-------------|-------|-------|-------|-------|--------|-----------
         Aggregated                                                                       159     0(0.00%) |     20      12     126     19 |   12.25        0.00

Type     Name                                                                          # reqs      # fails |    Avg     Min     Max    Med |   req/s  failures/s
--------|----------------------------------------------------------------------------|-------|-------------|-------|-------|-------|-------|--------|-----------
GET      /                                                                                  4     0(0.00%) |     24      20      27     23 |    0.00        0.00
GET      /cart                                                                             30     0(0.00%) |     16      12      23     17 |    2.83        0.00
POST     /cart [add]                                                                       61     0(0.00%) |     25      17     126     23 |    5.00        0.00
POST     /cart/checkout                                                                    24     0(0.00%) |     25      21      36     25 |    2.00        0.00
GET      /product/[id]                                                                    131     0(0.00%) |     17      12      97     16 |    9.17        0.00
POST     /setCurrency                                                                      20     0(0.00%) |     29      18      70     25 |    1.17        0.00
--------|----------------------------------------------------------------------------|-------|-------------|-------|-------|-------|-------|--------|-----------
         Aggregated                                                                       270     0(0.00%) |     21      12     126     19 |   20.17        0.00

Type     Name                                                                          # reqs      # fails |    Avg     Min     Max    Med |   req/s  failures/s
--------|----------------------------------------------------------------------------|-------|-------------|-------|-------|-------|-------|--------|-----------
GET      /                                                                                 11     0(0.00%) |     30      20      62     25 |    0.38        0.00
GET      /cart                                                                             48     0(0.00%) |     17      12      25     17 |    3.00        0.00
POST     /cart [add]                                                                       85     0(0.00%) |     25      17     126     23 |    6.38        0.00
POST     /cart/checkout                                                                    34     0(0.00%) |     25      19      36     25 |    2.25        0.00
GET      /product/[id]                                                                    197     0(0.00%) |     17      12      97     16 |   13.62        0.00
POST     /setCurrency                                                                      30     0(0.00%) |     29      18      70     25 |    2.00        0.00
--------|----------------------------------------------------------------------------|-------|-------------|-------|-------|-------|-------|--------|-----------
         Aggregated                                                                       405     0(0.00%) |     21      12     126     19 |   27.62        0.00

Type     Name                                                                          # reqs      # fails |    Avg     Min     Max    Med |   req/s  failures/s
--------|----------------------------------------------------------------------------|-------|-------------|-------|-------|-------|-------|--------|-----------
GET      /                                                                                 15     0(0.00%) |    109      20     473     26 |    0.70        0.00
GET      /cart                                                                             72     0(0.00%) |     24      11     331     17 |    4.30        0.00
POST     /cart [add]                                                                      109     0(0.00%) |     30      16     328     23 |    7.40        0.00
POST     /cart/checkout                                                                    38     0(0.00%) |     40      19     566     26 |    3.00        0.00
GET      /product/[id]                                                                    268     0(0.00%) |     29      12     579     16 |   16.40        0.00
POST     /setCurrency                                                                      40     0(0.00%) |     52      18     629     25 |    2.70        0.00
--------|----------------------------------------------------------------------------|-------|-------------|-------|-------|-------|-------|--------|-----------
         Aggregated                                                                       542     0(0.00%) |     33      11     629     19 |   34.50        0.00

Type     Name                                                                          # reqs      # fails |    Avg     Min     Max    Med |   req/s  failures/s
--------|----------------------------------------------------------------------------|-------|-------------|-------|-------|-------|-------|--------|-----------
GET      /                                                                                 20     0(0.00%) |     87      18     473     25 |    1.40        0.00
GET      /cart                                                                             96     0(0.00%) |     23      11     331     17 |    5.60        0.00
POST     /cart [add]                                                                      150     0(0.00%) |     30      16     328     23 |    9.50        0.00
POST     /cart/checkout                                                                    49     0(0.00%) |     37      19     566     26 |    3.60        0.00
GET      /product/[id]                                                                    351     0(0.00%) |     26      11     579     16 |   23.00        0.00
POST     /setCurrency                                                                      60     0(0.00%) |     44      18     629     25 |    3.30        0.00
--------|----------------------------------------------------------------------------|-------|-------------|-------|-------|-------|-------|--------|-----------
         Aggregated                                                                       726     0(0.00%) |     30      11     629     19 |   46.40        0.00

Type     Name                                                                          # reqs      # fails |    Avg     Min     Max    Med |   req/s  failures/s
--------|----------------------------------------------------------------------------|-------|-------------|-------|-------|-------|-------|--------|-----------
GET      /                                                                                 23     0(0.00%) |     80      18     473     25 |    1.90        0.00
GET      /cart                                                                            129     0(0.00%) |     24      10     331     17 |    7.70        0.00
POST     /cart [add]                                                                      188     0(0.00%) |     33      16     328     23 |   11.50        0.00
POST     /cart/checkout                                                                    67     0(0.00%) |     40      19     566     27 |    4.00        0.00
GET      /product/[id]                                                                    453     0(0.00%) |     25      11     579     16 |   29.60        0.00
POST     /setCurrency                                                                      83     0(0.00%) |     43      18     629     27 |    4.60        0.00
--------|----------------------------------------------------------------------------|-------|-------------|-------|-------|-------|-------|--------|-----------
         Aggregated                                                                       943     0(0.00%) |     30      10     629     20 |   59.30        0.00

Type     Name                                                                          # reqs      # fails |    Avg     Min     Max    Med |   req/s  failures/s
--------|----------------------------------------------------------------------------|-------|-------------|-------|-------|-------|-------|--------|-----------
GET      /                                                                                 31     0(0.00%) |     68      18     473     26 |    2.20        0.00
GET      /cart                                                                            163     0(0.00%) |     23      10     331     17 |    9.50        0.00
POST     /cart [add]                                                                      224     0(0.00%) |     33      16     328     24 |   13.90        0.00
POST     /cart/checkout                                                                    81     0(0.00%) |     39      19     566     27 |    4.50        0.00
GET      /product/[id]                                                                    593     0(0.00%) |     25      11     579     17 |   35.10        0.00
POST     /setCurrency                                                                      97     0(0.00%) |     43      18     629     28 |    7.00        0.00
--------|----------------------------------------------------------------------------|-------|-------------|-------|-------|-------|-------|--------|-----------
         Aggregated                                                                      1189     0(0.00%) |     30      10     629     20 |   72.20        0.00

Type     Name                                                                          # reqs      # fails |    Avg     Min     Max    Med |   req/s  failures/s
--------|----------------------------------------------------------------------------|-------|-------------|-------|-------|-------|-------|--------|-----------
GET      /                                                                                 34     0(0.00%) |     64      17     473     26 |    2.30        0.00
GET      /cart                                                                            190     0(0.00%) |     26      10     336     18 |   12.00        0.00
POST     /cart [add]                                                                      278     0(0.00%) |     37      15     328     25 |   15.70        0.00
POST     /cart/checkout                                                                    98     0(0.00%) |     42      19     566     28 |    5.60        0.00
GET      /product/[id]                                                                    709     0(0.00%) |     29      10     579     17 |   42.90        0.00
POST     /setCurrency                                                                     124     0(0.00%) |     53      18     629     29 |    7.40        0.00
--------|----------------------------------------------------------------------------|-------|-------------|-------|-------|-------|-------|--------|-----------
         Aggregated                                                                      1433     0(0.00%) |     34      10     629     21 |   85.90        0.00

Type     Name                                                                          # reqs      # fails |    Avg     Min     Max    Med |   req/s  failures/s
--------|----------------------------------------------------------------------------|-------|-------------|-------|-------|-------|-------|--------|-----------
GET      /                                                                                 40     0(0.00%) |     63      17     473     27 |    2.60        0.00
GET      /cart                                                                            237     0(0.00%) |     29      10     336     18 |   13.30        0.00
POST     /cart [add]                                                                      323     0(0.00%) |     41      15     328     25 |   17.80        0.00
POST     /cart/checkout                                                                   107     0(0.00%) |     44      19     566     29 |    6.00        0.00
GET      /product/[id]                                                                    852     0(0.00%) |     30      10     579     18 |   49.00        0.00
POST     /setCurrency                                                                     146     0(0.00%) |     54      18     629     29 |    8.80        0.00
--------|----------------------------------------------------------------------------|-------|-------------|-------|-------|-------|-------|--------|-----------
         Aggregated                                                                      1705     0(0.00%) |     36      10     629     22 |   97.50        0.00

Type     Name                                                                          # reqs      # fails |    Avg     Min     Max    Med |   req/s  failures/s
--------|----------------------------------------------------------------------------|-------|-------------|-------|-------|-------|-------|--------|-----------
GET      /                                                                                 53     0(0.00%) |     65      17     473     31 |    2.30        0.00
GET      /cart                                                                            276     0(0.00%) |     33      10     336     20 |   15.60        0.00
POST     /cart [add]                                                                      389     0(0.00%) |     46      15     328     27 |   20.50        0.00
POST     /cart/checkout                                                                   125     0(0.00%) |     47      19     566     30 |    6.50        0.00
GET      /product/[id]                                                                    986     0(0.00%) |     32      10     579     18 |   55.70        0.00
POST     /setCurrency                                                                     173     0(0.00%) |     59      18     629     33 |   10.60        0.00
--------|----------------------------------------------------------------------------|-------|-------------|-------|-------|-------|-------|--------|-----------
         Aggregated                                                                      2002     0(0.00%) |     39      10     629     23 |  111.20        0.00

Type     Name                                                                          # reqs      # fails |    Avg     Min     Max    Med |   req/s  failures/s
--------|----------------------------------------------------------------------------|-------|-------------|-------|-------|-------|-------|--------|-----------
GET      /                                                                                 60     0(0.00%) |     65      17     473     33 |    3.00        0.00
GET      /cart                                                                            318     0(0.00%) |     37      10     336     21 |   17.40        0.00
POST     /cart [add]                                                                      450     0(0.00%) |     51      15     328     31 |   23.50        0.00
POST     /cart/checkout                                                                   148     0(0.00%) |     51      19     566     34 |    7.50        0.00
GET      /product/[id]                                                                   1135     0(0.00%) |     35      10     579     20 |   60.40        0.00
POST     /setCurrency                                                                     197     0(0.00%) |     61      18     629     36 |   10.90        0.00
--------|----------------------------------------------------------------------------|-------|-------------|-------|-------|-------|-------|--------|-----------
         Aggregated                                                                      2308     0(0.00%) |     42      10     629     25 |  122.70        0.00

Type     Name                                                                          # reqs      # fails |    Avg     Min     Max    Med |   req/s  failures/s
--------|----------------------------------------------------------------------------|-------|-------------|-------|-------|-------|-------|--------|-----------
GET      /                                                                                 67     0(0.00%) |     72      17     482     41 |    3.30        0.00
GET      /cart                                                                            356     0(0.00%) |     46      10     919     24 |   18.40        0.00
POST     /cart [add]                                                                      508     0(0.00%) |     58      15     946     33 |   25.20        0.00
POST     /cart/checkout                                                                   170     0(0.00%) |     57      19     566     37 |    8.10        0.00
GET      /product/[id]                                                                   1280     0(0.00%) |     40      10     819     21 |   66.40        0.00
POST     /setCurrency                                                                     226     0(0.00%) |     69      18     921     43 |   11.20        0.00
--------|----------------------------------------------------------------------------|-------|-------------|-------|-------|-------|-------|--------|-----------
         Aggregated                                                                      2607     0(0.00%) |     49      10     946     28 |  132.60        0.00

Type     Name                                                                          # reqs      # fails |    Avg     Min     Max    Med |   req/s  failures/s
--------|----------------------------------------------------------------------------|-------|-------------|-------|-------|-------|-------|--------|-----------
GET      /                                                                                 72     0(0.00%) |     91      17    1089     42 |    2.42        0.00
GET      /cart                                                                            382     0(0.00%) |     52      10     919     25 |   12.82        0.00
POST     /cart [add]                                                                      550     0(0.00%) |     63      15     946     38 |   18.45        0.00
POST     /cart/checkout                                                                   188     0(0.00%) |     66      19     834     41 |    6.31        0.00
GET      /product/[id]                                                                   1431     0(0.00%) |     46      10    1094     22 |   48.02        0.00
POST     /setCurrency                                                                     250     0(0.00%) |     79      18     921     49 |    8.39        0.00
--------|----------------------------------------------------------------------------|-------|-------------|-------|-------|-------|-------|--------|-----------
         Aggregated                                                                      2873     0(0.00%) |     56      10    1094     30 |   96.40        0.00

Response time percentiles (approximated)
Type     Name                                                                                  50%    66%    75%    80%    90%    95%    98%    99%  99.9% 99.99%   100% # reqs
--------|--------------------------------------------------------------------------------|--------|------|------|------|------|------|------|------|------|------|------|------
GET      /                                                                                      44     67     91     93    140    440    480   1100   1100   1100   1100     72
GET      /cart                                                                                  25     46     58     71     97    130    330    510    920    920    920    382
POST     /cart [add]                                                                            38     66     84     97    130    160    220    290    950    950    950    550
POST     /cart/checkout                                                                         42     70     88     94    120    130    280    570    830    830    830    188
GET      /product/[id]                                                                          22     42     55     63     87    120    200    400   1100   1100   1100   1431
POST     /setCurrency                                                                           50     79     94    110    140    210    420    630    920    920    920    250
--------|--------------------------------------------------------------------------------|--------|------|------|------|------|------|------|------|------|------|------|------
         Aggregated                                                                             30     52     67     78    110    140    270    440   1100   1100   1100   2873

