/Users/edias/Library/Python/3.9/lib/python/site-packages/urllib3/__init__.py:35: NotOpenSSLWarning: urllib3 v2 only supports OpenSSL 1.1.1+, currently the 'ssl' module is compiled with 'LibreSSL 2.8.3'. See: https://github.com/urllib3/urllib3/issues/3020
  warnings.warn(
[2026-05-20 22:05:28,041] Mac/WARNING/locust.main: Python 3.9 support is deprecated and will be removed soon
Type     Name                                                                          # reqs      # fails |    Avg     Min     Max    Med |   req/s  failures/s
--------|----------------------------------------------------------------------------|-------|-------------|-------|-------|-------|-------|--------|-----------
--------|----------------------------------------------------------------------------|-------|-------------|-------|-------|-------|-------|--------|-----------
         Aggregated                                                                         0     0(0.00%) |      0       0       0      0 |    0.00        0.00

Type     Name                                                                          # reqs      # fails |    Avg     Min     Max    Med |   req/s  failures/s
--------|----------------------------------------------------------------------------|-------|-------------|-------|-------|-------|-------|--------|-----------
GET      /cart                                                                              5     0(0.00%) |     16       7      25     20 |    0.00        0.00
POST     /cart [add]                                                                        1     0(0.00%) |     24      24      24     24 |    0.00        0.00
GET      /product/[id]                                                                      3     0(0.00%) |     12      10      15     12 |    0.00        0.00
POST     /setCurrency                                                                       3     0(0.00%) |     26      13      52     14 |    0.00        0.00
--------|----------------------------------------------------------------------------|-------|-------------|-------|-------|-------|-------|--------|-----------
         Aggregated                                                                        12     0(0.00%) |     19       7      52     14 |    0.00        0.00

Type     Name                                                                          # reqs      # fails |    Avg     Min     Max    Med |   req/s  failures/s
--------|----------------------------------------------------------------------------|-------|-------------|-------|-------|-------|-------|--------|-----------
GET      /                                                                                  1     0(0.00%) |     23      23      23     23 |    0.00        0.00
GET      /cart                                                                             12     0(0.00%) |    169       7     871     14 |    2.50        0.00
POST     /cart [add]                                                                        7     0(0.00%) |     19      11      31     18 |    0.50        0.00
POST     /cart/checkout                                                                     5     0(0.00%) |     16      12      23     16 |    0.00        0.00
GET      /product/[id]                                                                     28     0(0.00%) |     72       7     952     12 |    1.50        0.00
POST     /setCurrency                                                                       9     0(0.00%) |     23      13      52     19 |    1.50        0.00
--------|----------------------------------------------------------------------------|-------|-------------|-------|-------|-------|-------|--------|-----------
         Aggregated                                                                        62     0(0.00%) |     73       7     952     14 |    6.00        0.00

Type     Name                                                                          # reqs      # fails |    Avg     Min     Max    Med |   req/s  failures/s
--------|----------------------------------------------------------------------------|-------|-------------|-------|-------|-------|-------|--------|-----------
GET      /                                                                                  6     0(0.00%) |     14      10      23     12 |    0.25        0.00
GET      /cart                                                                             21     0(0.00%) |    100       5     871      9 |    3.00        0.00
POST     /cart [add]                                                                       23     0(0.00%) |     15       9      31     14 |    1.50        0.00
POST     /cart/checkout                                                                     7     0(0.00%) |     15      10      23     15 |    1.00        0.00
GET      /product/[id]                                                                     71     0(0.00%) |     34       6     952     10 |    6.75        0.00
POST     /setCurrency                                                                      16     0(0.00%) |     19      12      52     14 |    2.25        0.00
--------|----------------------------------------------------------------------------|-------|-------------|-------|-------|-------|-------|--------|-----------
         Aggregated                                                                       144     0(0.00%) |     37       5     952     12 |   14.75        0.00

Type     Name                                                                          # reqs      # fails |    Avg     Min     Max    Med |   req/s  failures/s
--------|----------------------------------------------------------------------------|-------|-------------|-------|-------|-------|-------|--------|-----------
GET      /                                                                                  9     0(0.00%) |     15      10      23     13 |    1.00        0.00
GET      /cart                                                                             39     0(0.00%) |     64       5     871     10 |    3.50        0.00
POST     /cart [add]                                                                       39     0(0.00%) |     13       9      31     13 |    3.67        0.00
POST     /cart/checkout                                                                    12     0(0.00%) |     14      10      23     13 |    1.17        0.00
GET      /product/[id]                                                                    127     0(0.00%) |     24       5     952      9 |   11.50        0.00
POST     /setCurrency                                                                      29     0(0.00%) |     22      12     106     15 |    2.67        0.00
--------|----------------------------------------------------------------------------|-------|-------------|-------|-------|-------|-------|--------|-----------
         Aggregated                                                                       255     0(0.00%) |     28       5     952     11 |   23.50        0.00

Type     Name                                                                          # reqs      # fails |    Avg     Min     Max    Med |   req/s  failures/s
--------|----------------------------------------------------------------------------|-------|-------------|-------|-------|-------|-------|--------|-----------
GET      /                                                                                 12     0(0.00%) |     14      10      23     13 |    1.12        0.00
GET      /cart                                                                             61     0(0.00%) |     44       4     871      9 |    4.75        0.00
POST     /cart [add]                                                                       59     0(0.00%) |     14       8      85     12 |    4.88        0.00
POST     /cart/checkout                                                                    19     0(0.00%) |     13       9      23     13 |    1.50        0.00
GET      /product/[id]                                                                    198     0(0.00%) |     26       5     952      9 |   15.50        0.00
POST     /setCurrency                                                                      40     0(0.00%) |     23      10     153     14 |    3.62        0.00
--------|----------------------------------------------------------------------------|-------|-------------|-------|-------|-------|-------|--------|-----------
         Aggregated                                                                       389     0(0.00%) |     26       4     952     11 |   31.38        0.00

Type     Name                                                                          # reqs      # fails |    Avg     Min     Max    Med |   req/s  failures/s
--------|----------------------------------------------------------------------------|-------|-------------|-------|-------|-------|-------|--------|-----------
GET      /                                                                                 16     0(0.00%) |     13       9      23     12 |    1.20        0.00
GET      /cart                                                                             72     0(0.00%) |     38       4     871      9 |    6.00        0.00
POST     /cart [add]                                                                       95     0(0.00%) |     15       8      85     12 |    5.70        0.00
POST     /cart/checkout                                                                    34     0(0.00%) |     16       9      73     13 |    1.90        0.00
GET      /product/[id]                                                                    292     0(0.00%) |     21       4     952      9 |   19.60        0.00
POST     /setCurrency                                                                      56     0(0.00%) |     24      10     153     14 |    3.90        0.00
--------|----------------------------------------------------------------------------|-------|-------------|-------|-------|-------|-------|--------|-----------
         Aggregated                                                                       565     0(0.00%) |     22       4     952     10 |   38.30        0.00

Type     Name                                                                          # reqs      # fails |    Avg     Min     Max    Med |   req/s  failures/s
--------|----------------------------------------------------------------------------|-------|-------------|-------|-------|-------|-------|--------|-----------
GET      /                                                                                 22     0(0.00%) |     13       9      23     12 |    1.60        0.00
GET      /cart                                                                             97     0(0.00%) |     36       4     871      8 |    6.70        0.00
POST     /cart [add]                                                                      131     0(0.00%) |     20       7     219     12 |    9.30        0.00
POST     /cart/checkout                                                                    51     0(0.00%) |     16       8      73     12 |    3.40        0.00
GET      /product/[id]                                                                    377     0(0.00%) |     21       4     952      9 |   28.70        0.00
POST     /setCurrency                                                                      81     0(0.00%) |     22      10     153     14 |    5.30        0.00
--------|----------------------------------------------------------------------------|-------|-------------|-------|-------|-------|-------|--------|-----------
         Aggregated                                                                       759     0(0.00%) |     22       4     952     10 |   55.00        0.00

Type     Name                                                                          # reqs      # fails |    Avg     Min     Max    Med |   req/s  failures/s
--------|----------------------------------------------------------------------------|-------|-------------|-------|-------|-------|-------|--------|-----------
GET      /                                                                                 29     0(0.00%) |     12       9      23     12 |    2.10        0.00
GET      /cart                                                                            126     0(0.00%) |     32       4     871      8 |    8.40        0.00
POST     /cart [add]                                                                      165     0(0.00%) |     19       7     219     11 |   12.40        0.00
POST     /cart/checkout                                                                    67     0(0.00%) |     15       8      73     12 |    4.70        0.00
GET      /product/[id]                                                                    500     0(0.00%) |     19       4     952      8 |   34.70        0.00
POST     /setCurrency                                                                     108     0(0.00%) |     21      10     153     14 |    7.20        0.00
--------|----------------------------------------------------------------------------|-------|-------------|-------|-------|-------|-------|--------|-----------
         Aggregated                                                                       995     0(0.00%) |     20       4     952     10 |   69.50        0.00

Type     Name                                                                          # reqs      # fails |    Avg     Min     Max    Med |   req/s  failures/s
--------|----------------------------------------------------------------------------|-------|-------------|-------|-------|-------|-------|--------|-----------
GET      /                                                                                 32     0(0.00%) |     12       8      23     12 |    2.30        0.00
GET      /cart                                                                            165     0(0.00%) |     28       4     871      8 |   10.40        0.00
POST     /cart [add]                                                                      208     0(0.00%) |     20       7     219     11 |   14.10        0.00
POST     /cart/checkout                                                                    81     0(0.00%) |     18       8     109     12 |    6.00        0.00
GET      /product/[id]                                                                    626     0(0.00%) |     18       4     952      8 |   42.60        0.00
POST     /setCurrency                                                                     134     0(0.00%) |     23      10     153     14 |    9.20        0.00
--------|----------------------------------------------------------------------------|-------|-------------|-------|-------|-------|-------|--------|-----------
         Aggregated                                                                      1246     0(0.00%) |     20       4     952     10 |   84.60        0.00

Type     Name                                                                          # reqs      # fails |    Avg     Min     Max    Med |   req/s  failures/s
--------|----------------------------------------------------------------------------|-------|-------------|-------|-------|-------|-------|--------|-----------
GET      /                                                                                 37     0(0.00%) |     16       8     153     12 |    2.30        0.00
GET      /cart                                                                            202     0(0.00%) |     31       4     871      8 |   12.60        0.00
POST     /cart [add]                                                                      254     0(0.00%) |     24       7     270     12 |   16.80        0.00
POST     /cart/checkout                                                                   104     0(0.00%) |     24       8     241     12 |    6.90        0.00
GET      /product/[id]                                                                    760     0(0.00%) |     18       4     952      8 |   49.60        0.00
POST     /setCurrency                                                                     158     0(0.00%) |     31      10     266     14 |   10.40        0.00
--------|----------------------------------------------------------------------------|-------|-------------|-------|-------|-------|-------|--------|-----------
         Aggregated                                                                      1515     0(0.00%) |     22       4     952     10 |   98.60        0.00

Type     Name                                                                          # reqs      # fails |    Avg     Min     Max    Med |   req/s  failures/s
--------|----------------------------------------------------------------------------|-------|-------------|-------|-------|-------|-------|--------|-----------
GET      /                                                                                 51     0(0.00%) |     24       8     303     12 |    2.50        0.00
GET      /cart                                                                            249     0(0.00%) |     32       4     871      9 |   13.60        0.00
POST     /cart [add]                                                                      303     0(0.00%) |     30       7     279     12 |   19.60        0.00
POST     /cart/checkout                                                                   116     0(0.00%) |     26       8     241     12 |    8.50        0.00
GET      /product/[id]                                                                    890     0(0.00%) |     20       4     952      9 |   55.70        0.00
POST     /setCurrency                                                                     180     0(0.00%) |     40      10     307     14 |   11.90        0.00
--------|----------------------------------------------------------------------------|-------|-------------|-------|-------|-------|-------|--------|-----------
         Aggregated                                                                      1789     0(0.00%) |     26       4     952     10 |  111.80        0.00

Type     Name                                                                          # reqs      # fails |    Avg     Min     Max    Med |   req/s  failures/s
--------|----------------------------------------------------------------------------|-------|-------------|-------|-------|-------|-------|--------|-----------
GET      /                                                                                 55     0(0.00%) |     31       8     303     13 |    3.40        0.00
GET      /cart                                                                            287     0(0.00%) |     34       4     871      9 |   17.70        0.00
POST     /cart [add]                                                                      363     0(0.00%) |     31       7     279     13 |   20.60        0.00
POST     /cart/checkout                                                                   143     0(0.00%) |     31       8     241     13 |    8.10        0.00
GET      /product/[id]                                                                   1046     0(0.00%) |     22       4     952      9 |   59.90        0.00
POST     /setCurrency                                                                     208     0(0.00%) |     40       9     307     15 |   11.90        0.00
--------|----------------------------------------------------------------------------|-------|-------------|-------|-------|-------|-------|--------|-----------
         Aggregated                                                                      2102     0(0.00%) |     28       4     952     11 |  121.60        0.00

Type     Name                                                                          # reqs      # fails |    Avg     Min     Max    Med |   req/s  failures/s
--------|----------------------------------------------------------------------------|-------|-------------|-------|-------|-------|-------|--------|-----------
GET      /                                                                                 67     0(0.00%) |     30       8     303     14 |    3.30        0.00
GET      /cart                                                                            335     0(0.00%) |     34       4     871     10 |   18.90        0.00
POST     /cart [add]                                                                      427     0(0.00%) |     32       7     279     14 |   23.10        0.00
POST     /cart/checkout                                                                   171     0(0.00%) |     33       8     241     14 |    9.10        0.00
GET      /product/[id]                                                                   1224     0(0.00%) |     23       4     952      9 |   66.60        0.00
POST     /setCurrency                                                                     228     0(0.00%) |     40       9     307     16 |   12.70        0.00
--------|----------------------------------------------------------------------------|-------|-------------|-------|-------|-------|-------|--------|-----------
         Aggregated                                                                      2452     0(0.00%) |     29       4     952     12 |  133.70        0.00

Type     Name                                                                          # reqs      # fails |    Avg     Min     Max    Med |   req/s  failures/s
--------|----------------------------------------------------------------------------|-------|-------------|-------|-------|-------|-------|--------|-----------
GET      /                                                                                 70     0(0.00%) |     41       8     669     14 |    3.60        0.00
GET      /cart                                                                            362     0(0.00%) |     50       4     871     10 |   19.50        0.00
POST     /cart [add]                                                                      459     0(0.00%) |     48       7    1085     14 |   24.70        0.00
POST     /cart/checkout                                                                   182     0(0.00%) |     48       8    1129     14 |    9.70        0.00
GET      /product/[id]                                                                   1320     0(0.00%) |     41       4    1068     10 |   69.30        0.00
POST     /setCurrency                                                                     252     0(0.00%) |     59       9     870     16 |   12.20        0.00
--------|----------------------------------------------------------------------------|-------|-------------|-------|-------|-------|-------|--------|-----------
         Aggregated                                                                      2645     0(0.00%) |     46       4    1129     12 |  139.00        0.00

Type     Name                                                                          # reqs      # fails |    Avg     Min     Max    Med |   req/s  failures/s
--------|----------------------------------------------------------------------------|-------|-------------|-------|-------|-------|-------|--------|-----------
GET      /                                                                                 79     0(0.00%) |     50       8     669     16 |    3.80        0.00
GET      /cart                                                                            401     0(0.00%) |     54       4     871     11 |   19.80        0.00
POST     /cart [add]                                                                      518     0(0.00%) |     54       7    1085     16 |   25.20        0.00
POST     /cart/checkout                                                                   205     0(0.00%) |     54       8    1129     16 |   10.10        0.00
GET      /product/[id]                                                                   1491     0(0.00%) |     45       4    1068     11 |   70.00        0.00
POST     /setCurrency                                                                     290     0(0.00%) |     69       9     870     19 |   11.90        0.00
--------|----------------------------------------------------------------------------|-------|-------------|-------|-------|-------|-------|--------|-----------
         Aggregated                                                                      2984     0(0.00%) |     51       4    1129     14 |  140.80        0.00

Type     Name                                                                          # reqs      # fails |    Avg     Min     Max    Med |   req/s  failures/s
--------|----------------------------------------------------------------------------|-------|-------------|-------|-------|-------|-------|--------|-----------
GET      /                                                                                 90     0(0.00%) |     54       8     669     19 |    4.20        0.00
GET      /cart                                                                            448     0(0.00%) |     57       4     871     17 |   20.10        0.00
POST     /cart [add]                                                                      587     0(0.00%) |     58       7    1085     21 |   26.40        0.00
POST     /cart/checkout                                                                   232     0(0.00%) |     61       8    1129     24 |    9.90        0.00
GET      /product/[id]                                                                   1650     0(0.00%) |     47       4    1068     13 |   72.90        0.00
POST     /setCurrency                                                                     332     0(0.00%) |     71       9     870     25 |   12.80        0.00
--------|----------------------------------------------------------------------------|-------|-------------|-------|-------|-------|-------|--------|-----------
         Aggregated                                                                      3339     0(0.00%) |     54       4    1129     16 |  146.30        0.00

Type     Name                                                                          # reqs      # fails |    Avg     Min     Max    Med |   req/s  failures/s
--------|----------------------------------------------------------------------------|-------|-------------|-------|-------|-------|-------|--------|-----------
GET      /                                                                                 98     0(0.00%) |     85       8     822     21 |    4.00        0.00
GET      /cart                                                                            470     0(0.00%) |     63       4     871     22 |   19.80        0.00
POST     /cart [add]                                                                      631     0(0.00%) |     72       7    1085     26 |   28.30        0.00
POST     /cart/checkout                                                                   253     0(0.00%) |     67       8    1129     31 |   11.50        0.00
GET      /product/[id]                                                                   1780     0(0.00%) |     61       4    1068     15 |   75.00        0.00
POST     /setCurrency                                                                     358     0(0.00%) |     94       9     897     33 |   15.50        0.00
--------|----------------------------------------------------------------------------|-------|-------------|-------|-------|-------|-------|--------|-----------
         Aggregated                                                                      3590     0(0.00%) |     68       4    1129     20 |  154.10        0.00

Type     Name                                                                          # reqs      # fails |    Avg     Min     Max    Med |   req/s  failures/s
--------|----------------------------------------------------------------------------|-------|-------------|-------|-------|-------|-------|--------|-----------
GET      /                                                                                109     0(0.00%) |    100       8     822     24 |    4.20        0.00
GET      /cart                                                                            507     0(0.00%) |     66       4     871     27 |   18.40        0.00
POST     /cart [add]                                                                      694     0(0.00%) |     79       7    1085     33 |   26.30        0.00
POST     /cart/checkout                                                                   279     0(0.00%) |     72       8    1129     42 |   10.80        0.00
GET      /product/[id]                                                                   1964     0(0.00%) |     66       4    1068     20 |   73.20        0.00
POST     /setCurrency                                                                     390     0(0.00%) |     97       9     897     35 |   15.00        0.00
--------|----------------------------------------------------------------------------|-------|-------------|-------|-------|-------|-------|--------|-----------
         Aggregated                                                                      3943     0(0.00%) |     73       4    1129     25 |  147.90        0.00

Type     Name                                                                          # reqs      # fails |    Avg     Min     Max    Med |   req/s  failures/s
--------|----------------------------------------------------------------------------|-------|-------------|-------|-------|-------|-------|--------|-----------
GET      /                                                                                116     0(0.00%) |     98       8     822     25 |    4.20        0.00
GET      /cart                                                                            560     0(0.00%) |     67       4     871     32 |   17.00        0.00
POST     /cart [add]                                                                      754     0(0.00%) |     80       7    1085     37 |   26.90        0.00
POST     /cart/checkout                                                                   303     0(0.00%) |     75       8    1129     55 |   11.10        0.00
GET      /product/[id]                                                                   2166     0(0.00%) |     67       4    1068     24 |   73.70        0.00
POST     /setCurrency                                                                     433     0(0.00%) |     97       9     897     42 |   16.40        0.00
--------|----------------------------------------------------------------------------|-------|-------------|-------|-------|-------|-------|--------|-----------
         Aggregated                                                                      4332     0(0.00%) |     74       4    1129     30 |  149.30        0.00

Type     Name                                                                          # reqs      # fails |    Avg     Min     Max    Med |   req/s  failures/s
--------|----------------------------------------------------------------------------|-------|-------------|-------|-------|-------|-------|--------|-----------
GET      /                                                                                124     0(0.00%) |     99       8     822     31 |    4.60        0.00
GET      /cart                                                                            614     0(0.00%) |     68       4     871     37 |   19.80        0.00
POST     /cart [add]                                                                      846     0(0.00%) |     84       7    1085     47 |   29.50        0.00
POST     /cart/checkout                                                                   334     0(0.00%) |     80       8    1129     62 |   12.10        0.00
GET      /product/[id]                                                                   2385     0(0.00%) |     70       4    1068     30 |   84.20        0.00
POST     /setCurrency                                                                     476     0(0.00%) |     97       9     897     48 |   18.10        0.00
--------|----------------------------------------------------------------------------|-------|-------------|-------|-------|-------|-------|--------|-----------
         Aggregated                                                                      4779     0(0.00%) |     76       4    1129     37 |  168.30        0.00

Type     Name                                                                          # reqs      # fails |    Avg     Min     Max    Med |   req/s  failures/s
--------|----------------------------------------------------------------------------|-------|-------------|-------|-------|-------|-------|--------|-----------
GET      /                                                                                136     0(0.00%) |    102       8     822     37 |    4.40        0.00
GET      /cart                                                                            668     0(0.00%) |     75       4     871     44 |   21.20        0.00
POST     /cart [add]                                                                      917     0(0.00%) |     90       7    1085     55 |   32.40        0.00
POST     /cart/checkout                                                                   362     0(0.00%) |     86       8    1129     65 |   12.90        0.00
GET      /product/[id]                                                                   2589     0(0.00%) |     72       4    1068     36 |   89.40        0.00
POST     /setCurrency                                                                     515     0(0.00%) |    100       9     897     54 |   18.60        0.00
--------|----------------------------------------------------------------------------|-------|-------------|-------|-------|-------|-------|--------|-----------
         Aggregated                                                                      5187     0(0.00%) |     80       4    1129     43 |  178.90        0.00

Type     Name                                                                          # reqs      # fails |    Avg     Min     Max    Med |   req/s  failures/s
--------|----------------------------------------------------------------------------|-------|-------------|-------|-------|-------|-------|--------|-----------
GET      /                                                                                152     0(0.00%) |    115       8     822     48 |    4.60        0.00
GET      /cart                                                                            717     0(0.00%) |     80       4     871     47 |   22.00        0.00
POST     /cart [add]                                                                      982     0(0.00%) |     99       7    1085     64 |   33.00        0.00
POST     /cart/checkout                                                                   389     0(0.00%) |     94       8    1129     69 |   13.20        0.00
GET      /product/[id]                                                                   2789     0(0.00%) |     76       4    1068     41 |   93.60        0.00
POST     /setCurrency                                                                     548     0(0.00%) |    108       9     897     57 |   18.50        0.00
--------|----------------------------------------------------------------------------|-------|-------------|-------|-------|-------|-------|--------|-----------
         Aggregated                                                                      5577     0(0.00%) |     86       4    1129     50 |  184.90        0.00

Type     Name                                                                          # reqs      # fails |    Avg     Min     Max    Med |   req/s  failures/s
--------|----------------------------------------------------------------------------|-------|-------------|-------|-------|-------|-------|--------|-----------
GET      /                                                                                166     0(0.00%) |    120       8     822     58 |    5.10        0.00
GET      /cart                                                                            773     0(0.00%) |     85       4     871     52 |   24.60        0.00
POST     /cart [add]                                                                     1044     0(0.00%) |    104       7    1085     70 |   35.20        0.00
POST     /cart/checkout                                                                   416     0(0.00%) |    100       8    1129     90 |   13.70        0.00
GET      /product/[id]                                                                   3005     0(0.00%) |     80       4    1068     48 |  100.60        0.00
POST     /setCurrency                                                                     585     0(0.00%) |    113       9     897     60 |   18.70        0.00
--------|----------------------------------------------------------------------------|-------|-------------|-------|-------|-------|-------|--------|-----------
         Aggregated                                                                      5989     0(0.00%) |     91       4    1129     56 |  197.90        0.00

Type     Name                                                                          # reqs      # fails |    Avg     Min     Max    Med |   req/s  failures/s
--------|----------------------------------------------------------------------------|-------|-------------|-------|-------|-------|-------|--------|-----------
GET      /                                                                                178     0(0.00%) |    120       8     822     60 |    5.80        0.00
GET      /cart                                                                            831     0(0.00%) |     90       4     871     61 |   26.70        0.00
POST     /cart [add]                                                                     1108     0(0.00%) |    111       7    1085     74 |   35.00        0.00
POST     /cart/checkout                                                                   445     0(0.00%) |    106       8    1129     94 |   13.60        0.00
GET      /product/[id]                                                                   3227     0(0.00%) |     85       4    1068     53 |  104.20        0.00
POST     /setCurrency                                                                     612     0(0.00%) |    114       9     897     60 |   19.40        0.00
--------|----------------------------------------------------------------------------|-------|-------------|-------|-------|-------|-------|--------|-----------
         Aggregated                                                                      6401     0(0.00%) |     95       4    1129     60 |  204.70        0.00

Type     Name                                                                          # reqs      # fails |    Avg     Min     Max    Med |   req/s  failures/s
--------|----------------------------------------------------------------------------|-------|-------------|-------|-------|-------|-------|--------|-----------
GET      /                                                                                196     0(0.00%) |    128       8     822     71 |    6.20        0.00
GET      /cart                                                                            886     0(0.00%) |     94       4     871     63 |   27.10        0.00
POST     /cart [add]                                                                     1188     0(0.00%) |    115       7    1085     77 |   35.40        0.00
POST     /cart/checkout                                                                   478     0(0.00%) |    112       8    1129     95 |   14.20        0.00
GET      /product/[id]                                                                   3438     0(0.00%) |     89       4    1068     57 |  105.30        0.00
POST     /setCurrency                                                                     663     0(0.00%) |    120       9     897     67 |   17.90        0.00
--------|----------------------------------------------------------------------------|-------|-------------|-------|-------|-------|-------|--------|-----------
         Aggregated                                                                      6849     0(0.00%) |    100       4    1129     65 |  206.10        0.00

Type     Name                                                                          # reqs      # fails |    Avg     Min     Max    Med |   req/s  failures/s
--------|----------------------------------------------------------------------------|-------|-------------|-------|-------|-------|-------|--------|-----------
GET      /                                                                                209     0(0.00%) |    131       8     822     81 |    7.30        0.00
GET      /cart                                                                            945     0(0.00%) |    104       4     871     68 |   27.70        0.00
POST     /cart [add]                                                                     1247     0(0.00%) |    121       7    1085     82 |   34.40        0.00
POST     /cart/checkout                                                                   499     0(0.00%) |    117       8    1129     96 |   14.50        0.00
GET      /product/[id]                                                                   3633     0(0.00%) |     97       4    1068     61 |  104.90        0.00
POST     /setCurrency                                                                     694     0(0.00%) |    125       9     897     72 |   18.50        0.00
--------|----------------------------------------------------------------------------|-------|-------------|-------|-------|-------|-------|--------|-----------
         Aggregated                                                                      7227     0(0.00%) |    107       4    1129     69 |  207.30        0.00

Type     Name                                                                          # reqs      # fails |    Avg     Min     Max    Med |   req/s  failures/s
--------|----------------------------------------------------------------------------|-------|-------------|-------|-------|-------|-------|--------|-----------
GET      /                                                                                224     0(0.00%) |    144       8     822     91 |    7.30        0.00
GET      /cart                                                                            992     0(0.00%) |    110       4     871     72 |   27.50        0.00
POST     /cart [add]                                                                     1314     0(0.00%) |    126       7    1085     86 |   32.70        0.00
POST     /cart/checkout                                                                   521     0(0.00%) |    123       8    1129     97 |   13.30        0.00
GET      /product/[id]                                                                   3860     0(0.00%) |    102       4    1068     66 |  105.10        0.00
POST     /setCurrency                                                                     736     0(0.00%) |    134       9     897     82 |   17.30        0.00
--------|----------------------------------------------------------------------------|-------|-------------|-------|-------|-------|-------|--------|-----------
         Aggregated                                                                      7647     0(0.00%) |    113       4    1129     74 |  203.20        0.00

Type     Name                                                                          # reqs      # fails |    Avg     Min     Max    Med |   req/s  failures/s
--------|----------------------------------------------------------------------------|-------|-------------|-------|-------|-------|-------|--------|-----------
GET      /                                                                                240     0(0.00%) |    144       8     822     95 |    7.50        0.00
GET      /cart                                                                           1058     0(0.00%) |    116       4     871     78 |   27.70        0.00
POST     /cart [add]                                                                     1395     0(0.00%) |    131       7    1085     93 |   33.40        0.00
POST     /cart/checkout                                                                   551     0(0.00%) |    129       8    1129     98 |   13.20        0.00
GET      /product/[id]                                                                   4083     0(0.00%) |    106       4    1068     70 |  106.50        0.00
POST     /setCurrency                                                                     780     0(0.00%) |    136       9     897     87 |   18.70        0.00
--------|----------------------------------------------------------------------------|-------|-------------|-------|-------|-------|-------|--------|-----------
         Aggregated                                                                      8107     0(0.00%) |    117       4    1129     80 |  207.00        0.00

Type     Name                                                                          # reqs      # fails |    Avg     Min     Max    Med |   req/s  failures/s
--------|----------------------------------------------------------------------------|-------|-------------|-------|-------|-------|-------|--------|-----------
GET      /                                                                                250     0(0.00%) |    150       8     832    100 |    7.30        0.00
GET      /cart                                                                           1099     0(0.00%) |    125       4    1159     81 |   28.50        0.00
POST     /cart [add]                                                                     1435     0(0.00%) |    139       7    1286     97 |   35.00        0.00
POST     /cart/checkout                                                                   562     0(0.00%) |    132       8    1129     99 |   13.20        0.00
GET      /product/[id]                                                                   4208     0(0.00%) |    114       4    1222     73 |  107.60        0.00
POST     /setCurrency                                                                     804     0(0.00%) |    149       9    1296     90 |   19.40        0.00
--------|----------------------------------------------------------------------------|-------|-------------|-------|-------|-------|-------|--------|-----------
         Aggregated                                                                      8358     0(0.00%) |    126       4    1296     83 |  211.00        0.00

Type     Name                                                                          # reqs      # fails |    Avg     Min     Max    Med |   req/s  failures/s
--------|----------------------------------------------------------------------------|-------|-------------|-------|-------|-------|-------|--------|-----------
GET      /                                                                                263     0(0.00%) |    160       8     832    120 |    7.10        0.00
GET      /cart                                                                           1153     0(0.00%) |    132       4    1159     86 |   26.80        0.00
POST     /cart [add]                                                                     1495     0(0.00%) |    157       7    1913    100 |   32.50        0.00
POST     /cart/checkout                                                                   581     0(0.00%) |    142       8    1495    100 |   11.70        0.00
GET      /product/[id]                                                                   4453     0(0.00%) |    126       4    1411     78 |   97.30        0.00
POST     /setCurrency                                                                     847     0(0.00%) |    157       9    1296     98 |   18.30        0.00
--------|----------------------------------------------------------------------------|-------|-------------|-------|-------|-------|-------|--------|-----------
         Aggregated                                                                      8792     0(0.00%) |    137       4    1913     89 |  193.70        0.00

Type     Name                                                                          # reqs      # fails |    Avg     Min     Max    Med |   req/s  failures/s
--------|----------------------------------------------------------------------------|-------|-------------|-------|-------|-------|-------|--------|-----------
GET      /                                                                                279     0(0.00%) |    168       8     832    130 |    6.20        0.00
GET      /cart                                                                           1218     0(0.00%) |    138       4    1159     94 |   26.40        0.00
POST     /cart [add]                                                                     1558     0(0.00%) |    162       7    1913    110 |   30.90        0.00
POST     /cart/checkout                                                                   608     0(0.00%) |    150       8    1495    100 |   10.20        0.00
GET      /product/[id]                                                                   4692     0(0.00%) |    130       4    1411     83 |  101.50        0.00
POST     /setCurrency                                                                     879     0(0.00%) |    161       9    1296    100 |   18.10        0.00
--------|----------------------------------------------------------------------------|-------|-------------|-------|-------|-------|-------|--------|-----------
         Aggregated                                                                      9234     0(0.00%) |    142       4    1913     94 |  193.30        0.00

Type     Name                                                                          # reqs      # fails |    Avg     Min     Max    Med |   req/s  failures/s
--------|----------------------------------------------------------------------------|-------|-------------|-------|-------|-------|-------|--------|-----------
GET      /                                                                                293     0(0.00%) |    180       8     832    130 |    7.00        0.00
GET      /cart                                                                           1273     0(0.00%) |    147       4    1159     99 |   27.30        0.00
POST     /cart [add]                                                                     1616     0(0.00%) |    170       7    1913    120 |   31.50        0.00
POST     /cart/checkout                                                                   626     0(0.00%) |    159       8    1495    100 |   11.30        0.00
GET      /product/[id]                                                                   4888     0(0.00%) |    136       4    1411     87 |  105.00        0.00
POST     /setCurrency                                                                     919     0(0.00%) |    173       9    1296    110 |   19.10        0.00
--------|----------------------------------------------------------------------------|-------|-------------|-------|-------|-------|-------|--------|-----------
         Aggregated                                                                      9615     0(0.00%) |    149       4    1913     98 |  201.20        0.00

Type     Name                                                                          # reqs      # fails |    Avg     Min     Max    Med |   req/s  failures/s
--------|----------------------------------------------------------------------------|-------|-------------|-------|-------|-------|-------|--------|-----------
GET      /                                                                                301     0(0.00%) |    185       8     832    130 |    7.00        0.00
GET      /cart                                                                           1328     0(0.00%) |    153       4    1159    100 |   27.50        0.00
POST     /cart [add]                                                                     1697     0(0.00%) |    176       7    1913    130 |   29.80        0.00
POST     /cart/checkout                                                                   654     0(0.00%) |    166       8    1495    120 |   10.60        0.00
GET      /product/[id]                                                                   5128     0(0.00%) |    139       4    1411     92 |  102.60        0.00
POST     /setCurrency                                                                     989     0(0.00%) |    192       9    1296    130 |   18.70        0.00
--------|----------------------------------------------------------------------------|-------|-------------|-------|-------|-------|-------|--------|-----------
         Aggregated                                                                     10097     0(0.00%) |    155       4    1913    100 |  196.20        0.00

Type     Name                                                                          # reqs      # fails |    Avg     Min     Max    Med |   req/s  failures/s
--------|----------------------------------------------------------------------------|-------|-------------|-------|-------|-------|-------|--------|-----------
GET      /                                                                                309     0(0.00%) |    191       8     832    140 |    6.10        0.00
GET      /cart                                                                           1384     0(0.00%) |    160       4    1159    110 |   27.20        0.00
POST     /cart [add]                                                                     1782     0(0.00%) |    185       7    1913    140 |   30.50        0.00
POST     /cart/checkout                                                                   679     0(0.00%) |    175       8    1495    130 |   10.50        0.00
GET      /product/[id]                                                                   5338     0(0.00%) |    143       4    1411     96 |  103.90        0.00
POST     /setCurrency                                                                    1037     0(0.00%) |    204       9    1296    140 |   20.90        0.00
--------|----------------------------------------------------------------------------|-------|-------------|-------|-------|-------|-------|--------|-----------
         Aggregated                                                                     10529     0(0.00%) |    162       4    1913    110 |  199.10        0.00

Type     Name                                                                          # reqs      # fails |    Avg     Min     Max    Med |   req/s  failures/s
--------|----------------------------------------------------------------------------|-------|-------------|-------|-------|-------|-------|--------|-----------
GET      /                                                                                328     0(0.00%) |    207       8     832    150 |    6.00        0.00
GET      /cart                                                                           1442     0(0.00%) |    165       4    1159    120 |   27.90        0.00
POST     /cart [add]                                                                     1845     0(0.00%) |    192       7    1913    140 |   34.60        0.00
POST     /cart/checkout                                                                   706     0(0.00%) |    183       8    1495    160 |   11.60        0.00
GET      /product/[id]                                                                   5578     0(0.00%) |    147       4    1411    100 |  113.80        0.00
POST     /setCurrency                                                                    1080     0(0.00%) |    213       9    1296    150 |   23.60        0.00
--------|----------------------------------------------------------------------------|-------|-------------|-------|-------|-------|-------|--------|-----------
         Aggregated                                                                     10979     0(0.00%) |    168       4    1913    120 |  217.50        0.00

Type     Name                                                                          # reqs      # fails |    Avg     Min     Max    Med |   req/s  failures/s
--------|----------------------------------------------------------------------------|-------|-------------|-------|-------|-------|-------|--------|-----------
GET      /                                                                                338     0(0.00%) |    211       8     832    150 |    7.00        0.00
GET      /cart                                                                           1510     0(0.00%) |    172       4    1159    130 |   28.70        0.00
POST     /cart [add]                                                                     1940     0(0.00%) |    199       7    1913    150 |   34.80        0.00
POST     /cart/checkout                                                                   749     0(0.00%) |    193       8    1495    160 |   12.50        0.00
GET      /product/[id]                                                                   5829     0(0.00%) |    150       4    1411    110 |  111.50        0.00
POST     /setCurrency                                                                    1133     0(0.00%) |    218       9    1296    160 |   24.20        0.00
--------|----------------------------------------------------------------------------|-------|-------------|-------|-------|-------|-------|--------|-----------
         Aggregated                                                                     11499     0(0.00%) |    173       4    1913    120 |  218.70        0.00

Type     Name                                                                          # reqs      # fails |    Avg     Min     Max    Med |   req/s  failures/s
--------|----------------------------------------------------------------------------|-------|-------------|-------|-------|-------|-------|--------|-----------
GET      /                                                                                354     0(0.00%) |    218       8     832    160 |    5.90        0.00
GET      /cart                                                                           1581     0(0.00%) |    176       4    1159    140 |   29.50        0.00
POST     /cart [add]                                                                     2036     0(0.00%) |    204       7    1913    160 |   38.00        0.00
POST     /cart/checkout                                                                   786     0(0.00%) |    200       8    1495    170 |   14.00        0.00
GET      /product/[id]                                                                   6084     0(0.00%) |    153       4    1411    110 |  113.50        0.00
POST     /setCurrency                                                                    1182     0(0.00%) |    224       9    1296    170 |   25.10        0.00
--------|----------------------------------------------------------------------------|-------|-------------|-------|-------|-------|-------|--------|-----------
         Aggregated                                                                     12023     0(0.00%) |    177       4    1913    130 |  226.00        0.00

Type     Name                                                                          # reqs      # fails |    Avg     Min     Max    Med |   req/s  failures/s
--------|----------------------------------------------------------------------------|-------|-------------|-------|-------|-------|-------|--------|-----------
GET      /                                                                                365     0(0.00%) |    223       8     832    180 |    6.00        0.00
GET      /cart                                                                           1648     0(0.00%) |    179       4    1159    140 |   30.70        0.00
POST     /cart [add]                                                                     2135     0(0.00%) |    208       7    1913    170 |   42.70        0.00
POST     /cart/checkout                                                                   826     0(0.00%) |    207       8    1495    180 |   15.90        0.00
GET      /product/[id]                                                                   6361     0(0.00%) |    156       4    1411    120 |  119.70        0.00
POST     /setCurrency                                                                    1234     0(0.00%) |    234       9    1296    180 |   26.10        0.00
--------|----------------------------------------------------------------------------|-------|-------------|-------|-------|-------|-------|--------|-----------
         Aggregated                                                                     12569     0(0.00%) |    181       4    1913    140 |  241.10        0.00

Type     Name                                                                          # reqs      # fails |    Avg     Min     Max    Med |   req/s  failures/s
--------|----------------------------------------------------------------------------|-------|-------------|-------|-------|-------|-------|--------|-----------
GET      /                                                                                386     0(0.00%) |    227       8     832    200 |    6.60        0.00
GET      /cart                                                                           1701     0(0.00%) |    181       4    1159    150 |   31.90        0.00
POST     /cart [add]                                                                     2213     0(0.00%) |    211       7    1913    180 |   43.00        0.00
POST     /cart/checkout                                                                   862     0(0.00%) |    211       8    1495    190 |   16.70        0.00
GET      /product/[id]                                                                   6583     0(0.00%) |    157       4    1411    120 |  120.80        0.00
POST     /setCurrency                                                                    1271     0(0.00%) |    235       9    1296    190 |   24.40        0.00
--------|----------------------------------------------------------------------------|-------|-------------|-------|-------|-------|-------|--------|-----------
         Aggregated                                                                     13016     0(0.00%) |    183       4    1913    150 |  243.40        0.00

Type     Name                                                                          # reqs      # fails |    Avg     Min     Max    Med |   req/s  failures/s
--------|----------------------------------------------------------------------------|-------|-------------|-------|-------|-------|-------|--------|-----------
GET      /                                                                                400     0(0.00%) |    233       8     976    200 |    7.70        0.00
GET      /cart                                                                           1759     0(0.00%) |    192       4    1159    150 |   32.30        0.00
POST     /cart [add]                                                                     2288     0(0.00%) |    223       7    1913    180 |   43.40        0.00
POST     /cart/checkout                                                                   884     0(0.00%) |    220       8    1495    190 |   18.40        0.00
GET      /product/[id]                                                                   6845     0(0.00%) |    168       4    1411    120 |  125.70        0.00
POST     /setCurrency                                                                    1327     0(0.00%) |    245       9    1296    190 |   24.00        0.00
--------|----------------------------------------------------------------------------|-------|-------------|-------|-------|-------|-------|--------|-----------
         Aggregated                                                                     13503     0(0.00%) |    193       4    1913    150 |  251.50        0.00

Type     Name                                                                          # reqs      # fails |    Avg     Min     Max    Med |   req/s  failures/s
--------|----------------------------------------------------------------------------|-------|-------------|-------|-------|-------|-------|--------|-----------
GET      /                                                                                411     0(0.00%) |    237       8     976    210 |    7.00        0.00
GET      /cart                                                                           1790     0(0.00%) |    198       4    1159    160 |   31.80        0.00
POST     /cart [add]                                                                     2342     0(0.00%) |    229       7    1913    190 |   44.10        0.00
POST     /cart/checkout                                                                   905     0(0.00%) |    226       8    1495    190 |   17.90        0.00
GET      /product/[id]                                                                   7020     0(0.00%) |    175       4    1411    130 |  127.10        0.00
POST     /setCurrency                                                                    1355     0(0.00%) |    249       9    1296    200 |   24.30        0.00
--------|----------------------------------------------------------------------------|-------|-------------|-------|-------|-------|-------|--------|-----------
         Aggregated                                                                     13823     0(0.00%) |    200       4    1913    160 |  252.20        0.00

Type     Name                                                                          # reqs      # fails |    Avg     Min     Max    Med |   req/s  failures/s
--------|----------------------------------------------------------------------------|-------|-------------|-------|-------|-------|-------|--------|-----------
GET      /                                                                                426     0(0.00%) |    250       8    1412    210 |    7.30        0.00
GET      /cart                                                                           1840     0(0.00%) |    208       4    1169    160 |   27.20        0.00
POST     /cart [add]                                                                     2407     0(0.00%) |    242       7    1913    190 |   40.50        0.00
POST     /cart/checkout                                                                   931     0(0.00%) |    238       8    1597    200 |   15.60        0.00
GET      /product/[id]                                                                   7229     0(0.00%) |    185       4    1411    130 |  117.40        0.00
POST     /setCurrency                                                                    1408     0(0.00%) |    265       9    1413    210 |   22.50        0.00
--------|----------------------------------------------------------------------------|-------|-------------|-------|-------|-------|-------|--------|-----------
         Aggregated                                                                     14241     0(0.00%) |    211       4    1913    160 |  230.50        0.00

Type     Name                                                                          # reqs      # fails |    Avg     Min     Max    Med |   req/s  failures/s
--------|----------------------------------------------------------------------------|-------|-------------|-------|-------|-------|-------|--------|-----------
GET      /                                                                                440     0(0.00%) |    256       8    1412    220 |    7.50        0.00
GET      /cart                                                                           1884     0(0.00%) |    212       4    1169    170 |   27.30        0.00
POST     /cart [add]                                                                     2494     0(0.00%) |    254       7    1913    200 |   39.70        0.00
POST     /cart/checkout                                                                   967     0(0.00%) |    245       8    1597    200 |   15.70        0.00
GET      /product/[id]                                                                   7464     0(0.00%) |    190       4    1411    140 |  119.40        0.00
POST     /setCurrency                                                                    1452     0(0.00%) |    268       9    1413    210 |   22.60        0.00
--------|----------------------------------------------------------------------------|-------|-------------|-------|-------|-------|-------|--------|-----------
         Aggregated                                                                     14701     0(0.00%) |    217       4    1913    170 |  232.20        0.00

Type     Name                                                                          # reqs      # fails |    Avg     Min     Max    Med |   req/s  failures/s
--------|----------------------------------------------------------------------------|-------|-------------|-------|-------|-------|-------|--------|-----------
GET      /                                                                                455     0(0.00%) |    264       8    1412    230 |    7.50        0.00
GET      /cart                                                                           1950     0(0.00%) |    221       4    1169    170 |   23.80        0.00
POST     /cart [add]                                                                     2568     0(0.00%) |    263       7    1913    200 |   36.40        0.00
POST     /cart/checkout                                                                   997     0(0.00%) |    253       8    1597    200 |   14.30        0.00
GET      /product/[id]                                                                   7719     0(0.00%) |    199       4    1411    150 |  112.70        0.00
POST     /setCurrency                                                                    1510     0(0.00%) |    278       9    1413    220 |   22.70        0.00
--------|----------------------------------------------------------------------------|-------|-------------|-------|-------|-------|-------|--------|-----------
         Aggregated                                                                     15199     0(0.00%) |    226       4    1913    170 |  217.40        0.00

Type     Name                                                                          # reqs      # fails |    Avg     Min     Max    Med |   req/s  failures/s
--------|----------------------------------------------------------------------------|-------|-------------|-------|-------|-------|-------|--------|-----------
GET      /                                                                                467     0(0.00%) |    267       8    1412    240 |    6.60        0.00
GET      /cart                                                                           2025     0(0.00%) |    226       4    1169    180 |   24.30        0.00
POST     /cart [add]                                                                     2653     0(0.00%) |    268       7    1913    210 |   35.00        0.00
POST     /cart/checkout                                                                  1029     0(0.00%) |    258       8    1597    200 |   13.30        0.00
GET      /product/[id]                                                                   8007     0(0.00%) |    203       4    1411    150 |  110.80        0.00
POST     /setCurrency                                                                    1561     0(0.00%) |    281       9    1413    230 |   23.20        0.00
--------|----------------------------------------------------------------------------|-------|-------------|-------|-------|-------|-------|--------|-----------
         Aggregated                                                                     15742     0(0.00%) |    230       4    1913    180 |  213.20        0.00

Type     Name                                                                          # reqs      # fails |    Avg     Min     Max    Med |   req/s  failures/s
--------|----------------------------------------------------------------------------|-------|-------------|-------|-------|-------|-------|--------|-----------
GET      /                                                                                484     0(0.00%) |    279       8    1412    250 |    6.90        0.00
GET      /cart                                                                           2081     0(0.00%) |    231       4    1169    180 |   26.50        0.00
POST     /cart [add]                                                                     2737     0(0.00%) |    274       7    1913    210 |   36.50        0.00
POST     /cart/checkout                                                                  1050     0(0.00%) |    263       8    1597    200 |   14.30        0.00
GET      /product/[id]                                                                   8276     0(0.00%) |    207       4    1411    160 |  116.20        0.00
POST     /setCurrency                                                                    1602     0(0.00%) |    287       9    1413    240 |   22.80        0.00
--------|----------------------------------------------------------------------------|-------|-------------|-------|-------|-------|-------|--------|-----------
         Aggregated                                                                     16230     0(0.00%) |    235       4    1913    180 |  223.20        0.00

Type     Name                                                                          # reqs      # fails |    Avg     Min     Max    Med |   req/s  failures/s
--------|----------------------------------------------------------------------------|-------|-------------|-------|-------|-------|-------|--------|-----------
GET      /                                                                                505     0(0.00%) |    297       8    1412    260 |    7.20        0.00
GET      /cart                                                                           2152     0(0.00%) |    238       4    1169    190 |   29.60        0.00
POST     /cart [add]                                                                     2828     0(0.00%) |    281       7    1913    220 |   38.60        0.00
POST     /cart/checkout                                                                  1087     0(0.00%) |    271       8    1597    200 |   14.50        0.00
GET      /product/[id]                                                                   8526     0(0.00%) |    211       4    1411    160 |  126.80        0.00
POST     /setCurrency                                                                    1653     0(0.00%) |    299       9    1413    250 |   24.60        0.00
--------|----------------------------------------------------------------------------|-------|-------------|-------|-------|-------|-------|--------|-----------
         Aggregated                                                                     16751     0(0.00%) |    242       4    1913    190 |  241.30        0.00

Type     Name                                                                          # reqs      # fails |    Avg     Min     Max    Med |   req/s  failures/s
--------|----------------------------------------------------------------------------|-------|-------------|-------|-------|-------|-------|--------|-----------
GET      /                                                                                525     0(0.00%) |    304       8    1412    270 |    8.20        0.00
GET      /cart                                                                           2215     0(0.00%) |    244       4    1169    200 |   29.60        0.00
POST     /cart [add]                                                                     2919     0(0.00%) |    286       7    1913    220 |   41.30        0.00
POST     /cart/checkout                                                                  1117     0(0.00%) |    279       8    1597    200 |   15.20        0.00
GET      /product/[id]                                                                   8792     0(0.00%) |    215       4    1411    170 |  129.60        0.00
POST     /setCurrency                                                                    1699     0(0.00%) |    305       9    1413    260 |   25.60        0.00
--------|----------------------------------------------------------------------------|-------|-------------|-------|-------|-------|-------|--------|-----------
         Aggregated                                                                     17267     0(0.00%) |    247       4    1913    190 |  249.50        0.00

Type     Name                                                                          # reqs      # fails |    Avg     Min     Max    Med |   req/s  failures/s
--------|----------------------------------------------------------------------------|-------|-------------|-------|-------|-------|-------|--------|-----------
GET      /                                                                                553     0(0.00%) |    313       8    1412    280 |    8.40        0.00
GET      /cart                                                                           2281     0(0.00%) |    251       4    1169    200 |   31.70        0.00
POST     /cart [add]                                                                     2999     0(0.00%) |    291       7    1913    230 |   41.70        0.00
POST     /cart/checkout                                                                  1145     0(0.00%) |    284       8    1597    220 |   14.60        0.00
GET      /product/[id]                                                                   9083     0(0.00%) |    220       4    1411    170 |  129.90        0.00
POST     /setCurrency                                                                    1741     0(0.00%) |    309       9    1413    270 |   24.60        0.00
--------|----------------------------------------------------------------------------|-------|-------------|-------|-------|-------|-------|--------|-----------
         Aggregated                                                                     17802     0(0.00%) |    252       4    1913    200 |  250.90        0.00

Type     Name                                                                          # reqs      # fails |    Avg     Min     Max    Med |   req/s  failures/s
--------|----------------------------------------------------------------------------|-------|-------------|-------|-------|-------|-------|--------|-----------
GET      /                                                                                568     0(0.00%) |    318       8    1412    290 |   10.00        0.00
GET      /cart                                                                           2345     0(0.00%) |    255       4    1169    200 |   33.10        0.00
POST     /cart [add]                                                                     3086     0(0.00%) |    296       7    1913    240 |   43.10        0.00
POST     /cart/checkout                                                                  1173     0(0.00%) |    288       8    1597    230 |   14.50        0.00
GET      /product/[id]                                                                   9378     0(0.00%) |    224       4    1411    170 |  136.60        0.00
POST     /setCurrency                                                                    1805     0(0.00%) |    318       9    1413    280 |   23.50        0.00
--------|----------------------------------------------------------------------------|-------|-------------|-------|-------|-------|-------|--------|-----------
         Aggregated                                                                     18355     0(0.00%) |    256       4    1913    200 |  260.80        0.00

Type     Name                                                                          # reqs      # fails |    Avg     Min     Max    Med |   req/s  failures/s
--------|----------------------------------------------------------------------------|-------|-------------|-------|-------|-------|-------|--------|-----------
GET      /                                                                                579     0(0.00%) |    324       8    1412    300 |   10.10        0.00
GET      /cart                                                                           2418     0(0.00%) |    266       4    1169    210 |   31.90        0.00
POST     /cart [add]                                                                     3148     0(0.00%) |    301       7    1913    240 |   43.30        0.00
POST     /cart/checkout                                                                  1195     0(0.00%) |    295       8    1597    240 |   14.50        0.00
GET      /product/[id]                                                                   9578     0(0.00%) |    230       4    1411    180 |  136.50        0.00
POST     /setCurrency                                                                    1835     0(0.00%) |    322       9    1413    280 |   25.10        0.00
--------|----------------------------------------------------------------------------|-------|-------------|-------|-------|-------|-------|--------|-----------
         Aggregated                                                                     18753     0(0.00%) |    262       4    1913    200 |  261.40        0.00

Type     Name                                                                          # reqs      # fails |    Avg     Min     Max    Med |   req/s  failures/s
--------|----------------------------------------------------------------------------|-------|-------------|-------|-------|-------|-------|--------|-----------
GET      /                                                                                594     0(0.00%) |    335       8    1412    310 |    9.50        0.00
GET      /cart                                                                           2480     0(0.00%) |    271       4    1169    220 |   31.70        0.00
POST     /cart [add]                                                                     3251     0(0.00%) |    314       7    1925    250 |   42.20        0.00
POST     /cart/checkout                                                                  1238     0(0.00%) |    306       8    1753    260 |   14.40        0.00
GET      /product/[id]                                                                   9853     0(0.00%) |    237       4    1420    180 |  127.90        0.00
POST     /setCurrency                                                                    1894     0(0.00%) |    333       9    1413    290 |   23.10        0.00
--------|----------------------------------------------------------------------------|-------|-------------|-------|-------|-------|-------|--------|-----------
         Aggregated                                                                     19310     0(0.00%) |    271       4    1925    210 |  248.80        0.00

Type     Name                                                                          # reqs      # fails |    Avg     Min     Max    Med |   req/s  failures/s
--------|----------------------------------------------------------------------------|-------|-------------|-------|-------|-------|-------|--------|-----------
GET      /                                                                                606     0(0.00%) |    340       8    1412    310 |    8.50        0.00
GET      /cart                                                                           2547     0(0.00%) |    276       4    1169    220 |   32.00        0.00
POST     /cart [add]                                                                     3337     0(0.00%) |    320       7    1925    260 |   40.90        0.00
POST     /cart/checkout                                                                  1272     0(0.00%) |    312       8    1753    260 |   15.10        0.00
GET      /product/[id]                                                                  10133     0(0.00%) |    242       4    1420    180 |  132.20        0.00
POST     /setCurrency                                                                    1942     0(0.00%) |    339       9    1413    300 |   23.00        0.00
--------|----------------------------------------------------------------------------|-------|-------------|-------|-------|-------|-------|--------|-----------
         Aggregated                                                                     19837     0(0.00%) |    277       4    1925    210 |  251.70        0.00

Type     Name                                                                          # reqs      # fails |    Avg     Min     Max    Med |   req/s  failures/s
--------|----------------------------------------------------------------------------|-------|-------------|-------|-------|-------|-------|--------|-----------
GET      /                                                                                622     0(0.00%) |    342       8    1412    310 |    7.90        0.00
GET      /cart                                                                           2613     0(0.00%) |    281       4    1169    220 |   32.60        0.00
POST     /cart [add]                                                                     3426     0(0.00%) |    324       7    1925    260 |   41.00        0.00
POST     /cart/checkout                                                                  1299     0(0.00%) |    316       8    1753    270 |   15.60        0.00
GET      /product/[id]                                                                  10433     0(0.00%) |    247       4    1420    190 |  132.10        0.00
POST     /setCurrency                                                                    1997     0(0.00%) |    343       9    1413    300 |   23.60        0.00
--------|----------------------------------------------------------------------------|-------|-------------|-------|-------|-------|-------|--------|-----------
         Aggregated                                                                     20390     0(0.00%) |    281       4    1925    220 |  252.80        0.00

Type     Name                                                                          # reqs      # fails |    Avg     Min     Max    Med |   req/s  failures/s
--------|----------------------------------------------------------------------------|-------|-------------|-------|-------|-------|-------|--------|-----------
GET      /                                                                                635     0(0.00%) |    350       8    1412    320 |    6.90        0.00
GET      /cart                                                                           2677     0(0.00%) |    288       4    1169    230 |   32.90        0.00
POST     /cart [add]                                                                     3504     0(0.00%) |    330       7    1925    260 |   41.40        0.00
POST     /cart/checkout                                                                  1334     0(0.00%) |    324       8    1753    280 |   15.60        0.00
GET      /product/[id]                                                                  10707     0(0.00%) |    252       4    1420    190 |  133.40        0.00
POST     /setCurrency                                                                    2042     0(0.00%) |    352       9    1413    310 |   25.40        0.00
--------|----------------------------------------------------------------------------|-------|-------------|-------|-------|-------|-------|--------|-----------
         Aggregated                                                                     20899     0(0.00%) |    287       4    1925    220 |  255.60        0.00

Type     Name                                                                          # reqs      # fails |    Avg     Min     Max    Med |   req/s  failures/s
--------|----------------------------------------------------------------------------|-------|-------------|-------|-------|-------|-------|--------|-----------
GET      /                                                                                656     0(0.00%) |    361       8    1412    330 |    6.60        0.00
GET      /cart                                                                           2757     0(0.00%) |    295       4    1169    240 |   33.60        0.00
POST     /cart [add]                                                                     3592     0(0.00%) |    337       7    1925    270 |   42.10        0.00
POST     /cart/checkout                                                                  1354     0(0.00%) |    329       8    1753    290 |   16.10        0.00
GET      /product/[id]                                                                  11000     0(0.00%) |    257       4    1420    200 |  132.30        0.00
POST     /setCurrency                                                                    2089     0(0.00%) |    359       9    1413    320 |   23.60        0.00
--------|----------------------------------------------------------------------------|-------|-------------|-------|-------|-------|-------|--------|-----------
         Aggregated                                                                     21448     0(0.00%) |    293       4    1925    230 |  254.30        0.00

Type     Name                                                                          # reqs      # fails |    Avg     Min     Max    Med |   req/s  failures/s
--------|----------------------------------------------------------------------------|-------|-------------|-------|-------|-------|-------|--------|-----------
GET      /                                                                                671     0(0.00%) |    371       8    1412    340 |    7.50        0.00
GET      /cart                                                                           2821     0(0.00%) |    302       4    1298    240 |   35.40        0.00
POST     /cart [add]                                                                     3678     0(0.00%) |    343       7    1925    280 |   42.60        0.00
POST     /cart/checkout                                                                  1381     0(0.00%) |    333       8    1753    290 |   15.90        0.00
GET      /product/[id]                                                                  11288     0(0.00%) |    262       4    1420    200 |  142.90        0.00
POST     /setCurrency                                                                    2136     0(0.00%) |    367       9    1413    330 |   24.80        0.00
--------|----------------------------------------------------------------------------|-------|-------------|-------|-------|-------|-------|--------|-----------
         Aggregated                                                                     21975     0(0.00%) |    299       4    1925    230 |  269.10        0.00

Type     Name                                                                          # reqs      # fails |    Avg     Min     Max    Med |   req/s  failures/s
--------|----------------------------------------------------------------------------|-------|-------------|-------|-------|-------|-------|--------|-----------
GET      /                                                                                682     0(0.00%) |    380       8    1412    350 |    7.60        0.00
GET      /cart                                                                           2888     0(0.00%) |    310       4    1298    250 |   35.80        0.00
POST     /cart [add]                                                                     3754     0(0.00%) |    349       7    1925    280 |   43.30        0.00
POST     /cart/checkout                                                                  1407     0(0.00%) |    339       8    1753    290 |   14.40        0.00
GET      /product/[id]                                                                  11552     0(0.00%) |    266       4    1420    200 |  142.60        0.00
POST     /setCurrency                                                                    2184     0(0.00%) |    379       9    1413    350 |   23.40        0.00
--------|----------------------------------------------------------------------------|-------|-------------|-------|-------|-------|-------|--------|-----------
         Aggregated                                                                     22467     0(0.00%) |    305       4    1925    240 |  267.10        0.00

Type     Name                                                                          # reqs      # fails |    Avg     Min     Max    Med |   req/s  failures/s
--------|----------------------------------------------------------------------------|-------|-------------|-------|-------|-------|-------|--------|-----------
GET      /                                                                                695     0(0.00%) |    390       8    1412    350 |    7.70        0.00
GET      /cart                                                                           2955     0(0.00%) |    316       4    1298    250 |   35.20        0.00
POST     /cart [add]                                                                     3840     0(0.00%) |    356       7    1925    290 |   42.10        0.00
POST     /cart/checkout                                                                  1433     0(0.00%) |    345       8    1753    290 |   13.50        0.00
GET      /product/[id]                                                                  11819     0(0.00%) |    270       4    1420    210 |  142.90        0.00
POST     /setCurrency                                                                    2242     0(0.00%) |    394       9    1413    360 |   24.60        0.00
--------|----------------------------------------------------------------------------|-------|-------------|-------|-------|-------|-------|--------|-----------
         Aggregated                                                                     22984     0(0.00%) |    311       4    1925    240 |  266.00        0.00

Type     Name                                                                          # reqs      # fails |    Avg     Min     Max    Med |   req/s  failures/s
--------|----------------------------------------------------------------------------|-------|-------------|-------|-------|-------|-------|--------|-----------
GET      /                                                                                709     0(0.00%) |    403       8    1412    360 |    5.91        0.00
GET      /cart                                                                           3012     0(0.00%) |    320       4    1298    260 |   25.10        0.00
POST     /cart [add]                                                                     3916     0(0.00%) |    362       7    1925    290 |   32.64        0.00
POST     /cart/checkout                                                                  1456     0(0.00%) |    350       8    1753    290 |   12.13        0.00
GET      /product/[id]                                                                  12096     0(0.00%) |    273       4    1420    210 |  100.81        0.00
POST     /setCurrency                                                                    2295     0(0.00%) |    408       9    1413    370 |   19.13        0.00
--------|----------------------------------------------------------------------------|-------|-------------|-------|-------|-------|-------|--------|-----------
         Aggregated                                                                     23484     0(0.00%) |    316       4    1925    250 |  195.72        0.00

Response time percentiles (approximated)
Type     Name                                                                                  50%    66%    75%    80%    90%    95%    98%    99%  99.9% 99.99%   100% # reqs
--------|--------------------------------------------------------------------------------|--------|------|------|------|------|------|------|------|------|------|------|------
GET      /                                                                                     360    500    620    680    840    940   1000   1100   1400   1400   1400    709
GET      /cart                                                                                 260    390    480    540    690    810    990   1100   1200   1300   1300   3012
POST     /cart [add]                                                                           290    430    530    590    730    920   1200   1400   1800   1900   1900   3916
POST     /cart/checkout                                                                        290    400    500    580    700    870   1200   1400   1600   1800   1800   1456
GET      /product/[id]                                                                         210    310    410    470    590    690    940   1100   1300   1400   1400  12096
POST     /setCurrency                                                                          370    520    610    690    850    980   1100   1200   1400   1400   1400   2295
--------|--------------------------------------------------------------------------------|--------|------|------|------|------|------|------|------|------|------|------|------
         Aggregated                                                                            250    380    470    530    670    830   1000   1100   1500   1800   1900  23484

