/Users/edias/Library/Python/3.9/lib/python/site-packages/urllib3/__init__.py:35: NotOpenSSLWarning: urllib3 v2 only supports OpenSSL 1.1.1+, currently the 'ssl' module is compiled with 'LibreSSL 2.8.3'. See: https://github.com/urllib3/urllib3/issues/3020
  warnings.warn(
[2026-05-20 23:11:55,678] Mac/WARNING/locust.main: Python 3.9 support is deprecated and will be removed soon
Type     Name                                                                          # reqs      # fails |    Avg     Min     Max    Med |   req/s  failures/s
--------|----------------------------------------------------------------------------|-------|-------------|-------|-------|-------|-------|--------|-----------
--------|----------------------------------------------------------------------------|-------|-------------|-------|-------|-------|-------|--------|-----------
         Aggregated                                                                         0     0(0.00%) |      0       0       0      0 |    0.00        0.00

Type     Name                                                                          # reqs      # fails |    Avg     Min     Max    Med |   req/s  failures/s
--------|----------------------------------------------------------------------------|-------|-------------|-------|-------|-------|-------|--------|-----------
GET      /cart                                                                              7     0(0.00%) |     17       9      30     15 |    0.00        0.00
POST     /cart [add]                                                                        3     0(0.00%) |     14      12      15     15 |    0.00        0.00
GET      /product/[id]                                                                     14     0(0.00%) |     26       9      84     18 |    0.00        0.00
--------|----------------------------------------------------------------------------|-------|-------------|-------|-------|-------|-------|--------|-----------
         Aggregated                                                                        24     0(0.00%) |     22       9      84     16 |    0.00        0.00

Type     Name                                                                          # reqs      # fails |    Avg     Min     Max    Med |   req/s  failures/s
--------|----------------------------------------------------------------------------|-------|-------------|-------|-------|-------|-------|--------|-----------
GET      /                                                                                  4     0(0.00%) |    156       9     360     34 |    0.00        0.00
GET      /cart                                                                             13     0(0.00%) |     17       9      30     15 |    1.50        0.00
POST     /cart [add]                                                                       10     0(0.00%) |     62      12     405     16 |    1.00        0.00
POST     /cart/checkout                                                                     5     0(0.00%) |     34      12      93     16 |    0.00        0.00
GET      /product/[id]                                                                     34     0(0.00%) |     30       9     401     16 |    5.00        0.00
POST     /setCurrency                                                                       2     0(0.00%) |    260      19     502     19 |    0.00        0.00
--------|----------------------------------------------------------------------------|-------|-------------|-------|-------|-------|-------|--------|-----------
         Aggregated                                                                        68     0(0.00%) |     47       9     502     16 |    7.50        0.00

Type     Name                                                                          # reqs      # fails |    Avg     Min     Max    Med |   req/s  failures/s
--------|----------------------------------------------------------------------------|-------|-------------|-------|-------|-------|-------|--------|-----------
GET      /                                                                                  6     0(0.00%) |    120       9     360     34 |    0.25        0.00
GET      /cart                                                                             24     0(0.00%) |     30       5     235     13 |    3.00        0.00
POST     /cart [add]                                                                       20     0(0.00%) |     53       9     405     16 |    1.75        0.00
POST     /cart/checkout                                                                     7     0(0.00%) |     40      11     100     16 |    0.50        0.00
GET      /product/[id]                                                                     69     0(0.00%) |     28       5     401     15 |    7.25        0.00
POST     /setCurrency                                                                      14     0(0.00%) |     70      11     502     19 |    0.25        0.00
--------|----------------------------------------------------------------------------|-------|-------------|-------|-------|-------|-------|--------|-----------
         Aggregated                                                                       140     0(0.00%) |     41       5     502     16 |   13.00        0.00

Type     Name                                                                          # reqs      # fails |    Avg     Min     Max    Med |   req/s  failures/s
--------|----------------------------------------------------------------------------|-------|-------------|-------|-------|-------|-------|--------|-----------
GET      /                                                                                 10     0(0.00%) |    126       9     360     34 |    0.83        0.00
GET      /cart                                                                             48     0(0.00%) |     27       5     243     10 |    3.50        0.00
POST     /cart [add]                                                                       42     0(0.00%) |     35       8     405     13 |    2.83        0.00
POST     /cart/checkout                                                                    15     0(0.00%) |     29       8     100     13 |    1.17        0.00
GET      /product/[id]                                                                    121     0(0.00%) |     24       5     401     10 |    9.67        0.00
POST     /setCurrency                                                                      20     0(0.00%) |     53      11     502     16 |    1.67        0.00
--------|----------------------------------------------------------------------------|-------|-------------|-------|-------|-------|-------|--------|-----------
         Aggregated                                                                       256     0(0.00%) |     33       5     502     12 |   19.67        0.00

Type     Name                                                                          # reqs      # fails |    Avg     Min     Max    Med |   req/s  failures/s
--------|----------------------------------------------------------------------------|-------|-------------|-------|-------|-------|-------|--------|-----------
GET      /                                                                                 14     0(0.00%) |     94       9     360     17 |    1.25        0.00
GET      /cart                                                                             64     0(0.00%) |     26       5     243      9 |    4.62        0.00
POST     /cart [add]                                                                       67     0(0.00%) |     34       8     405     13 |    3.75        0.00
POST     /cart/checkout                                                                    24     0(0.00%) |     24       8     100     13 |    1.25        0.00
GET      /product/[id]                                                                    178     0(0.00%) |     25       5     401      9 |   13.25        0.00
POST     /setCurrency                                                                      35     0(0.00%) |     43       9     502     13 |    2.25        0.00
--------|----------------------------------------------------------------------------|-------|-------------|-------|-------|-------|-------|--------|-----------
         Aggregated                                                                       382     0(0.00%) |     31       5     502     11 |   26.38        0.00

Type     Name                                                                          # reqs      # fails |    Avg     Min     Max    Med |   req/s  failures/s
--------|----------------------------------------------------------------------------|-------|-------------|-------|-------|-------|-------|--------|-----------
GET      /                                                                                 18     0(0.00%) |     77       7     360     13 |    1.10        0.00
GET      /cart                                                                             92     0(0.00%) |     22       5     243      9 |    6.00        0.00
POST     /cart [add]                                                                       99     0(0.00%) |     29       7     405     12 |    6.10        0.00
POST     /cart/checkout                                                                    39     0(0.00%) |     20       8     100     12 |    2.00        0.00
GET      /product/[id]                                                                    256     0(0.00%) |     23       4     401      9 |   14.90        0.00
POST     /setCurrency                                                                      51     0(0.00%) |     39       9     502     14 |    3.00        0.00
--------|----------------------------------------------------------------------------|-------|-------------|-------|-------|-------|-------|--------|-----------
         Aggregated                                                                       555     0(0.00%) |     27       4     502     10 |   33.10        0.00

Type     Name                                                                          # reqs      # fails |    Avg     Min     Max    Med |   req/s  failures/s
--------|----------------------------------------------------------------------------|-------|-------------|-------|-------|-------|-------|--------|-----------
GET      /                                                                                 21     0(0.00%) |    103       7     769     13 |    1.60        0.00
GET      /cart                                                                            107     0(0.00%) |     33       4     817      9 |    7.60        0.00
POST     /cart [add]                                                                      123     0(0.00%) |     73       7    1051     11 |    8.90        0.00
POST     /cart/checkout                                                                    49     0(0.00%) |     21       8     100     12 |    3.60        0.00
GET      /product/[id]                                                                    311     0(0.00%) |     51       4     974      9 |   22.10        0.00
POST     /setCurrency                                                                      62     0(0.00%) |     93       9     918     14 |    4.40        0.00
--------|----------------------------------------------------------------------------|-------|-------------|-------|-------|-------|-------|--------|-----------
         Aggregated                                                                       673     0(0.00%) |     55       4    1051     10 |   48.20        0.00

Type     Name                                                                          # reqs      # fails |    Avg     Min     Max    Med |   req/s  failures/s
--------|----------------------------------------------------------------------------|-------|-------------|-------|-------|-------|-------|--------|-----------
GET      /                                                                                 26     0(0.00%) |     86       7     769     13 |    1.90        0.00
GET      /cart                                                                            137     0(0.00%) |     28       4     817      8 |    8.30        0.00
POST     /cart [add]                                                                      162     0(0.00%) |     59       7    1051     11 |   10.40        0.00
POST     /cart/checkout                                                                    63     0(0.00%) |     19       8     100     12 |    4.00        0.00
GET      /product/[id]                                                                    425     0(0.00%) |     39       4     974      8 |   24.80        0.00
POST     /setCurrency                                                                      89     0(0.00%) |     70       9     918     14 |    5.70        0.00
--------|----------------------------------------------------------------------------|-------|-------------|-------|-------|-------|-------|--------|-----------
         Aggregated                                                                       902     0(0.00%) |     44       4    1051     10 |   55.10        0.00

Type     Name                                                                          # reqs      # fails |    Avg     Min     Max    Med |   req/s  failures/s
--------|----------------------------------------------------------------------------|-------|-------------|-------|-------|-------|-------|--------|-----------
GET      /                                                                                 30     0(0.00%) |     76       7     769     13 |    1.80        0.00
GET      /cart                                                                            168     0(0.00%) |     25       4     817      8 |   10.60        0.00
POST     /cart [add]                                                                      203     0(0.00%) |     51       7    1051     11 |   13.30        0.00
POST     /cart/checkout                                                                    78     0(0.00%) |     18       8     100     11 |    5.20        0.00
GET      /product/[id]                                                                    560     0(0.00%) |     33       4     974      8 |   32.40        0.00
POST     /setCurrency                                                                     119     0(0.00%) |     56       9     918     14 |    6.60        0.00
--------|----------------------------------------------------------------------------|-------|-------------|-------|-------|-------|-------|--------|-----------
         Aggregated                                                                      1158     0(0.00%) |     37       4    1051     10 |   69.90        0.00

Type     Name                                                                          # reqs      # fails |    Avg     Min     Max    Med |   req/s  failures/s
--------|----------------------------------------------------------------------------|-------|-------------|-------|-------|-------|-------|--------|-----------
GET      /                                                                                 38     0(0.00%) |     65       7     769     13 |    1.80        0.00
GET      /cart                                                                            200     0(0.00%) |     25       4     817      8 |   12.10        0.00
POST     /cart [add]                                                                      256     0(0.00%) |     47       7    1051     11 |   15.80        0.00
POST     /cart/checkout                                                                    96     0(0.00%) |     20       8     126     12 |    6.00        0.00
GET      /product/[id]                                                                    695     0(0.00%) |     32       4     974      8 |   40.60        0.00
POST     /setCurrency                                                                     149     0(0.00%) |     49       9     918     14 |    9.10        0.00
--------|----------------------------------------------------------------------------|-------|-------------|-------|-------|-------|-------|--------|-----------
         Aggregated                                                                      1434     0(0.00%) |     36       4    1051     10 |   85.40        0.00

Type     Name                                                                          # reqs      # fails |    Avg     Min     Max    Med |   req/s  failures/s
--------|----------------------------------------------------------------------------|-------|-------------|-------|-------|-------|-------|--------|-----------
GET      /                                                                                 41     0(0.00%) |     61       7     769     13 |    2.20        0.00
GET      /cart                                                                            218     0(0.00%) |     30       4     817      9 |   11.90        0.00
POST     /cart [add]                                                                      285     0(0.00%) |     53       7    1051     12 |   16.20        0.00
POST     /cart/checkout                                                                   105     0(0.00%) |     25       8     182     12 |    6.50        0.00
GET      /product/[id]                                                                    775     0(0.00%) |     38       4     974      8 |   46.10        0.00
POST     /setCurrency                                                                     160     0(0.00%) |     47       9     918     13 |   10.40        0.00
--------|----------------------------------------------------------------------------|-------|-------------|-------|-------|-------|-------|--------|-----------
         Aggregated                                                                      1584     0(0.00%) |     40       4    1051     10 |   93.30        0.00

Type     Name                                                                          # reqs      # fails |    Avg     Min     Max    Med |   req/s  failures/s
--------|----------------------------------------------------------------------------|-------|-------------|-------|-------|-------|-------|--------|-----------
GET      /                                                                                 51     0(0.00%) |     84       7     905     13 |    2.50        0.00
GET      /cart                                                                            242     0(0.00%) |     42       4    1021      9 |   13.90        0.00
POST     /cart [add]                                                                      317     0(0.00%) |     76       7    1266     13 |   19.40        0.00
POST     /cart/checkout                                                                   114     0(0.00%) |     34       8     221     12 |    6.90        0.00
GET      /product/[id]                                                                    907     0(0.00%) |     75       4    1314      9 |   54.40        0.00
POST     /setCurrency                                                                     182     0(0.00%) |     61       9     918     14 |   11.60        0.00
--------|----------------------------------------------------------------------------|-------|-------------|-------|-------|-------|-------|--------|-----------
         Aggregated                                                                      1813     0(0.00%) |     67       4    1314     11 |  108.70        0.00

Type     Name                                                                          # reqs      # fails |    Avg     Min     Max    Med |   req/s  failures/s
--------|----------------------------------------------------------------------------|-------|-------------|-------|-------|-------|-------|--------|-----------
GET      /                                                                                 57     0(0.00%) |     76       7     905     12 |    2.70        0.00
GET      /cart                                                                            279     0(0.00%) |     50       4    1021     10 |   13.80        0.00
POST     /cart [add]                                                                      362     0(0.00%) |     81       7    1266     14 |   19.20        0.00
POST     /cart/checkout                                                                   134     0(0.00%) |     47       8     221     14 |    6.70        0.00
GET      /product/[id]                                                                   1048     0(0.00%) |     78       4    1314     11 |   57.90        0.00
POST     /setCurrency                                                                     209     0(0.00%) |     55       9     918     14 |   11.40        0.00
--------|----------------------------------------------------------------------------|-------|-------------|-------|-------|-------|-------|--------|-----------
         Aggregated                                                                      2089     0(0.00%) |     71       4    1314     13 |  111.70        0.00

Type     Name                                                                          # reqs      # fails |    Avg     Min     Max    Med |   req/s  failures/s
--------|----------------------------------------------------------------------------|-------|-------------|-------|-------|-------|-------|--------|-----------
GET      /                                                                                 63     0(0.00%) |     70       7     905     12 |    3.10        0.00
GET      /cart                                                                            305     0(0.00%) |     57       4    1021     12 |   14.20        0.00
POST     /cart [add]                                                                      422     0(0.00%) |     90       7    1266     20 |   19.30        0.00
POST     /cart/checkout                                                                   162     0(0.00%) |     66       8     221     22 |    6.70        0.00
GET      /product/[id]                                                                   1174     0(0.00%) |     85       4    1314     16 |   61.70        0.00
POST     /setCurrency                                                                     240     0(0.00%) |     50       8     918     13 |   12.60        0.00
--------|----------------------------------------------------------------------------|-------|-------------|-------|-------|-------|-------|--------|-----------
         Aggregated                                                                      2366     0(0.00%) |     77       4    1314     14 |  117.60        0.00

Type     Name                                                                          # reqs      # fails |    Avg     Min     Max    Med |   req/s  failures/s
--------|----------------------------------------------------------------------------|-------|-------------|-------|-------|-------|-------|--------|-----------
GET      /                                                                                 76     0(0.00%) |     61       7     905     12 |    2.54        0.00
GET      /cart                                                                            340     0(0.00%) |     68       4    1021     18 |   11.38        0.00
POST     /cart [add]                                                                      466     0(0.00%) |     96       7    1266     43 |   15.59        0.00
POST     /cart/checkout                                                                   178     0(0.00%) |     77       8     292     30 |    5.96        0.00
GET      /product/[id]                                                                   1295     0(0.00%) |     92       4    1314     34 |   43.33        0.00
POST     /setCurrency                                                                     266     0(0.00%) |     47       8     918     13 |    8.90        0.00
--------|----------------------------------------------------------------------------|-------|-------------|-------|-------|-------|-------|--------|-----------
         Aggregated                                                                      2621     0(0.00%) |     83       4    1314     18 |   87.70        0.00

Response time percentiles (approximated)
Type     Name                                                                                  50%    66%    75%    80%    90%    95%    98%    99%  99.9% 99.99%   100% # reqs
--------|--------------------------------------------------------------------------------|--------|------|------|------|------|------|------|------|------|------|------|------
GET      /                                                                                      12     13     17     19    100    360    780    910    910    910    910     76
GET      /cart                                                                                  18     82    110    130    170    210    280    540   1000   1000   1000    340
POST     /cart [add]                                                                            45    110    130    150    180    240    900   1000   1300   1300   1300    466
POST     /cart/checkout                                                                         36    100    120    170    190    200    270    290    290    290    290    178
GET      /product/[id]                                                                          34    100    130    140    180    260    820   1000   1300   1300   1300   1295
POST     /setCurrency                                                                           13     15     17     19     54    160    690    910    920    920    920    266
--------|--------------------------------------------------------------------------------|--------|------|------|------|------|------|------|------|------|------|------|------
         Aggregated                                                                             18     86    120    130    180    240    720    950   1300   1300   1300   2621

