/Users/edias/Library/Python/3.9/lib/python/site-packages/urllib3/__init__.py:35: NotOpenSSLWarning: urllib3 v2 only supports OpenSSL 1.1.1+, currently the 'ssl' module is compiled with 'LibreSSL 2.8.3'. See: https://github.com/urllib3/urllib3/issues/3020
  warnings.warn(
[2026-05-21 09:26:46,025] MacBook-Air-de-Eduardo/WARNING/locust.main: Python 3.9 support is deprecated and will be removed soon
Type     Name                                                                          # reqs      # fails |    Avg     Min     Max    Med |   req/s  failures/s
--------|----------------------------------------------------------------------------|-------|-------------|-------|-------|-------|-------|--------|-----------
--------|----------------------------------------------------------------------------|-------|-------------|-------|-------|-------|-------|--------|-----------
         Aggregated                                                                         0     0(0.00%) |      0       0       0      0 |    0.00        0.00

Type     Name                                                                          # reqs      # fails |    Avg     Min     Max    Med |   req/s  failures/s
--------|----------------------------------------------------------------------------|-------|-------------|-------|-------|-------|-------|--------|-----------
GET      /                                                                                  1     0(0.00%) |     25      25      25     25 |    0.00        0.00
GET      /cart                                                                              2     0(0.00%) |    701     455     947    460 |    0.00        0.00
POST     /cart [add]                                                                        4     0(0.00%) |    275      19    1016     29 |    0.00        0.00
POST     /cart/checkout                                                                     1     0(0.00%) |     20      20      20     20 |    0.00        0.00
GET      /product/[id]                                                                      5     0(0.00%) |    104      11     457     17 |    0.00        0.00
--------|----------------------------------------------------------------------------|-------|-------------|-------|-------|-------|-------|--------|-----------
         Aggregated                                                                        13     0(0.00%) |    236      11    1016     26 |    0.00        0.00

Type     Name                                                                          # reqs      # fails |    Avg     Min     Max    Med |   req/s  failures/s
--------|----------------------------------------------------------------------------|-------|-------------|-------|-------|-------|-------|--------|-----------
GET      /                                                                                  2     0(0.00%) |     21      16      25     17 |    0.50        0.00
GET      /cart                                                                              8     0(0.00%) |    185      10     947     12 |    1.00        0.00
POST     /cart [add]                                                                       12     0(0.00%) |    103      12    1016     19 |    1.50        0.00
POST     /cart/checkout                                                                     4     0(0.00%) |     18      15      21     17 |    0.50        0.00
GET      /product/[id]                                                                     30     0(0.00%) |     27       9     457     12 |    2.00        0.00
POST     /setCurrency                                                                       8     0(0.00%) |     18      15      20     17 |    0.00        0.00
--------|----------------------------------------------------------------------------|-------|-------------|-------|-------|-------|-------|--------|-----------
         Aggregated                                                                        64     0(0.00%) |     59       9    1016     15 |    5.50        0.00

Type     Name                                                                          # reqs      # fails |    Avg     Min     Max    Med |   req/s  failures/s
--------|----------------------------------------------------------------------------|-------|-------------|-------|-------|-------|-------|--------|-----------
GET      /                                                                                  6     0(0.00%) |     17      13      25     15 |    0.50        0.00
GET      /cart                                                                             22     0(0.00%) |     73       7     947     11 |    2.00        0.00
POST     /cart [add]                                                                       24     0(0.00%) |     59      11    1016     16 |    2.75        0.00
POST     /cart/checkout                                                                    12     0(0.00%) |     17      13      22     17 |    1.00        0.00
GET      /product/[id]                                                                     71     0(0.00%) |     18       7     457     11 |    7.25        0.00
POST     /setCurrency                                                                      13     0(0.00%) |     17      14      20     17 |    2.00        0.00
--------|----------------------------------------------------------------------------|-------|-------------|-------|-------|-------|-------|--------|-----------
         Aggregated                                                                       148     0(0.00%) |     33       7    1016     13 |   15.50        0.00

Type     Name                                                                          # reqs      # fails |    Avg     Min     Max    Med |   req/s  failures/s
--------|----------------------------------------------------------------------------|-------|-------------|-------|-------|-------|-------|--------|-----------
GET      /                                                                                  8     0(0.00%) |     16      12      25     15 |    1.00        0.00
GET      /cart                                                                             40     0(0.00%) |     45       6     947     10 |    3.50        0.00
POST     /cart [add]                                                                       42     0(0.00%) |     40      10    1016     15 |    4.00        0.00
POST     /cart/checkout                                                                    16     0(0.00%) |     17      13      22     17 |    2.00        0.00
GET      /product/[id]                                                                    127     0(0.00%) |     15       7     457     11 |   11.83        0.00
POST     /setCurrency                                                                      22     0(0.00%) |     17      14      36     17 |    2.00        0.00
--------|----------------------------------------------------------------------------|-------|-------------|-------|-------|-------|-------|--------|-----------
         Aggregated                                                                       255     0(0.00%) |     24       6    1016     12 |   24.33        0.00

Type     Name                                                                          # reqs      # fails |    Avg     Min     Max    Med |   req/s  failures/s
--------|----------------------------------------------------------------------------|-------|-------------|-------|-------|-------|-------|--------|-----------
GET      /                                                                                 11     0(0.00%) |     16      12      25     15 |    1.00        0.00
GET      /cart                                                                             66     0(0.00%) |     32       6     947     10 |    5.00        0.00
POST     /cart [add]                                                                       64     0(0.00%) |     32      10    1016     15 |    5.25        0.00
POST     /cart/checkout                                                                    23     0(0.00%) |     17      13      24     17 |    2.00        0.00
GET      /product/[id]                                                                    194     0(0.00%) |     14       6     457     11 |   15.88        0.00
POST     /setCurrency                                                                      31     0(0.00%) |     18      13      60     17 |    2.50        0.00
--------|----------------------------------------------------------------------------|-------|-------------|-------|-------|-------|-------|--------|-----------
         Aggregated                                                                       389     0(0.00%) |     20       6    1016     12 |   31.62        0.00

Type     Name                                                                          # reqs      # fails |    Avg     Min     Max    Med |   req/s  failures/s
--------|----------------------------------------------------------------------------|-------|-------------|-------|-------|-------|-------|--------|-----------
GET      /                                                                                 12     0(0.00%) |     15      12      25     15 |    1.10        0.00
GET      /cart                                                                             90     0(0.00%) |     28       6     947     11 |    6.60        0.00
POST     /cart [add]                                                                       91     0(0.00%) |     27      10    1016     15 |    6.40        0.00
POST     /cart/checkout                                                                    34     0(0.00%) |     20      13      86     17 |    2.30        0.00
GET      /product/[id]                                                                    279     0(0.00%) |     14       6     457     11 |   19.30        0.00
POST     /setCurrency                                                                      51     0(0.00%) |     19      12      60     17 |    3.10        0.00
--------|----------------------------------------------------------------------------|-------|-------------|-------|-------|-------|-------|--------|-----------
         Aggregated                                                                       557     0(0.00%) |     19       6    1016     12 |   38.80        0.00

Type     Name                                                                          # reqs      # fails |    Avg     Min     Max    Med |   req/s  failures/s
--------|----------------------------------------------------------------------------|-------|-------------|-------|-------|-------|-------|--------|-----------
GET      /                                                                                 15     0(0.00%) |     42      12     239     16 |    1.10        0.00
GET      /cart                                                                            116     0(0.00%) |     30       6     947     11 |    8.80        0.00
POST     /cart [add]                                                                      120     0(0.00%) |     34      10    1016     16 |    8.80        0.00
POST     /cart/checkout                                                                    42     0(0.00%) |     23      13      92     17 |    3.30        0.00
GET      /product/[id]                                                                    365     0(0.00%) |     19       6     457     11 |   27.30        0.00
POST     /setCurrency                                                                      70     0(0.00%) |     22      12      97     17 |    5.10        0.00
--------|----------------------------------------------------------------------------|-------|-------------|-------|-------|-------|-------|--------|-----------
         Aggregated                                                                       728     0(0.00%) |     24       6    1016     13 |   54.40        0.00

Type     Name                                                                          # reqs      # fails |    Avg     Min     Max    Med |   req/s  failures/s
--------|----------------------------------------------------------------------------|-------|-------------|-------|-------|-------|-------|--------|-----------
GET      /                                                                                 20     0(0.00%) |     35      12     239     15 |    1.30        0.00
GET      /cart                                                                            145     0(0.00%) |     29       6     947     11 |   10.70        0.00
POST     /cart [add]                                                                      156     0(0.00%) |     33      10    1016     17 |   10.70        0.00
POST     /cart/checkout                                                                    53     0(0.00%) |     26      12      92     17 |    3.70        0.00
GET      /product/[id]                                                                    465     0(0.00%) |     20       6     457     11 |   33.50        0.00
POST     /setCurrency                                                                     101     0(0.00%) |     23      12      97     17 |    6.20        0.00
--------|----------------------------------------------------------------------------|-------|-------------|-------|-------|-------|-------|--------|-----------
         Aggregated                                                                       940     0(0.00%) |     24       6    1016     14 |   66.10        0.00

Type     Name                                                                          # reqs      # fails |    Avg     Min     Max    Med |   req/s  failures/s
--------|----------------------------------------------------------------------------|-------|-------------|-------|-------|-------|-------|--------|-----------
GET      /                                                                                 28     0(0.00%) |     30      12     239     15 |    1.40        0.00
GET      /cart                                                                            176     0(0.00%) |     31       6     947     12 |   12.30        0.00
POST     /cart [add]                                                                      205     0(0.00%) |     38      10    1016     18 |   13.00        0.00
POST     /cart/checkout                                                                    71     0(0.00%) |     32      12     195     20 |    4.10        0.00
GET      /product/[id]                                                                    565     0(0.00%) |     24       6     457     12 |   39.40        0.00
POST     /setCurrency                                                                     123     0(0.00%) |     24      12      97     17 |    8.90        0.00
--------|----------------------------------------------------------------------------|-------|-------------|-------|-------|-------|-------|--------|-----------
         Aggregated                                                                      1168     0(0.00%) |     28       6    1016     15 |   79.10        0.00

Type     Name                                                                          # reqs      # fails |    Avg     Min     Max    Med |   req/s  failures/s
--------|----------------------------------------------------------------------------|-------|-------------|-------|-------|-------|-------|--------|-----------
GET      /                                                                                 35     0(0.00%) |     27      11     239     15 |    2.00        0.00
GET      /cart                                                                            205     0(0.00%) |     40       6     947     13 |   13.50        0.00
POST     /cart [add]                                                                      237     0(0.00%) |     44      10    1016     20 |   16.20        0.00
POST     /cart/checkout                                                                    84     0(0.00%) |     43      12     200     21 |    5.50        0.00
GET      /product/[id]                                                                    676     0(0.00%) |     35       6     457     13 |   43.50        0.00
POST     /setCurrency                                                                     146     0(0.00%) |     24      12      97     17 |   10.30        0.00
--------|----------------------------------------------------------------------------|-------|-------------|-------|-------|-------|-------|--------|-----------
         Aggregated                                                                      1383     0(0.00%) |     36       6    1016     16 |   91.00        0.00

Type     Name                                                                          # reqs      # fails |    Avg     Min     Max    Med |   req/s  failures/s
--------|----------------------------------------------------------------------------|-------|-------------|-------|-------|-------|-------|--------|-----------
GET      /                                                                                 44     0(0.00%) |     27      11     239     15 |    2.40        0.00
GET      /cart                                                                            241     0(0.00%) |     49       6     947     14 |   13.90        0.00
POST     /cart [add]                                                                      284     0(0.00%) |     54      10    1016     22 |   17.20        0.00
POST     /cart/checkout                                                                    97     0(0.00%) |     52      12     200     22 |    6.10        0.00
GET      /product/[id]                                                                    783     0(0.00%) |     42       6     457     14 |   48.30        0.00
POST     /setCurrency                                                                     166     0(0.00%) |     26      12      97     17 |   11.50        0.00
--------|----------------------------------------------------------------------------|-------|-------------|-------|-------|-------|-------|--------|-----------
         Aggregated                                                                      1615     0(0.00%) |     44       6    1016     17 |   99.40        0.00

Type     Name                                                                          # reqs      # fails |    Avg     Min     Max    Med |   req/s  failures/s
--------|----------------------------------------------------------------------------|-------|-------------|-------|-------|-------|-------|--------|-----------
GET      /                                                                                 53     0(0.00%) |     28      11     239     16 |    3.10        0.00
GET      /cart                                                                            272     0(0.00%) |     52       6     947     16 |   15.00        0.00
POST     /cart [add]                                                                      332     0(0.00%) |     61      10    1016     27 |   19.30        0.00
POST     /cart/checkout                                                                   114     0(0.00%) |     63      12     207     25 |    6.30        0.00
GET      /product/[id]                                                                    905     0(0.00%) |     49       6     457     16 |   50.60        0.00
POST     /setCurrency                                                                     200     0(0.00%) |     28      12     124     18 |   11.50        0.00
--------|----------------------------------------------------------------------------|-------|-------------|-------|-------|-------|-------|--------|-----------
         Aggregated                                                                      1876     0(0.00%) |     50       6    1016     19 |  105.80        0.00

Type     Name                                                                          # reqs      # fails |    Avg     Min     Max    Med |   req/s  failures/s
--------|----------------------------------------------------------------------------|-------|-------------|-------|-------|-------|-------|--------|-----------
GET      /                                                                                 63     0(0.00%) |     28      11     239     16 |    3.80        0.00
GET      /cart                                                                            316     0(0.00%) |     66       6     947     20 |   15.70        0.00
POST     /cart [add]                                                                      371     0(0.00%) |     68      10    1016     29 |   21.30        0.00
POST     /cart/checkout                                                                   126     0(0.00%) |     67      12     248     31 |    7.30        0.00
GET      /product/[id]                                                                   1030     0(0.00%) |     58       6     457     20 |   54.00        0.00
POST     /setCurrency                                                                     223     0(0.00%) |     28      12     124     18 |   12.80        0.00
--------|----------------------------------------------------------------------------|-------|-------------|-------|-------|-------|-------|--------|-----------
         Aggregated                                                                      2129     0(0.00%) |     58       6    1016     21 |  114.90        0.00

Type     Name                                                                          # reqs      # fails |    Avg     Min     Max    Med |   req/s  failures/s
--------|----------------------------------------------------------------------------|-------|-------------|-------|-------|-------|-------|--------|-----------
GET      /                                                                                 71     0(0.00%) |     29      11     239     16 |    4.30        0.00
GET      /cart                                                                            353     0(0.00%) |     75       6     947     25 |   17.20        0.00
POST     /cart [add]                                                                      417     0(0.00%) |     75      10    1016     35 |   21.70        0.00
POST     /cart/checkout                                                                   142     0(0.00%) |     79      12     296     36 |    7.30        0.00
GET      /product/[id]                                                                   1156     0(0.00%) |     68       6     457     26 |   56.20        0.00
POST     /setCurrency                                                                     248     0(0.00%) |     29      12     124     18 |   12.10        0.00
--------|----------------------------------------------------------------------------|-------|-------------|-------|-------|-------|-------|--------|-----------
         Aggregated                                                                      2387     0(0.00%) |     66       6    1016     25 |  118.80        0.00

Type     Name                                                                          # reqs      # fails |    Avg     Min     Max    Med |   req/s  failures/s
--------|----------------------------------------------------------------------------|-------|-------------|-------|-------|-------|-------|--------|-----------
GET      /                                                                                 80     0(0.00%) |     29      11     239     16 |    4.30        0.00
GET      /cart                                                                            391     0(0.00%) |     84       6     947     32 |   17.80        0.00
POST     /cart [add]                                                                      454     0(0.00%) |     83      10    1016     39 |   21.10        0.00
POST     /cart/checkout                                                                   156     0(0.00%) |     88      12     302     43 |    7.10        0.00
GET      /product/[id]                                                                   1296     0(0.00%) |     79       6     457     33 |   59.40        0.00
POST     /setCurrency                                                                     276     0(0.00%) |     31      12     256     19 |   12.30        0.00
--------|----------------------------------------------------------------------------|-------|-------------|-------|-------|-------|-------|--------|-----------
         Aggregated                                                                      2653     0(0.00%) |     75       6    1016     30 |  122.00        0.00

Type     Name                                                                          # reqs      # fails |    Avg     Min     Max    Med |   req/s  failures/s
--------|----------------------------------------------------------------------------|-------|-------------|-------|-------|-------|-------|--------|-----------
GET      /                                                                                 90     0(0.00%) |     28      11     239     16 |    4.40        0.00
GET      /cart                                                                            419     0(0.00%) |     90       6     947     36 |   18.60        0.00
POST     /cart [add]                                                                      512     0(0.00%) |     92      10    1016     47 |   21.80        0.00
POST     /cart/checkout                                                                   178     0(0.00%) |     98      12     389     50 |    7.10        0.00
GET      /product/[id]                                                                   1429     0(0.00%) |     90       6     457     38 |   61.40        0.00
POST     /setCurrency                                                                     298     0(0.00%) |     32      12     256     19 |   12.90        0.00
--------|----------------------------------------------------------------------------|-------|-------------|-------|-------|-------|-------|--------|-----------
         Aggregated                                                                      2926     0(0.00%) |     83       6    1016     34 |  126.20        0.00

Type     Name                                                                          # reqs      # fails |    Avg     Min     Max    Med |   req/s  failures/s
--------|----------------------------------------------------------------------------|-------|-------------|-------|-------|-------|-------|--------|-----------
GET      /                                                                                 98     0(0.00%) |     31      11     239     17 |    4.70        0.00
GET      /cart                                                                            450     0(0.00%) |     98       6     947     39 |   17.90        0.00
POST     /cart [add]                                                                      562     0(0.00%) |    103      10    1016     53 |   22.70        0.00
POST     /cart/checkout                                                                   197     0(0.00%) |    107      12     389     63 |    8.00        0.00
GET      /product/[id]                                                                   1575     0(0.00%) |    101       6     457     45 |   64.30        0.00
POST     /setCurrency                                                                     324     0(0.00%) |     33      12     256     20 |   13.20        0.00
--------|----------------------------------------------------------------------------|-------|-------------|-------|-------|-------|-------|--------|-----------
         Aggregated                                                                      3206     0(0.00%) |     93       6    1016     39 |  130.80        0.00

Type     Name                                                                          # reqs      # fails |    Avg     Min     Max    Med |   req/s  failures/s
--------|----------------------------------------------------------------------------|-------|-------------|-------|-------|-------|-------|--------|-----------
GET      /                                                                                108     0(0.00%) |     32      11     239     17 |    4.50        0.00
GET      /cart                                                                            495     0(0.00%) |    107       6     947     46 |   17.70        0.00
POST     /cart [add]                                                                      604     0(0.00%) |    115      10    1016     59 |   23.00        0.00
POST     /cart/checkout                                                                   211     0(0.00%) |    120      12     397     80 |    8.30        0.00
GET      /product/[id]                                                                   1723     0(0.00%) |    109       6     463     48 |   66.80        0.00
POST     /setCurrency                                                                     350     0(0.00%) |     34      12     256     20 |   12.60        0.00
--------|----------------------------------------------------------------------------|-------|-------------|-------|-------|-------|-------|--------|-----------
         Aggregated                                                                      3491     0(0.00%) |    101       6    1016     42 |  132.90        0.00

Type     Name                                                                          # reqs      # fails |    Avg     Min     Max    Med |   req/s  failures/s
--------|----------------------------------------------------------------------------|-------|-------------|-------|-------|-------|-------|--------|-----------
GET      /                                                                                124     0(0.00%) |     32      11     239     17 |    4.50        0.00
GET      /cart                                                                            536     0(0.00%) |    119       6     947     56 |   17.90        0.00
POST     /cart [add]                                                                      660     0(0.00%) |    126      10    1016     63 |   23.30        0.00
POST     /cart/checkout                                                                   234     0(0.00%) |    134      12     479     86 |    8.30        0.00
GET      /product/[id]                                                                   1853     0(0.00%) |    117       6     463     55 |   69.10        0.00
POST     /setCurrency                                                                     372     0(0.00%) |     35      12     256     20 |   12.80        0.00
--------|----------------------------------------------------------------------------|-------|-------------|-------|-------|-------|-------|--------|-----------
         Aggregated                                                                      3779     0(0.00%) |    109       6    1016     46 |  135.90        0.00

Type     Name                                                                          # reqs      # fails |    Avg     Min     Max    Med |   req/s  failures/s
--------|----------------------------------------------------------------------------|-------|-------------|-------|-------|-------|-------|--------|-----------
GET      /                                                                                129     0(0.00%) |     46      11     845     18 |    5.30        0.00
GET      /cart                                                                            571     0(0.00%) |    137       6     947     63 |   18.30        0.00
POST     /cart [add]                                                                      686     0(0.00%) |    139      10    1500     66 |   24.50        0.00
POST     /cart/checkout                                                                   244     0(0.00%) |    136      12     479     86 |    9.20        0.00
GET      /product/[id]                                                                   1944     0(0.00%) |    138       6    1297     63 |   69.10        0.00
POST     /setCurrency                                                                     398     0(0.00%) |     53      12    1094     21 |   12.50        0.00
--------|----------------------------------------------------------------------------|-------|-------------|-------|-------|-------|-------|--------|-----------
         Aggregated                                                                      3972     0(0.00%) |    127       6    1500     50 |  138.90        0.00

Type     Name                                                                          # reqs      # fails |    Avg     Min     Max    Med |   req/s  failures/s
--------|----------------------------------------------------------------------------|-------|-------------|-------|-------|-------|-------|--------|-----------
GET      /                                                                                137     0(0.00%) |     45      11     845     18 |    5.00        0.00
GET      /cart                                                                            607     0(0.00%) |    143       6     947     67 |   17.80        0.00
POST     /cart [add]                                                                      734     0(0.00%) |    154      10    1500     71 |   22.70        0.00
POST     /cart/checkout                                                                   260     0(0.00%) |    141      12     479     92 |    8.90        0.00
GET      /product/[id]                                                                   2097     0(0.00%) |    145       6    1297     67 |   65.10        0.00
POST     /setCurrency                                                                     428     0(0.00%) |     52      12    1094     21 |   12.20        0.00
--------|----------------------------------------------------------------------------|-------|-------------|-------|-------|-------|-------|--------|-----------
         Aggregated                                                                      4263     0(0.00%) |    133       6    1500     53 |  131.70        0.00

Type     Name                                                                          # reqs      # fails |    Avg     Min     Max    Med |   req/s  failures/s
--------|----------------------------------------------------------------------------|-------|-------------|-------|-------|-------|-------|--------|-----------
GET      /                                                                                146     0(0.00%) |     49      11     845     18 |    4.70        0.00
GET      /cart                                                                            650     0(0.00%) |    151       6     947     77 |   18.70        0.00
POST     /cart [add]                                                                      776     0(0.00%) |    161      10    1500     77 |   22.00        0.00
POST     /cart/checkout                                                                   272     0(0.00%) |    148      12     499     92 |    8.20        0.00
GET      /product/[id]                                                                   2235     0(0.00%) |    151       6    1297     73 |   66.30        0.00
POST     /setCurrency                                                                     460     0(0.00%) |     55      12    1094     22 |   12.80        0.00
--------|----------------------------------------------------------------------------|-------|-------------|-------|-------|-------|-------|--------|-----------
         Aggregated                                                                      4539     0(0.00%) |    139       6    1500     57 |  132.70        0.00

Type     Name                                                                          # reqs      # fails |    Avg     Min     Max    Med |   req/s  failures/s
--------|----------------------------------------------------------------------------|-------|-------------|-------|-------|-------|-------|--------|-----------
GET      /                                                                                157     0(0.00%) |     48      11     845     18 |    4.80        0.00
GET      /cart                                                                            679     0(0.00%) |    154       6     947     80 |   19.80        0.00
POST     /cart [add]                                                                      825     0(0.00%) |    166      10    1500     83 |   21.40        0.00
POST     /cart/checkout                                                                   287     0(0.00%) |    155      12     499     95 |    7.50        0.00
GET      /product/[id]                                                                   2391     0(0.00%) |    156       6    1297     79 |   65.70        0.00
POST     /setCurrency                                                                     492     0(0.00%) |     55      12    1094     23 |   13.60        0.00
--------|----------------------------------------------------------------------------|-------|-------------|-------|-------|-------|-------|--------|-----------
         Aggregated                                                                      4831     0(0.00%) |    143       6    1500     60 |  132.80        0.00

Type     Name                                                                          # reqs      # fails |    Avg     Min     Max    Med |   req/s  failures/s
--------|----------------------------------------------------------------------------|-------|-------------|-------|-------|-------|-------|--------|-----------
GET      /                                                                                163     0(0.00%) |     47      11     845     18 |    4.90        0.00
GET      /cart                                                                            710     0(0.00%) |    158       6     947     82 |   18.20        0.00
POST     /cart [add]                                                                      874     0(0.00%) |    170      10    1500     89 |   21.70        0.00
POST     /cart/checkout                                                                   311     0(0.00%) |    164      12     499     97 |    7.70        0.00
GET      /product/[id]                                                                   2536     0(0.00%) |    162       6    1297     88 |   67.00        0.00
POST     /setCurrency                                                                     517     0(0.00%) |     54      12    1094     23 |   14.00        0.00
--------|----------------------------------------------------------------------------|-------|-------------|-------|-------|-------|-------|--------|-----------
         Aggregated                                                                      5111     0(0.00%) |    148       6    1500     64 |  133.50        0.00

Type     Name                                                                          # reqs      # fails |    Avg     Min     Max    Med |   req/s  failures/s
--------|----------------------------------------------------------------------------|-------|-------------|-------|-------|-------|-------|--------|-----------
GET      /                                                                                169     0(0.00%) |     48      11     845     19 |    3.90        0.00
GET      /cart                                                                            756     0(0.00%) |    164       6     947     87 |   17.40        0.00
POST     /cart [add]                                                                      920     0(0.00%) |    174      10    1500     92 |   21.30        0.00
POST     /cart/checkout                                                                   324     0(0.00%) |    166      12     499     96 |    7.70        0.00
GET      /product/[id]                                                                   2691     0(0.00%) |    166       6    1297     94 |   68.20        0.00
POST     /setCurrency                                                                     552     0(0.00%) |     53      11    1094     23 |   14.60        0.00
--------|----------------------------------------------------------------------------|-------|-------------|-------|-------|-------|-------|--------|-----------
         Aggregated                                                                      5412     0(0.00%) |    152       6    1500     66 |  133.10        0.00

Type     Name                                                                          # reqs      # fails |    Avg     Min     Max    Med |   req/s  failures/s
--------|----------------------------------------------------------------------------|-------|-------------|-------|-------|-------|-------|--------|-----------
GET      /                                                                                175     0(0.00%) |     47      11     845     19 |    4.00        0.00
GET      /cart                                                                            792     0(0.00%) |    169       6     947     92 |   18.50        0.00
POST     /cart [add]                                                                      958     0(0.00%) |    177      10    1500     97 |   23.90        0.00
POST     /cart/checkout                                                                   339     0(0.00%) |    169      12     499     97 |    7.80        0.00
GET      /product/[id]                                                                   2847     0(0.00%) |    171       6    1297    100 |   74.40        0.00
POST     /setCurrency                                                                     592     0(0.00%) |     52      11    1094     23 |   15.30        0.00
--------|----------------------------------------------------------------------------|-------|-------------|-------|-------|-------|-------|--------|-----------
         Aggregated                                                                      5703     0(0.00%) |    155       6    1500     68 |  143.90        0.00

Type     Name                                                                          # reqs      # fails |    Avg     Min     Max    Med |   req/s  failures/s
--------|----------------------------------------------------------------------------|-------|-------------|-------|-------|-------|-------|--------|-----------
GET      /                                                                                180     0(0.00%) |     47      11     845     19 |    3.70        0.00
GET      /cart                                                                            822     0(0.00%) |    172       6     947    100 |   18.30        0.00
POST     /cart [add]                                                                     1006     0(0.00%) |    181      10    1500    100 |   22.70        0.00
POST     /cart/checkout                                                                   355     0(0.00%) |    175      12     499    100 |    8.00        0.00
GET      /product/[id]                                                                   2999     0(0.00%) |    174       6    1297    110 |   75.10        0.00
POST     /setCurrency                                                                     634     0(0.00%) |     53      11    1094     25 |   16.50        0.00
--------|----------------------------------------------------------------------------|-------|-------------|-------|-------|-------|-------|--------|-----------
         Aggregated                                                                      5996     0(0.00%) |    158       6    1500     71 |  144.30        0.00

Type     Name                                                                          # reqs      # fails |    Avg     Min     Max    Med |   req/s  failures/s
--------|----------------------------------------------------------------------------|-------|-------------|-------|-------|-------|-------|--------|-----------
GET      /                                                                                189     0(0.00%) |     49      11     845     19 |    3.60        0.00
GET      /cart                                                                            844     0(0.00%) |    174       6     947    110 |   18.00        0.00
POST     /cart [add]                                                                     1047     0(0.00%) |    186      10    1500    110 |   22.60        0.00
POST     /cart/checkout                                                                   370     0(0.00%) |    181      12     499    110 |    8.20        0.00
GET      /product/[id]                                                                   3134     0(0.00%) |    177       6    1297    120 |   76.00        0.00
POST     /setCurrency                                                                     649     0(0.00%) |     54      11    1094     25 |   16.80        0.00
--------|----------------------------------------------------------------------------|-------|-------------|-------|-------|-------|-------|--------|-----------
         Aggregated                                                                      6233     0(0.00%) |    162       6    1500     75 |  145.20        0.00

Type     Name                                                                          # reqs      # fails |    Avg     Min     Max    Med |   req/s  failures/s
--------|----------------------------------------------------------------------------|-------|-------------|-------|-------|-------|-------|--------|-----------
GET      /                                                                                196     0(0.00%) |     52      11     845     20 |    3.20        0.00
GET      /cart                                                                            880     0(0.00%) |    179       6     947    120 |   16.70        0.00
POST     /cart [add]                                                                     1100     0(0.00%) |    191      10    1500    120 |   22.60        0.00
POST     /cart/checkout                                                                   390     0(0.00%) |    185      12     509    120 |    8.40        0.00
GET      /product/[id]                                                                   3280     0(0.00%) |    181       6    1297    130 |   74.60        0.00
POST     /setCurrency                                                                     689     0(0.00%) |     56      11    1094     26 |   15.90        0.00
--------|----------------------------------------------------------------------------|-------|-------------|-------|-------|-------|-------|--------|-----------
         Aggregated                                                                      6535     0(0.00%) |    166       6    1500     79 |  141.40        0.00

Type     Name                                                                          # reqs      # fails |    Avg     Min     Max    Med |   req/s  failures/s
--------|----------------------------------------------------------------------------|-------|-------------|-------|-------|-------|-------|--------|-----------
GET      /                                                                                206     0(0.00%) |     51      11     845     20 |    3.30        0.00
GET      /cart                                                                            916     0(0.00%) |    181       6     947    120 |   16.80        0.00
POST     /cart [add]                                                                     1148     0(0.00%) |    193      10    1500    130 |   22.20        0.00
POST     /cart/checkout                                                                   414     0(0.00%) |    189      12     509    130 |    7.90        0.00
GET      /product/[id]                                                                   3437     0(0.00%) |    184       6    1297    130 |   74.50        0.00
POST     /setCurrency                                                                     717     0(0.00%) |     56      11    1094     26 |   17.10        0.00
--------|----------------------------------------------------------------------------|-------|-------------|-------|-------|-------|-------|--------|-----------
         Aggregated                                                                      6838     0(0.00%) |    168       6    1500     81 |  141.80        0.00

Type     Name                                                                          # reqs      # fails |    Avg     Min     Max    Med |   req/s  failures/s
--------|----------------------------------------------------------------------------|-------|-------------|-------|-------|-------|-------|--------|-----------
GET      /                                                                                215     0(0.00%) |     51      11     845     20 |    3.70        0.00
GET      /cart                                                                            959     0(0.00%) |    184       6     947    120 |   16.00        0.00
POST     /cart [add]                                                                     1197     0(0.00%) |    194      10    1500    130 |   22.40        0.00
POST     /cart/checkout                                                                   429     0(0.00%) |    190      12     509    130 |    9.20        0.00
GET      /product/[id]                                                                   3583     0(0.00%) |    187       6    1297    140 |   74.50        0.00
POST     /setCurrency                                                                     743     0(0.00%) |     56      11    1094     27 |   16.50        0.00
--------|----------------------------------------------------------------------------|-------|-------------|-------|-------|-------|-------|--------|-----------
         Aggregated                                                                      7126     0(0.00%) |    170       6    1500     82 |  142.30        0.00

Type     Name                                                                          # reqs      # fails |    Avg     Min     Max    Med |   req/s  failures/s
--------|----------------------------------------------------------------------------|-------|-------------|-------|-------|-------|-------|--------|-----------
GET      /                                                                                227     0(0.00%) |     51      11     845     25 |    4.10        0.00
GET      /cart                                                                            993     0(0.00%) |    186       6     947    130 |   16.90        0.00
POST     /cart [add]                                                                     1262     0(0.00%) |    198      10    1500    130 |   23.70        0.00
POST     /cart/checkout                                                                   449     0(0.00%) |    195      12     509    150 |    8.70        0.00
GET      /product/[id]                                                                   3723     0(0.00%) |    188       6    1297    150 |   73.60        0.00
POST     /setCurrency                                                                     768     0(0.00%) |     56      11    1094     27 |   14.90        0.00
--------|----------------------------------------------------------------------------|-------|-------------|-------|-------|-------|-------|--------|-----------
         Aggregated                                                                      7422     0(0.00%) |    172       6    1500     84 |  141.90        0.00

Type     Name                                                                          # reqs      # fails |    Avg     Min     Max    Med |   req/s  failures/s
--------|----------------------------------------------------------------------------|-------|-------------|-------|-------|-------|-------|--------|-----------
GET      /                                                                                233     0(0.00%) |     52      11     845     25 |    4.10        0.00
GET      /cart                                                                           1033     0(0.00%) |    189       6     947    140 |   17.50        0.00
POST     /cart [add]                                                                     1306     0(0.00%) |    202      10    1500    140 |   24.40        0.00
POST     /cart/checkout                                                                   471     0(0.00%) |    200      12     509    190 |    9.00        0.00
GET      /product/[id]                                                                   3854     0(0.00%) |    190       6    1297    150 |   72.30        0.00
POST     /setCurrency                                                                     803     0(0.00%) |     57      11    1094     28 |   14.60        0.00
--------|----------------------------------------------------------------------------|-------|-------------|-------|-------|-------|-------|--------|-----------
         Aggregated                                                                      7700     0(0.00%) |    174       6    1500     88 |  141.90        0.00

Type     Name                                                                          # reqs      # fails |    Avg     Min     Max    Med |   req/s  failures/s
--------|----------------------------------------------------------------------------|-------|-------------|-------|-------|-------|-------|--------|-----------
GET      /                                                                                240     0(0.00%) |     51      11     845     23 |    4.10        0.00
GET      /cart                                                                           1065     0(0.00%) |    190       6     947    150 |   17.80        0.00
POST     /cart [add]                                                                     1358     0(0.00%) |    204      10    1500    150 |   25.20        0.00
POST     /cart/checkout                                                                   491     0(0.00%) |    202      12     509    190 |    9.70        0.00
GET      /product/[id]                                                                   4024     0(0.00%) |    191       6    1297    160 |   72.90        0.00
POST     /setCurrency                                                                     828     0(0.00%) |     56      11    1094     28 |   14.30        0.00
--------|----------------------------------------------------------------------------|-------|-------------|-------|-------|-------|-------|--------|-----------
         Aggregated                                                                      8006     0(0.00%) |    176       6    1500     90 |  144.00        0.00

Type     Name                                                                          # reqs      # fails |    Avg     Min     Max    Med |   req/s  failures/s
--------|----------------------------------------------------------------------------|-------|-------------|-------|-------|-------|-------|--------|-----------
GET      /                                                                                247     0(0.00%) |     51      11     845     23 |    4.60        0.00
GET      /cart                                                                           1101     0(0.00%) |    191       6     947    150 |   18.60        0.00
POST     /cart [add]                                                                     1410     0(0.00%) |    205      10    1500    150 |   26.50        0.00
POST     /cart/checkout                                                                   507     0(0.00%) |    204      12     509    190 |   10.20        0.00
GET      /product/[id]                                                                   4176     0(0.00%) |    193       6    1297    160 |   73.00        0.00
POST     /setCurrency                                                                     852     0(0.00%) |     56      11    1094     28 |   15.10        0.00
--------|----------------------------------------------------------------------------|-------|-------------|-------|-------|-------|-------|--------|-----------
         Aggregated                                                                      8293     0(0.00%) |    177       6    1500     90 |  148.00        0.00

Type     Name                                                                          # reqs      # fails |    Avg     Min     Max    Med |   req/s  failures/s
--------|----------------------------------------------------------------------------|-------|-------------|-------|-------|-------|-------|--------|-----------
GET      /                                                                                255     0(0.00%) |     51      11     845     25 |    3.90        0.00
GET      /cart                                                                           1133     0(0.00%) |    194       6     947    160 |   18.60        0.00
POST     /cart [add]                                                                     1467     0(0.00%) |    207      10    1500    150 |   27.00        0.00
POST     /cart/checkout                                                                   523     0(0.00%) |    206      12     509    190 |   10.30        0.00
GET      /product/[id]                                                                   4325     0(0.00%) |    195       6    1297    170 |   74.40        0.00
POST     /setCurrency                                                                     878     0(0.00%) |     56      11    1094     28 |   13.80        0.00
--------|----------------------------------------------------------------------------|-------|-------------|-------|-------|-------|-------|--------|-----------
         Aggregated                                                                      8581     0(0.00%) |    179       6    1500     91 |  148.00        0.00

Type     Name                                                                          # reqs      # fails |    Avg     Min     Max    Med |   req/s  failures/s
--------|----------------------------------------------------------------------------|-------|-------------|-------|-------|-------|-------|--------|-----------
GET      /                                                                                269     0(0.00%) |     51      11     845     25 |    4.20        0.00
GET      /cart                                                                           1165     0(0.00%) |    197       6     947    170 |   17.60        0.00
POST     /cart [add]                                                                     1520     0(0.00%) |    207      10    1500    150 |   26.70        0.00
POST     /cart/checkout                                                                   548     0(0.00%) |    207      12     509    190 |    9.70        0.00
GET      /product/[id]                                                                   4468     0(0.00%) |    196       6    1297    170 |   75.00        0.00
POST     /setCurrency                                                                     915     0(0.00%) |     56      11    1094     28 |   13.70        0.00
--------|----------------------------------------------------------------------------|-------|-------------|-------|-------|-------|-------|--------|-----------
         Aggregated                                                                      8885     0(0.00%) |    180       6    1500     93 |  146.90        0.00

Type     Name                                                                          # reqs      # fails |    Avg     Min     Max    Med |   req/s  failures/s
--------|----------------------------------------------------------------------------|-------|-------------|-------|-------|-------|-------|--------|-----------
GET      /                                                                                279     0(0.00%) |     50      11     845     25 |    4.40        0.00
GET      /cart                                                                           1201     0(0.00%) |    199       6     947    180 |   16.60        0.00
POST     /cart [add]                                                                     1575     0(0.00%) |    208      10    1500    160 |   27.00        0.00
POST     /cart/checkout                                                                   565     0(0.00%) |    208      12     509    190 |    9.60        0.00
GET      /product/[id]                                                                   4615     0(0.00%) |    197       6    1297    170 |   75.90        0.00
POST     /setCurrency                                                                     934     0(0.00%) |     55      11    1094     29 |   14.10        0.00
--------|----------------------------------------------------------------------------|-------|-------------|-------|-------|-------|-------|--------|-----------
         Aggregated                                                                      9169     0(0.00%) |    181       6    1500     95 |  147.60        0.00

Type     Name                                                                          # reqs      # fails |    Avg     Min     Max    Med |   req/s  failures/s
--------|----------------------------------------------------------------------------|-------|-------------|-------|-------|-------|-------|--------|-----------
GET      /                                                                                287     0(0.00%) |     49      11     845     23 |    4.70        0.00
GET      /cart                                                                           1241     0(0.00%) |    203       6     947    190 |   17.40        0.00
POST     /cart [add]                                                                     1618     0(0.00%) |    209      10    1500    170 |   27.10        0.00
POST     /cart/checkout                                                                   583     0(0.00%) |    210      12     597    190 |    9.90        0.00
GET      /product/[id]                                                                   4765     0(0.00%) |    198       6    1297    180 |   74.50        0.00
POST     /setCurrency                                                                     963     0(0.00%) |     55      11    1094     29 |   13.70        0.00
--------|----------------------------------------------------------------------------|-------|-------------|-------|-------|-------|-------|--------|-----------
         Aggregated                                                                      9457     0(0.00%) |    182       6    1500     97 |  147.30        0.00

Type     Name                                                                          # reqs      # fails |    Avg     Min     Max    Med |   req/s  failures/s
--------|----------------------------------------------------------------------------|-------|-------------|-------|-------|-------|-------|--------|-----------
GET      /                                                                                296     0(0.00%) |     50      11     845     24 |    4.60        0.00
GET      /cart                                                                           1280     0(0.00%) |    204       6     947    200 |   17.40        0.00
POST     /cart [add]                                                                     1672     0(0.00%) |    210      10    1500    170 |   26.50        0.00
POST     /cart/checkout                                                                   598     0(0.00%) |    211      12     597    190 |    9.60        0.00
GET      /product/[id]                                                                   4913     0(0.00%) |    199       6    1297    180 |   75.20        0.00
POST     /setCurrency                                                                     987     0(0.00%) |     55      11    1094     29 |   12.90        0.00
--------|----------------------------------------------------------------------------|-------|-------------|-------|-------|-------|-------|--------|-----------
         Aggregated                                                                      9746     0(0.00%) |    183       6    1500     98 |  146.20        0.00

Type     Name                                                                          # reqs      # fails |    Avg     Min     Max    Med |   req/s  failures/s
--------|----------------------------------------------------------------------------|-------|-------------|-------|-------|-------|-------|--------|-----------
GET      /                                                                                304     0(0.00%) |     49      11     845     24 |    4.70        0.00
GET      /cart                                                                           1314     0(0.00%) |    206       6     947    200 |   18.30        0.00
POST     /cart [add]                                                                     1718     0(0.00%) |    212      10    1500    170 |   25.20        0.00
POST     /cart/checkout                                                                   609     0(0.00%) |    213      12     597    200 |    8.80        0.00
GET      /product/[id]                                                                   5047     0(0.00%) |    202       6    1297    190 |   74.20        0.00
POST     /setCurrency                                                                    1016     0(0.00%) |     55      11    1094     29 |   14.20        0.00
--------|----------------------------------------------------------------------------|-------|-------------|-------|-------|-------|-------|--------|-----------
         Aggregated                                                                     10008     0(0.00%) |    185       6    1500    100 |  145.40        0.00

Type     Name                                                                          # reqs      # fails |    Avg     Min     Max    Med |   req/s  failures/s
--------|----------------------------------------------------------------------------|-------|-------------|-------|-------|-------|-------|--------|-----------
GET      /                                                                                315     0(0.00%) |     54      11     892     25 |    5.00        0.00
GET      /cart                                                                           1341     0(0.00%) |    209       6     947    210 |   18.70        0.00
POST     /cart [add]                                                                     1757     0(0.00%) |    218      10    1500    180 |   25.40        0.00
POST     /cart/checkout                                                                   627     0(0.00%) |    214      12     597    200 |    8.60        0.00
GET      /product/[id]                                                                   5168     0(0.00%) |    206       6    1297    200 |   73.50        0.00
POST     /setCurrency                                                                    1038     0(0.00%) |     56      11    1094     28 |   13.60        0.00
--------|----------------------------------------------------------------------------|-------|-------------|-------|-------|-------|-------|--------|-----------
         Aggregated                                                                     10246     0(0.00%) |    189       6    1500    100 |  144.80        0.00

Type     Name                                                                          # reqs      # fails |    Avg     Min     Max    Med |   req/s  failures/s
--------|----------------------------------------------------------------------------|-------|-------------|-------|-------|-------|-------|--------|-----------
GET      /                                                                                325     0(0.00%) |     53      10     892     24 |    4.50        0.00
GET      /cart                                                                           1373     0(0.00%) |    209       6     947    210 |   17.80        0.00
POST     /cart [add]                                                                     1799     0(0.00%) |    219      10    1500    190 |   23.40        0.00
POST     /cart/checkout                                                                   644     0(0.00%) |    215      12     597    200 |    8.10        0.00
GET      /product/[id]                                                                   5333     0(0.00%) |    207       6    1297    200 |   70.30        0.00
POST     /setCurrency                                                                    1065     0(0.00%) |     56      11    1094     28 |   12.70        0.00
--------|----------------------------------------------------------------------------|-------|-------------|-------|-------|-------|-------|--------|-----------
         Aggregated                                                                     10539     0(0.00%) |    190       6    1500    100 |  136.80        0.00

Type     Name                                                                          # reqs      # fails |    Avg     Min     Max    Med |   req/s  failures/s
--------|----------------------------------------------------------------------------|-------|-------------|-------|-------|-------|-------|--------|-----------
GET      /                                                                                340     0(0.00%) |     52      10     892     23 |    4.20        0.00
GET      /cart                                                                           1411     0(0.00%) |    210       6     947    220 |   17.30        0.00
POST     /cart [add]                                                                     1849     0(0.00%) |    219      10    1500    190 |   23.40        0.00
POST     /cart/checkout                                                                   664     0(0.00%) |    215      12     597    200 |    7.90        0.00
GET      /product/[id]                                                                   5491     0(0.00%) |    206       6    1297    210 |   71.00        0.00
POST     /setCurrency                                                                    1091     0(0.00%) |     55      11    1094     28 |   12.60        0.00
--------|----------------------------------------------------------------------------|-------|-------------|-------|-------|-------|-------|--------|-----------
         Aggregated                                                                     10846     0(0.00%) |    189       6    1500    100 |  136.40        0.00

Type     Name                                                                          # reqs      # fails |    Avg     Min     Max    Med |   req/s  failures/s
--------|----------------------------------------------------------------------------|-------|-------------|-------|-------|-------|-------|--------|-----------
GET      /                                                                                350     0(0.00%) |     52      10     892     22 |    5.30        0.00
GET      /cart                                                                           1440     0(0.00%) |    211       6     947    220 |   16.40        0.00
POST     /cart [add]                                                                     1897     0(0.00%) |    221      10    1500    200 |   22.70        0.00
POST     /cart/checkout                                                                   685     0(0.00%) |    216      12     597    200 |    7.50        0.00
GET      /product/[id]                                                                   5644     0(0.00%) |    208       6    1297    210 |   73.20        0.00
POST     /setCurrency                                                                    1122     0(0.00%) |     55      11    1094     28 |   13.20        0.00
--------|----------------------------------------------------------------------------|-------|-------------|-------|-------|-------|-------|--------|-----------
         Aggregated                                                                     11138     0(0.00%) |    191       6    1500    100 |  138.30        0.00

Type     Name                                                                          # reqs      # fails |    Avg     Min     Max    Med |   req/s  failures/s
--------|----------------------------------------------------------------------------|-------|-------------|-------|-------|-------|-------|--------|-----------
GET      /                                                                                360     0(0.00%) |     51      10     892     22 |    5.50        0.00
GET      /cart                                                                           1473     0(0.00%) |    212       6     947    220 |   16.40        0.00
POST     /cart [add]                                                                     1943     0(0.00%) |    221      10    1500    210 |   23.10        0.00
POST     /cart/checkout                                                                   701     0(0.00%) |    218      12     597    200 |    8.10        0.00
GET      /product/[id]                                                                   5802     0(0.00%) |    208       6    1297    210 |   72.70        0.00
POST     /setCurrency                                                                    1156     0(0.00%) |     55      11    1094     28 |   13.20        0.00
--------|----------------------------------------------------------------------------|-------|-------------|-------|-------|-------|-------|--------|-----------
         Aggregated                                                                     11435     0(0.00%) |    191       6    1500    110 |  139.00        0.00

Type     Name                                                                          # reqs      # fails |    Avg     Min     Max    Med |   req/s  failures/s
--------|----------------------------------------------------------------------------|-------|-------------|-------|-------|-------|-------|--------|-----------
GET      /                                                                                376     0(0.00%) |     51      10     892     23 |    5.40        0.00
GET      /cart                                                                           1506     0(0.00%) |    212       6     947    220 |   15.80        0.00
POST     /cart [add]                                                                     1995     0(0.00%) |    223      10    1500    210 |   22.70        0.00
POST     /cart/checkout                                                                   715     0(0.00%) |    220      12     597    200 |    9.00        0.00
GET      /product/[id]                                                                   5947     0(0.00%) |    208       6    1297    220 |   73.60        0.00
POST     /setCurrency                                                                    1193     0(0.00%) |     55      11    1094     29 |   14.30        0.00
--------|----------------------------------------------------------------------------|-------|-------------|-------|-------|-------|-------|--------|-----------
         Aggregated                                                                     11732     0(0.00%) |    191       6    1500    110 |  140.80        0.00

Type     Name                                                                          # reqs      # fails |    Avg     Min     Max    Med |   req/s  failures/s
--------|----------------------------------------------------------------------------|-------|-------------|-------|-------|-------|-------|--------|-----------
GET      /                                                                                384     0(0.00%) |     51      10     892     23 |    5.90        0.00
GET      /cart                                                                           1546     0(0.00%) |    212       6     947    220 |   16.20        0.00
POST     /cart [add]                                                                     2044     0(0.00%) |    223      10    1500    210 |   24.60        0.00
POST     /cart/checkout                                                                   729     0(0.00%) |    221      12     597    210 |    9.40        0.00
GET      /product/[id]                                                                   6103     0(0.00%) |    209       6    1297    220 |   77.30        0.00
POST     /setCurrency                                                                    1226     0(0.00%) |     54      11    1094     28 |   15.50        0.00
--------|----------------------------------------------------------------------------|-------|-------------|-------|-------|-------|-------|--------|-----------
         Aggregated                                                                     12032     0(0.00%) |    192       6    1500    110 |  148.90        0.00

Type     Name                                                                          # reqs      # fails |    Avg     Min     Max    Med |   req/s  failures/s
--------|----------------------------------------------------------------------------|-------|-------------|-------|-------|-------|-------|--------|-----------
GET      /                                                                                391     0(0.00%) |     51      10     892     23 |    6.10        0.00
GET      /cart                                                                           1577     0(0.00%) |    213       6     947    220 |   16.90        0.00
POST     /cart [add]                                                                     2088     0(0.00%) |    224      10    1500    220 |   23.40        0.00
POST     /cart/checkout                                                                   743     0(0.00%) |    223      12     597    210 |    8.60        0.00
GET      /product/[id]                                                                   6258     0(0.00%) |    210       6    1297    230 |   77.40        0.00
POST     /setCurrency                                                                    1257     0(0.00%) |     54      11    1094     28 |   16.20        0.00
--------|----------------------------------------------------------------------------|-------|-------------|-------|-------|-------|-------|--------|-----------
         Aggregated                                                                     12314     0(0.00%) |    192       6    1500    110 |  148.60        0.00

Type     Name                                                                          # reqs      # fails |    Avg     Min     Max    Med |   req/s  failures/s
--------|----------------------------------------------------------------------------|-------|-------------|-------|-------|-------|-------|--------|-----------
GET      /                                                                                398     0(0.00%) |     51      10     892     24 |    5.30        0.00
GET      /cart                                                                           1615     0(0.00%) |    214       6     947    230 |   17.40        0.00
POST     /cart [add]                                                                     2143     0(0.00%) |    224      10    1500    220 |   23.80        0.00
POST     /cart/checkout                                                                   764     0(0.00%) |    222      12     597    210 |    8.50        0.00
GET      /product/[id]                                                                   6411     0(0.00%) |    210       6    1297    230 |   76.80        0.00
POST     /setCurrency                                                                    1292     0(0.00%) |     54      11    1094     28 |   15.80        0.00
--------|----------------------------------------------------------------------------|-------|-------------|-------|-------|-------|-------|--------|-----------
         Aggregated                                                                     12623     0(0.00%) |    193       6    1500    110 |  147.60        0.00

Type     Name                                                                          # reqs      # fails |    Avg     Min     Max    Med |   req/s  failures/s
--------|----------------------------------------------------------------------------|-------|-------------|-------|-------|-------|-------|--------|-----------
GET      /                                                                                410     0(0.00%) |     52      10     892     24 |    5.00        0.00
GET      /cart                                                                           1651     0(0.00%) |    215       6     947    230 |   17.40        0.00
POST     /cart [add]                                                                     2195     0(0.00%) |    224      10    1500    220 |   24.30        0.00
POST     /cart/checkout                                                                   784     0(0.00%) |    221      12     597    210 |    8.80        0.00
GET      /product/[id]                                                                   6554     0(0.00%) |    211       6    1297    240 |   76.50        0.00
POST     /setCurrency                                                                    1317     0(0.00%) |     54      11    1094     28 |   15.90        0.00
--------|----------------------------------------------------------------------------|-------|-------------|-------|-------|-------|-------|--------|-----------
         Aggregated                                                                     12911     0(0.00%) |    193       6    1500    110 |  147.90        0.00

Type     Name                                                                          # reqs      # fails |    Avg     Min     Max    Med |   req/s  failures/s
--------|----------------------------------------------------------------------------|-------|-------------|-------|-------|-------|-------|--------|-----------
GET      /                                                                                418     0(0.00%) |     52      10     892     25 |    5.00        0.00
GET      /cart                                                                           1697     0(0.00%) |    217       6     947    240 |   17.80        0.00
POST     /cart [add]                                                                     2234     0(0.00%) |    225      10    1500    230 |   25.20        0.00
POST     /cart/checkout                                                                   794     0(0.00%) |    222      12     597    210 |    8.30        0.00
GET      /product/[id]                                                                   6706     0(0.00%) |    212       6    1297    240 |   75.20        0.00
POST     /setCurrency                                                                    1348     0(0.00%) |     54      11    1094     28 |   16.10        0.00
--------|----------------------------------------------------------------------------|-------|-------------|-------|-------|-------|-------|--------|-----------
         Aggregated                                                                     13197     0(0.00%) |    194       6    1500    120 |  147.60        0.00

Type     Name                                                                          # reqs      # fails |    Avg     Min     Max    Med |   req/s  failures/s
--------|----------------------------------------------------------------------------|-------|-------------|-------|-------|-------|-------|--------|-----------
GET      /                                                                                432     0(0.00%) |     51      10     892     25 |    4.60        0.00
GET      /cart                                                                           1741     0(0.00%) |    218       6     947    240 |   18.40        0.00
POST     /cart [add]                                                                     2275     0(0.00%) |    226      10    1500    230 |   23.90        0.00
POST     /cart/checkout                                                                   808     0(0.00%) |    224      12     597    260 |    8.00        0.00
GET      /product/[id]                                                                   6852     0(0.00%) |    212       6    1297    240 |   75.40        0.00
POST     /setCurrency                                                                    1371     0(0.00%) |     54      11    1094     29 |   15.30        0.00
--------|----------------------------------------------------------------------------|-------|-------------|-------|-------|-------|-------|--------|-----------
         Aggregated                                                                     13479     0(0.00%) |    195       6    1500    120 |  145.60        0.00

Type     Name                                                                          # reqs      # fails |    Avg     Min     Max    Med |   req/s  failures/s
--------|----------------------------------------------------------------------------|-------|-------------|-------|-------|-------|-------|--------|-----------
GET      /                                                                                446     0(0.00%) |     51      10     892     26 |    4.80        0.00
GET      /cart                                                                           1774     0(0.00%) |    218       6     947    240 |   19.50        0.00
POST     /cart [add]                                                                     2321     0(0.00%) |    226      10    1500    230 |   23.10        0.00
POST     /cart/checkout                                                                   828     0(0.00%) |    225      12     597    280 |    7.90        0.00
GET      /product/[id]                                                                   6992     0(0.00%) |    213       6    1297    240 |   74.90        0.00
POST     /setCurrency                                                                    1403     0(0.00%) |     53      11    1094     29 |   14.50        0.00
--------|----------------------------------------------------------------------------|-------|-------------|-------|-------|-------|-------|--------|-----------
         Aggregated                                                                     13764     0(0.00%) |    195       6    1500    120 |  144.70        0.00

Type     Name                                                                          # reqs      # fails |    Avg     Min     Max    Med |   req/s  failures/s
--------|----------------------------------------------------------------------------|-------|-------------|-------|-------|-------|-------|--------|-----------
GET      /                                                                                452     0(0.00%) |     51      10     892     26 |    5.50        0.00
GET      /cart                                                                           1815     0(0.00%) |    219       6     947    240 |   19.70        0.00
POST     /cart [add]                                                                     2367     0(0.00%) |    228      10    1500    240 |   23.20        0.00
POST     /cart/checkout                                                                   844     0(0.00%) |    227      12     597    280 |    8.50        0.00
GET      /product/[id]                                                                   7127     0(0.00%) |    214       6    1297    250 |   73.40        0.00
POST     /setCurrency                                                                    1434     0(0.00%) |     53      11    1094     29 |   14.60        0.00
--------|----------------------------------------------------------------------------|-------|-------------|-------|-------|-------|-------|--------|-----------
         Aggregated                                                                     14039     0(0.00%) |    196       6    1500    120 |  144.90        0.00

Type     Name                                                                          # reqs      # fails |    Avg     Min     Max    Med |   req/s  failures/s
--------|----------------------------------------------------------------------------|-------|-------------|-------|-------|-------|-------|--------|-----------
GET      /                                                                                458     0(0.00%) |     52      10     892     26 |    5.50        0.00
GET      /cart                                                                           1845     0(0.00%) |    221       6     947    250 |   19.80        0.00
POST     /cart [add]                                                                     2413     0(0.00%) |    228      10    1500    240 |   22.80        0.00
POST     /cart/checkout                                                                   858     0(0.00%) |    228      12     597    280 |    7.40        0.00
GET      /product/[id]                                                                   7271     0(0.00%) |    215       6    1297    250 |   72.70        0.00
POST     /setCurrency                                                                    1459     0(0.00%) |     53      11    1094     29 |   14.50        0.00
--------|----------------------------------------------------------------------------|-------|-------------|-------|-------|-------|-------|--------|-----------
         Aggregated                                                                     14304     0(0.00%) |    197       6    1500    120 |  142.70        0.00

Type     Name                                                                          # reqs      # fails |    Avg     Min     Max    Med |   req/s  failures/s
--------|----------------------------------------------------------------------------|-------|-------------|-------|-------|-------|-------|--------|-----------
GET      /                                                                                464     0(0.00%) |     52      10     892     26 |    4.80        0.00
GET      /cart                                                                           1872     0(0.00%) |    223       6     947    250 |   19.40        0.00
POST     /cart [add]                                                                     2455     0(0.00%) |    232      10    1500    250 |   21.80        0.00
POST     /cart/checkout                                                                   871     0(0.00%) |    229      12     639    280 |    7.40        0.00
GET      /product/[id]                                                                   7404     0(0.00%) |    217       6    1297    250 |   71.70        0.00
POST     /setCurrency                                                                    1481     0(0.00%) |     54      11    1094     29 |   14.20        0.00
--------|----------------------------------------------------------------------------|-------|-------------|-------|-------|-------|-------|--------|-----------
         Aggregated                                                                     14547     0(0.00%) |    199       6    1500    130 |  139.30        0.00

Type     Name                                                                          # reqs      # fails |    Avg     Min     Max    Med |   req/s  failures/s
--------|----------------------------------------------------------------------------|-------|-------------|-------|-------|-------|-------|--------|-----------
GET      /                                                                                467     0(0.00%) |     52      10     892     26 |    4.70        0.00
GET      /cart                                                                           1912     0(0.00%) |    224       6     947    260 |   18.80        0.00
POST     /cart [add]                                                                     2497     0(0.00%) |    232      10    1500    250 |   21.60        0.00
POST     /cart/checkout                                                                   884     0(0.00%) |    230      12     639    280 |    7.60        0.00
GET      /product/[id]                                                                   7556     0(0.00%) |    217       6    1297    260 |   71.40        0.00
POST     /setCurrency                                                                    1523     0(0.00%) |     54      11    1094     30 |   14.00        0.00
--------|----------------------------------------------------------------------------|-------|-------------|-------|-------|-------|-------|--------|-----------
         Aggregated                                                                     14839     0(0.00%) |    199       6    1500    130 |  138.10        0.00

Type     Name                                                                          # reqs      # fails |    Avg     Min     Max    Med |   req/s  failures/s
--------|----------------------------------------------------------------------------|-------|-------------|-------|-------|-------|-------|--------|-----------
GET      /                                                                                477     0(0.00%) |     52      10     892     26 |    3.50        0.00
GET      /cart                                                                           1948     0(0.00%) |    224       6     947    260 |   17.10        0.00
POST     /cart [add]                                                                     2547     0(0.00%) |    233      10    1500    260 |   22.20        0.00
POST     /cart/checkout                                                                   901     0(0.00%) |    231      12     639    290 |    7.60        0.00
GET      /product/[id]                                                                   7694     0(0.00%) |    218       6    1297    260 |   70.40        0.00
POST     /setCurrency                                                                    1566     0(0.00%) |     54      11    1094     30 |   15.20        0.00
--------|----------------------------------------------------------------------------|-------|-------------|-------|-------|-------|-------|--------|-----------
         Aggregated                                                                     15133     0(0.00%) |    200       6    1500    130 |  136.00        0.00

Type     Name                                                                          # reqs      # fails |    Avg     Min     Max    Med |   req/s  failures/s
--------|----------------------------------------------------------------------------|-------|-------------|-------|-------|-------|-------|--------|-----------
GET      /                                                                                482     0(0.00%) |     52      10     892     26 |    4.03        0.00
GET      /cart                                                                           1981     0(0.00%) |    223       6     947    260 |   16.55        0.00
POST     /cart [add]                                                                     2585     0(0.00%) |    233      10    1500    260 |   21.60        0.00
POST     /cart/checkout                                                                   913     0(0.00%) |    231      12     639    290 |    7.63        0.00
GET      /product/[id]                                                                   7827     0(0.00%) |    218       6    1297    260 |   65.39        0.00
POST     /setCurrency                                                                    1602     0(0.00%) |     54      11    1094     30 |   13.38        0.00
--------|----------------------------------------------------------------------------|-------|-------------|-------|-------|-------|-------|--------|-----------
         Aggregated                                                                     15390     0(0.00%) |    200       6    1500    130 |  128.58        0.00

Response time percentiles (approximated)
Type     Name                                                                                  50%    66%    75%    80%    90%    95%    98%    99%  99.9% 99.99%   100% # reqs
--------|--------------------------------------------------------------------------------|--------|------|------|------|------|------|------|------|------|------|------|------
GET      /                                                                                      26     47     62     74     99    130    290    410    890    890    890    482
GET      /cart                                                                                 260    350    370    390    430    460    540    620    930    950    950   1981
POST     /cart [add]                                                                           260    350    380    400    430    470    580    800   1300   1500   1500   2585
POST     /cart/checkout                                                                        290    370    390    400    410    450    500    500    640    640    640    913
GET      /product/[id]                                                                         260    340    370    380    420    450    500    630   1300   1300   1300   7827
POST     /setCurrency                                                                           30     51     65     73     99    130    250    410   1100   1100   1100   1602
--------|--------------------------------------------------------------------------------|--------|------|------|------|------|------|------|------|------|------|------|------
         Aggregated                                                                            130    330    360    380    420    450    510    630   1200   1500   1500  15390

