/Users/edias/Library/Python/3.9/lib/python/site-packages/urllib3/__init__.py:35: NotOpenSSLWarning: urllib3 v2 only supports OpenSSL 1.1.1+, currently the 'ssl' module is compiled with 'LibreSSL 2.8.3'. See: https://github.com/urllib3/urllib3/issues/3020
  warnings.warn(
[2026-05-21 09:26:15,676] MacBook-Air-de-Eduardo/WARNING/locust.main: Python 3.9 support is deprecated and will be removed soon
Type     Name                                                                          # reqs      # fails |    Avg     Min     Max    Med |   req/s  failures/s
--------|----------------------------------------------------------------------------|-------|-------------|-------|-------|-------|-------|--------|-----------
--------|----------------------------------------------------------------------------|-------|-------------|-------|-------|-------|-------|--------|-----------
         Aggregated                                                                         0     0(0.00%) |      0       0       0      0 |    0.00        0.00

Type     Name                                                                          # reqs      # fails |    Avg     Min     Max    Med |   req/s  failures/s
--------|----------------------------------------------------------------------------|-------|-------------|-------|-------|-------|-------|--------|-----------
GET      /                                                                                  1     0(0.00%) |     18      18      18     18 |    0.00        0.00
GET      /cart                                                                              2     0(0.00%) |     23      22      24     23 |    0.00        0.00
POST     /cart [add]                                                                        3     0(0.00%) |     20      16      28     16 |    0.00        0.00
GET      /product/[id]                                                                     14     0(0.00%) |     14       9      22     12 |    0.00        0.00
POST     /setCurrency                                                                       4     0(0.00%) |     21      19      22     20 |    0.00        0.00
--------|----------------------------------------------------------------------------|-------|-------------|-------|-------|-------|-------|--------|-----------
         Aggregated                                                                        24     0(0.00%) |     17       9      28     16 |    0.00        0.00

Type     Name                                                                          # reqs      # fails |    Avg     Min     Max    Med |   req/s  failures/s
--------|----------------------------------------------------------------------------|-------|-------------|-------|-------|-------|-------|--------|-----------
GET      /                                                                                  2     0(0.00%) |     17      15      18     15 |    0.00        0.00
GET      /cart                                                                             10     0(0.00%) |     13       9      24     11 |    1.00        0.00
POST     /cart [add]                                                                       11     0(0.00%) |     16      13      28     16 |    1.00        0.00
POST     /cart/checkout                                                                     5     0(0.00%) |     15      12      20     16 |    0.00        0.00
GET      /product/[id]                                                                     42     0(0.00%) |     13       9      22     12 |    4.00        0.00
POST     /setCurrency                                                                       8     0(0.00%) |     20      15      27     19 |    1.00        0.00
--------|----------------------------------------------------------------------------|-------|-------------|-------|-------|-------|-------|--------|-----------
         Aggregated                                                                        78     0(0.00%) |     14       9      28     14 |    7.00        0.00

Type     Name                                                                          # reqs      # fails |    Avg     Min     Max    Med |   req/s  failures/s
--------|----------------------------------------------------------------------------|-------|-------------|-------|-------|-------|-------|--------|-----------
GET      /                                                                                  4     0(0.00%) |     15      12      18     15 |    0.50        0.00
GET      /cart                                                                             20     0(0.00%) |     11       8      24     10 |    1.50        0.00
POST     /cart [add]                                                                       23     0(0.00%) |     15      11      28     15 |    1.75        0.00
POST     /cart/checkout                                                                     8     0(0.00%) |     16      12      20     15 |    0.50        0.00
GET      /product/[id]                                                                     93     0(0.00%) |     11       7      22     11 |    8.00        0.00
POST     /setCurrency                                                                      14     0(0.00%) |     18      14      27     17 |    2.00        0.00
--------|----------------------------------------------------------------------------|-------|-------------|-------|-------|-------|-------|--------|-----------
         Aggregated                                                                       162     0(0.00%) |     13       7      28     12 |   14.25        0.00

Type     Name                                                                          # reqs      # fails |    Avg     Min     Max    Med |   req/s  failures/s
--------|----------------------------------------------------------------------------|-------|-------------|-------|-------|-------|-------|--------|-----------
GET      /                                                                                  5     0(0.00%) |     14      12      18     15 |    0.50        0.00
GET      /cart                                                                             42     0(0.00%) |     15       8     106     10 |    2.67        0.00
POST     /cart [add]                                                                       44     0(0.00%) |     16      10      91     15 |    3.50        0.00
POST     /cart/checkout                                                                    12     0(0.00%) |     16      12      26     15 |    1.33        0.00
GET      /product/[id]                                                                    147     0(0.00%) |     13       7      98     11 |   12.00        0.00
POST     /setCurrency                                                                      24     0(0.00%) |     17      12      27     17 |    2.00        0.00
--------|----------------------------------------------------------------------------|-------|-------------|-------|-------|-------|-------|--------|-----------
         Aggregated                                                                       274     0(0.00%) |     14       7     106     12 |   22.00        0.00

Type     Name                                                                          # reqs      # fails |    Avg     Min     Max    Med |   req/s  failures/s
--------|----------------------------------------------------------------------------|-------|-------------|-------|-------|-------|-------|--------|-----------
GET      /                                                                                  8     0(0.00%) |     14      12      18     13 |    0.62        0.00
GET      /cart                                                                             59     0(0.00%) |     14       8     106     11 |    4.00        0.00
POST     /cart [add]                                                                       71     0(0.00%) |     18      10      91     15 |    4.38        0.00
POST     /cart/checkout                                                                    22     0(0.00%) |     19      12      60     16 |    1.25        0.00
GET      /product/[id]                                                                    208     0(0.00%) |     12       7      98     11 |   15.62        0.00
POST     /setCurrency                                                                      39     0(0.00%) |     16      12      27     16 |    2.62        0.00
--------|----------------------------------------------------------------------------|-------|-------------|-------|-------|-------|-------|--------|-----------
         Aggregated                                                                       407     0(0.00%) |     14       7     106     12 |   28.50        0.00

Type     Name                                                                          # reqs      # fails |    Avg     Min     Max    Med |   req/s  failures/s
--------|----------------------------------------------------------------------------|-------|-------------|-------|-------|-------|-------|--------|-----------
GET      /                                                                                 14     0(0.00%) |     14      11      22     14 |    0.80        0.00
GET      /cart                                                                             82     0(0.00%) |     15       7     106     11 |    5.40        0.00
POST     /cart [add]                                                                      104     0(0.00%) |     17      10      91     15 |    6.10        0.00
POST     /cart/checkout                                                                    34     0(0.00%) |     18      12      60     16 |    1.90        0.00
GET      /product/[id]                                                                    295     0(0.00%) |     12       7      98     11 |   18.40        0.00
POST     /setCurrency                                                                      53     0(0.00%) |     17      12      39     16 |    3.30        0.00
--------|----------------------------------------------------------------------------|-------|-------------|-------|-------|-------|-------|--------|-----------
         Aggregated                                                                       582     0(0.00%) |     14       7     106     12 |   35.90        0.00

Type     Name                                                                          # reqs      # fails |    Avg     Min     Max    Med |   req/s  failures/s
--------|----------------------------------------------------------------------------|-------|-------------|-------|-------|-------|-------|--------|-----------
GET      /                                                                                 17     0(0.00%) |     18      11      69     15 |    1.30        0.00
GET      /cart                                                                            106     0(0.00%) |     15       7     106     11 |    7.60        0.00
POST     /cart [add]                                                                      144     0(0.00%) |     18      10      91     15 |    8.70        0.00
POST     /cart/checkout                                                                    49     0(0.00%) |     18      12      60     17 |    2.90        0.00
GET      /product/[id]                                                                    398     0(0.00%) |     12       7      98     11 |   26.00        0.00
POST     /setCurrency                                                                      67     0(0.00%) |     17      12      39     16 |    4.50        0.00
--------|----------------------------------------------------------------------------|-------|-------------|-------|-------|-------|-------|--------|-----------
         Aggregated                                                                       781     0(0.00%) |     14       7     106     12 |   51.00        0.00

Type     Name                                                                          # reqs      # fails |    Avg     Min     Max    Med |   req/s  failures/s
--------|----------------------------------------------------------------------------|-------|-------------|-------|-------|-------|-------|--------|-----------
GET      /                                                                                 20     0(0.00%) |     22      11      99     15 |    1.50        0.00
GET      /cart                                                                            130     0(0.00%) |     17       7     106     11 |    9.20        0.00
POST     /cart [add]                                                                      184     0(0.00%) |     20      10      93     16 |   11.90        0.00
POST     /cart/checkout                                                                    72     0(0.00%) |     23      12     100     18 |    4.00        0.00
GET      /product/[id]                                                                    512     0(0.00%) |     14       7      98     11 |   33.00        0.00
POST     /setCurrency                                                                      86     0(0.00%) |     20      12      67     16 |    5.20        0.00
--------|----------------------------------------------------------------------------|-------|-------------|-------|-------|-------|-------|--------|-----------
         Aggregated                                                                      1004     0(0.00%) |     17       7     106     13 |   64.80        0.00

Type     Name                                                                          # reqs      # fails |    Avg     Min     Max    Med |   req/s  failures/s
--------|----------------------------------------------------------------------------|-------|-------------|-------|-------|-------|-------|--------|-----------
GET      /                                                                                 27     0(0.00%) |     25      11      99     16 |    1.60        0.00
GET      /cart                                                                            159     0(0.00%) |     22       7     213     12 |   10.50        0.00
POST     /cart [add]                                                                      230     0(0.00%) |     25      10     217     16 |   14.80        0.00
POST     /cart/checkout                                                                    94     0(0.00%) |     28      12     151     18 |    5.60        0.00
GET      /product/[id]                                                                    633     0(0.00%) |     16       7     190     11 |   40.50        0.00
POST     /setCurrency                                                                     109     0(0.00%) |     21      12      73     17 |    6.70        0.00
--------|----------------------------------------------------------------------------|-------|-------------|-------|-------|-------|-------|--------|-----------
         Aggregated                                                                      1252     0(0.00%) |     20       7     217     14 |   79.70        0.00

Type     Name                                                                          # reqs      # fails |    Avg     Min     Max    Med |   req/s  failures/s
--------|----------------------------------------------------------------------------|-------|-------------|-------|-------|-------|-------|--------|-----------
GET      /                                                                                 33     0(0.00%) |     24      11      99     16 |    2.10        0.00
GET      /cart                                                                            184     0(0.00%) |     25       7     213     12 |   11.50        0.00
POST     /cart [add]                                                                      282     0(0.00%) |     27      10     217     17 |   17.70        0.00
POST     /cart/checkout                                                                   115     0(0.00%) |     32      12     189     19 |    7.40        0.00
GET      /product/[id]                                                                    765     0(0.00%) |     18       7     190     12 |   46.60        0.00
POST     /setCurrency                                                                     136     0(0.00%) |     22      12      73     17 |    7.90        0.00
--------|----------------------------------------------------------------------------|-------|-------------|-------|-------|-------|-------|--------|-----------
         Aggregated                                                                      1515     0(0.00%) |     22       7     217     14 |   93.20        0.00

Type     Name                                                                          # reqs      # fails |    Avg     Min     Max    Med |   req/s  failures/s
--------|----------------------------------------------------------------------------|-------|-------------|-------|-------|-------|-------|--------|-----------
GET      /                                                                                 41     0(0.00%) |     24      11      99     16 |    2.30        0.00
GET      /cart                                                                            225     0(0.00%) |     29       7     213     13 |   12.20        0.00
POST     /cart [add]                                                                      328     0(0.00%) |     31      10     217     17 |   20.30        0.00
POST     /cart/checkout                                                                   132     0(0.00%) |     35      12     189     20 |    8.60        0.00
GET      /product/[id]                                                                    897     0(0.00%) |     23       7     190     12 |   53.20        0.00
POST     /setCurrency                                                                     164     0(0.00%) |     23      12      73     17 |    9.50        0.00
--------|----------------------------------------------------------------------------|-------|-------------|-------|-------|-------|-------|--------|-----------
         Aggregated                                                                      1787     0(0.00%) |     26       7     217     15 |  106.10        0.00

Type     Name                                                                          # reqs      # fails |    Avg     Min     Max    Med |   req/s  failures/s
--------|----------------------------------------------------------------------------|-------|-------------|-------|-------|-------|-------|--------|-----------
GET      /                                                                                 49     0(0.00%) |     24      11      99     16 |    2.60        0.00
GET      /cart                                                                            254     0(0.00%) |     32       6     213     13 |   12.90        0.00
POST     /cart [add]                                                                      368     0(0.00%) |     39      10     230     18 |   22.50        0.00
POST     /cart/checkout                                                                   148     0(0.00%) |     43      12     196     23 |    9.80        0.00
GET      /product/[id]                                                                   1052     0(0.00%) |     30       7     228     13 |   58.10        0.00
POST     /setCurrency                                                                     189     0(0.00%) |     23      12      82     17 |   11.10        0.00
--------|----------------------------------------------------------------------------|-------|-------------|-------|-------|-------|-------|--------|-----------
         Aggregated                                                                      2060     0(0.00%) |     32       6     230     16 |  117.00        0.00

Type     Name                                                                          # reqs      # fails |    Avg     Min     Max    Med |   req/s  failures/s
--------|----------------------------------------------------------------------------|-------|-------------|-------|-------|-------|-------|--------|-----------
GET      /                                                                                 57     0(0.00%) |     29      11     148     16 |    3.00        0.00
GET      /cart                                                                            297     0(0.00%) |     38       6     213     16 |   14.60        0.00
POST     /cart [add]                                                                      417     0(0.00%) |     44      10     230     20 |   22.50        0.00
POST     /cart/checkout                                                                   165     0(0.00%) |     47      12     196     26 |   10.00        0.00
GET      /product/[id]                                                                   1198     0(0.00%) |     36       7     228     14 |   63.80        0.00
POST     /setCurrency                                                                     220     0(0.00%) |     26      12     108     18 |   12.20        0.00
--------|----------------------------------------------------------------------------|-------|-------------|-------|-------|-------|-------|--------|-----------
         Aggregated                                                                      2354     0(0.00%) |     37       6     230     17 |  126.10        0.00

Type     Name                                                                          # reqs      # fails |    Avg     Min     Max    Med |   req/s  failures/s
--------|----------------------------------------------------------------------------|-------|-------------|-------|-------|-------|-------|--------|-----------
GET      /                                                                                 68     0(0.00%) |     32      11     148     16 |    3.60        0.00
GET      /cart                                                                            332     0(0.00%) |     44       6     218     19 |   16.20        0.00
POST     /cart [add]                                                                      470     0(0.00%) |     51      10     230     24 |   23.20        0.00
POST     /cart/checkout                                                                   191     0(0.00%) |     55      12     200     32 |    9.70        0.00
GET      /product/[id]                                                                   1351     0(0.00%) |     42       6     228     15 |   66.20        0.00
POST     /setCurrency                                                                     243     0(0.00%) |     27      12     108     18 |   13.10        0.00
--------|----------------------------------------------------------------------------|-------|-------------|-------|-------|-------|-------|--------|-----------
         Aggregated                                                                      2655     0(0.00%) |     43       6     230     18 |  132.00        0.00

Type     Name                                                                          # reqs      # fails |    Avg     Min     Max    Med |   req/s  failures/s
--------|----------------------------------------------------------------------------|-------|-------------|-------|-------|-------|-------|--------|-----------
GET      /                                                                                 72     0(0.00%) |     32      11     148     16 |    2.48        0.00
GET      /cart                                                                            344     0(0.00%) |     47       6     226     22 |   11.85        0.00
POST     /cart [add]                                                                      508     0(0.00%) |     56      10     230     26 |   17.50        0.00
POST     /cart/checkout                                                                   199     0(0.00%) |     57      12     200     34 |    6.85        0.00
GET      /product/[id]                                                                   1420     0(0.00%) |     45       6     228     16 |   48.91        0.00
POST     /setCurrency                                                                     263     0(0.00%) |     29      12     155     19 |    9.06        0.00
--------|----------------------------------------------------------------------------|-------|-------------|-------|-------|-------|-------|--------|-----------
         Aggregated                                                                      2806     0(0.00%) |     46       6     230     20 |   96.65        0.00

Response time percentiles (approximated)
Type     Name                                                                                  50%    66%    75%    80%    90%    95%    98%    99%  99.9% 99.99%   100% # reqs
--------|--------------------------------------------------------------------------------|--------|------|------|------|------|------|------|------|------|------|------|------
GET      /                                                                                      17     36     44     59     76     81    100    150    150    150    150     72
GET      /cart                                                                                  22     49     70     86    130    150    200    210    230    230    230    344
POST     /cart [add]                                                                            26     57     84     96    150    180    200    210    230    230    230    508
POST     /cart/checkout                                                                         34     60     93     98    140    160    190    200    200    200    200    199
GET      /product/[id]                                                                          16     44     67     84    130    160    190    200    220    230    230   1420
POST     /setCurrency                                                                           19     24     37     47     66     79     94    110    160    160    160    263
--------|--------------------------------------------------------------------------------|--------|------|------|------|------|------|------|------|------|------|------|------
         Aggregated                                                                             20     45     67     83    130    160    190    200    230    230    230   2806

