/Users/edias/Library/Python/3.9/lib/python/site-packages/urllib3/__init__.py:35: NotOpenSSLWarning: urllib3 v2 only supports OpenSSL 1.1.1+, currently the 'ssl' module is compiled with 'LibreSSL 2.8.3'. See: https://github.com/urllib3/urllib3/issues/3020
  warnings.warn(
[2026-04-25 20:26:55,871] Mac/WARNING/locust.main: Python 3.9 support is deprecated and will be removed soon
Type     Name                                                                          # reqs      # fails |    Avg     Min     Max    Med |   req/s  failures/s
--------|----------------------------------------------------------------------------|-------|-------------|-------|-------|-------|-------|--------|-----------
--------|----------------------------------------------------------------------------|-------|-------------|-------|-------|-------|-------|--------|-----------
         Aggregated                                                                         0     0(0.00%) |      0       0       0      0 |    0.00        0.00

Type     Name                                                                          # reqs      # fails |    Avg     Min     Max    Med |   req/s  failures/s
--------|----------------------------------------------------------------------------|-------|-------------|-------|-------|-------|-------|--------|-----------
GET      /                                                                                  2     0(0.00%) |     27      20      33     20 |    0.00        0.00
GET      /cart                                                                              2     0(0.00%) |     15      12      18     12 |    0.00        0.00
POST     /cart [add]                                                                        2     0(0.00%) |     17      16      18     16 |    0.00        0.00
POST     /cart/checkout                                                                     2     0(0.00%) |     16      15      18     16 |    0.00        0.00
GET      /product/[id]                                                                     16     0(0.00%) |     21       9      62     14 |    0.00        0.00
POST     /setCurrency                                                                       1     0(0.00%) |     16      16      16     16 |    0.00        0.00
--------|----------------------------------------------------------------------------|-------|-------------|-------|-------|-------|-------|--------|-----------
         Aggregated                                                                        25     0(0.00%) |     20       9      62     17 |    0.00        0.00

Type     Name                                                                          # reqs      # fails |    Avg     Min     Max    Med |   req/s  failures/s
--------|----------------------------------------------------------------------------|-------|-------------|-------|-------|-------|-------|--------|-----------
GET      /                                                                                  3     0(0.00%) |     23      16      33     20 |    0.50        0.00
GET      /cart                                                                             11     0(0.00%) |     12       9      18     11 |    0.50        0.00
POST     /cart [add]                                                                       10     0(0.00%) |     18      12      26     16 |    0.50        0.00
POST     /cart/checkout                                                                     4     0(0.00%) |     16      13      19     16 |    0.50        0.00
GET      /product/[id]                                                                     42     0(0.00%) |     16       8      62     13 |    4.00        0.00
POST     /setCurrency                                                                       5     0(0.00%) |     16      13      17     17 |    0.00        0.00
--------|----------------------------------------------------------------------------|-------|-------------|-------|-------|-------|-------|--------|-----------
         Aggregated                                                                        75     0(0.00%) |     16       8      62     14 |    6.00        0.00

Type     Name                                                                          # reqs      # fails |    Avg     Min     Max    Med |   req/s  failures/s
--------|----------------------------------------------------------------------------|-------|-------------|-------|-------|-------|-------|--------|-----------
GET      /                                                                                  5     0(0.00%) |     20      14      33     18 |    0.75        0.00
GET      /cart                                                                             26     0(0.00%) |     13       7      54     12 |    1.50        0.00
POST     /cart [add]                                                                       29     0(0.00%) |     17      10      54     15 |    1.50        0.00
POST     /cart/checkout                                                                    10     0(0.00%) |     18      12      50     15 |    0.50        0.00
GET      /product/[id]                                                                     74     0(0.00%) |     14       8      62     11 |    7.75        0.00
POST     /setCurrency                                                                      16     0(0.00%) |     18      13      28     17 |    1.00        0.00
--------|----------------------------------------------------------------------------|-------|-------------|-------|-------|-------|-------|--------|-----------
         Aggregated                                                                       160     0(0.00%) |     15       7      62     14 |   13.00        0.00

Type     Name                                                                          # reqs      # fails |    Avg     Min     Max    Med |   req/s  failures/s
--------|----------------------------------------------------------------------------|-------|-------------|-------|-------|-------|-------|--------|-----------
GET      /                                                                                  8     0(0.00%) |     18      12      33     16 |    0.83        0.00
GET      /cart                                                                             39     0(0.00%) |     14       7      54     12 |    3.00        0.00
POST     /cart [add]                                                                       47     0(0.00%) |     19      10      79     15 |    2.50        0.00
POST     /cart/checkout                                                                    17     0(0.00%) |     17      12      50     16 |    1.00        0.00
GET      /product/[id]                                                                    121     0(0.00%) |     14       8      62     11 |   10.83        0.00
POST     /setCurrency                                                                      27     0(0.00%) |     27      13     117     18 |    1.50        0.00
--------|----------------------------------------------------------------------------|-------|-------------|-------|-------|-------|-------|--------|-----------
         Aggregated                                                                       259     0(0.00%) |     17       7     117     14 |   19.67        0.00

Type     Name                                                                          # reqs      # fails |    Avg     Min     Max    Med |   req/s  failures/s
--------|----------------------------------------------------------------------------|-------|-------------|-------|-------|-------|-------|--------|-----------
GET      /                                                                                  9     0(0.00%) |     23      12      61     18 |    0.88        0.00
GET      /cart                                                                             53     0(0.00%) |     47       7     751     12 |    4.12        0.00
POST     /cart [add]                                                                       66     0(0.00%) |    107      10     955     16 |    5.38        0.00
POST     /cart/checkout                                                                    22     0(0.00%) |     33      12     241     16 |    2.00        0.00
GET      /product/[id]                                                                    157     0(0.00%) |     60       6     883     12 |   12.25        0.00
POST     /setCurrency                                                                      33     0(0.00%) |     56      13     585     19 |    2.50        0.00
--------|----------------------------------------------------------------------------|-------|-------------|-------|-------|-------|-------|--------|-----------
         Aggregated                                                                       340     0(0.00%) |     64       6     955     14 |   27.12        0.00

Type     Name                                                                          # reqs      # fails |    Avg     Min     Max    Med |   req/s  failures/s
--------|----------------------------------------------------------------------------|-------|-------------|-------|-------|-------|-------|--------|-----------
GET      /                                                                                 12     0(0.00%) |     32      12      75     19 |    0.80        0.00
GET      /cart                                                                             71     0(0.00%) |     43       7     751     12 |    4.10        0.00
POST     /cart [add]                                                                       93     0(0.00%) |     86      10     955     16 |    5.40        0.00
POST     /cart/checkout                                                                    33     0(0.00%) |     40      12     241     19 |    1.90        0.00
GET      /product/[id]                                                                    246     0(0.00%) |     48       6     883     13 |   13.00        0.00
POST     /setCurrency                                                                      45     0(0.00%) |     55      13     585     24 |    2.80        0.00
--------|----------------------------------------------------------------------------|-------|-------------|-------|-------|-------|-------|--------|-----------
         Aggregated                                                                       500     0(0.00%) |     54       6     955     16 |   28.00        0.00

Type     Name                                                                          # reqs      # fails |    Avg     Min     Max    Med |   req/s  failures/s
--------|----------------------------------------------------------------------------|-------|-------------|-------|-------|-------|-------|--------|-----------
GET      /                                                                                 18     0(0.00%) |     42      12     102     32 |    1.00        0.00
GET      /cart                                                                            102     0(0.00%) |     49       7     751     17 |    5.90        0.00
POST     /cart [add]                                                                      114     0(0.00%) |     82      10     955     18 |    7.90        0.00
POST     /cart/checkout                                                                    38     0(0.00%) |     44      12     241     19 |    2.90        0.00
GET      /product/[id]                                                                    326     0(0.00%) |     48       6     883     16 |   19.80        0.00
POST     /setCurrency                                                                      61     0(0.00%) |     64      13     585     28 |    4.10        0.00
--------|----------------------------------------------------------------------------|-------|-------------|-------|-------|-------|-------|--------|-----------
         Aggregated                                                                       659     0(0.00%) |     55       6     955     19 |   41.60        0.00

Type     Name                                                                          # reqs      # fails |    Avg     Min     Max    Med |   req/s  failures/s
--------|----------------------------------------------------------------------------|-------|-------------|-------|-------|-------|-------|--------|-----------
GET      /                                                                                 21     0(0.00%) |     45      12     104     34 |    1.20        0.00
GET      /cart                                                                            122     0(0.00%) |     52       7     751     25 |    7.90        0.00
POST     /cart [add]                                                                      144     0(0.00%) |     85      10     955     25 |    9.60        0.00
POST     /cart/checkout                                                                    50     0(0.00%) |     55      12     241     50 |    3.40        0.00
GET      /product/[id]                                                                    410     0(0.00%) |     53       6     883     25 |   26.20        0.00
POST     /setCurrency                                                                      81     0(0.00%) |     73      13     585     50 |    4.90        0.00
--------|----------------------------------------------------------------------------|-------|-------------|-------|-------|-------|-------|--------|-----------
         Aggregated                                                                       828     0(0.00%) |     60       6     955     26 |   53.20        0.00

Type     Name                                                                          # reqs      # fails |    Avg     Min     Max    Med |   req/s  failures/s
--------|----------------------------------------------------------------------------|-------|-------------|-------|-------|-------|-------|--------|-----------
GET      /                                                                                 25     0(0.00%) |     63      12     198     38 |    1.60        0.00
GET      /cart                                                                            141     0(0.00%) |     60       7     751     36 |    9.30        0.00
POST     /cart [add]                                                                      174     0(0.00%) |     95      10     955     37 |   11.20        0.00
POST     /cart/checkout                                                                    61     0(0.00%) |     65      12     241     78 |    3.60        0.00
GET      /product/[id]                                                                    498     0(0.00%) |     60       6     883     35 |   31.50        0.00
POST     /setCurrency                                                                     107     0(0.00%) |     96      13     585     65 |    6.30        0.00
--------|----------------------------------------------------------------------------|-------|-------------|-------|-------|-------|-------|--------|-----------
         Aggregated                                                                      1006     0(0.00%) |     70       6     955     39 |   63.50        0.00

Type     Name                                                                          # reqs      # fails |    Avg     Min     Max    Med |   req/s  failures/s
--------|----------------------------------------------------------------------------|-------|-------------|-------|-------|-------|-------|--------|-----------
GET      /                                                                                 29     0(0.00%) |     83      12     306     62 |    1.70        0.00
GET      /cart                                                                            161     0(0.00%) |     68       7     751     42 |   10.10        0.00
POST     /cart [add]                                                                      212     0(0.00%) |    110      10     955     71 |   11.70        0.00
POST     /cart/checkout                                                                    71     0(0.00%) |     73      12     321     86 |    3.90        0.00
GET      /product/[id]                                                                    591     0(0.00%) |     68       6     883     44 |   36.50        0.00
POST     /setCurrency                                                                     129     0(0.00%) |    111      13     585     89 |    7.30        0.00
--------|----------------------------------------------------------------------------|-------|-------------|-------|-------|-------|-------|--------|-----------
         Aggregated                                                                      1193     0(0.00%) |     81       6     955     52 |   71.20        0.00

Type     Name                                                                          # reqs      # fails |    Avg     Min     Max    Med |   req/s  failures/s
--------|----------------------------------------------------------------------------|-------|-------------|-------|-------|-------|-------|--------|-----------
GET      /                                                                                 33     0(0.00%) |     91      12     306     69 |    1.80        0.00
GET      /cart                                                                            193     0(0.00%) |     77       7     751     54 |   11.10        0.00
POST     /cart [add]                                                                      239     0(0.00%) |    115      10     955     96 |   14.10        0.00
POST     /cart/checkout                                                                    84     0(0.00%) |     86      12     391     90 |    4.80        0.00
GET      /product/[id]                                                                    697     0(0.00%) |     77       6     883     55 |   42.10        0.00
POST     /setCurrency                                                                     153     0(0.00%) |    118      12     585     94 |    9.00        0.00
--------|----------------------------------------------------------------------------|-------|-------------|-------|-------|-------|-------|--------|-----------
         Aggregated                                                                      1399     0(0.00%) |     89       6     955     65 |   82.90        0.00

Type     Name                                                                          # reqs      # fails |    Avg     Min     Max    Med |   req/s  failures/s
--------|----------------------------------------------------------------------------|-------|-------------|-------|-------|-------|-------|--------|-----------
GET      /                                                                                 40     0(0.00%) |     90      12     306     69 |    1.90        0.00
GET      /cart                                                                            215     0(0.00%) |     84       7     751     59 |   11.90        0.00
POST     /cart [add]                                                                      276     0(0.00%) |    123      10     955    110 |   14.70        0.00
POST     /cart/checkout                                                                    97     0(0.00%) |     96      12     391     95 |    4.80        0.00
GET      /product/[id]                                                                    802     0(0.00%) |     87       6     883     69 |   44.00        0.00
POST     /setCurrency                                                                     174     0(0.00%) |    123      12     585    100 |    9.80        0.00
--------|----------------------------------------------------------------------------|-------|-------------|-------|-------|-------|-------|--------|-----------
         Aggregated                                                                      1604     0(0.00%) |     97       6     955     80 |   87.10        0.00

Type     Name                                                                          # reqs      # fails |    Avg     Min     Max    Med |   req/s  failures/s
--------|----------------------------------------------------------------------------|-------|-------------|-------|-------|-------|-------|--------|-----------
GET      /                                                                                 49     0(0.00%) |    101      12     306     83 |    2.10        0.00
GET      /cart                                                                            236     0(0.00%) |     93       7     751     66 |   11.40        0.00
POST     /cart [add]                                                                      320     0(0.00%) |    133      10     955    130 |   15.70        0.00
POST     /cart/checkout                                                                   113     0(0.00%) |    108      12     391     96 |    5.30        0.00
GET      /product/[id]                                                                    920     0(0.00%) |     97       6     883     86 |   46.60        0.00
POST     /setCurrency                                                                     193     0(0.00%) |    126      12     585    110 |   11.20        0.00
--------|----------------------------------------------------------------------------|-------|-------------|-------|-------|-------|-------|--------|-----------
         Aggregated                                                                      1831     0(0.00%) |    106       6     955     95 |   92.30        0.00

Type     Name                                                                          # reqs      # fails |    Avg     Min     Max    Med |   req/s  failures/s
--------|----------------------------------------------------------------------------|-------|-------------|-------|-------|-------|-------|--------|-----------
GET      /                                                                                 57     0(0.00%) |    115      12     314    100 |    2.60        0.00
GET      /cart                                                                            258     0(0.00%) |    100       7     751     79 |   11.50        0.00
POST     /cart [add]                                                                      352     0(0.00%) |    139      10     955    130 |   17.20        0.00
POST     /cart/checkout                                                                   120     0(0.00%) |    115      12     391     97 |    6.20        0.00
GET      /product/[id]                                                                   1030     0(0.00%) |    105       6     883     98 |   48.20        0.00
POST     /setCurrency                                                                     222     0(0.00%) |    134      12     585    120 |   11.00        0.00
--------|----------------------------------------------------------------------------|-------|-------------|-------|-------|-------|-------|--------|-----------
         Aggregated                                                                      2039     0(0.00%) |    114       6     955    100 |   96.70        0.00

Type     Name                                                                          # reqs      # fails |    Avg     Min     Max    Med |   req/s  failures/s
--------|----------------------------------------------------------------------------|-------|-------------|-------|-------|-------|-------|--------|-----------
GET      /                                                                                 60     0(0.00%) |    112      12     314     97 |    2.90        0.00
GET      /cart                                                                            284     0(0.00%) |    106       7     751     94 |   11.50        0.00
POST     /cart [add]                                                                      387     0(0.00%) |    144      10     955    140 |   17.40        0.00
POST     /cart/checkout                                                                   133     0(0.00%) |    115      12     391     98 |    6.20        0.00
GET      /product/[id]                                                                   1154     0(0.00%) |    112       6     883    110 |   51.40        0.00
POST     /setCurrency                                                                     243     0(0.00%) |    132      12     585    120 |   11.60        0.00
--------|----------------------------------------------------------------------------|-------|-------------|-------|-------|-------|-------|--------|-----------
         Aggregated                                                                      2261     0(0.00%) |    119       6     955    110 |  101.00        0.00

Type     Name                                                                          # reqs      # fails |    Avg     Min     Max    Med |   req/s  failures/s
--------|----------------------------------------------------------------------------|-------|-------------|-------|-------|-------|-------|--------|-----------
GET      /                                                                                 67     0(0.00%) |    123      12     369    100 |    3.20        0.00
GET      /cart                                                                            316     0(0.00%) |    110       7     751    100 |   12.20        0.00
POST     /cart [add]                                                                      420     0(0.00%) |    149      10     955    140 |   17.10        0.00
POST     /cart/checkout                                                                   147     0(0.00%) |    118      12     391     99 |    5.60        0.00
GET      /product/[id]                                                                   1271     0(0.00%) |    116       6     883    110 |   54.40        0.00
POST     /setCurrency                                                                     263     0(0.00%) |    134      12     585    120 |   11.40        0.00
--------|----------------------------------------------------------------------------|-------|-------------|-------|-------|-------|-------|--------|-----------
         Aggregated                                                                      2484     0(0.00%) |    123       6     955    120 |  103.90        0.00

Type     Name                                                                          # reqs      # fails |    Avg     Min     Max    Med |   req/s  failures/s
--------|----------------------------------------------------------------------------|-------|-------------|-------|-------|-------|-------|--------|-----------
GET      /                                                                                 75     0(0.00%) |    134      12     369    120 |    3.50        0.00
GET      /cart                                                                            345     0(0.00%) |    117       7     751    110 |   11.70        0.00
POST     /cart [add]                                                                      459     0(0.00%) |    154      10     955    150 |   17.10        0.00
POST     /cart/checkout                                                                   161     0(0.00%) |    124      12     391    100 |    5.80        0.00
GET      /product/[id]                                                                   1361     0(0.00%) |    119       6     883    120 |   57.80        0.00
POST     /setCurrency                                                                     289     0(0.00%) |    143      12     585    130 |   11.50        0.00
--------|----------------------------------------------------------------------------|-------|-------------|-------|-------|-------|-------|--------|-----------
         Aggregated                                                                      2690     0(0.00%) |    128       6     955    120 |  107.40        0.00

Type     Name                                                                          # reqs      # fails |    Avg     Min     Max    Med |   req/s  failures/s
--------|----------------------------------------------------------------------------|-------|-------------|-------|-------|-------|-------|--------|-----------
GET      /                                                                                 82     0(0.00%) |    137      12     369    120 |    3.40        0.00
GET      /cart                                                                            369     0(0.00%) |    119       7     751    110 |   13.40        0.00
POST     /cart [add]                                                                      505     0(0.00%) |    158      10     955    160 |   18.30        0.00
POST     /cart/checkout                                                                   169     0(0.00%) |    125      12     391    100 |    6.60        0.00
GET      /product/[id]                                                                   1476     0(0.00%) |    121       6     883    120 |   55.50        0.00
POST     /setCurrency                                                                     317     0(0.00%) |    147      12     585    140 |   11.10        0.00
--------|----------------------------------------------------------------------------|-------|-------------|-------|-------|-------|-------|--------|-----------
         Aggregated                                                                      2918     0(0.00%) |    131       6     955    130 |  108.30        0.00

Type     Name                                                                          # reqs      # fails |    Avg     Min     Max    Med |   req/s  failures/s
--------|----------------------------------------------------------------------------|-------|-------------|-------|-------|-------|-------|--------|-----------
GET      /                                                                                 88     0(0.00%) |    142      12     468    130 |    3.20        0.00
GET      /cart                                                                            388     0(0.00%) |    121       7     751    120 |   12.60        0.00
POST     /cart [add]                                                                      536     0(0.00%) |    161      10     955    160 |   18.10        0.00
POST     /cart/checkout                                                                   179     0(0.00%) |    130      12     391    100 |    6.20        0.00
GET      /product/[id]                                                                   1575     0(0.00%) |    124       6     883    120 |   56.40        0.00
POST     /setCurrency                                                                     338     0(0.00%) |    150      12     585    140 |   12.50        0.00
--------|----------------------------------------------------------------------------|-------|-------------|-------|-------|-------|-------|--------|-----------
         Aggregated                                                                      3104     0(0.00%) |    134       6     955    130 |  109.00        0.00

Type     Name                                                                          # reqs      # fails |    Avg     Min     Max    Med |   req/s  failures/s
--------|----------------------------------------------------------------------------|-------|-------------|-------|-------|-------|-------|--------|-----------
GET      /                                                                                 97     0(0.00%) |    140      12     468    120 |    3.40        0.00
GET      /cart                                                                            410     0(0.00%) |    126       7     751    120 |   13.30        0.00
POST     /cart [add]                                                                      575     0(0.00%) |    168      10     955    170 |   19.20        0.00
POST     /cart/checkout                                                                   194     0(0.00%) |    135      12     391    100 |    5.70        0.00
GET      /product/[id]                                                                   1690     0(0.00%) |    129       6     883    130 |   55.10        0.00
POST     /setCurrency                                                                     354     0(0.00%) |    154      12     585    140 |   12.10        0.00
--------|----------------------------------------------------------------------------|-------|-------------|-------|-------|-------|-------|--------|-----------
         Aggregated                                                                      3320     0(0.00%) |    139       6     955    130 |  108.80        0.00

Type     Name                                                                          # reqs      # fails |    Avg     Min     Max    Med |   req/s  failures/s
--------|----------------------------------------------------------------------------|-------|-------------|-------|-------|-------|-------|--------|-----------
GET      /                                                                                100     0(0.00%) |    142      12     468    130 |    3.50        0.00
GET      /cart                                                                            430     0(0.00%) |    128       7     751    130 |   12.10        0.00
POST     /cart [add]                                                                      612     0(0.00%) |    173      10     955    170 |   19.70        0.00
POST     /cart/checkout                                                                   204     0(0.00%) |    138      12     391    110 |    6.80        0.00
GET      /product/[id]                                                                   1792     0(0.00%) |    132       6     883    130 |   53.70        0.00
POST     /setCurrency                                                                     381     0(0.00%) |    159      12     585    150 |   11.50        0.00
--------|----------------------------------------------------------------------------|-------|-------------|-------|-------|-------|-------|--------|-----------
         Aggregated                                                                      3519     0(0.00%) |    142       6     955    140 |  107.30        0.00

Type     Name                                                                          # reqs      # fails |    Avg     Min     Max    Med |   req/s  failures/s
--------|----------------------------------------------------------------------------|-------|-------------|-------|-------|-------|-------|--------|-----------
GET      /                                                                                105     0(0.00%) |    142      12     468    130 |    3.40        0.00
GET      /cart                                                                            454     0(0.00%) |    130       7     751    130 |   11.90        0.00
POST     /cart [add]                                                                      652     0(0.00%) |    176      10     955    170 |   19.90        0.00
POST     /cart/checkout                                                                   220     0(0.00%) |    140      12     391    110 |    6.30        0.00
GET      /product/[id]                                                                   1913     0(0.00%) |    135       6     883    130 |   52.90        0.00
POST     /setCurrency                                                                     398     0(0.00%) |    159      12     585    150 |   10.90        0.00
--------|----------------------------------------------------------------------------|-------|-------------|-------|-------|-------|-------|--------|-----------
         Aggregated                                                                      3742     0(0.00%) |    144       6     955    140 |  105.30        0.00

Type     Name                                                                          # reqs      # fails |    Avg     Min     Max    Med |   req/s  failures/s
--------|----------------------------------------------------------------------------|-------|-------------|-------|-------|-------|-------|--------|-----------
GET      /                                                                                113     0(0.00%) |    151      12     680    140 |    3.10        0.00
GET      /cart                                                                            475     0(0.00%) |    134       7     857    130 |   10.90        0.00
POST     /cart [add]                                                                      677     0(0.00%) |    175      10     955    170 |   19.50        0.00
POST     /cart/checkout                                                                   226     0(0.00%) |    141      12     391    110 |    5.50        0.00
GET      /product/[id]                                                                   1974     0(0.00%) |    139       6    1008    130 |   53.70        0.00
POST     /setCurrency                                                                     411     0(0.00%) |    163      12     901    150 |   11.30        0.00
--------|----------------------------------------------------------------------------|-------|-------------|-------|-------|-------|-------|--------|-----------
         Aggregated                                                                      3876     0(0.00%) |    147       6    1008    140 |  104.00        0.00

Type     Name                                                                          # reqs      # fails |    Avg     Min     Max    Med |   req/s  failures/s
--------|----------------------------------------------------------------------------|-------|-------------|-------|-------|-------|-------|--------|-----------
GET      /                                                                                121     0(0.00%) |    148      12     680    130 |    3.20        0.00
GET      /cart                                                                            508     0(0.00%) |    147       7    1007    140 |   12.00        0.00
POST     /cart [add]                                                                      714     0(0.00%) |    185      10    1398    170 |   19.70        0.00
POST     /cart/checkout                                                                   240     0(0.00%) |    143      12     391    110 |    6.00        0.00
GET      /product/[id]                                                                   2085     0(0.00%) |    147       6    1098    140 |   53.80        0.00
POST     /setCurrency                                                                     428     0(0.00%) |    160      12     901    150 |   10.00        0.00
--------|----------------------------------------------------------------------------|-------|-------------|-------|-------|-------|-------|--------|-----------
         Aggregated                                                                      4096     0(0.00%) |    155       6    1398    140 |  104.70        0.00

Type     Name                                                                          # reqs      # fails |    Avg     Min     Max    Med |   req/s  failures/s
--------|----------------------------------------------------------------------------|-------|-------------|-------|-------|-------|-------|--------|-----------
GET      /                                                                                122     0(0.00%) |    149      12     680    130 |    3.10        0.00
GET      /cart                                                                            532     0(0.00%) |    148       7    1007    140 |   11.20        0.00
POST     /cart [add]                                                                      744     0(0.00%) |    186      10    1398    180 |   17.40        0.00
POST     /cart/checkout                                                                   254     0(0.00%) |    145      12     391    110 |    6.20        0.00
GET      /product/[id]                                                                   2196     0(0.00%) |    148       6    1098    140 |   49.90        0.00
POST     /setCurrency                                                                     459     0(0.00%) |    164      12     901    150 |    8.80        0.00
--------|----------------------------------------------------------------------------|-------|-------------|-------|-------|-------|-------|--------|-----------
         Aggregated                                                                      4307     0(0.00%) |    156       6    1398    150 |   96.60        0.00

Type     Name                                                                          # reqs      # fails |    Avg     Min     Max    Med |   req/s  failures/s
--------|----------------------------------------------------------------------------|-------|-------------|-------|-------|-------|-------|--------|-----------
GET      /                                                                                126     0(0.00%) |    147      12     680    130 |    2.90        0.00
GET      /cart                                                                            548     0(0.00%) |    150       7    1007    140 |   12.80        0.00
POST     /cart [add]                                                                      760     0(0.00%) |    187      10    1398    180 |   16.40        0.00
POST     /cart/checkout                                                                   259     0(0.00%) |    146      12     391    120 |    5.40        0.00
GET      /product/[id]                                                                   2258     0(0.00%) |    150       6    1153    140 |   51.80        0.00
POST     /setCurrency                                                                     466     0(0.00%) |    164      12     901    150 |    9.50        0.00
--------|----------------------------------------------------------------------------|-------|-------------|-------|-------|-------|-------|--------|-----------
         Aggregated                                                                      4417     0(0.00%) |    158       6    1398    150 |   98.80        0.00

Type     Name                                                                          # reqs      # fails |    Avg     Min     Max    Med |   req/s  failures/s
--------|----------------------------------------------------------------------------|-------|-------------|-------|-------|-------|-------|--------|-----------
GET      /                                                                                132     0(0.00%) |    150      12     680    140 |    2.70        0.00
GET      /cart                                                                            574     0(0.00%) |    160       7    1149    140 |   13.10        0.00
POST     /cart [add]                                                                      794     0(0.00%) |    200      10    1488    180 |   16.30        0.00
POST     /cart/checkout                                                                   269     0(0.00%) |    147      12     391    120 |    6.00        0.00
GET      /product/[id]                                                                   2380     0(0.00%) |    159       6    1349    140 |   50.00        0.00
POST     /setCurrency                                                                     493     0(0.00%) |    175      12    1226    150 |   10.30        0.00
--------|----------------------------------------------------------------------------|-------|-------------|-------|-------|-------|-------|--------|-----------
         Aggregated                                                                      4642     0(0.00%) |    167       6    1488    150 |   98.40        0.00

Type     Name                                                                          # reqs      # fails |    Avg     Min     Max    Med |   req/s  failures/s
--------|----------------------------------------------------------------------------|-------|-------------|-------|-------|-------|-------|--------|-----------
GET      /                                                                                140     0(0.00%) |    147      12     680    140 |    2.50        0.00
GET      /cart                                                                            603     0(0.00%) |    161       7    1149    140 |   11.80        0.00
POST     /cart [add]                                                                      827     0(0.00%) |    200      10    1488    180 |   14.20        0.00
POST     /cart/checkout                                                                   284     0(0.00%) |    146      12     391    120 |    5.50        0.00
GET      /product/[id]                                                                   2497     0(0.00%) |    159       6    1349    140 |   46.70        0.00
POST     /setCurrency                                                                     516     0(0.00%) |    176      12    1226    150 |    9.20        0.00
--------|----------------------------------------------------------------------------|-------|-------------|-------|-------|-------|-------|--------|-----------
         Aggregated                                                                      4867     0(0.00%) |    167       6    1488    150 |   89.90        0.00

Type     Name                                                                          # reqs      # fails |    Avg     Min     Max    Med |   req/s  failures/s
--------|----------------------------------------------------------------------------|-------|-------------|-------|-------|-------|-------|--------|-----------
GET      /                                                                                149     0(0.00%) |    147      12     680    140 |    2.50        0.00
GET      /cart                                                                            623     0(0.00%) |    160       7    1149    140 |   11.30        0.00
POST     /cart [add]                                                                      864     0(0.00%) |    200      10    1488    180 |   13.00        0.00
POST     /cart/checkout                                                                   295     0(0.00%) |    149      12     422    130 |    4.90        0.00
GET      /product/[id]                                                                   2607     0(0.00%) |    159       6    1349    140 |   47.70        0.00
POST     /setCurrency                                                                     541     0(0.00%) |    176      12    1226    160 |    9.90        0.00
--------|----------------------------------------------------------------------------|-------|-------------|-------|-------|-------|-------|--------|-----------
         Aggregated                                                                      5079     0(0.00%) |    167       6    1488    150 |   89.30        0.00

Type     Name                                                                          # reqs      # fails |    Avg     Min     Max    Med |   req/s  failures/s
--------|----------------------------------------------------------------------------|-------|-------------|-------|-------|-------|-------|--------|-----------
GET      /                                                                                155     0(0.00%) |    145      12     680    140 |    2.50        0.00
GET      /cart                                                                            654     0(0.00%) |    160       7    1149    140 |   12.00        0.00
POST     /cart [add]                                                                      903     0(0.00%) |    201      10    1488    180 |   14.40        0.00
POST     /cart/checkout                                                                   307     0(0.00%) |    151      12     422    150 |    5.20        0.00
GET      /product/[id]                                                                   2709     0(0.00%) |    159       6    1349    140 |   52.90        0.00
POST     /setCurrency                                                                     566     0(0.00%) |    175      12    1226    160 |   11.20        0.00
--------|----------------------------------------------------------------------------|-------|-------------|-------|-------|-------|-------|--------|-----------
         Aggregated                                                                      5294     0(0.00%) |    167       6    1488    150 |   98.20        0.00

Type     Name                                                                          # reqs      # fails |    Avg     Min     Max    Med |   req/s  failures/s
--------|----------------------------------------------------------------------------|-------|-------------|-------|-------|-------|-------|--------|-----------
GET      /                                                                                160     0(0.00%) |    146      12     680    140 |    3.00        0.00
GET      /cart                                                                            682     0(0.00%) |    162       7    1149    140 |   11.80        0.00
POST     /cart [add]                                                                      929     0(0.00%) |    203      10    1488    180 |   15.70        0.00
POST     /cart/checkout                                                                   320     0(0.00%) |    151      12     491    130 |    5.60        0.00
GET      /product/[id]                                                                   2791     0(0.00%) |    160       6    1349    150 |   51.10        0.00
POST     /setCurrency                                                                     581     0(0.00%) |    176      12    1226    160 |   10.90        0.00
--------|----------------------------------------------------------------------------|-------|-------------|-------|-------|-------|-------|--------|-----------
         Aggregated                                                                      5463     0(0.00%) |    168       6    1488    150 |   98.10        0.00

Type     Name                                                                          # reqs      # fails |    Avg     Min     Max    Med |   req/s  failures/s
--------|----------------------------------------------------------------------------|-------|-------------|-------|-------|-------|-------|--------|-----------
GET      /                                                                                166     0(0.00%) |    153      12     761    140 |    3.10        0.00
GET      /cart                                                                            707     0(0.00%) |    167       7    1149    140 |   12.20        0.00
POST     /cart [add]                                                                      963     0(0.00%) |    206      10    1488    180 |   15.50        0.00
POST     /cart/checkout                                                                   329     0(0.00%) |    151      12     491    150 |    5.60        0.00
GET      /product/[id]                                                                   2891     0(0.00%) |    164       6    1349    150 |   51.10        0.00
POST     /setCurrency                                                                     607     0(0.00%) |    183      12    1226    160 |   10.90        0.00
--------|----------------------------------------------------------------------------|-------|-------------|-------|-------|-------|-------|--------|-----------
         Aggregated                                                                      5663     0(0.00%) |    173       6    1488    150 |   98.40        0.00

Type     Name                                                                          # reqs      # fails |    Avg     Min     Max    Med |   req/s  failures/s
--------|----------------------------------------------------------------------------|-------|-------------|-------|-------|-------|-------|--------|-----------
GET      /                                                                                171     0(0.00%) |    154      12     761    140 |    3.70        0.00
GET      /cart                                                                            737     0(0.00%) |    168       7    1149    140 |   13.60        0.00
POST     /cart [add]                                                                      999     0(0.00%) |    206      10    1488    180 |   16.00        0.00
POST     /cart/checkout                                                                   339     0(0.00%) |    151      12     491    150 |    5.60        0.00
GET      /product/[id]                                                                   2991     0(0.00%) |    164       6    1349    150 |   51.80        0.00
POST     /setCurrency                                                                     636     0(0.00%) |    187      12    1226    160 |   11.40        0.00
--------|----------------------------------------------------------------------------|-------|-------------|-------|-------|-------|-------|--------|-----------
         Aggregated                                                                      5873     0(0.00%) |    173       6    1488    150 |  102.10        0.00

Type     Name                                                                          # reqs      # fails |    Avg     Min     Max    Med |   req/s  failures/s
--------|----------------------------------------------------------------------------|-------|-------------|-------|-------|-------|-------|--------|-----------
GET      /                                                                                178     0(0.00%) |    154      12     761    140 |    3.20        0.00
GET      /cart                                                                            764     0(0.00%) |    169       7    1149    150 |   13.90        0.00
POST     /cart [add]                                                                     1031     0(0.00%) |    206      10    1488    180 |   17.70        0.00
POST     /cart/checkout                                                                   351     0(0.00%) |    152      12     491    150 |    5.80        0.00
GET      /product/[id]                                                                   3106     0(0.00%) |    164       6    1349    150 |   49.80        0.00
POST     /setCurrency                                                                     659     0(0.00%) |    187      12    1226    160 |   11.50        0.00
--------|----------------------------------------------------------------------------|-------|-------------|-------|-------|-------|-------|--------|-----------
         Aggregated                                                                      6089     0(0.00%) |    173       6    1488    150 |  101.90        0.00

Type     Name                                                                          # reqs      # fails |    Avg     Min     Max    Med |   req/s  failures/s
--------|----------------------------------------------------------------------------|-------|-------------|-------|-------|-------|-------|--------|-----------
GET      /                                                                                185     0(0.00%) |    155      12     761    140 |    3.30        0.00
GET      /cart                                                                            787     0(0.00%) |    168       7    1149    150 |   13.90        0.00
POST     /cart [add]                                                                     1067     0(0.00%) |    207      10    1488    190 |   17.40        0.00
POST     /cart/checkout                                                                   366     0(0.00%) |    151      12     491    150 |    5.80        0.00
GET      /product/[id]                                                                   3207     0(0.00%) |    164       6    1349    150 |   49.00        0.00
POST     /setCurrency                                                                     691     0(0.00%) |    189      12    1226    170 |   11.70        0.00
--------|----------------------------------------------------------------------------|-------|-------------|-------|-------|-------|-------|--------|-----------
         Aggregated                                                                      6303     0(0.00%) |    173       6    1488    150 |  101.10        0.00

Type     Name                                                                          # reqs      # fails |    Avg     Min     Max    Med |   req/s  failures/s
--------|----------------------------------------------------------------------------|-------|-------------|-------|-------|-------|-------|--------|-----------
GET      /                                                                                192     0(0.00%) |    154      12     761    140 |    2.70        0.00
GET      /cart                                                                            820     0(0.00%) |    170       7    1149    150 |   13.30        0.00
POST     /cart [add]                                                                     1107     0(0.00%) |    207      10    1488    190 |   16.10        0.00
POST     /cart/checkout                                                                   382     0(0.00%) |    155      12     491    170 |    5.80        0.00
GET      /product/[id]                                                                   3303     0(0.00%) |    164       6    1349    150 |   49.70        0.00
POST     /setCurrency                                                                     713     0(0.00%) |    189      12    1226    170 |   12.60        0.00
--------|----------------------------------------------------------------------------|-------|-------------|-------|-------|-------|-------|--------|-----------
         Aggregated                                                                      6517     0(0.00%) |    174       6    1488    160 |  100.20        0.00

Type     Name                                                                          # reqs      # fails |    Avg     Min     Max    Med |   req/s  failures/s
--------|----------------------------------------------------------------------------|-------|-------------|-------|-------|-------|-------|--------|-----------
GET      /                                                                                196     0(0.00%) |    153      12     761    140 |    3.10        0.00
GET      /cart                                                                            853     0(0.00%) |    169       7    1149    150 |   13.70        0.00
POST     /cart [add]                                                                     1135     0(0.00%) |    206      10    1488    190 |   17.10        0.00
POST     /cart/checkout                                                                   392     0(0.00%) |    155      12     491    170 |    5.90        0.00
GET      /product/[id]                                                                   3420     0(0.00%) |    164       6    1349    150 |   48.70        0.00
POST     /setCurrency                                                                     741     0(0.00%) |    188      12    1226    170 |   12.80        0.00
--------|----------------------------------------------------------------------------|-------|-------------|-------|-------|-------|-------|--------|-----------
         Aggregated                                                                      6737     0(0.00%) |    173       6    1488    160 |  101.30        0.00

Type     Name                                                                          # reqs      # fails |    Avg     Min     Max    Med |   req/s  failures/s
--------|----------------------------------------------------------------------------|-------|-------------|-------|-------|-------|-------|--------|-----------
GET      /                                                                                210     0(0.00%) |    151      12     761    140 |    3.00        0.00
GET      /cart                                                                            872     0(0.00%) |    169       7    1149    150 |   14.50        0.00
POST     /cart [add]                                                                     1173     0(0.00%) |    205      10    1488    190 |   18.30        0.00
POST     /cart/checkout                                                                   404     0(0.00%) |    156      12     491    170 |    6.60        0.00
GET      /product/[id]                                                                   3541     0(0.00%) |    164       6    1349    150 |   51.80        0.00
POST     /setCurrency                                                                     754     0(0.00%) |    187      12    1226    170 |   13.50        0.00
--------|----------------------------------------------------------------------------|-------|-------------|-------|-------|-------|-------|--------|-----------
         Aggregated                                                                      6954     0(0.00%) |    173       6    1488    160 |  107.70        0.00

Type     Name                                                                          # reqs      # fails |    Avg     Min     Max    Med |   req/s  failures/s
--------|----------------------------------------------------------------------------|-------|-------------|-------|-------|-------|-------|--------|-----------
GET      /                                                                                215     0(0.00%) |    152      12     761    140 |    3.80        0.00
GET      /cart                                                                            904     0(0.00%) |    168       7    1149    150 |   13.80        0.00
POST     /cart [add]                                                                     1208     0(0.00%) |    206      10    1488    190 |   16.40        0.00
POST     /cart/checkout                                                                   412     0(0.00%) |    157      12     491    170 |    6.40        0.00
GET      /product/[id]                                                                   3655     0(0.00%) |    163       6    1349    150 |   54.60        0.00
POST     /setCurrency                                                                     778     0(0.00%) |    187      12    1226    170 |   12.70        0.00
--------|----------------------------------------------------------------------------|-------|-------------|-------|-------|-------|-------|--------|-----------
         Aggregated                                                                      7172     0(0.00%) |    173       6    1488    160 |  107.70        0.00

Type     Name                                                                          # reqs      # fails |    Avg     Min     Max    Med |   req/s  failures/s
--------|----------------------------------------------------------------------------|-------|-------------|-------|-------|-------|-------|--------|-----------
GET      /                                                                                221     0(0.00%) |    151      12     761    140 |    3.80        0.00
GET      /cart                                                                            929     0(0.00%) |    168       7    1149    150 |   13.40        0.00
POST     /cart [add]                                                                     1245     0(0.00%) |    205      10    1488    190 |   17.10        0.00
POST     /cart/checkout                                                                   426     0(0.00%) |    156      12     491    170 |    6.20        0.00
GET      /product/[id]                                                                   3758     0(0.00%) |    163       6    1349    150 |   55.20        0.00
POST     /setCurrency                                                                     807     0(0.00%) |    187      12    1226    170 |   12.10        0.00
--------|----------------------------------------------------------------------------|-------|-------------|-------|-------|-------|-------|--------|-----------
         Aggregated                                                                      7386     0(0.00%) |    173       6    1488    160 |  107.80        0.00

Type     Name                                                                          # reqs      # fails |    Avg     Min     Max    Med |   req/s  failures/s
--------|----------------------------------------------------------------------------|-------|-------------|-------|-------|-------|-------|--------|-----------
GET      /                                                                                224     0(0.00%) |    152      12     761    140 |    3.80        0.00
GET      /cart                                                                            953     0(0.00%) |    169       7    1149    150 |   14.50        0.00
POST     /cart [add]                                                                     1281     0(0.00%) |    206      10    1488    190 |   17.90        0.00
POST     /cart/checkout                                                                   435     0(0.00%) |    158      12     491    170 |    6.00        0.00
GET      /product/[id]                                                                   3876     0(0.00%) |    164       6    1349    150 |   54.90        0.00
POST     /setCurrency                                                                     826     0(0.00%) |    187      12    1226    170 |   11.80        0.00
--------|----------------------------------------------------------------------------|-------|-------------|-------|-------|-------|-------|--------|-----------
         Aggregated                                                                      7595     0(0.00%) |    173       6    1488    160 |  108.90        0.00

Type     Name                                                                          # reqs      # fails |    Avg     Min     Max    Med |   req/s  failures/s
--------|----------------------------------------------------------------------------|-------|-------------|-------|-------|-------|-------|--------|-----------
GET      /                                                                                234     0(0.00%) |    154      12     761    140 |    3.40        0.00
GET      /cart                                                                            975     0(0.00%) |    168       7    1149    150 |   13.80        0.00
POST     /cart [add]                                                                     1312     0(0.00%) |    205      10    1488    190 |   18.00        0.00
POST     /cart/checkout                                                                   446     0(0.00%) |    160      12     491    170 |    5.70        0.00
GET      /product/[id]                                                                   4001     0(0.00%) |    163       6    1349    150 |   56.00        0.00
POST     /setCurrency                                                                     849     0(0.00%) |    187      12    1226    170 |   11.20        0.00
--------|----------------------------------------------------------------------------|-------|-------------|-------|-------|-------|-------|--------|-----------
         Aggregated                                                                      7817     0(0.00%) |    173       6    1488    160 |  108.10        0.00

Type     Name                                                                          # reqs      # fails |    Avg     Min     Max    Med |   req/s  failures/s
--------|----------------------------------------------------------------------------|-------|-------------|-------|-------|-------|-------|--------|-----------
GET      /                                                                                244     0(0.00%) |    155      12     761    140 |    3.40        0.00
GET      /cart                                                                            999     0(0.00%) |    167       7    1149    150 |   12.50        0.00
POST     /cart [add]                                                                     1354     0(0.00%) |    204      10    1488    180 |   16.90        0.00
POST     /cart/checkout                                                                   460     0(0.00%) |    160      12     491    170 |    5.30        0.00
GET      /product/[id]                                                                   4103     0(0.00%) |    163       6    1349    150 |   58.90        0.00
POST     /setCurrency                                                                     876     0(0.00%) |    188      12    1226    170 |   11.00        0.00
--------|----------------------------------------------------------------------------|-------|-------------|-------|-------|-------|-------|--------|-----------
         Aggregated                                                                      8036     0(0.00%) |    173       6    1488    160 |  108.00        0.00

Type     Name                                                                          # reqs      # fails |    Avg     Min     Max    Med |   req/s  failures/s
--------|----------------------------------------------------------------------------|-------|-------------|-------|-------|-------|-------|--------|-----------
GET      /                                                                                249     0(0.00%) |    154      12     761    140 |    3.30        0.00
GET      /cart                                                                           1019     0(0.00%) |    168       7    1149    150 |   12.40        0.00
POST     /cart [add]                                                                     1402     0(0.00%) |    205      10    1488    190 |   18.50        0.00
POST     /cart/checkout                                                                   477     0(0.00%) |    160      12     491    170 |    5.80        0.00
GET      /product/[id]                                                                   4203     0(0.00%) |    163       6    1349    150 |   56.70        0.00
POST     /setCurrency                                                                     897     0(0.00%) |    187      12    1226    170 |   11.60        0.00
--------|----------------------------------------------------------------------------|-------|-------------|-------|-------|-------|-------|--------|-----------
         Aggregated                                                                      8247     0(0.00%) |    173       6    1488    160 |  108.30        0.00

Type     Name                                                                          # reqs      # fails |    Avg     Min     Max    Med |   req/s  failures/s
--------|----------------------------------------------------------------------------|-------|-------------|-------|-------|-------|-------|--------|-----------
GET      /                                                                                258     0(0.00%) |    153      12     761    140 |    3.40        0.00
GET      /cart                                                                           1043     0(0.00%) |    167       7    1149    150 |   11.80        0.00
POST     /cart [add]                                                                     1437     0(0.00%) |    205      10    1488    190 |   18.80        0.00
POST     /cart/checkout                                                                   489     0(0.00%) |    161      12     491    170 |    6.10        0.00
GET      /product/[id]                                                                   4311     0(0.00%) |    163       6    1349    150 |   56.10        0.00
POST     /setCurrency                                                                     923     0(0.00%) |    187      12    1226    170 |   11.90        0.00
--------|----------------------------------------------------------------------------|-------|-------------|-------|-------|-------|-------|--------|-----------
         Aggregated                                                                      8461     0(0.00%) |    173       6    1488    160 |  108.10        0.00

Type     Name                                                                          # reqs      # fails |    Avg     Min     Max    Med |   req/s  failures/s
--------|----------------------------------------------------------------------------|-------|-------------|-------|-------|-------|-------|--------|-----------
GET      /                                                                                267     0(0.00%) |    154      12     761    140 |    3.60        0.00
GET      /cart                                                                           1072     0(0.00%) |    167       7    1149    150 |   10.80        0.00
POST     /cart [add]                                                                     1471     0(0.00%) |    205      10    1488    190 |   19.40        0.00
POST     /cart/checkout                                                                   499     0(0.00%) |    160      12     491    170 |    6.70        0.00
GET      /product/[id]                                                                   4425     0(0.00%) |    163       6    1349    150 |   55.30        0.00
POST     /setCurrency                                                                     947     0(0.00%) |    187      12    1226    170 |   11.70        0.00
--------|----------------------------------------------------------------------------|-------|-------------|-------|-------|-------|-------|--------|-----------
         Aggregated                                                                      8681     0(0.00%) |    173       6    1488    160 |  107.50        0.00

Type     Name                                                                          # reqs      # fails |    Avg     Min     Max    Med |   req/s  failures/s
--------|----------------------------------------------------------------------------|-------|-------------|-------|-------|-------|-------|--------|-----------
GET      /                                                                                280     0(0.00%) |    154      12     761    140 |    4.30        0.00
GET      /cart                                                                           1094     0(0.00%) |    167       7    1149    150 |   11.90        0.00
POST     /cart [add]                                                                     1511     0(0.00%) |    206      10    1488    190 |   19.00        0.00
POST     /cart/checkout                                                                   516     0(0.00%) |    161      12     491    170 |    6.40        0.00
GET      /product/[id]                                                                   4532     0(0.00%) |    163       6    1349    150 |   54.90        0.00
POST     /setCurrency                                                                     963     0(0.00%) |    187      12    1226    170 |   11.80        0.00
--------|----------------------------------------------------------------------------|-------|-------------|-------|-------|-------|-------|--------|-----------
         Aggregated                                                                      8896     0(0.00%) |    173       6    1488    160 |  108.30        0.00

Type     Name                                                                          # reqs      # fails |    Avg     Min     Max    Med |   req/s  failures/s
--------|----------------------------------------------------------------------------|-------|-------------|-------|-------|-------|-------|--------|-----------
GET      /                                                                                289     0(0.00%) |    152      12     761    140 |    4.70        0.00
GET      /cart                                                                           1126     0(0.00%) |    166       7    1149    150 |   11.90        0.00
POST     /cart [add]                                                                     1543     0(0.00%) |    206      10    1488    190 |   20.20        0.00
POST     /cart/checkout                                                                   524     0(0.00%) |    161      12     491    170 |    6.30        0.00
GET      /product/[id]                                                                   4660     0(0.00%) |    163       6    1349    150 |   53.90        0.00
POST     /setCurrency                                                                     980     0(0.00%) |    186      12    1226    170 |   11.30        0.00
--------|----------------------------------------------------------------------------|-------|-------------|-------|-------|-------|-------|--------|-----------
         Aggregated                                                                      9122     0(0.00%) |    172       6    1488    160 |  108.30        0.00

Type     Name                                                                          # reqs      # fails |    Avg     Min     Max    Med |   req/s  failures/s
--------|----------------------------------------------------------------------------|-------|-------------|-------|-------|-------|-------|--------|-----------
GET      /                                                                                297     0(0.00%) |    151      12     761    140 |    4.50        0.00
GET      /cart                                                                           1160     0(0.00%) |    166       7    1149    150 |   12.70        0.00
POST     /cart [add]                                                                     1579     0(0.00%) |    205      10    1488    190 |   18.90        0.00
POST     /cart/checkout                                                                   538     0(0.00%) |    162      12     491    180 |    6.40        0.00
GET      /product/[id]                                                                   4773     0(0.00%) |    162       6    1349    150 |   55.70        0.00
POST     /setCurrency                                                                    1003     0(0.00%) |    185      12    1226    170 |   10.40        0.00
--------|----------------------------------------------------------------------------|-------|-------------|-------|-------|-------|-------|--------|-----------
         Aggregated                                                                      9350     0(0.00%) |    172       6    1488    160 |  108.60        0.00

Type     Name                                                                          # reqs      # fails |    Avg     Min     Max    Med |   req/s  failures/s
--------|----------------------------------------------------------------------------|-------|-------------|-------|-------|-------|-------|--------|-----------
GET      /                                                                                304     0(0.00%) |    152      12     761    140 |    4.80        0.00
GET      /cart                                                                           1194     0(0.00%) |    166       7    1149    150 |   14.00        0.00
POST     /cart [add]                                                                     1617     0(0.00%) |    205      10    1488    190 |   17.60        0.00
POST     /cart/checkout                                                                   550     0(0.00%) |    162      12     491    180 |    6.10        0.00
GET      /product/[id]                                                                   4877     0(0.00%) |    163       6    1349    150 |   56.80        0.00
POST     /setCurrency                                                                    1020     0(0.00%) |    185      12    1226    170 |   10.60        0.00
--------|----------------------------------------------------------------------------|-------|-------------|-------|-------|-------|-------|--------|-----------
         Aggregated                                                                      9562     0(0.00%) |    172       6    1488    160 |  109.90        0.00

Type     Name                                                                          # reqs      # fails |    Avg     Min     Max    Med |   req/s  failures/s
--------|----------------------------------------------------------------------------|-------|-------------|-------|-------|-------|-------|--------|-----------
GET      /                                                                                309     0(0.00%) |    152      12     761    140 |    4.60        0.00
GET      /cart                                                                           1224     0(0.00%) |    167       7    1149    150 |   15.10        0.00
POST     /cart [add]                                                                     1657     0(0.00%) |    205      10    1488    190 |   18.00        0.00
POST     /cart/checkout                                                                   570     0(0.00%) |    162      12     491    180 |    6.00        0.00
GET      /product/[id]                                                                   4989     0(0.00%) |    162       6    1349    150 |   56.60        0.00
POST     /setCurrency                                                                    1039     0(0.00%) |    184      12    1226    170 |    9.70        0.00
--------|----------------------------------------------------------------------------|-------|-------------|-------|-------|-------|-------|--------|-----------
         Aggregated                                                                      9788     0(0.00%) |    172       6    1488    160 |  110.00        0.00

Type     Name                                                                          # reqs      # fails |    Avg     Min     Max    Med |   req/s  failures/s
--------|----------------------------------------------------------------------------|-------|-------------|-------|-------|-------|-------|--------|-----------
GET      /                                                                                317     0(0.00%) |    153      12     761    140 |    4.20        0.00
GET      /cart                                                                           1249     0(0.00%) |    167       7    1149    150 |   15.20        0.00
POST     /cart [add]                                                                     1702     0(0.00%) |    205      10    1488    190 |   18.50        0.00
POST     /cart/checkout                                                                   580     0(0.00%) |    162      12     491    180 |    7.10        0.00
GET      /product/[id]                                                                   5090     0(0.00%) |    162       6    1349    150 |   55.80        0.00
POST     /setCurrency                                                                    1064     0(0.00%) |    185      12    1226    170 |    9.20        0.00
--------|----------------------------------------------------------------------------|-------|-------------|-------|-------|-------|-------|--------|-----------
         Aggregated                                                                     10002     0(0.00%) |    172       6    1488    160 |  110.00        0.00

Type     Name                                                                          # reqs      # fails |    Avg     Min     Max    Med |   req/s  failures/s
--------|----------------------------------------------------------------------------|-------|-------------|-------|-------|-------|-------|--------|-----------
GET      /                                                                                321     0(0.00%) |    153      12     761    140 |    3.70        0.00
GET      /cart                                                                           1279     0(0.00%) |    167       7    1149    150 |   15.50        0.00
POST     /cart [add]                                                                     1734     0(0.00%) |    205      10    1488    190 |   19.00        0.00
POST     /cart/checkout                                                                   595     0(0.00%) |    163      12     491    180 |    6.40        0.00
GET      /product/[id]                                                                   5216     0(0.00%) |    162       6    1349    150 |   55.50        0.00
POST     /setCurrency                                                                    1078     0(0.00%) |    185      12    1226    170 |   10.20        0.00
--------|----------------------------------------------------------------------------|-------|-------------|-------|-------|-------|-------|--------|-----------
         Aggregated                                                                     10223     0(0.00%) |    172       6    1488    160 |  110.30        0.00

Type     Name                                                                          # reqs      # fails |    Avg     Min     Max    Med |   req/s  failures/s
--------|----------------------------------------------------------------------------|-------|-------------|-------|-------|-------|-------|--------|-----------
GET      /                                                                                321     0(0.00%) |    153      12     761    140 |    3.70        0.00
GET      /cart                                                                           1287     0(0.00%) |    170       7    1246    150 |   15.70        0.00
POST     /cart [add]                                                                     1749     0(0.00%) |    209      10    1488    190 |   18.90        0.00
POST     /cart/checkout                                                                   598     0(0.00%) |    165      12     950    180 |    6.80        0.00
GET      /product/[id]                                                                   5261     0(0.00%) |    165       6    1349    150 |   54.80        0.00
POST     /setCurrency                                                                    1083     0(0.00%) |    185      12    1226    170 |   10.20        0.00
--------|----------------------------------------------------------------------------|-------|-------------|-------|-------|-------|-------|--------|-----------
         Aggregated                                                                     10299     0(0.00%) |    175       6    1488    160 |  110.10        0.00

Type     Name                                                                          # reqs      # fails |    Avg     Min     Max    Med |   req/s  failures/s
--------|----------------------------------------------------------------------------|-------|-------------|-------|-------|-------|-------|--------|-----------
GET      /                                                                                321     0(0.00%) |    153      12     761    140 |    2.70        0.00
GET      /cart                                                                           1293     0(0.00%) |    179       7    2515    150 |   13.50        0.00
POST     /cart [add]                                                                     1751     0(0.00%) |    211      10    2068    190 |   18.50        0.00
POST     /cart/checkout                                                                   602     0(0.00%) |    175      12    1774    180 |    6.90        0.00
GET      /product/[id]                                                                   5283     0(0.00%) |    169       6    1349    150 |   53.20        0.00
POST     /setCurrency                                                                    1083     0(0.00%) |    185      12    1226    170 |    9.10        0.00
--------|----------------------------------------------------------------------------|-------|-------------|-------|-------|-------|-------|--------|-----------
         Aggregated                                                                     10333     0(0.00%) |    179       6    2515    160 |  103.90        0.00

Type     Name                                                                          # reqs      # fails |    Avg     Min     Max    Med |   req/s  failures/s
--------|----------------------------------------------------------------------------|-------|-------------|-------|-------|-------|-------|--------|-----------
GET      /                                                                                324     0(0.00%) |    191      12    4301    140 |    2.10        0.00
GET      /cart                                                                           1299     0(0.00%) |    186       7    2797    150 |   11.90        0.00
POST     /cart [add]                                                                     1756     0(0.00%) |    217      10    3267    190 |   15.00        0.00
POST     /cart/checkout                                                                   602     0(0.00%) |    175      12    1774    180 |    5.30        0.00
GET      /product/[id]                                                                   5306     0(0.00%) |    173       6    1349    150 |   45.20        0.00
POST     /setCurrency                                                                    1091     0(0.00%) |    215      12    4448    180 |    7.20        0.00
--------|----------------------------------------------------------------------------|-------|-------------|-------|-------|-------|-------|--------|-----------
         Aggregated                                                                     10378     0(0.00%) |    187       6    4448    160 |   86.70        0.00

Type     Name                                                                          # reqs      # fails |    Avg     Min     Max    Med |   req/s  failures/s
--------|----------------------------------------------------------------------------|-------|-------------|-------|-------|-------|-------|--------|-----------
GET      /                                                                                327     0(0.00%) |    229      12    4511    140 |    1.70        0.00
GET      /cart                                                                           1306     0(0.00%) |    197       7    3454    150 |    8.50        0.00
POST     /cart [add]                                                                     1762     0(0.00%) |    224      10    3267    190 |   11.70        0.00
POST     /cart/checkout                                                                   603     0(0.00%) |    177      12    1774    190 |    4.20        0.00
GET      /product/[id]                                                                   5335     0(0.00%) |    176       6    1349    150 |   36.70        0.00
POST     /setCurrency                                                                    1098     0(0.00%) |    241      12    4484    180 |    5.70        0.00
--------|----------------------------------------------------------------------------|-------|-------------|-------|-------|-------|-------|--------|-----------
         Aggregated                                                                     10431     0(0.00%) |    195       6    4511    160 |   68.50        0.00

Type     Name                                                                          # reqs      # fails |    Avg     Min     Max    Med |   req/s  failures/s
--------|----------------------------------------------------------------------------|-------|-------------|-------|-------|-------|-------|--------|-----------
GET      /                                                                                327     0(0.00%) |    229      12    4511    140 |    1.00        0.00
GET      /cart                                                                           1307     0(0.00%) |    198       7    3454    150 |    6.20        0.00
POST     /cart [add]                                                                     1771     0(0.00%) |    235      10    3394    190 |    8.30        0.00
POST     /cart/checkout                                                                   604     0(0.00%) |    180      12    2193    190 |    2.90        0.00
GET      /product/[id]                                                                   5357     0(0.00%) |    180       6    1687    150 |   28.30        0.00
POST     /setCurrency                                                                    1099     0(0.00%) |    245      12    4750    180 |    4.70        0.00
--------|----------------------------------------------------------------------------|-------|-------------|-------|-------|-------|-------|--------|-----------
         Aggregated                                                                     10465     0(0.00%) |    200       6    4750    160 |   51.40        0.00

Type     Name                                                                          # reqs      # fails |    Avg     Min     Max    Med |   req/s  failures/s
--------|----------------------------------------------------------------------------|-------|-------------|-------|-------|-------|-------|--------|-----------
GET      /                                                                                327     0(0.00%) |    229      12    4511    140 |    0.80        0.00
GET      /cart                                                                           1308     0(0.00%) |    200       7    3454    150 |    4.40        0.00
POST     /cart [add]                                                                     1774     0(0.00%) |    240      10    3394    190 |    4.80        0.00
POST     /cart/checkout                                                                   605     0(0.00%) |    186      12    3473    190 |    1.50        0.00
GET      /product/[id]                                                                   5375     0(0.00%) |    185       6    1832    150 |   20.20        0.00
POST     /setCurrency                                                                    1101     0(0.00%) |    254      12    5370    180 |    2.70        0.00
--------|----------------------------------------------------------------------------|-------|-------------|-------|-------|-------|-------|--------|-----------
         Aggregated                                                                     10490     0(0.00%) |    205       6    5370    160 |   34.40        0.00

Type     Name                                                                          # reqs      # fails |    Avg     Min     Max    Med |   req/s  failures/s
--------|----------------------------------------------------------------------------|-------|-------------|-------|-------|-------|-------|--------|-----------
GET      /                                                                                331     0(0.00%) |    301      12    6443    140 |    2.77        0.00
GET      /cart                                                                           1311     0(0.00%) |    206       7    3896    150 |   10.96        0.00
POST     /cart [add]                                                                     1775     0(0.00%) |    241      10    3394    190 |   14.84        0.00
POST     /cart/checkout                                                                   607     0(0.00%) |    200      12    5420    190 |    5.08        0.00
GET      /product/[id]                                                                   5386     0(0.00%) |    189       6    2107    150 |   45.04        0.00
POST     /setCurrency                                                                    1104     0(0.00%) |    271      12    6493    180 |    9.23        0.00
--------|----------------------------------------------------------------------------|-------|-------------|-------|-------|-------|-------|--------|-----------
         Aggregated                                                                     10514     0(0.00%) |    212       6    6493    160 |   87.92        0.00

Response time percentiles (approximated)
Type     Name                                                                                  50%    66%    75%    80%    90%    95%    98%    99%  99.9% 99.99%   100% # reqs
--------|--------------------------------------------------------------------------------|--------|------|------|------|------|------|------|------|------|------|------|------
GET      /                                                                                     140    190    210    230    300    370   4300   6000   6400   6400   6400    331
GET      /cart                                                                                 150    180    200    220    280    370   1100   2000   3500   3900   3900   1311
POST     /cart [add]                                                                           190    230    260    270    320    390   1300   2100   3300   3400   3400   1775
POST     /cart/checkout                                                                        190    200    200    210    290    320    420   1800   5400   5400   5400    607
GET      /product/[id]                                                                         150    180    190    210    260    320    960   1100   1900   2100   2100   5386
POST     /setCurrency                                                                          180    220    250    270    330    390   1100   4400   6500   6500   6500   1104
--------|--------------------------------------------------------------------------------|--------|------|------|------|------|------|------|------|------|------|------|------
         Aggregated                                                                            160    190    210    230    280    370   1000   1500   4800   6500   6500  10514

