/Users/edias/Library/Python/3.9/lib/python/site-packages/urllib3/__init__.py:35: NotOpenSSLWarning: urllib3 v2 only supports OpenSSL 1.1.1+, currently the 'ssl' module is compiled with 'LibreSSL 2.8.3'. See: https://github.com/urllib3/urllib3/issues/3020
  warnings.warn(
[2026-04-26 10:11:46,014] Mac/WARNING/locust.main: Python 3.9 support is deprecated and will be removed soon
Type     Name                                                                          # reqs      # fails |    Avg     Min     Max    Med |   req/s  failures/s
--------|----------------------------------------------------------------------------|-------|-------------|-------|-------|-------|-------|--------|-----------
--------|----------------------------------------------------------------------------|-------|-------------|-------|-------|-------|-------|--------|-----------
         Aggregated                                                                         0     0(0.00%) |      0       0       0      0 |    0.00        0.00

Type     Name                                                                          # reqs      # fails |    Avg     Min     Max    Med |   req/s  failures/s
--------|----------------------------------------------------------------------------|-------|-------------|-------|-------|-------|-------|--------|-----------
GET      /cart                                                                              2     0(0.00%) |     26      24      28     25 |    0.00        0.00
POST     /cart [add]                                                                        3     0(0.00%) |     31      20      47     28 |    0.00        0.00
POST     /cart/checkout                                                                     1     0(0.00%) |     57      57      57     57 |    0.00        0.00
GET      /product/[id]                                                                      7     0(0.00%) |    241      15     748     41 |    0.00        0.00
POST     /setCurrency                                                                       2     0(0.00%) |    111     110     113    110 |    0.00        0.00
--------|----------------------------------------------------------------------------|-------|-------------|-------|-------|-------|-------|--------|-----------
         Aggregated                                                                        15     0(0.00%) |    141      15     748     41 |    0.00        0.00

Type     Name                                                                          # reqs      # fails |    Avg     Min     Max    Med |   req/s  failures/s
--------|----------------------------------------------------------------------------|-------|-------------|-------|-------|-------|-------|--------|-----------
GET      /                                                                                  1     0(0.00%) |    300     300     300    300 |    0.00        0.00
GET      /cart                                                                              4     0(0.00%) |    329      24    1211     28 |    0.00        0.00
POST     /cart [add]                                                                       10     0(0.00%) |     86      20     264     29 |    0.00        0.00
POST     /cart/checkout                                                                     2     0(0.00%) |     45      32      57     33 |    0.00        0.00
GET      /product/[id]                                                                     30     0(0.00%) |     82      13     748     26 |    3.00        0.00
POST     /setCurrency                                                                       6     0(0.00%) |     88      24     214     39 |    1.00        0.00
--------|----------------------------------------------------------------------------|-------|-------------|-------|-------|-------|-------|--------|-----------
         Aggregated                                                                        53     0(0.00%) |    105      13    1211     29 |    4.00        0.00

Type     Name                                                                          # reqs      # fails |    Avg     Min     Max    Med |   req/s  failures/s
--------|----------------------------------------------------------------------------|-------|-------------|-------|-------|-------|-------|--------|-----------
GET      /                                                                                  2     0(0.00%) |    203     107     300    110 |    0.00        0.00
GET      /cart                                                                             12     0(0.00%) |    136      12    1211     18 |    1.33        0.00
POST     /cart [add]                                                                       21     0(0.00%) |     77      17     264     28 |    1.67        0.00
POST     /cart/checkout                                                                     9     0(0.00%) |    226      19     898     36 |    0.67        0.00
GET      /product/[id]                                                                     69     0(0.00%) |     47       9     748     18 |    6.33        0.00
POST     /setCurrency                                                                      14     0(0.00%) |     82      21     236     44 |    1.33        0.00
--------|----------------------------------------------------------------------------|-------|-------------|-------|-------|-------|-------|--------|-----------
         Aggregated                                                                       127     0(0.00%) |     79       9    1211     25 |   11.33        0.00

Type     Name                                                                          # reqs      # fails |    Avg     Min     Max    Med |   req/s  failures/s
--------|----------------------------------------------------------------------------|-------|-------------|-------|-------|-------|-------|--------|-----------
GET      /                                                                                  9     0(0.00%) |    132      17     302    110 |    0.33        0.00
GET      /cart                                                                             23     0(0.00%) |    102      12    1211     23 |    2.00        0.00
POST     /cart [add]                                                                       43     0(0.00%) |     67      14     264     28 |    3.50        0.00
POST     /cart/checkout                                                                    18     0(0.00%) |    127      17     898     27 |    1.50        0.00
GET      /product/[id]                                                                    112     0(0.00%) |     42       9     748     18 |   11.50        0.00
POST     /setCurrency                                                                      21     0(0.00%) |     90      18     268     44 |    2.33        0.00
--------|----------------------------------------------------------------------------|-------|-------------|-------|-------|-------|-------|--------|-----------
         Aggregated                                                                       226     0(0.00%) |     68       9    1211     25 |   21.17        0.00

Type     Name                                                                          # reqs      # fails |    Avg     Min     Max    Med |   req/s  failures/s
--------|----------------------------------------------------------------------------|-------|-------------|-------|-------|-------|-------|--------|-----------
GET      /                                                                                 11     0(0.00%) |    224      17    1207    110 |    1.12        0.00
GET      /cart                                                                             32     0(0.00%) |    106      12    1211     25 |    2.88        0.00
POST     /cart [add]                                                                       60     0(0.00%) |    100      14     550     41 |    5.38        0.00
POST     /cart/checkout                                                                    24     0(0.00%) |    109      17     898     28 |    2.12        0.00
GET      /product/[id]                                                                    154     0(0.00%) |     63       9     748     20 |   13.88        0.00
POST     /setCurrency                                                                      27     0(0.00%) |    219      18    1185     56 |    2.50        0.00
--------|----------------------------------------------------------------------------|-------|-------------|-------|-------|-------|-------|--------|-----------
         Aggregated                                                                       308     0(0.00%) |     98       9    1211     27 |   27.88        0.00

Type     Name                                                                          # reqs      # fails |    Avg     Min     Max    Med |   req/s  failures/s
--------|----------------------------------------------------------------------------|-------|-------------|-------|-------|-------|-------|--------|-----------
GET      /                                                                                 14     0(0.00%) |    182      17    1207     53 |    1.10        0.00
GET      /cart                                                                             55     0(0.00%) |     74      10    1211     23 |    3.10        0.00
POST     /cart [add]                                                                       92     0(0.00%) |     84      14     550     33 |    6.00        0.00
POST     /cart/checkout                                                                    34     0(0.00%) |     88      17     898     28 |    2.40        0.00
GET      /product/[id]                                                                    221     0(0.00%) |     51       9     748     19 |   15.40        0.00
POST     /setCurrency                                                                      45     0(0.00%) |    158      17    1185     52 |    2.70        0.00
--------|----------------------------------------------------------------------------|-------|-------------|-------|-------|-------|-------|--------|-----------
         Aggregated                                                                       461     0(0.00%) |     78       9    1211     25 |   30.70        0.00

Type     Name                                                                          # reqs      # fails |    Avg     Min     Max    Med |   req/s  failures/s
--------|----------------------------------------------------------------------------|-------|-------------|-------|-------|-------|-------|--------|-----------
GET      /                                                                                 19     0(0.00%) |    163      17    1207     70 |    1.40        0.00
GET      /cart                                                                             76     0(0.00%) |     70      10    1211     28 |    5.30        0.00
POST     /cart [add]                                                                      111     0(0.00%) |     79      14     550     34 |    8.70        0.00
POST     /cart/checkout                                                                    40     0(0.00%) |     81      17     898     28 |    3.30        0.00
GET      /product/[id]                                                                    289     0(0.00%) |     50       9     748     20 |   21.20        0.00
POST     /setCurrency                                                                      58     0(0.00%) |    141      16    1185     53 |    4.30        0.00
--------|----------------------------------------------------------------------------|-------|-------------|-------|-------|-------|-------|--------|-----------
         Aggregated                                                                       593     0(0.00%) |     72       9    1211     27 |   44.20        0.00

Type     Name                                                                          # reqs      # fails |    Avg     Min     Max    Med |   req/s  failures/s
--------|----------------------------------------------------------------------------|-------|-------------|-------|-------|-------|-------|--------|-----------
GET      /                                                                                 22     0(0.00%) |    165      17    1207     70 |    1.80        0.00
GET      /cart                                                                             96     0(0.00%) |     77      10    1211     30 |    7.20        0.00
POST     /cart [add]                                                                      149     0(0.00%) |     99      14     771     55 |   10.10        0.00
POST     /cart/checkout                                                                    56     0(0.00%) |     80      17     898     33 |    3.80        0.00
GET      /product/[id]                                                                    349     0(0.00%) |     58       9     748     22 |   25.90        0.00
POST     /setCurrency                                                                      74     0(0.00%) |    138      16    1185     60 |    5.10        0.00
--------|----------------------------------------------------------------------------|-------|-------------|-------|-------|-------|-------|--------|-----------
         Aggregated                                                                       746     0(0.00%) |     81       9    1211     31 |   53.90        0.00

Type     Name                                                                          # reqs      # fails |    Avg     Min     Max    Med |   req/s  failures/s
--------|----------------------------------------------------------------------------|-------|-------------|-------|-------|-------|-------|--------|-----------
GET      /                                                                                 25     0(0.00%) |    153      15    1207     70 |    1.90        0.00
GET      /cart                                                                            115     0(0.00%) |     67       8    1211     26 |    8.40        0.00
POST     /cart [add]                                                                      173     0(0.00%) |     90      13     771     46 |   12.50        0.00
POST     /cart/checkout                                                                    69     0(0.00%) |     71      17     898     32 |    4.70        0.00
GET      /product/[id]                                                                    436     0(0.00%) |     52       9     748     20 |   27.90        0.00
POST     /setCurrency                                                                     101     0(0.00%) |    117      16    1185     56 |    6.00        0.00
--------|----------------------------------------------------------------------------|-------|-------------|-------|-------|-------|-------|--------|-----------
         Aggregated                                                                       919     0(0.00%) |     72       8    1211     28 |   61.40        0.00

Type     Name                                                                          # reqs      # fails |    Avg     Min     Max    Med |   req/s  failures/s
--------|----------------------------------------------------------------------------|-------|-------------|-------|-------|-------|-------|--------|-----------
GET      /                                                                                 30     0(0.00%) |    149      15    1207     70 |    1.90        0.00
GET      /cart                                                                            126     0(0.00%) |     67       8    1211     28 |    8.80        0.00
POST     /cart [add]                                                                      207     0(0.00%) |     89      13     771     49 |   13.20        0.00
POST     /cart/checkout                                                                    82     0(0.00%) |     71      17     898     33 |    5.10        0.00
GET      /product/[id]                                                                    502     0(0.00%) |     53       9     748     23 |   29.80        0.00
POST     /setCurrency                                                                     109     0(0.00%) |    120      16    1185     60 |    6.90        0.00
--------|----------------------------------------------------------------------------|-------|-------------|-------|-------|-------|-------|--------|-----------
         Aggregated                                                                      1056     0(0.00%) |     73       8    1211     31 |   65.70        0.00

Type     Name                                                                          # reqs      # fails |    Avg     Min     Max    Med |   req/s  failures/s
--------|----------------------------------------------------------------------------|-------|-------------|-------|-------|-------|-------|--------|-----------
GET      /                                                                                 32     0(0.00%) |    141      15    1207     68 |    1.90        0.00
GET      /cart                                                                            146     0(0.00%) |     69       8    1211     25 |    9.50        0.00
POST     /cart [add]                                                                      230     0(0.00%) |     97      13     938     47 |   14.70        0.00
POST     /cart/checkout                                                                    90     0(0.00%) |     70      17     898     33 |    5.80        0.00
GET      /product/[id]                                                                    561     0(0.00%) |     66       9     788     22 |   34.80        0.00
POST     /setCurrency                                                                     122     0(0.00%) |    139      16    1185     60 |    8.20        0.00
--------|----------------------------------------------------------------------------|-------|-------------|-------|-------|-------|-------|--------|-----------
         Aggregated                                                                      1181     0(0.00%) |     82       8    1211     30 |   74.90        0.00

Type     Name                                                                          # reqs      # fails |    Avg     Min     Max    Med |   req/s  failures/s
--------|----------------------------------------------------------------------------|-------|-------------|-------|-------|-------|-------|--------|-----------
GET      /                                                                                 36     0(0.00%) |    129      15    1207     53 |    1.80        0.00
GET      /cart                                                                            172     0(0.00%) |     63       8    1211     22 |    9.10        0.00
POST     /cart [add]                                                                      261     0(0.00%) |     89      12     938     41 |   13.90        0.00
POST     /cart/checkout                                                                    99     0(0.00%) |     67      15     898     33 |    5.50        0.00
GET      /product/[id]                                                                    654     0(0.00%) |     60       8     788     20 |   33.90        0.00
POST     /setCurrency                                                                     135     0(0.00%) |    130      16    1185     59 |    7.50        0.00
--------|----------------------------------------------------------------------------|-------|-------------|-------|-------|-------|-------|--------|-----------
         Aggregated                                                                      1357     0(0.00%) |     75       8    1211     28 |   71.70        0.00

Type     Name                                                                          # reqs      # fails |    Avg     Min     Max    Med |   req/s  failures/s
--------|----------------------------------------------------------------------------|-------|-------------|-------|-------|-------|-------|--------|-----------
GET      /                                                                                 43     0(0.00%) |    120      15    1207     57 |    1.70        0.00
GET      /cart                                                                            187     0(0.00%) |     63       8    1211     24 |    9.40        0.00
POST     /cart [add]                                                                      293     0(0.00%) |     86      12     938     41 |   15.00        0.00
POST     /cart/checkout                                                                   108     0(0.00%) |     66      15     898     33 |    5.90        0.00
GET      /product/[id]                                                                    728     0(0.00%) |     57       8     788     20 |   36.20        0.00
POST     /setCurrency                                                                     157     0(0.00%) |    122      16    1185     56 |    7.80        0.00
--------|----------------------------------------------------------------------------|-------|-------------|-------|-------|-------|-------|--------|-----------
         Aggregated                                                                      1516     0(0.00%) |     72       8    1211     28 |   76.00        0.00

Type     Name                                                                          # reqs      # fails |    Avg     Min     Max    Med |   req/s  failures/s
--------|----------------------------------------------------------------------------|-------|-------------|-------|-------|-------|-------|--------|-----------
GET      /                                                                                 47     0(0.00%) |    120      15    1207     59 |    1.70        0.00
GET      /cart                                                                            208     0(0.00%) |     63       8    1211     25 |    9.70        0.00
POST     /cart [add]                                                                      318     0(0.00%) |     86      12     938     44 |   14.70        0.00
POST     /cart/checkout                                                                   118     0(0.00%) |     67      15     898     36 |    5.60        0.00
GET      /product/[id]                                                                    798     0(0.00%) |     56       8     788     21 |   37.80        0.00
POST     /setCurrency                                                                     172     0(0.00%) |    121      16    1185     56 |    7.80        0.00
--------|----------------------------------------------------------------------------|-------|-------------|-------|-------|-------|-------|--------|-----------
         Aggregated                                                                      1661     0(0.00%) |     72       8    1211     30 |   77.30        0.00

Type     Name                                                                          # reqs      # fails |    Avg     Min     Max    Med |   req/s  failures/s
--------|----------------------------------------------------------------------------|-------|-------------|-------|-------|-------|-------|--------|-----------
GET      /                                                                                 51     0(0.00%) |    149      15    1207     70 |    1.72        0.00
GET      /cart                                                                            216     0(0.00%) |     69       8    1211     26 |    7.30        0.00
POST     /cart [add]                                                                      327     0(0.00%) |     96      12     938     47 |   11.05        0.00
POST     /cart/checkout                                                                   119     0(0.00%) |     68      15     898     36 |    4.02        0.00
GET      /product/[id]                                                                    840     0(0.00%) |     64       8     788     22 |   28.38        0.00
POST     /setCurrency                                                                     180     0(0.00%) |    127      16    1185     60 |    6.08        0.00
--------|----------------------------------------------------------------------------|-------|-------------|-------|-------|-------|-------|--------|-----------
         Aggregated                                                                      1733     0(0.00%) |     80       8    1211     31 |   58.54        0.00

Response time percentiles (approximated)
Type     Name                                                                                  50%    66%    75%    80%    90%    95%    98%    99%  99.9% 99.99%   100% # reqs
--------|--------------------------------------------------------------------------------|--------|------|------|------|------|------|------|------|------|------|------|------
GET      /                                                                                      70    120    210    270    330    520    610   1200   1200   1200   1200     51
GET      /cart                                                                                  28     57     70     77    120    240    570    730   1200   1200   1200    216
POST     /cart [add]                                                                            47     80    100    120    180    370    650    770    940    940    940    327
POST     /cart/checkout                                                                         36     66     74     83    100    180    300    870    900    900    900    119
GET      /product/[id]                                                                          22     40     58     73    110    340    580    660    790    790    790    840
POST     /setCurrency                                                                           60    100    150    180    260    600    860   1100   1200   1200   1200    180
--------|--------------------------------------------------------------------------------|--------|------|------|------|------|------|------|------|------|------|------|------
         Aggregated                                                                             31     58     78     94    170    360    630    750   1200   1200   1200   1733

