/Users/martinho/Library/Python/3.9/lib/python/site-packages/urllib3/__init__.py:35: NotOpenSSLWarning: urllib3 v2 only supports OpenSSL 1.1.1+, currently the 'ssl' module is compiled with 'LibreSSL 2.8.3'. See: https://github.com/urllib3/urllib3/issues/3020
  warnings.warn(
[2026-05-05 16:43:15,754] MacBook-Air-de-Nuno/WARNING/locust.main: Python 3.9 support is deprecated and will be removed soon
Type     Name                                                                          # reqs      # fails |    Avg     Min     Max    Med |   req/s  failures/s
--------|----------------------------------------------------------------------------|-------|-------------|-------|-------|-------|-------|--------|-----------
--------|----------------------------------------------------------------------------|-------|-------------|-------|-------|-------|-------|--------|-----------
         Aggregated                                                                         0     0(0.00%) |      0       0       0      0 |    0.00        0.00

Type     Name                                                                          # reqs      # fails |    Avg     Min     Max    Med |   req/s  failures/s
--------|----------------------------------------------------------------------------|-------|-------------|-------|-------|-------|-------|--------|-----------
GET      /cart                                                                              1     0(0.00%) |     24      24      24     24 |    0.00        0.00
POST     /cart [add]                                                                        6     0(0.00%) |     24      15      32     22 |    0.00        0.00
POST     /cart/checkout                                                                     2     0(0.00%) |     18      16      20     16 |    0.00        0.00
GET      /product/[id]                                                                     12     0(0.00%) |     20      10      29     20 |    0.00        0.00
POST     /setCurrency                                                                       3     0(0.00%) |     26      19      32     27 |    0.00        0.00
--------|----------------------------------------------------------------------------|-------|-------------|-------|-------|-------|-------|--------|-----------
         Aggregated                                                                        24     0(0.00%) |     22      10      32     21 |    0.00        0.00

Type     Name                                                                          # reqs      # fails |    Avg     Min     Max    Med |   req/s  failures/s
--------|----------------------------------------------------------------------------|-------|-------------|-------|-------|-------|-------|--------|-----------
GET      /cart                                                                             10     0(0.00%) |     14       9      24     14 |    0.00        0.00
POST     /cart [add]                                                                       14     0(0.00%) |     21      13      32     20 |    2.00        0.00
POST     /cart/checkout                                                                     5     0(0.00%) |     16      15      20     16 |    1.00        0.00
GET      /product/[id]                                                                     38     0(0.00%) |     15       8      29     14 |    4.00        0.00
POST     /setCurrency                                                                       9     0(0.00%) |     24      19      32     24 |    0.00        0.00
--------|----------------------------------------------------------------------------|-------|-------------|-------|-------|-------|-------|--------|-----------
         Aggregated                                                                        76     0(0.00%) |     17       8      32     16 |    7.00        0.00

Type     Name                                                                          # reqs      # fails |    Avg     Min     Max    Med |   req/s  failures/s
--------|----------------------------------------------------------------------------|-------|-------------|-------|-------|-------|-------|--------|-----------
GET      /cart                                                                             20     0(0.00%) |     12       6      24     12 |    0.75        0.00
POST     /cart [add]                                                                       29     0(0.00%) |     18      12      32     17 |    3.00        0.00
POST     /cart/checkout                                                                     9     0(0.00%) |     16      14      20     16 |    1.00        0.00
GET      /product/[id]                                                                     85     0(0.00%) |     13       8      29     12 |    7.25        0.00
POST     /setCurrency                                                                      17     0(0.00%) |     22      16      32     22 |    1.50        0.00
--------|----------------------------------------------------------------------------|-------|-------------|-------|-------|-------|-------|--------|-----------
         Aggregated                                                                       160     0(0.00%) |     15       6      32     14 |   13.50        0.00

Type     Name                                                                          # reqs      # fails |    Avg     Min     Max    Med |   req/s  failures/s
--------|----------------------------------------------------------------------------|-------|-------------|-------|-------|-------|-------|--------|-----------
GET      /                                                                                  5     0(0.00%) |     17      14      20     17 |    0.00        0.00
GET      /cart                                                                             30     0(0.00%) |     12       6      24     12 |    2.67        0.00
POST     /cart [add]                                                                       53     0(0.00%) |     16      11      32     16 |    3.83        0.00
POST     /cart/checkout                                                                    16     0(0.00%) |     15      12      20     15 |    1.00        0.00
GET      /product/[id]                                                                    138     0(0.00%) |     11       7      29     11 |   11.33        0.00
POST     /setCurrency                                                                      32     0(0.00%) |     20      14      32     19 |    2.17        0.00
--------|----------------------------------------------------------------------------|-------|-------------|-------|-------|-------|-------|--------|-----------
         Aggregated                                                                       274     0(0.00%) |     14       6      32     13 |   21.00        0.00

Type     Name                                                                          # reqs      # fails |    Avg     Min     Max    Med |   req/s  failures/s
--------|----------------------------------------------------------------------------|-------|-------------|-------|-------|-------|-------|--------|-----------
GET      /                                                                                  8     0(0.00%) |     16      13      20     15 |    0.50        0.00
GET      /cart                                                                             47     0(0.00%) |     11       6      30     11 |    3.25        0.00
POST     /cart [add]                                                                       76     0(0.00%) |     16      10      32     15 |    5.50        0.00
POST     /cart/checkout                                                                    24     0(0.00%) |     15      12      20     15 |    1.75        0.00
GET      /product/[id]                                                                    219     0(0.00%) |     11       7      29     10 |   14.00        0.00
POST     /setCurrency                                                                      45     0(0.00%) |     19      13      32     19 |    3.38        0.00
--------|----------------------------------------------------------------------------|-------|-------------|-------|-------|-------|-------|--------|-----------
         Aggregated                                                                       419     0(0.00%) |     13       6      32     12 |   28.38        0.00

Type     Name                                                                          # reqs      # fails |    Avg     Min     Max    Med |   req/s  failures/s
--------|----------------------------------------------------------------------------|-------|-------------|-------|-------|-------|-------|--------|-----------
GET      /                                                                                 10     0(0.00%) |     16      13      20     16 |    0.50        0.00
GET      /cart                                                                             72     0(0.00%) |     11       6      30     11 |    4.30        0.00
POST     /cart [add]                                                                      106     0(0.00%) |     15      10      37     15 |    6.50        0.00
POST     /cart/checkout                                                                    35     0(0.00%) |     17      12      70     15 |    2.10        0.00
GET      /product/[id]                                                                    302     0(0.00%) |     11       7      84     10 |   18.10        0.00
POST     /setCurrency                                                                      60     0(0.00%) |     21      13     102     18 |    4.20        0.00
--------|----------------------------------------------------------------------------|-------|-------------|-------|-------|-------|-------|--------|-----------
         Aggregated                                                                       585     0(0.00%) |     13       6     102     12 |   35.70        0.00

Type     Name                                                                          # reqs      # fails |    Avg     Min     Max    Med |   req/s  failures/s
--------|----------------------------------------------------------------------------|-------|-------------|-------|-------|-------|-------|--------|-----------
GET      /                                                                                 18     0(0.00%) |     16      13      20     16 |    1.00        0.00
GET      /cart                                                                             96     0(0.00%) |     11       6      30     10 |    6.20        0.00
POST     /cart [add]                                                                      148     0(0.00%) |     15      10      37     15 |    9.10        0.00
POST     /cart/checkout                                                                    52     0(0.00%) |     16      12      70     15 |    2.90        0.00
GET      /product/[id]                                                                    405     0(0.00%) |     10       7      84     10 |   26.50        0.00
POST     /setCurrency                                                                      76     0(0.00%) |     20      13     102     18 |    5.40        0.00
--------|----------------------------------------------------------------------------|-------|-------------|-------|-------|-------|-------|--------|-----------
         Aggregated                                                                       795     0(0.00%) |     13       6     102     12 |   51.10        0.00

Type     Name                                                                          # reqs      # fails |    Avg     Min     Max    Med |   req/s  failures/s
--------|----------------------------------------------------------------------------|-------|-------------|-------|-------|-------|-------|--------|-----------
GET      /                                                                                 22     0(0.00%) |     16      13      29     16 |    1.60        0.00
GET      /cart                                                                            132     0(0.00%) |     11       6      30     10 |    8.20        0.00
POST     /cart [add]                                                                      185     0(0.00%) |     15      10      37     15 |   12.10        0.00
POST     /cart/checkout                                                                    61     0(0.00%) |     16      12      70     15 |    4.30        0.00
GET      /product/[id]                                                                    515     0(0.00%) |     10       7      84     10 |   33.40        0.00
POST     /setCurrency                                                                     100     0(0.00%) |     20      13     102     18 |    6.30        0.00
--------|----------------------------------------------------------------------------|-------|-------------|-------|-------|-------|-------|--------|-----------
         Aggregated                                                                      1015     0(0.00%) |     12       6     102     11 |   65.90        0.00

Type     Name                                                                          # reqs      # fails |    Avg     Min     Max    Med |   req/s  failures/s
--------|----------------------------------------------------------------------------|-------|-------------|-------|-------|-------|-------|--------|-----------
GET      /                                                                                 25     0(0.00%) |     16      13      29     16 |    2.00        0.00
GET      /cart                                                                            165     0(0.00%) |     10       6      30     10 |   10.60        0.00
POST     /cart [add]                                                                      234     0(0.00%) |     15      10      48     15 |   15.00        0.00
POST     /cart/checkout                                                                    86     0(0.00%) |     16      12      70     15 |    5.10        0.00
GET      /product/[id]                                                                    647     0(0.00%) |     10       7      84     10 |   40.00        0.00
POST     /setCurrency                                                                     129     0(0.00%) |     20      13     107     18 |    7.40        0.00
--------|----------------------------------------------------------------------------|-------|-------------|-------|-------|-------|-------|--------|-----------
         Aggregated                                                                      1286     0(0.00%) |     13       6     107     11 |   80.10        0.00

Type     Name                                                                          # reqs      # fails |    Avg     Min     Max    Med |   req/s  failures/s
--------|----------------------------------------------------------------------------|-------|-------------|-------|-------|-------|-------|--------|-----------
GET      /                                                                                 31     0(0.00%) |     16      13      29     16 |    2.00        0.00
GET      /cart                                                                            203     0(0.00%) |     10       6      30     10 |   12.30        0.00
POST     /cart [add]                                                                      291     0(0.00%) |     15      10      48     15 |   17.00        0.00
POST     /cart/checkout                                                                   106     0(0.00%) |     16      12      70     15 |    6.10        0.00
GET      /product/[id]                                                                    801     0(0.00%) |     10       7      84     10 |   49.00        0.00
POST     /setCurrency                                                                     151     0(0.00%) |     20      13     107     18 |    8.70        0.00
--------|----------------------------------------------------------------------------|-------|-------------|-------|-------|-------|-------|--------|-----------
         Aggregated                                                                      1583     0(0.00%) |     12       6     107     11 |   95.10        0.00

Type     Name                                                                          # reqs      # fails |    Avg     Min     Max    Med |   req/s  failures/s
--------|----------------------------------------------------------------------------|-------|-------------|-------|-------|-------|-------|--------|-----------
GET      /                                                                                 33     0(0.00%) |     17      13      40     16 |    2.30        0.00
GET      /cart                                                                            244     0(0.00%) |     11       6      62     10 |   14.50        0.00
POST     /cart [add]                                                                      349     0(0.00%) |     16      10      63     15 |   20.80        0.00
POST     /cart/checkout                                                                   124     0(0.00%) |     17      12      70     15 |    7.80        0.00
GET      /product/[id]                                                                    950     0(0.00%) |     10       7      84     10 |   55.40        0.00
POST     /setCurrency                                                                     193     0(0.00%) |     21      13     107     19 |    9.90        0.00
--------|----------------------------------------------------------------------------|-------|-------------|-------|-------|-------|-------|--------|-----------
         Aggregated                                                                      1893     0(0.00%) |     13       6     107     12 |  110.70        0.00

Type     Name                                                                          # reqs      # fails |    Avg     Min     Max    Med |   req/s  failures/s
--------|----------------------------------------------------------------------------|-------|-------------|-------|-------|-------|-------|--------|-----------
GET      /                                                                                 43     0(0.00%) |     20      13      96     17 |    2.20        0.00
GET      /cart                                                                            287     0(0.00%) |     12       6     105     11 |   16.80        0.00
POST     /cart [add]                                                                      411     0(0.00%) |     18      10     121     15 |   23.40        0.00
POST     /cart/checkout                                                                   151     0(0.00%) |     20      12     123     16 |    8.80        0.00
GET      /product/[id]                                                                   1110     0(0.00%) |     11       6      84     10 |   61.20        0.00
POST     /setCurrency                                                                     225     0(0.00%) |     24      13     128     19 |   12.30        0.00
--------|----------------------------------------------------------------------------|-------|-------------|-------|-------|-------|-------|--------|-----------
         Aggregated                                                                      2227     0(0.00%) |     15       6     128     12 |  124.70        0.00

Type     Name                                                                          # reqs      # fails |    Avg     Min     Max    Med |   req/s  failures/s
--------|----------------------------------------------------------------------------|-------|-------------|-------|-------|-------|-------|--------|-----------
GET      /                                                                                 51     0(0.00%) |     21      13      96     17 |    2.20        0.00
GET      /cart                                                                            337     0(0.00%) |     14       6     105     11 |   18.90        0.00
POST     /cart [add]                                                                      472     0(0.00%) |     20      10     121     15 |   25.10        0.00
POST     /cart/checkout                                                                   168     0(0.00%) |     22      12     123     16 |    9.10        0.00
GET      /product/[id]                                                                   1285     0(0.00%) |     12       6      84     10 |   68.40        0.00
POST     /setCurrency                                                                     268     0(0.00%) |     27      13     128     20 |   14.40        0.00
--------|----------------------------------------------------------------------------|-------|-------------|-------|-------|-------|-------|--------|-----------
         Aggregated                                                                      2581     0(0.00%) |     16       6     128     12 |  138.10        0.00

Type     Name                                                                          # reqs      # fails |    Avg     Min     Max    Med |   req/s  failures/s
--------|----------------------------------------------------------------------------|-------|-------------|-------|-------|-------|-------|--------|-----------
GET      /                                                                                 57     0(0.00%) |     26      13     104     18 |    2.80        0.00
GET      /cart                                                                            387     0(0.00%) |     16       6     105     11 |   19.80        0.00
POST     /cart [add]                                                                      548     0(0.00%) |     22      10     121     16 |   27.60        0.00
POST     /cart/checkout                                                                   198     0(0.00%) |     25      12     123     17 |   10.50        0.00
GET      /product/[id]                                                                   1475     0(0.00%) |     13       6     144     10 |   74.30        0.00
POST     /setCurrency                                                                     295     0(0.00%) |     29      13     128     20 |   16.30        0.00
--------|----------------------------------------------------------------------------|-------|-------------|-------|-------|-------|-------|--------|-----------
         Aggregated                                                                      2960     0(0.00%) |     18       6     144     13 |  151.30        0.00

Type     Name                                                                          # reqs      # fails |    Avg     Min     Max    Med |   req/s  failures/s
--------|----------------------------------------------------------------------------|-------|-------------|-------|-------|-------|-------|--------|-----------
GET      /                                                                                 62     0(0.00%) |     28      12     122     18 |    3.20        0.00
GET      /cart                                                                            455     0(0.00%) |     17       6     105     12 |   21.40        0.00
POST     /cart [add]                                                                      619     0(0.00%) |     24      10     154     16 |   30.10        0.00
POST     /cart/checkout                                                                   222     0(0.00%) |     26      12     123     17 |   10.90        0.00
GET      /product/[id]                                                                   1677     0(0.00%) |     14       6     144     10 |   79.70        0.00
POST     /setCurrency                                                                     332     0(0.00%) |     31      13     154     20 |   17.40        0.00
--------|----------------------------------------------------------------------------|-------|-------------|-------|-------|-------|-------|--------|-----------
         Aggregated                                                                      3367     0(0.00%) |     19       6     154     14 |  162.70        0.00

Type     Name                                                                          # reqs      # fails |    Avg     Min     Max    Med |   req/s  failures/s
--------|----------------------------------------------------------------------------|-------|-------------|-------|-------|-------|-------|--------|-----------
GET      /                                                                                 74     0(0.00%) |     35      12     150     19 |    3.20        0.00
GET      /cart                                                                            507     0(0.00%) |     19       6     175     12 |   23.60        0.00
POST     /cart [add]                                                                      676     0(0.00%) |     25      10     154     17 |   31.40        0.00
POST     /cart/checkout                                                                   242     0(0.00%) |     28      12     170     18 |   11.20        0.00
GET      /product/[id]                                                                   1896     0(0.00%) |     16       6     144     11 |   86.60        0.00
POST     /setCurrency                                                                     380     0(0.00%) |     36      13     200     21 |   18.10        0.00
--------|----------------------------------------------------------------------------|-------|-------------|-------|-------|-------|-------|--------|-----------
         Aggregated                                                                      3775     0(0.00%) |     21       6     200     14 |  174.10        0.00

Type     Name                                                                          # reqs      # fails |    Avg     Min     Max    Med |   req/s  failures/s
--------|----------------------------------------------------------------------------|-------|-------------|-------|-------|-------|-------|--------|-----------
GET      /                                                                                 84     0(0.00%) |     45      12     193     20 |    3.50        0.00
GET      /cart                                                                            561     0(0.00%) |     24       6     221     13 |   26.00        0.00
POST     /cart [add]                                                                      756     0(0.00%) |     31      10     273     18 |   32.50        0.00
POST     /cart/checkout                                                                   261     0(0.00%) |     31      12     273     18 |   11.60        0.00
GET      /product/[id]                                                                   2091     0(0.00%) |     19       6     238     11 |   92.10        0.00
POST     /setCurrency                                                                     419     0(0.00%) |     43      13     332     23 |   18.70        0.00
--------|----------------------------------------------------------------------------|-------|-------------|-------|-------|-------|-------|--------|-----------
         Aggregated                                                                      4172     0(0.00%) |     25       6     332     15 |  184.40        0.00

Type     Name                                                                          # reqs      # fails |    Avg     Min     Max    Med |   req/s  failures/s
--------|----------------------------------------------------------------------------|-------|-------------|-------|-------|-------|-------|--------|-----------
GET      /                                                                                 92     0(0.00%) |     52      12     401     21 |    4.30        0.00
GET      /cart                                                                            616     0(0.00%) |     30       6     238     13 |   26.30        0.00
POST     /cart [add]                                                                      816     0(0.00%) |     35      10     327     19 |   34.70        0.00
POST     /cart/checkout                                                                   288     0(0.00%) |     36      12     273     19 |   11.60        0.00
GET      /product/[id]                                                                   2314     0(0.00%) |     22       6     238     11 |   96.70        0.00
POST     /setCurrency                                                                     460     0(0.00%) |     49      13     332     25 |   19.30        0.00
--------|----------------------------------------------------------------------------|-------|-------------|-------|-------|-------|-------|--------|-----------
         Aggregated                                                                      4586     0(0.00%) |     29       6     401     16 |  192.90        0.00

Type     Name                                                                          # reqs      # fails |    Avg     Min     Max    Med |   req/s  failures/s
--------|----------------------------------------------------------------------------|-------|-------------|-------|-------|-------|-------|--------|-----------
GET      /                                                                                102     0(0.00%) |     59      12     401     28 |    4.00        0.00
GET      /cart                                                                            675     0(0.00%) |     34       6     238     15 |   27.00        0.00
POST     /cart [add]                                                                      882     0(0.00%) |     39      10     327     20 |   34.30        0.00
POST     /cart/checkout                                                                   312     0(0.00%) |     40      12     273     20 |   11.50        0.00
GET      /product/[id]                                                                   2536     0(0.00%) |     25       6     238     12 |  101.70        0.00
POST     /setCurrency                                                                     498     0(0.00%) |     56      13     332     28 |   19.60        0.00
--------|----------------------------------------------------------------------------|-------|-------------|-------|-------|-------|-------|--------|-----------
         Aggregated                                                                      5005     0(0.00%) |     33       6     401     17 |  198.10        0.00

Type     Name                                                                          # reqs      # fails |    Avg     Min     Max    Med |   req/s  failures/s
--------|----------------------------------------------------------------------------|-------|-------------|-------|-------|-------|-------|--------|-----------
GET      /                                                                                114     0(0.00%) |     67      12     401     35 |    4.30        0.00
GET      /cart                                                                            735     0(0.00%) |     38       6     238     16 |   28.80        0.00
POST     /cart [add]                                                                      972     0(0.00%) |     46      10     379     22 |   34.30        0.00
POST     /cart/checkout                                                                   347     0(0.00%) |     46      12     273     23 |   11.90        0.00
GET      /product/[id]                                                                   2757     0(0.00%) |     27       6     295     13 |  104.70        0.00
POST     /setCurrency                                                                     527     0(0.00%) |     61      13     363     31 |   19.50        0.00
--------|----------------------------------------------------------------------------|-------|-------------|-------|-------|-------|-------|--------|-----------
         Aggregated                                                                      5452     0(0.00%) |     37       6     401     18 |  203.50        0.00

Type     Name                                                                          # reqs      # fails |    Avg     Min     Max    Med |   req/s  failures/s
--------|----------------------------------------------------------------------------|-------|-------------|-------|-------|-------|-------|--------|-----------
GET      /                                                                                130     0(0.00%) |     81      12     401     57 |    4.80        0.00
GET      /cart                                                                            787     0(0.00%) |     42       6     238     17 |   29.40        0.00
POST     /cart [add]                                                                     1052     0(0.00%) |     53      10     379     25 |   34.70        0.00
POST     /cart/checkout                                                                   375     0(0.00%) |     50      12     273     26 |   12.50        0.00
GET      /product/[id]                                                                   2974     0(0.00%) |     31       6     295     14 |  105.90        0.00
POST     /setCurrency                                                                     570     0(0.00%) |     72      13     396     37 |   19.30        0.00
--------|----------------------------------------------------------------------------|-------|-------------|-------|-------|-------|-------|--------|-----------
         Aggregated                                                                      5888     0(0.00%) |     43       6     401     20 |  206.60        0.00

Type     Name                                                                          # reqs      # fails |    Avg     Min     Max    Med |   req/s  failures/s
--------|----------------------------------------------------------------------------|-------|-------------|-------|-------|-------|-------|--------|-----------
GET      /                                                                                143     0(0.00%) |     88      12     401     64 |    5.50        0.00
GET      /cart                                                                            837     0(0.00%) |     47       6     446     21 |   27.20        0.00
POST     /cart [add]                                                                     1120     0(0.00%) |     59      10     865     29 |   36.20        0.00
POST     /cart/checkout                                                                   400     0(0.00%) |     57      12     798     30 |   13.00        0.00
GET      /product/[id]                                                                   3185     0(0.00%) |     34       6     703     15 |  107.20        0.00
POST     /setCurrency                                                                     625     0(0.00%) |     83      13     748     45 |   19.30        0.00
--------|----------------------------------------------------------------------------|-------|-------------|-------|-------|-------|-------|--------|-----------
         Aggregated                                                                      6310     0(0.00%) |     48       6     865     22 |  208.40        0.00

Type     Name                                                                          # reqs      # fails |    Avg     Min     Max    Med |   req/s  failures/s
--------|----------------------------------------------------------------------------|-------|-------------|-------|-------|-------|-------|--------|-----------
GET      /                                                                                155     0(0.00%) |     92      12     401     69 |    5.80        0.00
GET      /cart                                                                            893     0(0.00%) |     50       6     737     25 |   28.10        0.00
POST     /cart [add]                                                                     1201     0(0.00%) |     65      10    1090     33 |   35.50        0.00
POST     /cart/checkout                                                                   422     0(0.00%) |     63      12     886     35 |   13.60        0.00
GET      /product/[id]                                                                   3410     0(0.00%) |     38       6     906     17 |  108.90        0.00
POST     /setCurrency                                                                     656     0(0.00%) |     89      13     876     50 |   19.40        0.00
--------|----------------------------------------------------------------------------|-------|-------------|-------|-------|-------|-------|--------|-----------
         Aggregated                                                                      6737     0(0.00%) |     53       6    1090     24 |  211.30        0.00

Type     Name                                                                          # reqs      # fails |    Avg     Min     Max    Med |   req/s  failures/s
--------|----------------------------------------------------------------------------|-------|-------------|-------|-------|-------|-------|--------|-----------
GET      /                                                                                170     0(0.00%) |    110      12     741     91 |    5.90        0.00
GET      /cart                                                                            952     0(0.00%) |     56       6     952     29 |   28.30        0.00
POST     /cart [add]                                                                     1284     0(0.00%) |     74      10    1090     38 |   37.60        0.00
POST     /cart/checkout                                                                   454     0(0.00%) |     67      12     886     46 |   13.50        0.00
GET      /product/[id]                                                                   3629     0(0.00%) |     43       6     906     20 |  109.10        0.00
POST     /setCurrency                                                                     697     0(0.00%) |     99      13     876     58 |   20.30        0.00
--------|----------------------------------------------------------------------------|-------|-------------|-------|-------|-------|-------|--------|-----------
         Aggregated                                                                      7186     0(0.00%) |     59       6    1090     28 |  214.70        0.00

Type     Name                                                                          # reqs      # fails |    Avg     Min     Max    Med |   req/s  failures/s
--------|----------------------------------------------------------------------------|-------|-------------|-------|-------|-------|-------|--------|-----------
GET      /                                                                                185     0(0.00%) |    123      12     741    100 |    6.70        0.00
GET      /cart                                                                           1003     0(0.00%) |     62       6     952     34 |   27.70        0.00
POST     /cart [add]                                                                     1357     0(0.00%) |     80      10    1090     44 |   39.20        0.00
POST     /cart/checkout                                                                   473     0(0.00%) |     70      12     886     50 |   14.30        0.00
GET      /product/[id]                                                                   3866     0(0.00%) |     47       6     906     22 |  108.70        0.00
POST     /setCurrency                                                                     742     0(0.00%) |    109      13     876     68 |   19.90        0.00
--------|----------------------------------------------------------------------------|-------|-------------|-------|-------|-------|-------|--------|-----------
         Aggregated                                                                      7626     0(0.00%) |     64       6    1090     32 |  216.50        0.00

Type     Name                                                                          # reqs      # fails |    Avg     Min     Max    Med |   req/s  failures/s
--------|----------------------------------------------------------------------------|-------|-------------|-------|-------|-------|-------|--------|-----------
GET      /                                                                                197     0(0.00%) |    129      12     741    120 |    7.10        0.00
GET      /cart                                                                           1066     0(0.00%) |     66       6     952     38 |   26.10        0.00
POST     /cart [add]                                                                     1433     0(0.00%) |     86      10    1090     50 |   39.80        0.00
POST     /cart/checkout                                                                   498     0(0.00%) |     72      12     886     56 |   13.20        0.00
GET      /product/[id]                                                                   4121     0(0.00%) |     51       6     906     26 |  110.00        0.00
POST     /setCurrency                                                                     790     0(0.00%) |    117      13     876     75 |   21.40        0.00
--------|----------------------------------------------------------------------------|-------|-------------|-------|-------|-------|-------|--------|-----------
         Aggregated                                                                      8105     0(0.00%) |     69       6    1090     37 |  217.60        0.00

Type     Name                                                                          # reqs      # fails |    Avg     Min     Max    Med |   req/s  failures/s
--------|----------------------------------------------------------------------------|-------|-------------|-------|-------|-------|-------|--------|-----------
GET      /                                                                                210     0(0.00%) |    129      12     741    120 |    7.00        0.00
GET      /cart                                                                           1126     0(0.00%) |     70       6     952     41 |   27.90        0.00
POST     /cart [add]                                                                     1503     0(0.00%) |     93      10    1090     54 |   38.10        0.00
POST     /cart/checkout                                                                   529     0(0.00%) |     79      12     886     61 |   12.10        0.00
GET      /product/[id]                                                                   4334     0(0.00%) |     55       6     906     29 |  114.60        0.00
POST     /setCurrency                                                                     837     0(0.00%) |    123      13     876     86 |   21.60        0.00
--------|----------------------------------------------------------------------------|-------|-------------|-------|-------|-------|-------|--------|-----------
         Aggregated                                                                      8539     0(0.00%) |     74       6    1090     40 |  221.30        0.00

Type     Name                                                                          # reqs      # fails |    Avg     Min     Max    Med |   req/s  failures/s
--------|----------------------------------------------------------------------------|-------|-------------|-------|-------|-------|-------|--------|-----------
GET      /                                                                                229     0(0.00%) |    139      12     741    120 |    6.60        0.00
GET      /cart                                                                           1190     0(0.00%) |     74       6     952     46 |   27.70        0.00
POST     /cart [add]                                                                     1578     0(0.00%) |     97      10    1090     60 |   39.10        0.00
POST     /cart/checkout                                                                   559     0(0.00%) |     82      12     886     63 |   12.80        0.00
GET      /product/[id]                                                                   4563     0(0.00%) |     58       6     906     32 |  114.20        0.00
POST     /setCurrency                                                                     877     0(0.00%) |    130      13     876     94 |   21.70        0.00
--------|----------------------------------------------------------------------------|-------|-------------|-------|-------|-------|-------|--------|-----------
         Aggregated                                                                      8996     0(0.00%) |     78       6    1090     44 |  222.10        0.00

Type     Name                                                                          # reqs      # fails |    Avg     Min     Max    Med |   req/s  failures/s
--------|----------------------------------------------------------------------------|-------|-------------|-------|-------|-------|-------|--------|-----------
GET      /                                                                                240     0(0.00%) |    144      12     741    130 |    7.40        0.00
GET      /cart                                                                           1246     0(0.00%) |     77       6     952     51 |   28.50        0.00
POST     /cart [add]                                                                     1669     0(0.00%) |    102      10    1090     67 |   37.60        0.00
POST     /cart/checkout                                                                   600     0(0.00%) |     86      12     886     72 |   13.40        0.00
GET      /product/[id]                                                                   4791     0(0.00%) |     61       6     906     36 |  115.90        0.00
POST     /setCurrency                                                                     919     0(0.00%) |    137      13     876    110 |   21.60        0.00
--------|----------------------------------------------------------------------------|-------|-------------|-------|-------|-------|-------|--------|-----------
         Aggregated                                                                      9465     0(0.00%) |     81       6    1090     49 |  224.40        0.00

Type     Name                                                                          # reqs      # fails |    Avg     Min     Max    Med |   req/s  failures/s
--------|----------------------------------------------------------------------------|-------|-------------|-------|-------|-------|-------|--------|-----------
GET      /                                                                                250     0(0.00%) |    149      12     741    140 |    6.70        0.00
GET      /cart                                                                           1308     0(0.00%) |     81       6     952     55 |   29.00        0.00
POST     /cart [add]                                                                     1756     0(0.00%) |    105      10    1090     72 |   38.00        0.00
POST     /cart/checkout                                                                   628     0(0.00%) |     88      12     886     76 |   14.00        0.00
GET      /product/[id]                                                                   5037     0(0.00%) |     63       6     906     39 |  115.50        0.00
POST     /setCurrency                                                                     960     0(0.00%) |    142      13     876    110 |   22.60        0.00
--------|----------------------------------------------------------------------------|-------|-------------|-------|-------|-------|-------|--------|-----------
         Aggregated                                                                      9939     0(0.00%) |     84       6    1090     53 |  225.80        0.00

Type     Name                                                                          # reqs      # fails |    Avg     Min     Max    Med |   req/s  failures/s
--------|----------------------------------------------------------------------------|-------|-------------|-------|-------|-------|-------|--------|-----------
GET      /                                                                                262     0(0.00%) |    152      12     741    140 |    6.80        0.00
GET      /cart                                                                           1371     0(0.00%) |     84       6     952     59 |   30.70        0.00
POST     /cart [add]                                                                     1830     0(0.00%) |    108      10    1090     76 |   38.10        0.00
POST     /cart/checkout                                                                   662     0(0.00%) |     90      12     886     78 |   14.60        0.00
GET      /product/[id]                                                                   5293     0(0.00%) |     65       6     906     41 |  118.50        0.00
POST     /setCurrency                                                                    1005     0(0.00%) |    147      13     876    120 |   21.50        0.00
--------|----------------------------------------------------------------------------|-------|-------------|-------|-------|-------|-------|--------|-----------
         Aggregated                                                                     10423     0(0.00%) |     87       6    1090     56 |  230.20        0.00

Type     Name                                                                          # reqs      # fails |    Avg     Min     Max    Med |   req/s  failures/s
--------|----------------------------------------------------------------------------|-------|-------------|-------|-------|-------|-------|--------|-----------
GET      /                                                                                275     0(0.00%) |    157      12     741    140 |    6.30        0.00
GET      /cart                                                                           1439     0(0.00%) |     87       6     952     62 |   30.10        0.00
POST     /cart [add]                                                                     1912     0(0.00%) |    110      10    1090     82 |   40.30        0.00
POST     /cart/checkout                                                                   697     0(0.00%) |     92      12     886     81 |   16.10        0.00
GET      /product/[id]                                                                   5532     0(0.00%) |     66       6     906     44 |  116.40        0.00
POST     /setCurrency                                                                    1046     0(0.00%) |    151      13     876    120 |   20.90        0.00
--------|----------------------------------------------------------------------------|-------|-------------|-------|-------|-------|-------|--------|-----------
         Aggregated                                                                     10901     0(0.00%) |     89       6    1090     60 |  230.10        0.00

Type     Name                                                                          # reqs      # fails |    Avg     Min     Max    Med |   req/s  failures/s
--------|----------------------------------------------------------------------------|-------|-------------|-------|-------|-------|-------|--------|-----------
GET      /                                                                                284     0(0.00%) |    161      12     741    150 |    6.50        0.00
GET      /cart                                                                           1509     0(0.00%) |     89       6     952     64 |   30.50        0.00
POST     /cart [add]                                                                     1981     0(0.00%) |    113      10    1090     84 |   40.20        0.00
POST     /cart/checkout                                                                   726     0(0.00%) |     94      12     886     84 |   16.30        0.00
GET      /product/[id]                                                                   5766     0(0.00%) |     69       6     906     46 |  119.20        0.00
POST     /setCurrency                                                                    1094     0(0.00%) |    156      13     876    130 |   22.10        0.00
--------|----------------------------------------------------------------------------|-------|-------------|-------|-------|-------|-------|--------|-----------
         Aggregated                                                                     11360     0(0.00%) |     91       6    1090     62 |  234.80        0.00

Type     Name                                                                          # reqs      # fails |    Avg     Min     Max    Med |   req/s  failures/s
--------|----------------------------------------------------------------------------|-------|-------------|-------|-------|-------|-------|--------|-----------
GET      /                                                                                300     0(0.00%) |    165      12     741    150 |    5.80        0.00
GET      /cart                                                                           1570     0(0.00%) |     91       6     952     67 |   32.20        0.00
POST     /cart [add]                                                                     2063     0(0.00%) |    115      10    1090     88 |   41.00        0.00
POST     /cart/checkout                                                                   756     0(0.00%) |     95      12     886     86 |   17.40        0.00
GET      /product/[id]                                                                   5999     0(0.00%) |     70       6     906     48 |  118.50        0.00
POST     /setCurrency                                                                    1145     0(0.00%) |    160      13     876    140 |   21.30        0.00
--------|----------------------------------------------------------------------------|-------|-------------|-------|-------|-------|-------|--------|-----------
         Aggregated                                                                     11833     0(0.00%) |     93       6    1090     65 |  236.20        0.00

Type     Name                                                                          # reqs      # fails |    Avg     Min     Max    Med |   req/s  failures/s
--------|----------------------------------------------------------------------------|-------|-------------|-------|-------|-------|-------|--------|-----------
GET      /                                                                                312     0(0.00%) |    169      12     741    160 |    5.70        0.00
GET      /cart                                                                           1629     0(0.00%) |     92       6     952     69 |   33.20        0.00
POST     /cart [add]                                                                     2156     0(0.00%) |    117      10    1090     93 |   39.80        0.00
POST     /cart/checkout                                                                   786     0(0.00%) |     95      12     886     89 |   15.90        0.00
GET      /product/[id]                                                                   6241     0(0.00%) |     71       6     906     51 |  121.50        0.00
POST     /setCurrency                                                                    1190     0(0.00%) |    164      13     876    150 |   21.80        0.00
--------|----------------------------------------------------------------------------|-------|-------------|-------|-------|-------|-------|--------|-----------
         Aggregated                                                                     12314     0(0.00%) |     95       6    1090     68 |  237.90        0.00

Type     Name                                                                          # reqs      # fails |    Avg     Min     Max    Med |   req/s  failures/s
--------|----------------------------------------------------------------------------|-------|-------------|-------|-------|-------|-------|--------|-----------
GET      /                                                                                322     0(0.00%) |    172      12     741    160 |    5.80        0.00
GET      /cart                                                                           1701     0(0.00%) |     95       6     952     73 |   31.90        0.00
POST     /cart [add]                                                                     2229     0(0.00%) |    120      10    1090     97 |   40.50        0.00
POST     /cart/checkout                                                                   814     0(0.00%) |     97      12     886     91 |   16.10        0.00
GET      /product/[id]                                                                   6491     0(0.00%) |     72       6     906     52 |  120.60        0.00
POST     /setCurrency                                                                    1229     0(0.00%) |    167      13     876    150 |   22.10        0.00
--------|----------------------------------------------------------------------------|-------|-------------|-------|-------|-------|-------|--------|-----------
         Aggregated                                                                     12786     0(0.00%) |     97       6    1090     71 |  237.00        0.00

Type     Name                                                                          # reqs      # fails |    Avg     Min     Max    Med |   req/s  failures/s
--------|----------------------------------------------------------------------------|-------|-------------|-------|-------|-------|-------|--------|-----------
GET      /                                                                                343     0(0.00%) |    177      12     741    170 |    6.60        0.00
GET      /cart                                                                           1764     0(0.00%) |     95       6     952     74 |   32.40        0.00
POST     /cart [add]                                                                     2319     0(0.00%) |    121      10    1090    100 |   39.80        0.00
POST     /cart/checkout                                                                   853     0(0.00%) |     98      12     886     93 |   15.50        0.00
GET      /product/[id]                                                                   6712     0(0.00%) |     73       6     906     54 |  120.20        0.00
POST     /setCurrency                                                                    1278     0(0.00%) |    171      13     876    160 |   23.00        0.00
--------|----------------------------------------------------------------------------|-------|-------------|-------|-------|-------|-------|--------|-----------
         Aggregated                                                                     13269     0(0.00%) |     98       6    1090     73 |  237.50        0.00

Type     Name                                                                          # reqs      # fails |    Avg     Min     Max    Med |   req/s  failures/s
--------|----------------------------------------------------------------------------|-------|-------------|-------|-------|-------|-------|--------|-----------
GET      /                                                                                356     0(0.00%) |    178      12     741    170 |    6.60        0.00
GET      /cart                                                                           1822     0(0.00%) |     97       6     952     76 |   33.40        0.00
POST     /cart [add]                                                                     2401     0(0.00%) |    123      10    1106    100 |   40.10        0.00
POST     /cart/checkout                                                                   886     0(0.00%) |     99      12     886     94 |   15.80        0.00
GET      /product/[id]                                                                   6938     0(0.00%) |     75       6    1140     56 |  118.20        0.00
POST     /setCurrency                                                                    1342     0(0.00%) |    174      13    1052    160 |   22.50        0.00
--------|----------------------------------------------------------------------------|-------|-------------|-------|-------|-------|-------|--------|-----------
         Aggregated                                                                     13745     0(0.00%) |    100       6    1140     75 |  236.60        0.00

Type     Name                                                                          # reqs      # fails |    Avg     Min     Max    Med |   req/s  failures/s
--------|----------------------------------------------------------------------------|-------|-------------|-------|-------|-------|-------|--------|-----------
GET      /                                                                                371     0(0.00%) |    181      12     741    170 |    7.10        0.00
GET      /cart                                                                           1889     0(0.00%) |     98       6     952     78 |   31.50        0.00
POST     /cart [add]                                                                     2481     0(0.00%) |    126      10    1106    100 |   41.30        0.00
POST     /cart/checkout                                                                   913     0(0.00%) |     99      12     886     95 |   15.50        0.00
GET      /product/[id]                                                                   7161     0(0.00%) |     76       6    1140     57 |  117.40        0.00
POST     /setCurrency                                                                    1389     0(0.00%) |    177      13    1052    160 |   23.90        0.00
--------|----------------------------------------------------------------------------|-------|-------------|-------|-------|-------|-------|--------|-----------
         Aggregated                                                                     14204     0(0.00%) |    102       6    1140     77 |  236.70        0.00

Type     Name                                                                          # reqs      # fails |    Avg     Min     Max    Med |   req/s  failures/s
--------|----------------------------------------------------------------------------|-------|-------------|-------|-------|-------|-------|--------|-----------
GET      /                                                                                385     0(0.00%) |    183      12     741    170 |    7.70        0.00
GET      /cart                                                                           1942     0(0.00%) |     99       6     952     80 |   30.90        0.00
POST     /cart [add]                                                                     2560     0(0.00%) |    127      10    1106    110 |   41.60        0.00
POST     /cart/checkout                                                                   938     0(0.00%) |     99      12     886     96 |   15.70        0.00
GET      /product/[id]                                                                   7404     0(0.00%) |     76       6    1140     58 |  115.20        0.00
POST     /setCurrency                                                                    1451     0(0.00%) |    181      13    1052    170 |   24.70        0.00
--------|----------------------------------------------------------------------------|-------|-------------|-------|-------|-------|-------|--------|-----------
         Aggregated                                                                     14680     0(0.00%) |    103       6    1140     79 |  235.80        0.00

Type     Name                                                                          # reqs      # fails |    Avg     Min     Max    Med |   req/s  failures/s
--------|----------------------------------------------------------------------------|-------|-------------|-------|-------|-------|-------|--------|-----------
GET      /                                                                                402     0(0.00%) |    186      12     741    180 |    7.50        0.00
GET      /cart                                                                           2004     0(0.00%) |    100       6     952     81 |   32.00        0.00
POST     /cart [add]                                                                     2633     0(0.00%) |    128      10    1142    110 |   40.00        0.00
POST     /cart/checkout                                                                   967     0(0.00%) |    102      12     898     96 |   14.90        0.00
GET      /product/[id]                                                                   7639     0(0.00%) |     77       6    1140     59 |  115.40        0.00
POST     /setCurrency                                                                    1497     0(0.00%) |    182      13    1052    170 |   26.10        0.00
--------|----------------------------------------------------------------------------|-------|-------------|-------|-------|-------|-------|--------|-----------
         Aggregated                                                                     15142     0(0.00%) |    104       6    1142     80 |  235.90        0.00

Type     Name                                                                          # reqs      # fails |    Avg     Min     Max    Med |   req/s  failures/s
--------|----------------------------------------------------------------------------|-------|-------------|-------|-------|-------|-------|--------|-----------
GET      /                                                                                420     0(0.00%) |    189      12     741    190 |    7.50        0.00
GET      /cart                                                                           2068     0(0.00%) |    100       6     952     81 |   31.00        0.00
POST     /cart [add]                                                                     2712     0(0.00%) |    129      10    1142    110 |   40.20        0.00
POST     /cart/checkout                                                                   991     0(0.00%) |    103      12     898     97 |   15.30        0.00
GET      /product/[id]                                                                   7888     0(0.00%) |     77       6    1140     61 |  116.40        0.00
POST     /setCurrency                                                                    1554     0(0.00%) |    184      13    1052    180 |   26.10        0.00
--------|----------------------------------------------------------------------------|-------|-------------|-------|-------|-------|-------|--------|-----------
         Aggregated                                                                     15633     0(0.00%) |    105       6    1142     81 |  236.50        0.00

Type     Name                                                                          # reqs      # fails |    Avg     Min     Max    Med |   req/s  failures/s
--------|----------------------------------------------------------------------------|-------|-------------|-------|-------|-------|-------|--------|-----------
GET      /                                                                                432     0(0.00%) |    190      12     741    190 |    7.50        0.00
GET      /cart                                                                           2116     0(0.00%) |    102       6     952     84 |   31.10        0.00
POST     /cart [add]                                                                     2806     0(0.00%) |    131      10    1142    110 |   40.10        0.00
POST     /cart/checkout                                                                  1027     0(0.00%) |    104      12     898     98 |   14.50        0.00
GET      /product/[id]                                                                   8115     0(0.00%) |     78       6    1140     62 |  115.10        0.00
POST     /setCurrency                                                                    1613     0(0.00%) |    186      13    1052    180 |   27.20        0.00
--------|----------------------------------------------------------------------------|-------|-------------|-------|-------|-------|-------|--------|-----------
         Aggregated                                                                     16109     0(0.00%) |    106       6    1142     83 |  235.50        0.00

Type     Name                                                                          # reqs      # fails |    Avg     Min     Max    Med |   req/s  failures/s
--------|----------------------------------------------------------------------------|-------|-------------|-------|-------|-------|-------|--------|-----------
GET      /                                                                                444     0(0.00%) |    192      12     741    190 |    7.70        0.00
GET      /cart                                                                           2182     0(0.00%) |    102       6     952     85 |   30.40        0.00
POST     /cart [add]                                                                     2893     0(0.00%) |    132      10    1142    110 |   40.40        0.00
POST     /cart/checkout                                                                  1054     0(0.00%) |    104      12     898     98 |   13.70        0.00
GET      /product/[id]                                                                   8338     0(0.00%) |     78       6    1140     63 |  117.70        0.00
POST     /setCurrency                                                                    1672     0(0.00%) |    188      13    1052    180 |   26.70        0.00
--------|----------------------------------------------------------------------------|-------|-------------|-------|-------|-------|-------|--------|-----------
         Aggregated                                                                     16583     0(0.00%) |    107       6    1142     84 |  236.60        0.00

Type     Name                                                                          # reqs      # fails |    Avg     Min     Max    Med |   req/s  failures/s
--------|----------------------------------------------------------------------------|-------|-------------|-------|-------|-------|-------|--------|-----------
GET      /                                                                                462     0(0.00%) |    195      12     741    190 |    7.10        0.00
GET      /cart                                                                           2253     0(0.00%) |    102       6     952     85 |   29.30        0.00
POST     /cart [add]                                                                     2971     0(0.00%) |    134      10    1142    120 |   41.50        0.00
POST     /cart/checkout                                                                  1078     0(0.00%) |    104      12     898     98 |   14.60        0.00
GET      /product/[id]                                                                   8583     0(0.00%) |     79       6    1140     64 |  117.70        0.00
POST     /setCurrency                                                                    1730     0(0.00%) |    189      13    1052    190 |   28.10        0.00
--------|----------------------------------------------------------------------------|-------|-------------|-------|-------|-------|-------|--------|-----------
         Aggregated                                                                     17077     0(0.00%) |    107       6    1142     85 |  238.30        0.00

Type     Name                                                                          # reqs      # fails |    Avg     Min     Max    Med |   req/s  failures/s
--------|----------------------------------------------------------------------------|-------|-------------|-------|-------|-------|-------|--------|-----------
GET      /                                                                                478     0(0.00%) |    196      12     741    190 |    7.60        0.00
GET      /cart                                                                           2320     0(0.00%) |    103       6     952     87 |   29.60        0.00
POST     /cart [add]                                                                     3049     0(0.00%) |    134      10    1142    120 |   41.40        0.00
POST     /cart/checkout                                                                  1105     0(0.00%) |    105      12     898     99 |   14.70        0.00
GET      /product/[id]                                                                   8826     0(0.00%) |     79       6    1140     65 |  117.70        0.00
POST     /setCurrency                                                                    1779     0(0.00%) |    191      13    1052    190 |   27.60        0.00
--------|----------------------------------------------------------------------------|-------|-------------|-------|-------|-------|-------|--------|-----------
         Aggregated                                                                     17557     0(0.00%) |    108       6    1142     87 |  238.60        0.00

Type     Name                                                                          # reqs      # fails |    Avg     Min     Max    Med |   req/s  failures/s
--------|----------------------------------------------------------------------------|-------|-------------|-------|-------|-------|-------|--------|-----------
GET      /                                                                                493     0(0.00%) |    197      12     741    200 |    7.20        0.00
GET      /cart                                                                           2391     0(0.00%) |    104       6     952     88 |   31.70        0.00
POST     /cart [add]                                                                     3130     0(0.00%) |    135      10    1142    120 |   42.30        0.00
POST     /cart/checkout                                                                  1131     0(0.00%) |    105      12     898     99 |   13.80        0.00
GET      /product/[id]                                                                   9055     0(0.00%) |     80       6    1140     66 |  116.40        0.00
POST     /setCurrency                                                                    1833     0(0.00%) |    192      13    1052    190 |   29.00        0.00
--------|----------------------------------------------------------------------------|-------|-------------|-------|-------|-------|-------|--------|-----------
         Aggregated                                                                     18033     0(0.00%) |    109       6    1142     88 |  240.40        0.00

Type     Name                                                                          # reqs      # fails |    Avg     Min     Max    Med |   req/s  failures/s
--------|----------------------------------------------------------------------------|-------|-------------|-------|-------|-------|-------|--------|-----------
GET      /                                                                                507     0(0.00%) |    198      12     741    200 |    7.50        0.00
GET      /cart                                                                           2465     0(0.00%) |    105       6     952     89 |   31.50        0.00
POST     /cart [add]                                                                     3212     0(0.00%) |    136      10    1142    120 |   41.20        0.00
POST     /cart/checkout                                                                  1159     0(0.00%) |    107      12     898     99 |   13.60        0.00
GET      /product/[id]                                                                   9292     0(0.00%) |     80       6    1140     67 |  118.50        0.00
POST     /setCurrency                                                                    1878     0(0.00%) |    194      13    1052    190 |   27.90        0.00
--------|----------------------------------------------------------------------------|-------|-------------|-------|-------|-------|-------|--------|-----------
         Aggregated                                                                     18513     0(0.00%) |    110       6    1142     89 |  240.20        0.00

Type     Name                                                                          # reqs      # fails |    Avg     Min     Max    Med |   req/s  failures/s
--------|----------------------------------------------------------------------------|-------|-------------|-------|-------|-------|-------|--------|-----------
GET      /                                                                                521     0(0.00%) |    199      12     741    200 |    7.50        0.00
GET      /cart                                                                           2515     0(0.00%) |    106       6     952     89 |   33.80        0.00
POST     /cart [add]                                                                     3276     0(0.00%) |    138      10    1142    120 |   40.60        0.00
POST     /cart/checkout                                                                  1178     0(0.00%) |    108      12     898    100 |   13.90        0.00
GET      /product/[id]                                                                   9526     0(0.00%) |     81       6    1140     68 |  116.70        0.00
POST     /setCurrency                                                                    1927     0(0.00%) |    196      13    1068    200 |   27.40        0.00
--------|----------------------------------------------------------------------------|-------|-------------|-------|-------|-------|-------|--------|-----------
         Aggregated                                                                     18943     0(0.00%) |    111       6    1142     90 |  239.90        0.00

Type     Name                                                                          # reqs      # fails |    Avg     Min     Max    Med |   req/s  failures/s
--------|----------------------------------------------------------------------------|-------|-------------|-------|-------|-------|-------|--------|-----------
GET      /                                                                                543     0(0.00%) |    200      12     741    200 |    7.90        0.00
GET      /cart                                                                           2573     0(0.00%) |    106       6     952     90 |   34.60        0.00
POST     /cart [add]                                                                     3361     0(0.00%) |    139      10    1142    120 |   39.30        0.00
POST     /cart/checkout                                                                  1209     0(0.00%) |    108      12     898    100 |   12.10        0.00
GET      /product/[id]                                                                   9767     0(0.00%) |     81       6    1140     69 |  119.00        0.00
POST     /setCurrency                                                                    1981     0(0.00%) |    196      13    1068    200 |   25.40        0.00
--------|----------------------------------------------------------------------------|-------|-------------|-------|-------|-------|-------|--------|-----------
         Aggregated                                                                     19434     0(0.00%) |    111       6    1142     91 |  238.30        0.00

Type     Name                                                                          # reqs      # fails |    Avg     Min     Max    Med |   req/s  failures/s
--------|----------------------------------------------------------------------------|-------|-------------|-------|-------|-------|-------|--------|-----------
GET      /                                                                                560     0(0.00%) |    202      12     741    200 |    7.60        0.00
GET      /cart                                                                           2633     0(0.00%) |    107       6     952     91 |   33.30        0.00
POST     /cart [add]                                                                     3458     0(0.00%) |    139      10    1142    120 |   39.50        0.00
POST     /cart/checkout                                                                  1249     0(0.00%) |    109      12     898    100 |   12.40        0.00
GET      /product/[id]                                                                   9982     0(0.00%) |     82       6    1140     69 |  117.90        0.00
POST     /setCurrency                                                                    2027     0(0.00%) |    197      13    1068    200 |   25.60        0.00
--------|----------------------------------------------------------------------------|-------|-------------|-------|-------|-------|-------|--------|-----------
         Aggregated                                                                     19909     0(0.00%) |    112       6    1142     92 |  236.30        0.00

Type     Name                                                                          # reqs      # fails |    Avg     Min     Max    Med |   req/s  failures/s
--------|----------------------------------------------------------------------------|-------|-------------|-------|-------|-------|-------|--------|-----------
GET      /                                                                                567     0(0.00%) |    202      12     741    200 |    8.70        0.00
GET      /cart                                                                           2693     0(0.00%) |    108       6     969     92 |   32.00        0.00
POST     /cart [add]                                                                     3548     0(0.00%) |    141      10    1142    120 |   39.40        0.00
POST     /cart/checkout                                                                  1281     0(0.00%) |    110      12     898    100 |   13.90        0.00
GET      /product/[id]                                                                  10208     0(0.00%) |     83       6    1140     70 |  117.70        0.00
POST     /setCurrency                                                                    2079     0(0.00%) |    199      13    1068    200 |   24.60        0.00
--------|----------------------------------------------------------------------------|-------|-------------|-------|-------|-------|-------|--------|-----------
         Aggregated                                                                     20376     0(0.00%) |    113       6    1142     93 |  236.30        0.00

Type     Name                                                                          # reqs      # fails |    Avg     Min     Max    Med |   req/s  failures/s
--------|----------------------------------------------------------------------------|-------|-------------|-------|-------|-------|-------|--------|-----------
GET      /                                                                                586     0(0.00%) |    205      12     741    200 |    7.80        0.00
GET      /cart                                                                           2762     0(0.00%) |    109       6     969     93 |   30.70        0.00
POST     /cart [add]                                                                     3634     0(0.00%) |    141      10    1142    130 |   41.20        0.00
POST     /cart/checkout                                                                  1318     0(0.00%) |    110      12     898    100 |   14.70        0.00
GET      /product/[id]                                                                  10427     0(0.00%) |     83       6    1140     71 |  115.40        0.00
POST     /setCurrency                                                                    2127     0(0.00%) |    200      13    1068    200 |   24.50        0.00
--------|----------------------------------------------------------------------------|-------|-------------|-------|-------|-------|-------|--------|-----------
         Aggregated                                                                     20854     0(0.00%) |    114       6    1142     93 |  234.30        0.00

Type     Name                                                                          # reqs      # fails |    Avg     Min     Max    Med |   req/s  failures/s
--------|----------------------------------------------------------------------------|-------|-------------|-------|-------|-------|-------|--------|-----------
GET      /                                                                                601     0(0.00%) |    207      12     741    210 |    7.60        0.00
GET      /cart                                                                           2828     0(0.00%) |    110       6     969     94 |   29.30        0.00
POST     /cart [add]                                                                     3723     0(0.00%) |    142      10    1142    130 |   42.20        0.00
POST     /cart/checkout                                                                  1353     0(0.00%) |    111      12     898    100 |   15.30        0.00
GET      /product/[id]                                                                  10664     0(0.00%) |     83       6    1140     71 |  115.60        0.00
POST     /setCurrency                                                                    2170     0(0.00%) |    201      13    1068    200 |   24.70        0.00
--------|----------------------------------------------------------------------------|-------|-------------|-------|-------|-------|-------|--------|-----------
         Aggregated                                                                     21339     0(0.00%) |    114       6    1142     94 |  234.70        0.00

Type     Name                                                                          # reqs      # fails |    Avg     Min     Max    Med |   req/s  failures/s
--------|----------------------------------------------------------------------------|-------|-------------|-------|-------|-------|-------|--------|-----------
GET      /                                                                                614     0(0.00%) |    209      12     741    210 |    8.00        0.00
GET      /cart                                                                           2885     0(0.00%) |    110       6     969     94 |   30.50        0.00
POST     /cart [add]                                                                     3820     0(0.00%) |    143      10    1142    130 |   43.50        0.00
POST     /cart/checkout                                                                  1389     0(0.00%) |    112      12     898    100 |   17.30        0.00
GET      /product/[id]                                                                  10889     0(0.00%) |     84       6    1140     72 |  112.90        0.00
POST     /setCurrency                                                                    2218     0(0.00%) |    202      13    1068    200 |   23.90        0.00
--------|----------------------------------------------------------------------------|-------|-------------|-------|-------|-------|-------|--------|-----------
         Aggregated                                                                     21815     0(0.00%) |    115       6    1142     95 |  236.10        0.00

Type     Name                                                                          # reqs      # fails |    Avg     Min     Max    Med |   req/s  failures/s
--------|----------------------------------------------------------------------------|-------|-------------|-------|-------|-------|-------|--------|-----------
GET      /                                                                                626     0(0.00%) |    209      12     741    210 |    7.50        0.00
GET      /cart                                                                           2955     0(0.00%) |    110       6     969     95 |   31.30        0.00
POST     /cart [add]                                                                     3910     0(0.00%) |    143      10    1142    130 |   45.30        0.00
POST     /cart/checkout                                                                  1419     0(0.00%) |    112      12     898    100 |   18.20        0.00
GET      /product/[id]                                                                  11118     0(0.00%) |     84       6    1140     72 |  112.90        0.00
POST     /setCurrency                                                                    2275     0(0.00%) |    203      13    1068    200 |   23.40        0.00
--------|----------------------------------------------------------------------------|-------|-------------|-------|-------|-------|-------|--------|-----------
         Aggregated                                                                     22303     0(0.00%) |    115       6    1142     95 |  238.60        0.00

Type     Name                                                                          # reqs      # fails |    Avg     Min     Max    Med |   req/s  failures/s
--------|----------------------------------------------------------------------------|-------|-------------|-------|-------|-------|-------|--------|-----------
GET      /                                                                                644     0(0.00%) |    211      12     935    210 |    6.60        0.00
GET      /cart                                                                           3016     0(0.00%) |    110       6     969     95 |   31.50        0.00
POST     /cart [add]                                                                     4003     0(0.00%) |    144      10    1142    130 |   45.40        0.00
POST     /cart/checkout                                                                  1448     0(0.00%) |    113      12     898    100 |   17.30        0.00
GET      /product/[id]                                                                  11342     0(0.00%) |     84       6    1140     73 |  112.00        0.00
POST     /setCurrency                                                                    2328     0(0.00%) |    203      13    1068    200 |   24.50        0.00
--------|----------------------------------------------------------------------------|-------|-------------|-------|-------|-------|-------|--------|-----------
         Aggregated                                                                     22781     0(0.00%) |    116       6    1142     96 |  237.30        0.00

Type     Name                                                                          # reqs      # fails |    Avg     Min     Max    Med |   req/s  failures/s
--------|----------------------------------------------------------------------------|-------|-------------|-------|-------|-------|-------|--------|-----------
GET      /                                                                                659     0(0.00%) |    213      12     935    210 |    7.10        0.00
GET      /cart                                                                           3069     0(0.00%) |    111       6     969     96 |   32.60        0.00
POST     /cart [add]                                                                     4086     0(0.00%) |    144      10    1142    130 |   45.50        0.00
POST     /cart/checkout                                                                  1477     0(0.00%) |    113      12     898    100 |   17.10        0.00
GET      /product/[id]                                                                  11581     0(0.00%) |     84       6    1140     73 |  114.20        0.00
POST     /setCurrency                                                                    2379     0(0.00%) |    204      13    1068    210 |   24.60        0.00
--------|----------------------------------------------------------------------------|-------|-------------|-------|-------|-------|-------|--------|-----------
         Aggregated                                                                     23251     0(0.00%) |    116       6    1142     96 |  241.10        0.00

Type     Name                                                                          # reqs      # fails |    Avg     Min     Max    Med |   req/s  failures/s
--------|----------------------------------------------------------------------------|-------|-------------|-------|-------|-------|-------|--------|-----------
GET      /                                                                                678     0(0.00%) |    213      12     935    210 |    7.20        0.00
GET      /cart                                                                           3130     0(0.00%) |    111       6     969     96 |   31.20        0.00
POST     /cart [add]                                                                     4181     0(0.00%) |    144      10    1142    130 |   44.70        0.00
POST     /cart/checkout                                                                  1524     0(0.00%) |    113      12     898    100 |   15.90        0.00
GET      /product/[id]                                                                  11819     0(0.00%) |     85       6    1140     74 |  114.40        0.00
POST     /setCurrency                                                                    2421     0(0.00%) |    204      13    1068    210 |   25.50        0.00
--------|----------------------------------------------------------------------------|-------|-------------|-------|-------|-------|-------|--------|-----------
         Aggregated                                                                     23753     0(0.00%) |    116       6    1142     97 |  238.90        0.00

Type     Name                                                                          # reqs      # fails |    Avg     Min     Max    Med |   req/s  failures/s
--------|----------------------------------------------------------------------------|-------|-------------|-------|-------|-------|-------|--------|-----------
GET      /                                                                                691     0(0.00%) |    213      12     935    210 |    5.76        0.00
GET      /cart                                                                           3187     0(0.00%) |    111       6     969     96 |   26.57        0.00
POST     /cart [add]                                                                     4264     0(0.00%) |    144      10    1142    130 |   35.55        0.00
POST     /cart/checkout                                                                  1560     0(0.00%) |    113      12     898    100 |   13.01        0.00
GET      /product/[id]                                                                  12043     0(0.00%) |     85       6    1140     74 |  100.41        0.00
POST     /setCurrency                                                                    2468     0(0.00%) |    205      13    1068    210 |   20.58        0.00
--------|----------------------------------------------------------------------------|-------|-------------|-------|-------|-------|-------|--------|-----------
         Aggregated                                                                     24213     0(0.00%) |    116       6    1142     97 |  201.87        0.00

Response time percentiles (approximated)
Type     Name                                                                                  50%    66%    75%    80%    90%    95%    98%    99%  99.9% 99.99%   100% # reqs
--------|--------------------------------------------------------------------------------|--------|------|------|------|------|------|------|------|------|------|------|------
GET      /                                                                                     210    260    290    310    360    420    480    530    940    940    940    691
GET      /cart                                                                                  96    130    160    170    220    270    350    430    910    970    970   3187
POST     /cart [add]                                                                           130    170    200    220    270    320    430    610   1000   1100   1100   4264
POST     /cart/checkout                                                                        100    120    150    160    200    220    290    500    890    900    900   1560
GET      /product/[id]                                                                          74    100    120    130    160    180    250    390    880   1100   1100  12043
POST     /setCurrency                                                                          210    260    290    310    360    400    470    560   1000   1100   1100   2468
--------|--------------------------------------------------------------------------------|--------|------|------|------|------|------|------|------|------|------|------|------
         Aggregated                                                                             97    130    160    180    240    300    390    490    910   1100   1100  24213

