/Users/martinho/Library/Python/3.9/lib/python/site-packages/urllib3/__init__.py:35: NotOpenSSLWarning: urllib3 v2 only supports OpenSSL 1.1.1+, currently the 'ssl' module is compiled with 'LibreSSL 2.8.3'. See: https://github.com/urllib3/urllib3/issues/3020
  warnings.warn(
[2026-05-05 16:25:17,754] MacBook-Air-de-Nuno/WARNING/locust.main: Python 3.9 support is deprecated and will be removed soon
Type     Name                                                                          # reqs      # fails |    Avg     Min     Max    Med |   req/s  failures/s
--------|----------------------------------------------------------------------------|-------|-------------|-------|-------|-------|-------|--------|-----------
--------|----------------------------------------------------------------------------|-------|-------------|-------|-------|-------|-------|--------|-----------
         Aggregated                                                                         0     0(0.00%) |      0       0       0      0 |    0.00        0.00

Type     Name                                                                          # reqs      # fails |    Avg     Min     Max    Med |   req/s  failures/s
--------|----------------------------------------------------------------------------|-------|-------------|-------|-------|-------|-------|--------|-----------
GET      /cart                                                                              2     0(0.00%) |     12      12      13     12 |    0.00        0.00
POST     /cart [add]                                                                        9     0(0.00%) |     21      12      35     17 |    0.00        0.00
POST     /cart/checkout                                                                     4     0(0.00%) |     17      14      22     14 |    0.00        0.00
GET      /product/[id]                                                                      9     0(0.00%) |     28      14      65     28 |    0.00        0.00
POST     /setCurrency                                                                       4     0(0.00%) |     23      20      28     23 |    0.00        0.00
--------|----------------------------------------------------------------------------|-------|-------------|-------|-------|-------|-------|--------|-----------
         Aggregated                                                                        28     0(0.00%) |     22      12      65     20 |    0.00        0.00

Type     Name                                                                          # reqs      # fails |    Avg     Min     Max    Med |   req/s  failures/s
--------|----------------------------------------------------------------------------|-------|-------------|-------|-------|-------|-------|--------|-----------
GET      /cart                                                                              5     0(0.00%) |     12       8      14     13 |    0.50        0.00
POST     /cart [add]                                                                       17     0(0.00%) |     18      12      35     16 |    2.50        0.00
POST     /cart/checkout                                                                     7     0(0.00%) |     16      12      22     15 |    1.50        0.00
GET      /product/[id]                                                                     45     0(0.00%) |     17      10      65     14 |    3.50        0.00
POST     /setCurrency                                                                       6     0(0.00%) |     27      20      47     23 |    0.00        0.00
--------|----------------------------------------------------------------------------|-------|-------------|-------|-------|-------|-------|--------|-----------
         Aggregated                                                                        80     0(0.00%) |     17       8      65     15 |    8.00        0.00

Type     Name                                                                          # reqs      # fails |    Avg     Min     Max    Med |   req/s  failures/s
--------|----------------------------------------------------------------------------|-------|-------------|-------|-------|-------|-------|--------|-----------
GET      /                                                                                  1     0(0.00%) |     18      18      18     18 |    0.00        0.00
GET      /cart                                                                             18     0(0.00%) |     11       8      14     12 |    0.75        0.00
POST     /cart [add]                                                                       37     0(0.00%) |     17      11      35     16 |    3.75        0.00
POST     /cart/checkout                                                                    17     0(0.00%) |     15      12      22     15 |    1.75        0.00
GET      /product/[id]                                                                     81     0(0.00%) |     14       8      65     12 |    7.00        0.00
POST     /setCurrency                                                                      15     0(0.00%) |     22      15      47     21 |    1.50        0.00
--------|----------------------------------------------------------------------------|-------|-------------|-------|-------|-------|-------|--------|-----------
         Aggregated                                                                       169     0(0.00%) |     15       8      65     14 |   14.75        0.00

Type     Name                                                                          # reqs      # fails |    Avg     Min     Max    Med |   req/s  failures/s
--------|----------------------------------------------------------------------------|-------|-------------|-------|-------|-------|-------|--------|-----------
GET      /                                                                                  1     0(0.00%) |     18      18      18     18 |    0.00        0.00
GET      /cart                                                                             33     0(0.00%) |     10       8      14     11 |    2.17        0.00
POST     /cart [add]                                                                       58     0(0.00%) |     16      11      35     16 |    4.50        0.00
POST     /cart/checkout                                                                    24     0(0.00%) |     15      12      22     15 |    2.00        0.00
GET      /product/[id]                                                                    140     0(0.00%) |     12       8      65     11 |   11.50        0.00
POST     /setCurrency                                                                      27     0(0.00%) |     20      15      47     19 |    2.00        0.00
--------|----------------------------------------------------------------------------|-------|-------------|-------|-------|-------|-------|--------|-----------
         Aggregated                                                                       283     0(0.00%) |     14       8      65     13 |   22.17        0.00

Type     Name                                                                          # reqs      # fails |    Avg     Min     Max    Med |   req/s  failures/s
--------|----------------------------------------------------------------------------|-------|-------------|-------|-------|-------|-------|--------|-----------
GET      /                                                                                  4     0(0.00%) |     18      17      20     18 |    0.12        0.00
GET      /cart                                                                             52     0(0.00%) |     10       7      14     10 |    3.38        0.00
POST     /cart [add]                                                                       84     0(0.00%) |     15      10      35     15 |    6.62        0.00
POST     /cart/checkout                                                                    38     0(0.00%) |     15      12      22     15 |    2.75        0.00
GET      /product/[id]                                                                    209     0(0.00%) |     12       7      65     11 |   14.00        0.00
POST     /setCurrency                                                                      38     0(0.00%) |     21      15      62     19 |    2.88        0.00
--------|----------------------------------------------------------------------------|-------|-------------|-------|-------|-------|-------|--------|-----------
         Aggregated                                                                       425     0(0.00%) |     14       7      65     13 |   29.75        0.00

Type     Name                                                                          # reqs      # fails |    Avg     Min     Max    Med |   req/s  failures/s
--------|----------------------------------------------------------------------------|-------|-------------|-------|-------|-------|-------|--------|-----------
GET      /                                                                                  5     0(0.00%) |     17      15      20     18 |    0.30        0.00
GET      /cart                                                                             78     0(0.00%) |     10       7      15     10 |    4.40        0.00
POST     /cart [add]                                                                      109     0(0.00%) |     15      10      35     15 |    7.40        0.00
POST     /cart/checkout                                                                    49     0(0.00%) |     15      12      22     15 |    3.30        0.00
GET      /product/[id]                                                                    301     0(0.00%) |     12       7      65     11 |   17.40        0.00
POST     /setCurrency                                                                      59     0(0.00%) |     21      14      62     19 |    3.60        0.00
--------|----------------------------------------------------------------------------|-------|-------------|-------|-------|-------|-------|--------|-----------
         Aggregated                                                                       601     0(0.00%) |     13       7      65     13 |   36.40        0.00

Type     Name                                                                          # reqs      # fails |    Avg     Min     Max    Med |   req/s  failures/s
--------|----------------------------------------------------------------------------|-------|-------------|-------|-------|-------|-------|--------|-----------
GET      /                                                                                 10     0(0.00%) |     17      14      20     17 |    0.40        0.00
GET      /cart                                                                            101     0(0.00%) |     10       7      15     10 |    6.80        0.00
POST     /cart [add]                                                                      144     0(0.00%) |     15      10      35     15 |    9.40        0.00
POST     /cart/checkout                                                                    63     0(0.00%) |     15      12      22     15 |    4.20        0.00
GET      /product/[id]                                                                    400     0(0.00%) |     11       7      65     11 |   25.40        0.00
POST     /setCurrency                                                                      70     0(0.00%) |     20      14      62     19 |    5.40        0.00
--------|----------------------------------------------------------------------------|-------|-------------|-------|-------|-------|-------|--------|-----------
         Aggregated                                                                       788     0(0.00%) |     13       7      65     12 |   51.60        0.00

Type     Name                                                                          # reqs      # fails |    Avg     Min     Max    Med |   req/s  failures/s
--------|----------------------------------------------------------------------------|-------|-------------|-------|-------|-------|-------|--------|-----------
GET      /                                                                                 13     0(0.00%) |     17      14      21     18 |    1.00        0.00
GET      /cart                                                                            126     0(0.00%) |     10       7      15     10 |    9.20        0.00
POST     /cart [add]                                                                      178     0(0.00%) |     15      10      35     15 |   10.90        0.00
POST     /cart/checkout                                                                    79     0(0.00%) |     15      12      22     15 |    4.90        0.00
GET      /product/[id]                                                                    500     0(0.00%) |     11       7      65     11 |   33.60        0.00
POST     /setCurrency                                                                      87     0(0.00%) |     20      14      62     19 |    5.90        0.00
--------|----------------------------------------------------------------------------|-------|-------------|-------|-------|-------|-------|--------|-----------
         Aggregated                                                                       983     0(0.00%) |     13       7      65     12 |   65.50        0.00

Type     Name                                                                          # reqs      # fails |    Avg     Min     Max    Med |   req/s  failures/s
--------|----------------------------------------------------------------------------|-------|-------------|-------|-------|-------|-------|--------|-----------
GET      /                                                                                 16     0(0.00%) |     17      14      21     17 |    1.30        0.00
GET      /cart                                                                            155     0(0.00%) |     10       7      19     10 |   10.60        0.00
POST     /cart [add]                                                                      213     0(0.00%) |     15      10      35     15 |   13.70        0.00
POST     /cart/checkout                                                                    93     0(0.00%) |     15      11      50     15 |    6.10        0.00
GET      /product/[id]                                                                    585     0(0.00%) |     11       7      65     11 |   38.80        0.00
POST     /setCurrency                                                                     108     0(0.00%) |     20      14      62     19 |    6.90        0.00
--------|----------------------------------------------------------------------------|-------|-------------|-------|-------|-------|-------|--------|-----------
         Aggregated                                                                      1170     0(0.00%) |     13       7      65     12 |   77.40        0.00

Type     Name                                                                          # reqs      # fails |    Avg     Min     Max    Med |   req/s  failures/s
--------|----------------------------------------------------------------------------|-------|-------------|-------|-------|-------|-------|--------|-----------
GET      /                                                                                 21     0(0.00%) |     17      14      22     18 |    1.40        0.00
GET      /cart                                                                            180     0(0.00%) |     11       7      54     11 |   11.80        0.00
POST     /cart [add]                                                                      246     0(0.00%) |     15      10      35     15 |   14.30        0.00
POST     /cart/checkout                                                                   107     0(0.00%) |     15      11      50     15 |    6.50        0.00
GET      /product/[id]                                                                    670     0(0.00%) |     11       7      96     11 |   44.00        0.00
POST     /setCurrency                                                                     134     0(0.00%) |     20      14      62     18 |    7.60        0.00
--------|----------------------------------------------------------------------------|-------|-------------|-------|-------|-------|-------|--------|-----------
         Aggregated                                                                      1358     0(0.00%) |     13       7      96     12 |   85.60        0.00

Type     Name                                                                          # reqs      # fails |    Avg     Min     Max    Med |   req/s  failures/s
--------|----------------------------------------------------------------------------|-------|-------------|-------|-------|-------|-------|--------|-----------
GET      /                                                                                 24     0(0.00%) |     17      13      22     17 |    1.70        0.00
GET      /cart                                                                            216     0(0.00%) |     10       7      54     10 |   12.70        0.00
POST     /cart [add]                                                                      277     0(0.00%) |     15      10      73     15 |   15.80        0.00
POST     /cart/checkout                                                                   120     0(0.00%) |     15      11      50     15 |    6.80        0.00
GET      /product/[id]                                                                    761     0(0.00%) |     11       7      96     11 |   46.00        0.00
POST     /setCurrency                                                                     157     0(0.00%) |     20      14      62     19 |    8.90        0.00
--------|----------------------------------------------------------------------------|-------|-------------|-------|-------|-------|-------|--------|-----------
         Aggregated                                                                      1555     0(0.00%) |     13       7      96     12 |   91.90        0.00

Type     Name                                                                          # reqs      # fails |    Avg     Min     Max    Med |   req/s  failures/s
--------|----------------------------------------------------------------------------|-------|-------------|-------|-------|-------|-------|--------|-----------
GET      /                                                                                 31     0(0.00%) |     17      13      22     17 |    1.70        0.00
GET      /cart                                                                            252     0(0.00%) |     10       7      54     10 |   13.50        0.00
POST     /cart [add]                                                                      304     0(0.00%) |     15      10      73     15 |   16.60        0.00
POST     /cart/checkout                                                                   129     0(0.00%) |     15      11      50     15 |    6.80        0.00
GET      /product/[id]                                                                    853     0(0.00%) |     11       7      96     11 |   46.50        0.00
POST     /setCurrency                                                                     174     0(0.00%) |     20      14      62     19 |    9.10        0.00
--------|----------------------------------------------------------------------------|-------|-------------|-------|-------|-------|-------|--------|-----------
         Aggregated                                                                      1743     0(0.00%) |     13       7      96     12 |   94.20        0.00

Type     Name                                                                          # reqs      # fails |    Avg     Min     Max    Med |   req/s  failures/s
--------|----------------------------------------------------------------------------|-------|-------------|-------|-------|-------|-------|--------|-----------
GET      /                                                                                 36     0(0.00%) |     17      13      22     17 |    1.90        0.00
GET      /cart                                                                            275     0(0.00%) |     10       7      54     10 |   14.50        0.00
POST     /cart [add]                                                                      329     0(0.00%) |     15      10      73     15 |   16.50        0.00
POST     /cart/checkout                                                                   138     0(0.00%) |     15      10      50     15 |    6.60        0.00
GET      /product/[id]                                                                    953     0(0.00%) |     11       7      96     11 |   45.70        0.00
POST     /setCurrency                                                                     191     0(0.00%) |     20      14      62     19 |    9.80        0.00
--------|----------------------------------------------------------------------------|-------|-------------|-------|-------|-------|-------|--------|-----------
         Aggregated                                                                      1922     0(0.00%) |     13       7      96     12 |   95.00        0.00

Type     Name                                                                          # reqs      # fails |    Avg     Min     Max    Med |   req/s  failures/s
--------|----------------------------------------------------------------------------|-------|-------------|-------|-------|-------|-------|--------|-----------
GET      /                                                                                 40     0(0.00%) |     17      13      22     17 |    2.20        0.00
GET      /cart                                                                            295     0(0.00%) |     10       7      54     10 |   14.40        0.00
POST     /cart [add]                                                                      362     0(0.00%) |     15      10      73     15 |   15.70        0.00
POST     /cart/checkout                                                                   150     0(0.00%) |     15      10      50     15 |    6.20        0.00
GET      /product/[id]                                                                   1052     0(0.00%) |     11       7      96     11 |   45.70        0.00
POST     /setCurrency                                                                     209     0(0.00%) |     20      14      62     19 |   10.30        0.00
--------|----------------------------------------------------------------------------|-------|-------------|-------|-------|-------|-------|--------|-----------
         Aggregated                                                                      2108     0(0.00%) |     13       7      96     12 |   94.50        0.00

Type     Name                                                                          # reqs      # fails |    Avg     Min     Max    Med |   req/s  failures/s
--------|----------------------------------------------------------------------------|-------|-------------|-------|-------|-------|-------|--------|-----------
GET      /                                                                                 46     0(0.00%) |     17      13      22     17 |    2.30        0.00
GET      /cart                                                                            325     0(0.00%) |     10       6      54     10 |   14.00        0.00
POST     /cart [add]                                                                      395     0(0.00%) |     15      10      73     15 |   15.00        0.00
POST     /cart/checkout                                                                   164     0(0.00%) |     15      10      50     15 |    5.60        0.00
GET      /product/[id]                                                                   1130     0(0.00%) |     11       7      96     11 |   46.00        0.00
POST     /setCurrency                                                                     237     0(0.00%) |     20      14      62     19 |   10.70        0.00
--------|----------------------------------------------------------------------------|-------|-------------|-------|-------|-------|-------|--------|-----------
         Aggregated                                                                      2297     0(0.00%) |     13       6      96     12 |   93.60        0.00

Type     Name                                                                          # reqs      # fails |    Avg     Min     Max    Med |   req/s  failures/s
--------|----------------------------------------------------------------------------|-------|-------------|-------|-------|-------|-------|--------|-----------
GET      /                                                                                 52     0(0.00%) |     17      13      22     17 |    2.30        0.00
GET      /cart                                                                            356     0(0.00%) |     10       6      54     11 |   14.20        0.00
POST     /cart [add]                                                                      436     0(0.00%) |     15      10      73     15 |   15.20        0.00
POST     /cart/checkout                                                                   179     0(0.00%) |     15      10      50     15 |    5.90        0.00
GET      /product/[id]                                                                   1223     0(0.00%) |     11       7      96     11 |   46.20        0.00
POST     /setCurrency                                                                     249     0(0.00%) |     19      14      62     19 |   10.30        0.00
--------|----------------------------------------------------------------------------|-------|-------------|-------|-------|-------|-------|--------|-----------
         Aggregated                                                                      2495     0(0.00%) |     13       6      96     12 |   94.10        0.00

Type     Name                                                                          # reqs      # fails |    Avg     Min     Max    Med |   req/s  failures/s
--------|----------------------------------------------------------------------------|-------|-------------|-------|-------|-------|-------|--------|-----------
GET      /                                                                                 55     0(0.00%) |     18      13      52     17 |    2.90        0.00
GET      /cart                                                                            376     0(0.00%) |     10       6      54     10 |   13.80        0.00
POST     /cart [add]                                                                      468     0(0.00%) |     15      10      73     15 |   15.60        0.00
POST     /cart/checkout                                                                   192     0(0.00%) |     16      10      50     15 |    6.20        0.00
GET      /product/[id]                                                                   1311     0(0.00%) |     11       7      96     11 |   45.70        0.00
POST     /setCurrency                                                                     278     0(0.00%) |     19      14      62     19 |   10.30        0.00
--------|----------------------------------------------------------------------------|-------|-------------|-------|-------|-------|-------|--------|-----------
         Aggregated                                                                      2680     0(0.00%) |     13       6      96     12 |   94.50        0.00

Type     Name                                                                          # reqs      # fails |    Avg     Min     Max    Med |   req/s  failures/s
--------|----------------------------------------------------------------------------|-------|-------------|-------|-------|-------|-------|--------|-----------
GET      /                                                                                 61     0(0.00%) |     18      13      52     17 |    2.60        0.00
GET      /cart                                                                            400     0(0.00%) |     11       6      94     10 |   12.60        0.00
POST     /cart [add]                                                                      500     0(0.00%) |     15      10      92     15 |   16.70        0.00
POST     /cart/checkout                                                                   206     0(0.00%) |     16      10      83     15 |    6.60        0.00
GET      /product/[id]                                                                   1408     0(0.00%) |     11       7     109     11 |   45.30        0.00
POST     /setCurrency                                                                     298     0(0.00%) |     19      14      62     19 |   10.70        0.00
--------|----------------------------------------------------------------------------|-------|-------------|-------|-------|-------|-------|--------|-----------
         Aggregated                                                                      2873     0(0.00%) |     13       6     109     12 |   94.50        0.00

Type     Name                                                                          # reqs      # fails |    Avg     Min     Max    Med |   req/s  failures/s
--------|----------------------------------------------------------------------------|-------|-------------|-------|-------|-------|-------|--------|-----------
GET      /                                                                                 62     0(0.00%) |     18      13      52     17 |    2.40        0.00
GET      /cart                                                                            428     0(0.00%) |     11       6      94     10 |   12.40        0.00
POST     /cart [add]                                                                      531     0(0.00%) |     15      10      92     15 |   16.70        0.00
POST     /cart/checkout                                                                   215     0(0.00%) |     16      10      83     15 |    6.60        0.00
GET      /product/[id]                                                                   1508     0(0.00%) |     11       7     109     11 |   46.00        0.00
POST     /setCurrency                                                                     311     0(0.00%) |     19      14      62     19 |   10.70        0.00
--------|----------------------------------------------------------------------------|-------|-------------|-------|-------|-------|-------|--------|-----------
         Aggregated                                                                      3055     0(0.00%) |     13       6     109     12 |   94.80        0.00

Type     Name                                                                          # reqs      # fails |    Avg     Min     Max    Med |   req/s  failures/s
--------|----------------------------------------------------------------------------|-------|-------------|-------|-------|-------|-------|--------|-----------
GET      /                                                                                 66     0(0.00%) |     18      13      52     17 |    2.30        0.00
GET      /cart                                                                            452     0(0.00%) |     11       6      94     11 |   13.30        0.00
POST     /cart [add]                                                                      562     0(0.00%) |     15      10      92     15 |   17.30        0.00
POST     /cart/checkout                                                                   230     0(0.00%) |     16      10      83     15 |    6.90        0.00
GET      /product/[id]                                                                   1597     0(0.00%) |     12       7     109     11 |   45.20        0.00
POST     /setCurrency                                                                     333     0(0.00%) |     19      14      62     19 |   10.20        0.00
--------|----------------------------------------------------------------------------|-------|-------------|-------|-------|-------|-------|--------|-----------
         Aggregated                                                                      3240     0(0.00%) |     13       6     109     12 |   95.20        0.00

Type     Name                                                                          # reqs      # fails |    Avg     Min     Max    Med |   req/s  failures/s
--------|----------------------------------------------------------------------------|-------|-------------|-------|-------|-------|-------|--------|-----------
GET      /                                                                                 70     0(0.00%) |     18      13      52     17 |    2.30        0.00
GET      /cart                                                                            479     0(0.00%) |     11       6      94     11 |   12.70        0.00
POST     /cart [add]                                                                      598     0(0.00%) |     15      10      92     15 |   16.90        0.00
POST     /cart/checkout                                                                   240     0(0.00%) |     16      10      83     15 |    6.70        0.00
GET      /product/[id]                                                                   1678     0(0.00%) |     11       7     109     11 |   46.50        0.00
POST     /setCurrency                                                                     356     0(0.00%) |     19      14      65     19 |    9.60        0.00
--------|----------------------------------------------------------------------------|-------|-------------|-------|-------|-------|-------|--------|-----------
         Aggregated                                                                      3421     0(0.00%) |     13       6     109     12 |   94.70        0.00

Type     Name                                                                          # reqs      # fails |    Avg     Min     Max    Med |   req/s  failures/s
--------|----------------------------------------------------------------------------|-------|-------------|-------|-------|-------|-------|--------|-----------
GET      /                                                                                 74     0(0.00%) |     19      13      94     17 |    1.80        0.00
GET      /cart                                                                            498     0(0.00%) |     11       6      94     11 |   12.70        0.00
POST     /cart [add]                                                                      631     0(0.00%) |     15      10      92     15 |   16.70        0.00
POST     /cart/checkout                                                                   257     0(0.00%) |     16      10      83     15 |    6.10        0.00
GET      /product/[id]                                                                   1775     0(0.00%) |     12       7     109     11 |   46.20        0.00
POST     /setCurrency                                                                     377     0(0.00%) |     19      14      65     18 |    9.70        0.00
--------|----------------------------------------------------------------------------|-------|-------------|-------|-------|-------|-------|--------|-----------
         Aggregated                                                                      3612     0(0.00%) |     13       6     109     12 |   93.20        0.00

Type     Name                                                                          # reqs      # fails |    Avg     Min     Max    Med |   req/s  failures/s
--------|----------------------------------------------------------------------------|-------|-------------|-------|-------|-------|-------|--------|-----------
GET      /                                                                                 77     0(0.00%) |     18      13      94     17 |    1.70        0.00
GET      /cart                                                                            527     0(0.00%) |     11       6      94     11 |   12.60        0.00
POST     /cart [add]                                                                      671     0(0.00%) |     15      10      92     15 |   16.00        0.00
POST     /cart/checkout                                                                   270     0(0.00%) |     16      10      83     15 |    6.30        0.00
GET      /product/[id]                                                                   1863     0(0.00%) |     11       7     109     11 |   46.50        0.00
POST     /setCurrency                                                                     391     0(0.00%) |     19      14      65     18 |    9.50        0.00
--------|----------------------------------------------------------------------------|-------|-------------|-------|-------|-------|-------|--------|-----------
         Aggregated                                                                      3799     0(0.00%) |     13       6     109     12 |   92.60        0.00

Type     Name                                                                          # reqs      # fails |    Avg     Min     Max    Med |   req/s  failures/s
--------|----------------------------------------------------------------------------|-------|-------------|-------|-------|-------|-------|--------|-----------
GET      /                                                                                 79     0(0.00%) |     18      13      94     17 |    1.70        0.00
GET      /cart                                                                            553     0(0.00%) |     11       6      94     11 |   13.20        0.00
POST     /cart [add]                                                                      705     0(0.00%) |     15      10      92     15 |   17.00        0.00
POST     /cart/checkout                                                                   281     0(0.00%) |     16      10      83     15 |    6.40        0.00
GET      /product/[id]                                                                   1966     0(0.00%) |     11       7     109     11 |   44.80        0.00
POST     /setCurrency                                                                     408     0(0.00%) |     19      14      65     18 |    9.40        0.00
--------|----------------------------------------------------------------------------|-------|-------------|-------|-------|-------|-------|--------|-----------
         Aggregated                                                                      3992     0(0.00%) |     13       6     109     12 |   92.50        0.00

Type     Name                                                                          # reqs      # fails |    Avg     Min     Max    Med |   req/s  failures/s
--------|----------------------------------------------------------------------------|-------|-------------|-------|-------|-------|-------|--------|-----------
GET      /                                                                                 80     0(0.00%) |     18      13      94     17 |    1.60        0.00
GET      /cart                                                                            578     0(0.00%) |     11       6      94     11 |   12.30        0.00
POST     /cart [add]                                                                      740     0(0.00%) |     15      10      92     15 |   16.70        0.00
POST     /cart/checkout                                                                   296     0(0.00%) |     16      10      83     15 |    6.00        0.00
GET      /product/[id]                                                                   2059     0(0.00%) |     11       7     109     11 |   46.50        0.00
POST     /setCurrency                                                                     424     0(0.00%) |     19      13      65     18 |    9.60        0.00
--------|----------------------------------------------------------------------------|-------|-------------|-------|-------|-------|-------|--------|-----------
         Aggregated                                                                      4177     0(0.00%) |     13       6     109     12 |   92.70        0.00

Type     Name                                                                          # reqs      # fails |    Avg     Min     Max    Med |   req/s  failures/s
--------|----------------------------------------------------------------------------|-------|-------------|-------|-------|-------|-------|--------|-----------
GET      /                                                                                 84     0(0.00%) |     18      13      94     17 |    1.30        0.00
GET      /cart                                                                            615     0(0.00%) |     11       6      94     11 |   12.90        0.00
POST     /cart [add]                                                                      761     0(0.00%) |     15      10      92     15 |   17.40        0.00
POST     /cart/checkout                                                                   302     0(0.00%) |     16      10      83     15 |    6.20        0.00
GET      /product/[id]                                                                   2164     0(0.00%) |     11       7     109     10 |   46.20        0.00
POST     /setCurrency                                                                     442     0(0.00%) |     19      13      65     18 |    9.10        0.00
--------|----------------------------------------------------------------------------|-------|-------------|-------|-------|-------|-------|--------|-----------
         Aggregated                                                                      4368     0(0.00%) |     13       6     109     12 |   93.10        0.00

Type     Name                                                                          # reqs      # fails |    Avg     Min     Max    Med |   req/s  failures/s
--------|----------------------------------------------------------------------------|-------|-------------|-------|-------|-------|-------|--------|-----------
GET      /                                                                                 87     0(0.00%) |     18      13      94     17 |    1.40        0.00
GET      /cart                                                                            644     0(0.00%) |     11       6      94     10 |   12.90        0.00
POST     /cart [add]                                                                      792     0(0.00%) |     15      10      92     15 |   16.50        0.00
POST     /cart/checkout                                                                   314     0(0.00%) |     16      10      83     15 |    6.30        0.00
GET      /product/[id]                                                                   2257     0(0.00%) |     11       7     109     10 |   47.90        0.00
POST     /setCurrency                                                                     459     0(0.00%) |     19      13      65     18 |    9.00        0.00
--------|----------------------------------------------------------------------------|-------|-------------|-------|-------|-------|-------|--------|-----------
         Aggregated                                                                      4553     0(0.00%) |     13       6     109     12 |   94.00        0.00

Type     Name                                                                          # reqs      # fails |    Avg     Min     Max    Med |   req/s  failures/s
--------|----------------------------------------------------------------------------|-------|-------------|-------|-------|-------|-------|--------|-----------
GET      /                                                                                 93     0(0.00%) |     18      13      94     17 |    1.40        0.00
GET      /cart                                                                            659     0(0.00%) |     11       6      94     10 |   14.40        0.00
POST     /cart [add]                                                                      833     0(0.00%) |     15      10      92     15 |   16.80        0.00
POST     /cart/checkout                                                                   333     0(0.00%) |     16      10      83     15 |    5.90        0.00
GET      /product/[id]                                                                   2350     0(0.00%) |     11       7     109     10 |   47.50        0.00
POST     /setCurrency                                                                     480     0(0.00%) |     19      13      65     18 |    8.70        0.00
--------|----------------------------------------------------------------------------|-------|-------------|-------|-------|-------|-------|--------|-----------
         Aggregated                                                                      4748     0(0.00%) |     13       6     109     12 |   94.70        0.00

Type     Name                                                                          # reqs      # fails |    Avg     Min     Max    Med |   req/s  failures/s
--------|----------------------------------------------------------------------------|-------|-------------|-------|-------|-------|-------|--------|-----------
GET      /                                                                                 96     0(0.00%) |     18      13      94     17 |    1.50        0.00
GET      /cart                                                                            684     0(0.00%) |     11       6      94     10 |   13.60        0.00
POST     /cart [add]                                                                      873     0(0.00%) |     15      10      92     15 |   14.90        0.00
POST     /cart/checkout                                                                   345     0(0.00%) |     16      10      83     15 |    5.80        0.00
GET      /product/[id]                                                                   2439     0(0.00%) |     11       7     109     10 |   49.50        0.00
POST     /setCurrency                                                                     498     0(0.00%) |     19      13      65     18 |    8.90        0.00
--------|----------------------------------------------------------------------------|-------|-------------|-------|-------|-------|-------|--------|-----------
         Aggregated                                                                      4935     0(0.00%) |     13       6     109     12 |   94.20        0.00

Type     Name                                                                          # reqs      # fails |    Avg     Min     Max    Med |   req/s  failures/s
--------|----------------------------------------------------------------------------|-------|-------------|-------|-------|-------|-------|--------|-----------
GET      /                                                                                 99     0(0.00%) |     18      13      94     17 |    1.80        0.00
GET      /cart                                                                            718     0(0.00%) |     11       6      94     10 |   13.30        0.00
POST     /cart [add]                                                                      911     0(0.00%) |     15      10      92     15 |   17.40        0.00
POST     /cart/checkout                                                                   363     0(0.00%) |     16      10      83     15 |    6.80        0.00
GET      /product/[id]                                                                   2521     0(0.00%) |     11       7     109     10 |   47.70        0.00
POST     /setCurrency                                                                     519     0(0.00%) |     19      13      72     18 |    8.30        0.00
--------|----------------------------------------------------------------------------|-------|-------------|-------|-------|-------|-------|--------|-----------
         Aggregated                                                                      5131     0(0.00%) |     13       6     109     12 |   95.30        0.00

Type     Name                                                                          # reqs      # fails |    Avg     Min     Max    Med |   req/s  failures/s
--------|----------------------------------------------------------------------------|-------|-------------|-------|-------|-------|-------|--------|-----------
GET      /                                                                                104     0(0.00%) |     18      13      94     17 |    1.90        0.00
GET      /cart                                                                            746     0(0.00%) |     11       6      94     11 |   13.70        0.00
POST     /cart [add]                                                                      952     0(0.00%) |     15      10      92     15 |   16.60        0.00
POST     /cart/checkout                                                                   378     0(0.00%) |     16      10      83     15 |    6.40        0.00
GET      /product/[id]                                                                   2606     0(0.00%) |     11       7     109     10 |   46.60        0.00
POST     /setCurrency                                                                     534     0(0.00%) |     19      13      72     18 |    9.50        0.00
--------|----------------------------------------------------------------------------|-------|-------------|-------|-------|-------|-------|--------|-----------
         Aggregated                                                                      5320     0(0.00%) |     13       6     109     12 |   94.70        0.00

Type     Name                                                                          # reqs      # fails |    Avg     Min     Max    Med |   req/s  failures/s
--------|----------------------------------------------------------------------------|-------|-------------|-------|-------|-------|-------|--------|-----------
GET      /                                                                                105     0(0.00%) |     18      13      94     17 |    2.00        0.00
GET      /cart                                                                            766     0(0.00%) |     11       6      94     11 |   13.30        0.00
POST     /cart [add]                                                                      990     0(0.00%) |     15      10      92     15 |   18.30        0.00
POST     /cart/checkout                                                                   391     0(0.00%) |     16      10      83     15 |    7.40        0.00
GET      /product/[id]                                                                   2699     0(0.00%) |     11       7     109     10 |   44.60        0.00
POST     /setCurrency                                                                     553     0(0.00%) |     19      13      72     18 |    9.30        0.00
--------|----------------------------------------------------------------------------|-------|-------------|-------|-------|-------|-------|--------|-----------
         Aggregated                                                                      5504     0(0.00%) |     13       6     109     12 |   94.90        0.00

Type     Name                                                                          # reqs      # fails |    Avg     Min     Max    Med |   req/s  failures/s
--------|----------------------------------------------------------------------------|-------|-------------|-------|-------|-------|-------|--------|-----------
GET      /                                                                                111     0(0.00%) |     18      13      94     17 |    1.80        0.00
GET      /cart                                                                            792     0(0.00%) |     11       6      94     10 |   12.50        0.00
POST     /cart [add]                                                                     1027     0(0.00%) |     15      10      92     15 |   18.90        0.00
POST     /cart/checkout                                                                   411     0(0.00%) |     16      10      83     15 |    7.60        0.00
GET      /product/[id]                                                                   2803     0(0.00%) |     11       7     109     10 |   44.90        0.00
POST     /setCurrency                                                                     566     0(0.00%) |     19      13      72     18 |    9.20        0.00
--------|----------------------------------------------------------------------------|-------|-------------|-------|-------|-------|-------|--------|-----------
         Aggregated                                                                      5710     0(0.00%) |     13       6     109     12 |   94.90        0.00

Type     Name                                                                          # reqs      # fails |    Avg     Min     Max    Med |   req/s  failures/s
--------|----------------------------------------------------------------------------|-------|-------------|-------|-------|-------|-------|--------|-----------
GET      /                                                                                121     0(0.00%) |     18      13      94     17 |    1.80        0.00
GET      /cart                                                                            814     0(0.00%) |     11       6      94     11 |   12.70        0.00
POST     /cart [add]                                                                     1061     0(0.00%) |     15      10      92     15 |   19.80        0.00
POST     /cart/checkout                                                                   422     0(0.00%) |     16      10      83     15 |    7.60        0.00
GET      /product/[id]                                                                   2899     0(0.00%) |     11       7     109     10 |   44.80        0.00
POST     /setCurrency                                                                     580     0(0.00%) |     19      13      80     18 |    8.70        0.00
--------|----------------------------------------------------------------------------|-------|-------------|-------|-------|-------|-------|--------|-----------
         Aggregated                                                                      5897     0(0.00%) |     13       6     109     12 |   95.40        0.00

Type     Name                                                                          # reqs      # fails |    Avg     Min     Max    Med |   req/s  failures/s
--------|----------------------------------------------------------------------------|-------|-------------|-------|-------|-------|-------|--------|-----------
GET      /                                                                                125     0(0.00%) |     18      13      94     17 |    2.30        0.00
GET      /cart                                                                            837     0(0.00%) |     11       6      94     11 |   13.00        0.00
POST     /cart [add]                                                                     1104     0(0.00%) |     15      10      92     15 |   18.90        0.00
POST     /cart/checkout                                                                   435     0(0.00%) |     16      10      83     15 |    7.90        0.00
GET      /product/[id]                                                                   2982     0(0.00%) |     11       7     109     10 |   44.80        0.00
POST     /setCurrency                                                                     595     0(0.00%) |     19      13      80     18 |    8.90        0.00
--------|----------------------------------------------------------------------------|-------|-------------|-------|-------|-------|-------|--------|-----------
         Aggregated                                                                      6078     0(0.00%) |     13       6     109     12 |   95.80        0.00

Type     Name                                                                          # reqs      # fails |    Avg     Min     Max    Med |   req/s  failures/s
--------|----------------------------------------------------------------------------|-------|-------------|-------|-------|-------|-------|--------|-----------
GET      /                                                                                130     0(0.00%) |     18      13      94     17 |    2.40        0.00
GET      /cart                                                                            863     0(0.00%) |     11       6      94     11 |   12.40        0.00
POST     /cart [add]                                                                     1139     0(0.00%) |     15      10      94     15 |   19.10        0.00
POST     /cart/checkout                                                                   449     0(0.00%) |     17      10      83     15 |    7.50        0.00
GET      /product/[id]                                                                   3066     0(0.00%) |     11       6     109     10 |   46.30        0.00
POST     /setCurrency                                                                     615     0(0.00%) |     19      13      80     18 |    7.90        0.00
--------|----------------------------------------------------------------------------|-------|-------------|-------|-------|-------|-------|--------|-----------
         Aggregated                                                                      6262     0(0.00%) |     13       6     109     12 |   95.60        0.00

Type     Name                                                                          # reqs      # fails |    Avg     Min     Max    Med |   req/s  failures/s
--------|----------------------------------------------------------------------------|-------|-------------|-------|-------|-------|-------|--------|-----------
GET      /                                                                                134     0(0.00%) |     18      13      94     17 |    2.60        0.00
GET      /cart                                                                            886     0(0.00%) |     11       6      94     11 |   12.50        0.00
POST     /cart [add]                                                                     1187     0(0.00%) |     15      10      94     15 |   18.90        0.00
POST     /cart/checkout                                                                   471     0(0.00%) |     17      10      83     15 |    7.20        0.00
GET      /product/[id]                                                                   3148     0(0.00%) |     11       6     109     10 |   46.40        0.00
POST     /setCurrency                                                                     633     0(0.00%) |     19      13      80     18 |    7.40        0.00
--------|----------------------------------------------------------------------------|-------|-------------|-------|-------|-------|-------|--------|-----------
         Aggregated                                                                      6459     0(0.00%) |     13       6     109     12 |   95.00        0.00

Type     Name                                                                          # reqs      # fails |    Avg     Min     Max    Med |   req/s  failures/s
--------|----------------------------------------------------------------------------|-------|-------------|-------|-------|-------|-------|--------|-----------
GET      /                                                                                137     0(0.00%) |     18      13      94     17 |    3.00        0.00
GET      /cart                                                                            904     0(0.00%) |     11       6      94     11 |   11.60        0.00
POST     /cart [add]                                                                     1220     0(0.00%) |     15      10      94     15 |   19.00        0.00
POST     /cart/checkout                                                                   482     0(0.00%) |     17      10      83     15 |    7.40        0.00
GET      /product/[id]                                                                   3251     0(0.00%) |     11       6     109     10 |   45.30        0.00
POST     /setCurrency                                                                     656     0(0.00%) |     19      13      96     18 |    8.30        0.00
--------|----------------------------------------------------------------------------|-------|-------------|-------|-------|-------|-------|--------|-----------
         Aggregated                                                                      6650     0(0.00%) |     13       6     109     12 |   94.60        0.00

Type     Name                                                                          # reqs      # fails |    Avg     Min     Max    Med |   req/s  failures/s
--------|----------------------------------------------------------------------------|-------|-------------|-------|-------|-------|-------|--------|-----------
GET      /                                                                                139     0(0.00%) |     18      13      94     17 |    2.70        0.00
GET      /cart                                                                            919     0(0.00%) |     11       6      94     11 |   11.00        0.00
POST     /cart [add]                                                                     1255     0(0.00%) |     15      10      94     15 |   19.90        0.00
POST     /cart/checkout                                                                   498     0(0.00%) |     17      10      83     15 |    7.70        0.00
GET      /product/[id]                                                                   3354     0(0.00%) |     11       6     109     10 |   44.30        0.00
POST     /setCurrency                                                                     678     0(0.00%) |     19      13      96     18 |    9.00        0.00
--------|----------------------------------------------------------------------------|-------|-------------|-------|-------|-------|-------|--------|-----------
         Aggregated                                                                      6843     0(0.00%) |     13       6     109     12 |   94.60        0.00

Type     Name                                                                          # reqs      # fails |    Avg     Min     Max    Med |   req/s  failures/s
--------|----------------------------------------------------------------------------|-------|-------------|-------|-------|-------|-------|--------|-----------
GET      /                                                                                147     0(0.00%) |     18      13      94     17 |    2.00        0.00
GET      /cart                                                                            941     0(0.00%) |     11       6      94     11 |   10.60        0.00
POST     /cart [add]                                                                     1295     0(0.00%) |     15      10      94     15 |   18.80        0.00
POST     /cart/checkout                                                                   513     0(0.00%) |     17      10      83     15 |    7.00        0.00
GET      /product/[id]                                                                   3444     0(0.00%) |     11       6     109     10 |   45.30        0.00
POST     /setCurrency                                                                     696     0(0.00%) |     19      13      96     18 |    9.50        0.00
--------|----------------------------------------------------------------------------|-------|-------------|-------|-------|-------|-------|--------|-----------
         Aggregated                                                                      7036     0(0.00%) |     13       6     109     12 |   93.20        0.00

Type     Name                                                                          # reqs      # fails |    Avg     Min     Max    Med |   req/s  failures/s
--------|----------------------------------------------------------------------------|-------|-------------|-------|-------|-------|-------|--------|-----------
GET      /                                                                                150     0(0.00%) |     18      13      94     17 |    2.20        0.00
GET      /cart                                                                            964     0(0.00%) |     11       6      94     11 |   10.00        0.00
POST     /cart [add]                                                                     1324     0(0.00%) |     15      10      94     15 |   19.40        0.00
POST     /cart/checkout                                                                   529     0(0.00%) |     17      10      83     15 |    7.80        0.00
GET      /product/[id]                                                                   3537     0(0.00%) |     11       6     109     10 |   45.10        0.00
POST     /setCurrency                                                                     718     0(0.00%) |     19      13      96     18 |   10.10        0.00
--------|----------------------------------------------------------------------------|-------|-------------|-------|-------|-------|-------|--------|-----------
         Aggregated                                                                      7222     0(0.00%) |     13       6     109     12 |   94.60        0.00

Type     Name                                                                          # reqs      # fails |    Avg     Min     Max    Med |   req/s  failures/s
--------|----------------------------------------------------------------------------|-------|-------------|-------|-------|-------|-------|--------|-----------
GET      /                                                                                154     0(0.00%) |     18      13      94     17 |    2.20        0.00
GET      /cart                                                                            979     0(0.00%) |     11       6      94     11 |    9.80        0.00
POST     /cart [add]                                                                     1357     0(0.00%) |     15      10      94     15 |   18.60        0.00
POST     /cart/checkout                                                                   541     0(0.00%) |     17      10      83     15 |    7.80        0.00
GET      /product/[id]                                                                   3638     0(0.00%) |     11       6     109     10 |   45.90        0.00
POST     /setCurrency                                                                     741     0(0.00%) |     19      13      96     18 |   10.80        0.00
--------|----------------------------------------------------------------------------|-------|-------------|-------|-------|-------|-------|--------|-----------
         Aggregated                                                                      7410     0(0.00%) |     13       6     109     12 |   95.10        0.00

Type     Name                                                                          # reqs      # fails |    Avg     Min     Max    Med |   req/s  failures/s
--------|----------------------------------------------------------------------------|-------|-------------|-------|-------|-------|-------|--------|-----------
GET      /                                                                                158     0(0.00%) |     18      13      94     17 |    2.00        0.00
GET      /cart                                                                           1001     0(0.00%) |     11       6      94     10 |    9.50        0.00
POST     /cart [add]                                                                     1394     0(0.00%) |     15       9      94     15 |   17.30        0.00
POST     /cart/checkout                                                                   552     0(0.00%) |     17      10      83     15 |    7.40        0.00
GET      /product/[id]                                                                   3731     0(0.00%) |     11       6     109     10 |   48.00        0.00
POST     /setCurrency                                                                     761     0(0.00%) |     19      13      96     18 |   10.90        0.00
--------|----------------------------------------------------------------------------|-------|-------------|-------|-------|-------|-------|--------|-----------
         Aggregated                                                                      7597     0(0.00%) |     13       6     109     12 |   95.10        0.00

Type     Name                                                                          # reqs      # fails |    Avg     Min     Max    Med |   req/s  failures/s
--------|----------------------------------------------------------------------------|-------|-------------|-------|-------|-------|-------|--------|-----------
GET      /                                                                                163     0(0.00%) |     18      13      94     17 |    2.00        0.00
GET      /cart                                                                           1026     0(0.00%) |     11       6      94     10 |   10.10        0.00
POST     /cart [add]                                                                     1420     0(0.00%) |     15       9      94     15 |   17.70        0.00
POST     /cart/checkout                                                                   566     0(0.00%) |     16      10      83     15 |    7.30        0.00
GET      /product/[id]                                                                   3834     0(0.00%) |     11       6     109     10 |   48.50        0.00
POST     /setCurrency                                                                     781     0(0.00%) |     19      13      96     18 |    9.90        0.00
--------|----------------------------------------------------------------------------|-------|-------------|-------|-------|-------|-------|--------|-----------
         Aggregated                                                                      7790     0(0.00%) |     13       6     109     12 |   95.50        0.00

Type     Name                                                                          # reqs      # fails |    Avg     Min     Max    Med |   req/s  failures/s
--------|----------------------------------------------------------------------------|-------|-------------|-------|-------|-------|-------|--------|-----------
GET      /                                                                                170     0(0.00%) |     18      13      94     17 |    2.20        0.00
GET      /cart                                                                           1049     0(0.00%) |     11       6      94     11 |   10.40        0.00
POST     /cart [add]                                                                     1451     0(0.00%) |     15       9      94     15 |   17.10        0.00
POST     /cart/checkout                                                                   574     0(0.00%) |     16      10      83     15 |    7.20        0.00
GET      /product/[id]                                                                   3925     0(0.00%) |     11       6     109     10 |   48.70        0.00
POST     /setCurrency                                                                     805     0(0.00%) |     19      13     122     18 |   10.10        0.00
--------|----------------------------------------------------------------------------|-------|-------------|-------|-------|-------|-------|--------|-----------
         Aggregated                                                                      7974     0(0.00%) |     13       6     122     12 |   95.70        0.00

Type     Name                                                                          # reqs      # fails |    Avg     Min     Max    Med |   req/s  failures/s
--------|----------------------------------------------------------------------------|-------|-------------|-------|-------|-------|-------|--------|-----------
GET      /                                                                                177     0(0.00%) |     18      13      94     17 |    2.20        0.00
GET      /cart                                                                           1074     0(0.00%) |     11       6      94     11 |   10.80        0.00
POST     /cart [add]                                                                     1495     0(0.00%) |     15       9      94     15 |   16.20        0.00
POST     /cart/checkout                                                                   590     0(0.00%) |     17      10      83     15 |    6.40        0.00
GET      /product/[id]                                                                   4009     0(0.00%) |     11       6     109     10 |   48.10        0.00
POST     /setCurrency                                                                     823     0(0.00%) |     19      13     122     18 |   10.60        0.00
--------|----------------------------------------------------------------------------|-------|-------------|-------|-------|-------|-------|--------|-----------
         Aggregated                                                                      8168     0(0.00%) |     13       6     122     12 |   94.30        0.00

Type     Name                                                                          # reqs      # fails |    Avg     Min     Max    Med |   req/s  failures/s
--------|----------------------------------------------------------------------------|-------|-------------|-------|-------|-------|-------|--------|-----------
GET      /                                                                                183     0(0.00%) |     18      13      94     17 |    2.20        0.00
GET      /cart                                                                           1099     0(0.00%) |     11       6      94     11 |   10.90        0.00
POST     /cart [add]                                                                     1523     0(0.00%) |     15       9      94     15 |   16.90        0.00
POST     /cart/checkout                                                                   598     0(0.00%) |     17      10      83     15 |    6.30        0.00
GET      /product/[id]                                                                   4099     0(0.00%) |     11       6     109     10 |   47.40        0.00
POST     /setCurrency                                                                     850     0(0.00%) |     19      13     122     18 |   10.90        0.00
--------|----------------------------------------------------------------------------|-------|-------------|-------|-------|-------|-------|--------|-----------
         Aggregated                                                                      8352     0(0.00%) |     13       6     122     12 |   94.60        0.00

Type     Name                                                                          # reqs      # fails |    Avg     Min     Max    Med |   req/s  failures/s
--------|----------------------------------------------------------------------------|-------|-------------|-------|-------|-------|-------|--------|-----------
GET      /                                                                                184     0(0.00%) |     18      13      94     17 |    2.70        0.00
GET      /cart                                                                           1119     0(0.00%) |     11       6      94     11 |   11.60        0.00
POST     /cart [add]                                                                     1555     0(0.00%) |     15       9      94     15 |   17.40        0.00
POST     /cart/checkout                                                                   610     0(0.00%) |     17      10      83     15 |    6.10        0.00
GET      /product/[id]                                                                   4202     0(0.00%) |     11       6     109     10 |   46.40        0.00
POST     /setCurrency                                                                     871     0(0.00%) |     19      13     122     18 |   10.40        0.00
--------|----------------------------------------------------------------------------|-------|-------------|-------|-------|-------|-------|--------|-----------
         Aggregated                                                                      8541     0(0.00%) |     13       6     122     12 |   94.60        0.00

Type     Name                                                                          # reqs      # fails |    Avg     Min     Max    Med |   req/s  failures/s
--------|----------------------------------------------------------------------------|-------|-------------|-------|-------|-------|-------|--------|-----------
GET      /                                                                                186     0(0.00%) |     18      13      94     17 |    2.70        0.00
GET      /cart                                                                           1155     0(0.00%) |     11       6      94     11 |   11.50        0.00
POST     /cart [add]                                                                     1585     0(0.00%) |     15       9      94     15 |   16.00        0.00
POST     /cart/checkout                                                                   620     0(0.00%) |     17      10      83     15 |    5.40        0.00
GET      /product/[id]                                                                   4289     0(0.00%) |     11       6     109     10 |   46.60        0.00
POST     /setCurrency                                                                     888     0(0.00%) |     19      13     122     18 |   11.20        0.00
--------|----------------------------------------------------------------------------|-------|-------------|-------|-------|-------|-------|--------|-----------
         Aggregated                                                                      8723     0(0.00%) |     13       6     122     12 |   93.40        0.00

Type     Name                                                                          # reqs      # fails |    Avg     Min     Max    Med |   req/s  failures/s
--------|----------------------------------------------------------------------------|-------|-------------|-------|-------|-------|-------|--------|-----------
GET      /                                                                                193     0(0.00%) |     18      13      94     17 |    2.60        0.00
GET      /cart                                                                           1182     0(0.00%) |     11       6      94     11 |   12.30        0.00
POST     /cart [add]                                                                     1615     0(0.00%) |     15       9      94     15 |   16.50        0.00
POST     /cart/checkout                                                                   635     0(0.00%) |     16      10      83     15 |    5.40        0.00
GET      /product/[id]                                                                   4382     0(0.00%) |     11       6     109     10 |   46.10        0.00
POST     /setCurrency                                                                     906     0(0.00%) |     19      13     122     18 |   10.90        0.00
--------|----------------------------------------------------------------------------|-------|-------------|-------|-------|-------|-------|--------|-----------
         Aggregated                                                                      8913     0(0.00%) |     13       6     122     12 |   93.80        0.00

Type     Name                                                                          # reqs      # fails |    Avg     Min     Max    Med |   req/s  failures/s
--------|----------------------------------------------------------------------------|-------|-------------|-------|-------|-------|-------|--------|-----------
GET      /                                                                                199     0(0.00%) |     18      13      94     17 |    2.20        0.00
GET      /cart                                                                           1201     0(0.00%) |     11       6      94     11 |   13.40        0.00
POST     /cart [add]                                                                     1641     0(0.00%) |     15       9      94     15 |   16.30        0.00
POST     /cart/checkout                                                                   649     0(0.00%) |     16      10      83     15 |    6.00        0.00
GET      /product/[id]                                                                   4467     0(0.00%) |     11       6     109     10 |   45.60        0.00
POST     /setCurrency                                                                     920     0(0.00%) |     19      13     122     18 |   10.50        0.00
--------|----------------------------------------------------------------------------|-------|-------------|-------|-------|-------|-------|--------|-----------
         Aggregated                                                                      9077     0(0.00%) |     13       6     122     12 |   94.00        0.00

Type     Name                                                                          # reqs      # fails |    Avg     Min     Max    Med |   req/s  failures/s
--------|----------------------------------------------------------------------------|-------|-------------|-------|-------|-------|-------|--------|-----------
GET      /                                                                                199     0(0.00%) |     18      13      94     17 |    1.95        0.00
GET      /cart                                                                           1201     0(0.00%) |     11       6      94     11 |   11.79        0.00
POST     /cart [add]                                                                     1641     0(0.00%) |     15       9      94     15 |   16.12        0.00
POST     /cart/checkout                                                                   649     0(0.00%) |     16      10      83     15 |    6.37        0.00
GET      /product/[id]                                                                   4467     0(0.00%) |     11       6     109     10 |   43.87        0.00
POST     /setCurrency                                                                     920     0(0.00%) |     19      13     122     18 |    9.03        0.00
--------|----------------------------------------------------------------------------|-------|-------------|-------|-------|-------|-------|--------|-----------
         Aggregated                                                                      9077     0(0.00%) |     13       6     122     12 |   89.14        0.00

Response time percentiles (approximated)
Type     Name                                                                                  50%    66%    75%    80%    90%    95%    98%    99%  99.9% 99.99%   100% # reqs
--------|--------------------------------------------------------------------------------|--------|------|------|------|------|------|------|------|------|------|------|------
GET      /                                                                                      17     18     19     20     21     23     53     54     95     95     95    199
GET      /cart                                                                                  11     12     13     13     15     16     19     37     92     94     94   1201
POST     /cart [add]                                                                            15     16     17     17     19     22     32     45     92     95     95   1641
POST     /cart/checkout                                                                         15     17     17     18     21     23     42     56     84     84     84    649
GET      /product/[id]                                                                          10     11     12     12     13     15     22     35     97    110    110   4467
POST     /setCurrency                                                                           18     19     20     21     23     27     44     56    120    120    120    920
--------|--------------------------------------------------------------------------------|--------|------|------|------|------|------|------|------|------|------|------|------
         Aggregated                                                                             12     14     15     16     19     21     28     45     95    120    120   9077

