/Users/edias/Library/Python/3.9/lib/python/site-packages/urllib3/__init__.py:35: NotOpenSSLWarning: urllib3 v2 only supports OpenSSL 1.1.1+, currently the 'ssl' module is compiled with 'LibreSSL 2.8.3'. See: https://github.com/urllib3/urllib3/issues/3020
  warnings.warn(
[2026-05-21 09:30:18,048] MacBook-Air-de-Eduardo/WARNING/locust.main: Python 3.9 support is deprecated and will be removed soon
Type     Name                                                                          # reqs      # fails |    Avg     Min     Max    Med |   req/s  failures/s
--------|----------------------------------------------------------------------------|-------|-------------|-------|-------|-------|-------|--------|-----------
--------|----------------------------------------------------------------------------|-------|-------------|-------|-------|-------|-------|--------|-----------
         Aggregated                                                                         0     0(0.00%) |      0       0       0      0 |    0.00        0.00

Type     Name                                                                          # reqs      # fails |    Avg     Min     Max    Med |   req/s  failures/s
--------|----------------------------------------------------------------------------|-------|-------------|-------|-------|-------|-------|--------|-----------
GET      /cart                                                                              4     0(0.00%) |     17       9      26     13 |    0.00        0.00
POST     /cart [add]                                                                        6     0(0.00%) |     18      14      29     16 |    0.00        0.00
POST     /cart/checkout                                                                     1     0(0.00%) |     19      19      19     19 |    0.00        0.00
GET      /product/[id]                                                                      7     0(0.00%) |     18      10      33     14 |    0.00        0.00
POST     /setCurrency                                                                       1     0(0.00%) |     15      15      15     15 |    0.00        0.00
--------|----------------------------------------------------------------------------|-------|-------------|-------|-------|-------|-------|--------|-----------
         Aggregated                                                                        19     0(0.00%) |     18       9      33     16 |    0.00        0.00

Type     Name                                                                          # reqs      # fails |    Avg     Min     Max    Med |   req/s  failures/s
--------|----------------------------------------------------------------------------|-------|-------------|-------|-------|-------|-------|--------|-----------
GET      /                                                                                  3     0(0.00%) |     15      14      16     15 |    0.00        0.00
GET      /cart                                                                              8     0(0.00%) |    108       8     765     12 |    2.00        0.00
POST     /cart [add]                                                                       12     0(0.00%) |    130      14     877     17 |    3.00        0.00
POST     /cart/checkout                                                                     4     0(0.00%) |     17      15      19     16 |    0.50        0.00
GET      /product/[id]                                                                     29     0(0.00%) |     55       9     615     11 |    3.50        0.00
POST     /setCurrency                                                                       7     0(0.00%) |     16      13      17     16 |    0.50        0.00
--------|----------------------------------------------------------------------------|-------|-------------|-------|-------|-------|-------|--------|-----------
         Aggregated                                                                        63     0(0.00%) |     67       8     877     15 |    9.50        0.00

Type     Name                                                                          # reqs      # fails |    Avg     Min     Max    Med |   req/s  failures/s
--------|----------------------------------------------------------------------------|-------|-------------|-------|-------|-------|-------|--------|-----------
GET      /                                                                                  4     0(0.00%) |     15      14      16     14 |    0.75        0.00
GET      /cart                                                                             17     0(0.00%) |     56       8     765     11 |    2.00        0.00
POST     /cart [add]                                                                       23     0(0.00%) |     75      11     877     16 |    3.00        0.00
POST     /cart/checkout                                                                     8     0(0.00%) |     20      15      29     19 |    1.00        0.00
GET      /product/[id]                                                                     76     0(0.00%) |     28       7     615     11 |    7.00        0.00
POST     /setCurrency                                                                      17     0(0.00%) |     17      13      24     17 |    1.50        0.00
--------|----------------------------------------------------------------------------|-------|-------------|-------|-------|-------|-------|--------|-----------
         Aggregated                                                                       145     0(0.00%) |     37       7     877     13 |   15.25        0.00

Type     Name                                                                          # reqs      # fails |    Avg     Min     Max    Med |   req/s  failures/s
--------|----------------------------------------------------------------------------|-------|-------------|-------|-------|-------|-------|--------|-----------
GET      /                                                                                  7     0(0.00%) |     24      14      67     15 |    0.67        0.00
GET      /cart                                                                             30     0(0.00%) |     37       8     765     11 |    2.67        0.00
POST     /cart [add]                                                                       46     0(0.00%) |     45      11     877     15 |    3.83        0.00
POST     /cart/checkout                                                                    18     0(0.00%) |     18      12      29     17 |    1.33        0.00
GET      /product/[id]                                                                    130     0(0.00%) |     21       7     615     11 |   12.50        0.00
POST     /setCurrency                                                                      28     0(0.00%) |     19      13      67     17 |    2.83        0.00
--------|----------------------------------------------------------------------------|-------|-------------|-------|-------|-------|-------|--------|-----------
         Aggregated                                                                       259     0(0.00%) |     26       7     877     13 |   23.83        0.00

Type     Name                                                                          # reqs      # fails |    Avg     Min     Max    Med |   req/s  failures/s
--------|----------------------------------------------------------------------------|-------|-------------|-------|-------|-------|-------|--------|-----------
GET      /                                                                                  8     0(0.00%) |     22      12      67     14 |    0.88        0.00
GET      /cart                                                                             45     0(0.00%) |     28       8     765     11 |    3.75        0.00
POST     /cart [add]                                                                       75     0(0.00%) |     33      11     877     15 |    5.62        0.00
POST     /cart/checkout                                                                    27     0(0.00%) |     17      12      29     17 |    2.25        0.00
GET      /product/[id]                                                                    199     0(0.00%) |     17       7     615     11 |   16.12        0.00
POST     /setCurrency                                                                      45     0(0.00%) |     19      13      67     17 |    3.38        0.00
--------|----------------------------------------------------------------------------|-------|-------------|-------|-------|-------|-------|--------|-----------
         Aggregated                                                                       399     0(0.00%) |     22       7     877     13 |   32.00        0.00

Type     Name                                                                          # reqs      # fails |    Avg     Min     Max    Med |   req/s  failures/s
--------|----------------------------------------------------------------------------|-------|-------------|-------|-------|-------|-------|--------|-----------
GET      /                                                                                 11     0(0.00%) |     23      12      67     14 |    0.80        0.00
GET      /cart                                                                             66     0(0.00%) |     23       8     765     11 |    4.40        0.00
POST     /cart [add]                                                                      107     0(0.00%) |     31      11     877     15 |    7.40        0.00
POST     /cart/checkout                                                                    41     0(0.00%) |     19      12      64     17 |    2.70        0.00
GET      /product/[id]                                                                    286     0(0.00%) |     16       7     615     11 |   19.70        0.00
POST     /setCurrency                                                                      59     0(0.00%) |     19      13      67     17 |    4.40        0.00
--------|----------------------------------------------------------------------------|-------|-------------|-------|-------|-------|-------|--------|-----------
         Aggregated                                                                       570     0(0.00%) |     20       7     877     13 |   39.40        0.00

Type     Name                                                                          # reqs      # fails |    Avg     Min     Max    Med |   req/s  failures/s
--------|----------------------------------------------------------------------------|-------|-------------|-------|-------|-------|-------|--------|-----------
GET      /                                                                                 14     0(0.00%) |     24      12      67     15 |    1.10        0.00
GET      /cart                                                                            101     0(0.00%) |     19       7     765     11 |    6.10        0.00
POST     /cart [add]                                                                      144     0(0.00%) |     27      10     877     15 |   10.10        0.00
POST     /cart/checkout                                                                    51     0(0.00%) |     19      12      64     17 |    4.00        0.00
GET      /product/[id]                                                                    387     0(0.00%) |     14       6     615     11 |   27.50        0.00
POST     /setCurrency                                                                      71     0(0.00%) |     18      12      67     17 |    5.60        0.00
--------|----------------------------------------------------------------------------|-------|-------------|-------|-------|-------|-------|--------|-----------
         Aggregated                                                                       768     0(0.00%) |     18       6     877     12 |   54.40        0.00

Type     Name                                                                          # reqs      # fails |    Avg     Min     Max    Med |   req/s  failures/s
--------|----------------------------------------------------------------------------|-------|-------------|-------|-------|-------|-------|--------|-----------
GET      /                                                                                 22     0(0.00%) |     22      12      67     16 |    1.10        0.00
GET      /cart                                                                            131     0(0.00%) |     19       6     765     11 |    9.10        0.00
POST     /cart [add]                                                                      183     0(0.00%) |     26      10     877     15 |   13.00        0.00
POST     /cart/checkout                                                                    65     0(0.00%) |     22      12      77     18 |    4.70        0.00
GET      /product/[id]                                                                    498     0(0.00%) |     14       6     615     11 |   35.50        0.00
POST     /setCurrency                                                                      93     0(0.00%) |     20      12      67     17 |    6.50        0.00
--------|----------------------------------------------------------------------------|-------|-------------|-------|-------|-------|-------|--------|-----------
         Aggregated                                                                       992     0(0.00%) |     18       6     877     13 |   69.90        0.00

Type     Name                                                                          # reqs      # fails |    Avg     Min     Max    Med |   req/s  failures/s
--------|----------------------------------------------------------------------------|-------|-------------|-------|-------|-------|-------|--------|-----------
GET      /                                                                                 26     0(0.00%) |     22      12      67     17 |    1.70        0.00
GET      /cart                                                                            166     0(0.00%) |     18       6     765     11 |   11.40        0.00
POST     /cart [add]                                                                      228     0(0.00%) |     26      10     877     16 |   15.70        0.00
POST     /cart/checkout                                                                    82     0(0.00%) |     24      12      77     18 |    5.50        0.00
GET      /product/[id]                                                                    624     0(0.00%) |     15       6     615     11 |   42.10        0.00
POST     /setCurrency                                                                     119     0(0.00%) |     23      12      93     17 |    7.40        0.00
--------|----------------------------------------------------------------------------|-------|-------------|-------|-------|-------|-------|--------|-----------
         Aggregated                                                                      1245     0(0.00%) |     19       6     877     13 |   83.80        0.00

Type     Name                                                                          # reqs      # fails |    Avg     Min     Max    Med |   req/s  failures/s
--------|----------------------------------------------------------------------------|-------|-------------|-------|-------|-------|-------|--------|-----------
GET      /                                                                                 35     0(0.00%) |     22      12      67     16 |    1.90        0.00
GET      /cart                                                                            195     0(0.00%) |     19       6     765     11 |   13.60        0.00
POST     /cart [add]                                                                      282     0(0.00%) |     29      10     877     16 |   18.10        0.00
POST     /cart/checkout                                                                   100     0(0.00%) |     26      12      84     19 |    6.30        0.00
GET      /product/[id]                                                                    759     0(0.00%) |     17       6     615     11 |   49.10        0.00
POST     /setCurrency                                                                     150     0(0.00%) |     25      12      93     18 |    9.10        0.00
--------|----------------------------------------------------------------------------|-------|-------------|-------|-------|-------|-------|--------|-----------
         Aggregated                                                                      1521     0(0.00%) |     21       6     877     13 |   98.10        0.00

Type     Name                                                                          # reqs      # fails |    Avg     Min     Max    Med |   req/s  failures/s
--------|----------------------------------------------------------------------------|-------|-------------|-------|-------|-------|-------|--------|-----------
GET      /                                                                                 43     0(0.00%) |     24      12      82     17 |    2.70        0.00
GET      /cart                                                                            239     0(0.00%) |     21       6     765     12 |   15.10        0.00
POST     /cart [add]                                                                      331     0(0.00%) |     31      10     877     17 |   20.70        0.00
POST     /cart/checkout                                                                   115     0(0.00%) |     28      12     160     20 |    7.30        0.00
GET      /product/[id]                                                                    891     0(0.00%) |     19       6     615     12 |   55.50        0.00
POST     /setCurrency                                                                     187     0(0.00%) |     30      11     152     18 |   10.50        0.00
--------|----------------------------------------------------------------------------|-------|-------------|-------|-------|-------|-------|--------|-----------
         Aggregated                                                                      1806     0(0.00%) |     23       6     877     14 |  111.80        0.00

Type     Name                                                                          # reqs      # fails |    Avg     Min     Max    Med |   req/s  failures/s
--------|----------------------------------------------------------------------------|-------|-------------|-------|-------|-------|-------|--------|-----------
GET      /                                                                                 50     0(0.00%) |     24      12      82     17 |    3.20        0.00
GET      /cart                                                                            280     0(0.00%) |     24       6     765     12 |   17.10        0.00
POST     /cart [add]                                                                      396     0(0.00%) |     34      10     877     18 |   22.30        0.00
POST     /cart/checkout                                                                   136     0(0.00%) |     34      12     160     20 |    7.40        0.00
GET      /product/[id]                                                                   1029     0(0.00%) |     22       6     615     12 |   60.20        0.00
POST     /setCurrency                                                                     219     0(0.00%) |     32      11     152     19 |   12.80        0.00
--------|----------------------------------------------------------------------------|-------|-------------|-------|-------|-------|-------|--------|-----------
         Aggregated                                                                      2110     0(0.00%) |     26       6     877     15 |  123.00        0.00

Type     Name                                                                          # reqs      # fails |    Avg     Min     Max    Med |   req/s  failures/s
--------|----------------------------------------------------------------------------|-------|-------------|-------|-------|-------|-------|--------|-----------
GET      /                                                                                 59     0(0.00%) |     29      12     102     18 |    3.60        0.00
GET      /cart                                                                            313     0(0.00%) |     29       6     765     13 |   17.60        0.00
POST     /cart [add]                                                                      447     0(0.00%) |     39      10     877     19 |   25.40        0.00
POST     /cart/checkout                                                                   151     0(0.00%) |     37      12     188     22 |    8.40        0.00
GET      /product/[id]                                                                   1182     0(0.00%) |     29       6     615     13 |   63.80        0.00
POST     /setCurrency                                                                     250     0(0.00%) |     37      11     268     19 |   14.80        0.00
--------|----------------------------------------------------------------------------|-------|-------------|-------|-------|-------|-------|--------|-----------
         Aggregated                                                                      2402     0(0.00%) |     32       6     877     16 |  133.60        0.00

Type     Name                                                                          # reqs      # fails |    Avg     Min     Max    Med |   req/s  failures/s
--------|----------------------------------------------------------------------------|-------|-------------|-------|-------|-------|-------|--------|-----------
GET      /                                                                                 65     0(0.00%) |     64      12     834     18 |    3.70        0.00
GET      /cart                                                                            341     0(0.00%) |     45       6     922     13 |   18.00        0.00
POST     /cart [add]                                                                      478     0(0.00%) |     52      10     976     19 |   26.50        0.00
POST     /cart/checkout                                                                   164     0(0.00%) |     45      12     961     23 |    8.70        0.00
GET      /product/[id]                                                                   1290     0(0.00%) |     48       6     992     13 |   67.50        0.00
POST     /setCurrency                                                                     273     0(0.00%) |     59      11     918     20 |   15.80        0.00
--------|----------------------------------------------------------------------------|-------|-------------|-------|-------|-------|-------|--------|-----------
         Aggregated                                                                      2611     0(0.00%) |     50       6     992     17 |  140.20        0.00

Type     Name                                                                          # reqs      # fails |    Avg     Min     Max    Med |   req/s  failures/s
--------|----------------------------------------------------------------------------|-------|-------------|-------|-------|-------|-------|--------|-----------
GET      /                                                                                 74     0(0.00%) |     62      12     834     18 |    3.90        0.00
GET      /cart                                                                            371     0(0.00%) |     51       6     922     14 |   17.30        0.00
POST     /cart [add]                                                                      541     0(0.00%) |     59      10     976     21 |   25.20        0.00
POST     /cart/checkout                                                                   193     0(0.00%) |     59      12     961     31 |    8.30        0.00
GET      /product/[id]                                                                   1443     0(0.00%) |     54       6     992     15 |   65.80        0.00
POST     /setCurrency                                                                     295     0(0.00%) |     59      11     918     21 |   15.20        0.00
--------|----------------------------------------------------------------------------|-------|-------------|-------|-------|-------|-------|--------|-----------
         Aggregated                                                                      2917     0(0.00%) |     56       6     992     18 |  135.70        0.00

Type     Name                                                                          # reqs      # fails |    Avg     Min     Max    Med |   req/s  failures/s
--------|----------------------------------------------------------------------------|-------|-------------|-------|-------|-------|-------|--------|-----------
GET      /                                                                                 88     0(0.00%) |     61      12     834     18 |    3.90        0.00
GET      /cart                                                                            414     0(0.00%) |     58       6     922     17 |   17.30        0.00
POST     /cart [add]                                                                      586     0(0.00%) |     64      10     976     26 |   25.70        0.00
POST     /cart/checkout                                                                   213     0(0.00%) |     66      12     961     40 |    8.90        0.00
GET      /product/[id]                                                                   1605     0(0.00%) |     62       6     992     18 |   68.50        0.00
POST     /setCurrency                                                                     328     0(0.00%) |     59      11     918     22 |   14.50        0.00
--------|----------------------------------------------------------------------------|-------|-------------|-------|-------|-------|-------|--------|-----------
         Aggregated                                                                      3234     0(0.00%) |     62       6     992     21 |  138.80        0.00

Type     Name                                                                          # reqs      # fails |    Avg     Min     Max    Med |   req/s  failures/s
--------|----------------------------------------------------------------------------|-------|-------------|-------|-------|-------|-------|--------|-----------
GET      /                                                                                101     0(0.00%) |     60      11     834     18 |    4.50        0.00
GET      /cart                                                                            454     0(0.00%) |     66       6     922     22 |   17.70        0.00
POST     /cart [add]                                                                      640     0(0.00%) |     71      10     976     31 |   25.50        0.00
POST     /cart/checkout                                                                   232     0(0.00%) |     71      12     961     46 |    9.80        0.00
GET      /product/[id]                                                                   1779     0(0.00%) |     69       6     992     25 |   71.30        0.00
POST     /setCurrency                                                                     358     0(0.00%) |     58      11     918     23 |   14.10        0.00
--------|----------------------------------------------------------------------------|-------|-------------|-------|-------|-------|-------|--------|-----------
         Aggregated                                                                      3564     0(0.00%) |     68       6     992     26 |  142.90        0.00

Type     Name                                                                          # reqs      # fails |    Avg     Min     Max    Med |   req/s  failures/s
--------|----------------------------------------------------------------------------|-------|-------------|-------|-------|-------|-------|--------|-----------
GET      /                                                                                113     0(0.00%) |     62      11     834     19 |    5.10        0.00
GET      /cart                                                                            508     0(0.00%) |     73       6     922     33 |   17.70        0.00
POST     /cart [add]                                                                      700     0(0.00%) |     79      10     976     41 |   24.30        0.00
POST     /cart/checkout                                                                   250     0(0.00%) |     78      12     961     52 |    9.50        0.00
GET      /product/[id]                                                                   1926     0(0.00%) |     74       6     992     29 |   74.70        0.00
POST     /setCurrency                                                                     388     0(0.00%) |     59      11     918     23 |   13.60        0.00
--------|----------------------------------------------------------------------------|-------|-------------|-------|-------|-------|-------|--------|-----------
         Aggregated                                                                      3885     0(0.00%) |     74       6     992     31 |  144.90        0.00

Type     Name                                                                          # reqs      # fails |    Avg     Min     Max    Med |   req/s  failures/s
--------|----------------------------------------------------------------------------|-------|-------------|-------|-------|-------|-------|--------|-----------
GET      /                                                                                120     0(0.00%) |     63      11     834     20 |    5.40        0.00
GET      /cart                                                                            563     0(0.00%) |     82       6     922     40 |   19.80        0.00
POST     /cart [add]                                                                      763     0(0.00%) |     88      10     976     49 |   25.20        0.00
POST     /cart/checkout                                                                   273     0(0.00%) |     87      12     961     64 |   10.00        0.00
GET      /product/[id]                                                                   2092     0(0.00%) |     83       6     992     35 |   75.00        0.00
POST     /setCurrency                                                                     415     0(0.00%) |     59      11     918     23 |   13.80        0.00
--------|----------------------------------------------------------------------------|-------|-------------|-------|-------|-------|-------|--------|-----------
         Aggregated                                                                      4226     0(0.00%) |     81       6     992     38 |  149.20        0.00

Type     Name                                                                          # reqs      # fails |    Avg     Min     Max    Med |   req/s  failures/s
--------|----------------------------------------------------------------------------|-------|-------------|-------|-------|-------|-------|--------|-----------
GET      /                                                                                129     0(0.00%) |     61      11     834     21 |    5.50        0.00
GET      /cart                                                                            613     0(0.00%) |     91       6     922     49 |   22.30        0.00
POST     /cart [add]                                                                      816     0(0.00%) |     93      10     976     54 |   28.10        0.00
POST     /cart/checkout                                                                   295     0(0.00%) |     94      12     961     75 |   10.80        0.00
GET      /product/[id]                                                                   2261     0(0.00%) |     90       6     992     45 |   80.60        0.00
POST     /setCurrency                                                                     458     0(0.00%) |     60      11     918     25 |   14.50        0.00
--------|----------------------------------------------------------------------------|-------|-------------|-------|-------|-------|-------|--------|-----------
         Aggregated                                                                      4572     0(0.00%) |     87       6     992     45 |  161.80        0.00

Type     Name                                                                          # reqs      # fails |    Avg     Min     Max    Med |   req/s  failures/s
--------|----------------------------------------------------------------------------|-------|-------------|-------|-------|-------|-------|--------|-----------
GET      /                                                                                137     0(0.00%) |     73      11     936     24 |    5.40        0.00
GET      /cart                                                                            640     0(0.00%) |    103       6     992     51 |   24.40        0.00
POST     /cart [add]                                                                      847     0(0.00%) |    110      10    1395     59 |   27.30        0.00
POST     /cart/checkout                                                                   298     0(0.00%) |     94      12     961     75 |   10.50        0.00
GET      /product/[id]                                                                   2371     0(0.00%) |    109       6    1221     50 |   81.70        0.00
POST     /setCurrency                                                                     487     0(0.00%) |     77      11    1034     30 |   16.30        0.00
--------|----------------------------------------------------------------------------|-------|-------------|-------|-------|-------|-------|--------|-----------
         Aggregated                                                                      4780     0(0.00%) |    103       6    1395     49 |  165.60        0.00

Type     Name                                                                          # reqs      # fails |    Avg     Min     Max    Med |   req/s  failures/s
--------|----------------------------------------------------------------------------|-------|-------------|-------|-------|-------|-------|--------|-----------
GET      /                                                                                148     0(0.00%) |     80      11     936     26 |    4.80        0.00
GET      /cart                                                                            673     0(0.00%) |    115       6     992     57 |   22.40        0.00
POST     /cart [add]                                                                      889     0(0.00%) |    131      10    1395     67 |   25.90        0.00
POST     /cart/checkout                                                                   318     0(0.00%) |    105      12     961     81 |    8.50        0.00
GET      /product/[id]                                                                   2507     0(0.00%) |    122       6    1221     58 |   76.60        0.00
POST     /setCurrency                                                                     512     0(0.00%) |     83      11    1034     33 |   15.90        0.00
--------|----------------------------------------------------------------------------|-------|-------------|-------|-------|-------|-------|--------|-----------
         Aggregated                                                                      5047     0(0.00%) |    116       6    1395     55 |  154.10        0.00

Type     Name                                                                          # reqs      # fails |    Avg     Min     Max    Med |   req/s  failures/s
--------|----------------------------------------------------------------------------|-------|-------------|-------|-------|-------|-------|--------|-----------
GET      /                                                                                154     0(0.00%) |     80      10     936     26 |    4.70        0.00
GET      /cart                                                                            711     0(0.00%) |    123       6     992     62 |   22.10        0.00
POST     /cart [add]                                                                      937     0(0.00%) |    139      10    1395     75 |   24.80        0.00
POST     /cart/checkout                                                                   335     0(0.00%) |    112      12     961     84 |    8.40        0.00
GET      /product/[id]                                                                   2692     0(0.00%) |    133       6    1221     67 |   72.90        0.00
POST     /setCurrency                                                                     546     0(0.00%) |     83      11    1034     36 |   15.50        0.00
--------|----------------------------------------------------------------------------|-------|-------------|-------|-------|-------|-------|--------|-----------
         Aggregated                                                                      5375     0(0.00%) |    125       6    1395     62 |  148.40        0.00

Type     Name                                                                          # reqs      # fails |    Avg     Min     Max    Med |   req/s  failures/s
--------|----------------------------------------------------------------------------|-------|-------------|-------|-------|-------|-------|--------|-----------
GET      /                                                                                167     0(0.00%) |     80      10     936     27 |    4.20        0.00
GET      /cart                                                                            756     0(0.00%) |    135       6     992     74 |   19.90        0.00
POST     /cart [add]                                                                      992     0(0.00%) |    148      10    1395     84 |   23.90        0.00
POST     /cart/checkout                                                                   355     0(0.00%) |    119      12     961     88 |    8.30        0.00
GET      /product/[id]                                                                   2852     0(0.00%) |    141       6    1221     75 |   76.50        0.00
POST     /setCurrency                                                                     583     0(0.00%) |     87      11    1034     38 |   15.70        0.00
--------|----------------------------------------------------------------------------|-------|-------------|-------|-------|-------|-------|--------|-----------
         Aggregated                                                                      5705     0(0.00%) |    133       6    1395     70 |  148.50        0.00

Type     Name                                                                          # reqs      # fails |    Avg     Min     Max    Med |   req/s  failures/s
--------|----------------------------------------------------------------------------|-------|-------------|-------|-------|-------|-------|--------|-----------
GET      /                                                                                180     0(0.00%) |     81      10     936     27 |    4.60        0.00
GET      /cart                                                                            793     0(0.00%) |    141       6     992     80 |   19.10        0.00
POST     /cart [add]                                                                     1048     0(0.00%) |    159      10    1395     90 |   23.30        0.00
POST     /cart/checkout                                                                   372     0(0.00%) |    131      12     961     91 |    8.30        0.00
GET      /product/[id]                                                                   3029     0(0.00%) |    153       6    1221     86 |   75.90        0.00
POST     /setCurrency                                                                     616     0(0.00%) |     88      11    1034     40 |   16.60        0.00
--------|----------------------------------------------------------------------------|-------|-------------|-------|-------|-------|-------|--------|-----------
         Aggregated                                                                      6038     0(0.00%) |    143       6    1395     77 |  147.80        0.00

Type     Name                                                                          # reqs      # fails |    Avg     Min     Max    Med |   req/s  failures/s
--------|----------------------------------------------------------------------------|-------|-------------|-------|-------|-------|-------|--------|-----------
GET      /                                                                                189     0(0.00%) |     81      10     936     28 |    5.20        0.00
GET      /cart                                                                            838     0(0.00%) |    151       6     992     87 |   17.70        0.00
POST     /cart [add]                                                                     1101     0(0.00%) |    170      10    1395    100 |   23.20        0.00
POST     /cart/checkout                                                                   397     0(0.00%) |    145      12     961     96 |    7.80        0.00
GET      /product/[id]                                                                   3196     0(0.00%) |    162       6    1221     96 |   76.80        0.00
POST     /setCurrency                                                                     660     0(0.00%) |     90      11    1034     44 |   15.80        0.00
--------|----------------------------------------------------------------------------|-------|-------------|-------|-------|-------|-------|--------|-----------
         Aggregated                                                                      6381     0(0.00%) |    151       6    1395     85 |  146.50        0.00

Type     Name                                                                          # reqs      # fails |    Avg     Min     Max    Med |   req/s  failures/s
--------|----------------------------------------------------------------------------|-------|-------------|-------|-------|-------|-------|--------|-----------
GET      /                                                                                199     0(0.00%) |     81      10     936     29 |    5.30        0.00
GET      /cart                                                                            886     0(0.00%) |    158       6     992     92 |   19.80        0.00
POST     /cart [add]                                                                     1152     0(0.00%) |    177      10    1395    110 |   25.60        0.00
POST     /cart/checkout                                                                   412     0(0.00%) |    153      12     961     97 |    9.70        0.00
GET      /product/[id]                                                                   3373     0(0.00%) |    170       6    1221    110 |   81.90        0.00
POST     /setCurrency                                                                     704     0(0.00%) |     91      11    1034     45 |   17.00        0.00
--------|----------------------------------------------------------------------------|-------|-------------|-------|-------|-------|-------|--------|-----------
         Aggregated                                                                      6726     0(0.00%) |    158       6    1395     91 |  159.30        0.00

Type     Name                                                                          # reqs      # fails |    Avg     Min     Max    Med |   req/s  failures/s
--------|----------------------------------------------------------------------------|-------|-------------|-------|-------|-------|-------|--------|-----------
GET      /                                                                                211     0(0.00%) |     89      10     936     32 |    5.10        0.00
GET      /cart                                                                            926     0(0.00%) |    166       6     992    100 |   21.00        0.00
POST     /cart [add]                                                                     1190     0(0.00%) |    184      10    1395    120 |   26.20        0.00
POST     /cart/checkout                                                                   427     0(0.00%) |    157      12     961     97 |    9.70        0.00
GET      /product/[id]                                                                   3537     0(0.00%) |    178       6    1221    110 |   86.70        0.00
POST     /setCurrency                                                                     738     0(0.00%) |     97      11    1034     47 |   19.10        0.00
--------|----------------------------------------------------------------------------|-------|-------------|-------|-------|-------|-------|--------|-----------
         Aggregated                                                                      7029     0(0.00%) |    165       6    1395     96 |  167.80        0.00

Type     Name                                                                          # reqs      # fails |    Avg     Min     Max    Med |   req/s  failures/s
--------|----------------------------------------------------------------------------|-------|-------------|-------|-------|-------|-------|--------|-----------
GET      /                                                                                227     0(0.00%) |     89      10     936     32 |    5.70        0.00
GET      /cart                                                                            972     0(0.00%) |    172       6     992    110 |   21.90        0.00
POST     /cart [add]                                                                     1256     0(0.00%) |    200      10    1395    130 |   24.80        0.00
POST     /cart/checkout                                                                   445     0(0.00%) |    165      12     961     99 |    9.40        0.00
GET      /product/[id]                                                                   3695     0(0.00%) |    183       6    1221    120 |   84.40        0.00
POST     /setCurrency                                                                     768     0(0.00%) |     97      11    1034     47 |   19.30        0.00
--------|----------------------------------------------------------------------------|-------|-------------|-------|-------|-------|-------|--------|-----------
         Aggregated                                                                      7363     0(0.00%) |    172       6    1395    100 |  165.50        0.00

Type     Name                                                                          # reqs      # fails |    Avg     Min     Max    Med |   req/s  failures/s
--------|----------------------------------------------------------------------------|-------|-------------|-------|-------|-------|-------|--------|-----------
GET      /                                                                                239     0(0.00%) |     90      10     936     34 |    6.00        0.00
GET      /cart                                                                           1025     0(0.00%) |    177       6     992    110 |   21.40        0.00
POST     /cart [add]                                                                     1302     0(0.00%) |    205      10    1395    130 |   26.20        0.00
POST     /cart/checkout                                                                   461     0(0.00%) |    171      12     961     99 |    8.90        0.00
GET      /product/[id]                                                                   3873     0(0.00%) |    189       6    1221    120 |   84.50        0.00
POST     /setCurrency                                                                     805     0(0.00%) |     97      11    1034     48 |   18.30        0.00
--------|----------------------------------------------------------------------------|-------|-------------|-------|-------|-------|-------|--------|-----------
         Aggregated                                                                      7705     0(0.00%) |    177       6    1395    110 |  165.30        0.00

Type     Name                                                                          # reqs      # fails |    Avg     Min     Max    Med |   req/s  failures/s
--------|----------------------------------------------------------------------------|-------|-------------|-------|-------|-------|-------|--------|-----------
GET      /                                                                                245     0(0.00%) |     91      10     936     37 |    5.90        0.00
GET      /cart                                                                           1069     0(0.00%) |    183       6     992    120 |   23.60        0.00
POST     /cart [add]                                                                     1357     0(0.00%) |    210      10    1395    140 |   25.80        0.00
POST     /cart/checkout                                                                   482     0(0.00%) |    176      12     961    100 |    8.90        0.00
GET      /product/[id]                                                                   4052     0(0.00%) |    194       6    1221    130 |   83.80        0.00
POST     /setCurrency                                                                     847     0(0.00%) |     99      11    1034     50 |   18.90        0.00
--------|----------------------------------------------------------------------------|-------|-------------|-------|-------|-------|-------|--------|-----------
         Aggregated                                                                      8052     0(0.00%) |    181       6    1395    110 |  166.90        0.00

Type     Name                                                                          # reqs      # fails |    Avg     Min     Max    Med |   req/s  failures/s
--------|----------------------------------------------------------------------------|-------|-------------|-------|-------|-------|-------|--------|-----------
GET      /                                                                                251     0(0.00%) |     90      10     936     38 |    5.60        0.00
GET      /cart                                                                           1100     0(0.00%) |    188       6     992    120 |   23.00        0.00
POST     /cart [add]                                                                     1410     0(0.00%) |    213      10    1395    140 |   25.20        0.00
POST     /cart/checkout                                                                   503     0(0.00%) |    181      12     961    100 |    8.60        0.00
GET      /product/[id]                                                                   4249     0(0.00%) |    200       6    1221    140 |   85.90        0.00
POST     /setCurrency                                                                     878     0(0.00%) |     99      11    1034     51 |   18.90        0.00
--------|----------------------------------------------------------------------------|-------|-------------|-------|-------|-------|-------|--------|-----------
         Aggregated                                                                      8391     0(0.00%) |    186       6    1395    120 |  167.20        0.00

Type     Name                                                                          # reqs      # fails |    Avg     Min     Max    Med |   req/s  failures/s
--------|----------------------------------------------------------------------------|-------|-------------|-------|-------|-------|-------|--------|-----------
GET      /                                                                                263     0(0.00%) |     92      10     936     39 |    5.20        0.00
GET      /cart                                                                           1139     0(0.00%) |    191       6     992    130 |   21.40        0.00
POST     /cart [add]                                                                     1475     0(0.00%) |    220      10    1395    150 |   25.80        0.00
POST     /cart/checkout                                                                   523     0(0.00%) |    185      12     961    100 |    8.90        0.00
GET      /product/[id]                                                                   4426     0(0.00%) |    204       6    1221    140 |   87.80        0.00
POST     /setCurrency                                                                     910     0(0.00%) |    100      11    1034     52 |   17.50        0.00
--------|----------------------------------------------------------------------------|-------|-------------|-------|-------|-------|-------|--------|-----------
         Aggregated                                                                      8736     0(0.00%) |    190       6    1395    120 |  166.60        0.00

Type     Name                                                                          # reqs      # fails |    Avg     Min     Max    Med |   req/s  failures/s
--------|----------------------------------------------------------------------------|-------|-------------|-------|-------|-------|-------|--------|-----------
GET      /                                                                                269     0(0.00%) |     92      10     936     40 |    5.00        0.00
GET      /cart                                                                           1172     0(0.00%) |    196       6     992    130 |   21.30        0.00
POST     /cart [add]                                                                     1535     0(0.00%) |    224      10    1395    150 |   29.00        0.00
POST     /cart/checkout                                                                   549     0(0.00%) |    192      12     961    110 |    9.20        0.00
GET      /product/[id]                                                                   4603     0(0.00%) |    208       6    1221    140 |   88.80        0.00
POST     /setCurrency                                                                     944     0(0.00%) |    100      11    1034     55 |   16.70        0.00
--------|----------------------------------------------------------------------------|-------|-------------|-------|-------|-------|-------|--------|-----------
         Aggregated                                                                      9072     0(0.00%) |    194       6    1395    130 |  170.00        0.00

Type     Name                                                                          # reqs      # fails |    Avg     Min     Max    Med |   req/s  failures/s
--------|----------------------------------------------------------------------------|-------|-------------|-------|-------|-------|-------|--------|-----------
GET      /                                                                                277     0(0.00%) |     92      10     936     43 |    4.20        0.00
GET      /cart                                                                           1214     0(0.00%) |    199       6     992    130 |   20.40        0.00
POST     /cart [add]                                                                     1594     0(0.00%) |    229      10    1395    160 |   27.80        0.00
POST     /cart/checkout                                                                   564     0(0.00%) |    196      12     961    110 |   10.40        0.00
GET      /product/[id]                                                                   4790     0(0.00%) |    212       6    1221    150 |   90.00        0.00
POST     /setCurrency                                                                     977     0(0.00%) |    101      11    1034     55 |   18.00        0.00
--------|----------------------------------------------------------------------------|-------|-------------|-------|-------|-------|-------|--------|-----------
         Aggregated                                                                      9416     0(0.00%) |    197       6    1395    130 |  170.80        0.00

Type     Name                                                                          # reqs      # fails |    Avg     Min     Max    Med |   req/s  failures/s
--------|----------------------------------------------------------------------------|-------|-------------|-------|-------|-------|-------|--------|-----------
GET      /                                                                                289     0(0.00%) |     92      10     936     42 |    3.70        0.00
GET      /cart                                                                           1265     0(0.00%) |    204       6     992    140 |   18.70        0.00
POST     /cart [add]                                                                     1648     0(0.00%) |    234      10    1395    160 |   28.90        0.00
POST     /cart/checkout                                                                   590     0(0.00%) |    202      12     961    110 |   10.20        0.00
GET      /product/[id]                                                                   4947     0(0.00%) |    215       6    1221    150 |   91.60        0.00
POST     /setCurrency                                                                    1012     0(0.00%) |    100      11    1034     55 |   17.10        0.00
--------|----------------------------------------------------------------------------|-------|-------------|-------|-------|-------|-------|--------|-----------
         Aggregated                                                                      9751     0(0.00%) |    201       6    1395    130 |  170.20        0.00

Type     Name                                                                          # reqs      # fails |    Avg     Min     Max    Med |   req/s  failures/s
--------|----------------------------------------------------------------------------|-------|-------------|-------|-------|-------|-------|--------|-----------
GET      /                                                                                295     0(0.00%) |     91      10     936     41 |    4.20        0.00
GET      /cart                                                                           1326     0(0.00%) |    208       6     992    150 |   19.80        0.00
POST     /cart [add]                                                                     1705     0(0.00%) |    238      10    1395    170 |   29.50        0.00
POST     /cart/checkout                                                                   608     0(0.00%) |    206      12     961    110 |   10.80        0.00
GET      /product/[id]                                                                   5124     0(0.00%) |    218       6    1221    150 |   89.90        0.00
POST     /setCurrency                                                                    1047     0(0.00%) |    100      11    1034     57 |   16.60        0.00
--------|----------------------------------------------------------------------------|-------|-------------|-------|-------|-------|-------|--------|-----------
         Aggregated                                                                     10105     0(0.00%) |    204       6    1395    140 |  170.80        0.00

Type     Name                                                                          # reqs      # fails |    Avg     Min     Max    Med |   req/s  failures/s
--------|----------------------------------------------------------------------------|-------|-------------|-------|-------|-------|-------|--------|-----------
GET      /                                                                                303     0(0.00%) |     93      10     936     43 |    4.30        0.00
GET      /cart                                                                           1378     0(0.00%) |    211       6     992    150 |   22.60        0.00
POST     /cart [add]                                                                     1749     0(0.00%) |    241      10    1395    170 |   29.40        0.00
POST     /cart/checkout                                                                   626     0(0.00%) |    210      12     961    120 |   10.70        0.00
GET      /product/[id]                                                                   5321     0(0.00%) |    221       6    1221    150 |   86.70        0.00
POST     /setCurrency                                                                    1084     0(0.00%) |     99      11    1034     55 |   17.00        0.00
--------|----------------------------------------------------------------------------|-------|-------------|-------|-------|-------|-------|--------|-----------
         Aggregated                                                                     10461     0(0.00%) |    206       6    1395    140 |  170.70        0.00

Type     Name                                                                          # reqs      # fails |    Avg     Min     Max    Med |   req/s  failures/s
--------|----------------------------------------------------------------------------|-------|-------------|-------|-------|-------|-------|--------|-----------
GET      /                                                                                313     0(0.00%) |     92      10     936     43 |    4.10        0.00
GET      /cart                                                                           1416     0(0.00%) |    214       6     992    150 |   23.80        0.00
POST     /cart [add]                                                                     1806     0(0.00%) |    243      10    1395    170 |   27.10        0.00
POST     /cart/checkout                                                                   640     0(0.00%) |    212      12     961    120 |   10.50        0.00
GET      /product/[id]                                                                   5521     0(0.00%) |    223       6    1221    150 |   89.10        0.00
POST     /setCurrency                                                                    1111     0(0.00%) |    100      11    1034     57 |   17.90        0.00
--------|----------------------------------------------------------------------------|-------|-------------|-------|-------|-------|-------|--------|-----------
         Aggregated                                                                     10807     0(0.00%) |    208       6    1395    140 |  172.50        0.00

Type     Name                                                                          # reqs      # fails |    Avg     Min     Max    Med |   req/s  failures/s
--------|----------------------------------------------------------------------------|-------|-------------|-------|-------|-------|-------|--------|-----------
GET      /                                                                                316     0(0.00%) |     92      10     936     43 |    4.20        0.00
GET      /cart                                                                           1453     0(0.00%) |    215       6     992    150 |   24.30        0.00
POST     /cart [add]                                                                     1857     0(0.00%) |    244      10    1395    170 |   27.10        0.00
POST     /cart/checkout                                                                   653     0(0.00%) |    213      12     961    120 |    8.90        0.00
GET      /product/[id]                                                                   5728     0(0.00%) |    226       6    1221    160 |   92.60        0.00
POST     /setCurrency                                                                    1142     0(0.00%) |    100      11    1034     57 |   16.40        0.00
--------|----------------------------------------------------------------------------|-------|-------------|-------|-------|-------|-------|--------|-----------
         Aggregated                                                                     11149     0(0.00%) |    210       6    1395    140 |  173.50        0.00

Type     Name                                                                          # reqs      # fails |    Avg     Min     Max    Med |   req/s  failures/s
--------|----------------------------------------------------------------------------|-------|-------------|-------|-------|-------|-------|--------|-----------
GET      /                                                                                324     0(0.00%) |     92      10     936     43 |    4.00        0.00
GET      /cart                                                                           1495     0(0.00%) |    219       6     992    160 |   23.80        0.00
POST     /cart [add]                                                                     1920     0(0.00%) |    248      10    1395    170 |   26.00        0.00
POST     /cart/checkout                                                                   676     0(0.00%) |    218      12     961    130 |    9.00        0.00
GET      /product/[id]                                                                   5891     0(0.00%) |    229       6    1221    160 |   94.20        0.00
POST     /setCurrency                                                                    1174     0(0.00%) |    100      11    1034     57 |   16.40        0.00
--------|----------------------------------------------------------------------------|-------|-------------|-------|-------|-------|-------|--------|-----------
         Aggregated                                                                     11480     0(0.00%) |    213       6    1395    150 |  173.40        0.00

Type     Name                                                                          # reqs      # fails |    Avg     Min     Max    Med |   req/s  failures/s
--------|----------------------------------------------------------------------------|-------|-------------|-------|-------|-------|-------|--------|-----------
GET      /                                                                                335     0(0.00%) |     93      10     936     43 |    3.60        0.00
GET      /cart                                                                           1544     0(0.00%) |    222       6     992    160 |   23.00        0.00
POST     /cart [add]                                                                     1974     0(0.00%) |    250      10    1395    180 |   26.70        0.00
POST     /cart/checkout                                                                   695     0(0.00%) |    221      12     961    130 |    8.70        0.00
GET      /product/[id]                                                                   6053     0(0.00%) |    232       6    1221    160 |   94.00        0.00
POST     /setCurrency                                                                    1212     0(0.00%) |    102      11    1034     58 |   16.40        0.00
--------|----------------------------------------------------------------------------|-------|-------------|-------|-------|-------|-------|--------|-----------
         Aggregated                                                                     11813     0(0.00%) |    216       6    1395    150 |  172.40        0.00

Type     Name                                                                          # reqs      # fails |    Avg     Min     Max    Med |   req/s  failures/s
--------|----------------------------------------------------------------------------|-------|-------------|-------|-------|-------|-------|--------|-----------
GET      /                                                                                349     0(0.00%) |     92      10     936     46 |    4.00        0.00
GET      /cart                                                                           1592     0(0.00%) |    224       6     992    160 |   22.00        0.00
POST     /cart [add]                                                                     2030     0(0.00%) |    252      10    1395    180 |   26.90        0.00
POST     /cart/checkout                                                                   714     0(0.00%) |    224      12     961    130 |    8.50        0.00
GET      /product/[id]                                                                   6233     0(0.00%) |    234       6    1221    160 |   93.50        0.00
POST     /setCurrency                                                                    1251     0(0.00%) |    102      11    1034     58 |   16.40        0.00
--------|----------------------------------------------------------------------------|-------|-------------|-------|-------|-------|-------|--------|-----------
         Aggregated                                                                     12169     0(0.00%) |    217       6    1395    150 |  171.30        0.00

Type     Name                                                                          # reqs      # fails |    Avg     Min     Max    Med |   req/s  failures/s
--------|----------------------------------------------------------------------------|-------|-------------|-------|-------|-------|-------|--------|-----------
GET      /                                                                                362     0(0.00%) |     95      10     936     47 |    4.60        0.00
GET      /cart                                                                           1643     0(0.00%) |    228       6     992    160 |   21.10        0.00
POST     /cart [add]                                                                     2094     0(0.00%) |    255      10    1395    180 |   28.40        0.00
POST     /cart/checkout                                                                   735     0(0.00%) |    226      12     961    160 |    9.00        0.00
GET      /product/[id]                                                                   6403     0(0.00%) |    236       6    1221    160 |   91.10        0.00
POST     /setCurrency                                                                    1278     0(0.00%) |    103      11    1034     59 |   16.60        0.00
--------|----------------------------------------------------------------------------|-------|-------------|-------|-------|-------|-------|--------|-----------
         Aggregated                                                                     12515     0(0.00%) |    220       6    1395    150 |  170.80        0.00

Type     Name                                                                          # reqs      # fails |    Avg     Min     Max    Med |   req/s  failures/s
--------|----------------------------------------------------------------------------|-------|-------------|-------|-------|-------|-------|--------|-----------
GET      /                                                                                371     0(0.00%) |     96      10     936     49 |    5.00        0.00
GET      /cart                                                                           1691     0(0.00%) |    229       6     992    160 |   22.60        0.00
POST     /cart [add]                                                                     2155     0(0.00%) |    257      10    1395    190 |   28.80        0.00
POST     /cart/checkout                                                                   759     0(0.00%) |    228      12     961    150 |    9.50        0.00
GET      /product/[id]                                                                   6561     0(0.00%) |    237       6    1221    160 |   87.20        0.00
POST     /setCurrency                                                                    1321     0(0.00%) |    104      11    1034     63 |   16.20        0.00
--------|----------------------------------------------------------------------------|-------|-------------|-------|-------|-------|-------|--------|-----------
         Aggregated                                                                     12858     0(0.00%) |    221       6    1395    150 |  169.30        0.00

Type     Name                                                                          # reqs      # fails |    Avg     Min     Max    Med |   req/s  failures/s
--------|----------------------------------------------------------------------------|-------|-------------|-------|-------|-------|-------|--------|-----------
GET      /                                                                                377     0(0.00%) |     94      10     936     47 |    5.30        0.00
GET      /cart                                                                           1727     0(0.00%) |    230       6     992    160 |   23.70        0.00
POST     /cart [add]                                                                     2205     0(0.00%) |    259      10    1395    190 |   29.90        0.00
POST     /cart/checkout                                                                   779     0(0.00%) |    230      12     961    160 |   10.60        0.00
GET      /product/[id]                                                                   6728     0(0.00%) |    239       6    1221    160 |   82.60        0.00
POST     /setCurrency                                                                    1361     0(0.00%) |    105      11    1034     64 |   17.80        0.00
--------|----------------------------------------------------------------------------|-------|-------------|-------|-------|-------|-------|--------|-----------
         Aggregated                                                                     13177     0(0.00%) |    223       6    1395    150 |  169.90        0.00

Type     Name                                                                          # reqs      # fails |    Avg     Min     Max    Med |   req/s  failures/s
--------|----------------------------------------------------------------------------|-------|-------------|-------|-------|-------|-------|--------|-----------
GET      /                                                                                385     0(0.00%) |    104      10    1386     49 |    5.40        0.00
GET      /cart                                                                           1759     0(0.00%) |    239       6    1379    170 |   23.40        0.00
POST     /cart [add]                                                                     2236     0(0.00%) |    266      10    1552    190 |   29.00        0.00
POST     /cart/checkout                                                                   790     0(0.00%) |    237      12    1568    170 |   10.30        0.00
GET      /product/[id]                                                                   6840     0(0.00%) |    245       6    1383    170 |   83.90        0.00
POST     /setCurrency                                                                    1380     0(0.00%) |    110      11    1353     65 |   18.70        0.00
--------|----------------------------------------------------------------------------|-------|-------------|-------|-------|-------|-------|--------|-----------
         Aggregated                                                                     13390     0(0.00%) |    229       6    1568    150 |  170.70        0.00

Type     Name                                                                          # reqs      # fails |    Avg     Min     Max    Med |   req/s  failures/s
--------|----------------------------------------------------------------------------|-------|-------------|-------|-------|-------|-------|--------|-----------
GET      /                                                                                393     0(0.00%) |    111      10    1386     49 |    5.10        0.00
GET      /cart                                                                           1788     0(0.00%) |    243       6    1379    170 |   21.60        0.00
POST     /cart [add]                                                                     2260     0(0.00%) |    269      10    1552    190 |   26.20        0.00
POST     /cart/checkout                                                                   800     0(0.00%) |    238      12    1568    170 |    9.40        0.00
GET      /product/[id]                                                                   6951     0(0.00%) |    251       6    1383    170 |   78.70        0.00
POST     /setCurrency                                                                    1413     0(0.00%) |    122      11    1353     68 |   17.00        0.00
--------|----------------------------------------------------------------------------|-------|-------------|-------|-------|-------|-------|--------|-----------
         Aggregated                                                                     13605     0(0.00%) |    235       6    1568    160 |  158.00        0.00

Type     Name                                                                          # reqs      # fails |    Avg     Min     Max    Med |   req/s  failures/s
--------|----------------------------------------------------------------------------|-------|-------------|-------|-------|-------|-------|--------|-----------
GET      /                                                                                400     0(0.00%) |    110      10    1386     49 |    4.50        0.00
GET      /cart                                                                           1819     0(0.00%) |    245       6    1379    170 |   20.00        0.00
POST     /cart [add]                                                                     2321     0(0.00%) |    278      10    1643    190 |   23.10        0.00
POST     /cart/checkout                                                                   827     0(0.00%) |    244      12    1568    180 |    8.60        0.00
GET      /product/[id]                                                                   7127     0(0.00%) |    254       6    1383    170 |   70.60        0.00
POST     /setCurrency                                                                    1441     0(0.00%) |    122      11    1353     68 |   16.40        0.00
--------|----------------------------------------------------------------------------|-------|-------------|-------|-------|-------|-------|--------|-----------
         Aggregated                                                                     13935     0(0.00%) |    238       6    1643    160 |  143.20        0.00

Type     Name                                                                          # reqs      # fails |    Avg     Min     Max    Med |   req/s  failures/s
--------|----------------------------------------------------------------------------|-------|-------------|-------|-------|-------|-------|--------|-----------
GET      /                                                                                405     0(0.00%) |    110      10    1386     49 |    3.80        0.00
GET      /cart                                                                           1866     0(0.00%) |    248       6    1379    170 |   17.60        0.00
POST     /cart [add]                                                                     2377     0(0.00%) |    280      10    1643    200 |   22.80        0.00
POST     /cart/checkout                                                                   848     0(0.00%) |    245      12    1568    180 |    9.10        0.00
GET      /product/[id]                                                                   7289     0(0.00%) |    256       6    1383    170 |   72.30        0.00
POST     /setCurrency                                                                    1475     0(0.00%) |    122      11    1353     71 |   16.80        0.00
--------|----------------------------------------------------------------------------|-------|-------------|-------|-------|-------|-------|--------|-----------
         Aggregated                                                                     14260     0(0.00%) |    240       6    1643    160 |  142.40        0.00

Type     Name                                                                          # reqs      # fails |    Avg     Min     Max    Med |   req/s  failures/s
--------|----------------------------------------------------------------------------|-------|-------------|-------|-------|-------|-------|--------|-----------
GET      /                                                                                416     0(0.00%) |    110      10    1386     49 |    3.50        0.00
GET      /cart                                                                           1909     0(0.00%) |    249       6    1379    170 |   17.40        0.00
POST     /cart [add]                                                                     2433     0(0.00%) |    281      10    1643    200 |   22.20        0.00
POST     /cart/checkout                                                                   871     0(0.00%) |    247      12    1568    180 |    8.80        0.00
GET      /product/[id]                                                                   7457     0(0.00%) |    258       6    1383    170 |   72.90        0.00
POST     /setCurrency                                                                    1509     0(0.00%) |    122      11    1353     71 |   15.60        0.00
--------|----------------------------------------------------------------------------|-------|-------------|-------|-------|-------|-------|--------|-----------
         Aggregated                                                                     14595     0(0.00%) |    242       6    1643    160 |  140.40        0.00

Type     Name                                                                          # reqs      # fails |    Avg     Min     Max    Med |   req/s  failures/s
--------|----------------------------------------------------------------------------|-------|-------------|-------|-------|-------|-------|--------|-----------
GET      /                                                                                421     0(0.00%) |    111      10    1386     50 |    3.70        0.00
GET      /cart                                                                           1947     0(0.00%) |    250       6    1379    170 |   17.50        0.00
POST     /cart [add]                                                                     2492     0(0.00%) |    283      10    1643    200 |   22.20        0.00
POST     /cart/checkout                                                                   901     0(0.00%) |    250      12    1568    190 |    9.00        0.00
GET      /product/[id]                                                                   7630     0(0.00%) |    259       6    1383    170 |   72.80        0.00
POST     /setCurrency                                                                    1538     0(0.00%) |    122      11    1353     71 |   14.60        0.00
--------|----------------------------------------------------------------------------|-------|-------------|-------|-------|-------|-------|--------|-----------
         Aggregated                                                                     14929     0(0.00%) |    243       6    1643    160 |  139.80        0.00

Type     Name                                                                          # reqs      # fails |    Avg     Min     Max    Med |   req/s  failures/s
--------|----------------------------------------------------------------------------|-------|-------------|-------|-------|-------|-------|--------|-----------
GET      /                                                                                429     0(0.00%) |    111      10    1386     52 |    3.50        0.00
GET      /cart                                                                           1989     0(0.00%) |    252       6    1379    170 |   18.50        0.00
POST     /cart [add]                                                                     2536     0(0.00%) |    284      10    1643    200 |   25.60        0.00
POST     /cart/checkout                                                                   919     0(0.00%) |    252      12    1568    190 |   10.70        0.00
GET      /product/[id]                                                                   7807     0(0.00%) |    261       6    1383    180 |   78.10        0.00
POST     /setCurrency                                                                    1574     0(0.00%) |    122      11    1353     72 |   15.70        0.00
--------|----------------------------------------------------------------------------|-------|-------------|-------|-------|-------|-------|--------|-----------
         Aggregated                                                                     15254     0(0.00%) |    245       6    1643    160 |  152.10        0.00

Type     Name                                                                          # reqs      # fails |    Avg     Min     Max    Med |   req/s  failures/s
--------|----------------------------------------------------------------------------|-------|-------------|-------|-------|-------|-------|--------|-----------
GET      /                                                                                440     0(0.00%) |    112      10    1386     56 |    3.60        0.00
GET      /cart                                                                           2028     0(0.00%) |    253       6    1379    180 |   20.00        0.00
POST     /cart [add]                                                                     2599     0(0.00%) |    285      10    1643    200 |   26.80        0.00
POST     /cart/checkout                                                                   945     0(0.00%) |    253      12    1568    190 |   11.70        0.00
GET      /product/[id]                                                                   7984     0(0.00%) |    262       6    1383    180 |   86.80        0.00
POST     /setCurrency                                                                    1618     0(0.00%) |    121      11    1353     73 |   15.80        0.00
--------|----------------------------------------------------------------------------|-------|-------------|-------|-------|-------|-------|--------|-----------
         Aggregated                                                                     15614     0(0.00%) |    245       6    1643    170 |  164.70        0.00

Type     Name                                                                          # reqs      # fails |    Avg     Min     Max    Med |   req/s  failures/s
--------|----------------------------------------------------------------------------|-------|-------------|-------|-------|-------|-------|--------|-----------
GET      /                                                                                452     0(0.00%) |    111      10    1386     56 |    4.10        0.00
GET      /cart                                                                           2071     0(0.00%) |    254       6    1379    180 |   21.10        0.00
POST     /cart [add]                                                                     2646     0(0.00%) |    286      10    1643    200 |   26.90        0.00
POST     /cart/checkout                                                                   965     0(0.00%) |    254      12    1568    190 |   12.00        0.00
GET      /product/[id]                                                                   8173     0(0.00%) |    263       6    1383    180 |   86.00        0.00
POST     /setCurrency                                                                    1650     0(0.00%) |    120      11    1353     72 |   17.60        0.00
--------|----------------------------------------------------------------------------|-------|-------------|-------|-------|-------|-------|--------|-----------
         Aggregated                                                                     15957     0(0.00%) |    246       6    1643    170 |  167.70        0.00

Type     Name                                                                          # reqs      # fails |    Avg     Min     Max    Med |   req/s  failures/s
--------|----------------------------------------------------------------------------|-------|-------------|-------|-------|-------|-------|--------|-----------
GET      /                                                                                474     0(0.00%) |    115      10    1386     60 |    4.80        0.00
GET      /cart                                                                           2109     0(0.00%) |    255       6    1379    180 |   20.80        0.00
POST     /cart [add]                                                                     2702     0(0.00%) |    287      10    1643    200 |   26.50        0.00
POST     /cart/checkout                                                                   989     0(0.00%) |    257      12    1568    190 |   11.50        0.00
GET      /product/[id]                                                                   8338     0(0.00%) |    264       6    1383    180 |   88.20        0.00
POST     /setCurrency                                                                    1687     0(0.00%) |    121      11    1353     74 |   17.60        0.00
--------|----------------------------------------------------------------------------|-------|-------------|-------|-------|-------|-------|--------|-----------
         Aggregated                                                                     16299     0(0.00%) |    247       6    1643    170 |  169.40        0.00

Type     Name                                                                          # reqs      # fails |    Avg     Min     Max    Med |   req/s  failures/s
--------|----------------------------------------------------------------------------|-------|-------------|-------|-------|-------|-------|--------|-----------
GET      /                                                                                482     0(0.00%) |    115      10    1386     61 |    6.00        0.00
GET      /cart                                                                           2158     0(0.00%) |    257       6    1379    180 |   20.10        0.00
POST     /cart [add]                                                                     2750     0(0.00%) |    288      10    1643    210 |   27.00        0.00
POST     /cart/checkout                                                                  1003     0(0.00%) |    257      12    1568    190 |   11.90        0.00
GET      /product/[id]                                                                   8534     0(0.00%) |    265       6    1383    180 |   87.30        0.00
POST     /setCurrency                                                                    1715     0(0.00%) |    120      11    1353     73 |   17.80        0.00
--------|----------------------------------------------------------------------------|-------|-------------|-------|-------|-------|-------|--------|-----------
         Aggregated                                                                     16642     0(0.00%) |    248       6    1643    170 |  170.10        0.00

Type     Name                                                                          # reqs      # fails |    Avg     Min     Max    Med |   req/s  failures/s
--------|----------------------------------------------------------------------------|-------|-------------|-------|-------|-------|-------|--------|-----------
GET      /                                                                                491     0(0.00%) |    114      10    1386     63 |    6.20        0.00
GET      /cart                                                                           2204     0(0.00%) |    259       6    1379    180 |   20.90        0.00
POST     /cart [add]                                                                     2799     0(0.00%) |    288      10    1643    210 |   25.70        0.00
POST     /cart/checkout                                                                  1021     0(0.00%) |    257      12    1568    190 |   10.90        0.00
GET      /product/[id]                                                                   8714     0(0.00%) |    266       6    1383    180 |   90.10        0.00
POST     /setCurrency                                                                    1754     0(0.00%) |    120      11    1353     73 |   17.60        0.00
--------|----------------------------------------------------------------------------|-------|-------------|-------|-------|-------|-------|--------|-----------
         Aggregated                                                                     16983     0(0.00%) |    249       6    1643    170 |  171.40        0.00

Type     Name                                                                          # reqs      # fails |    Avg     Min     Max    Med |   req/s  failures/s
--------|----------------------------------------------------------------------------|-------|-------------|-------|-------|-------|-------|--------|-----------
GET      /                                                                                500     0(0.00%) |    116      10    1386     64 |    6.00        0.00
GET      /cart                                                                           2239     0(0.00%) |    261       6    1379    180 |   21.10        0.00
POST     /cart [add]                                                                     2849     0(0.00%) |    291      10    1643    210 |   26.90        0.00
POST     /cart/checkout                                                                  1034     0(0.00%) |    259      12    1568    190 |   10.00        0.00
GET      /product/[id]                                                                   8860     0(0.00%) |    268       6    1383    180 |   90.10        0.00
POST     /setCurrency                                                                    1785     0(0.00%) |    122      11    1353     74 |   17.90        0.00
--------|----------------------------------------------------------------------------|-------|-------------|-------|-------|-------|-------|--------|-----------
         Aggregated                                                                     17267     0(0.00%) |    251       6    1643    170 |  172.00        0.00

Type     Name                                                                          # reqs      # fails |    Avg     Min     Max    Med |   req/s  failures/s
--------|----------------------------------------------------------------------------|-------|-------------|-------|-------|-------|-------|--------|-----------
GET      /                                                                                510     0(0.00%) |    115      10    1386     62 |    4.26        0.00
GET      /cart                                                                           2272     0(0.00%) |    261       6    1379    180 |   18.96        0.00
POST     /cart [add]                                                                     2900     0(0.00%) |    293      10    1643    210 |   24.20        0.00
POST     /cart/checkout                                                                  1061     0(0.00%) |    261      12    1568    190 |    8.86        0.00
GET      /product/[id]                                                                   9006     0(0.00%) |    269       6    1383    180 |   75.16        0.00
POST     /setCurrency                                                                    1815     0(0.00%) |    120      11    1353     72 |   15.15        0.00
--------|----------------------------------------------------------------------------|-------|-------------|-------|-------|-------|-------|--------|-----------
         Aggregated                                                                     17564     0(0.00%) |    252       6    1643    170 |  146.59        0.00

Response time percentiles (approximated)
Type     Name                                                                                  50%    66%    75%    80%    90%    95%    98%    99%  99.9% 99.99%   100% # reqs
--------|--------------------------------------------------------------------------------|--------|------|------|------|------|------|------|------|------|------|------|------
GET      /                                                                                      63    110    160    180    250    380    630    890   1400   1400   1400    510
GET      /cart                                                                                 180    380    440    470    520    580    680    930   1300   1400   1400   2272
POST     /cart [add]                                                                           210    410    470    500    550    610    950   1200   1500   1600   1600   2900
POST     /cart/checkout                                                                        190    390    480    490    510    590    600    800   1500   1600   1600   1061
GET      /product/[id]                                                                         180    410    460    480    530    580    700    930   1300   1400   1400   9006
POST     /setCurrency                                                                           72    120    160    180    260    360    670    840   1200   1400   1400   1815
--------|--------------------------------------------------------------------------------|--------|------|------|------|------|------|------|------|------|------|------|------
         Aggregated                                                                            170    340    440    470    530    580    750    970   1400   1600   1600  17564

